[spectral-pn] case: L=1.5 um, Nk=20, L_max=8, run=20260908_030614
[spectral-pn] window t_end=9.432e-09 s (1398.9 tau_ref), gamma_dom=7.4216e+08 Hz
[spectral-pn] window mode=n_decay rule=n_decay (t_1% at 0.01*A0: nan s; n_dec=7/gamma_dom: 9.4319e-09 s)
  epoch      0  residual 1.246e-01
  epoch    250  residual 3.268e-04
  epoch    500  residual 1.177e-04
  epoch    750  residual 6.712e-05
  epoch   1000  residual 4.323e-05
  epoch   1250  residual 1.231e-04
  epoch   1500  residual 2.671e-05
  epoch   1750  residual 1.668e-05
  epoch   2000  residual 1.343e-05
  epoch   2250  residual 1.773e-05
  epoch   2500  residual 9.386e-06
  epoch   2750  residual 7.662e-06
  epoch   3000  residual 3.057e-05
  epoch   3250  residual 5.686e-06
  epoch   3500  residual 7.143e-06
  epoch   3750  residual 4.420e-06
  epoch   4000  residual 1.025e-05
  epoch   4250  residual 3.602e-06
  epoch   4500  residual 3.265e-06
  epoch   4750  residual 2.968e-06
  epoch   5000  residual 3.465e-06
  epoch   5250  residual 2.676e-06
  epoch   5500  residual 2.426e-06
  epoch   5750  residual 2.186e-06
  epoch   6000  residual 2.308e-06
  epoch   6250  residual 2.480e-06
  epoch   6500  residual 7.849e-06
  epoch   6750  residual 1.646e-06
  epoch   7000  residual 1.101e-05
  epoch   7250  residual 1.494e-06
  epoch   7500  residual 1.237e-05
  epoch   7750  residual 1.332e-06
  epoch   8000  residual 1.252e-06
  epoch   8250  residual 1.747e-06
  epoch   8500  residual 1.244e-06
  epoch   8750  residual 2.310e-06
  epoch   9000  residual 2.389e-06
  epoch   9250  residual 9.712e-07
  epoch   9500  residual 1.369e-06
  epoch   9750  residual 9.771e-07
  epoch  10000  residual 5.794e-06
  epoch  10250  residual 2.472e-06
  epoch  10500  residual 8.908e-06
  epoch  10750  residual 2.439e-06
  epoch  11000  residual 3.012e-06
  epoch  11250  residual 8.762e-07
  epoch  11500  residual 6.665e-07
  epoch  11750  residual 8.075e-07
  epoch  12000  residual 6.734e-07
  epoch  12250  residual 5.646e-07
  epoch  12500  residual 6.814e-07
  epoch  12750  residual 6.351e-06
  epoch  13000  residual 5.096e-07
  epoch  13250  residual 5.279e-07
  epoch  13500  residual 8.222e-07
  epoch  13750  residual 6.867e-07
  epoch  14000  residual 1.006e-06
  epoch  14250  residual 6.144e-07
  epoch  14500  residual 6.056e-07
  epoch  14750  residual 4.089e-07
  epoch  15000  residual 6.236e-07
  epoch  15250  residual 1.016e-06
  epoch  15500  residual 5.942e-07
  epoch  15750  residual 3.881e-07
  epoch  16000  residual 1.007e-06
  epoch  16250  residual 1.679e-06
  epoch  16500  residual 3.602e-07
  epoch  16750  residual 1.281e-06
  epoch  17000  residual 8.575e-07
  epoch  17250  residual 2.418e-06
  epoch  17500  residual 4.029e-07
  epoch  17750  residual 3.053e-07
  epoch  18000  residual 4.041e-07
  epoch  18250  residual 6.854e-07
  epoch  18500  residual 4.185e-07
  epoch  18750  residual 1.012e-06
  epoch  19000  residual 2.014e-06
  epoch  19250  residual 2.428e-06
  epoch  19500  residual 2.868e-07
  epoch  19750  residual 2.612e-07
  epoch  20000  residual 2.539e-07
  epoch  20250  residual 4.847e-07
  epoch  20500  residual 2.975e-07
  epoch  20750  residual 2.498e-07
  epoch  21000  residual 3.103e-07
  epoch  21250  residual 3.233e-07
  epoch  21500  residual 2.199e-07
  epoch  21750  residual 2.251e-07
  epoch  22000  residual 2.550e-07
  epoch  22250  residual 2.211e-06
  epoch  22500  residual 2.994e-07
  epoch  22750  residual 3.703e-07
  epoch  23000  residual 3.030e-07
  epoch  23250  residual 1.868e-07
  epoch  23500  residual 2.000e-07
  epoch  23750  residual 1.954e-07
  epoch  24000  residual 3.161e-07
  epoch  24250  residual 2.267e-07
  epoch  24500  residual 5.517e-07
  epoch  24750  residual 2.206e-07
  epoch  25000  residual 6.163e-07
  epoch  25250  residual 2.344e-07
  epoch  25500  residual 1.602e-07
  epoch  25750  residual 1.895e-07
  epoch  26000  residual 1.973e-07
  epoch  26250  residual 3.881e-07
  epoch  26500  residual 2.479e-07
  epoch  26750  residual 2.076e-07
  epoch  27000  residual 4.887e-07
  epoch  27250  residual 2.010e-07
  epoch  27500  residual 1.571e-07
  epoch  27750  residual 1.323e-07
  epoch  28000  residual 2.027e-07
  epoch  28250  residual 1.489e-07
  epoch  28500  residual 4.520e-07
  epoch  28750  residual 8.349e-07
  epoch  29000  residual 1.702e-07
  epoch  29250  residual 9.807e-07
  epoch  29500  residual 1.772e-07
  epoch  29750  residual 3.947e-07
  epoch  30000  residual 1.322e-07
  epoch  30250  residual 1.857e-07
  epoch  30500  residual 1.158e-07
  epoch  30750  residual 4.110e-07
  epoch  31000  residual 2.152e-07
  epoch  31250  residual 2.804e-07
  epoch  31500  residual 4.250e-07
  epoch  31750  residual 1.067e-07
  epoch  32000  residual 1.253e-07
  epoch  32250  residual 1.504e-07
  epoch  32500  residual 2.486e-07
  epoch  32750  residual 3.171e-07
  epoch  33000  residual 2.231e-07
  epoch  33250  residual 5.710e-07
  epoch  33500  residual 1.955e-07
  epoch  33750  residual 7.969e-07
  epoch  34000  residual 3.114e-07
  epoch  34250  residual 2.439e-07
  epoch  34500  residual 4.021e-07
  epoch  34750  residual 2.229e-07
  epoch  35000  residual 1.053e-07
  epoch  35250  residual 9.715e-08
  epoch  35500  residual 1.021e-07
  epoch  35750  residual 1.243e-07
  epoch  36000  residual 8.594e-08
  epoch  36250  residual 9.831e-08
  epoch  36500  residual 2.540e-07
  epoch  36750  residual 1.152e-07
  epoch  37000  residual 9.943e-08
  epoch  37250  residual 2.598e-07
  epoch  37500  residual 6.099e-07
  epoch  37750  residual 1.120e-07
  epoch  38000  residual 1.139e-07
  epoch  38250  residual 9.948e-08
  epoch  38500  residual 9.393e-08
  epoch  38750  residual 9.410e-08
  epoch  39000  residual 1.928e-07
  epoch  39250  residual 1.113e-07
  epoch  39500  residual 9.779e-08
  epoch  39750  residual 1.252e-07
  epoch  40000  residual 1.471e-07
  epoch  40250  residual 7.670e-08
  epoch  40500  residual 8.693e-08
  epoch  40750  residual 7.557e-08
  epoch  41000  residual 5.061e-07
  epoch  41250  residual 1.308e-07
  epoch  41500  residual 1.846e-07
  epoch  41750  residual 2.073e-07
  epoch  42000  residual 1.324e-07
  epoch  42250  residual 8.290e-08
  epoch  42500  residual 7.149e-08
  epoch  42750  residual 8.596e-08
  epoch  43000  residual 9.097e-08
  epoch  43250  residual 1.016e-07
  epoch  43500  residual 1.485e-07
  epoch  43750  residual 1.185e-07
  epoch  44000  residual 9.276e-08
  epoch  44250  residual 1.439e-07
  epoch  44500  residual 1.235e-07
  epoch  44750  residual 6.323e-08
  epoch  45000  residual 6.425e-08
  epoch  45250  residual 6.225e-08
  epoch  45500  residual 7.468e-08
  epoch  45750  residual 9.258e-08
  epoch  46000  residual 6.242e-08
  epoch  46250  residual 6.185e-08
  epoch  46500  residual 7.988e-08
  epoch  46750  residual 1.076e-07
  epoch  47000  residual 9.116e-08
  epoch  47250  residual 6.273e-08
  epoch  47500  residual 6.477e-08
  epoch  47750  residual 1.081e-07
  epoch  48000  residual 5.784e-08
  epoch  48250  residual 7.401e-08
  epoch  48500  residual 9.322e-08
  epoch  48750  residual 5.818e-08
  epoch  49000  residual 5.611e-08
  epoch  49250  residual 7.189e-08
  epoch  49500  residual 7.841e-08
  epoch  49750  residual 6.067e-08
  epoch  50000  residual 5.856e-08
  epoch  50250  residual 5.670e-08
  epoch  50500  residual 5.538e-08
  epoch  50750  residual 5.433e-08
  epoch  51000  residual 6.594e-08
  epoch  51250  residual 5.995e-08
  epoch  51500  residual 6.672e-08
  epoch  51750  residual 6.767e-08
  epoch  52000  residual 6.037e-08
  epoch  52250  residual 5.258e-08
  epoch  52500  residual 6.013e-08
  epoch  52750  residual 6.068e-08
  epoch  53000  residual 5.323e-08
  epoch  53250  residual 5.322e-08
  epoch  53500  residual 5.173e-08
  epoch  53750  residual 5.124e-08
  epoch  54000  residual 5.661e-08
  epoch  54250  residual 5.109e-08
  epoch  54500  residual 5.123e-08
  epoch  54750  residual 5.737e-08
  epoch  55000  residual 5.116e-08
  epoch  55250  residual 4.994e-08
  epoch  55500  residual 4.975e-08
  epoch  55750  residual 4.946e-08
  epoch  56000  residual 5.012e-08
  epoch  56250  residual 5.332e-08
  epoch  56500  residual 4.996e-08
  epoch  56750  residual 4.880e-08
  epoch  57000  residual 4.929e-08
  epoch  57250  residual 4.842e-08
  epoch  57500  residual 4.893e-08
  epoch  57750  residual 5.185e-08
  epoch  58000  residual 4.984e-08
  epoch  58250  residual 4.798e-08
  epoch  58500  residual 4.763e-08
  epoch  58750  residual 4.812e-08
  epoch  59000  residual 4.842e-08
  epoch  59250  residual 4.702e-08
  epoch  59500  residual 5.725e-08
  epoch  59750  residual 5.148e-08
  epoch  59999  residual 4.743e-08
  [gamma] epoch      0  gamma_ratio 3.5314  residual 1.246e-01
  [gamma] epoch    250  gamma_ratio 1.1285  residual 3.268e-04
  [gamma] epoch    500  gamma_ratio 0.9931  residual 1.177e-04
  [gamma] epoch    750  gamma_ratio 0.9800  residual 6.712e-05
  [gamma] epoch   1000  gamma_ratio 0.9778  residual 4.323e-05
  [gamma] epoch   1250  gamma_ratio 0.9702  residual 1.231e-04
  [gamma] epoch   1500  gamma_ratio 0.9713  residual 2.671e-05
  [gamma] epoch   1750  gamma_ratio 0.9671  residual 1.668e-05
  [gamma] epoch   2000  gamma_ratio 0.9668  residual 1.343e-05
  [gamma] epoch   2250  gamma_ratio 0.9697  residual 1.773e-05
  [gamma] epoch   2500  gamma_ratio 0.9700  residual 9.386e-06
  [gamma] epoch   2750  gamma_ratio 0.9720  residual 7.662e-06
  [gamma] epoch   3000  gamma_ratio 0.9759  residual 3.057e-05
  [gamma] epoch   3250  gamma_ratio 0.9777  residual 5.686e-06
  [gamma] epoch   3500  gamma_ratio 0.9800  residual 7.143e-06
  [gamma] epoch   3750  gamma_ratio 0.9822  residual 4.420e-06
  [gamma] epoch   4000  gamma_ratio 0.9844  residual 1.025e-05
  [gamma] epoch   4250  gamma_ratio 0.9856  residual 3.602e-06
  [gamma] epoch   4500  gamma_ratio 0.9871  residual 3.265e-06
  [gamma] epoch   4750  gamma_ratio 0.9896  residual 2.968e-06
  [gamma] epoch   5000  gamma_ratio 0.9905  residual 3.465e-06
  [gamma] epoch   5250  gamma_ratio 0.9910  residual 2.676e-06
  [gamma] epoch   5500  gamma_ratio 0.9920  residual 2.426e-06
  [gamma] epoch   5750  gamma_ratio 0.9930  residual 2.186e-06
  [gamma] epoch   6000  gamma_ratio 0.9940  residual 2.308e-06
  [gamma] epoch   6250  gamma_ratio 0.9963  residual 2.480e-06
  [gamma] epoch   6500  gamma_ratio 0.9958  residual 7.849e-06
  [gamma] epoch   6750  gamma_ratio 0.9960  residual 1.646e-06
  [gamma] epoch   7000  gamma_ratio 0.9995  residual 1.101e-05
  [gamma] epoch   7250  gamma_ratio 0.9970  residual 1.494e-06
  [gamma] epoch   7500  gamma_ratio 0.9904  residual 1.237e-05
  [gamma] epoch   7750  gamma_ratio 0.9976  residual 1.332e-06
  [gamma] epoch   8000  gamma_ratio 0.9980  residual 1.252e-06
  [gamma] epoch   8250  gamma_ratio 0.9998  residual 1.747e-06
  [gamma] epoch   8500  gamma_ratio 0.9970  residual 1.244e-06
  [gamma] epoch   8750  gamma_ratio 0.9984  residual 2.310e-06
  [gamma] epoch   9000  gamma_ratio 1.0034  residual 2.389e-06
  [gamma] epoch   9250  gamma_ratio 0.9984  residual 9.712e-07
  [gamma] epoch   9500  gamma_ratio 0.9985  residual 1.369e-06
  [gamma] epoch   9750  gamma_ratio 0.9983  residual 9.771e-07
  [gamma] epoch  10000  gamma_ratio 0.9986  residual 5.794e-06
  [gamma] epoch  10250  gamma_ratio 0.9997  residual 2.472e-06
  [gamma] epoch  10500  gamma_ratio 0.9891  residual 8.908e-06
  [gamma] epoch  10750  gamma_ratio 0.9982  residual 2.439e-06
  [gamma] epoch  11000  gamma_ratio 0.9975  residual 3.012e-06
  [gamma] epoch  11250  gamma_ratio 0.9968  residual 8.762e-07
  [gamma] epoch  11500  gamma_ratio 0.9983  residual 6.665e-07
  [gamma] epoch  11750  gamma_ratio 0.9987  residual 8.075e-07
  [gamma] epoch  12000  gamma_ratio 1.0000  residual 6.734e-07
  [gamma] epoch  12250  gamma_ratio 0.9987  residual 5.646e-07
  [gamma] epoch  12500  gamma_ratio 0.9996  residual 6.814e-07
  [gamma] epoch  12750  gamma_ratio 0.9885  residual 6.351e-06
  [gamma] epoch  13000  gamma_ratio 0.9990  residual 5.096e-07
  [gamma] epoch  13250  gamma_ratio 0.9987  residual 5.279e-07
  [gamma] epoch  13500  gamma_ratio 0.9959  residual 8.222e-07
  [gamma] epoch  13750  gamma_ratio 0.9975  residual 6.867e-07
  [gamma] epoch  14000  gamma_ratio 0.9985  residual 1.006e-06
  [gamma] epoch  14250  gamma_ratio 0.9987  residual 6.144e-07
  [gamma] epoch  14500  gamma_ratio 0.9982  residual 6.056e-07
  [gamma] epoch  14750  gamma_ratio 0.9988  residual 4.089e-07
  [gamma] epoch  15000  gamma_ratio 0.9985  residual 6.236e-07
  [gamma] epoch  15250  gamma_ratio 0.9987  residual 1.016e-06
  [gamma] epoch  15500  gamma_ratio 1.0002  residual 5.942e-07
  [gamma] epoch  15750  gamma_ratio 0.9982  residual 3.881e-07
  [gamma] epoch  16000  gamma_ratio 0.9976  residual 1.007e-06
  [gamma] epoch  16250  gamma_ratio 0.9962  residual 1.679e-06
  [gamma] epoch  16500  gamma_ratio 0.9983  residual 3.602e-07
  [gamma] epoch  16750  gamma_ratio 0.9965  residual 1.281e-06
  [gamma] epoch  17000  gamma_ratio 0.9986  residual 8.575e-07
  [gamma] epoch  17250  gamma_ratio 0.9981  residual 2.418e-06
  [gamma] epoch  17500  gamma_ratio 0.9993  residual 4.029e-07
  [gamma] epoch  17750  gamma_ratio 0.9990  residual 3.053e-07
  [gamma] epoch  18000  gamma_ratio 0.9984  residual 4.041e-07
  [gamma] epoch  18250  gamma_ratio 0.9958  residual 6.854e-07
  [gamma] epoch  18500  gamma_ratio 1.0006  residual 4.185e-07
  [gamma] epoch  18750  gamma_ratio 0.9974  residual 1.012e-06
  [gamma] epoch  19000  gamma_ratio 0.9981  residual 2.014e-06
  [gamma] epoch  19250  gamma_ratio 0.9938  residual 2.428e-06
  [gamma] epoch  19500  gamma_ratio 0.9989  residual 2.868e-07
  [gamma] epoch  19750  gamma_ratio 0.9991  residual 2.612e-07
  [gamma] epoch  20000  gamma_ratio 0.9992  residual 2.539e-07
  [gamma] epoch  20250  gamma_ratio 0.9981  residual 4.847e-07
  [gamma] epoch  20500  gamma_ratio 0.9981  residual 2.975e-07
  [gamma] epoch  20750  gamma_ratio 0.9991  residual 2.498e-07
  [gamma] epoch  21000  gamma_ratio 0.9984  residual 3.103e-07
  [gamma] epoch  21250  gamma_ratio 0.9986  residual 3.233e-07
  [gamma] epoch  21500  gamma_ratio 0.9989  residual 2.199e-07
  [gamma] epoch  21750  gamma_ratio 0.9987  residual 2.251e-07
  [gamma] epoch  22000  gamma_ratio 0.9992  residual 2.550e-07
  [gamma] epoch  22250  gamma_ratio 1.0028  residual 2.211e-06
  [gamma] epoch  22500  gamma_ratio 0.9997  residual 2.994e-07
  [gamma] epoch  22750  gamma_ratio 0.9983  residual 3.703e-07
  [gamma] epoch  23000  gamma_ratio 0.9985  residual 3.030e-07
  [gamma] epoch  23250  gamma_ratio 0.9988  residual 1.868e-07
  [gamma] epoch  23500  gamma_ratio 0.9988  residual 2.000e-07
  [gamma] epoch  23750  gamma_ratio 0.9993  residual 1.954e-07
  [gamma] epoch  24000  gamma_ratio 0.9997  residual 3.161e-07
  [gamma] epoch  24250  gamma_ratio 0.9992  residual 2.267e-07
  [gamma] epoch  24500  gamma_ratio 0.9996  residual 5.517e-07
  [gamma] epoch  24750  gamma_ratio 0.9986  residual 2.206e-07
  [gamma] epoch  25000  gamma_ratio 0.9964  residual 6.163e-07
  [gamma] epoch  25250  gamma_ratio 0.9983  residual 2.344e-07
  [gamma] epoch  25500  gamma_ratio 0.9989  residual 1.602e-07
  [gamma] epoch  25750  gamma_ratio 0.9990  residual 1.895e-07
  [gamma] epoch  26000  gamma_ratio 0.9989  residual 1.973e-07
  [gamma] epoch  26250  gamma_ratio 0.9999  residual 3.881e-07
  [gamma] epoch  26500  gamma_ratio 0.9989  residual 2.479e-07
  [gamma] epoch  26750  gamma_ratio 0.9988  residual 2.076e-07
  [gamma] epoch  27000  gamma_ratio 0.9962  residual 4.887e-07
  [gamma] epoch  27250  gamma_ratio 0.9988  residual 2.010e-07
  [gamma] epoch  27500  gamma_ratio 0.9988  residual 1.571e-07
  [gamma] epoch  27750  gamma_ratio 0.9988  residual 1.323e-07
  [gamma] epoch  28000  gamma_ratio 0.9993  residual 2.027e-07
  [gamma] epoch  28250  gamma_ratio 0.9989  residual 1.489e-07
  [gamma] epoch  28500  gamma_ratio 0.9972  residual 4.520e-07
  [gamma] epoch  28750  gamma_ratio 1.0009  residual 8.349e-07
  [gamma] epoch  29000  gamma_ratio 0.9988  residual 1.702e-07
  [gamma] epoch  29250  gamma_ratio 0.9991  residual 9.807e-07
  [gamma] epoch  29500  gamma_ratio 0.9998  residual 1.772e-07
  [gamma] epoch  29750  gamma_ratio 1.0000  residual 3.947e-07
  [gamma] epoch  30000  gamma_ratio 0.9982  residual 1.322e-07
  [gamma] epoch  30250  gamma_ratio 0.9992  residual 1.857e-07
  [gamma] epoch  30500  gamma_ratio 0.9988  residual 1.158e-07
  [gamma] epoch  30750  gamma_ratio 0.9992  residual 4.110e-07
  [gamma] epoch  31000  gamma_ratio 0.9977  residual 2.152e-07
  [gamma] epoch  31250  gamma_ratio 1.0000  residual 2.804e-07
  [gamma] epoch  31500  gamma_ratio 0.9976  residual 4.250e-07
  [gamma] epoch  31750  gamma_ratio 0.9988  residual 1.067e-07
  [gamma] epoch  32000  gamma_ratio 0.9991  residual 1.253e-07
  [gamma] epoch  32250  gamma_ratio 0.9983  residual 1.504e-07
  [gamma] epoch  32500  gamma_ratio 0.9983  residual 2.486e-07
  [gamma] epoch  32750  gamma_ratio 0.9993  residual 3.171e-07
  [gamma] epoch  33000  gamma_ratio 0.9986  residual 2.231e-07
  [gamma] epoch  33250  gamma_ratio 0.9987  residual 5.710e-07
  [gamma] epoch  33500  gamma_ratio 0.9996  residual 1.955e-07
  [gamma] epoch  33750  gamma_ratio 0.9952  residual 7.969e-07
  [gamma] epoch  34000  gamma_ratio 0.9981  residual 3.114e-07
  [gamma] epoch  34250  gamma_ratio 0.9981  residual 2.439e-07
  [gamma] epoch  34500  gamma_ratio 0.9987  residual 4.021e-07
  [gamma] epoch  34750  gamma_ratio 1.0000  residual 2.229e-07
  [gamma] epoch  35000  gamma_ratio 0.9988  residual 1.053e-07
  [gamma] epoch  35250  gamma_ratio 0.9991  residual 9.715e-08
  [gamma] epoch  35500  gamma_ratio 0.9990  residual 1.021e-07
  [gamma] epoch  35750  gamma_ratio 0.9991  residual 1.243e-07
  [gamma] epoch  36000  gamma_ratio 0.9988  residual 8.594e-08
  [gamma] epoch  36250  gamma_ratio 0.9989  residual 9.831e-08
  [gamma] epoch  36500  gamma_ratio 0.9992  residual 2.540e-07
  [gamma] epoch  36750  gamma_ratio 0.9983  residual 1.152e-07
  [gamma] epoch  37000  gamma_ratio 0.9989  residual 9.943e-08
  [gamma] epoch  37250  gamma_ratio 0.9986  residual 2.598e-07
  [gamma] epoch  37500  gamma_ratio 0.9969  residual 6.099e-07
  [gamma] epoch  37750  gamma_ratio 0.9994  residual 1.120e-07
  [gamma] epoch  38000  gamma_ratio 0.9987  residual 1.139e-07
  [gamma] epoch  38250  gamma_ratio 0.9992  residual 9.948e-08
  [gamma] epoch  38500  gamma_ratio 0.9990  residual 9.393e-08
  [gamma] epoch  38750  gamma_ratio 0.9995  residual 9.410e-08
  [gamma] epoch  39000  gamma_ratio 0.9977  residual 1.928e-07
  [gamma] epoch  39250  gamma_ratio 0.9991  residual 1.113e-07
  [gamma] epoch  39500  gamma_ratio 0.9991  residual 9.779e-08
  [gamma] epoch  39750  gamma_ratio 0.9986  residual 1.252e-07
  [gamma] epoch  40000  gamma_ratio 0.9995  residual 1.471e-07
  [gamma] epoch  40250  gamma_ratio 0.9989  residual 7.670e-08
  [gamma] epoch  40500  gamma_ratio 0.9987  residual 8.693e-08
  [gamma] epoch  40750  gamma_ratio 0.9988  residual 7.557e-08
  [gamma] epoch  41000  gamma_ratio 0.9969  residual 5.061e-07
  [gamma] epoch  41250  gamma_ratio 0.9998  residual 1.308e-07
  [gamma] epoch  41500  gamma_ratio 0.9998  residual 1.846e-07
  [gamma] epoch  41750  gamma_ratio 1.0004  residual 2.073e-07
  [gamma] epoch  42000  gamma_ratio 0.9996  residual 1.324e-07
  [gamma] epoch  42250  gamma_ratio 0.9992  residual 8.290e-08
  [gamma] epoch  42500  gamma_ratio 0.9988  residual 7.149e-08
  [gamma] epoch  42750  gamma_ratio 0.9990  residual 8.596e-08
  [gamma] epoch  43000  gamma_ratio 0.9992  residual 9.097e-08
  [gamma] epoch  43250  gamma_ratio 0.9987  residual 1.016e-07
  [gamma] epoch  43500  gamma_ratio 0.9997  residual 1.485e-07
  [gamma] epoch  43750  gamma_ratio 0.9990  residual 1.185e-07
  [gamma] epoch  44000  gamma_ratio 0.9985  residual 9.276e-08
  [gamma] epoch  44250  gamma_ratio 0.9993  residual 1.439e-07
  [gamma] epoch  44500  gamma_ratio 0.9992  residual 1.235e-07
  [gamma] epoch  44750  gamma_ratio 0.9990  residual 6.323e-08
  [gamma] epoch  45000  gamma_ratio 0.9991  residual 6.425e-08
  [gamma] epoch  45250  gamma_ratio 0.9989  residual 6.225e-08
  [gamma] epoch  45500  gamma_ratio 0.9991  residual 7.468e-08
  [gamma] epoch  45750  gamma_ratio 0.9998  residual 9.258e-08
  [gamma] epoch  46000  gamma_ratio 0.9992  residual 6.242e-08
  [gamma] epoch  46250  gamma_ratio 0.9991  residual 6.185e-08
  [gamma] epoch  46500  gamma_ratio 0.9987  residual 7.988e-08
  [gamma] epoch  46750  gamma_ratio 0.9998  residual 1.076e-07
  [gamma] epoch  47000  gamma_ratio 0.9989  residual 9.116e-08
  [gamma] epoch  47250  gamma_ratio 0.9993  residual 6.273e-08
  [gamma] epoch  47500  gamma_ratio 0.9993  residual 6.477e-08
  [gamma] epoch  47750  gamma_ratio 0.9994  residual 1.081e-07
  [gamma] epoch  48000  gamma_ratio 0.9990  residual 5.784e-08
  [gamma] epoch  48250  gamma_ratio 0.9991  residual 7.401e-08
  [gamma] epoch  48500  gamma_ratio 0.9989  residual 9.322e-08
  [gamma] epoch  48750  gamma_ratio 0.9991  residual 5.818e-08
  [gamma] epoch  49000  gamma_ratio 0.9991  residual 5.611e-08
  [gamma] epoch  49250  gamma_ratio 0.9992  residual 7.189e-08
  [gamma] epoch  49500  gamma_ratio 0.9988  residual 7.841e-08
  [gamma] epoch  49750  gamma_ratio 0.9990  residual 6.067e-08
  [gamma] epoch  50000  gamma_ratio 0.9990  residual 5.856e-08
  [gamma] epoch  50250  gamma_ratio 0.9992  residual 5.670e-08
  [gamma] epoch  50500  gamma_ratio 0.9992  residual 5.538e-08
  [gamma] epoch  50750  gamma_ratio 0.9991  residual 5.433e-08
  [gamma] epoch  51000  gamma_ratio 0.9992  residual 6.594e-08
  [gamma] epoch  51250  gamma_ratio 0.9993  residual 5.995e-08
  [gamma] epoch  51500  gamma_ratio 0.9989  residual 6.672e-08
  [gamma] epoch  51750  gamma_ratio 0.9987  residual 6.767e-08
  [gamma] epoch  52000  gamma_ratio 0.9990  residual 6.037e-08
  [gamma] epoch  52250  gamma_ratio 0.9991  residual 5.258e-08
  [gamma] epoch  52500  gamma_ratio 0.9995  residual 6.013e-08
  [gamma] epoch  52750  gamma_ratio 0.9995  residual 6.068e-08
  [gamma] epoch  53000  gamma_ratio 0.9991  residual 5.323e-08
  [gamma] epoch  53250  gamma_ratio 0.9991  residual 5.322e-08
  [gamma] epoch  53500  gamma_ratio 0.9991  residual 5.173e-08
  [gamma] epoch  53750  gamma_ratio 0.9992  residual 5.124e-08
  [gamma] epoch  54000  gamma_ratio 0.9990  residual 5.661e-08
  [gamma] epoch  54250  gamma_ratio 0.9992  residual 5.109e-08
  [gamma] epoch  54500  gamma_ratio 0.9992  residual 5.123e-08
  [gamma] epoch  54750  gamma_ratio 0.9990  residual 5.737e-08
  [gamma] epoch  55000  gamma_ratio 0.9991  residual 5.116e-08
  [gamma] epoch  55250  gamma_ratio 0.9992  residual 4.994e-08
  [gamma] epoch  55500  gamma_ratio 0.9992  residual 4.975e-08
  [gamma] epoch  55750  gamma_ratio 0.9992  residual 4.946e-08
  [gamma] epoch  56000  gamma_ratio 0.9992  residual 5.012e-08
  [gamma] epoch  56250  gamma_ratio 0.9990  residual 5.332e-08
  [gamma] epoch  56500  gamma_ratio 0.9993  residual 4.996e-08
  [gamma] epoch  56750  gamma_ratio 0.9992  residual 4.880e-08
  [gamma] epoch  57000  gamma_ratio 0.9991  residual 4.929e-08
  [gamma] epoch  57250  gamma_ratio 0.9992  residual 4.842e-08
  [gamma] epoch  57500  gamma_ratio 0.9991  residual 4.893e-08
  [gamma] epoch  57750  gamma_ratio 0.9990  residual 5.185e-08
  [gamma] epoch  58000  gamma_ratio 0.9993  residual 4.984e-08
  [gamma] epoch  58250  gamma_ratio 0.9992  residual 4.798e-08
  [gamma] epoch  58500  gamma_ratio 0.9992  residual 4.763e-08
  [gamma] epoch  58750  gamma_ratio 0.9992  residual 4.812e-08
  [gamma] epoch  59000  gamma_ratio 0.9992  residual 4.842e-08
  [gamma] epoch  59250  gamma_ratio 0.9992  residual 4.702e-08
  [gamma] epoch  59500  gamma_ratio 0.9996  residual 5.725e-08
  [gamma] epoch  59750  gamma_ratio 0.9992  residual 5.148e-08
  [gamma] epoch  59999  gamma_ratio 0.9992  residual 4.743e-08
  [shape] epoch      0  rmse=0.1761  max_abs_dA=0.4701  int_signed_dA=-9.652e-10  int_abs_dA=9.654e-10  A_min=0.0009351  max_dA_fwd=-1.109e-07
  [shape] epoch    250  rmse=0.02131  max_abs_dA=0.0412  int_signed_dA=-1.533e-10  int_abs_dA=1.533e-10  A_min=0.0004679  max_dA_fwd=-4.706e-07
  [shape] epoch    500  rmse=0.004758  max_abs_dA=0.0217  int_signed_dA=9.34e-12  int_abs_dA=2.699e-11  A_min=0.0005887  max_dA_fwd=-5.813e-06
  [shape] epoch    750  rmse=0.005688  max_abs_dA=0.01428  int_signed_dA=2.742e-11  int_abs_dA=3.658e-11  A_min=0.0001867  max_dA_fwd=-6.541e-06
  [shape] epoch   1000  rmse=0.005291  max_abs_dA=0.01419  int_signed_dA=3.062e-11  int_abs_dA=3.67e-11  A_min=0.000658  max_dA_fwd=-7.048e-06
  [shape] epoch   1250  rmse=0.005691  max_abs_dA=0.01353  int_signed_dA=4.132e-11  int_abs_dA=4.607e-11  A_min=0.001492  max_dA_fwd=-8.177e-06
  [shape] epoch   1500  rmse=0.005178  max_abs_dA=0.01122  int_signed_dA=3.98e-11  int_abs_dA=4.408e-11  A_min=0.001679  max_dA_fwd=-8.948e-06
  [shape] epoch   1750  rmse=0.005706  max_abs_dA=0.011  int_signed_dA=4.584e-11  int_abs_dA=4.95e-11  A_min=0.001962  max_dA_fwd=-9.646e-06
  [shape] epoch   2000  rmse=0.005691  max_abs_dA=0.01039  int_signed_dA=4.622e-11  int_abs_dA=4.95e-11  A_min=0.002033  max_dA_fwd=-9.845e-06
  [shape] epoch   2250  rmse=0.005224  max_abs_dA=0.009594  int_signed_dA=4.203e-11  int_abs_dA=4.508e-11  A_min=0.001897  max_dA_fwd=-9.61e-06
  [shape] epoch   2500  rmse=0.005165  max_abs_dA=0.009336  int_signed_dA=4.166e-11  int_abs_dA=4.445e-11  A_min=0.001815  max_dA_fwd=-9.472e-06
  [shape] epoch   2750  rmse=0.004853  max_abs_dA=0.008814  int_signed_dA=3.884e-11  int_abs_dA=4.148e-11  A_min=0.00168  max_dA_fwd=-9.122e-06
  [shape] epoch   3000  rmse=0.004261  max_abs_dA=0.00803  int_signed_dA=3.319e-11  int_abs_dA=3.577e-11  A_min=0.001404  max_dA_fwd=-8.648e-06
  [shape] epoch   3250  rmse=0.003973  max_abs_dA=0.007691  int_signed_dA=3.071e-11  int_abs_dA=3.309e-11  A_min=0.001324  max_dA_fwd=-8.192e-06
  [shape] epoch   3500  rmse=0.00362  max_abs_dA=0.007199  int_signed_dA=2.742e-11  int_abs_dA=2.97e-11  A_min=0.00115  max_dA_fwd=-7.773e-06
  [shape] epoch   3750  rmse=0.00329  max_abs_dA=0.006688  int_signed_dA=2.439e-11  int_abs_dA=2.655e-11  A_min=0.001045  max_dA_fwd=-7.347e-06
  [shape] epoch   4000  rmse=0.002962  max_abs_dA=0.006251  int_signed_dA=2.127e-11  int_abs_dA=2.342e-11  A_min=0.0008615  max_dA_fwd=-6.955e-06
  [shape] epoch   4250  rmse=0.002771  max_abs_dA=0.006019  int_signed_dA=1.971e-11  int_abs_dA=2.173e-11  A_min=0.0007956  max_dA_fwd=-6.587e-06
  [shape] epoch   4500  rmse=0.002531  max_abs_dA=0.005742  int_signed_dA=1.758e-11  int_abs_dA=1.955e-11  A_min=0.0006886  max_dA_fwd=-6.242e-06
  [shape] epoch   4750  rmse=0.002184  max_abs_dA=0.005226  int_signed_dA=1.42e-11  int_abs_dA=1.664e-11  A_min=0.0005966  max_dA_fwd=-5.866e-06
  [shape] epoch   5000  rmse=0.002041  max_abs_dA=0.004869  int_signed_dA=1.298e-11  int_abs_dA=1.543e-11  A_min=0.000551  max_dA_fwd=-5.618e-06
  [shape] epoch   5250  rmse=0.001926  max_abs_dA=0.004876  int_signed_dA=1.22e-11  int_abs_dA=1.421e-11  A_min=0.0004633  max_dA_fwd=-5.367e-06
  [shape] epoch   5500  rmse=0.001774  max_abs_dA=0.004703  int_signed_dA=1.085e-11  int_abs_dA=1.286e-11  A_min=0.0003866  max_dA_fwd=-5.134e-06
  [shape] epoch   5750  rmse=0.001624  max_abs_dA=0.00442  int_signed_dA=9.538e-12  int_abs_dA=1.164e-11  A_min=0.0003694  max_dA_fwd=-4.901e-06
  [shape] epoch   6000  rmse=0.001467  max_abs_dA=0.004171  int_signed_dA=8.074e-12  int_abs_dA=1.037e-11  A_min=0.0003295  max_dA_fwd=-4.706e-06
  [shape] epoch   6250  rmse=0.001184  max_abs_dA=0.003774  int_signed_dA=5.012e-12  int_abs_dA=8.223e-12  A_min=0.0003103  max_dA_fwd=-4.432e-06
  [shape] epoch   6500  rmse=0.001223  max_abs_dA=0.003736  int_signed_dA=5.745e-12  int_abs_dA=8.445e-12  A_min=0.0002719  max_dA_fwd=-4.382e-06
  [shape] epoch   6750  rmse=0.001182  max_abs_dA=0.003829  int_signed_dA=5.439e-12  int_abs_dA=7.98e-12  A_min=0.0002637  max_dA_fwd=-4.239e-06
  [shape] epoch   7000  rmse=0.0008638  max_abs_dA=0.003166  int_signed_dA=7.274e-13  int_abs_dA=5.777e-12  A_min=0.0002483  max_dA_fwd=-4.03e-06
  [shape] epoch   7250  rmse=0.001034  max_abs_dA=0.003556  int_signed_dA=4.071e-12  int_abs_dA=6.837e-12  A_min=0.0002724  max_dA_fwd=-4.05e-06
  [shape] epoch   7500  rmse=0.002047  max_abs_dA=0.005246  int_signed_dA=1.299e-11  int_abs_dA=1.439e-11  A_min=0.0003799  max_dA_fwd=-4.182e-06
  [shape] epoch   7750  rmse=0.0009289  max_abs_dA=0.00335  int_signed_dA=3.283e-12  int_abs_dA=6.003e-12  A_min=0.0003235  max_dA_fwd=-3.938e-06
  [shape] epoch   8000  rmse=0.0008722  max_abs_dA=0.003295  int_signed_dA=2.64e-12  int_abs_dA=5.55e-12  A_min=0.0003235  max_dA_fwd=-3.881e-06
  [shape] epoch   8250  rmse=0.0007191  max_abs_dA=0.002894  int_signed_dA=3.34e-13  int_abs_dA=4.482e-12  A_min=0.0003435  max_dA_fwd=-3.79e-06
  [shape] epoch   8500  rmse=0.0009479  max_abs_dA=0.003382  int_signed_dA=3.995e-12  int_abs_dA=6.128e-12  A_min=0.000373  max_dA_fwd=-3.904e-06
  [shape] epoch   8750  rmse=0.0008033  max_abs_dA=0.003274  int_signed_dA=2.2e-12  int_abs_dA=4.788e-12  A_min=0.0003855  max_dA_fwd=-3.799e-06
  [shape] epoch   9000  rmse=0.0008467  max_abs_dA=0.002586  int_signed_dA=-4.531e-12  int_abs_dA=5.719e-12  A_min=0.0003936  max_dA_fwd=-3.664e-06
  [shape] epoch   9250  rmse=0.0007329  max_abs_dA=0.002897  int_signed_dA=2.218e-12  int_abs_dA=4.367e-12  A_min=0.0004689  max_dA_fwd=-3.849e-06
  [shape] epoch   9500  rmse=0.0007259  max_abs_dA=0.003006  int_signed_dA=2.023e-12  int_abs_dA=4.168e-12  A_min=0.0004581  max_dA_fwd=-3.819e-06
  [shape] epoch   9750  rmse=0.000708  max_abs_dA=0.002832  int_signed_dA=2.335e-12  int_abs_dA=4.11e-12  A_min=0.0005215  max_dA_fwd=-3.862e-06
  [shape] epoch  10000  rmse=0.0006843  max_abs_dA=0.002899  int_signed_dA=1.891e-12  int_abs_dA=3.773e-12  A_min=0.0005089  max_dA_fwd=-3.817e-06
  [shape] epoch  10250  rmse=0.0006131  max_abs_dA=0.002712  int_signed_dA=3.986e-13  int_abs_dA=3.192e-12  A_min=0.0005272  max_dA_fwd=-3.793e-06
  [shape] epoch  10500  rmse=0.002205  max_abs_dA=0.005416  int_signed_dA=1.482e-11  int_abs_dA=1.522e-11  A_min=0.0005963  max_dA_fwd=-4.133e-06
  [shape] epoch  10750  rmse=0.000678  max_abs_dA=0.002724  int_signed_dA=2.429e-12  int_abs_dA=3.949e-12  A_min=0.0005334  max_dA_fwd=-3.894e-06
  [shape] epoch  11000  rmse=0.0007918  max_abs_dA=0.003316  int_signed_dA=3.426e-12  int_abs_dA=4.393e-12  A_min=0.0005481  max_dA_fwd=-3.856e-06
  [shape] epoch  11250  rmse=0.0008203  max_abs_dA=0.003122  int_signed_dA=4.284e-12  int_abs_dA=5.055e-12  A_min=0.0005966  max_dA_fwd=-3.916e-06
  [shape] epoch  11500  rmse=0.0006445  max_abs_dA=0.002814  int_signed_dA=2.269e-12  int_abs_dA=3.425e-12  A_min=0.0005962  max_dA_fwd=-3.853e-06
  [shape] epoch  11750  rmse=0.0006092  max_abs_dA=0.002712  int_signed_dA=1.788e-12  int_abs_dA=3.128e-12  A_min=0.0005963  max_dA_fwd=-3.836e-06
  [shape] epoch  12000  rmse=0.0005568  max_abs_dA=0.002353  int_signed_dA=-2.46e-14  int_abs_dA=2.66e-12  A_min=0.000604  max_dA_fwd=-3.811e-06
  [shape] epoch  12250  rmse=0.0005883  max_abs_dA=0.002569  int_signed_dA=1.753e-12  int_abs_dA=3.358e-12  A_min=0.0006319  max_dA_fwd=-3.881e-06
  [shape] epoch  12500  rmse=0.0005462  max_abs_dA=0.002439  int_signed_dA=5.842e-13  int_abs_dA=2.691e-12  A_min=0.0006221  max_dA_fwd=-3.822e-06
  [shape] epoch  12750  rmse=0.002249  max_abs_dA=0.005418  int_signed_dA=1.562e-11  int_abs_dA=1.582e-11  A_min=0.0006812  max_dA_fwd=-4.176e-06
  [shape] epoch  13000  rmse=0.0005562  max_abs_dA=0.002521  int_signed_dA=1.373e-12  int_abs_dA=2.995e-12  A_min=0.000641  max_dA_fwd=-3.847e-06
  [shape] epoch  13250  rmse=0.0005688  max_abs_dA=0.002566  int_signed_dA=1.752e-12  int_abs_dA=3.161e-12  A_min=0.0006397  max_dA_fwd=-3.868e-06
  [shape] epoch  13500  rmse=0.0009061  max_abs_dA=0.003319  int_signed_dA=5.556e-12  int_abs_dA=6.069e-12  A_min=0.0006651  max_dA_fwd=-3.956e-06
  [shape] epoch  13750  rmse=0.00067  max_abs_dA=0.002736  int_signed_dA=3.384e-12  int_abs_dA=4.127e-12  A_min=0.0006418  max_dA_fwd=-3.931e-06
  [shape] epoch  14000  rmse=0.0005677  max_abs_dA=0.002602  int_signed_dA=1.982e-12  int_abs_dA=3.25e-12  A_min=0.0006716  max_dA_fwd=-3.875e-06
  [shape] epoch  14250  rmse=0.0005537  max_abs_dA=0.002564  int_signed_dA=1.711e-12  int_abs_dA=3.135e-12  A_min=0.0006724  max_dA_fwd=-3.873e-06
  [shape] epoch  14500  rmse=0.0005965  max_abs_dA=0.002727  int_signed_dA=2.464e-12  int_abs_dA=3.384e-12  A_min=0.0006529  max_dA_fwd=-3.904e-06
  [shape] epoch  14750  rmse=0.000537  max_abs_dA=0.002442  int_signed_dA=1.614e-12  int_abs_dA=3.096e-12  A_min=0.000653  max_dA_fwd=-3.891e-06
  [shape] epoch  15000  rmse=0.0005568  max_abs_dA=0.002524  int_signed_dA=2.003e-12  int_abs_dA=3.32e-12  A_min=0.0006637  max_dA_fwd=-3.913e-06
  [shape] epoch  15250  rmse=0.0005346  max_abs_dA=0.002524  int_signed_dA=1.701e-12  int_abs_dA=2.842e-12  A_min=0.0006535  max_dA_fwd=-3.846e-06
  [shape] epoch  15500  rmse=0.0005232  max_abs_dA=0.002002  int_signed_dA=-3.349e-13  int_abs_dA=2.781e-12  A_min=0.000647  max_dA_fwd=-3.868e-06
  [shape] epoch  15750  rmse=0.0005665  max_abs_dA=0.002489  int_signed_dA=2.455e-12  int_abs_dA=3.569e-12  A_min=0.000675  max_dA_fwd=-3.937e-06
  [shape] epoch  16000  rmse=0.0006213  max_abs_dA=0.002544  int_signed_dA=3.267e-12  int_abs_dA=4.104e-12  A_min=0.0006699  max_dA_fwd=-3.989e-06
  [shape] epoch  16250  rmse=0.0008077  max_abs_dA=0.003029  int_signed_dA=5.137e-12  int_abs_dA=5.488e-12  A_min=0.0006714  max_dA_fwd=-4.024e-06
  [shape] epoch  16500  rmse=0.000553  max_abs_dA=0.002386  int_signed_dA=2.313e-12  int_abs_dA=3.62e-12  A_min=0.0006735  max_dA_fwd=-3.972e-06
  [shape] epoch  16750  rmse=0.0007574  max_abs_dA=0.00277  int_signed_dA=4.715e-12  int_abs_dA=5.14e-12  A_min=0.00064  max_dA_fwd=-4.059e-06
  [shape] epoch  17000  rmse=0.000518  max_abs_dA=0.002312  int_signed_dA=1.832e-12  int_abs_dA=3.237e-12  A_min=0.0006632  max_dA_fwd=-3.946e-06
  [shape] epoch  17250  rmse=0.0005636  max_abs_dA=0.00243  int_signed_dA=2.62e-12  int_abs_dA=3.658e-12  A_min=0.0006606  max_dA_fwd=-3.983e-06
  [shape] epoch  17500  rmse=0.0005001  max_abs_dA=0.002119  int_signed_dA=8.997e-13  int_abs_dA=3.099e-12  A_min=0.0006777  max_dA_fwd=-3.935e-06
  [shape] epoch  17750  rmse=0.0005078  max_abs_dA=0.002075  int_signed_dA=1.404e-12  int_abs_dA=3.389e-12  A_min=0.0006737  max_dA_fwd=-3.971e-06
  [shape] epoch  18000  rmse=0.0005279  max_abs_dA=0.00232  int_signed_dA=2.203e-12  int_abs_dA=3.428e-12  A_min=0.0006702  max_dA_fwd=-3.972e-06
  [shape] epoch  18250  rmse=0.0008382  max_abs_dA=0.002897  int_signed_dA=5.672e-12  int_abs_dA=5.961e-12  A_min=0.0006863  max_dA_fwd=-4.062e-06
  [shape] epoch  18500  rmse=0.0005559  max_abs_dA=0.001607  int_signed_dA=-8.723e-13  int_abs_dA=3.123e-12  A_min=0.0006636  max_dA_fwd=-3.919e-06
  [shape] epoch  18750  rmse=0.0006042  max_abs_dA=0.002363  int_signed_dA=3.444e-12  int_abs_dA=4.214e-12  A_min=0.0006815  max_dA_fwd=-4.029e-06
  [shape] epoch  19000  rmse=0.0005375  max_abs_dA=0.002357  int_signed_dA=2.528e-12  int_abs_dA=3.514e-12  A_min=0.0006744  max_dA_fwd=-3.975e-06
  [shape] epoch  19250  rmse=0.001187  max_abs_dA=0.003714  int_signed_dA=8.413e-12  int_abs_dA=8.491e-12  A_min=0.0007169  max_dA_fwd=-4.089e-06
  [shape] epoch  19500  rmse=0.0004853  max_abs_dA=0.001985  int_signed_dA=1.456e-12  int_abs_dA=3.275e-12  A_min=0.0006738  max_dA_fwd=-3.975e-06
  [shape] epoch  19750  rmse=0.0004797  max_abs_dA=0.001942  int_signed_dA=1.256e-12  int_abs_dA=3.197e-12  A_min=0.0006654  max_dA_fwd=-3.977e-06
  [shape] epoch  20000  rmse=0.0004732  max_abs_dA=0.001879  int_signed_dA=1.119e-12  int_abs_dA=3.151e-12  A_min=0.0006689  max_dA_fwd=-3.97e-06
  [shape] epoch  20250  rmse=0.0005281  max_abs_dA=0.002206  int_signed_dA=2.631e-12  int_abs_dA=3.635e-12  A_min=0.0006814  max_dA_fwd=-3.999e-06
  [shape] epoch  20500  rmse=0.0005234  max_abs_dA=0.00217  int_signed_dA=2.575e-12  int_abs_dA=3.64e-12  A_min=0.0006841  max_dA_fwd=-4.003e-06
  [shape] epoch  20750  rmse=0.00048  max_abs_dA=0.001811  int_signed_dA=1.209e-12  int_abs_dA=3.312e-12  A_min=0.0006797  max_dA_fwd=-3.989e-06
  [shape] epoch  21000  rmse=0.0004911  max_abs_dA=0.001981  int_signed_dA=2.113e-12  int_abs_dA=3.457e-12  A_min=0.0006761  max_dA_fwd=-3.998e-06
  [shape] epoch  21250  rmse=0.0004806  max_abs_dA=0.001883  int_signed_dA=1.929e-12  int_abs_dA=3.414e-12  A_min=0.0006755  max_dA_fwd=-3.994e-06
  [shape] epoch  21500  rmse=0.0004641  max_abs_dA=0.001805  int_signed_dA=1.415e-12  int_abs_dA=3.219e-12  A_min=0.0006751  max_dA_fwd=-3.981e-06
  [shape] epoch  21750  rmse=0.0004689  max_abs_dA=0.001867  int_signed_dA=1.75e-12  int_abs_dA=3.298e-12  A_min=0.0006783  max_dA_fwd=-3.99e-06
  [shape] epoch  22000  rmse=0.0004612  max_abs_dA=0.001734  int_signed_dA=1.141e-12  int_abs_dA=3.167e-12  A_min=0.0006743  max_dA_fwd=-3.988e-06
  [shape] epoch  22250  rmse=0.0008014  max_abs_dA=0.002354  int_signed_dA=-3.78e-12  int_abs_dA=4.391e-12  A_min=0.000654  max_dA_fwd=-3.853e-06
  [shape] epoch  22500  rmse=0.0004605  max_abs_dA=0.001511  int_signed_dA=4.485e-13  int_abs_dA=3.008e-12  A_min=0.0006712  max_dA_fwd=-3.971e-06
  [shape] epoch  22750  rmse=0.0004773  max_abs_dA=0.001933  int_signed_dA=2.243e-12  int_abs_dA=3.387e-12  A_min=0.0006804  max_dA_fwd=-3.997e-06
  [shape] epoch  23000  rmse=0.000471  max_abs_dA=0.001765  int_signed_dA=2.052e-12  int_abs_dA=3.429e-12  A_min=0.0006709  max_dA_fwd=-4.012e-06
  [shape] epoch  23250  rmse=0.0004516  max_abs_dA=0.001698  int_signed_dA=1.628e-12  int_abs_dA=3.234e-12  A_min=0.0006708  max_dA_fwd=-4.003e-06
  [shape] epoch  23500  rmse=0.0004484  max_abs_dA=0.001695  int_signed_dA=1.593e-12  int_abs_dA=3.213e-12  A_min=0.0006772  max_dA_fwd=-3.999e-06
  [shape] epoch  23750  rmse=0.0004261  max_abs_dA=0.001612  int_signed_dA=9.703e-13  int_abs_dA=2.868e-12  A_min=0.0006686  max_dA_fwd=-3.971e-06
  [shape] epoch  24000  rmse=0.00044  max_abs_dA=0.001369  int_signed_dA=3.769e-13  int_abs_dA=2.859e-12  A_min=0.000664  max_dA_fwd=-3.972e-06
  [shape] epoch  24250  rmse=0.000428  max_abs_dA=0.001556  int_signed_dA=1.085e-12  int_abs_dA=2.967e-12  A_min=0.0006766  max_dA_fwd=-3.976e-06
  [shape] epoch  24500  rmse=0.0004293  max_abs_dA=0.001525  int_signed_dA=4.823e-13  int_abs_dA=2.749e-12  A_min=0.0006833  max_dA_fwd=-3.956e-06
  [shape] epoch  24750  rmse=0.0004485  max_abs_dA=0.001535  int_signed_dA=1.839e-12  int_abs_dA=3.331e-12  A_min=0.0006665  max_dA_fwd=-4.018e-06
  [shape] epoch  25000  rmse=0.0006955  max_abs_dA=0.00226  int_signed_dA=4.906e-12  int_abs_dA=5.036e-12  A_min=0.000695  max_dA_fwd=-4.071e-06
  [shape] epoch  25250  rmse=0.0004534  max_abs_dA=0.001707  int_signed_dA=2.285e-12  int_abs_dA=3.34e-12  A_min=0.0006789  max_dA_fwd=-4.007e-06
  [shape] epoch  25500  rmse=0.0004215  max_abs_dA=0.001481  int_signed_dA=1.452e-12  int_abs_dA=3.061e-12  A_min=0.0006701  max_dA_fwd=-3.998e-06
  [shape] epoch  25750  rmse=0.0004191  max_abs_dA=0.001448  int_signed_dA=1.369e-12  int_abs_dA=3.045e-12  A_min=0.0006741  max_dA_fwd=-3.998e-06
  [shape] epoch  26000  rmse=0.0004146  max_abs_dA=0.001478  int_signed_dA=1.526e-12  int_abs_dA=3.028e-12  A_min=0.0006708  max_dA_fwd=-4e-06
  [shape] epoch  26250  rmse=0.0004255  max_abs_dA=0.001327  int_signed_dA=1.078e-13  int_abs_dA=2.643e-12  A_min=0.0006562  max_dA_fwd=-3.976e-06
  [shape] epoch  26500  rmse=0.0004168  max_abs_dA=0.001378  int_signed_dA=1.486e-12  int_abs_dA=3.09e-12  A_min=0.000672  max_dA_fwd=-4.011e-06
  [shape] epoch  26750  rmse=0.0004024  max_abs_dA=0.001526  int_signed_dA=1.57e-12  int_abs_dA=2.916e-12  A_min=0.0006753  max_dA_fwd=-3.994e-06
  [shape] epoch  27000  rmse=0.0007243  max_abs_dA=0.002023  int_signed_dA=5.187e-12  int_abs_dA=5.339e-12  A_min=0.0006786  max_dA_fwd=-4.106e-06
  [shape] epoch  27250  rmse=0.0004043  max_abs_dA=0.001392  int_signed_dA=1.555e-12  int_abs_dA=3.001e-12  A_min=0.000673  max_dA_fwd=-4.007e-06
  [shape] epoch  27500  rmse=0.0004048  max_abs_dA=0.00141  int_signed_dA=1.667e-12  int_abs_dA=3.03e-12  A_min=0.000679  max_dA_fwd=-4.006e-06
  [shape] epoch  27750  rmse=0.000399  max_abs_dA=0.001389  int_signed_dA=1.607e-12  int_abs_dA=2.972e-12  A_min=0.0006726  max_dA_fwd=-4.008e-06
  [shape] epoch  28000  rmse=0.000385  max_abs_dA=0.001233  int_signed_dA=8.964e-13  int_abs_dA=2.716e-12  A_min=0.0006711  max_dA_fwd=-3.994e-06
  [shape] epoch  28250  rmse=0.0003879  max_abs_dA=0.001343  int_signed_dA=1.464e-12  int_abs_dA=2.879e-12  A_min=0.0006764  max_dA_fwd=-4.003e-06
  [shape] epoch  28500  rmse=0.0005534  max_abs_dA=0.001758  int_signed_dA=3.761e-12  int_abs_dA=4.118e-12  A_min=0.0006821  max_dA_fwd=-4.066e-06
  [shape] epoch  28750  rmse=0.0004888  max_abs_dA=0.001646  int_signed_dA=-1.262e-12  int_abs_dA=2.496e-12  A_min=0.0006615  max_dA_fwd=-3.947e-06
  [shape] epoch  29000  rmse=0.000389  max_abs_dA=0.001314  int_signed_dA=1.622e-12  int_abs_dA=2.942e-12  A_min=0.0006785  max_dA_fwd=-4.009e-06
  [shape] epoch  29250  rmse=0.000358  max_abs_dA=0.001378  int_signed_dA=1.183e-12  int_abs_dA=2.524e-12  A_min=0.0006678  max_dA_fwd=-3.991e-06
  [shape] epoch  29500  rmse=0.0003848  max_abs_dA=0.001238  int_signed_dA=2.483e-13  int_abs_dA=2.492e-12  A_min=0.0006706  max_dA_fwd=-3.987e-06
  [shape] epoch  29750  rmse=0.0003776  max_abs_dA=0.001239  int_signed_dA=1.947e-14  int_abs_dA=2.28e-12  A_min=0.000663  max_dA_fwd=-3.971e-06
  [shape] epoch  30000  rmse=0.0004192  max_abs_dA=0.001418  int_signed_dA=2.364e-12  int_abs_dA=3.238e-12  A_min=0.0006783  max_dA_fwd=-4.04e-06
  [shape] epoch  30250  rmse=0.000362  max_abs_dA=0.001139  int_signed_dA=1.1e-12  int_abs_dA=2.662e-12  A_min=0.0006757  max_dA_fwd=-4.003e-06
  [shape] epoch  30500  rmse=0.0003773  max_abs_dA=0.001221  int_signed_dA=1.587e-12  int_abs_dA=2.889e-12  A_min=0.000677  max_dA_fwd=-4.022e-06
  [shape] epoch  30750  rmse=0.0003511  max_abs_dA=0.001284  int_signed_dA=1.06e-12  int_abs_dA=2.511e-12  A_min=0.0006896  max_dA_fwd=-3.993e-06
  [shape] epoch  31000  rmse=0.000467  max_abs_dA=0.001534  int_signed_dA=3.056e-12  int_abs_dA=3.546e-12  A_min=0.0006821  max_dA_fwd=-4.048e-06
  [shape] epoch  31250  rmse=0.0003842  max_abs_dA=0.001291  int_signed_dA=-4.077e-14  int_abs_dA=2.351e-12  A_min=0.0006785  max_dA_fwd=-3.98e-06
  [shape] epoch  31500  rmse=0.000481  max_abs_dA=0.001803  int_signed_dA=3.274e-12  int_abs_dA=3.502e-12  A_min=0.0006939  max_dA_fwd=-4.034e-06
  [shape] epoch  31750  rmse=0.0003693  max_abs_dA=0.001199  int_signed_dA=1.679e-12  int_abs_dA=2.868e-12  A_min=0.0006803  max_dA_fwd=-4.027e-06
  [shape] epoch  32000  rmse=0.0003522  max_abs_dA=0.001083  int_signed_dA=1.188e-12  int_abs_dA=2.642e-12  A_min=0.0006745  max_dA_fwd=-4.015e-06
  [shape] epoch  32250  rmse=0.0003955  max_abs_dA=0.001308  int_signed_dA=2.252e-12  int_abs_dA=3.105e-12  A_min=0.0006839  max_dA_fwd=-4.038e-06
  [shape] epoch  32500  rmse=0.0003977  max_abs_dA=0.001238  int_signed_dA=2.229e-12  int_abs_dA=3.139e-12  A_min=0.0006772  max_dA_fwd=-4.048e-06
  [shape] epoch  32750  rmse=0.000343  max_abs_dA=0.001035  int_signed_dA=1.009e-12  int_abs_dA=2.532e-12  A_min=0.0006754  max_dA_fwd=-4.012e-06
  [shape] epoch  33000  rmse=0.0003728  max_abs_dA=0.001207  int_signed_dA=1.933e-12  int_abs_dA=2.927e-12  A_min=0.0006768  max_dA_fwd=-4.036e-06
  [shape] epoch  33250  rmse=0.0003479  max_abs_dA=0.001313  int_signed_dA=1.694e-12  int_abs_dA=2.663e-12  A_min=0.0006916  max_dA_fwd=-4.014e-06
  [shape] epoch  33500  rmse=0.0003398  max_abs_dA=0.001078  int_signed_dA=5.003e-13  int_abs_dA=2.302e-12  A_min=0.0006857  max_dA_fwd=-3.994e-06
  [shape] epoch  33750  rmse=0.0008589  max_abs_dA=0.002207  int_signed_dA=6.438e-12  int_abs_dA=6.469e-12  A_min=0.000696  max_dA_fwd=-4.13e-06
  [shape] epoch  34000  rmse=0.0004088  max_abs_dA=0.001276  int_signed_dA=2.515e-12  int_abs_dA=3.214e-12  A_min=0.0006754  max_dA_fwd=-4.055e-06
  [shape] epoch  34250  rmse=0.0004117  max_abs_dA=0.001329  int_signed_dA=2.611e-12  int_abs_dA=3.211e-12  A_min=0.0006789  max_dA_fwd=-4.047e-06
  [shape] epoch  34500  rmse=0.0003549  max_abs_dA=0.001156  int_signed_dA=1.803e-12  int_abs_dA=2.786e-12  A_min=0.0006737  max_dA_fwd=-4.033e-06
  [shape] epoch  34750  rmse=0.0003519  max_abs_dA=0.00121  int_signed_dA=-3.661e-14  int_abs_dA=2.134e-12  A_min=0.0006659  max_dA_fwd=-3.993e-06
  [shape] epoch  35000  rmse=0.0003462  max_abs_dA=0.001072  int_signed_dA=1.613e-12  int_abs_dA=2.721e-12  A_min=0.0006754  max_dA_fwd=-4.029e-06
  [shape] epoch  35250  rmse=0.0003304  max_abs_dA=0.001027  int_signed_dA=1.266e-12  int_abs_dA=2.537e-12  A_min=0.0006782  max_dA_fwd=-4.018e-06
  [shape] epoch  35500  rmse=0.0003291  max_abs_dA=0.001043  int_signed_dA=1.324e-12  int_abs_dA=2.539e-12  A_min=0.0006784  max_dA_fwd=-4.018e-06
  [shape] epoch  35750  rmse=0.0003364  max_abs_dA=0.0009489  int_signed_dA=1.267e-12  int_abs_dA=2.592e-12  A_min=0.0006675  max_dA_fwd=-4.029e-06
  [shape] epoch  36000  rmse=0.000344  max_abs_dA=0.001046  int_signed_dA=1.635e-12  int_abs_dA=2.73e-12  A_min=0.000679  max_dA_fwd=-4.032e-06
  [shape] epoch  36250  rmse=0.0003309  max_abs_dA=0.00103  int_signed_dA=1.425e-12  int_abs_dA=2.585e-12  A_min=0.0006781  max_dA_fwd=-4.022e-06
  [shape] epoch  36500  rmse=0.0003219  max_abs_dA=0.0009642  int_signed_dA=1.109e-12  int_abs_dA=2.44e-12  A_min=0.0006726  max_dA_fwd=-4.016e-06
  [shape] epoch  36750  rmse=0.0003798  max_abs_dA=0.001182  int_signed_dA=2.305e-12  int_abs_dA=3.016e-12  A_min=0.0006741  max_dA_fwd=-4.046e-06
  [shape] epoch  37000  rmse=0.0003314  max_abs_dA=0.001033  int_signed_dA=1.546e-12  int_abs_dA=2.613e-12  A_min=0.0006764  max_dA_fwd=-4.022e-06
  [shape] epoch  37250  rmse=0.0003486  max_abs_dA=0.001128  int_signed_dA=1.922e-12  int_abs_dA=2.789e-12  A_min=0.0006824  max_dA_fwd=-4.033e-06
  [shape] epoch  37500  rmse=0.0005734  max_abs_dA=0.001586  int_signed_dA=4.21e-12  int_abs_dA=4.316e-12  A_min=0.0006768  max_dA_fwd=-4.083e-06
  [shape] epoch  37750  rmse=0.0003129  max_abs_dA=0.0009638  int_signed_dA=7.483e-13  int_abs_dA=2.257e-12  A_min=0.0006772  max_dA_fwd=-4e-06
  [shape] epoch  38000  rmse=0.0003346  max_abs_dA=0.001105  int_signed_dA=1.794e-12  int_abs_dA=2.656e-12  A_min=0.0006792  max_dA_fwd=-4.019e-06
  [shape] epoch  38250  rmse=0.0003104  max_abs_dA=0.0009121  int_signed_dA=1.012e-12  int_abs_dA=2.336e-12  A_min=0.000674  max_dA_fwd=-4.003e-06
  [shape] epoch  38500  rmse=0.0003171  max_abs_dA=0.0009945  int_signed_dA=1.384e-12  int_abs_dA=2.48e-12  A_min=0.0006752  max_dA_fwd=-4.013e-06
  [shape] epoch  38750  rmse=0.0003135  max_abs_dA=0.0009808  int_signed_dA=7.171e-13  int_abs_dA=2.26e-12  A_min=0.0006733  max_dA_fwd=-4e-06
  [shape] epoch  39000  rmse=0.0004477  max_abs_dA=0.001334  int_signed_dA=3.139e-12  int_abs_dA=3.461e-12  A_min=0.000678  max_dA_fwd=-4.051e-06
  [shape] epoch  39250  rmse=0.0003098  max_abs_dA=0.0009701  int_signed_dA=1.275e-12  int_abs_dA=2.397e-12  A_min=0.0006712  max_dA_fwd=-4.007e-06
  [shape] epoch  39500  rmse=0.0003087  max_abs_dA=0.0009483  int_signed_dA=1.245e-12  int_abs_dA=2.391e-12  A_min=0.0006739  max_dA_fwd=-4.004e-06
  [shape] epoch  39750  rmse=0.0003448  max_abs_dA=0.001041  int_signed_dA=1.928e-12  int_abs_dA=2.764e-12  A_min=0.0006725  max_dA_fwd=-4.027e-06
  [shape] epoch  40000  rmse=0.0003139  max_abs_dA=0.000992  int_signed_dA=6.901e-13  int_abs_dA=2.258e-12  A_min=0.0006626  max_dA_fwd=-4.002e-06
  [shape] epoch  40250  rmse=0.0003177  max_abs_dA=0.0009867  int_signed_dA=1.55e-12  int_abs_dA=2.513e-12  A_min=0.0006705  max_dA_fwd=-4.01e-06
  [shape] epoch  40500  rmse=0.0003266  max_abs_dA=0.0009915  int_signed_dA=1.689e-12  int_abs_dA=2.603e-12  A_min=0.00067  max_dA_fwd=-4.014e-06
  [shape] epoch  40750  rmse=0.0003234  max_abs_dA=0.001011  int_signed_dA=1.677e-12  int_abs_dA=2.578e-12  A_min=0.0006731  max_dA_fwd=-4.011e-06
  [shape] epoch  41000  rmse=0.0005593  max_abs_dA=0.001529  int_signed_dA=4.146e-12  int_abs_dA=4.243e-12  A_min=0.000681  max_dA_fwd=-4.063e-06
  [shape] epoch  41250  rmse=0.0003043  max_abs_dA=0.001045  int_signed_dA=2.079e-13  int_abs_dA=1.936e-12  A_min=0.000668  max_dA_fwd=-3.969e-06
  [shape] epoch  41500  rmse=0.0002999  max_abs_dA=0.00102  int_signed_dA=2.669e-13  int_abs_dA=1.932e-12  A_min=0.0006659  max_dA_fwd=-3.97e-06
  [shape] epoch  41750  rmse=0.0003587  max_abs_dA=0.001286  int_signed_dA=-5.706e-13  int_abs_dA=1.929e-12  A_min=0.0006605  max_dA_fwd=-3.957e-06
  [shape] epoch  42000  rmse=0.0002928  max_abs_dA=0.0009575  int_signed_dA=4.975e-13  int_abs_dA=2.003e-12  A_min=0.0006655  max_dA_fwd=-3.974e-06
  [shape] epoch  42250  rmse=0.0003011  max_abs_dA=0.0008493  int_signed_dA=1.131e-12  int_abs_dA=2.315e-12  A_min=0.0006632  max_dA_fwd=-3.994e-06
  [shape] epoch  42500  rmse=0.0003138  max_abs_dA=0.0009744  int_signed_dA=1.601e-12  int_abs_dA=2.488e-12  A_min=0.0006657  max_dA_fwd=-4.001e-06
  [shape] epoch  42750  rmse=0.0003024  max_abs_dA=0.0009051  int_signed_dA=1.316e-12  int_abs_dA=2.367e-12  A_min=0.0006665  max_dA_fwd=-3.994e-06
  [shape] epoch  43000  rmse=0.0002925  max_abs_dA=0.0008534  int_signed_dA=1.028e-12  int_abs_dA=2.215e-12  A_min=0.0006622  max_dA_fwd=-3.985e-06
  [shape] epoch  43250  rmse=0.000317  max_abs_dA=0.00101  int_signed_dA=1.724e-12  int_abs_dA=2.515e-12  A_min=0.0006656  max_dA_fwd=-3.998e-06
  [shape] epoch  43500  rmse=0.0002921  max_abs_dA=0.0009817  int_signed_dA=3.854e-13  int_abs_dA=1.951e-12  A_min=0.0006611  max_dA_fwd=-3.966e-06
  [shape] epoch  43750  rmse=0.0003008  max_abs_dA=0.0009275  int_signed_dA=1.399e-12  int_abs_dA=2.364e-12  A_min=0.0006654  max_dA_fwd=-3.988e-06
  [shape] epoch  44000  rmse=0.0003378  max_abs_dA=0.001056  int_signed_dA=2.032e-12  int_abs_dA=2.677e-12  A_min=0.0006639  max_dA_fwd=-4.002e-06
  [shape] epoch  44250  rmse=0.0002856  max_abs_dA=0.000858  int_signed_dA=9.754e-13  int_abs_dA=2.145e-12  A_min=0.0006633  max_dA_fwd=-3.975e-06
  [shape] epoch  44500  rmse=0.0002876  max_abs_dA=0.0008656  int_signed_dA=1.082e-12  int_abs_dA=2.195e-12  A_min=0.0006634  max_dA_fwd=-3.976e-06
  [shape] epoch  44750  rmse=0.0002955  max_abs_dA=0.0009103  int_signed_dA=1.35e-12  int_abs_dA=2.309e-12  A_min=0.0006604  max_dA_fwd=-3.982e-06
  [shape] epoch  45000  rmse=0.0002917  max_abs_dA=0.0008704  int_signed_dA=1.219e-12  int_abs_dA=2.258e-12  A_min=0.0006589  max_dA_fwd=-3.98e-06
  [shape] epoch  45250  rmse=0.0002997  max_abs_dA=0.0009207  int_signed_dA=1.45e-12  int_abs_dA=2.355e-12  A_min=0.0006588  max_dA_fwd=-3.983e-06
  [shape] epoch  45500  rmse=0.0002867  max_abs_dA=0.0009114  int_signed_dA=1.258e-12  int_abs_dA=2.217e-12  A_min=0.0006598  max_dA_fwd=-3.973e-06
  [shape] epoch  45750  rmse=0.0002834  max_abs_dA=0.0009641  int_signed_dA=3.257e-13  int_abs_dA=1.856e-12  A_min=0.0006575  max_dA_fwd=-3.951e-06
  [shape] epoch  46000  rmse=0.0002873  max_abs_dA=0.0008472  int_signed_dA=1.145e-12  int_abs_dA=2.206e-12  A_min=0.0006552  max_dA_fwd=-3.974e-06
  [shape] epoch  46250  rmse=0.000289  max_abs_dA=0.0008766  int_signed_dA=1.262e-12  int_abs_dA=2.239e-12  A_min=0.0006547  max_dA_fwd=-3.974e-06
  [shape] epoch  46500  rmse=0.0003116  max_abs_dA=0.001005  int_signed_dA=1.757e-12  int_abs_dA=2.453e-12  A_min=0.0006578  max_dA_fwd=-3.98e-06
  [shape] epoch  46750  rmse=0.0002904  max_abs_dA=0.001005  int_signed_dA=2.56e-13  int_abs_dA=1.882e-12  A_min=0.0006485  max_dA_fwd=-3.952e-06
  [shape] epoch  47000  rmse=0.0002954  max_abs_dA=0.0009187  int_signed_dA=1.459e-12  int_abs_dA=2.314e-12  A_min=0.0006548  max_dA_fwd=-3.973e-06
  [shape] epoch  47250  rmse=0.0002777  max_abs_dA=0.0008196  int_signed_dA=9.813e-13  int_abs_dA=2.085e-12  A_min=0.0006514  max_dA_fwd=-3.962e-06
  [shape] epoch  47500  rmse=0.0002788  max_abs_dA=0.0008094  int_signed_dA=9.105e-13  int_abs_dA=2.076e-12  A_min=0.0006507  max_dA_fwd=-3.961e-06
  [shape] epoch  47750  rmse=0.0002757  max_abs_dA=0.0008164  int_signed_dA=8.52e-13  int_abs_dA=2.032e-12  A_min=0.0006508  max_dA_fwd=-3.957e-06
  [shape] epoch  48000  rmse=0.0002876  max_abs_dA=0.0008773  int_signed_dA=1.32e-12  int_abs_dA=2.231e-12  A_min=0.0006494  max_dA_fwd=-3.967e-06
  [shape] epoch  48250  rmse=0.0002828  max_abs_dA=0.0008508  int_signed_dA=1.207e-12  int_abs_dA=2.178e-12  A_min=0.0006504  max_dA_fwd=-3.962e-06
  [shape] epoch  48500  rmse=0.0002945  max_abs_dA=0.0009009  int_signed_dA=1.472e-12  int_abs_dA=2.304e-12  A_min=0.0006498  max_dA_fwd=-3.968e-06
  [shape] epoch  48750  rmse=0.000281  max_abs_dA=0.0008635  int_signed_dA=1.227e-12  int_abs_dA=2.161e-12  A_min=0.0006476  max_dA_fwd=-3.96e-06
  [shape] epoch  49000  rmse=0.0002837  max_abs_dA=0.0008579  int_signed_dA=1.266e-12  int_abs_dA=2.189e-12  A_min=0.0006461  max_dA_fwd=-3.961e-06
  [shape] epoch  49250  rmse=0.0002743  max_abs_dA=0.0008281  int_signed_dA=1.056e-12  int_abs_dA=2.075e-12  A_min=0.0006469  max_dA_fwd=-3.954e-06
  [shape] epoch  49500  rmse=0.0003025  max_abs_dA=0.0009016  int_signed_dA=1.594e-12  int_abs_dA=2.365e-12  A_min=0.0006429  max_dA_fwd=-3.969e-06
  [shape] epoch  49750  rmse=0.0002837  max_abs_dA=0.0008677  int_signed_dA=1.311e-12  int_abs_dA=2.19e-12  A_min=0.0006433  max_dA_fwd=-3.959e-06
  [shape] epoch  50000  rmse=0.000289  max_abs_dA=0.0008823  int_signed_dA=1.413e-12  int_abs_dA=2.245e-12  A_min=0.0006438  max_dA_fwd=-3.961e-06
  [shape] epoch  50250  rmse=0.0002723  max_abs_dA=0.0008183  int_signed_dA=1.051e-12  int_abs_dA=2.054e-12  A_min=0.0006424  max_dA_fwd=-3.95e-06
  [shape] epoch  50500  rmse=0.0002744  max_abs_dA=0.0008136  int_signed_dA=1.091e-12  int_abs_dA=2.08e-12  A_min=0.0006411  max_dA_fwd=-3.951e-06
  [shape] epoch  50750  rmse=0.0002761  max_abs_dA=0.0008277  int_signed_dA=1.16e-12  int_abs_dA=2.105e-12  A_min=0.0006405  max_dA_fwd=-3.951e-06
  [shape] epoch  51000  rmse=0.0002724  max_abs_dA=0.000801  int_signed_dA=1.051e-12  int_abs_dA=2.055e-12  A_min=0.0006399  max_dA_fwd=-3.948e-06
  [shape] epoch  51250  rmse=0.0002694  max_abs_dA=0.0007897  int_signed_dA=9.787e-13  int_abs_dA=2.013e-12  A_min=0.0006389  max_dA_fwd=-3.945e-06
  [shape] epoch  51500  rmse=0.0002915  max_abs_dA=0.0008513  int_signed_dA=1.436e-12  int_abs_dA=2.257e-12  A_min=0.0006354  max_dA_fwd=-3.959e-06
  [shape] epoch  51750  rmse=0.0003025  max_abs_dA=0.0009373  int_signed_dA=1.685e-12  int_abs_dA=2.349e-12  A_min=0.000639  max_dA_fwd=-3.959e-06
  [shape] epoch  52000  rmse=0.0002837  max_abs_dA=0.0008456  int_signed_dA=1.339e-12  int_abs_dA=2.183e-12  A_min=0.000635  max_dA_fwd=-3.953e-06
  [shape] epoch  52250  rmse=0.0002747  max_abs_dA=0.0008273  int_signed_dA=1.193e-12  int_abs_dA=2.094e-12  A_min=0.0006358  max_dA_fwd=-3.946e-06
  [shape] epoch  52500  rmse=0.0002617  max_abs_dA=0.0007988  int_signed_dA=7.257e-13  int_abs_dA=1.874e-12  A_min=0.000635  max_dA_fwd=-3.934e-06
  [shape] epoch  52750  rmse=0.0002627  max_abs_dA=0.0008344  int_signed_dA=6.138e-13  int_abs_dA=1.84e-12  A_min=0.0006327  max_dA_fwd=-3.932e-06
  [shape] epoch  53000  rmse=0.0002744  max_abs_dA=0.0008358  int_signed_dA=1.226e-12  int_abs_dA=2.091e-12  A_min=0.0006334  max_dA_fwd=-3.944e-06
  [shape] epoch  53250  rmse=0.0002722  max_abs_dA=0.0008155  int_signed_dA=1.165e-12  int_abs_dA=2.065e-12  A_min=0.0006322  max_dA_fwd=-3.942e-06
  [shape] epoch  53500  rmse=0.0002716  max_abs_dA=0.0008157  int_signed_dA=1.164e-12  int_abs_dA=2.059e-12  A_min=0.0006319  max_dA_fwd=-3.941e-06
  [shape] epoch  53750  rmse=0.0002694  max_abs_dA=0.000809  int_signed_dA=1.125e-12  int_abs_dA=2.034e-12  A_min=0.0006312  max_dA_fwd=-3.939e-06
  [shape] epoch  54000  rmse=0.0002764  max_abs_dA=0.0008785  int_signed_dA=1.348e-12  int_abs_dA=2.113e-12  A_min=0.0006331  max_dA_fwd=-3.94e-06
  [shape] epoch  54250  rmse=0.0002662  max_abs_dA=0.000791  int_signed_dA=1.055e-12  int_abs_dA=1.994e-12  A_min=0.0006295  max_dA_fwd=-3.936e-06
  [shape] epoch  54500  rmse=0.0002671  max_abs_dA=0.0008011  int_signed_dA=1.1e-12  int_abs_dA=2.009e-12  A_min=0.000629  max_dA_fwd=-3.936e-06
  [shape] epoch  54750  rmse=0.0002794  max_abs_dA=0.000859  int_signed_dA=1.374e-12  int_abs_dA=2.138e-12  A_min=0.0006294  max_dA_fwd=-3.94e-06
  [shape] epoch  55000  rmse=0.0002698  max_abs_dA=0.0008184  int_signed_dA=1.187e-12  int_abs_dA=2.041e-12  A_min=0.0006275  max_dA_fwd=-3.936e-06
  [shape] epoch  55250  rmse=0.0002654  max_abs_dA=0.0007958  int_signed_dA=1.086e-12  int_abs_dA=1.99e-12  A_min=0.0006269  max_dA_fwd=-3.933e-06
  [shape] epoch  55500  rmse=0.0002644  max_abs_dA=0.000791  int_signed_dA=1.068e-12  int_abs_dA=1.977e-12  A_min=0.0006261  max_dA_fwd=-3.931e-06
  [shape] epoch  55750  rmse=0.0002656  max_abs_dA=0.0007937  int_signed_dA=1.101e-12  int_abs_dA=1.992e-12  A_min=0.0006254  max_dA_fwd=-3.931e-06
  [shape] epoch  56000  rmse=0.0002641  max_abs_dA=0.0007842  int_signed_dA=1.066e-12  int_abs_dA=1.974e-12  A_min=0.0006247  max_dA_fwd=-3.93e-06
  [shape] epoch  56250  rmse=0.0002744  max_abs_dA=0.0008274  int_signed_dA=1.292e-12  int_abs_dA=2.084e-12  A_min=0.000624  max_dA_fwd=-3.935e-06
  [shape] epoch  56500  rmse=0.0002596  max_abs_dA=0.0007655  int_signed_dA=9.693e-13  int_abs_dA=1.918e-12  A_min=0.0006233  max_dA_fwd=-3.926e-06
  [shape] epoch  56750  rmse=0.0002647  max_abs_dA=0.0007936  int_signed_dA=1.115e-12  int_abs_dA=1.983e-12  A_min=0.0006227  max_dA_fwd=-3.928e-06
  [shape] epoch  57000  rmse=0.0002668  max_abs_dA=0.0008091  int_signed_dA=1.179e-12  int_abs_dA=2.008e-12  A_min=0.0006228  max_dA_fwd=-3.928e-06
  [shape] epoch  57250  rmse=0.0002617  max_abs_dA=0.0007802  int_signed_dA=1.058e-12  int_abs_dA=1.948e-12  A_min=0.0006214  max_dA_fwd=-3.925e-06
  [shape] epoch  57500  rmse=0.0002664  max_abs_dA=0.0008061  int_signed_dA=1.18e-12  int_abs_dA=2.002e-12  A_min=0.0006212  max_dA_fwd=-3.927e-06
  [shape] epoch  57750  rmse=0.0002767  max_abs_dA=0.0008368  int_signed_dA=1.363e-12  int_abs_dA=2.098e-12  A_min=0.0006205  max_dA_fwd=-3.93e-06
  [shape] epoch  58000  rmse=0.0002583  max_abs_dA=0.0007685  int_signed_dA=1e-12  int_abs_dA=1.907e-12  A_min=0.0006194  max_dA_fwd=-3.921e-06
  [shape] epoch  58250  rmse=0.000263  max_abs_dA=0.0007919  int_signed_dA=1.125e-12  int_abs_dA=1.965e-12  A_min=0.0006194  max_dA_fwd=-3.923e-06
  [shape] epoch  58500  rmse=0.00026  max_abs_dA=0.0007785  int_signed_dA=1.062e-12  int_abs_dA=1.93e-12  A_min=0.0006183  max_dA_fwd=-3.921e-06
  [shape] epoch  58750  rmse=0.0002579  max_abs_dA=0.0007672  int_signed_dA=1.015e-12  int_abs_dA=1.905e-12  A_min=0.0006182  max_dA_fwd=-3.919e-06
  [shape] epoch  59000  rmse=0.0002558  max_abs_dA=0.0007785  int_signed_dA=1.013e-12  int_abs_dA=1.887e-12  A_min=0.0006182  max_dA_fwd=-3.916e-06
  [shape] epoch  59250  rmse=0.0002588  max_abs_dA=0.0007755  int_signed_dA=1.057e-12  int_abs_dA=1.917e-12  A_min=0.0006167  max_dA_fwd=-3.918e-06
  [shape] epoch  59500  rmse=0.0002467  max_abs_dA=0.0007966  int_signed_dA=5.264e-13  int_abs_dA=1.673e-12  A_min=0.0006158  max_dA_fwd=-3.904e-06
  [shape] epoch  59750  rmse=0.0002587  max_abs_dA=0.0007772  int_signed_dA=1.074e-12  int_abs_dA=1.918e-12  A_min=0.0006162  max_dA_fwd=-3.916e-06
  [shape] epoch  59999  rmse=0.0002585  max_abs_dA=0.0007795  int_signed_dA=1.079e-12  int_abs_dA=1.915e-12  A_min=0.000615  max_dA_fwd=-3.915e-06
[spectral-pn] spn-L1.5-s42: loss 1.246e-01 -> 4.743e-08 (x2626505 drop)
[spectral-pn] RMSE=0.0003 max|dA|=0.0008 gamma_eff=7.4211e+08 gamma_ratio=0.9992
[spectral-pn] snapshot=final best_epoch=59999 best_loss=4.743e-08 final_loss=4.743e-08
[spectral-pn-shape] cancel=0.564 int_signed_dA=1.0790e-12 int_abs_dA=1.9147e-12 A_min=6.1496e-04 max_dA_fwd=-3.9155e-06
[spectral-pn] saved: runs/transient/pn_sumrule_ladder_1d/ladder_L1.5_1d
