[spectral-pn] case: L=0.01 um, Nk=20, L_max=8, run=20260907_102035
[spectral-pn] window t_end=1.622e-11 s (2.4 tau_ref), gamma_dom=4.3167e+11 Hz
[spectral-pn] window mode=n_decay rule=n_decay (t_1% at 0.01*A0: nan s; n_dec=7/gamma_dom: 1.6216e-11 s)
  epoch      0  residual 4.015e-03
  epoch    250  residual 9.693e-06
  epoch    500  residual 6.835e-06
  epoch    750  residual 6.333e-06
  epoch   1000  residual 5.772e-06
  epoch   1250  residual 4.808e-06
  epoch   1500  residual 4.100e-06
  epoch   1750  residual 3.274e-06
  epoch   2000  residual 2.766e-06
  epoch   2250  residual 2.579e-06
  epoch   2500  residual 2.170e-06
  epoch   2750  residual 1.905e-06
  epoch   3000  residual 1.706e-06
  epoch   3250  residual 1.523e-06
  epoch   3500  residual 1.397e-06
  epoch   3750  residual 1.275e-06
  epoch   4000  residual 1.163e-06
  epoch   4250  residual 1.048e-06
  epoch   4500  residual 9.271e-07
  epoch   4750  residual 1.057e-06
  epoch   5000  residual 7.644e-07
  epoch   5250  residual 6.680e-07
  epoch   5500  residual 6.082e-07
  epoch   5750  residual 5.296e-07
  epoch   6000  residual 4.702e-07
  epoch   6250  residual 4.912e-07
  epoch   6500  residual 4.021e-07
  epoch   6750  residual 3.775e-07
  epoch   7000  residual 4.545e-07
  epoch   7250  residual 4.805e-07
  epoch   7500  residual 3.388e-07
  epoch   7750  residual 3.275e-07
  epoch   8000  residual 3.549e-07
  epoch   8250  residual 3.498e-07
  epoch   8500  residual 5.587e-07
  epoch   8750  residual 3.457e-07
  epoch   9000  residual 8.354e-07
  epoch   9250  residual 2.273e-07
  epoch   9500  residual 2.122e-07
  epoch   9750  residual 2.336e-07
  epoch  10000  residual 6.350e-07
  epoch  10250  residual 2.346e-07
  epoch  10500  residual 2.208e-07
  epoch  10750  residual 2.495e-07
  epoch  11000  residual 6.784e-07
  epoch  11250  residual 1.778e-07
  epoch  11500  residual 2.884e-07
  epoch  11750  residual 2.335e-07
  epoch  12000  residual 1.638e-07
  epoch  12250  residual 1.608e-07
  epoch  12500  residual 1.781e-07
  epoch  12750  residual 1.695e-07
  epoch  13000  residual 1.782e-07
  epoch  13250  residual 2.065e-07
  epoch  13500  residual 1.965e-07
  epoch  13750  residual 1.501e-07
  epoch  14000  residual 1.480e-07
  epoch  14250  residual 1.919e-07
  epoch  14500  residual 1.932e-07
  epoch  14750  residual 1.567e-07
  epoch  15000  residual 1.708e-07
  epoch  15250  residual 1.644e-07
  epoch  15500  residual 1.585e-07
  epoch  15750  residual 3.897e-07
  epoch  16000  residual 3.017e-07
  epoch  16250  residual 1.607e-07
  epoch  16500  residual 1.586e-07
  epoch  16750  residual 1.287e-07
  epoch  17000  residual 1.726e-07
  epoch  17250  residual 1.523e-07
  epoch  17500  residual 2.207e-07
  epoch  17750  residual 1.891e-07
  epoch  18000  residual 1.220e-07
  epoch  18250  residual 1.498e-07
  epoch  18500  residual 1.233e-07
  epoch  18750  residual 1.364e-07
  epoch  19000  residual 1.118e-07
  epoch  19250  residual 1.197e-07
  epoch  19500  residual 1.433e-07
  epoch  19750  residual 1.189e-07
  epoch  20000  residual 1.283e-07
  epoch  20250  residual 1.498e-07
  epoch  20500  residual 2.124e-07
  epoch  20750  residual 1.132e-07
  epoch  21000  residual 1.584e-07
  epoch  21250  residual 1.185e-07
  epoch  21500  residual 1.015e-07
  epoch  21750  residual 1.686e-07
  epoch  22000  residual 1.329e-07
  epoch  22250  residual 1.067e-07
  epoch  22500  residual 9.923e-08
  epoch  22750  residual 1.053e-07
  epoch  23000  residual 9.608e-08
  epoch  23250  residual 9.799e-08
  epoch  23500  residual 9.196e-08
  epoch  23750  residual 1.168e-07
  epoch  24000  residual 1.131e-07
  epoch  24250  residual 9.460e-08
  epoch  24500  residual 1.101e-07
  epoch  24750  residual 1.045e-07
  epoch  25000  residual 8.921e-08
  epoch  25250  residual 8.845e-08
  epoch  25500  residual 1.158e-07
  epoch  25750  residual 1.179e-07
  epoch  26000  residual 1.131e-07
  epoch  26250  residual 9.330e-08
  epoch  26500  residual 8.802e-08
  epoch  26750  residual 8.187e-08
  epoch  27000  residual 8.715e-08
  epoch  27250  residual 9.318e-08
  epoch  27500  residual 1.037e-07
  epoch  27750  residual 8.591e-08
  epoch  28000  residual 9.121e-08
  epoch  28250  residual 1.054e-07
  epoch  28500  residual 8.886e-08
  epoch  28750  residual 8.654e-08
  epoch  29000  residual 9.937e-08
  epoch  29250  residual 8.145e-08
  epoch  29500  residual 8.574e-08
  epoch  29750  residual 1.065e-07
  epoch  30000  residual 7.707e-08
  epoch  30250  residual 7.709e-08
  epoch  30500  residual 7.669e-08
  epoch  30750  residual 9.876e-08
  epoch  31000  residual 8.682e-08
  epoch  31250  residual 1.209e-07
  epoch  31500  residual 7.218e-08
  epoch  31750  residual 7.597e-08
  epoch  32000  residual 7.248e-08
  epoch  32250  residual 6.869e-08
  epoch  32500  residual 7.079e-08
  epoch  32750  residual 7.625e-08
  epoch  33000  residual 8.209e-08
  epoch  33250  residual 7.175e-08
  epoch  33500  residual 9.579e-08
  epoch  33750  residual 8.305e-08
  epoch  34000  residual 8.440e-08
  epoch  34250  residual 6.890e-08
  epoch  34500  residual 7.194e-08
  epoch  34750  residual 6.891e-08
  epoch  35000  residual 6.877e-08
  epoch  35250  residual 6.544e-08
  epoch  35500  residual 6.400e-08
  epoch  35750  residual 6.219e-08
  epoch  36000  residual 6.307e-08
  epoch  36250  residual 7.100e-08
  epoch  36500  residual 6.580e-08
  epoch  36750  residual 5.874e-08
  epoch  37000  residual 5.835e-08
  epoch  37250  residual 5.784e-08
  epoch  37500  residual 5.609e-08
  epoch  37750  residual 6.138e-08
  epoch  38000  residual 5.404e-08
  epoch  38250  residual 5.456e-08
  epoch  38500  residual 5.303e-08
  epoch  38750  residual 5.314e-08
  epoch  39000  residual 5.232e-08
  epoch  39250  residual 5.509e-08
  epoch  39500  residual 5.249e-08
  epoch  39750  residual 4.935e-08
  epoch  40000  residual 5.107e-08
  epoch  40250  residual 4.835e-08
  epoch  40500  residual 4.667e-08
  epoch  40750  residual 4.654e-08
  epoch  41000  residual 4.557e-08
  epoch  41250  residual 5.194e-08
  epoch  41500  residual 4.513e-08
  epoch  41750  residual 4.702e-08
  epoch  42000  residual 4.340e-08
  epoch  42250  residual 4.306e-08
  epoch  42500  residual 4.360e-08
  epoch  42750  residual 4.211e-08
  epoch  43000  residual 6.323e-08
  epoch  43250  residual 4.098e-08
  epoch  43500  residual 4.208e-08
  epoch  43750  residual 4.160e-08
  epoch  44000  residual 4.014e-08
  epoch  44250  residual 3.922e-08
  epoch  44500  residual 3.899e-08
  epoch  44750  residual 4.037e-08
  epoch  45000  residual 3.789e-08
  epoch  45250  residual 3.996e-08
  epoch  45500  residual 4.104e-08
  epoch  45750  residual 3.950e-08
  epoch  46000  residual 3.731e-08
  epoch  46250  residual 3.607e-08
  epoch  46500  residual 3.609e-08
  epoch  46750  residual 4.007e-08
  epoch  47000  residual 3.555e-08
  epoch  47250  residual 3.525e-08
  epoch  47500  residual 3.708e-08
  epoch  47750  residual 3.443e-08
  epoch  48000  residual 3.851e-08
  epoch  48250  residual 3.403e-08
  epoch  48500  residual 3.553e-08
  epoch  48750  residual 3.423e-08
  epoch  49000  residual 3.622e-08
  epoch  49250  residual 3.407e-08
  epoch  49500  residual 3.287e-08
  epoch  49750  residual 3.266e-08
  epoch  50000  residual 3.332e-08
  epoch  50250  residual 3.225e-08
  epoch  50500  residual 3.734e-08
  epoch  50750  residual 3.271e-08
  epoch  51000  residual 3.178e-08
  epoch  51250  residual 3.206e-08
  epoch  51500  residual 3.256e-08
  epoch  51750  residual 3.122e-08
  epoch  52000  residual 3.195e-08
  epoch  52250  residual 3.128e-08
  epoch  52500  residual 3.083e-08
  epoch  52750  residual 3.065e-08
  epoch  53000  residual 3.054e-08
  epoch  53250  residual 3.077e-08
  epoch  53500  residual 3.024e-08
  epoch  53750  residual 3.036e-08
  epoch  54000  residual 2.998e-08
  epoch  54250  residual 2.987e-08
  epoch  54500  residual 3.035e-08
  epoch  54750  residual 3.033e-08
  epoch  55000  residual 2.955e-08
  epoch  55250  residual 2.942e-08
  epoch  55500  residual 2.933e-08
  epoch  55750  residual 2.960e-08
  epoch  56000  residual 2.921e-08
  epoch  56250  residual 2.900e-08
  epoch  56500  residual 2.900e-08
  epoch  56750  residual 2.882e-08
  epoch  57000  residual 2.917e-08
  epoch  57250  residual 2.875e-08
  epoch  57500  residual 2.853e-08
  epoch  57750  residual 2.894e-08
  epoch  58000  residual 2.837e-08
  epoch  58250  residual 2.843e-08
  epoch  58500  residual 2.818e-08
  epoch  58750  residual 2.900e-08
  epoch  59000  residual 2.801e-08
  epoch  59250  residual 2.794e-08
  epoch  59500  residual 2.786e-08
  epoch  59750  residual 2.776e-08
  epoch  59999  residual 2.771e-08
  [gamma] epoch      0  gamma_ratio 0.6947  residual 4.015e-03
  [gamma] epoch    250  gamma_ratio 1.4359  residual 9.693e-06
  [gamma] epoch    500  gamma_ratio 1.3800  residual 6.835e-06
  [gamma] epoch    750  gamma_ratio 1.2225  residual 6.333e-06
  [gamma] epoch   1000  gamma_ratio 0.9280  residual 5.772e-06
  [gamma] epoch   1250  gamma_ratio 0.9428  residual 4.808e-06
  [gamma] epoch   1500  gamma_ratio 0.9715  residual 4.100e-06
  [gamma] epoch   1750  gamma_ratio 0.9587  residual 3.274e-06
  [gamma] epoch   2000  gamma_ratio 0.9772  residual 2.766e-06
  [gamma] epoch   2250  gamma_ratio 0.9698  residual 2.579e-06
  [gamma] epoch   2500  gamma_ratio 0.9731  residual 2.170e-06
  [gamma] epoch   2750  gamma_ratio 0.9772  residual 1.905e-06
  [gamma] epoch   3000  gamma_ratio 0.9817  residual 1.706e-06
  [gamma] epoch   3250  gamma_ratio 0.9897  residual 1.523e-06
  [gamma] epoch   3500  gamma_ratio 0.9959  residual 1.397e-06
  [gamma] epoch   3750  gamma_ratio 1.0029  residual 1.275e-06
  [gamma] epoch   4000  gamma_ratio 1.0079  residual 1.163e-06
  [gamma] epoch   4250  gamma_ratio 1.0119  residual 1.048e-06
  [gamma] epoch   4500  gamma_ratio 1.0142  residual 9.271e-07
  [gamma] epoch   4750  gamma_ratio 1.0146  residual 1.057e-06
  [gamma] epoch   5000  gamma_ratio 1.0078  residual 7.644e-07
  [gamma] epoch   5250  gamma_ratio 1.0054  residual 6.680e-07
  [gamma] epoch   5500  gamma_ratio 1.0031  residual 6.082e-07
  [gamma] epoch   5750  gamma_ratio 1.0038  residual 5.296e-07
  [gamma] epoch   6000  gamma_ratio 1.0039  residual 4.702e-07
  [gamma] epoch   6250  gamma_ratio 1.0089  residual 4.912e-07
  [gamma] epoch   6500  gamma_ratio 1.0059  residual 4.021e-07
  [gamma] epoch   6750  gamma_ratio 1.0042  residual 3.775e-07
  [gamma] epoch   7000  gamma_ratio 1.0065  residual 4.545e-07
  [gamma] epoch   7250  gamma_ratio 1.0061  residual 4.805e-07
  [gamma] epoch   7500  gamma_ratio 1.0036  residual 3.388e-07
  [gamma] epoch   7750  gamma_ratio 1.0051  residual 3.275e-07
  [gamma] epoch   8000  gamma_ratio 1.0031  residual 3.549e-07
  [gamma] epoch   8250  gamma_ratio 1.0015  residual 3.498e-07
  [gamma] epoch   8500  gamma_ratio 1.0034  residual 5.587e-07
  [gamma] epoch   8750  gamma_ratio 1.0055  residual 3.457e-07
  [gamma] epoch   9000  gamma_ratio 1.0005  residual 8.354e-07
  [gamma] epoch   9250  gamma_ratio 1.0018  residual 2.273e-07
  [gamma] epoch   9500  gamma_ratio 1.0029  residual 2.122e-07
  [gamma] epoch   9750  gamma_ratio 1.0024  residual 2.336e-07
  [gamma] epoch  10000  gamma_ratio 1.0116  residual 6.350e-07
  [gamma] epoch  10250  gamma_ratio 1.0037  residual 2.346e-07
  [gamma] epoch  10500  gamma_ratio 1.0027  residual 2.208e-07
  [gamma] epoch  10750  gamma_ratio 1.0006  residual 2.495e-07
  [gamma] epoch  11000  gamma_ratio 1.0078  residual 6.784e-07
  [gamma] epoch  11250  gamma_ratio 1.0024  residual 1.778e-07
  [gamma] epoch  11500  gamma_ratio 1.0003  residual 2.884e-07
  [gamma] epoch  11750  gamma_ratio 1.0008  residual 2.335e-07
  [gamma] epoch  12000  gamma_ratio 1.0008  residual 1.638e-07
  [gamma] epoch  12250  gamma_ratio 1.0018  residual 1.608e-07
  [gamma] epoch  12500  gamma_ratio 1.0001  residual 1.781e-07
  [gamma] epoch  12750  gamma_ratio 1.0009  residual 1.695e-07
  [gamma] epoch  13000  gamma_ratio 1.0023  residual 1.782e-07
  [gamma] epoch  13250  gamma_ratio 0.9955  residual 2.065e-07
  [gamma] epoch  13500  gamma_ratio 1.0003  residual 1.965e-07
  [gamma] epoch  13750  gamma_ratio 1.0014  residual 1.501e-07
  [gamma] epoch  14000  gamma_ratio 1.0007  residual 1.480e-07
  [gamma] epoch  14250  gamma_ratio 1.0002  residual 1.919e-07
  [gamma] epoch  14500  gamma_ratio 1.0035  residual 1.932e-07
  [gamma] epoch  14750  gamma_ratio 1.0000  residual 1.567e-07
  [gamma] epoch  15000  gamma_ratio 1.0026  residual 1.708e-07
  [gamma] epoch  15250  gamma_ratio 1.0014  residual 1.644e-07
  [gamma] epoch  15500  gamma_ratio 0.9988  residual 1.585e-07
  [gamma] epoch  15750  gamma_ratio 0.9969  residual 3.897e-07
  [gamma] epoch  16000  gamma_ratio 1.0008  residual 3.017e-07
  [gamma] epoch  16250  gamma_ratio 1.0008  residual 1.607e-07
  [gamma] epoch  16500  gamma_ratio 1.0009  residual 1.586e-07
  [gamma] epoch  16750  gamma_ratio 1.0017  residual 1.287e-07
  [gamma] epoch  17000  gamma_ratio 1.0004  residual 1.726e-07
  [gamma] epoch  17250  gamma_ratio 0.9978  residual 1.523e-07
  [gamma] epoch  17500  gamma_ratio 1.0050  residual 2.207e-07
  [gamma] epoch  17750  gamma_ratio 0.9999  residual 1.891e-07
  [gamma] epoch  18000  gamma_ratio 0.9985  residual 1.220e-07
  [gamma] epoch  18250  gamma_ratio 0.9972  residual 1.498e-07
  [gamma] epoch  18500  gamma_ratio 1.0001  residual 1.233e-07
  [gamma] epoch  18750  gamma_ratio 1.0004  residual 1.364e-07
  [gamma] epoch  19000  gamma_ratio 1.0001  residual 1.118e-07
  [gamma] epoch  19250  gamma_ratio 0.9983  residual 1.197e-07
  [gamma] epoch  19500  gamma_ratio 1.0020  residual 1.433e-07
  [gamma] epoch  19750  gamma_ratio 0.9987  residual 1.189e-07
  [gamma] epoch  20000  gamma_ratio 0.9995  residual 1.283e-07
  [gamma] epoch  20250  gamma_ratio 0.9996  residual 1.498e-07
  [gamma] epoch  20500  gamma_ratio 0.9959  residual 2.124e-07
  [gamma] epoch  20750  gamma_ratio 0.9986  residual 1.132e-07
  [gamma] epoch  21000  gamma_ratio 0.9995  residual 1.584e-07
  [gamma] epoch  21250  gamma_ratio 0.9988  residual 1.185e-07
  [gamma] epoch  21500  gamma_ratio 0.9983  residual 1.015e-07
  [gamma] epoch  21750  gamma_ratio 0.9969  residual 1.686e-07
  [gamma] epoch  22000  gamma_ratio 1.0013  residual 1.329e-07
  [gamma] epoch  22250  gamma_ratio 0.9985  residual 1.067e-07
  [gamma] epoch  22500  gamma_ratio 0.9985  residual 9.923e-08
  [gamma] epoch  22750  gamma_ratio 0.9964  residual 1.053e-07
  [gamma] epoch  23000  gamma_ratio 0.9990  residual 9.608e-08
  [gamma] epoch  23250  gamma_ratio 0.9982  residual 9.799e-08
  [gamma] epoch  23500  gamma_ratio 0.9991  residual 9.196e-08
  [gamma] epoch  23750  gamma_ratio 0.9979  residual 1.168e-07
  [gamma] epoch  24000  gamma_ratio 0.9985  residual 1.131e-07
  [gamma] epoch  24250  gamma_ratio 0.9989  residual 9.460e-08
  [gamma] epoch  24500  gamma_ratio 1.0004  residual 1.101e-07
  [gamma] epoch  24750  gamma_ratio 0.9987  residual 1.045e-07
  [gamma] epoch  25000  gamma_ratio 0.9994  residual 8.921e-08
  [gamma] epoch  25250  gamma_ratio 0.9990  residual 8.845e-08
  [gamma] epoch  25500  gamma_ratio 0.9985  residual 1.158e-07
  [gamma] epoch  25750  gamma_ratio 0.9976  residual 1.179e-07
  [gamma] epoch  26000  gamma_ratio 1.0003  residual 1.131e-07
  [gamma] epoch  26250  gamma_ratio 0.9988  residual 9.330e-08
  [gamma] epoch  26500  gamma_ratio 0.9996  residual 8.802e-08
  [gamma] epoch  26750  gamma_ratio 0.9983  residual 8.187e-08
  [gamma] epoch  27000  gamma_ratio 0.9983  residual 8.715e-08
  [gamma] epoch  27250  gamma_ratio 0.9990  residual 9.318e-08
  [gamma] epoch  27500  gamma_ratio 0.9984  residual 1.037e-07
  [gamma] epoch  27750  gamma_ratio 0.9976  residual 8.591e-08
  [gamma] epoch  28000  gamma_ratio 0.9972  residual 9.121e-08
  [gamma] epoch  28250  gamma_ratio 0.9977  residual 1.054e-07
  [gamma] epoch  28500  gamma_ratio 0.9978  residual 8.886e-08
  [gamma] epoch  28750  gamma_ratio 0.9984  residual 8.654e-08
  [gamma] epoch  29000  gamma_ratio 0.9997  residual 9.937e-08
  [gamma] epoch  29250  gamma_ratio 0.9971  residual 8.145e-08
  [gamma] epoch  29500  gamma_ratio 0.9974  residual 8.574e-08
  [gamma] epoch  29750  gamma_ratio 1.0001  residual 1.065e-07
  [gamma] epoch  30000  gamma_ratio 0.9979  residual 7.707e-08
  [gamma] epoch  30250  gamma_ratio 0.9986  residual 7.709e-08
  [gamma] epoch  30500  gamma_ratio 0.9985  residual 7.669e-08
  [gamma] epoch  30750  gamma_ratio 0.9990  residual 9.876e-08
  [gamma] epoch  31000  gamma_ratio 0.9977  residual 8.682e-08
  [gamma] epoch  31250  gamma_ratio 0.9978  residual 1.209e-07
  [gamma] epoch  31500  gamma_ratio 0.9979  residual 7.218e-08
  [gamma] epoch  31750  gamma_ratio 0.9990  residual 7.597e-08
  [gamma] epoch  32000  gamma_ratio 0.9980  residual 7.248e-08
  [gamma] epoch  32250  gamma_ratio 0.9977  residual 6.869e-08
  [gamma] epoch  32500  gamma_ratio 0.9976  residual 7.079e-08
  [gamma] epoch  32750  gamma_ratio 0.9993  residual 7.625e-08
  [gamma] epoch  33000  gamma_ratio 0.9980  residual 8.209e-08
  [gamma] epoch  33250  gamma_ratio 0.9971  residual 7.175e-08
  [gamma] epoch  33500  gamma_ratio 0.9970  residual 9.579e-08
  [gamma] epoch  33750  gamma_ratio 0.9993  residual 8.305e-08
  [gamma] epoch  34000  gamma_ratio 0.9963  residual 8.440e-08
  [gamma] epoch  34250  gamma_ratio 0.9969  residual 6.890e-08
  [gamma] epoch  34500  gamma_ratio 0.9982  residual 7.194e-08
  [gamma] epoch  34750  gamma_ratio 0.9978  residual 6.891e-08
  [gamma] epoch  35000  gamma_ratio 0.9983  residual 6.877e-08
  [gamma] epoch  35250  gamma_ratio 0.9971  residual 6.544e-08
  [gamma] epoch  35500  gamma_ratio 0.9978  residual 6.400e-08
  [gamma] epoch  35750  gamma_ratio 0.9975  residual 6.219e-08
  [gamma] epoch  36000  gamma_ratio 0.9977  residual 6.307e-08
  [gamma] epoch  36250  gamma_ratio 0.9978  residual 7.100e-08
  [gamma] epoch  36500  gamma_ratio 0.9982  residual 6.580e-08
  [gamma] epoch  36750  gamma_ratio 0.9976  residual 5.874e-08
  [gamma] epoch  37000  gamma_ratio 0.9977  residual 5.835e-08
  [gamma] epoch  37250  gamma_ratio 0.9979  residual 5.784e-08
  [gamma] epoch  37500  gamma_ratio 0.9974  residual 5.609e-08
  [gamma] epoch  37750  gamma_ratio 0.9966  residual 6.138e-08
  [gamma] epoch  38000  gamma_ratio 0.9976  residual 5.404e-08
  [gamma] epoch  38250  gamma_ratio 0.9983  residual 5.456e-08
  [gamma] epoch  38500  gamma_ratio 0.9975  residual 5.303e-08
  [gamma] epoch  38750  gamma_ratio 0.9978  residual 5.314e-08
  [gamma] epoch  39000  gamma_ratio 0.9973  residual 5.232e-08
  [gamma] epoch  39250  gamma_ratio 0.9977  residual 5.509e-08
  [gamma] epoch  39500  gamma_ratio 0.9982  residual 5.249e-08
  [gamma] epoch  39750  gamma_ratio 0.9973  residual 4.935e-08
  [gamma] epoch  40000  gamma_ratio 0.9973  residual 5.107e-08
  [gamma] epoch  40250  gamma_ratio 0.9975  residual 4.835e-08
  [gamma] epoch  40500  gamma_ratio 0.9976  residual 4.667e-08
  [gamma] epoch  40750  gamma_ratio 0.9972  residual 4.654e-08
  [gamma] epoch  41000  gamma_ratio 0.9975  residual 4.557e-08
  [gamma] epoch  41250  gamma_ratio 0.9973  residual 5.194e-08
  [gamma] epoch  41500  gamma_ratio 0.9972  residual 4.513e-08
  [gamma] epoch  41750  gamma_ratio 0.9974  residual 4.702e-08
  [gamma] epoch  42000  gamma_ratio 0.9975  residual 4.340e-08
  [gamma] epoch  42250  gamma_ratio 0.9978  residual 4.306e-08
  [gamma] epoch  42500  gamma_ratio 0.9973  residual 4.360e-08
  [gamma] epoch  42750  gamma_ratio 0.9977  residual 4.211e-08
  [gamma] epoch  43000  gamma_ratio 0.9971  residual 6.323e-08
  [gamma] epoch  43250  gamma_ratio 0.9975  residual 4.098e-08
  [gamma] epoch  43500  gamma_ratio 0.9977  residual 4.208e-08
  [gamma] epoch  43750  gamma_ratio 0.9972  residual 4.160e-08
  [gamma] epoch  44000  gamma_ratio 0.9979  residual 4.014e-08
  [gamma] epoch  44250  gamma_ratio 0.9976  residual 3.922e-08
  [gamma] epoch  44500  gamma_ratio 0.9977  residual 3.899e-08
  [gamma] epoch  44750  gamma_ratio 0.9977  residual 4.037e-08
  [gamma] epoch  45000  gamma_ratio 0.9977  residual 3.789e-08
  [gamma] epoch  45250  gamma_ratio 0.9974  residual 3.996e-08
  [gamma] epoch  45500  gamma_ratio 0.9982  residual 4.104e-08
  [gamma] epoch  45750  gamma_ratio 0.9984  residual 3.950e-08
  [gamma] epoch  46000  gamma_ratio 0.9977  residual 3.731e-08
  [gamma] epoch  46250  gamma_ratio 0.9978  residual 3.607e-08
  [gamma] epoch  46500  gamma_ratio 0.9976  residual 3.609e-08
  [gamma] epoch  46750  gamma_ratio 0.9970  residual 4.007e-08
  [gamma] epoch  47000  gamma_ratio 0.9978  residual 3.555e-08
  [gamma] epoch  47250  gamma_ratio 0.9981  residual 3.525e-08
  [gamma] epoch  47500  gamma_ratio 0.9985  residual 3.708e-08
  [gamma] epoch  47750  gamma_ratio 0.9980  residual 3.443e-08
  [gamma] epoch  48000  gamma_ratio 0.9985  residual 3.851e-08
  [gamma] epoch  48250  gamma_ratio 0.9979  residual 3.403e-08
  [gamma] epoch  48500  gamma_ratio 0.9982  residual 3.553e-08
  [gamma] epoch  48750  gamma_ratio 0.9980  residual 3.423e-08
  [gamma] epoch  49000  gamma_ratio 0.9986  residual 3.622e-08
  [gamma] epoch  49250  gamma_ratio 0.9978  residual 3.407e-08
  [gamma] epoch  49500  gamma_ratio 0.9980  residual 3.287e-08
  [gamma] epoch  49750  gamma_ratio 0.9979  residual 3.266e-08
  [gamma] epoch  50000  gamma_ratio 0.9980  residual 3.332e-08
  [gamma] epoch  50250  gamma_ratio 0.9980  residual 3.225e-08
  [gamma] epoch  50500  gamma_ratio 0.9982  residual 3.734e-08
  [gamma] epoch  50750  gamma_ratio 0.9978  residual 3.271e-08
  [gamma] epoch  51000  gamma_ratio 0.9981  residual 3.178e-08
  [gamma] epoch  51250  gamma_ratio 0.9981  residual 3.206e-08
  [gamma] epoch  51500  gamma_ratio 0.9981  residual 3.256e-08
  [gamma] epoch  51750  gamma_ratio 0.9981  residual 3.122e-08
  [gamma] epoch  52000  gamma_ratio 0.9980  residual 3.195e-08
  [gamma] epoch  52250  gamma_ratio 0.9981  residual 3.128e-08
  [gamma] epoch  52500  gamma_ratio 0.9981  residual 3.083e-08
  [gamma] epoch  52750  gamma_ratio 0.9982  residual 3.065e-08
  [gamma] epoch  53000  gamma_ratio 0.9982  residual 3.054e-08
  [gamma] epoch  53250  gamma_ratio 0.9980  residual 3.077e-08
  [gamma] epoch  53500  gamma_ratio 0.9981  residual 3.024e-08
  [gamma] epoch  53750  gamma_ratio 0.9982  residual 3.036e-08
  [gamma] epoch  54000  gamma_ratio 0.9981  residual 2.998e-08
  [gamma] epoch  54250  gamma_ratio 0.9981  residual 2.987e-08
  [gamma] epoch  54500  gamma_ratio 0.9984  residual 3.035e-08
  [gamma] epoch  54750  gamma_ratio 0.9983  residual 3.033e-08
  [gamma] epoch  55000  gamma_ratio 0.9982  residual 2.955e-08
  [gamma] epoch  55250  gamma_ratio 0.9982  residual 2.942e-08
  [gamma] epoch  55500  gamma_ratio 0.9981  residual 2.933e-08
  [gamma] epoch  55750  gamma_ratio 0.9983  residual 2.960e-08
  [gamma] epoch  56000  gamma_ratio 0.9982  residual 2.921e-08
  [gamma] epoch  56250  gamma_ratio 0.9982  residual 2.900e-08
  [gamma] epoch  56500  gamma_ratio 0.9983  residual 2.900e-08
  [gamma] epoch  56750  gamma_ratio 0.9982  residual 2.882e-08
  [gamma] epoch  57000  gamma_ratio 0.9982  residual 2.917e-08
  [gamma] epoch  57250  gamma_ratio 0.9982  residual 2.875e-08
  [gamma] epoch  57500  gamma_ratio 0.9982  residual 2.853e-08
  [gamma] epoch  57750  gamma_ratio 0.9982  residual 2.894e-08
  [gamma] epoch  58000  gamma_ratio 0.9983  residual 2.837e-08
  [gamma] epoch  58250  gamma_ratio 0.9983  residual 2.843e-08
  [gamma] epoch  58500  gamma_ratio 0.9983  residual 2.818e-08
  [gamma] epoch  58750  gamma_ratio 0.9979  residual 2.900e-08
  [gamma] epoch  59000  gamma_ratio 0.9982  residual 2.801e-08
  [gamma] epoch  59250  gamma_ratio 0.9983  residual 2.794e-08
  [gamma] epoch  59500  gamma_ratio 0.9983  residual 2.786e-08
  [gamma] epoch  59750  gamma_ratio 0.9983  residual 2.776e-08
  [gamma] epoch  59999  gamma_ratio 0.9982  residual 2.771e-08
  [shape] epoch      0  rmse=0.1006  max_abs_dA=0.1664  int_signed_dA=1.159e-12  int_abs_dA=1.466e-12  A_min=0.05195  max_dA_fwd=3.637e-05
  [shape] epoch    250  rmse=0.09506  max_abs_dA=0.2555  int_signed_dA=-6.967e-13  int_abs_dA=8.677e-13  A_min=-0.01556  max_dA_fwd=0.000175
  [shape] epoch    500  rmse=0.09133  max_abs_dA=0.2403  int_signed_dA=-5.132e-13  int_abs_dA=8.65e-13  A_min=-0.002044  max_dA_fwd=0.0001777
  [shape] epoch    750  rmse=0.08594  max_abs_dA=0.2151  int_signed_dA=-2.93e-13  int_abs_dA=9.517e-13  A_min=0.01426  max_dA_fwd=0.0001558
  [shape] epoch   1000  rmse=0.04428  max_abs_dA=0.07206  int_signed_dA=3.137e-13  int_abs_dA=6.512e-13  A_min=0.02421  max_dA_fwd=9.321e-05
  [shape] epoch   1250  rmse=0.03673  max_abs_dA=0.06583  int_signed_dA=2.741e-13  int_abs_dA=5.184e-13  A_min=0.01339  max_dA_fwd=6.213e-05
  [shape] epoch   1500  rmse=0.03148  max_abs_dA=0.05686  int_signed_dA=2.009e-13  int_abs_dA=4.362e-13  A_min=0.009223  max_dA_fwd=7.071e-05
  [shape] epoch   1750  rmse=0.02824  max_abs_dA=0.0559  int_signed_dA=2.331e-13  int_abs_dA=3.66e-13  A_min=0.004397  max_dA_fwd=4.224e-05
  [shape] epoch   2000  rmse=0.02403  max_abs_dA=0.04935  int_signed_dA=1.784e-13  int_abs_dA=2.877e-13  A_min=-0.00355  max_dA_fwd=3.569e-05
  [shape] epoch   2250  rmse=0.02326  max_abs_dA=0.04845  int_signed_dA=1.789e-13  int_abs_dA=2.774e-13  A_min=-0.006605  max_dA_fwd=0.002428
  [shape] epoch   2500  rmse=0.02251  max_abs_dA=0.04696  int_signed_dA=1.548e-13  int_abs_dA=2.751e-13  A_min=-0.008954  max_dA_fwd=0.002761
  [shape] epoch   2750  rmse=0.02108  max_abs_dA=0.04386  int_signed_dA=1.194e-13  int_abs_dA=2.668e-13  A_min=-0.01015  max_dA_fwd=0.00147
  [shape] epoch   3000  rmse=0.0199  max_abs_dA=0.04172  int_signed_dA=1.118e-13  int_abs_dA=2.508e-13  A_min=-0.008901  max_dA_fwd=0.0009872
  [shape] epoch   3250  rmse=0.01766  max_abs_dA=0.03681  int_signed_dA=9.49e-14  int_abs_dA=2.242e-13  A_min=-0.008019  max_dA_fwd=0.0004517
  [shape] epoch   3500  rmse=0.01635  max_abs_dA=0.03451  int_signed_dA=8.699e-14  int_abs_dA=2.063e-13  A_min=-0.006975  max_dA_fwd=0.0003752
  [shape] epoch   3750  rmse=0.01493  max_abs_dA=0.032  int_signed_dA=7.97e-14  int_abs_dA=1.861e-13  A_min=-0.005972  max_dA_fwd=0.0003278
  [shape] epoch   4000  rmse=0.01392  max_abs_dA=0.03009  int_signed_dA=7.431e-14  int_abs_dA=1.714e-13  A_min=-0.005473  max_dA_fwd=0.0002545
  [shape] epoch   4250  rmse=0.0127  max_abs_dA=0.0275  int_signed_dA=6.673e-14  int_abs_dA=1.555e-13  A_min=-0.005062  max_dA_fwd=0.0001584
  [shape] epoch   4500  rmse=0.01109  max_abs_dA=0.02423  int_signed_dA=6.197e-14  int_abs_dA=1.351e-13  A_min=-0.005846  max_dA_fwd=8.949e-05
  [shape] epoch   4750  rmse=0.009251  max_abs_dA=0.02041  int_signed_dA=4.479e-14  int_abs_dA=1.171e-13  A_min=-0.009979  max_dA_fwd=7.322e-05
  [shape] epoch   5000  rmse=0.009428  max_abs_dA=0.02111  int_signed_dA=6.721e-14  int_abs_dA=1.144e-13  A_min=-0.0104  max_dA_fwd=7.372e-05
  [shape] epoch   5250  rmse=0.008565  max_abs_dA=0.01915  int_signed_dA=5.504e-14  int_abs_dA=1.074e-13  A_min=-0.01263  max_dA_fwd=7.515e-05
  [shape] epoch   5500  rmse=0.008548  max_abs_dA=0.01898  int_signed_dA=6.149e-14  int_abs_dA=1.06e-13  A_min=-0.01237  max_dA_fwd=7.205e-05
  [shape] epoch   5750  rmse=0.008035  max_abs_dA=0.01769  int_signed_dA=5.629e-14  int_abs_dA=1.013e-13  A_min=-0.01292  max_dA_fwd=7.404e-05
  [shape] epoch   6000  rmse=0.007386  max_abs_dA=0.01616  int_signed_dA=5.462e-14  int_abs_dA=9.265e-14  A_min=-0.01346  max_dA_fwd=8.006e-05
  [shape] epoch   6250  rmse=0.006557  max_abs_dA=0.01453  int_signed_dA=3.791e-14  int_abs_dA=8.511e-14  A_min=-0.01429  max_dA_fwd=8.479e-05
  [shape] epoch   6500  rmse=0.006754  max_abs_dA=0.01505  int_signed_dA=5.562e-14  int_abs_dA=8.353e-14  A_min=-0.01332  max_dA_fwd=8.842e-05
  [shape] epoch   6750  rmse=0.006398  max_abs_dA=0.01405  int_signed_dA=5.778e-14  int_abs_dA=7.907e-14  A_min=-0.01402  max_dA_fwd=9.704e-05
  [shape] epoch   7000  rmse=0.006539  max_abs_dA=0.01444  int_signed_dA=6.1e-14  int_abs_dA=8.047e-14  A_min=-0.01307  max_dA_fwd=0.0001014
  [shape] epoch   7250  rmse=0.005754  max_abs_dA=0.01231  int_signed_dA=4.887e-14  int_abs_dA=7.413e-14  A_min=-0.01515  max_dA_fwd=0.0001091
  [shape] epoch   7500  rmse=0.005828  max_abs_dA=0.01264  int_signed_dA=5.949e-14  int_abs_dA=7.127e-14  A_min=-0.01476  max_dA_fwd=0.0001143
  [shape] epoch   7750  rmse=0.005414  max_abs_dA=0.01194  int_signed_dA=5.217e-14  int_abs_dA=6.665e-14  A_min=-0.01536  max_dA_fwd=0.0001174
  [shape] epoch   8000  rmse=0.005489  max_abs_dA=0.0117  int_signed_dA=5.844e-14  int_abs_dA=6.737e-14  A_min=-0.01545  max_dA_fwd=0.0001247
  [shape] epoch   8250  rmse=0.005803  max_abs_dA=0.01238  int_signed_dA=6.557e-14  int_abs_dA=7.01e-14  A_min=-0.01485  max_dA_fwd=0.0001226
  [shape] epoch   8500  rmse=0.004676  max_abs_dA=0.009885  int_signed_dA=4.719e-14  int_abs_dA=5.836e-14  A_min=-0.01718  max_dA_fwd=0.0001325
  [shape] epoch   8750  rmse=0.004805  max_abs_dA=0.01041  int_signed_dA=4.628e-14  int_abs_dA=6.038e-14  A_min=-0.0166  max_dA_fwd=0.0001326
  [shape] epoch   9000  rmse=0.004878  max_abs_dA=0.01071  int_signed_dA=5.783e-14  int_abs_dA=5.926e-14  A_min=-0.01666  max_dA_fwd=0.0001342
  [shape] epoch   9250  rmse=0.004938  max_abs_dA=0.01081  int_signed_dA=5.723e-14  int_abs_dA=5.926e-14  A_min=-0.01631  max_dA_fwd=0.0001344
  [shape] epoch   9500  rmse=0.004705  max_abs_dA=0.01038  int_signed_dA=5.253e-14  int_abs_dA=5.647e-14  A_min=-0.01669  max_dA_fwd=0.0001367
  [shape] epoch   9750  rmse=0.005005  max_abs_dA=0.011  int_signed_dA=5.732e-14  int_abs_dA=6.115e-14  A_min=-0.01611  max_dA_fwd=0.0001361
  [shape] epoch  10000  rmse=0.004736  max_abs_dA=0.009421  int_signed_dA=3.055e-14  int_abs_dA=6.417e-14  A_min=-0.01728  max_dA_fwd=0.0001456
  [shape] epoch  10250  rmse=0.004576  max_abs_dA=0.01025  int_signed_dA=4.992e-14  int_abs_dA=5.533e-14  A_min=-0.01679  max_dA_fwd=0.0001384
  [shape] epoch  10500  rmse=0.0048  max_abs_dA=0.01041  int_signed_dA=5.42e-14  int_abs_dA=6.03e-14  A_min=-0.01652  max_dA_fwd=0.0001393
  [shape] epoch  10750  rmse=0.005358  max_abs_dA=0.01134  int_signed_dA=6.585e-14  int_abs_dA=6.852e-14  A_min=-0.01558  max_dA_fwd=0.0001403
  [shape] epoch  11000  rmse=0.004204  max_abs_dA=0.008306  int_signed_dA=3.182e-14  int_abs_dA=5.831e-14  A_min=-0.0184  max_dA_fwd=0.000149
  [shape] epoch  11250  rmse=0.004489  max_abs_dA=0.009762  int_signed_dA=5.212e-14  int_abs_dA=5.666e-14  A_min=-0.01711  max_dA_fwd=0.0001438
  [shape] epoch  11500  rmse=0.005148  max_abs_dA=0.01095  int_signed_dA=6.414e-14  int_abs_dA=6.581e-14  A_min=-0.01595  max_dA_fwd=0.0001413
  [shape] epoch  11750  rmse=0.005275  max_abs_dA=0.0112  int_signed_dA=6.461e-14  int_abs_dA=6.765e-14  A_min=-0.01568  max_dA_fwd=0.0001404
  [shape] epoch  12000  rmse=0.004487  max_abs_dA=0.009619  int_signed_dA=5.499e-14  int_abs_dA=5.753e-14  A_min=-0.01724  max_dA_fwd=0.0001445
  [shape] epoch  12250  rmse=0.004388  max_abs_dA=0.009362  int_signed_dA=5.176e-14  int_abs_dA=5.683e-14  A_min=-0.01742  max_dA_fwd=0.0001461
  [shape] epoch  12500  rmse=0.005205  max_abs_dA=0.01088  int_signed_dA=6.548e-14  int_abs_dA=6.764e-14  A_min=-0.01589  max_dA_fwd=0.000143
  [shape] epoch  12750  rmse=0.004574  max_abs_dA=0.009622  int_signed_dA=5.612e-14  int_abs_dA=5.962e-14  A_min=-0.01713  max_dA_fwd=0.0001461
  [shape] epoch  13000  rmse=0.004174  max_abs_dA=0.008937  int_signed_dA=4.783e-14  int_abs_dA=5.466e-14  A_min=-0.01783  max_dA_fwd=0.0001463
  [shape] epoch  13250  rmse=0.005395  max_abs_dA=0.01084  int_signed_dA=7.515e-14  int_abs_dA=7.515e-14  A_min=-0.01603  max_dA_fwd=0.0001421
  [shape] epoch  13500  rmse=0.004445  max_abs_dA=0.009359  int_signed_dA=5.598e-14  int_abs_dA=5.81e-14  A_min=-0.01736  max_dA_fwd=0.000146
  [shape] epoch  13750  rmse=0.00438  max_abs_dA=0.009242  int_signed_dA=5.277e-14  int_abs_dA=5.743e-14  A_min=-0.01745  max_dA_fwd=0.0001461
  [shape] epoch  14000  rmse=0.004262  max_abs_dA=0.009026  int_signed_dA=5.27e-14  int_abs_dA=5.584e-14  A_min=-0.01769  max_dA_fwd=0.0001458
  [shape] epoch  14250  rmse=0.004531  max_abs_dA=0.009701  int_signed_dA=5.747e-14  int_abs_dA=5.883e-14  A_min=-0.01706  max_dA_fwd=0.000143
  [shape] epoch  14500  rmse=0.004343  max_abs_dA=0.009142  int_signed_dA=4.765e-14  int_abs_dA=5.852e-14  A_min=-0.0175  max_dA_fwd=0.0001458
  [shape] epoch  14750  rmse=0.004543  max_abs_dA=0.00958  int_signed_dA=5.774e-14  int_abs_dA=5.966e-14  A_min=-0.01713  max_dA_fwd=0.0001432
  [shape] epoch  15000  rmse=0.004258  max_abs_dA=0.008988  int_signed_dA=4.84e-14  int_abs_dA=5.724e-14  A_min=-0.01767  max_dA_fwd=0.0001451
  [shape] epoch  15250  rmse=0.004447  max_abs_dA=0.009313  int_signed_dA=5.348e-14  int_abs_dA=5.902e-14  A_min=-0.01734  max_dA_fwd=0.0001446
  [shape] epoch  15500  rmse=0.004659  max_abs_dA=0.00969  int_signed_dA=6.164e-14  int_abs_dA=6.198e-14  A_min=-0.017  max_dA_fwd=0.0001433
  [shape] epoch  15750  rmse=0.004635  max_abs_dA=0.009445  int_signed_dA=6.445e-14  int_abs_dA=6.445e-14  A_min=-0.01725  max_dA_fwd=0.0001437
  [shape] epoch  16000  rmse=0.004078  max_abs_dA=0.008627  int_signed_dA=5e-14  int_abs_dA=5.407e-14  A_min=-0.01805  max_dA_fwd=0.0001448
  [shape] epoch  16250  rmse=0.004238  max_abs_dA=0.009008  int_signed_dA=5.263e-14  int_abs_dA=5.576e-14  A_min=-0.01764  max_dA_fwd=0.0001434
  [shape] epoch  16500  rmse=0.004551  max_abs_dA=0.009409  int_signed_dA=5.576e-14  int_abs_dA=6.081e-14  A_min=-0.01722  max_dA_fwd=0.0001444
  [shape] epoch  16750  rmse=0.004318  max_abs_dA=0.009063  int_signed_dA=5.162e-14  int_abs_dA=5.751e-14  A_min=-0.01756  max_dA_fwd=0.0001444
  [shape] epoch  17000  rmse=0.004613  max_abs_dA=0.009496  int_signed_dA=5.725e-14  int_abs_dA=6.17e-14  A_min=-0.01713  max_dA_fwd=0.0001437
  [shape] epoch  17250  rmse=0.004518  max_abs_dA=0.009265  int_signed_dA=6.133e-14  int_abs_dA=6.136e-14  A_min=-0.0174  max_dA_fwd=0.0001431
  [shape] epoch  17500  rmse=0.004107  max_abs_dA=0.008376  int_signed_dA=3.955e-14  int_abs_dA=5.804e-14  A_min=-0.01824  max_dA_fwd=0.0001462
  [shape] epoch  17750  rmse=0.004403  max_abs_dA=0.008914  int_signed_dA=5.545e-14  int_abs_dA=5.923e-14  A_min=-0.0177  max_dA_fwd=0.0001462
  [shape] epoch  18000  rmse=0.004486  max_abs_dA=0.009103  int_signed_dA=5.942e-14  int_abs_dA=6.053e-14  A_min=-0.01752  max_dA_fwd=0.0001443
  [shape] epoch  18250  rmse=0.004689  max_abs_dA=0.009557  int_signed_dA=6.477e-14  int_abs_dA=6.477e-14  A_min=-0.0171  max_dA_fwd=0.0001419
  [shape] epoch  18500  rmse=0.004252  max_abs_dA=0.008783  int_signed_dA=5.381e-14  int_abs_dA=5.689e-14  A_min=-0.01783  max_dA_fwd=0.0001448
  [shape] epoch  18750  rmse=0.004474  max_abs_dA=0.009116  int_signed_dA=5.548e-14  int_abs_dA=6.015e-14  A_min=-0.0175  max_dA_fwd=0.0001452
  [shape] epoch  19000  rmse=0.004289  max_abs_dA=0.008802  int_signed_dA=5.416e-14  int_abs_dA=5.754e-14  A_min=-0.01781  max_dA_fwd=0.000145
  [shape] epoch  19250  rmse=0.004609  max_abs_dA=0.009313  int_signed_dA=6.144e-14  int_abs_dA=6.224e-14  A_min=-0.01731  max_dA_fwd=0.0001436
  [shape] epoch  19500  rmse=0.004417  max_abs_dA=0.008909  int_signed_dA=5.075e-14  int_abs_dA=6.079e-14  A_min=-0.01772  max_dA_fwd=0.0001463
  [shape] epoch  19750  rmse=0.004458  max_abs_dA=0.009012  int_signed_dA=5.877e-14  int_abs_dA=6.011e-14  A_min=-0.0176  max_dA_fwd=0.0001447
  [shape] epoch  20000  rmse=0.004519  max_abs_dA=0.009291  int_signed_dA=5.861e-14  int_abs_dA=6.029e-14  A_min=-0.01732  max_dA_fwd=0.0001435
  [shape] epoch  20250  rmse=0.00445  max_abs_dA=0.008972  int_signed_dA=5.682e-14  int_abs_dA=5.982e-14  A_min=-0.01765  max_dA_fwd=0.000146
  [shape] epoch  20500  rmse=0.00476  max_abs_dA=0.009453  int_signed_dA=6.74e-14  int_abs_dA=6.74e-14  A_min=-0.01719  max_dA_fwd=0.0001421
  [shape] epoch  20750  rmse=0.004484  max_abs_dA=0.008982  int_signed_dA=5.921e-14  int_abs_dA=6.057e-14  A_min=-0.01763  max_dA_fwd=0.0001454
  [shape] epoch  21000  rmse=0.004541  max_abs_dA=0.009068  int_signed_dA=5.798e-14  int_abs_dA=6.126e-14  A_min=-0.01756  max_dA_fwd=0.0001463
  [shape] epoch  21250  rmse=0.004455  max_abs_dA=0.00891  int_signed_dA=5.85e-14  int_abs_dA=6.011e-14  A_min=-0.01771  max_dA_fwd=0.0001461
  [shape] epoch  21500  rmse=0.004325  max_abs_dA=0.008657  int_signed_dA=5.805e-14  int_abs_dA=5.866e-14  A_min=-0.01796  max_dA_fwd=0.000146
  [shape] epoch  21750  rmse=0.004664  max_abs_dA=0.009107  int_signed_dA=6.437e-14  int_abs_dA=6.438e-14  A_min=-0.01751  max_dA_fwd=0.0001454
  [shape] epoch  22000  rmse=0.00459  max_abs_dA=0.008914  int_signed_dA=5.319e-14  int_abs_dA=6.387e-14  A_min=-0.01776  max_dA_fwd=0.0001484
  [shape] epoch  22250  rmse=0.004443  max_abs_dA=0.008727  int_signed_dA=5.84e-14  int_abs_dA=6.032e-14  A_min=-0.0179  max_dA_fwd=0.0001472
  [shape] epoch  22500  rmse=0.004486  max_abs_dA=0.008895  int_signed_dA=5.94e-14  int_abs_dA=6.073e-14  A_min=-0.01773  max_dA_fwd=0.0001463
  [shape] epoch  22750  rmse=0.004546  max_abs_dA=0.008889  int_signed_dA=6.4e-14  int_abs_dA=6.4e-14  A_min=-0.01773  max_dA_fwd=0.0001452
  [shape] epoch  23000  rmse=0.00422  max_abs_dA=0.008447  int_signed_dA=5.526e-14  int_abs_dA=5.692e-14  A_min=-0.01818  max_dA_fwd=0.000147
  [shape] epoch  23250  rmse=0.004368  max_abs_dA=0.008705  int_signed_dA=5.885e-14  int_abs_dA=5.926e-14  A_min=-0.01791  max_dA_fwd=0.0001463
  [shape] epoch  23500  rmse=0.004319  max_abs_dA=0.00853  int_signed_dA=5.586e-14  int_abs_dA=5.841e-14  A_min=-0.01811  max_dA_fwd=0.0001478
  [shape] epoch  23750  rmse=0.004513  max_abs_dA=0.008788  int_signed_dA=6.053e-14  int_abs_dA=6.144e-14  A_min=-0.01784  max_dA_fwd=0.0001477
  [shape] epoch  24000  rmse=0.004375  max_abs_dA=0.008621  int_signed_dA=5.78e-14  int_abs_dA=5.929e-14  A_min=-0.01801  max_dA_fwd=0.0001475
  [shape] epoch  24250  rmse=0.00441  max_abs_dA=0.008636  int_signed_dA=5.718e-14  int_abs_dA=5.973e-14  A_min=-0.01801  max_dA_fwd=0.0001481
  [shape] epoch  24500  rmse=0.004233  max_abs_dA=0.008203  int_signed_dA=5.115e-14  int_abs_dA=5.805e-14  A_min=-0.01848  max_dA_fwd=0.0001504
  [shape] epoch  24750  rmse=0.004359  max_abs_dA=0.008557  int_signed_dA=5.728e-14  int_abs_dA=5.901e-14  A_min=-0.01808  max_dA_fwd=0.0001481
  [shape] epoch  25000  rmse=0.004203  max_abs_dA=0.008301  int_signed_dA=5.405e-14  int_abs_dA=5.672e-14  A_min=-0.01835  max_dA_fwd=0.0001488
  [shape] epoch  25250  rmse=0.004363  max_abs_dA=0.00846  int_signed_dA=5.609e-14  int_abs_dA=5.916e-14  A_min=-0.01821  max_dA_fwd=0.0001495
  [shape] epoch  25500  rmse=0.004165  max_abs_dA=0.008195  int_signed_dA=5.554e-14  int_abs_dA=5.652e-14  A_min=-0.01844  max_dA_fwd=0.0001486
  [shape] epoch  25750  rmse=0.004527  max_abs_dA=0.008709  int_signed_dA=6.108e-14  int_abs_dA=6.182e-14  A_min=-0.01793  max_dA_fwd=0.0001483
  [shape] epoch  26000  rmse=0.004462  max_abs_dA=0.00864  int_signed_dA=5.436e-14  int_abs_dA=6.111e-14  A_min=-0.01805  max_dA_fwd=0.0001498
  [shape] epoch  26250  rmse=0.004218  max_abs_dA=0.008188  int_signed_dA=5.512e-14  int_abs_dA=5.717e-14  A_min=-0.01848  max_dA_fwd=0.0001502
  [shape] epoch  26500  rmse=0.004249  max_abs_dA=0.008181  int_signed_dA=5.314e-14  int_abs_dA=5.785e-14  A_min=-0.01852  max_dA_fwd=0.0001511
  [shape] epoch  26750  rmse=0.004331  max_abs_dA=0.008329  int_signed_dA=5.719e-14  int_abs_dA=5.886e-14  A_min=-0.01834  max_dA_fwd=0.0001503
  [shape] epoch  27000  rmse=0.004312  max_abs_dA=0.008386  int_signed_dA=5.737e-14  int_abs_dA=5.851e-14  A_min=-0.01827  max_dA_fwd=0.0001495
  [shape] epoch  27250  rmse=0.004268  max_abs_dA=0.008185  int_signed_dA=5.484e-14  int_abs_dA=5.803e-14  A_min=-0.0185  max_dA_fwd=0.0001513
  [shape] epoch  27500  rmse=0.004295  max_abs_dA=0.008256  int_signed_dA=5.647e-14  int_abs_dA=5.829e-14  A_min=-0.01842  max_dA_fwd=0.0001509
  [shape] epoch  27750  rmse=0.004394  max_abs_dA=0.008423  int_signed_dA=5.957e-14  int_abs_dA=6.004e-14  A_min=-0.01824  max_dA_fwd=0.0001502
  [shape] epoch  28000  rmse=0.004307  max_abs_dA=0.008245  int_signed_dA=5.925e-14  int_abs_dA=5.931e-14  A_min=-0.0184  max_dA_fwd=0.0001503
  [shape] epoch  28250  rmse=0.004135  max_abs_dA=0.007965  int_signed_dA=5.636e-14  int_abs_dA=5.661e-14  A_min=-0.01869  max_dA_fwd=0.000151
  [shape] epoch  28500  rmse=0.004328  max_abs_dA=0.008234  int_signed_dA=5.803e-14  int_abs_dA=5.902e-14  A_min=-0.01844  max_dA_fwd=0.0001514
  [shape] epoch  28750  rmse=0.004479  max_abs_dA=0.008393  int_signed_dA=5.776e-14  int_abs_dA=6.107e-14  A_min=-0.01833  max_dA_fwd=0.0001525
  [shape] epoch  29000  rmse=0.00422  max_abs_dA=0.007957  int_signed_dA=5.169e-14  int_abs_dA=5.768e-14  A_min=-0.01881  max_dA_fwd=0.0001537
  [shape] epoch  29250  rmse=0.004419  max_abs_dA=0.008275  int_signed_dA=6.024e-14  int_abs_dA=6.071e-14  A_min=-0.01841  max_dA_fwd=0.0001521
  [shape] epoch  29500  rmse=0.004336  max_abs_dA=0.008227  int_signed_dA=5.894e-14  int_abs_dA=5.934e-14  A_min=-0.01845  max_dA_fwd=0.0001517
  [shape] epoch  29750  rmse=0.004409  max_abs_dA=0.008164  int_signed_dA=5.214e-14  int_abs_dA=6.124e-14  A_min=-0.01865  max_dA_fwd=0.0001547
  [shape] epoch  30000  rmse=0.004271  max_abs_dA=0.008083  int_signed_dA=5.714e-14  int_abs_dA=5.822e-14  A_min=-0.01861  max_dA_fwd=0.0001526
  [shape] epoch  30250  rmse=0.004301  max_abs_dA=0.008156  int_signed_dA=5.583e-14  int_abs_dA=5.837e-14  A_min=-0.01856  max_dA_fwd=0.000153
  [shape] epoch  30500  rmse=0.004289  max_abs_dA=0.008069  int_signed_dA=5.551e-14  int_abs_dA=5.829e-14  A_min=-0.01866  max_dA_fwd=0.0001537
  [shape] epoch  30750  rmse=0.004283  max_abs_dA=0.007993  int_signed_dA=5.382e-14  int_abs_dA=5.838e-14  A_min=-0.01878  max_dA_fwd=0.0001547
  [shape] epoch  31000  rmse=0.004411  max_abs_dA=0.008234  int_signed_dA=5.853e-14  int_abs_dA=6.011e-14  A_min=-0.01848  max_dA_fwd=0.0001535
  [shape] epoch  31250  rmse=0.004158  max_abs_dA=0.007744  int_signed_dA=5.528e-14  int_abs_dA=5.666e-14  A_min=-0.019  max_dA_fwd=0.0001548
  [shape] epoch  31500  rmse=0.004286  max_abs_dA=0.008004  int_signed_dA=5.664e-14  int_abs_dA=5.839e-14  A_min=-0.01872  max_dA_fwd=0.0001541
  [shape] epoch  31750  rmse=0.004258  max_abs_dA=0.007945  int_signed_dA=5.359e-14  int_abs_dA=5.807e-14  A_min=-0.01882  max_dA_fwd=0.0001549
  [shape] epoch  32000  rmse=0.004207  max_abs_dA=0.007884  int_signed_dA=5.583e-14  int_abs_dA=5.725e-14  A_min=-0.01884  max_dA_fwd=0.0001543
  [shape] epoch  32250  rmse=0.004249  max_abs_dA=0.007911  int_signed_dA=5.659e-14  int_abs_dA=5.796e-14  A_min=-0.01881  max_dA_fwd=0.0001545
  [shape] epoch  32500  rmse=0.004268  max_abs_dA=0.007935  int_signed_dA=5.694e-14  int_abs_dA=5.819e-14  A_min=-0.01879  max_dA_fwd=0.0001547
  [shape] epoch  32750  rmse=0.004235  max_abs_dA=0.007817  int_signed_dA=5.219e-14  int_abs_dA=5.804e-14  A_min=-0.01899  max_dA_fwd=0.0001561
  [shape] epoch  33000  rmse=0.004289  max_abs_dA=0.007936  int_signed_dA=5.619e-14  int_abs_dA=5.843e-14  A_min=-0.01881  max_dA_fwd=0.0001551
  [shape] epoch  33250  rmse=0.004385  max_abs_dA=0.008101  int_signed_dA=5.934e-14  int_abs_dA=6.008e-14  A_min=-0.01861  max_dA_fwd=0.0001544
  [shape] epoch  33500  rmse=0.004248  max_abs_dA=0.007864  int_signed_dA=5.799e-14  int_abs_dA=5.831e-14  A_min=-0.01885  max_dA_fwd=0.0001547
  [shape] epoch  33750  rmse=0.004229  max_abs_dA=0.007864  int_signed_dA=5.25e-14  int_abs_dA=5.755e-14  A_min=-0.01894  max_dA_fwd=0.000156
  [shape] epoch  34000  rmse=0.004456  max_abs_dA=0.008146  int_signed_dA=6.152e-14  int_abs_dA=6.162e-14  A_min=-0.01856  max_dA_fwd=0.0001546
  [shape] epoch  34250  rmse=0.004303  max_abs_dA=0.007934  int_signed_dA=5.889e-14  int_abs_dA=5.918e-14  A_min=-0.01878  max_dA_fwd=0.0001549
  [shape] epoch  34500  rmse=0.004271  max_abs_dA=0.007755  int_signed_dA=5.45e-14  int_abs_dA=5.825e-14  A_min=-0.01905  max_dA_fwd=0.0001569
  [shape] epoch  34750  rmse=0.004129  max_abs_dA=0.007647  int_signed_dA=5.468e-14  int_abs_dA=5.614e-14  A_min=-0.0191  max_dA_fwd=0.0001559
  [shape] epoch  35000  rmse=0.004312  max_abs_dA=0.007898  int_signed_dA=5.52e-14  int_abs_dA=5.877e-14  A_min=-0.01888  max_dA_fwd=0.0001561
  [shape] epoch  35250  rmse=0.004288  max_abs_dA=0.007859  int_signed_dA=5.792e-14  int_abs_dA=5.867e-14  A_min=-0.01888  max_dA_fwd=0.0001556
  [shape] epoch  35500  rmse=0.004262  max_abs_dA=0.007777  int_signed_dA=5.553e-14  int_abs_dA=5.801e-14  A_min=-0.019  max_dA_fwd=0.0001564
  [shape] epoch  35750  rmse=0.00427  max_abs_dA=0.007817  int_signed_dA=5.661e-14  int_abs_dA=5.824e-14  A_min=-0.01893  max_dA_fwd=0.0001559
  [shape] epoch  36000  rmse=0.004214  max_abs_dA=0.007712  int_signed_dA=5.533e-14  int_abs_dA=5.74e-14  A_min=-0.01905  max_dA_fwd=0.0001563
  [shape] epoch  36250  rmse=0.004263  max_abs_dA=0.007791  int_signed_dA=5.555e-14  int_abs_dA=5.796e-14  A_min=-0.01899  max_dA_fwd=0.0001563
  [shape] epoch  36500  rmse=0.004189  max_abs_dA=0.007678  int_signed_dA=5.391e-14  int_abs_dA=5.697e-14  A_min=-0.01911  max_dA_fwd=0.0001565
  [shape] epoch  36750  rmse=0.004198  max_abs_dA=0.007714  int_signed_dA=5.564e-14  int_abs_dA=5.716e-14  A_min=-0.01904  max_dA_fwd=0.000156
  [shape] epoch  37000  rmse=0.004167  max_abs_dA=0.007667  int_signed_dA=5.515e-14  int_abs_dA=5.669e-14  A_min=-0.01909  max_dA_fwd=0.000156
  [shape] epoch  37250  rmse=0.004219  max_abs_dA=0.007726  int_signed_dA=5.489e-14  int_abs_dA=5.737e-14  A_min=-0.01905  max_dA_fwd=0.0001562
  [shape] epoch  37500  rmse=0.004187  max_abs_dA=0.007679  int_signed_dA=5.585e-14  int_abs_dA=5.707e-14  A_min=-0.01907  max_dA_fwd=0.0001559
  [shape] epoch  37750  rmse=0.004335  max_abs_dA=0.007921  int_signed_dA=5.948e-14  int_abs_dA=5.97e-14  A_min=-0.0188  max_dA_fwd=0.000155
  [shape] epoch  38000  rmse=0.004226  max_abs_dA=0.007728  int_signed_dA=5.583e-14  int_abs_dA=5.75e-14  A_min=-0.01904  max_dA_fwd=0.000156
  [shape] epoch  38250  rmse=0.004187  max_abs_dA=0.007649  int_signed_dA=5.341e-14  int_abs_dA=5.691e-14  A_min=-0.01915  max_dA_fwd=0.0001565
  [shape] epoch  38500  rmse=0.0042  max_abs_dA=0.0077  int_signed_dA=5.577e-14  int_abs_dA=5.714e-14  A_min=-0.01906  max_dA_fwd=0.0001558
  [shape] epoch  38750  rmse=0.004208  max_abs_dA=0.00767  int_signed_dA=5.474e-14  int_abs_dA=5.715e-14  A_min=-0.01912  max_dA_fwd=0.0001564
  [shape] epoch  39000  rmse=0.004222  max_abs_dA=0.007713  int_signed_dA=5.626e-14  int_abs_dA=5.753e-14  A_min=-0.01905  max_dA_fwd=0.0001557
  [shape] epoch  39250  rmse=0.004265  max_abs_dA=0.007787  int_signed_dA=5.567e-14  int_abs_dA=5.793e-14  A_min=-0.01899  max_dA_fwd=0.0001559
  [shape] epoch  39500  rmse=0.004156  max_abs_dA=0.007623  int_signed_dA=5.348e-14  int_abs_dA=5.631e-14  A_min=-0.01918  max_dA_fwd=0.0001561
  [shape] epoch  39750  rmse=0.004233  max_abs_dA=0.007756  int_signed_dA=5.648e-14  int_abs_dA=5.761e-14  A_min=-0.01901  max_dA_fwd=0.0001553
  [shape] epoch  40000  rmse=0.004304  max_abs_dA=0.007819  int_signed_dA=5.681e-14  int_abs_dA=5.854e-14  A_min=-0.01896  max_dA_fwd=0.0001557
  [shape] epoch  40250  rmse=0.004224  max_abs_dA=0.007748  int_signed_dA=5.599e-14  int_abs_dA=5.737e-14  A_min=-0.01902  max_dA_fwd=0.0001553
  [shape] epoch  40500  rmse=0.004205  max_abs_dA=0.007713  int_signed_dA=5.539e-14  int_abs_dA=5.703e-14  A_min=-0.01906  max_dA_fwd=0.0001553
  [shape] epoch  40750  rmse=0.004234  max_abs_dA=0.007757  int_signed_dA=5.662e-14  int_abs_dA=5.761e-14  A_min=-0.019  max_dA_fwd=0.000155
  [shape] epoch  41000  rmse=0.004227  max_abs_dA=0.007743  int_signed_dA=5.579e-14  int_abs_dA=5.733e-14  A_min=-0.01904  max_dA_fwd=0.0001552
  [shape] epoch  41250  rmse=0.004286  max_abs_dA=0.007814  int_signed_dA=5.69e-14  int_abs_dA=5.83e-14  A_min=-0.01895  max_dA_fwd=0.0001549
  [shape] epoch  41500  rmse=0.00427  max_abs_dA=0.007823  int_signed_dA=5.705e-14  int_abs_dA=5.805e-14  A_min=-0.01894  max_dA_fwd=0.0001546
  [shape] epoch  41750  rmse=0.004257  max_abs_dA=0.007824  int_signed_dA=5.65e-14  int_abs_dA=5.771e-14  A_min=-0.01895  max_dA_fwd=0.0001545
  [shape] epoch  42000  rmse=0.00425  max_abs_dA=0.007797  int_signed_dA=5.622e-14  int_abs_dA=5.758e-14  A_min=-0.01898  max_dA_fwd=0.0001546
  [shape] epoch  42250  rmse=0.004194  max_abs_dA=0.007727  int_signed_dA=5.481e-14  int_abs_dA=5.665e-14  A_min=-0.01906  max_dA_fwd=0.0001546
  [shape] epoch  42500  rmse=0.004241  max_abs_dA=0.007844  int_signed_dA=5.677e-14  int_abs_dA=5.752e-14  A_min=-0.01891  max_dA_fwd=0.0001538
  [shape] epoch  42750  rmse=0.004209  max_abs_dA=0.007759  int_signed_dA=5.54e-14  int_abs_dA=5.686e-14  A_min=-0.01902  max_dA_fwd=0.0001543
  [shape] epoch  43000  rmse=0.004334  max_abs_dA=0.007916  int_signed_dA=5.775e-14  int_abs_dA=5.885e-14  A_min=-0.01885  max_dA_fwd=0.0001539
  [shape] epoch  43250  rmse=0.004298  max_abs_dA=0.00786  int_signed_dA=5.641e-14  int_abs_dA=5.808e-14  A_min=-0.01893  max_dA_fwd=0.0001544
  [shape] epoch  43500  rmse=0.004254  max_abs_dA=0.007828  int_signed_dA=5.576e-14  int_abs_dA=5.74e-14  A_min=-0.01896  max_dA_fwd=0.0001541
  [shape] epoch  43750  rmse=0.004305  max_abs_dA=0.007947  int_signed_dA=5.755e-14  int_abs_dA=5.828e-14  A_min=-0.01882  max_dA_fwd=0.0001533
  [shape] epoch  44000  rmse=0.004266  max_abs_dA=0.007869  int_signed_dA=5.545e-14  int_abs_dA=5.742e-14  A_min=-0.01892  max_dA_fwd=0.0001539
  [shape] epoch  44250  rmse=0.004268  max_abs_dA=0.007871  int_signed_dA=5.622e-14  int_abs_dA=5.753e-14  A_min=-0.01891  max_dA_fwd=0.0001536
  [shape] epoch  44500  rmse=0.004289  max_abs_dA=0.007898  int_signed_dA=5.619e-14  int_abs_dA=5.775e-14  A_min=-0.01889  max_dA_fwd=0.0001536
  [shape] epoch  44750  rmse=0.004261  max_abs_dA=0.007859  int_signed_dA=5.586e-14  int_abs_dA=5.736e-14  A_min=-0.01892  max_dA_fwd=0.0001535
  [shape] epoch  45000  rmse=0.004269  max_abs_dA=0.007886  int_signed_dA=5.591e-14  int_abs_dA=5.741e-14  A_min=-0.0189  max_dA_fwd=0.0001534
  [shape] epoch  45250  rmse=0.004295  max_abs_dA=0.007955  int_signed_dA=5.702e-14  int_abs_dA=5.788e-14  A_min=-0.01882  max_dA_fwd=0.0001529
  [shape] epoch  45500  rmse=0.004275  max_abs_dA=0.007848  int_signed_dA=5.454e-14  int_abs_dA=5.74e-14  A_min=-0.01897  max_dA_fwd=0.0001538
  [shape] epoch  45750  rmse=0.004206  max_abs_dA=0.007814  int_signed_dA=5.379e-14  int_abs_dA=5.627e-14  A_min=-0.01899  max_dA_fwd=0.0001534
  [shape] epoch  46000  rmse=0.004278  max_abs_dA=0.007921  int_signed_dA=5.611e-14  int_abs_dA=5.744e-14  A_min=-0.01886  max_dA_fwd=0.000153
  [shape] epoch  46250  rmse=0.004257  max_abs_dA=0.007908  int_signed_dA=5.562e-14  int_abs_dA=5.706e-14  A_min=-0.01888  max_dA_fwd=0.0001528
  [shape] epoch  46500  rmse=0.004306  max_abs_dA=0.007972  int_signed_dA=5.671e-14  int_abs_dA=5.784e-14  A_min=-0.01881  max_dA_fwd=0.0001526
  [shape] epoch  46750  rmse=0.004395  max_abs_dA=0.008109  int_signed_dA=5.904e-14  int_abs_dA=5.945e-14  A_min=-0.01865  max_dA_fwd=0.0001521
  [shape] epoch  47000  rmse=0.004249  max_abs_dA=0.007918  int_signed_dA=5.563e-14  int_abs_dA=5.69e-14  A_min=-0.01886  max_dA_fwd=0.0001524
  [shape] epoch  47250  rmse=0.004241  max_abs_dA=0.007895  int_signed_dA=5.483e-14  int_abs_dA=5.666e-14  A_min=-0.0189  max_dA_fwd=0.0001526
  [shape] epoch  47500  rmse=0.004244  max_abs_dA=0.007862  int_signed_dA=5.357e-14  int_abs_dA=5.674e-14  A_min=-0.01895  max_dA_fwd=0.000153
  [shape] epoch  47750  rmse=0.004246  max_abs_dA=0.007921  int_signed_dA=5.519e-14  int_abs_dA=5.672e-14  A_min=-0.01887  max_dA_fwd=0.0001523
  [shape] epoch  48000  rmse=0.004215  max_abs_dA=0.007861  int_signed_dA=5.355e-14  int_abs_dA=5.617e-14  A_min=-0.01895  max_dA_fwd=0.0001526
  [shape] epoch  48250  rmse=0.004291  max_abs_dA=0.007988  int_signed_dA=5.579e-14  int_abs_dA=5.731e-14  A_min=-0.0188  max_dA_fwd=0.0001522
  [shape] epoch  48500  rmse=0.004224  max_abs_dA=0.007895  int_signed_dA=5.438e-14  int_abs_dA=5.629e-14  A_min=-0.0189  max_dA_fwd=0.0001522
  [shape] epoch  48750  rmse=0.004298  max_abs_dA=0.008004  int_signed_dA=5.564e-14  int_abs_dA=5.734e-14  A_min=-0.01879  max_dA_fwd=0.0001521
  [shape] epoch  49000  rmse=0.004186  max_abs_dA=0.007832  int_signed_dA=5.317e-14  int_abs_dA=5.568e-14  A_min=-0.01897  max_dA_fwd=0.0001523
  [shape] epoch  49250  rmse=0.0043  max_abs_dA=0.008029  int_signed_dA=5.631e-14  int_abs_dA=5.744e-14  A_min=-0.01876  max_dA_fwd=0.0001517
  [shape] epoch  49500  rmse=0.004275  max_abs_dA=0.007982  int_signed_dA=5.542e-14  int_abs_dA=5.698e-14  A_min=-0.01881  max_dA_fwd=0.0001519
  [shape] epoch  49750  rmse=0.004299  max_abs_dA=0.008023  int_signed_dA=5.592e-14  int_abs_dA=5.732e-14  A_min=-0.01877  max_dA_fwd=0.0001518
  [shape] epoch  50000  rmse=0.004257  max_abs_dA=0.007982  int_signed_dA=5.541e-14  int_abs_dA=5.67e-14  A_min=-0.01881  max_dA_fwd=0.0001516
  [shape] epoch  50250  rmse=0.004274  max_abs_dA=0.008003  int_signed_dA=5.566e-14  int_abs_dA=5.695e-14  A_min=-0.01879  max_dA_fwd=0.0001516
  [shape] epoch  50500  rmse=0.004184  max_abs_dA=0.007914  int_signed_dA=5.441e-14  int_abs_dA=5.559e-14  A_min=-0.01886  max_dA_fwd=0.0001513
  [shape] epoch  50750  rmse=0.004321  max_abs_dA=0.008089  int_signed_dA=5.666e-14  int_abs_dA=5.764e-14  A_min=-0.0187  max_dA_fwd=0.0001514
  [shape] epoch  51000  rmse=0.004266  max_abs_dA=0.008001  int_signed_dA=5.53e-14  int_abs_dA=5.673e-14  A_min=-0.01879  max_dA_fwd=0.0001515
  [shape] epoch  51250  rmse=0.004279  max_abs_dA=0.008017  int_signed_dA=5.541e-14  int_abs_dA=5.69e-14  A_min=-0.01878  max_dA_fwd=0.0001515
  [shape] epoch  51500  rmse=0.004281  max_abs_dA=0.008015  int_signed_dA=5.545e-14  int_abs_dA=5.694e-14  A_min=-0.01878  max_dA_fwd=0.0001515
  [shape] epoch  51750  rmse=0.004275  max_abs_dA=0.008019  int_signed_dA=5.537e-14  int_abs_dA=5.681e-14  A_min=-0.01878  max_dA_fwd=0.0001514
  [shape] epoch  52000  rmse=0.004291  max_abs_dA=0.008049  int_signed_dA=5.59e-14  int_abs_dA=5.709e-14  A_min=-0.01874  max_dA_fwd=0.0001512
  [shape] epoch  52250  rmse=0.004233  max_abs_dA=0.00799  int_signed_dA=5.507e-14  int_abs_dA=5.622e-14  A_min=-0.0188  max_dA_fwd=0.0001511
  [shape] epoch  52500  rmse=0.004286  max_abs_dA=0.008045  int_signed_dA=5.559e-14  int_abs_dA=5.694e-14  A_min=-0.01875  max_dA_fwd=0.0001512
  [shape] epoch  52750  rmse=0.004267  max_abs_dA=0.008021  int_signed_dA=5.518e-14  int_abs_dA=5.663e-14  A_min=-0.01878  max_dA_fwd=0.0001512
  [shape] epoch  53000  rmse=0.004273  max_abs_dA=0.008024  int_signed_dA=5.509e-14  int_abs_dA=5.668e-14  A_min=-0.01878  max_dA_fwd=0.0001513
  [shape] epoch  53250  rmse=0.004299  max_abs_dA=0.008072  int_signed_dA=5.592e-14  int_abs_dA=5.712e-14  A_min=-0.01872  max_dA_fwd=0.0001511
  [shape] epoch  53500  rmse=0.004278  max_abs_dA=0.008046  int_signed_dA=5.537e-14  int_abs_dA=5.675e-14  A_min=-0.01875  max_dA_fwd=0.0001511
  [shape] epoch  53750  rmse=0.004269  max_abs_dA=0.008035  int_signed_dA=5.521e-14  int_abs_dA=5.661e-14  A_min=-0.01876  max_dA_fwd=0.000151
  [shape] epoch  54000  rmse=0.004286  max_abs_dA=0.00806  int_signed_dA=5.547e-14  int_abs_dA=5.685e-14  A_min=-0.01874  max_dA_fwd=0.000151
  [shape] epoch  54250  rmse=0.004281  max_abs_dA=0.008056  int_signed_dA=5.537e-14  int_abs_dA=5.675e-14  A_min=-0.01875  max_dA_fwd=0.000151
  [shape] epoch  54500  rmse=0.004265  max_abs_dA=0.008022  int_signed_dA=5.464e-14  int_abs_dA=5.646e-14  A_min=-0.01879  max_dA_fwd=0.0001512
  [shape] epoch  54750  rmse=0.004268  max_abs_dA=0.008042  int_signed_dA=5.486e-14  int_abs_dA=5.649e-14  A_min=-0.01876  max_dA_fwd=0.000151
  [shape] epoch  55000  rmse=0.004284  max_abs_dA=0.008065  int_signed_dA=5.535e-14  int_abs_dA=5.675e-14  A_min=-0.01874  max_dA_fwd=0.0001509
  [shape] epoch  55250  rmse=0.004287  max_abs_dA=0.008071  int_signed_dA=5.54e-14  int_abs_dA=5.679e-14  A_min=-0.01873  max_dA_fwd=0.0001509
  [shape] epoch  55500  rmse=0.004291  max_abs_dA=0.008081  int_signed_dA=5.551e-14  int_abs_dA=5.685e-14  A_min=-0.01872  max_dA_fwd=0.0001509
  [shape] epoch  55750  rmse=0.00427  max_abs_dA=0.008045  int_signed_dA=5.479e-14  int_abs_dA=5.648e-14  A_min=-0.01877  max_dA_fwd=0.000151
  [shape] epoch  56000  rmse=0.004281  max_abs_dA=0.008072  int_signed_dA=5.533e-14  int_abs_dA=5.668e-14  A_min=-0.01873  max_dA_fwd=0.0001508
  [shape] epoch  56250  rmse=0.004284  max_abs_dA=0.008078  int_signed_dA=5.536e-14  int_abs_dA=5.671e-14  A_min=-0.01873  max_dA_fwd=0.0001508
  [shape] epoch  56500  rmse=0.004269  max_abs_dA=0.00806  int_signed_dA=5.507e-14  int_abs_dA=5.647e-14  A_min=-0.01875  max_dA_fwd=0.0001508
  [shape] epoch  56750  rmse=0.004285  max_abs_dA=0.008084  int_signed_dA=5.535e-14  int_abs_dA=5.67e-14  A_min=-0.01872  max_dA_fwd=0.0001507
  [shape] epoch  57000  rmse=0.004269  max_abs_dA=0.008068  int_signed_dA=5.513e-14  int_abs_dA=5.646e-14  A_min=-0.01874  max_dA_fwd=0.0001507
  [shape] epoch  57250  rmse=0.004294  max_abs_dA=0.008097  int_signed_dA=5.546e-14  int_abs_dA=5.681e-14  A_min=-0.01871  max_dA_fwd=0.0001507
  [shape] epoch  57500  rmse=0.004284  max_abs_dA=0.008087  int_signed_dA=5.53e-14  int_abs_dA=5.665e-14  A_min=-0.01872  max_dA_fwd=0.0001507
  [shape] epoch  57750  rmse=0.004294  max_abs_dA=0.008107  int_signed_dA=5.548e-14  int_abs_dA=5.679e-14  A_min=-0.0187  max_dA_fwd=0.0001507
  [shape] epoch  58000  rmse=0.004277  max_abs_dA=0.008078  int_signed_dA=5.503e-14  int_abs_dA=5.651e-14  A_min=-0.01873  max_dA_fwd=0.0001507
  [shape] epoch  58250  rmse=0.004275  max_abs_dA=0.008084  int_signed_dA=5.509e-14  int_abs_dA=5.647e-14  A_min=-0.01873  max_dA_fwd=0.0001506
  [shape] epoch  58500  rmse=0.004275  max_abs_dA=0.008082  int_signed_dA=5.511e-14  int_abs_dA=5.648e-14  A_min=-0.01873  max_dA_fwd=0.0001506
  [shape] epoch  58750  rmse=0.004319  max_abs_dA=0.008152  int_signed_dA=5.644e-14  int_abs_dA=5.727e-14  A_min=-0.01865  max_dA_fwd=0.0001504
  [shape] epoch  59000  rmse=0.004285  max_abs_dA=0.008098  int_signed_dA=5.527e-14  int_abs_dA=5.66e-14  A_min=-0.01871  max_dA_fwd=0.0001506
  [shape] epoch  59250  rmse=0.004284  max_abs_dA=0.0081  int_signed_dA=5.524e-14  int_abs_dA=5.659e-14  A_min=-0.01871  max_dA_fwd=0.0001506
  [shape] epoch  59500  rmse=0.004276  max_abs_dA=0.008091  int_signed_dA=5.508e-14  int_abs_dA=5.645e-14  A_min=-0.01872  max_dA_fwd=0.0001505
  [shape] epoch  59750  rmse=0.004286  max_abs_dA=0.008106  int_signed_dA=5.525e-14  int_abs_dA=5.659e-14  A_min=-0.01871  max_dA_fwd=0.0001505
  [shape] epoch  59999  rmse=0.004289  max_abs_dA=0.008114  int_signed_dA=5.536e-14  int_abs_dA=5.663e-14  A_min=-0.0187  max_dA_fwd=0.0001505
[spectral-pn] spn-L0.01-s42: loss 4.015e-03 -> 2.771e-08 (x144881 drop)
[spectral-pn] RMSE=0.0043 max|dA|=0.0081 gamma_eff=4.2716e+11 gamma_ratio=0.9982
[spectral-pn] snapshot=final best_epoch=59999 best_loss=2.771e-08 final_loss=2.771e-08
[spectral-pn-shape] cancel=0.978 int_signed_dA=5.5363e-14 int_abs_dA=5.6633e-14 A_min=-1.8699e-02 max_dA_fwd=1.5046e-04
[spectral-pn] saved: runs/transient/pn_sumrule_ladder_1d/ladder_L0.01_1d
