[spectral-pn] case: L=100.0 um, Nk=20, L_max=8, run=20260910_172442
[spectral-pn] window t_end=2.051e-05 s (3041692.5 tau_ref), gamma_dom=3.4131e+05 Hz
[spectral-pn] window mode=n_decay rule=n_decay (t_1% at 0.01*A0: nan s; n_dec=7/gamma_dom: 2.0509e-05 s)
  epoch      0  residual 9.529e-01
  epoch    250  residual 9.271e-05
  epoch    500  residual 3.367e-05
  epoch    750  residual 1.666e-05
  epoch   1000  residual 1.189e-05
  epoch   1250  residual 1.020e-05
  epoch   1500  residual 9.253e-06
  epoch   1750  residual 8.591e-06
  epoch   2000  residual 8.093e-06
  epoch   2250  residual 7.706e-06
  epoch   2500  residual 7.395e-06
  epoch   2750  residual 7.135e-06
  epoch   3000  residual 6.906e-06
  epoch   3250  residual 6.695e-06
  epoch   3500  residual 6.566e-06
  epoch   3750  residual 2.589e-04
  epoch   4000  residual 6.080e-06
  epoch   4250  residual 5.816e-06
  epoch   4500  residual 5.576e-06
  epoch   4750  residual 5.191e-06
  epoch   5000  residual 4.718e-06
  epoch   5250  residual 4.410e-06
  epoch   5500  residual 3.579e-06
  epoch   5750  residual 2.854e-06
  epoch   6000  residual 2.320e-06
  epoch   6250  residual 1.806e-06
  epoch   6500  residual 1.679e-06
  epoch   6750  residual 1.379e-06
  epoch   7000  residual 1.204e-06
  epoch   7250  residual 1.259e-06
  epoch   7500  residual 1.087e-06
  epoch   7750  residual 1.168e-06
  epoch   8000  residual 9.958e-07
  epoch   8250  residual 2.543e-05
  epoch   8500  residual 9.457e-07
  epoch   8750  residual 8.080e-07
  epoch   9000  residual 9.527e-07
  epoch   9250  residual 1.261e-04
  epoch   9500  residual 8.055e-07
  epoch   9750  residual 1.115e-06
  epoch  10000  residual 6.836e-07
  epoch  10250  residual 8.702e-07
  epoch  10500  residual 8.510e-07
  epoch  10750  residual 9.671e-07
  epoch  11000  residual 4.946e-07
  epoch  11250  residual 3.166e-05
  epoch  11500  residual 3.849e-07
  epoch  11750  residual 3.674e-07
  epoch  12000  residual 1.803e-05
  epoch  12250  residual 2.407e-07
  epoch  12500  residual 2.036e-07
  epoch  12750  residual 1.927e-07
  epoch  13000  residual 1.892e-07
  epoch  13250  residual 1.645e-07
  epoch  13500  residual 1.562e-07
  epoch  13750  residual 1.507e-07
  epoch  14000  residual 1.097e-06
  epoch  14250  residual 1.656e-05
  epoch  14500  residual 1.259e-07
  epoch  14750  residual 1.226e-07
  epoch  15000  residual 1.147e-07
  epoch  15250  residual 1.130e-07
  epoch  15500  residual 1.066e-07
  epoch  15750  residual 2.290e-07
  epoch  16000  residual 9.940e-08
  epoch  16250  residual 9.716e-08
  epoch  16500  residual 9.895e-08
  epoch  16750  residual 9.036e-08
  epoch  17000  residual 8.804e-08
  epoch  17250  residual 8.467e-08
  epoch  17500  residual 8.293e-08
  epoch  17750  residual 7.965e-08
  epoch  18000  residual 7.739e-08
  epoch  18250  residual 7.548e-08
  epoch  18500  residual 7.324e-08
  epoch  18750  residual 7.131e-08
  epoch  19000  residual 6.974e-08
  epoch  19250  residual 6.784e-08
  epoch  19500  residual 6.656e-08
  epoch  19750  residual 6.510e-08
  epoch  19999  residual 8.687e-08
  [gamma] epoch      0  gamma_ratio 0.1515  residual 9.529e-01
  [gamma] epoch    250  gamma_ratio 0.9500  residual 9.271e-05
  [gamma] epoch    500  gamma_ratio 0.9728  residual 3.367e-05
  [gamma] epoch    750  gamma_ratio 0.9844  residual 1.666e-05
  [gamma] epoch   1000  gamma_ratio 0.9907  residual 1.189e-05
  [gamma] epoch   1250  gamma_ratio 0.9946  residual 1.020e-05
  [gamma] epoch   1500  gamma_ratio 0.9972  residual 9.253e-06
  [gamma] epoch   1750  gamma_ratio 0.9991  residual 8.591e-06
  [gamma] epoch   2000  gamma_ratio 1.0006  residual 8.093e-06
  [gamma] epoch   2250  gamma_ratio 1.0017  residual 7.706e-06
  [gamma] epoch   2500  gamma_ratio 1.0026  residual 7.395e-06
  [gamma] epoch   2750  gamma_ratio 1.0034  residual 7.135e-06
  [gamma] epoch   3000  gamma_ratio 1.0040  residual 6.906e-06
  [gamma] epoch   3250  gamma_ratio 1.0044  residual 6.695e-06
  [gamma] epoch   3500  gamma_ratio 1.0045  residual 6.566e-06
  [gamma] epoch   3750  gamma_ratio 1.0006  residual 2.589e-04
  [gamma] epoch   4000  gamma_ratio 1.0049  residual 6.080e-06
  [gamma] epoch   4250  gamma_ratio 1.0053  residual 5.816e-06
  [gamma] epoch   4500  gamma_ratio 1.0049  residual 5.576e-06
  [gamma] epoch   4750  gamma_ratio 1.0054  residual 5.191e-06
  [gamma] epoch   5000  gamma_ratio 1.0057  residual 4.718e-06
  [gamma] epoch   5250  gamma_ratio 1.0059  residual 4.410e-06
  [gamma] epoch   5500  gamma_ratio 1.0055  residual 3.579e-06
  [gamma] epoch   5750  gamma_ratio 1.0049  residual 2.854e-06
  [gamma] epoch   6000  gamma_ratio 1.0047  residual 2.320e-06
  [gamma] epoch   6250  gamma_ratio 1.0042  residual 1.806e-06
  [gamma] epoch   6500  gamma_ratio 1.0048  residual 1.679e-06
  [gamma] epoch   6750  gamma_ratio 1.0036  residual 1.379e-06
  [gamma] epoch   7000  gamma_ratio 1.0033  residual 1.204e-06
  [gamma] epoch   7250  gamma_ratio 1.0041  residual 1.259e-06
  [gamma] epoch   7500  gamma_ratio 1.0034  residual 1.087e-06
  [gamma] epoch   7750  gamma_ratio 1.0037  residual 1.168e-06
  [gamma] epoch   8000  gamma_ratio 1.0032  residual 9.958e-07
  [gamma] epoch   8250  gamma_ratio 1.0081  residual 2.543e-05
  [gamma] epoch   8500  gamma_ratio 1.0030  residual 9.457e-07
  [gamma] epoch   8750  gamma_ratio 1.0028  residual 8.080e-07
  [gamma] epoch   9000  gamma_ratio 1.0037  residual 9.527e-07
  [gamma] epoch   9250  gamma_ratio 0.9921  residual 1.261e-04
  [gamma] epoch   9500  gamma_ratio 1.0031  residual 8.055e-07
  [gamma] epoch   9750  gamma_ratio 1.0023  residual 1.115e-06
  [gamma] epoch  10000  gamma_ratio 1.0027  residual 6.836e-07
  [gamma] epoch  10250  gamma_ratio 1.0024  residual 8.702e-07
  [gamma] epoch  10500  gamma_ratio 1.0033  residual 8.510e-07
  [gamma] epoch  10750  gamma_ratio 1.0049  residual 9.671e-07
  [gamma] epoch  11000  gamma_ratio 1.0024  residual 4.946e-07
  [gamma] epoch  11250  gamma_ratio 1.0053  residual 3.166e-05
  [gamma] epoch  11500  gamma_ratio 1.0021  residual 3.849e-07
  [gamma] epoch  11750  gamma_ratio 1.0021  residual 3.674e-07
  [gamma] epoch  12000  gamma_ratio 0.9991  residual 1.803e-05
  [gamma] epoch  12250  gamma_ratio 1.0013  residual 2.407e-07
  [gamma] epoch  12500  gamma_ratio 1.0011  residual 2.036e-07
  [gamma] epoch  12750  gamma_ratio 1.0012  residual 1.927e-07
  [gamma] epoch  13000  gamma_ratio 1.0014  residual 1.892e-07
  [gamma] epoch  13250  gamma_ratio 1.0010  residual 1.645e-07
  [gamma] epoch  13500  gamma_ratio 1.0010  residual 1.562e-07
  [gamma] epoch  13750  gamma_ratio 1.0011  residual 1.507e-07
  [gamma] epoch  14000  gamma_ratio 1.0019  residual 1.097e-06
  [gamma] epoch  14250  gamma_ratio 0.9896  residual 1.656e-05
  [gamma] epoch  14500  gamma_ratio 1.0009  residual 1.259e-07
  [gamma] epoch  14750  gamma_ratio 1.0009  residual 1.226e-07
  [gamma] epoch  15000  gamma_ratio 1.0007  residual 1.147e-07
  [gamma] epoch  15250  gamma_ratio 1.0008  residual 1.130e-07
  [gamma] epoch  15500  gamma_ratio 1.0007  residual 1.066e-07
  [gamma] epoch  15750  gamma_ratio 1.0013  residual 2.290e-07
  [gamma] epoch  16000  gamma_ratio 1.0007  residual 9.940e-08
  [gamma] epoch  16250  gamma_ratio 1.0007  residual 9.716e-08
  [gamma] epoch  16500  gamma_ratio 1.0009  residual 9.895e-08
  [gamma] epoch  16750  gamma_ratio 1.0006  residual 9.036e-08
  [gamma] epoch  17000  gamma_ratio 1.0006  residual 8.804e-08
  [gamma] epoch  17250  gamma_ratio 1.0006  residual 8.467e-08
  [gamma] epoch  17500  gamma_ratio 1.0005  residual 8.293e-08
  [gamma] epoch  17750  gamma_ratio 1.0005  residual 7.965e-08
  [gamma] epoch  18000  gamma_ratio 1.0005  residual 7.739e-08
  [gamma] epoch  18250  gamma_ratio 1.0005  residual 7.548e-08
  [gamma] epoch  18500  gamma_ratio 1.0005  residual 7.324e-08
  [gamma] epoch  18750  gamma_ratio 1.0005  residual 7.131e-08
  [gamma] epoch  19000  gamma_ratio 1.0005  residual 6.974e-08
  [gamma] epoch  19250  gamma_ratio 1.0005  residual 6.784e-08
  [gamma] epoch  19500  gamma_ratio 1.0005  residual 6.656e-08
  [gamma] epoch  19750  gamma_ratio 1.0005  residual 6.510e-08
  [gamma] epoch  19999  gamma_ratio 0.9988  residual 8.687e-08
  [shape] epoch      0  rmse=0.8253  max_abs_dA=0.9209  int_signed_dA=1.639e-05  int_abs_dA=1.639e-05  A_min=0.9212  max_dA_fwd=-1.087e-05
  [shape] epoch    250  rmse=0.009794  max_abs_dA=0.0177  int_signed_dA=1.471e-07  int_abs_dA=1.629e-07  A_min=-0.003212  max_dA_fwd=-2.356e-05
  [shape] epoch    500  rmse=0.005186  max_abs_dA=0.00876  int_signed_dA=7.541e-08  int_abs_dA=9.107e-08  A_min=-0.002899  max_dA_fwd=-2.165e-05
  [shape] epoch    750  rmse=0.002945  max_abs_dA=0.004184  int_signed_dA=4.17e-08  int_abs_dA=5.486e-08  A_min=-0.002375  max_dA_fwd=-2.008e-05
  [shape] epoch   1000  rmse=0.001837  max_abs_dA=0.002712  int_signed_dA=2.446e-08  int_abs_dA=3.499e-08  A_min=-0.001802  max_dA_fwd=-1.803e-05
  [shape] epoch   1250  rmse=0.001249  max_abs_dA=0.002356  int_signed_dA=1.378e-08  int_abs_dA=2.345e-08  A_min=-0.001446  max_dA_fwd=-1.588e-05
  [shape] epoch   1500  rmse=0.0009113  max_abs_dA=0.00217  int_signed_dA=6.305e-09  int_abs_dA=1.655e-08  A_min=-0.00126  max_dA_fwd=-1.39e-05
  [shape] epoch   1750  rmse=0.0007488  max_abs_dA=0.00207  int_signed_dA=7.352e-10  int_abs_dA=1.26e-08  A_min=-0.00116  max_dA_fwd=-1.219e-05
  [shape] epoch   2000  rmse=0.0007224  max_abs_dA=0.002009  int_signed_dA=-3.554e-09  int_abs_dA=1.093e-08  A_min=-0.001099  max_dA_fwd=-1.076e-05
  [shape] epoch   2250  rmse=0.0007756  max_abs_dA=0.001969  int_signed_dA=-6.92e-09  int_abs_dA=1.145e-08  A_min=-0.001059  max_dA_fwd=-9.568e-06
  [shape] epoch   2500  rmse=0.0008598  max_abs_dA=0.001947  int_signed_dA=-9.611e-09  int_abs_dA=1.372e-08  A_min=-0.001037  max_dA_fwd=-8.601e-06
  [shape] epoch   2750  rmse=0.0009499  max_abs_dA=0.001941  int_signed_dA=-1.182e-08  int_abs_dA=1.594e-08  A_min=-0.001031  max_dA_fwd=-7.831e-06
  [shape] epoch   3000  rmse=0.001036  max_abs_dA=0.001951  int_signed_dA=-1.368e-08  int_abs_dA=1.783e-08  A_min=-0.001041  max_dA_fwd=-7.233e-06
  [shape] epoch   3250  rmse=0.001115  max_abs_dA=0.001975  int_signed_dA=-1.53e-08  int_abs_dA=1.942e-08  A_min=-0.001065  max_dA_fwd=-6.778e-06
  [shape] epoch   3500  rmse=0.001086  max_abs_dA=0.001842  int_signed_dA=-1.492e-08  int_abs_dA=1.913e-08  A_min=-0.0009322  max_dA_fwd=-6.363e-06
  [shape] epoch   3750  rmse=0.0007577  max_abs_dA=0.001157  int_signed_dA=-1.813e-09  int_abs_dA=1.379e-08  A_min=-0.0002474  max_dA_fwd=-6.248e-06
  [shape] epoch   4000  rmse=0.001172  max_abs_dA=0.001942  int_signed_dA=-1.662e-08  int_abs_dA=2.048e-08  A_min=-0.001033  max_dA_fwd=-6.15e-06
  [shape] epoch   4250  rmse=0.001249  max_abs_dA=0.002018  int_signed_dA=-1.813e-08  int_abs_dA=2.184e-08  A_min=-0.001108  max_dA_fwd=-5.972e-06
  [shape] epoch   4500  rmse=0.001108  max_abs_dA=0.00177  int_signed_dA=-1.604e-08  int_abs_dA=1.94e-08  A_min=-0.0008604  max_dA_fwd=-5.781e-06
  [shape] epoch   4750  rmse=0.00121  max_abs_dA=0.001904  int_signed_dA=-1.813e-08  int_abs_dA=2.113e-08  A_min=-0.0009945  max_dA_fwd=-5.716e-06
  [shape] epoch   5000  rmse=0.001216  max_abs_dA=0.00188  int_signed_dA=-1.873e-08  int_abs_dA=2.121e-08  A_min=-0.0009698  max_dA_fwd=-5.596e-06
  [shape] epoch   5250  rmse=0.001137  max_abs_dA=0.001667  int_signed_dA=-1.86e-08  int_abs_dA=1.993e-08  A_min=-0.0007574  max_dA_fwd=-5.32e-06
  [shape] epoch   5500  rmse=0.00107  max_abs_dA=0.0016  int_signed_dA=-1.717e-08  int_abs_dA=1.863e-08  A_min=-0.0006897  max_dA_fwd=-5.363e-06
  [shape] epoch   5750  rmse=0.0009209  max_abs_dA=0.001351  int_signed_dA=-1.481e-08  int_abs_dA=1.603e-08  A_min=-0.0004366  max_dA_fwd=-5.187e-06
  [shape] epoch   6000  rmse=0.0008132  max_abs_dA=0.001135  int_signed_dA=-1.376e-08  int_abs_dA=1.431e-08  A_min=-0.000186  max_dA_fwd=-4.916e-06
  [shape] epoch   6250  rmse=0.0006997  max_abs_dA=0.0009525  int_signed_dA=-1.226e-08  int_abs_dA=1.243e-08  A_min=4.209e-05  max_dA_fwd=-4.724e-06
  [shape] epoch   6500  rmse=0.0007516  max_abs_dA=0.000971  int_signed_dA=-1.408e-08  int_abs_dA=1.408e-08  A_min=8.003e-05  max_dA_fwd=-4.573e-06
  [shape] epoch   6750  rmse=0.0005703  max_abs_dA=0.000754  int_signed_dA=-1.056e-08  int_abs_dA=1.056e-08  A_min=0.0002946  max_dA_fwd=-4.59e-06
  [shape] epoch   7000  rmse=0.0005102  max_abs_dA=0.0006756  int_signed_dA=-9.523e-09  int_abs_dA=9.523e-09  A_min=0.0003737  max_dA_fwd=-4.599e-06
  [shape] epoch   7250  rmse=0.0006268  max_abs_dA=0.000805  int_signed_dA=-1.191e-08  int_abs_dA=1.191e-08  A_min=0.0002847  max_dA_fwd=-4.508e-06
  [shape] epoch   7500  rmse=0.000524  max_abs_dA=0.0006854  int_signed_dA=-9.875e-09  int_abs_dA=9.875e-09  A_min=0.0003873  max_dA_fwd=-4.554e-06
  [shape] epoch   7750  rmse=0.0005607  max_abs_dA=0.0007273  int_signed_dA=-1.067e-08  int_abs_dA=1.067e-08  A_min=0.0003434  max_dA_fwd=-4.554e-06
  [shape] epoch   8000  rmse=0.0004948  max_abs_dA=0.0006543  int_signed_dA=-9.295e-09  int_abs_dA=9.295e-09  A_min=0.0004135  max_dA_fwd=-4.556e-06
  [shape] epoch   8250  rmse=0.00127  max_abs_dA=0.001594  int_signed_dA=-2.455e-08  int_abs_dA=2.455e-08  A_min=-0.0006419  max_dA_fwd=-4.937e-06
  [shape] epoch   8500  rmse=0.0004698  max_abs_dA=0.0006268  int_signed_dA=-8.788e-09  int_abs_dA=8.788e-09  A_min=0.0004354  max_dA_fwd=-4.567e-06
  [shape] epoch   8750  rmse=0.0004425  max_abs_dA=0.000591  int_signed_dA=-8.268e-09  int_abs_dA=8.268e-09  A_min=0.0004703  max_dA_fwd=-4.586e-06
  [shape] epoch   9000  rmse=0.0005637  max_abs_dA=0.0007368  int_signed_dA=-1.068e-08  int_abs_dA=1.068e-08  A_min=0.0003336  max_dA_fwd=-4.549e-06
  [shape] epoch   9250  rmse=0.001211  max_abs_dA=0.0017  int_signed_dA=2.334e-08  int_abs_dA=2.354e-08  A_min=0.00261  max_dA_fwd=-4.146e-06
  [shape] epoch   9500  rmse=0.0004762  max_abs_dA=0.0006269  int_signed_dA=-9.015e-09  int_abs_dA=9.015e-09  A_min=0.0004522  max_dA_fwd=-4.557e-06
  [shape] epoch   9750  rmse=0.0003606  max_abs_dA=0.0004852  int_signed_dA=-6.832e-09  int_abs_dA=6.832e-09  A_min=0.0006191  max_dA_fwd=-4.512e-06
  [shape] epoch  10000  rmse=0.0004252  max_abs_dA=0.0005649  int_signed_dA=-8.019e-09  int_abs_dA=8.019e-09  A_min=0.000514  max_dA_fwd=-4.572e-06
  [shape] epoch  10250  rmse=0.0003671  max_abs_dA=0.0004914  int_signed_dA=-6.965e-09  int_abs_dA=6.965e-09  A_min=0.0006031  max_dA_fwd=-4.547e-06
  [shape] epoch  10500  rmse=0.0005116  max_abs_dA=0.0006656  int_signed_dA=-9.746e-09  int_abs_dA=9.746e-09  A_min=0.0004094  max_dA_fwd=-4.588e-06
  [shape] epoch  10750  rmse=0.000734  max_abs_dA=0.0009223  int_signed_dA=-1.419e-08  int_abs_dA=1.419e-08  A_min=0.00013  max_dA_fwd=-4.645e-06
  [shape] epoch  11000  rmse=0.0003707  max_abs_dA=0.0004931  int_signed_dA=-7.052e-09  int_abs_dA=7.052e-09  A_min=0.0006091  max_dA_fwd=-4.562e-06
  [shape] epoch  11250  rmse=0.0008  max_abs_dA=0.000994  int_signed_dA=-1.548e-08  int_abs_dA=1.548e-08  A_min=5.383e-05  max_dA_fwd=-4.68e-06
  [shape] epoch  11500  rmse=0.0003179  max_abs_dA=0.0004302  int_signed_dA=-6.011e-09  int_abs_dA=6.011e-09  A_min=0.0006871  max_dA_fwd=-4.554e-06
  [shape] epoch  11750  rmse=0.0003284  max_abs_dA=0.0004435  int_signed_dA=-6.25e-09  int_abs_dA=6.25e-09  A_min=0.0006978  max_dA_fwd=-4.515e-06
  [shape] epoch  12000  rmse=0.0001779  max_abs_dA=0.0004196  int_signed_dA=2.765e-09  int_abs_dA=3.069e-09  A_min=0.00133  max_dA_fwd=-4.307e-06
  [shape] epoch  12250  rmse=0.0002077  max_abs_dA=0.0003021  int_signed_dA=-3.768e-09  int_abs_dA=3.768e-09  A_min=0.0008653  max_dA_fwd=-4.5e-06
  [shape] epoch  12500  rmse=0.0001774  max_abs_dA=0.0002656  int_signed_dA=-3.112e-09  int_abs_dA=3.145e-09  A_min=0.0009082  max_dA_fwd=-4.499e-06
  [shape] epoch  12750  rmse=0.0001956  max_abs_dA=0.0002874  int_signed_dA=-3.551e-09  int_abs_dA=3.551e-09  A_min=0.0009034  max_dA_fwd=-4.496e-06
  [shape] epoch  13000  rmse=0.0002205  max_abs_dA=0.0003195  int_signed_dA=-4.079e-09  int_abs_dA=4.079e-09  A_min=0.0008967  max_dA_fwd=-4.465e-06
  [shape] epoch  13250  rmse=0.0001622  max_abs_dA=0.0002468  int_signed_dA=-2.797e-09  int_abs_dA=2.876e-09  A_min=0.0009715  max_dA_fwd=-4.486e-06
  [shape] epoch  13500  rmse=0.0001744  max_abs_dA=0.000262  int_signed_dA=-3.072e-09  int_abs_dA=3.148e-09  A_min=0.0009703  max_dA_fwd=-4.496e-06
  [shape] epoch  13750  rmse=0.0001879  max_abs_dA=0.00028  int_signed_dA=-3.347e-09  int_abs_dA=3.424e-09  A_min=0.0009709  max_dA_fwd=-4.491e-06
  [shape] epoch  14000  rmse=0.0002946  max_abs_dA=0.0004052  int_signed_dA=-5.664e-09  int_abs_dA=5.664e-09  A_min=0.0008247  max_dA_fwd=-4.52e-06
  [shape] epoch  14250  rmse=0.001601  max_abs_dA=0.002314  int_signed_dA=3.063e-08  int_abs_dA=3.068e-08  A_min=0.003224  max_dA_fwd=-4.077e-06
  [shape] epoch  14500  rmse=0.000159  max_abs_dA=0.0002437  int_signed_dA=-2.498e-09  int_abs_dA=2.905e-09  A_min=0.001048  max_dA_fwd=-4.502e-06
  [shape] epoch  14750  rmse=0.0001698  max_abs_dA=0.0002598  int_signed_dA=-2.684e-09  int_abs_dA=3.111e-09  A_min=0.001052  max_dA_fwd=-4.503e-06
  [shape] epoch  15000  rmse=0.0001541  max_abs_dA=0.0002364  int_signed_dA=-2.192e-09  int_abs_dA=2.836e-09  A_min=0.001084  max_dA_fwd=-4.502e-06
  [shape] epoch  15250  rmse=0.000163  max_abs_dA=0.0002494  int_signed_dA=-2.287e-09  int_abs_dA=3.009e-09  A_min=0.001094  max_dA_fwd=-4.504e-06
  [shape] epoch  15500  rmse=0.0001547  max_abs_dA=0.0002357  int_signed_dA=-2e-09  int_abs_dA=2.862e-09  A_min=0.001111  max_dA_fwd=-4.506e-06
  [shape] epoch  15750  rmse=0.000221  max_abs_dA=0.0003309  int_signed_dA=-3.897e-09  int_abs_dA=4.034e-09  A_min=0.0009891  max_dA_fwd=-4.539e-06
  [shape] epoch  16000  rmse=0.0001575  max_abs_dA=0.0002391  int_signed_dA=-1.939e-09  int_abs_dA=2.918e-09  A_min=0.001123  max_dA_fwd=-4.518e-06
  [shape] epoch  16250  rmse=0.0001619  max_abs_dA=0.000246  int_signed_dA=-1.989e-09  int_abs_dA=3.001e-09  A_min=0.001126  max_dA_fwd=-4.521e-06
  [shape] epoch  16500  rmse=0.0001751  max_abs_dA=0.00027  int_signed_dA=-2.514e-09  int_abs_dA=3.216e-09  A_min=0.001089  max_dA_fwd=-4.53e-06
  [shape] epoch  16750  rmse=0.0001565  max_abs_dA=0.000235  int_signed_dA=-1.762e-09  int_abs_dA=2.906e-09  A_min=0.001138  max_dA_fwd=-4.536e-06
  [shape] epoch  17000  rmse=0.0001577  max_abs_dA=0.0002365  int_signed_dA=-1.758e-09  int_abs_dA=2.929e-09  A_min=0.00114  max_dA_fwd=-4.54e-06
  [shape] epoch  17250  rmse=0.0001513  max_abs_dA=0.0002289  int_signed_dA=-1.623e-09  int_abs_dA=2.811e-09  A_min=0.001139  max_dA_fwd=-4.554e-06
  [shape] epoch  17500  rmse=0.0001533  max_abs_dA=0.0002353  int_signed_dA=-1.596e-09  int_abs_dA=2.851e-09  A_min=0.001145  max_dA_fwd=-4.554e-06
  [shape] epoch  17750  rmse=0.0001471  max_abs_dA=0.0002358  int_signed_dA=-1.45e-09  int_abs_dA=2.736e-09  A_min=0.001146  max_dA_fwd=-4.566e-06
  [shape] epoch  18000  rmse=0.0001461  max_abs_dA=0.0002321  int_signed_dA=-1.455e-09  int_abs_dA=2.718e-09  A_min=0.001142  max_dA_fwd=-4.575e-06
  [shape] epoch  18250  rmse=0.0001459  max_abs_dA=0.0002306  int_signed_dA=-1.458e-09  int_abs_dA=2.715e-09  A_min=0.001141  max_dA_fwd=-4.581e-06
  [shape] epoch  18500  rmse=0.0001435  max_abs_dA=0.0002274  int_signed_dA=-1.434e-09  int_abs_dA=2.672e-09  A_min=0.001137  max_dA_fwd=-4.588e-06
  [shape] epoch  18750  rmse=0.0001413  max_abs_dA=0.0002276  int_signed_dA=-1.378e-09  int_abs_dA=2.631e-09  A_min=0.001138  max_dA_fwd=-4.594e-06
  [shape] epoch  19000  rmse=0.0001407  max_abs_dA=0.0002298  int_signed_dA=-1.341e-09  int_abs_dA=2.62e-09  A_min=0.00114  max_dA_fwd=-4.593e-06
  [shape] epoch  19250  rmse=0.0001392  max_abs_dA=0.0002212  int_signed_dA=-1.391e-09  int_abs_dA=2.594e-09  A_min=0.001131  max_dA_fwd=-4.603e-06
  [shape] epoch  19500  rmse=0.0001396  max_abs_dA=0.0002215  int_signed_dA=-1.393e-09  int_abs_dA=2.601e-09  A_min=0.001131  max_dA_fwd=-4.602e-06
  [shape] epoch  19750  rmse=0.0001398  max_abs_dA=0.000215  int_signed_dA=-1.464e-09  int_abs_dA=2.606e-09  A_min=0.001125  max_dA_fwd=-4.604e-06
  [shape] epoch  19999  rmse=0.0002428  max_abs_dA=0.0005322  int_signed_dA=3.369e-09  int_abs_dA=3.679e-09  A_min=0.001442  max_dA_fwd=-4.545e-06
[spectral-pn] spn-L100.0-s42: loss 9.529e-01 -> 8.687e-08 (x10969595 drop)
[spectral-pn] RMSE=0.0002 max|dA|=0.0005 gamma_eff=3.4130e+05 gamma_ratio=0.9988
[spectral-pn] snapshot=final best_epoch=19999 best_loss=8.687e-08 final_loss=8.687e-08
[spectral-pn-shape] cancel=0.916 int_signed_dA=3.3691e-09 int_abs_dA=3.6793e-09 A_min=1.4422e-03 max_dA_fwd=-4.5449e-06
[spectral-pn] saved: runs/transient/pn_sumrule_adoption/C7_L100_ce
