[spectral-pn] case: L=1.0 um, Nk=20, L_max=8, run=20260810_173119
[spectral-pn] window t_end=5.130e-09 s (767.1 tau_ref), gamma_dom=1.3645e+09 Hz
[spectral-pn] window mode=n_decay rule=n_decay (t_1% at 0.01*A0: nan s; n_dec=7/gamma_dom: 5.1302e-09 s)
  epoch      0  residual 1.951e-02
  epoch    250  residual 1.758e-04
  epoch    500  residual 7.285e-05
  epoch    750  residual 4.225e-05
  epoch   1000  residual 2.686e-05
  epoch   1250  residual 2.635e-05
  epoch   1500  residual 1.782e-05
  epoch   1750  residual 1.911e-05
  epoch   2000  residual 1.441e-05
  epoch   2250  residual 1.310e-05
  epoch   2500  residual 1.186e-05
  epoch   2750  residual 1.357e-05
  epoch   3000  residual 1.132e-05
  epoch   3250  residual 9.166e-06
  epoch   3500  residual 9.002e-06
  epoch   3750  residual 8.150e-06
  epoch   4000  residual 7.705e-06
  epoch   4250  residual 8.865e-06
  epoch   4500  residual 6.993e-06
  epoch   4750  residual 6.792e-06
  epoch   5000  residual 6.384e-06
  epoch   5250  residual 6.144e-06
  epoch   5500  residual 5.891e-06
  epoch   5750  residual 5.726e-06
  epoch   6000  residual 5.621e-06
  epoch   6250  residual 5.281e-06
  epoch   6500  residual 5.106e-06
  epoch   6750  residual 7.039e-06
  epoch   7000  residual 4.760e-06
  epoch   7250  residual 4.660e-06
  epoch   7500  residual 4.440e-06
  epoch   7750  residual 4.298e-06
  epoch   8000  residual 4.063e-06
  epoch   8250  residual 4.529e-06
  epoch   8500  residual 3.711e-06
  epoch   8750  residual 4.207e-06
  epoch   9000  residual 4.000e-06
  epoch   9250  residual 3.275e-06
  epoch   9500  residual 3.299e-06
  epoch   9750  residual 3.040e-06
  epoch  10000  residual 3.292e-06
  epoch  10250  residual 2.832e-06
  epoch  10500  residual 2.741e-06
  epoch  10750  residual 2.704e-06
  epoch  11000  residual 2.964e-06
  epoch  11250  residual 2.823e-06
  epoch  11500  residual 2.525e-06
  epoch  11750  residual 2.384e-06
  epoch  12000  residual 2.306e-06
  epoch  12250  residual 2.252e-06
  epoch  12500  residual 2.193e-06
  epoch  12750  residual 2.142e-06
  epoch  13000  residual 2.074e-06
  epoch  13250  residual 2.141e-06
  epoch  13500  residual 1.978e-06
  epoch  13750  residual 1.956e-06
  epoch  14000  residual 1.933e-06
  epoch  14250  residual 1.850e-06
  epoch  14500  residual 1.875e-06
  epoch  14750  residual 1.783e-06
  epoch  15000  residual 1.748e-06
  epoch  15250  residual 1.712e-06
  epoch  15500  residual 1.686e-06
  epoch  15750  residual 1.657e-06
  epoch  16000  residual 1.633e-06
  epoch  16250  residual 1.611e-06
  epoch  16500  residual 1.590e-06
  epoch  16750  residual 1.577e-06
  epoch  17000  residual 1.559e-06
  epoch  17250  residual 1.536e-06
  epoch  17500  residual 1.513e-06
  epoch  17750  residual 1.496e-06
  epoch  18000  residual 1.481e-06
  epoch  18250  residual 1.464e-06
  epoch  18500  residual 1.455e-06
  epoch  18750  residual 1.438e-06
  epoch  19000  residual 1.425e-06
  epoch  19250  residual 1.413e-06
  epoch  19500  residual 1.400e-06
  epoch  19750  residual 1.388e-06
  epoch  19999  residual 1.377e-06
  [gamma] epoch      0  gamma_ratio 0.1462  residual 1.951e-02
  [gamma] epoch    250  gamma_ratio 0.6474  residual 1.758e-04
  [gamma] epoch    500  gamma_ratio 0.3750  residual 7.285e-05
  [gamma] epoch    750  gamma_ratio 0.2474  residual 4.225e-05
  [gamma] epoch   1000  gamma_ratio 0.1973  residual 2.686e-05
  [gamma] epoch   1250  gamma_ratio 0.1740  residual 2.635e-05
  [gamma] epoch   1500  gamma_ratio 0.1632  residual 1.782e-05
  [gamma] epoch   1750  gamma_ratio 0.1576  residual 1.911e-05
  [gamma] epoch   2000  gamma_ratio 0.1536  residual 1.441e-05
  [gamma] epoch   2250  gamma_ratio 0.1511  residual 1.310e-05
  [gamma] epoch   2500  gamma_ratio 0.1500  residual 1.186e-05
  [gamma] epoch   2750  gamma_ratio 0.1495  residual 1.357e-05
  [gamma] epoch   3000  gamma_ratio 0.1482  residual 1.132e-05
  [gamma] epoch   3250  gamma_ratio 0.1480  residual 9.166e-06
  [gamma] epoch   3500  gamma_ratio 0.1487  residual 9.002e-06
  [gamma] epoch   3750  gamma_ratio 0.1474  residual 8.150e-06
  [gamma] epoch   4000  gamma_ratio 0.1473  residual 7.705e-06
  [gamma] epoch   4250  gamma_ratio 0.1475  residual 8.865e-06
  [gamma] epoch   4500  gamma_ratio 0.1470  residual 6.993e-06
  [gamma] epoch   4750  gamma_ratio 0.1471  residual 6.792e-06
  [gamma] epoch   5000  gamma_ratio 0.1467  residual 6.384e-06
  [gamma] epoch   5250  gamma_ratio 0.1465  residual 6.144e-06
  [gamma] epoch   5500  gamma_ratio 0.1464  residual 5.891e-06
  [gamma] epoch   5750  gamma_ratio 0.1466  residual 5.726e-06
  [gamma] epoch   6000  gamma_ratio 0.1462  residual 5.621e-06
  [gamma] epoch   6250  gamma_ratio 0.1462  residual 5.281e-06
  [gamma] epoch   6500  gamma_ratio 0.1461  residual 5.106e-06
  [gamma] epoch   6750  gamma_ratio 0.1462  residual 7.039e-06
  [gamma] epoch   7000  gamma_ratio 0.1460  residual 4.760e-06
  [gamma] epoch   7250  gamma_ratio 0.1460  residual 4.660e-06
  [gamma] epoch   7500  gamma_ratio 0.1459  residual 4.440e-06
  [gamma] epoch   7750  gamma_ratio 0.1460  residual 4.298e-06
  [gamma] epoch   8000  gamma_ratio 0.1458  residual 4.063e-06
  [gamma] epoch   8250  gamma_ratio 0.1457  residual 4.529e-06
  [gamma] epoch   8500  gamma_ratio 0.1456  residual 3.711e-06
  [gamma] epoch   8750  gamma_ratio 0.1455  residual 4.207e-06
  [gamma] epoch   9000  gamma_ratio 0.1460  residual 4.000e-06
  [gamma] epoch   9250  gamma_ratio 0.1454  residual 3.275e-06
  [gamma] epoch   9500  gamma_ratio 0.1457  residual 3.299e-06
  [gamma] epoch   9750  gamma_ratio 0.1454  residual 3.040e-06
  [gamma] epoch  10000  gamma_ratio 0.1454  residual 3.292e-06
  [gamma] epoch  10250  gamma_ratio 0.1453  residual 2.832e-06
  [gamma] epoch  10500  gamma_ratio 0.1453  residual 2.741e-06
  [gamma] epoch  10750  gamma_ratio 0.1453  residual 2.704e-06
  [gamma] epoch  11000  gamma_ratio 0.1452  residual 2.964e-06
  [gamma] epoch  11250  gamma_ratio 0.1452  residual 2.823e-06
  [gamma] epoch  11500  gamma_ratio 0.1452  residual 2.525e-06
  [gamma] epoch  11750  gamma_ratio 0.1452  residual 2.384e-06
  [gamma] epoch  12000  gamma_ratio 0.1452  residual 2.306e-06
  [gamma] epoch  12250  gamma_ratio 0.1452  residual 2.252e-06
  [gamma] epoch  12500  gamma_ratio 0.1452  residual 2.193e-06
  [gamma] epoch  12750  gamma_ratio 0.1452  residual 2.142e-06
  [gamma] epoch  13000  gamma_ratio 0.1451  residual 2.074e-06
  [gamma] epoch  13250  gamma_ratio 0.1451  residual 2.141e-06
  [gamma] epoch  13500  gamma_ratio 0.1451  residual 1.978e-06
  [gamma] epoch  13750  gamma_ratio 0.1451  residual 1.956e-06
  [gamma] epoch  14000  gamma_ratio 0.1451  residual 1.933e-06
  [gamma] epoch  14250  gamma_ratio 0.1450  residual 1.850e-06
  [gamma] epoch  14500  gamma_ratio 0.1450  residual 1.875e-06
  [gamma] epoch  14750  gamma_ratio 0.1450  residual 1.783e-06
  [gamma] epoch  15000  gamma_ratio 0.1450  residual 1.748e-06
  [gamma] epoch  15250  gamma_ratio 0.1450  residual 1.712e-06
  [gamma] epoch  15500  gamma_ratio 0.1449  residual 1.686e-06
  [gamma] epoch  15750  gamma_ratio 0.1449  residual 1.657e-06
  [gamma] epoch  16000  gamma_ratio 0.1449  residual 1.633e-06
  [gamma] epoch  16250  gamma_ratio 0.1449  residual 1.611e-06
  [gamma] epoch  16500  gamma_ratio 0.1449  residual 1.590e-06
  [gamma] epoch  16750  gamma_ratio 0.1449  residual 1.577e-06
  [gamma] epoch  17000  gamma_ratio 0.1448  residual 1.559e-06
  [gamma] epoch  17250  gamma_ratio 0.1448  residual 1.536e-06
  [gamma] epoch  17500  gamma_ratio 0.1448  residual 1.513e-06
  [gamma] epoch  17750  gamma_ratio 0.1448  residual 1.496e-06
  [gamma] epoch  18000  gamma_ratio 0.1448  residual 1.481e-06
  [gamma] epoch  18250  gamma_ratio 0.1448  residual 1.464e-06
  [gamma] epoch  18500  gamma_ratio 0.1448  residual 1.455e-06
  [gamma] epoch  18750  gamma_ratio 0.1448  residual 1.438e-06
  [gamma] epoch  19000  gamma_ratio 0.1448  residual 1.425e-06
  [gamma] epoch  19250  gamma_ratio 0.1447  residual 1.413e-06
  [gamma] epoch  19500  gamma_ratio 0.1447  residual 1.400e-06
  [gamma] epoch  19750  gamma_ratio 0.1447  residual 1.388e-06
  [gamma] epoch  19999  gamma_ratio 0.1447  residual 1.377e-06
  [shape] epoch      0  rmse=0.8635  max_abs_dA=0.9654  int_signed_dA=4.276e-09  int_abs_dA=4.276e-09  A_min=0.9654  max_dA_fwd=0.01465
  [shape] epoch    250  rmse=0.2134  max_abs_dA=0.5636  int_signed_dA=3.989e-10  int_abs_dA=9.646e-10  A_min=0.1913  max_dA_fwd=-1.927e-05
  [shape] epoch    500  rmse=0.3067  max_abs_dA=0.3728  int_signed_dA=1.221e-09  int_abs_dA=1.5e-09  A_min=0.3489  max_dA_fwd=-2.079e-05
  [shape] epoch    750  rmse=0.4769  max_abs_dA=0.5505  int_signed_dA=2.228e-09  int_abs_dA=2.319e-09  A_min=0.5482  max_dA_fwd=-1.744e-05
  [shape] epoch   1000  rmse=0.616  max_abs_dA=0.7013  int_signed_dA=2.98e-09  int_abs_dA=3.005e-09  A_min=0.6997  max_dA_fwd=-1.543e-05
  [shape] epoch   1250  rmse=0.7103  max_abs_dA=0.802  int_signed_dA=3.477e-09  int_abs_dA=3.483e-09  A_min=0.8009  max_dA_fwd=-1.38e-05
  [shape] epoch   1500  rmse=0.7636  max_abs_dA=0.8591  int_signed_dA=3.756e-09  int_abs_dA=3.757e-09  A_min=0.8584  max_dA_fwd=-1.224e-05
  [shape] epoch   1750  rmse=0.7941  max_abs_dA=0.892  int_signed_dA=3.914e-09  int_abs_dA=3.914e-09  A_min=0.8917  max_dA_fwd=-1.075e-05
  [shape] epoch   2000  rmse=0.8174  max_abs_dA=0.9172  int_signed_dA=4.035e-09  int_abs_dA=4.035e-09  A_min=0.9171  max_dA_fwd=-9.558e-06
  [shape] epoch   2250  rmse=0.8327  max_abs_dA=0.9338  int_signed_dA=4.113e-09  int_abs_dA=4.113e-09  A_min=0.9339  max_dA_fwd=-8.629e-06
  [shape] epoch   2500  rmse=0.8402  max_abs_dA=0.942  int_signed_dA=4.152e-09  int_abs_dA=4.152e-09  A_min=0.9421  max_dA_fwd=0.0002963
  [shape] epoch   2750  rmse=0.8433  max_abs_dA=0.9456  int_signed_dA=4.167e-09  int_abs_dA=4.167e-09  A_min=0.9458  max_dA_fwd=-7.654e-06
  [shape] epoch   3000  rmse=0.8512  max_abs_dA=0.9541  int_signed_dA=4.208e-09  int_abs_dA=4.208e-09  A_min=0.9543  max_dA_fwd=0.0007428
  [shape] epoch   3250  rmse=0.853  max_abs_dA=0.9563  int_signed_dA=4.218e-09  int_abs_dA=4.218e-09  A_min=0.9567  max_dA_fwd=0.0005708
  [shape] epoch   3500  rmse=0.8485  max_abs_dA=0.9517  int_signed_dA=4.194e-09  int_abs_dA=4.194e-09  A_min=0.952  max_dA_fwd=-6.88e-06
  [shape] epoch   3750  rmse=0.8566  max_abs_dA=0.9606  int_signed_dA=4.235e-09  int_abs_dA=4.235e-09  A_min=0.961  max_dA_fwd=0.0002928
  [shape] epoch   4000  rmse=0.8576  max_abs_dA=0.9619  int_signed_dA=4.24e-09  int_abs_dA=4.24e-09  A_min=0.9623  max_dA_fwd=0.0001597
  [shape] epoch   4250  rmse=0.8562  max_abs_dA=0.9605  int_signed_dA=4.232e-09  int_abs_dA=4.232e-09  A_min=0.961  max_dA_fwd=-5.718e-06
  [shape] epoch   4500  rmse=0.8599  max_abs_dA=0.9647  int_signed_dA=4.251e-09  int_abs_dA=4.251e-09  A_min=0.9652  max_dA_fwd=-5.347e-06
  [shape] epoch   4750  rmse=0.8593  max_abs_dA=0.9642  int_signed_dA=4.248e-09  int_abs_dA=4.248e-09  A_min=0.9647  max_dA_fwd=-5.186e-06
  [shape] epoch   5000  rmse=0.8616  max_abs_dA=0.9668  int_signed_dA=4.26e-09  int_abs_dA=4.26e-09  A_min=0.9673  max_dA_fwd=-4.886e-06
  [shape] epoch   5250  rmse=0.8631  max_abs_dA=0.9685  int_signed_dA=4.267e-09  int_abs_dA=4.267e-09  A_min=0.9691  max_dA_fwd=-4.657e-06
  [shape] epoch   5500  rmse=0.8636  max_abs_dA=0.9692  int_signed_dA=4.27e-09  int_abs_dA=4.27e-09  A_min=0.9697  max_dA_fwd=-4.422e-06
  [shape] epoch   5750  rmse=0.8627  max_abs_dA=0.9684  int_signed_dA=4.265e-09  int_abs_dA=4.265e-09  A_min=0.9689  max_dA_fwd=-4.293e-06
  [shape] epoch   6000  rmse=0.8647  max_abs_dA=0.9707  int_signed_dA=4.275e-09  int_abs_dA=4.275e-09  A_min=0.9713  max_dA_fwd=-4.003e-06
  [shape] epoch   6250  rmse=0.8653  max_abs_dA=0.9714  int_signed_dA=4.278e-09  int_abs_dA=4.278e-09  A_min=0.972  max_dA_fwd=-3.822e-06
  [shape] epoch   6500  rmse=0.8658  max_abs_dA=0.972  int_signed_dA=4.281e-09  int_abs_dA=4.281e-09  A_min=0.9726  max_dA_fwd=-3.632e-06
  [shape] epoch   6750  rmse=0.865  max_abs_dA=0.9714  int_signed_dA=4.277e-09  int_abs_dA=4.277e-09  A_min=0.9719  max_dA_fwd=-3.485e-06
  [shape] epoch   7000  rmse=0.8667  max_abs_dA=0.9732  int_signed_dA=4.285e-09  int_abs_dA=4.285e-09  A_min=0.9737  max_dA_fwd=-3.308e-06
  [shape] epoch   7250  rmse=0.8666  max_abs_dA=0.9732  int_signed_dA=4.285e-09  int_abs_dA=4.285e-09  A_min=0.9737  max_dA_fwd=-3.153e-06
  [shape] epoch   7500  rmse=0.8674  max_abs_dA=0.9741  int_signed_dA=4.289e-09  int_abs_dA=4.289e-09  A_min=0.9747  max_dA_fwd=-3.01e-06
  [shape] epoch   7750  rmse=0.8666  max_abs_dA=0.9734  int_signed_dA=4.285e-09  int_abs_dA=4.285e-09  A_min=0.974  max_dA_fwd=-2.925e-06
  [shape] epoch   8000  rmse=0.8678  max_abs_dA=0.9747  int_signed_dA=4.291e-09  int_abs_dA=4.291e-09  A_min=0.9752  max_dA_fwd=-2.813e-06
  [shape] epoch   8250  rmse=0.8682  max_abs_dA=0.9752  int_signed_dA=4.293e-09  int_abs_dA=4.293e-09  A_min=0.9758  max_dA_fwd=-2.698e-06
  [shape] epoch   8500  rmse=0.8691  max_abs_dA=0.9763  int_signed_dA=4.298e-09  int_abs_dA=4.298e-09  A_min=0.9768  max_dA_fwd=-2.596e-06
  [shape] epoch   8750  rmse=0.8696  max_abs_dA=0.9768  int_signed_dA=4.3e-09  int_abs_dA=4.3e-09  A_min=0.9774  max_dA_fwd=-2.539e-06
  [shape] epoch   9000  rmse=0.8664  max_abs_dA=0.9735  int_signed_dA=4.283e-09  int_abs_dA=4.283e-09  A_min=0.974  max_dA_fwd=-2.573e-06
  [shape] epoch   9250  rmse=0.8703  max_abs_dA=0.9776  int_signed_dA=4.304e-09  int_abs_dA=4.304e-09  A_min=0.9782  max_dA_fwd=-2.414e-06
  [shape] epoch   9500  rmse=0.8682  max_abs_dA=0.9754  int_signed_dA=4.293e-09  int_abs_dA=4.293e-09  A_min=0.976  max_dA_fwd=-2.446e-06
  [shape] epoch   9750  rmse=0.8703  max_abs_dA=0.9777  int_signed_dA=4.304e-09  int_abs_dA=4.304e-09  A_min=0.9783  max_dA_fwd=-2.357e-06
  [shape] epoch  10000  rmse=0.8703  max_abs_dA=0.9777  int_signed_dA=4.303e-09  int_abs_dA=4.303e-09  A_min=0.9782  max_dA_fwd=-2.312e-06
  [shape] epoch  10250  rmse=0.8712  max_abs_dA=0.9787  int_signed_dA=4.308e-09  int_abs_dA=4.308e-09  A_min=0.9793  max_dA_fwd=-2.263e-06
  [shape] epoch  10500  rmse=0.8712  max_abs_dA=0.9787  int_signed_dA=4.308e-09  int_abs_dA=4.308e-09  A_min=0.9793  max_dA_fwd=-2.248e-06
  [shape] epoch  10750  rmse=0.8712  max_abs_dA=0.9788  int_signed_dA=4.308e-09  int_abs_dA=4.308e-09  A_min=0.9793  max_dA_fwd=-2.214e-06
  [shape] epoch  11000  rmse=0.8716  max_abs_dA=0.9792  int_signed_dA=4.31e-09  int_abs_dA=4.31e-09  A_min=0.9798  max_dA_fwd=-2.184e-06
  [shape] epoch  11250  rmse=0.8716  max_abs_dA=0.9793  int_signed_dA=4.31e-09  int_abs_dA=4.31e-09  A_min=0.9798  max_dA_fwd=-2.163e-06
  [shape] epoch  11500  rmse=0.8719  max_abs_dA=0.9795  int_signed_dA=4.312e-09  int_abs_dA=4.312e-09  A_min=0.9801  max_dA_fwd=-2.14e-06
  [shape] epoch  11750  rmse=0.8717  max_abs_dA=0.9794  int_signed_dA=4.311e-09  int_abs_dA=4.311e-09  A_min=0.98  max_dA_fwd=-2.123e-06
  [shape] epoch  12000  rmse=0.8719  max_abs_dA=0.9796  int_signed_dA=4.311e-09  int_abs_dA=4.311e-09  A_min=0.9801  max_dA_fwd=-2.092e-06
  [shape] epoch  12250  rmse=0.8719  max_abs_dA=0.9796  int_signed_dA=4.312e-09  int_abs_dA=4.312e-09  A_min=0.9802  max_dA_fwd=-2.064e-06
  [shape] epoch  12500  rmse=0.8722  max_abs_dA=0.9799  int_signed_dA=4.313e-09  int_abs_dA=4.313e-09  A_min=0.9805  max_dA_fwd=-2.031e-06
  [shape] epoch  12750  rmse=0.8722  max_abs_dA=0.98  int_signed_dA=4.313e-09  int_abs_dA=4.313e-09  A_min=0.9805  max_dA_fwd=-2e-06
  [shape] epoch  13000  rmse=0.8724  max_abs_dA=0.9802  int_signed_dA=4.314e-09  int_abs_dA=4.314e-09  A_min=0.9808  max_dA_fwd=-1.971e-06
  [shape] epoch  13250  rmse=0.8726  max_abs_dA=0.9805  int_signed_dA=4.315e-09  int_abs_dA=4.315e-09  A_min=0.981  max_dA_fwd=-1.931e-06
  [shape] epoch  13500  rmse=0.8726  max_abs_dA=0.9804  int_signed_dA=4.315e-09  int_abs_dA=4.315e-09  A_min=0.981  max_dA_fwd=-1.906e-06
  [shape] epoch  13750  rmse=0.8727  max_abs_dA=0.9807  int_signed_dA=4.316e-09  int_abs_dA=4.316e-09  A_min=0.9812  max_dA_fwd=-1.869e-06
  [shape] epoch  14000  rmse=0.8728  max_abs_dA=0.9808  int_signed_dA=4.316e-09  int_abs_dA=4.316e-09  A_min=0.9813  max_dA_fwd=-1.839e-06
  [shape] epoch  14250  rmse=0.8731  max_abs_dA=0.9811  int_signed_dA=4.318e-09  int_abs_dA=4.318e-09  A_min=0.9817  max_dA_fwd=-1.8e-06
  [shape] epoch  14500  rmse=0.8735  max_abs_dA=0.9816  int_signed_dA=4.32e-09  int_abs_dA=4.32e-09  A_min=0.9821  max_dA_fwd=-1.763e-06
  [shape] epoch  14750  rmse=0.8734  max_abs_dA=0.9815  int_signed_dA=4.319e-09  int_abs_dA=4.319e-09  A_min=0.982  max_dA_fwd=-1.737e-06
  [shape] epoch  15000  rmse=0.8735  max_abs_dA=0.9816  int_signed_dA=4.32e-09  int_abs_dA=4.32e-09  A_min=0.9822  max_dA_fwd=-1.711e-06
  [shape] epoch  15250  rmse=0.8737  max_abs_dA=0.9818  int_signed_dA=4.32e-09  int_abs_dA=4.32e-09  A_min=0.9823  max_dA_fwd=-1.689e-06
  [shape] epoch  15500  rmse=0.8738  max_abs_dA=0.9819  int_signed_dA=4.321e-09  int_abs_dA=4.321e-09  A_min=0.9825  max_dA_fwd=-1.667e-06
  [shape] epoch  15750  rmse=0.8739  max_abs_dA=0.9821  int_signed_dA=4.322e-09  int_abs_dA=4.322e-09  A_min=0.9826  max_dA_fwd=-1.647e-06
  [shape] epoch  16000  rmse=0.874  max_abs_dA=0.9822  int_signed_dA=4.322e-09  int_abs_dA=4.322e-09  A_min=0.9828  max_dA_fwd=-1.63e-06
  [shape] epoch  16250  rmse=0.8742  max_abs_dA=0.9823  int_signed_dA=4.323e-09  int_abs_dA=4.323e-09  A_min=0.9829  max_dA_fwd=-1.617e-06
  [shape] epoch  16500  rmse=0.8742  max_abs_dA=0.9825  int_signed_dA=4.323e-09  int_abs_dA=4.323e-09  A_min=0.983  max_dA_fwd=-1.602e-06
  [shape] epoch  16750  rmse=0.8743  max_abs_dA=0.9825  int_signed_dA=4.323e-09  int_abs_dA=4.323e-09  A_min=0.9831  max_dA_fwd=-1.59e-06
  [shape] epoch  17000  rmse=0.8744  max_abs_dA=0.9827  int_signed_dA=4.324e-09  int_abs_dA=4.324e-09  A_min=0.9832  max_dA_fwd=-1.578e-06
  [shape] epoch  17250  rmse=0.8746  max_abs_dA=0.9828  int_signed_dA=4.325e-09  int_abs_dA=4.325e-09  A_min=0.9834  max_dA_fwd=-1.569e-06
  [shape] epoch  17500  rmse=0.8746  max_abs_dA=0.9829  int_signed_dA=4.325e-09  int_abs_dA=4.325e-09  A_min=0.9834  max_dA_fwd=-1.562e-06
  [shape] epoch  17750  rmse=0.8747  max_abs_dA=0.983  int_signed_dA=4.326e-09  int_abs_dA=4.326e-09  A_min=0.9836  max_dA_fwd=-1.555e-06
  [shape] epoch  18000  rmse=0.8748  max_abs_dA=0.9831  int_signed_dA=4.326e-09  int_abs_dA=4.326e-09  A_min=0.9837  max_dA_fwd=-1.548e-06
  [shape] epoch  18250  rmse=0.8749  max_abs_dA=0.9832  int_signed_dA=4.326e-09  int_abs_dA=4.326e-09  A_min=0.9837  max_dA_fwd=-1.542e-06
  [shape] epoch  18500  rmse=0.8749  max_abs_dA=0.9832  int_signed_dA=4.326e-09  int_abs_dA=4.326e-09  A_min=0.9838  max_dA_fwd=-1.539e-06
  [shape] epoch  18750  rmse=0.875  max_abs_dA=0.9833  int_signed_dA=4.327e-09  int_abs_dA=4.327e-09  A_min=0.9839  max_dA_fwd=-1.531e-06
  [shape] epoch  19000  rmse=0.875  max_abs_dA=0.9834  int_signed_dA=4.327e-09  int_abs_dA=4.327e-09  A_min=0.9839  max_dA_fwd=-1.526e-06
  [shape] epoch  19250  rmse=0.8751  max_abs_dA=0.9835  int_signed_dA=4.328e-09  int_abs_dA=4.328e-09  A_min=0.984  max_dA_fwd=-1.519e-06
  [shape] epoch  19500  rmse=0.8752  max_abs_dA=0.9836  int_signed_dA=4.328e-09  int_abs_dA=4.328e-09  A_min=0.9841  max_dA_fwd=-1.514e-06
  [shape] epoch  19750  rmse=0.8752  max_abs_dA=0.9836  int_signed_dA=4.328e-09  int_abs_dA=4.328e-09  A_min=0.9842  max_dA_fwd=-1.509e-06
  [shape] epoch  19999  rmse=0.8753  max_abs_dA=0.9837  int_signed_dA=4.328e-09  int_abs_dA=4.328e-09  A_min=0.9842  max_dA_fwd=-1.504e-06
[spectral-pn] spn-L1.0-s42: loss 1.951e-02 -> 1.377e-06 (x14166 drop)
[spectral-pn] RMSE=0.8753 max|dA|=0.9837 gamma_eff=1.9760e+08 gamma_ratio=0.1447
[spectral-pn] snapshot=final best_epoch=19999 best_loss=1.377e-06 final_loss=1.377e-06
[spectral-pn-shape] cancel=1.000 int_signed_dA=4.3283e-09 int_abs_dA=4.3283e-09 A_min=9.8423e-01 max_dA_fwd=-1.5038e-06
[spectral-pn] saved: runs/transient/p118_joint_repin/abl_L1.0_plain_s42
