[2026-09-06 10:08:07] QUEUED p203_sumrule_ladder_1d (9 arms, 1D, --mode-source joint-sumrule)
[2026-09-06 10:08:07] GATE WAIT (pyapps=0 runners=2 used=11427MiB)
[2026-09-06 10:10:07] GATE WAIT (pyapps=0 runners=2 used=11427MiB)
[2026-09-06 10:12:07] GATE WAIT (pyapps=0 runners=2 used=11427MiB)
[2026-09-06 10:14:07] GATE WAIT (pyapps=0 runners=2 used=11427MiB)
[2026-09-06 10:16:07] GATE WAIT (pyapps=0 runners=2 used=11427MiB)
[2026-09-06 10:18:07] GATE WAIT (pyapps=0 runners=2 used=11427MiB)
[2026-09-06 10:20:08] GATE WAIT (pyapps=0 runners=2 used=11427MiB)
[2026-09-06 10:22:08] GATE WAIT (pyapps=0 runners=2 used=11427MiB)
[2026-09-06 10:24:08] GATE WAIT (pyapps=0 runners=2 used=11427MiB)
[2026-09-06 10:26:08] GATE WAIT (pyapps=0 runners=2 used=11427MiB)
[2026-09-06 10:28:08] GATE WAIT (pyapps=0 runners=2 used=11427MiB)
[2026-09-06 10:30:08] GATE WAIT (pyapps=0 runners=2 used=11427MiB)
[2026-09-06 10:32:08] GATE WAIT (pyapps=0 runners=2 used=11427MiB)
[2026-09-06 10:34:08] GATE WAIT (pyapps=0 runners=2 used=11427MiB)
[2026-09-06 10:36:08] GATE WAIT (pyapps=0 runners=2 used=11427MiB)
[2026-09-06 10:38:08] GATE WAIT (pyapps=0 runners=2 used=11427MiB)
[2026-09-06 10:40:08] GATE WAIT (pyapps=0 runners=2 used=11427MiB)
[2026-09-06 10:42:08] GATE WAIT (pyapps=0 runners=2 used=11427MiB)
[2026-09-06 10:44:08] GATE WAIT (pyapps=0 runners=2 used=11427MiB)
[2026-09-06 10:46:08] GATE WAIT (pyapps=0 runners=2 used=11427MiB)
[2026-09-06 10:48:08] GATE WAIT (pyapps=0 runners=2 used=11427MiB)
[2026-09-06 10:50:08] GATE WAIT (pyapps=0 runners=2 used=11427MiB)
[2026-09-06 10:52:08] GATE WAIT (pyapps=0 runners=2 used=11427MiB)
[2026-09-06 10:54:08] GATE WAIT (pyapps=0 runners=2 used=11427MiB)
[2026-09-06 10:56:08] GATE WAIT (pyapps=0 runners=2 used=11427MiB)
[2026-09-06 10:58:08] GATE WAIT (pyapps=0 runners=2 used=11427MiB)
[2026-09-06 11:00:08] GATE WAIT (pyapps=0 runners=2 used=11427MiB)
[2026-09-06 11:02:08] GATE WAIT (pyapps=0 runners=2 used=11427MiB)
[2026-09-06 11:04:09] GATE WAIT (pyapps=0 runners=2 used=11427MiB)
[2026-09-06 11:06:09] GATE WAIT (pyapps=0 runners=2 used=11427MiB)
[2026-09-06 11:08:09] GATE WAIT (pyapps=0 runners=2 used=11427MiB)
[2026-09-06 11:10:09] GATE WAIT (pyapps=0 runners=2 used=11427MiB)
[2026-09-06 11:12:09] GATE WAIT (pyapps=0 runners=2 used=11427MiB)
[2026-09-06 11:14:09] GATE WAIT (pyapps=0 runners=2 used=11427MiB)
[2026-09-06 11:16:09] GATE WAIT (pyapps=0 runners=2 used=11427MiB)
[2026-09-06 11:18:09] GATE WAIT (pyapps=0 runners=2 used=11427MiB)
[2026-09-06 11:20:09] GATE WAIT (pyapps=0 runners=2 used=11427MiB)
[2026-09-06 11:22:09] GATE WAIT (pyapps=0 runners=2 used=11427MiB)
[2026-09-06 11:24:09] GATE WAIT (pyapps=0 runners=2 used=11427MiB)
[2026-09-06 11:26:09] GATE WAIT (pyapps=0 runners=2 used=11427MiB)
[2026-09-06 11:28:09] GATE WAIT (pyapps=0 runners=2 used=11427MiB)
[2026-09-06 11:30:09] GATE WAIT (pyapps=0 runners=2 used=11427MiB)
[2026-09-06 11:32:09] GATE WAIT (pyapps=0 runners=2 used=11427MiB)
[2026-09-06 11:34:09] GATE WAIT (pyapps=0 runners=2 used=11427MiB)
[2026-09-06 11:36:09] GATE WAIT (pyapps=0 runners=2 used=11427MiB)
[2026-09-06 11:38:09] GATE WAIT (pyapps=0 runners=2 used=11427MiB)
[2026-09-06 11:40:09] GATE WAIT (pyapps=0 runners=2 used=11427MiB)
[2026-09-06 11:42:09] GATE WAIT (pyapps=0 runners=2 used=11427MiB)
[2026-09-06 11:44:09] GATE WAIT (pyapps=0 runners=2 used=11427MiB)
[2026-09-06 11:46:10] GATE WAIT (pyapps=0 runners=2 used=11427MiB)
[2026-09-06 11:48:10] GATE WAIT (pyapps=0 runners=2 used=11427MiB)
[2026-09-06 11:50:10] GATE WAIT (pyapps=0 runners=2 used=11427MiB)
[2026-09-06 11:52:10] GATE WAIT (pyapps=0 runners=2 used=11427MiB)
[2026-09-06 11:54:10] GATE WAIT (pyapps=0 runners=2 used=11427MiB)
[2026-09-06 11:56:10] GATE WAIT (pyapps=0 runners=2 used=11427MiB)
[2026-09-06 11:58:10] GATE WAIT (pyapps=0 runners=2 used=11427MiB)
[2026-09-06 12:00:10] GATE WAIT (pyapps=0 runners=2 used=11427MiB)
[2026-09-06 12:02:10] GATE WAIT (pyapps=0 runners=2 used=11427MiB)
[2026-09-06 12:04:10] GATE WAIT (pyapps=0 runners=2 used=11427MiB)
[2026-09-06 12:06:10] GATE WAIT (pyapps=0 runners=2 used=11427MiB)
[2026-09-06 12:08:10] GATE WAIT (pyapps=0 runners=2 used=11427MiB)
[2026-09-06 12:10:10] GATE WAIT (pyapps=0 runners=2 used=11427MiB)
[2026-09-06 12:12:10] GATE WAIT (pyapps=0 runners=2 used=11427MiB)
[2026-09-06 12:14:10] GATE WAIT (pyapps=0 runners=2 used=11427MiB)
[2026-09-06 12:16:10] GATE WAIT (pyapps=0 runners=2 used=11427MiB)
[2026-09-06 12:18:10] GATE WAIT (pyapps=0 runners=2 used=11427MiB)
[2026-09-06 12:20:10] GATE WAIT (pyapps=0 runners=2 used=11427MiB)
[2026-09-06 12:22:10] GATE WAIT (pyapps=0 runners=2 used=11427MiB)
[2026-09-06 12:24:10] GATE WAIT (pyapps=0 runners=2 used=11427MiB)
[2026-09-06 12:26:10] GATE WAIT (pyapps=0 runners=2 used=11427MiB)
[2026-09-06 12:28:10] GATE WAIT (pyapps=0 runners=2 used=11427MiB)
[2026-09-06 12:30:11] GATE WAIT (pyapps=0 runners=2 used=11427MiB)
[2026-09-06 12:32:11] GATE WAIT (pyapps=0 runners=2 used=11427MiB)
[2026-09-06 12:34:11] GATE WAIT (pyapps=0 runners=2 used=11427MiB)
[2026-09-06 12:36:11] GATE WAIT (pyapps=0 runners=2 used=11427MiB)
[2026-09-06 12:38:11] GATE WAIT (pyapps=0 runners=2 used=11427MiB)
[2026-09-06 12:40:11] GATE WAIT (pyapps=0 runners=2 used=11427MiB)
[2026-09-06 12:42:11] GATE WAIT (pyapps=0 runners=2 used=11427MiB)
[2026-09-06 12:44:11] GATE WAIT (pyapps=0 runners=2 used=11427MiB)
[2026-09-06 12:46:11] GATE WAIT (pyapps=0 runners=2 used=11427MiB)
[2026-09-06 12:48:11] GATE WAIT (pyapps=0 runners=2 used=11427MiB)
[2026-09-06 12:50:11] GATE WAIT (pyapps=0 runners=2 used=11427MiB)
[2026-09-06 12:52:11] GATE WAIT (pyapps=0 runners=2 used=11427MiB)
[2026-09-06 12:54:11] GATE WAIT (pyapps=0 runners=2 used=11427MiB)
[2026-09-06 12:56:11] GATE WAIT (pyapps=0 runners=2 used=11427MiB)
[2026-09-06 12:58:11] GATE WAIT (pyapps=0 runners=2 used=11427MiB)
[2026-09-06 13:00:11] GATE WAIT (pyapps=0 runners=2 used=11427MiB)
[2026-09-06 13:02:11] GATE WAIT (pyapps=0 runners=2 used=11427MiB)
[2026-09-06 13:04:11] GATE WAIT (pyapps=0 runners=2 used=11427MiB)
[2026-09-06 13:06:11] GATE WAIT (pyapps=0 runners=2 used=11427MiB)
[2026-09-06 13:08:11] GATE WAIT (pyapps=0 runners=2 used=11427MiB)
[2026-09-06 13:10:11] GATE WAIT (pyapps=0 runners=2 used=11427MiB)
[2026-09-06 13:12:11] GATE WAIT (pyapps=0 runners=2 used=11427MiB)
[2026-09-06 13:14:12] GATE WAIT (pyapps=0 runners=2 used=11427MiB)
[2026-09-06 13:16:12] GATE WAIT (pyapps=0 runners=2 used=11427MiB)
[2026-09-06 13:18:12] GATE WAIT (pyapps=0 runners=2 used=11427MiB)
[2026-09-06 13:20:12] GATE WAIT (pyapps=0 runners=2 used=11427MiB)
[2026-09-06 13:22:12] GATE WAIT (pyapps=0 runners=2 used=11427MiB)
[2026-09-06 13:24:12] GATE WAIT (pyapps=0 runners=2 used=11427MiB)
[2026-09-06 13:26:12] GATE WAIT (pyapps=0 runners=2 used=11427MiB)
[2026-09-06 13:28:12] GATE WAIT (pyapps=0 runners=2 used=11427MiB)
[2026-09-06 13:30:12] GATE WAIT (pyapps=0 runners=2 used=11427MiB)
[2026-09-06 13:32:12] GATE WAIT (pyapps=0 runners=2 used=11427MiB)
[2026-09-06 13:34:12] GATE WAIT (pyapps=0 runners=2 used=11427MiB)
[2026-09-06 13:36:12] GATE WAIT (pyapps=0 runners=2 used=11427MiB)
[2026-09-06 13:38:12] GATE WAIT (pyapps=0 runners=2 used=11427MiB)
[2026-09-06 13:40:12] GATE WAIT (pyapps=0 runners=2 used=11427MiB)
[2026-09-06 13:42:12] GATE WAIT (pyapps=0 runners=2 used=11427MiB)
[2026-09-06 13:44:12] GATE WAIT (pyapps=0 runners=2 used=11427MiB)
[2026-09-06 13:46:12] GATE WAIT (pyapps=0 runners=2 used=11427MiB)
[2026-09-06 13:48:12] GATE WAIT (pyapps=0 runners=2 used=11427MiB)
[2026-09-06 13:50:12] GATE WAIT (pyapps=0 runners=2 used=11427MiB)
[2026-09-06 13:52:12] GATE WAIT (pyapps=0 runners=2 used=11427MiB)
[2026-09-06 13:54:12] GATE WAIT (pyapps=0 runners=2 used=11427MiB)
[2026-09-06 13:56:12] GATE WAIT (pyapps=0 runners=2 used=11427MiB)
[2026-09-06 13:58:13] GATE WAIT (pyapps=0 runners=2 used=11427MiB)
[2026-09-06 14:00:13] GATE WAIT (pyapps=0 runners=2 used=11427MiB)
[2026-09-06 14:02:13] GATE WAIT (pyapps=0 runners=2 used=11427MiB)
[2026-09-06 14:04:13] GATE WAIT (pyapps=0 runners=2 used=11427MiB)
[2026-09-06 14:06:13] GATE WAIT (pyapps=0 runners=2 used=11427MiB)
[2026-09-06 14:08:13] GATE WAIT (pyapps=0 runners=2 used=11427MiB)
[2026-09-06 14:10:13] GATE WAIT (pyapps=0 runners=2 used=11427MiB)
[2026-09-06 14:12:13] GATE WAIT (pyapps=0 runners=2 used=11427MiB)
[2026-09-06 14:14:13] GATE WAIT (pyapps=0 runners=2 used=11427MiB)
[2026-09-06 14:16:13] GATE WAIT (pyapps=0 runners=2 used=11427MiB)
[2026-09-06 14:18:13] GATE WAIT (pyapps=0 runners=2 used=11427MiB)
[2026-09-06 14:20:13] GATE WAIT (pyapps=0 runners=2 used=11427MiB)
[2026-09-06 14:22:13] GATE WAIT (pyapps=0 runners=2 used=11427MiB)
[2026-09-06 14:24:13] GATE WAIT (pyapps=0 runners=2 used=11427MiB)
[2026-09-06 14:26:13] GATE WAIT (pyapps=0 runners=2 used=11427MiB)
[2026-09-06 14:28:13] GATE WAIT (pyapps=0 runners=2 used=11427MiB)
[2026-09-06 14:30:13] GATE WAIT (pyapps=0 runners=2 used=11427MiB)
[2026-09-06 14:32:13] GATE WAIT (pyapps=0 runners=2 used=11427MiB)
[2026-09-06 14:34:13] GATE WAIT (pyapps=0 runners=2 used=11427MiB)
[2026-09-06 14:36:13] GATE WAIT (pyapps=0 runners=2 used=11427MiB)
[2026-09-06 14:38:13] GATE WAIT (pyapps=0 runners=2 used=11427MiB)
[2026-09-06 14:40:14] GATE WAIT (pyapps=0 runners=2 used=11427MiB)
[2026-09-06 14:42:14] GATE WAIT (pyapps=0 runners=2 used=11427MiB)
[2026-09-06 14:44:14] GATE WAIT (pyapps=0 runners=2 used=11427MiB)
[2026-09-06 14:46:14] GATE WAIT (pyapps=0 runners=2 used=11427MiB)
[2026-09-06 14:48:14] GATE WAIT (pyapps=0 runners=2 used=11427MiB)
[2026-09-06 14:50:14] GATE WAIT (pyapps=0 runners=2 used=11427MiB)
[2026-09-06 14:52:14] GATE WAIT (pyapps=0 runners=2 used=11427MiB)
[2026-09-06 14:54:14] GATE WAIT (pyapps=0 runners=2 used=11427MiB)
[2026-09-06 14:56:14] GATE WAIT (pyapps=0 runners=2 used=11427MiB)
[2026-09-06 14:58:14] GATE WAIT (pyapps=0 runners=2 used=11427MiB)
[2026-09-06 15:00:14] GATE WAIT (pyapps=0 runners=2 used=11427MiB)
[2026-09-06 15:02:14] GATE WAIT (pyapps=0 runners=2 used=11427MiB)
[2026-09-06 15:04:14] GATE WAIT (pyapps=0 runners=2 used=11427MiB)
[2026-09-06 15:06:14] GATE WAIT (pyapps=0 runners=2 used=11427MiB)
[2026-09-06 15:08:14] GATE WAIT (pyapps=0 runners=2 used=11427MiB)
[2026-09-06 15:10:14] GATE WAIT (pyapps=0 runners=2 used=11427MiB)
[2026-09-06 15:12:14] GATE WAIT (pyapps=0 runners=2 used=11427MiB)
[2026-09-06 15:14:14] GATE WAIT (pyapps=0 runners=2 used=11427MiB)
[2026-09-06 15:16:14] GATE WAIT (pyapps=0 runners=2 used=11427MiB)
[2026-09-06 15:18:14] GATE WAIT (pyapps=0 runners=2 used=11427MiB)
[2026-09-06 15:20:14] GATE WAIT (pyapps=0 runners=2 used=11427MiB)
[2026-09-06 15:22:14] GATE WAIT (pyapps=0 runners=2 used=11427MiB)
[2026-09-06 15:24:15] GATE WAIT (pyapps=0 runners=2 used=11427MiB)
[2026-09-06 15:26:15] GATE WAIT (pyapps=0 runners=2 used=11427MiB)
[2026-09-06 15:28:15] GATE WAIT (pyapps=0 runners=2 used=11427MiB)
[2026-09-06 15:30:15] GATE WAIT (pyapps=0 runners=2 used=11427MiB)
[2026-09-06 15:32:15] GATE WAIT (pyapps=0 runners=2 used=11427MiB)
[2026-09-06 15:34:15] GATE WAIT (pyapps=0 runners=2 used=11427MiB)
[2026-09-06 15:36:15] GATE WAIT (pyapps=0 runners=2 used=11427MiB)
[2026-09-06 15:38:15] GATE WAIT (pyapps=0 runners=2 used=11427MiB)
[2026-09-06 15:40:15] GATE WAIT (pyapps=0 runners=2 used=11427MiB)
[2026-09-06 15:42:15] GATE WAIT (pyapps=0 runners=2 used=11427MiB)
[2026-09-06 15:44:15] GATE WAIT (pyapps=0 runners=2 used=11427MiB)
[2026-09-06 15:46:15] GATE WAIT (pyapps=0 runners=2 used=11427MiB)
[2026-09-06 15:48:15] GATE WAIT (pyapps=0 runners=2 used=11427MiB)
[2026-09-06 15:50:15] GATE WAIT (pyapps=0 runners=2 used=11427MiB)
[2026-09-06 15:52:15] GATE WAIT (pyapps=0 runners=2 used=11427MiB)
[2026-09-06 15:54:15] GATE WAIT (pyapps=0 runners=2 used=11427MiB)
[2026-09-06 15:56:15] GATE WAIT (pyapps=0 runners=2 used=11427MiB)
[2026-09-06 15:58:15] GATE WAIT (pyapps=0 runners=2 used=11427MiB)
[2026-09-06 16:00:15] GATE WAIT (pyapps=0 runners=2 used=11427MiB)
[2026-09-06 16:02:15] GATE WAIT (pyapps=0 runners=2 used=11427MiB)
[2026-09-06 16:04:15] GATE WAIT (pyapps=0 runners=2 used=11427MiB)
[2026-09-06 16:06:15] GATE WAIT (pyapps=0 runners=2 used=11427MiB)
[2026-09-06 16:08:16] GATE WAIT (pyapps=0 runners=2 used=11427MiB)
[2026-09-06 16:10:16] GATE WAIT (pyapps=0 runners=2 used=11427MiB)
[2026-09-06 16:12:16] GATE WAIT (pyapps=0 runners=2 used=11427MiB)
[2026-09-06 16:14:16] GATE WAIT (pyapps=0 runners=2 used=11427MiB)
[2026-09-06 16:16:16] GATE WAIT (pyapps=0 runners=2 used=11427MiB)
[2026-09-06 16:18:16] GATE WAIT (pyapps=0 runners=2 used=11427MiB)
[2026-09-06 16:20:16] GATE WAIT (pyapps=0 runners=2 used=11427MiB)
[2026-09-06 16:22:16] GATE WAIT (pyapps=0 runners=2 used=11427MiB)
[2026-09-06 16:24:16] GATE WAIT (pyapps=0 runners=2 used=11427MiB)
[2026-09-06 16:26:16] GATE WAIT (pyapps=0 runners=2 used=11427MiB)
[2026-09-06 16:28:16] GATE WAIT (pyapps=0 runners=2 used=11427MiB)
[2026-09-06 16:30:16] GATE WAIT (pyapps=0 runners=2 used=11427MiB)
[2026-09-06 16:32:16] GATE WAIT (pyapps=0 runners=2 used=11427MiB)
[2026-09-06 16:34:16] GATE WAIT (pyapps=0 runners=2 used=11427MiB)
[2026-09-06 16:36:16] GATE WAIT (pyapps=0 runners=2 used=11427MiB)
[2026-09-06 16:38:16] GATE WAIT (pyapps=0 runners=2 used=11427MiB)
[2026-09-06 16:40:16] GATE WAIT (pyapps=0 runners=2 used=11427MiB)
[2026-09-06 16:42:16] GATE WAIT (pyapps=0 runners=2 used=11427MiB)
[2026-09-06 16:44:16] GATE WAIT (pyapps=0 runners=2 used=11427MiB)
[2026-09-06 16:46:16] GATE WAIT (pyapps=0 runners=2 used=11427MiB)
[2026-09-06 16:48:16] GATE WAIT (pyapps=0 runners=2 used=11427MiB)
[2026-09-06 16:50:16] GATE WAIT (pyapps=0 runners=2 used=11427MiB)
[2026-09-06 16:52:17] GATE WAIT (pyapps=0 runners=2 used=11427MiB)
[2026-09-06 16:54:17] GATE WAIT (pyapps=0 runners=2 used=11427MiB)
[2026-09-06 16:56:17] GATE WAIT (pyapps=0 runners=2 used=11427MiB)
[2026-09-06 16:58:17] GATE WAIT (pyapps=0 runners=2 used=11427MiB)
[2026-09-06 17:00:17] GATE WAIT (pyapps=0 runners=2 used=11427MiB)
[2026-09-06 17:02:17] GATE WAIT (pyapps=0 runners=2 used=11427MiB)
[2026-09-06 17:04:17] GATE WAIT (pyapps=0 runners=2 used=11427MiB)
[2026-09-06 17:06:17] GATE WAIT (pyapps=0 runners=2 used=11427MiB)
[2026-09-06 17:08:17] GATE WAIT (pyapps=0 runners=2 used=11427MiB)
[2026-09-06 17:10:17] GATE WAIT (pyapps=0 runners=2 used=11427MiB)
[2026-09-06 17:12:17] GATE WAIT (pyapps=0 runners=2 used=11427MiB)
[2026-09-06 17:14:17] GATE WAIT (pyapps=0 runners=2 used=11427MiB)
[2026-09-06 17:16:17] GATE WAIT (pyapps=0 runners=2 used=11427MiB)
[2026-09-06 17:18:17] GATE WAIT (pyapps=0 runners=2 used=11427MiB)
[2026-09-06 17:20:17] GATE WAIT (pyapps=0 runners=2 used=11427MiB)
[2026-09-06 17:22:17] GATE WAIT (pyapps=0 runners=2 used=11427MiB)
[2026-09-06 17:24:17] GATE WAIT (pyapps=0 runners=2 used=11427MiB)
[2026-09-06 17:26:17] GATE WAIT (pyapps=0 runners=2 used=11427MiB)
[2026-09-06 17:28:17] GATE WAIT (pyapps=0 runners=2 used=11427MiB)
[2026-09-06 17:30:17] GATE WAIT (pyapps=0 runners=2 used=11427MiB)
[2026-09-06 17:32:17] GATE WAIT (pyapps=0 runners=2 used=11427MiB)
[2026-09-06 17:34:18] GATE WAIT (pyapps=0 runners=2 used=11427MiB)
[2026-09-06 17:36:18] GATE WAIT (pyapps=0 runners=2 used=11427MiB)
[2026-09-06 17:38:18] GATE WAIT (pyapps=0 runners=2 used=11427MiB)
[2026-09-06 17:40:18] GATE WAIT (pyapps=0 runners=2 used=11427MiB)
[2026-09-06 17:42:18] GATE WAIT (pyapps=0 runners=2 used=11427MiB)
[2026-09-06 17:44:18] GATE WAIT (pyapps=0 runners=2 used=11427MiB)
[2026-09-06 17:46:18] GATE WAIT (pyapps=0 runners=2 used=11427MiB)
[2026-09-06 17:48:18] GATE WAIT (pyapps=0 runners=2 used=11427MiB)
[2026-09-06 17:50:18] GATE WAIT (pyapps=0 runners=2 used=11427MiB)
[2026-09-06 17:52:18] GATE WAIT (pyapps=0 runners=2 used=11427MiB)
[2026-09-06 17:54:18] GATE WAIT (pyapps=0 runners=2 used=11427MiB)
[2026-09-06 17:56:18] GATE WAIT (pyapps=0 runners=2 used=11427MiB)
[2026-09-06 17:58:18] GATE WAIT (pyapps=0 runners=2 used=11427MiB)
[2026-09-06 18:00:18] GATE WAIT (pyapps=0 runners=2 used=11427MiB)
[2026-09-06 18:02:18] GATE WAIT (pyapps=0 runners=2 used=11427MiB)
[2026-09-06 18:04:18] GATE WAIT (pyapps=0 runners=2 used=11427MiB)
[2026-09-06 18:06:18] GATE WAIT (pyapps=0 runners=2 used=11427MiB)
[2026-09-06 18:08:18] GATE WAIT (pyapps=0 runners=2 used=11427MiB)
[2026-09-06 18:10:18] GATE WAIT (pyapps=0 runners=2 used=11427MiB)
[2026-09-06 18:12:18] GATE WAIT (pyapps=0 runners=2 used=11427MiB)
[2026-09-06 18:14:18] GATE WAIT (pyapps=0 runners=2 used=11427MiB)
[2026-09-06 18:16:18] GATE WAIT (pyapps=0 runners=2 used=11427MiB)
[2026-09-06 18:18:19] GATE WAIT (pyapps=0 runners=2 used=11427MiB)
[2026-09-06 18:20:19] GATE WAIT (pyapps=0 runners=2 used=11427MiB)
[2026-09-06 18:22:19] GATE WAIT (pyapps=0 runners=2 used=11427MiB)
[2026-09-06 18:24:19] GATE WAIT (pyapps=0 runners=2 used=11427MiB)
[2026-09-06 18:26:19] GATE WAIT (pyapps=0 runners=2 used=11427MiB)
[2026-09-06 18:28:19] GATE WAIT (pyapps=0 runners=2 used=11427MiB)
[2026-09-06 18:30:19] GATE WAIT (pyapps=0 runners=2 used=11427MiB)
[2026-09-06 18:32:19] GATE WAIT (pyapps=0 runners=2 used=11427MiB)
[2026-09-06 18:34:19] GATE WAIT (pyapps=0 runners=2 used=11427MiB)
[2026-09-06 18:36:19] GATE WAIT (pyapps=0 runners=2 used=11427MiB)
[2026-09-06 18:38:19] GATE WAIT (pyapps=0 runners=2 used=11427MiB)
[2026-09-06 18:40:19] GATE WAIT (pyapps=0 runners=2 used=11427MiB)
[2026-09-06 18:42:19] GATE WAIT (pyapps=0 runners=2 used=11427MiB)
[2026-09-06 18:44:19] GATE WAIT (pyapps=0 runners=2 used=11427MiB)
[2026-09-06 18:46:19] GATE WAIT (pyapps=0 runners=2 used=11427MiB)
[2026-09-06 18:48:19] GATE WAIT (pyapps=0 runners=2 used=11427MiB)
[2026-09-06 18:50:19] GATE WAIT (pyapps=0 runners=2 used=11427MiB)
[2026-09-06 18:52:19] GATE WAIT (pyapps=0 runners=2 used=11427MiB)
[2026-09-06 18:54:19] GATE WAIT (pyapps=0 runners=2 used=11427MiB)
[2026-09-06 18:56:20] GATE WAIT (pyapps=0 runners=2 used=11427MiB)
[2026-09-06 18:58:20] GATE WAIT (pyapps=0 runners=2 used=11427MiB)
[2026-09-06 19:00:20] GATE WAIT (pyapps=0 runners=2 used=11427MiB)
[2026-09-06 19:02:20] GATE WAIT (pyapps=0 runners=2 used=11427MiB)
[2026-09-06 19:04:20] GATE WAIT (pyapps=0 runners=2 used=11427MiB)
[2026-09-06 19:06:20] GATE WAIT (pyapps=0 runners=2 used=11427MiB)
[2026-09-06 19:08:20] GATE WAIT (pyapps=0 runners=2 used=11427MiB)
[2026-09-06 19:10:20] GATE WAIT (pyapps=0 runners=2 used=11427MiB)
[2026-09-06 19:12:20] GATE WAIT (pyapps=0 runners=2 used=11427MiB)
[2026-09-06 19:14:20] GATE WAIT (pyapps=0 runners=2 used=11427MiB)
[2026-09-06 19:16:20] GATE WAIT (pyapps=0 runners=2 used=11427MiB)
[2026-09-06 19:18:20] GATE WAIT (pyapps=0 runners=2 used=11427MiB)
[2026-09-06 19:20:20] GATE WAIT (pyapps=0 runners=2 used=11427MiB)
[2026-09-06 19:22:20] GATE WAIT (pyapps=0 runners=2 used=11427MiB)
[2026-09-06 19:24:20] GATE WAIT (pyapps=0 runners=2 used=11427MiB)
[2026-09-06 19:26:20] GATE WAIT (pyapps=0 runners=2 used=11427MiB)
[2026-09-06 19:28:20] GATE WAIT (pyapps=0 runners=2 used=11427MiB)
[2026-09-06 19:30:20] GATE WAIT (pyapps=0 runners=2 used=11427MiB)
[2026-09-06 19:32:21] GATE WAIT (pyapps=0 runners=2 used=11427MiB)
[2026-09-06 19:34:21] GATE WAIT (pyapps=0 runners=2 used=11427MiB)
[2026-09-06 19:36:21] GATE WAIT (pyapps=0 runners=2 used=11427MiB)
[2026-09-06 19:38:21] GATE WAIT (pyapps=0 runners=2 used=11427MiB)
[2026-09-06 19:40:21] GATE WAIT (pyapps=0 runners=2 used=11427MiB)
[2026-09-06 19:42:21] GATE WAIT (pyapps=0 runners=2 used=11427MiB)
[2026-09-06 19:44:21] GATE WAIT (pyapps=0 runners=2 used=11427MiB)
[2026-09-06 19:46:21] GATE WAIT (pyapps=0 runners=2 used=11427MiB)
[2026-09-06 19:48:21] GATE WAIT (pyapps=0 runners=2 used=11427MiB)
[2026-09-06 19:50:21] GATE WAIT (pyapps=0 runners=2 used=11427MiB)
[2026-09-06 19:52:21] GATE WAIT (pyapps=0 runners=2 used=11427MiB)
[2026-09-06 19:54:21] GATE WAIT (pyapps=0 runners=2 used=11427MiB)
[2026-09-06 19:56:21] GATE WAIT (pyapps=0 runners=2 used=11427MiB)
[2026-09-06 19:58:21] GATE WAIT (pyapps=0 runners=2 used=11427MiB)
[2026-09-06 20:00:22] GATE WAIT (pyapps=0 runners=2 used=11427MiB)
[2026-09-06 20:02:22] GATE WAIT (pyapps=0 runners=2 used=11427MiB)
[2026-09-06 20:04:22] GATE WAIT (pyapps=0 runners=2 used=11427MiB)
[2026-09-06 20:06:22] GATE WAIT (pyapps=0 runners=2 used=11427MiB)
[2026-09-06 20:08:22] GATE WAIT (pyapps=0 runners=2 used=11427MiB)
[2026-09-06 20:10:22] GATE WAIT (pyapps=0 runners=2 used=11427MiB)
[2026-09-06 20:12:22] GATE WAIT (pyapps=0 runners=2 used=11427MiB)
[2026-09-06 20:14:22] GATE WAIT (pyapps=0 runners=2 used=11427MiB)
[2026-09-06 20:16:22] GATE WAIT (pyapps=0 runners=2 used=11427MiB)
[2026-09-06 20:18:22] GATE WAIT (pyapps=0 runners=2 used=11427MiB)
[2026-09-06 20:20:22] GATE WAIT (pyapps=0 runners=2 used=11427MiB)
[2026-09-06 20:22:22] GATE WAIT (pyapps=0 runners=2 used=11427MiB)
[2026-09-06 20:24:22] GATE WAIT (pyapps=0 runners=2 used=11427MiB)
[2026-09-06 20:26:22] GATE WAIT (pyapps=0 runners=2 used=11427MiB)
[2026-09-06 20:28:22] GATE WAIT (pyapps=0 runners=2 used=11427MiB)
[2026-09-06 20:30:22] GATE WAIT (pyapps=0 runners=2 used=11427MiB)
[2026-09-06 20:32:22] GATE WAIT (pyapps=0 runners=2 used=11427MiB)
[2026-09-06 20:34:22] GATE WAIT (pyapps=0 runners=2 used=11427MiB)
[2026-09-06 20:36:22] GATE WAIT (pyapps=0 runners=2 used=11427MiB)
[2026-09-06 20:38:22] GATE WAIT (pyapps=0 runners=2 used=11427MiB)
[2026-09-06 20:40:23] GATE WAIT (pyapps=0 runners=2 used=11427MiB)
[2026-09-06 20:42:23] GATE WAIT (pyapps=0 runners=2 used=11427MiB)
[2026-09-06 20:44:23] GATE WAIT (pyapps=0 runners=2 used=11427MiB)
[2026-09-06 20:46:23] GATE WAIT (pyapps=0 runners=2 used=11427MiB)
[2026-09-06 20:48:23] GATE WAIT (pyapps=0 runners=2 used=11427MiB)
[2026-09-06 20:50:23] GATE WAIT (pyapps=0 runners=2 used=11427MiB)
[2026-09-06 20:52:23] GATE WAIT (pyapps=0 runners=2 used=11427MiB)
[2026-09-06 20:54:23] GATE WAIT (pyapps=0 runners=2 used=11427MiB)
[2026-09-06 20:56:23] GATE WAIT (pyapps=0 runners=2 used=11427MiB)
[2026-09-06 20:58:23] GATE WAIT (pyapps=0 runners=2 used=11427MiB)
[2026-09-06 21:00:23] GATE WAIT (pyapps=0 runners=2 used=11427MiB)
[2026-09-06 21:02:23] GATE WAIT (pyapps=0 runners=2 used=11427MiB)
[2026-09-06 21:04:23] GATE WAIT (pyapps=0 runners=2 used=11427MiB)
[2026-09-06 21:06:23] GATE WAIT (pyapps=0 runners=2 used=11427MiB)
[2026-09-06 21:08:23] GATE WAIT (pyapps=0 runners=2 used=11427MiB)
[2026-09-06 21:10:23] GATE WAIT (pyapps=0 runners=2 used=11427MiB)
[2026-09-06 21:12:23] GATE WAIT (pyapps=0 runners=2 used=11427MiB)
[2026-09-06 21:14:23] GATE WAIT (pyapps=0 runners=2 used=11427MiB)
[2026-09-06 21:16:23] GATE WAIT (pyapps=0 runners=2 used=11427MiB)
[2026-09-06 21:18:23] GATE WAIT (pyapps=0 runners=2 used=11427MiB)
[2026-09-06 21:20:23] GATE WAIT (pyapps=0 runners=2 used=11427MiB)
[2026-09-06 21:22:24] GATE WAIT (pyapps=0 runners=2 used=11427MiB)
[2026-09-06 21:24:24] GATE WAIT (pyapps=0 runners=2 used=11427MiB)
[2026-09-06 21:26:24] GATE WAIT (pyapps=0 runners=2 used=11427MiB)
[2026-09-06 21:28:24] GATE WAIT (pyapps=0 runners=2 used=11427MiB)
[2026-09-06 21:30:24] GATE WAIT (pyapps=0 runners=2 used=11427MiB)
[2026-09-06 21:32:24] GATE WAIT (pyapps=0 runners=2 used=11427MiB)
[2026-09-06 21:34:24] GATE WAIT (pyapps=0 runners=2 used=11427MiB)
[2026-09-06 21:36:24] GATE WAIT (pyapps=0 runners=2 used=11427MiB)
[2026-09-06 21:38:24] GATE WAIT (pyapps=0 runners=2 used=11427MiB)
[2026-09-06 21:40:24] GATE WAIT (pyapps=0 runners=2 used=11427MiB)
[2026-09-06 21:42:24] GATE WAIT (pyapps=0 runners=2 used=11427MiB)
[2026-09-06 21:44:24] GATE WAIT (pyapps=0 runners=2 used=11427MiB)
[2026-09-06 21:46:24] GATE WAIT (pyapps=0 runners=2 used=11427MiB)
[2026-09-06 21:48:24] GATE WAIT (pyapps=0 runners=2 used=11427MiB)
[2026-09-06 21:50:24] GATE WAIT (pyapps=0 runners=2 used=11427MiB)
[2026-09-06 21:52:24] GATE WAIT (pyapps=0 runners=2 used=11427MiB)
[2026-09-06 21:54:24] GATE WAIT (pyapps=0 runners=2 used=11427MiB)
[2026-09-06 21:56:24] GATE WAIT (pyapps=0 runners=2 used=11427MiB)
[2026-09-06 21:58:24] GATE WAIT (pyapps=0 runners=2 used=11427MiB)
[2026-09-06 22:00:25] GATE WAIT (pyapps=0 runners=2 used=11427MiB)
[2026-09-06 22:02:25] GATE WAIT (pyapps=0 runners=2 used=11427MiB)
[2026-09-06 22:04:25] GATE WAIT (pyapps=0 runners=2 used=11427MiB)
[2026-09-06 22:06:25] GATE WAIT (pyapps=0 runners=2 used=11427MiB)
[2026-09-06 22:08:25] GATE WAIT (pyapps=0 runners=2 used=11427MiB)
[2026-09-06 22:10:25] GATE WAIT (pyapps=0 runners=2 used=11427MiB)
[2026-09-06 22:12:25] GATE WAIT (pyapps=0 runners=2 used=11427MiB)
[2026-09-06 22:14:25] GATE WAIT (pyapps=0 runners=2 used=11427MiB)
[2026-09-06 22:16:25] GATE WAIT (pyapps=0 runners=2 used=11427MiB)
[2026-09-06 22:18:25] GATE WAIT (pyapps=0 runners=2 used=11427MiB)
[2026-09-06 22:20:25] GATE WAIT (pyapps=0 runners=2 used=11427MiB)
[2026-09-06 22:22:25] GATE WAIT (pyapps=0 runners=2 used=11427MiB)
[2026-09-06 22:24:25] GATE WAIT (pyapps=0 runners=2 used=11427MiB)
[2026-09-06 22:26:25] GATE WAIT (pyapps=0 runners=2 used=11427MiB)
[2026-09-06 22:28:25] GATE WAIT (pyapps=0 runners=2 used=11427MiB)
[2026-09-06 22:30:25] GATE WAIT (pyapps=0 runners=2 used=11427MiB)
[2026-09-06 22:32:25] GATE WAIT (pyapps=0 runners=2 used=11427MiB)
[2026-09-06 22:34:25] GATE WAIT (pyapps=0 runners=2 used=11427MiB)
[2026-09-06 22:36:25] GATE WAIT (pyapps=0 runners=2 used=11427MiB)
[2026-09-06 22:38:25] GATE WAIT (pyapps=0 runners=2 used=11427MiB)
[2026-09-06 22:40:25] GATE WAIT (pyapps=0 runners=2 used=11427MiB)
[2026-09-06 22:42:26] GATE WAIT (pyapps=0 runners=2 used=11427MiB)
[2026-09-06 22:44:26] GATE WAIT (pyapps=0 runners=2 used=11427MiB)
[2026-09-06 22:46:26] GATE WAIT (pyapps=0 runners=2 used=11427MiB)
[2026-09-06 22:48:26] GATE WAIT (pyapps=0 runners=2 used=11427MiB)
[2026-09-06 22:50:26] GATE WAIT (pyapps=0 runners=2 used=11427MiB)
[2026-09-06 22:52:26] GATE WAIT (pyapps=0 runners=2 used=11427MiB)
[2026-09-06 22:54:26] GATE WAIT (pyapps=0 runners=2 used=11427MiB)
[2026-09-06 22:56:26] GATE WAIT (pyapps=0 runners=2 used=11427MiB)
[2026-09-06 22:58:26] GATE WAIT (pyapps=0 runners=2 used=11427MiB)
[2026-09-06 23:00:26] GATE WAIT (pyapps=0 runners=2 used=11427MiB)
[2026-09-06 23:02:26] GATE WAIT (pyapps=0 runners=2 used=11427MiB)
[2026-09-06 23:04:26] GATE WAIT (pyapps=0 runners=2 used=11427MiB)
[2026-09-06 23:06:26] GATE WAIT (pyapps=0 runners=2 used=11427MiB)
[2026-09-06 23:08:26] GATE WAIT (pyapps=0 runners=2 used=11427MiB)
[2026-09-06 23:10:26] GATE WAIT (pyapps=0 runners=2 used=11427MiB)
[2026-09-06 23:12:26] GATE WAIT (pyapps=0 runners=2 used=11427MiB)
[2026-09-06 23:14:26] GATE WAIT (pyapps=0 runners=2 used=11427MiB)
[2026-09-06 23:16:26] GATE WAIT (pyapps=0 runners=2 used=11427MiB)
[2026-09-06 23:18:26] GATE WAIT (pyapps=0 runners=2 used=11427MiB)
[2026-09-06 23:20:26] GATE WAIT (pyapps=0 runners=2 used=11427MiB)
[2026-09-06 23:22:26] GATE WAIT (pyapps=0 runners=2 used=11427MiB)
[2026-09-06 23:24:27] GATE WAIT (pyapps=0 runners=2 used=11427MiB)
[2026-09-06 23:26:27] GATE WAIT (pyapps=0 runners=2 used=11427MiB)
[2026-09-06 23:28:27] GATE WAIT (pyapps=0 runners=2 used=11427MiB)
[2026-09-06 23:30:27] GATE WAIT (pyapps=0 runners=2 used=11427MiB)
[2026-09-06 23:32:27] GATE WAIT (pyapps=0 runners=2 used=11427MiB)
[2026-09-06 23:34:27] GATE WAIT (pyapps=0 runners=2 used=11427MiB)
[2026-09-06 23:36:27] GATE WAIT (pyapps=0 runners=2 used=11427MiB)
[2026-09-06 23:38:27] GATE WAIT (pyapps=0 runners=2 used=11427MiB)
[2026-09-06 23:40:27] GATE WAIT (pyapps=0 runners=2 used=11427MiB)
[2026-09-06 23:42:27] GATE WAIT (pyapps=0 runners=2 used=11427MiB)
[2026-09-06 23:44:27] GATE WAIT (pyapps=0 runners=2 used=11427MiB)
[2026-09-06 23:46:27] GATE WAIT (pyapps=0 runners=2 used=11427MiB)
[2026-09-06 23:48:27] GATE WAIT (pyapps=0 runners=2 used=11427MiB)
[2026-09-06 23:50:27] GATE WAIT (pyapps=0 runners=2 used=11427MiB)
[2026-09-06 23:52:27] GATE WAIT (pyapps=0 runners=2 used=11427MiB)
[2026-09-06 23:54:27] GATE WAIT (pyapps=0 runners=2 used=11427MiB)
[2026-09-06 23:56:27] GATE WAIT (pyapps=0 runners=2 used=11427MiB)
[2026-09-06 23:58:27] GATE WAIT (pyapps=0 runners=2 used=11427MiB)
[2026-09-07 00:00:27] GATE WAIT (pyapps=0 runners=2 used=11427MiB)
[2026-09-07 00:02:27] GATE WAIT (pyapps=0 runners=2 used=11427MiB)
[2026-09-07 00:04:27] GATE WAIT (pyapps=0 runners=2 used=11427MiB)
[2026-09-07 00:06:28] GATE WAIT (pyapps=0 runners=2 used=11427MiB)
[2026-09-07 00:08:28] GATE WAIT (pyapps=0 runners=2 used=11427MiB)
[2026-09-07 00:10:28] GATE WAIT (pyapps=0 runners=2 used=11427MiB)
[2026-09-07 00:12:28] GATE WAIT (pyapps=0 runners=2 used=11427MiB)
[2026-09-07 00:14:28] GATE WAIT (pyapps=0 runners=2 used=11427MiB)
[2026-09-07 00:16:28] GATE WAIT (pyapps=0 runners=2 used=11427MiB)
[2026-09-07 00:18:28] GATE WAIT (pyapps=0 runners=2 used=11427MiB)
[2026-09-07 00:20:28] GATE WAIT (pyapps=0 runners=2 used=11427MiB)
[2026-09-07 00:22:28] GATE WAIT (pyapps=0 runners=2 used=11427MiB)
[2026-09-07 00:24:28] GATE WAIT (pyapps=0 runners=2 used=11427MiB)
[2026-09-07 00:26:28] GATE WAIT (pyapps=0 runners=2 used=11427MiB)
[2026-09-07 00:28:28] GATE WAIT (pyapps=0 runners=2 used=11427MiB)
[2026-09-07 00:30:28] GATE WAIT (pyapps=0 runners=2 used=11427MiB)
[2026-09-07 00:32:28] GATE WAIT (pyapps=0 runners=2 used=11427MiB)
[2026-09-07 00:34:28] GATE WAIT (pyapps=0 runners=2 used=11427MiB)
[2026-09-07 00:36:28] GATE WAIT (pyapps=0 runners=2 used=11427MiB)
[2026-09-07 00:38:28] GATE WAIT (pyapps=0 runners=2 used=11427MiB)
[2026-09-07 00:40:28] GATE WAIT (pyapps=0 runners=2 used=11427MiB)
[2026-09-07 00:42:28] GATE WAIT (pyapps=0 runners=2 used=11427MiB)
[2026-09-07 00:44:28] GATE WAIT (pyapps=0 runners=2 used=11427MiB)
[2026-09-07 00:46:29] GATE WAIT (pyapps=0 runners=2 used=11427MiB)
[2026-09-07 00:48:29] GATE WAIT (pyapps=0 runners=2 used=11427MiB)
[2026-09-07 00:50:29] GATE WAIT (pyapps=0 runners=2 used=11427MiB)
[2026-09-07 00:52:29] GATE WAIT (pyapps=0 runners=2 used=11427MiB)
[2026-09-07 00:54:29] GATE WAIT (pyapps=0 runners=2 used=11427MiB)
[2026-09-07 00:56:29] GATE WAIT (pyapps=0 runners=2 used=11427MiB)
[2026-09-07 00:58:29] GATE WAIT (pyapps=0 runners=2 used=11427MiB)
[2026-09-07 01:00:29] GATE WAIT (pyapps=0 runners=2 used=11427MiB)
[2026-09-07 01:02:29] GATE WAIT (pyapps=0 runners=2 used=11427MiB)
[2026-09-07 01:04:29] GATE WAIT (pyapps=0 runners=2 used=11427MiB)
[2026-09-07 01:06:29] GATE WAIT (pyapps=0 runners=2 used=11427MiB)
[2026-09-07 01:08:29] GATE WAIT (pyapps=0 runners=2 used=11427MiB)
[2026-09-07 01:10:29] GATE WAIT (pyapps=0 runners=2 used=11427MiB)
[2026-09-07 01:12:29] GATE WAIT (pyapps=0 runners=2 used=11427MiB)
[2026-09-07 01:14:29] GATE WAIT (pyapps=0 runners=2 used=11427MiB)
[2026-09-07 01:16:29] GATE WAIT (pyapps=0 runners=2 used=11427MiB)
[2026-09-07 01:18:29] GATE WAIT (pyapps=0 runners=2 used=11427MiB)
[2026-09-07 01:20:29] GATE WAIT (pyapps=0 runners=2 used=11427MiB)
[2026-09-07 01:22:29] GATE WAIT (pyapps=0 runners=2 used=11427MiB)
[2026-09-07 01:24:29] GATE WAIT (pyapps=0 runners=2 used=11427MiB)
[2026-09-07 01:26:29] GATE WAIT (pyapps=0 runners=2 used=11427MiB)
[2026-09-07 01:28:30] GATE WAIT (pyapps=0 runners=2 used=11427MiB)
[2026-09-07 01:30:30] GATE WAIT (pyapps=0 runners=2 used=11427MiB)
[2026-09-07 01:32:30] GATE WAIT (pyapps=0 runners=2 used=11427MiB)
[2026-09-07 01:34:30] GATE WAIT (pyapps=0 runners=2 used=11427MiB)
[2026-09-07 01:36:30] GATE WAIT (pyapps=0 runners=2 used=11427MiB)
[2026-09-07 01:38:30] GATE WAIT (pyapps=0 runners=2 used=11427MiB)
[2026-09-07 01:40:30] GATE WAIT (pyapps=0 runners=2 used=11427MiB)
[2026-09-07 01:42:30] GATE WAIT (pyapps=0 runners=2 used=11427MiB)
[2026-09-07 01:44:30] GATE WAIT (pyapps=0 runners=2 used=11427MiB)
[2026-09-07 01:46:30] GATE WAIT (pyapps=0 runners=2 used=11427MiB)
[2026-09-07 01:48:30] GATE WAIT (pyapps=0 runners=2 used=11427MiB)
[2026-09-07 01:50:30] GATE WAIT (pyapps=0 runners=2 used=11427MiB)
[2026-09-07 01:52:30] GATE WAIT (pyapps=0 runners=2 used=11427MiB)
[2026-09-07 01:54:30] GATE WAIT (pyapps=0 runners=2 used=11427MiB)
[2026-09-07 01:56:30] GATE WAIT (pyapps=0 runners=2 used=11427MiB)
[2026-09-07 01:58:30] GATE WAIT (pyapps=0 runners=2 used=11427MiB)
[2026-09-07 02:00:30] GATE WAIT (pyapps=0 runners=2 used=11427MiB)
[2026-09-07 02:02:30] GATE WAIT (pyapps=0 runners=2 used=11427MiB)
[2026-09-07 02:04:30] GATE WAIT (pyapps=0 runners=2 used=11427MiB)
[2026-09-07 02:06:30] GATE WAIT (pyapps=0 runners=2 used=11427MiB)
[2026-09-07 02:08:30] GATE WAIT (pyapps=0 runners=2 used=11427MiB)
[2026-09-07 02:10:30] GATE WAIT (pyapps=0 runners=2 used=11427MiB)
[2026-09-07 02:12:31] GATE WAIT (pyapps=0 runners=2 used=11427MiB)
[2026-09-07 02:14:31] GATE WAIT (pyapps=0 runners=2 used=11427MiB)
[2026-09-07 02:16:31] GATE WAIT (pyapps=0 runners=2 used=11427MiB)
[2026-09-07 02:18:31] GATE WAIT (pyapps=0 runners=2 used=11427MiB)
[2026-09-07 02:20:31] GATE WAIT (pyapps=0 runners=2 used=11427MiB)
[2026-09-07 02:22:31] GATE WAIT (pyapps=0 runners=2 used=11427MiB)
[2026-09-07 02:24:31] GATE WAIT (pyapps=0 runners=2 used=11427MiB)
[2026-09-07 02:26:31] GATE WAIT (pyapps=0 runners=2 used=11427MiB)
[2026-09-07 02:28:31] GATE WAIT (pyapps=0 runners=2 used=11427MiB)
[2026-09-07 02:30:31] GATE WAIT (pyapps=0 runners=2 used=11427MiB)
[2026-09-07 02:32:31] GATE WAIT (pyapps=0 runners=2 used=11427MiB)
[2026-09-07 02:34:31] GATE WAIT (pyapps=0 runners=2 used=11427MiB)
[2026-09-07 02:36:31] GATE WAIT (pyapps=0 runners=2 used=11427MiB)
[2026-09-07 02:38:31] GATE WAIT (pyapps=0 runners=2 used=11427MiB)
[2026-09-07 02:40:31] GATE WAIT (pyapps=0 runners=2 used=11427MiB)
[2026-09-07 02:42:31] GATE WAIT (pyapps=0 runners=2 used=11427MiB)
[2026-09-07 02:44:31] GATE WAIT (pyapps=0 runners=2 used=11427MiB)
[2026-09-07 02:46:31] GATE WAIT (pyapps=0 runners=2 used=11427MiB)
[2026-09-07 02:48:31] GATE WAIT (pyapps=0 runners=2 used=11427MiB)
[2026-09-07 02:50:31] GATE WAIT (pyapps=0 runners=2 used=11427MiB)
[2026-09-07 02:52:31] GATE WAIT (pyapps=0 runners=2 used=11427MiB)
[2026-09-07 02:54:32] GATE WAIT (pyapps=0 runners=2 used=11427MiB)
[2026-09-07 02:56:32] GATE WAIT (pyapps=0 runners=2 used=11427MiB)
[2026-09-07 02:58:32] GATE WAIT (pyapps=0 runners=2 used=11427MiB)
[2026-09-07 03:00:32] GATE WAIT (pyapps=0 runners=2 used=11427MiB)
[2026-09-07 03:02:32] GATE WAIT (pyapps=0 runners=2 used=11427MiB)
[2026-09-07 03:04:32] GATE WAIT (pyapps=0 runners=2 used=11427MiB)
[2026-09-07 03:06:32] GATE WAIT (pyapps=0 runners=2 used=11427MiB)
[2026-09-07 03:08:32] GATE WAIT (pyapps=0 runners=2 used=11427MiB)
[2026-09-07 03:10:32] GATE WAIT (pyapps=0 runners=2 used=11427MiB)
[2026-09-07 03:12:32] GATE WAIT (pyapps=0 runners=2 used=11427MiB)
[2026-09-07 03:14:32] GATE WAIT (pyapps=0 runners=2 used=11427MiB)
[2026-09-07 03:16:32] GATE WAIT (pyapps=0 runners=2 used=11427MiB)
[2026-09-07 03:18:32] GATE WAIT (pyapps=0 runners=2 used=11427MiB)
[2026-09-07 03:20:32] GATE WAIT (pyapps=0 runners=2 used=11427MiB)
[2026-09-07 03:22:32] GATE WAIT (pyapps=0 runners=2 used=11427MiB)
[2026-09-07 03:24:32] GATE WAIT (pyapps=0 runners=2 used=11427MiB)
[2026-09-07 03:26:32] GATE WAIT (pyapps=0 runners=2 used=11427MiB)
[2026-09-07 03:28:32] GATE WAIT (pyapps=0 runners=2 used=11427MiB)
[2026-09-07 03:30:32] GATE WAIT (pyapps=0 runners=2 used=11427MiB)
[2026-09-07 03:32:32] GATE WAIT (pyapps=0 runners=2 used=11427MiB)
[2026-09-07 03:34:32] GATE WAIT (pyapps=0 runners=2 used=11427MiB)
[2026-09-07 03:36:32] GATE WAIT (pyapps=0 runners=2 used=11427MiB)
[2026-09-07 03:38:33] GATE WAIT (pyapps=0 runners=2 used=11427MiB)
[2026-09-07 03:40:33] GATE WAIT (pyapps=0 runners=2 used=11427MiB)
[2026-09-07 03:42:33] GATE WAIT (pyapps=0 runners=2 used=11427MiB)
[2026-09-07 03:44:33] GATE WAIT (pyapps=0 runners=2 used=11427MiB)
[2026-09-07 03:46:33] GATE WAIT (pyapps=0 runners=2 used=11427MiB)
[2026-09-07 03:48:33] GATE WAIT (pyapps=0 runners=2 used=11427MiB)
[2026-09-07 03:50:33] GATE WAIT (pyapps=0 runners=2 used=11427MiB)
[2026-09-07 03:52:33] GATE WAIT (pyapps=0 runners=2 used=11427MiB)
[2026-09-07 03:54:33] GATE WAIT (pyapps=0 runners=2 used=11427MiB)
[2026-09-07 03:56:33] GATE WAIT (pyapps=0 runners=2 used=11427MiB)
[2026-09-07 03:58:33] GATE WAIT (pyapps=0 runners=2 used=11427MiB)
[2026-09-07 04:00:33] GATE WAIT (pyapps=0 runners=2 used=11427MiB)
[2026-09-07 04:02:33] GATE WAIT (pyapps=0 runners=2 used=11427MiB)
[2026-09-07 04:04:33] GATE WAIT (pyapps=0 runners=2 used=11427MiB)
[2026-09-07 04:06:33] GATE WAIT (pyapps=0 runners=2 used=11427MiB)
[2026-09-07 04:08:33] GATE WAIT (pyapps=0 runners=2 used=11427MiB)
[2026-09-07 04:10:33] GATE WAIT (pyapps=0 runners=2 used=11427MiB)
[2026-09-07 04:12:33] GATE WAIT (pyapps=0 runners=2 used=11427MiB)
[2026-09-07 04:14:33] GATE WAIT (pyapps=0 runners=2 used=11427MiB)
[2026-09-07 04:16:33] GATE WAIT (pyapps=0 runners=2 used=11427MiB)
[2026-09-07 04:18:34] GATE WAIT (pyapps=0 runners=2 used=11427MiB)
[2026-09-07 04:20:34] GATE WAIT (pyapps=0 runners=2 used=11427MiB)
[2026-09-07 04:22:34] GATE WAIT (pyapps=0 runners=2 used=11427MiB)
[2026-09-07 04:24:34] GATE WAIT (pyapps=0 runners=2 used=11427MiB)
[2026-09-07 04:26:34] GATE WAIT (pyapps=0 runners=2 used=11427MiB)
[2026-09-07 04:28:34] GATE WAIT (pyapps=0 runners=2 used=11427MiB)
[2026-09-07 04:30:34] GATE WAIT (pyapps=0 runners=2 used=11427MiB)
[2026-09-07 04:32:34] GATE WAIT (pyapps=0 runners=2 used=11427MiB)
[2026-09-07 04:34:34] GATE WAIT (pyapps=0 runners=2 used=11427MiB)
[2026-09-07 04:36:34] GATE WAIT (pyapps=0 runners=2 used=11427MiB)
[2026-09-07 04:38:34] GATE WAIT (pyapps=0 runners=2 used=11427MiB)
[2026-09-07 04:40:34] GATE WAIT (pyapps=0 runners=2 used=11427MiB)
[2026-09-07 04:42:34] GATE WAIT (pyapps=0 runners=2 used=11427MiB)
[2026-09-07 04:44:34] GATE WAIT (pyapps=0 runners=2 used=11427MiB)
[2026-09-07 04:46:34] GATE WAIT (pyapps=0 runners=2 used=11427MiB)
[2026-09-07 04:48:34] GATE CLEAN 1/2 (free=555MiB)
[2026-09-07 04:50:34] GATE CLEAN 2/2 (free=555MiB)
[2026-09-07 04:50:34] GATE OPEN
[2026-09-07 04:50:34] ARM START L=0.1 1d joint-sumrule
[2026-09-07 07:35:24] ARM DONE  L=0.1 exit=0 -> runs/transient/pn_sumrule_ladder_1d/ladder_L0.1_1d
[2026-09-07 07:35:24] ARM START L=100.0 1d joint-sumrule
[2026-09-07 10:20:34] ARM DONE  L=100.0 exit=0 -> runs/transient/pn_sumrule_ladder_1d/ladder_L100.0_1d
[2026-09-07 10:20:34] ARM START L=0.01 1d joint-sumrule
[2026-09-07 13:06:45] ARM DONE  L=0.01 exit=0 -> runs/transient/pn_sumrule_ladder_1d/ladder_L0.01_1d
[2026-09-07 13:06:45] ARM START L=1.0 1d joint-sumrule
[2026-09-07 15:53:21] ARM DONE  L=1.0 exit=0 -> runs/transient/pn_sumrule_ladder_1d/ladder_L1.0_1d
[2026-09-07 15:53:21] ARM START L=10.0 1d joint-sumrule
[2026-09-07 18:42:20] ARM DONE  L=10.0 exit=0 -> runs/transient/pn_sumrule_ladder_1d/ladder_L10.0_1d
[2026-09-07 18:42:20] ARM START L=0.3 1d joint-sumrule
[2026-09-07 21:29:35] ARM DONE  L=0.3 exit=0 -> runs/transient/pn_sumrule_ladder_1d/ladder_L0.3_1d
[2026-09-07 21:29:35] ARM START L=0.5 1d joint-sumrule
[2026-09-08 00:21:19] ARM DONE  L=0.5 exit=0 -> runs/transient/pn_sumrule_ladder_1d/ladder_L0.5_1d
[2026-09-08 00:21:19] ARM START L=0.7 1d joint-sumrule
[2026-09-08 03:06:13] ARM DONE  L=0.7 exit=0 -> runs/transient/pn_sumrule_ladder_1d/ladder_L0.7_1d
[2026-09-08 03:06:13] ARM START L=1.5 1d joint-sumrule
[2026-09-08 05:51:04] ARM DONE  L=1.5 exit=0 -> runs/transient/pn_sumrule_ladder_1d/ladder_L1.5_1d
[2026-09-08 05:51:04] QUEUE DONE (9 arms).  NOTHING SCORED.  Score against the DOM reference on
[2026-09-08 05:51:04] the SAME comb in a separate step; do not mix with the joint-comb ladder.
