[2026-09-08 07:53:51] QUEUED p206_sumrule_ladder_2d (9 arms, 2D, --mode-source joint-sumrule)
[2026-09-08 07:53:51] GATE WAIT (pyapps=0 runners=2 used=12459MiB)
[2026-09-08 07:55:51] GATE WAIT (pyapps=0 runners=2 used=12457MiB)
[2026-09-08 07:57:51] GATE WAIT (pyapps=0 runners=2 used=12459MiB)
[2026-09-08 07:59:51] GATE WAIT (pyapps=0 runners=2 used=12376MiB)
[2026-09-08 08:01:51] GATE WAIT (pyapps=0 runners=2 used=12365MiB)
[2026-09-08 08:03:51] GATE WAIT (pyapps=0 runners=2 used=12364MiB)
[2026-09-08 08:05:51] GATE WAIT (pyapps=0 runners=2 used=12476MiB)
[2026-09-08 08:07:51] GATE WAIT (pyapps=0 runners=2 used=12463MiB)
[2026-09-08 08:09:51] GATE WAIT (pyapps=0 runners=2 used=12495MiB)
[2026-09-08 08:11:51] GATE WAIT (pyapps=0 runners=2 used=12402MiB)
[2026-09-08 08:13:51] GATE WAIT (pyapps=0 runners=2 used=12299MiB)
[2026-09-08 08:15:51] GATE WAIT (pyapps=0 runners=2 used=12299MiB)
[2026-09-08 08:17:51] GATE WAIT (pyapps=0 runners=2 used=12300MiB)
[2026-09-08 08:19:51] GATE WAIT (pyapps=0 runners=2 used=12451MiB)
[2026-09-08 08:21:51] GATE WAIT (pyapps=0 runners=2 used=12442MiB)
[2026-09-08 08:23:51] GATE WAIT (pyapps=0 runners=2 used=12399MiB)
[2026-09-08 08:25:51] GATE WAIT (pyapps=0 runners=2 used=12394MiB)
[2026-09-08 08:27:51] GATE WAIT (pyapps=0 runners=2 used=12411MiB)
[2026-09-08 08:29:51] GATE WAIT (pyapps=0 runners=2 used=12452MiB)
[2026-09-08 08:31:52] GATE WAIT (pyapps=0 runners=2 used=12441MiB)
[2026-09-08 08:33:52] GATE WAIT (pyapps=0 runners=2 used=12441MiB)
[2026-09-08 08:35:52] GATE WAIT (pyapps=0 runners=2 used=12516MiB)
[2026-09-08 08:37:52] GATE WAIT (pyapps=0 runners=2 used=12502MiB)
[2026-09-08 08:39:52] GATE WAIT (pyapps=0 runners=2 used=12454MiB)
[2026-09-08 08:41:52] GATE WAIT (pyapps=0 runners=2 used=12498MiB)
[2026-09-08 08:43:52] GATE WAIT (pyapps=0 runners=2 used=12389MiB)
[2026-09-08 08:45:52] GATE WAIT (pyapps=0 runners=2 used=12387MiB)
[2026-09-08 08:47:52] GATE WAIT (pyapps=0 runners=2 used=12423MiB)
[2026-09-08 08:49:52] GATE WAIT (pyapps=0 runners=2 used=12347MiB)
[2026-09-08 08:51:52] GATE WAIT (pyapps=0 runners=2 used=12344MiB)
[2026-09-08 08:53:52] GATE WAIT (pyapps=0 runners=2 used=12298MiB)
[2026-09-08 08:55:52] GATE WAIT (pyapps=0 runners=2 used=12298MiB)
[2026-09-08 08:57:52] GATE WAIT (pyapps=0 runners=2 used=12295MiB)
[2026-09-08 08:59:52] GATE WAIT (pyapps=0 runners=2 used=12298MiB)
[2026-09-08 09:01:52] GATE WAIT (pyapps=0 runners=2 used=12420MiB)
[2026-09-08 09:03:52] GATE WAIT (pyapps=0 runners=2 used=12420MiB)
[2026-09-08 09:05:52] GATE WAIT (pyapps=0 runners=2 used=12421MiB)
[2026-09-08 09:07:52] GATE WAIT (pyapps=0 runners=2 used=12423MiB)
[2026-09-08 09:09:53] GATE WAIT (pyapps=0 runners=2 used=12306MiB)
[2026-09-08 09:11:53] GATE WAIT (pyapps=0 runners=2 used=12326MiB)
[2026-09-08 09:13:53] GATE WAIT (pyapps=0 runners=2 used=12316MiB)
[2026-09-08 09:15:53] GATE WAIT (pyapps=0 runners=2 used=12316MiB)
[2026-09-08 09:17:53] GATE WAIT (pyapps=0 runners=2 used=12316MiB)
[2026-09-08 09:19:53] GATE WAIT (pyapps=0 runners=2 used=12315MiB)
[2026-09-08 09:21:53] GATE WAIT (pyapps=0 runners=2 used=12315MiB)
[2026-09-08 09:23:53] GATE WAIT (pyapps=0 runners=2 used=12315MiB)
[2026-09-08 09:25:53] GATE WAIT (pyapps=0 runners=2 used=12315MiB)
[2026-09-08 09:27:53] GATE WAIT (pyapps=0 runners=2 used=12315MiB)
[2026-09-08 09:29:53] GATE WAIT (pyapps=0 runners=2 used=12315MiB)
[2026-09-08 09:31:53] GATE WAIT (pyapps=0 runners=2 used=12315MiB)
[2026-09-08 09:33:53] GATE WAIT (pyapps=0 runners=2 used=12315MiB)
[2026-09-08 09:35:53] GATE WAIT (pyapps=0 runners=2 used=12315MiB)
[2026-09-08 09:37:53] GATE WAIT (pyapps=0 runners=2 used=12315MiB)
[2026-09-08 09:39:53] GATE WAIT (pyapps=0 runners=2 used=12315MiB)
[2026-09-08 09:41:53] GATE WAIT (pyapps=0 runners=2 used=12315MiB)
[2026-09-08 09:43:53] GATE WAIT (pyapps=0 runners=2 used=12315MiB)
[2026-09-08 09:45:53] GATE WAIT (pyapps=0 runners=2 used=12315MiB)
[2026-09-08 09:47:53] GATE WAIT (pyapps=0 runners=2 used=12315MiB)
[2026-09-08 09:49:53] GATE WAIT (pyapps=0 runners=2 used=12315MiB)
[2026-09-08 09:51:54] GATE CLEAN 1/2 (free=1446MiB)
[2026-09-08 09:53:54] GATE CLEAN 2/2 (free=1446MiB)
[2026-09-08 09:53:54] GATE OPEN
[2026-09-08 09:53:54] ARM START L=0.1 2d joint-sumrule
[2026-09-08 13:17:47] ARM DONE  L=0.1 exit=0 -> runs/transient/pn_sumrule_ladder_2d/ladder_L0.1_2d
[2026-09-08 13:17:47] ARM START L=100.0 2d joint-sumrule
[2026-09-08 16:04:42] ARM DONE  L=100.0 exit=0 -> runs/transient/pn_sumrule_ladder_2d/ladder_L100.0_2d
[2026-09-08 16:04:42] ARM START L=0.01 2d joint-sumrule
[2026-09-08 18:49:49] ARM DONE  L=0.01 exit=0 -> runs/transient/pn_sumrule_ladder_2d/ladder_L0.01_2d
[2026-09-08 18:49:49] ARM START L=1.0 2d joint-sumrule
[2026-09-08 21:36:31] ARM DONE  L=1.0 exit=0 -> runs/transient/pn_sumrule_ladder_2d/ladder_L1.0_2d
[2026-09-08 21:36:31] ARM START L=10.0 2d joint-sumrule
[2026-09-09 00:23:12] ARM DONE  L=10.0 exit=0 -> runs/transient/pn_sumrule_ladder_2d/ladder_L10.0_2d
[2026-09-09 00:23:12] ARM START L=0.3 2d joint-sumrule
[2026-09-09 03:08:09] ARM DONE  L=0.3 exit=0 -> runs/transient/pn_sumrule_ladder_2d/ladder_L0.3_2d
[2026-09-09 03:08:09] ARM START L=0.5 2d joint-sumrule
[2026-09-09 05:53:07] ARM DONE  L=0.5 exit=0 -> runs/transient/pn_sumrule_ladder_2d/ladder_L0.5_2d
[2026-09-09 05:53:07] ARM START L=0.7 2d joint-sumrule
[2026-09-09 08:38:04] ARM DONE  L=0.7 exit=0 -> runs/transient/pn_sumrule_ladder_2d/ladder_L0.7_2d
[2026-09-09 08:38:04] ARM START L=1.5 2d joint-sumrule
[2026-09-09 11:23:16] ARM DONE  L=1.5 exit=0 -> runs/transient/pn_sumrule_ladder_2d/ladder_L1.5_2d
[2026-09-09 11:23:16] QUEUE DONE (9 arms).  NOTHING SCORED.  Score against the DOM reference on
[2026-09-09 11:23:16] the SAME comb in a separate step; do not mix with the joint-comb ladder.
