PINN-BTE Training Log
Run ID: gray1d_20260816_182308
Started: 2026-08-16T18:23:08.514220
======================================================================

[08/16/26 18:23:08] INFO     Logging to:                                        
                             runs/transient/p136_gray_ttg_control/A3_xi36/traini
                             ng_gray1d_20260816_182308.log                      
                    INFO     Logging to:                                        
                             runs/transient/p136_gray_ttg_control/A3_xi36/traini
                             ng_gray1d_20260816_182308.log                      
[08/16/26 18:23:10] INFO     Started W&B run: tr_1d_gray_Kn5.730_eta36.0 ·      
                             gray1d_20260816_182308 (xp8eet4o)                  
[08/16/26 18:23:10] INFO     Started W&B run: tr_1d_gray_Kn5.730_eta36.0 ·      
                             gray1d_20260816_182308 (xp8eet4o)                  
╭───────────────────────────── Starting Training ──────────────────────────────╮
│   Mode      Transient1D_Gray                                                 │
│   Epochs    20000                                                            │
│   Device    cuda                                                             │
│   Run ID    gray1d_20260816_182308                                           │
╰──────────────────────────────────────────────────────────────────────────────╯

Transient 1D Gray BTE Training
  η = 36.0, L = 0.175, Lt = 0.19444444444444445
  Kn = 5.730
  Mesh: Nx=60, Nt=60, Ns=16

      0.2s | Epoch     0 | BTE=7.33e+01 | Flux=1.17e+02 | BC=1.34e+00 | 
IC_n=3.26e-01 | IC_T=8.85e-01 | Total=1.93e+02
      1.9s | Epoch   200 | BTE=2.48e-02 | Flux=6.49e-03 | BC=1.80e-02 | 
IC_n=3.08e-03 | IC_T=5.11e-01 | Total=5.63e-01
      3.5s | Epoch   400 | BTE=9.59e-03 | Flux=2.20e-03 | BC=2.10e-03 | 
IC_n=6.76e-04 | IC_T=5.04e-01 | Total=5.19e-01
      5.1s | Epoch   600 | BTE=5.75e-03 | Flux=7.02e-04 | BC=1.17e-03 | 
IC_n=3.01e-04 | IC_T=4.95e-01 | Total=5.03e-01
      6.7s | Epoch   800 | BTE=5.74e-03 | Flux=5.81e-03 | BC=4.75e-03 | 
IC_n=1.10e-03 | IC_T=4.80e-01 | Total=4.97e-01
      8.3s | Epoch  1000 | BTE=9.00e-03 | Flux=2.36e-02 | BC=7.90e-03 | 
IC_n=2.66e-03 | IC_T=4.67e-01 | Total=5.10e-01
      9.8s | Epoch  1200 | BTE=5.60e-03 | Flux=7.81e-04 | BC=9.96e-03 | 
IC_n=3.09e-03 | IC_T=4.56e-01 | Total=4.76e-01
     11.3s | Epoch  1400 | BTE=6.91e-03 | Flux=5.82e-04 | BC=1.25e-02 | 
IC_n=4.17e-03 | IC_T=4.41e-01 | Total=4.66e-01
     12.9s | Epoch  1600 | BTE=7.92e-03 | Flux=5.62e-04 | BC=1.50e-02 | 
IC_n=4.99e-03 | IC_T=4.27e-01 | Total=4.55e-01
     14.4s | Epoch  1800 | BTE=8.86e-03 | Flux=6.52e-04 | BC=1.96e-02 | 
IC_n=6.30e-03 | IC_T=4.10e-01 | Total=4.45e-01
     15.9s | Epoch  2000 | BTE=1.01e-02 | Flux=1.70e-03 | BC=2.48e-02 | 
IC_n=7.52e-03 | IC_T=3.95e-01 | Total=4.39e-01
     17.5s | Epoch  2200 | BTE=1.03e-02 | Flux=9.54e-04 | BC=2.88e-02 | 
IC_n=8.56e-03 | IC_T=3.83e-01 | Total=4.32e-01
     19.0s | Epoch  2400 | BTE=1.06e-02 | Flux=6.58e-04 | BC=3.15e-02 | 
IC_n=9.17e-03 | IC_T=3.74e-01 | Total=4.26e-01
     20.5s | Epoch  2600 | BTE=1.04e-02 | Flux=8.07e-04 | BC=3.49e-02 | 
IC_n=9.62e-03 | IC_T=3.64e-01 | Total=4.20e-01
     22.0s | Epoch  2800 | BTE=1.05e-02 | Flux=5.03e-04 | BC=3.89e-02 | 
IC_n=1.02e-02 | IC_T=3.53e-01 | Total=4.13e-01
     23.6s | Epoch  3000 | BTE=1.07e-02 | Flux=4.38e-03 | BC=4.09e-02 | 
IC_n=1.07e-02 | IC_T=3.46e-01 | Total=4.12e-01
     25.1s | Epoch  3200 | BTE=1.05e-02 | Flux=7.91e-04 | BC=4.41e-02 | 
IC_n=1.08e-02 | IC_T=3.37e-01 | Total=4.03e-01
     26.6s | Epoch  3400 | BTE=1.05e-02 | Flux=5.59e-04 | BC=4.74e-02 | 
IC_n=1.15e-02 | IC_T=3.27e-01 | Total=3.97e-01
     28.1s | Epoch  3600 | BTE=1.08e-02 | Flux=1.09e-03 | BC=4.98e-02 | 
IC_n=1.20e-02 | IC_T=3.18e-01 | Total=3.91e-01
     29.5s | Epoch  3800 | BTE=1.08e-02 | Flux=1.75e-03 | BC=5.16e-02 | 
IC_n=1.25e-02 | IC_T=3.09e-01 | Total=3.85e-01
     31.0s | Epoch  4000 | BTE=1.61e-02 | Flux=1.77e-03 | BC=5.44e-02 | 
IC_n=1.28e-02 | IC_T=2.97e-01 | Total=3.83e-01
     32.5s | Epoch  4200 | BTE=1.34e-02 | Flux=2.46e-03 | BC=5.50e-02 | 
IC_n=1.35e-02 | IC_T=2.89e-01 | Total=3.74e-01
     34.0s | Epoch  4400 | BTE=1.14e-02 | Flux=4.03e-03 | BC=5.73e-02 | 
IC_n=1.43e-02 | IC_T=2.76e-01 | Total=3.63e-01
     35.5s | Epoch  4600 | BTE=1.14e-02 | Flux=1.83e-03 | BC=5.80e-02 | 
IC_n=1.48e-02 | IC_T=2.64e-01 | Total=3.50e-01
     37.0s | Epoch  4800 | BTE=2.15e-02 | Flux=4.77e-03 | BC=5.88e-02 | 
IC_n=1.56e-02 | IC_T=2.51e-01 | Total=3.52e-01
     38.5s | Epoch  5000 | BTE=1.56e-02 | Flux=4.71e-03 | BC=5.96e-02 | 
IC_n=1.62e-02 | IC_T=2.37e-01 | Total=3.33e-01
     39.9s | Epoch  5200 | BTE=1.51e-02 | Flux=4.40e-03 | BC=5.84e-02 | 
IC_n=1.76e-02 | IC_T=2.23e-01 | Total=3.18e-01
     41.4s | Epoch  5400 | BTE=1.55e-02 | Flux=9.06e-04 | BC=5.76e-02 | 
IC_n=1.84e-02 | IC_T=2.10e-01 | Total=3.03e-01
     42.9s | Epoch  5600 | BTE=1.79e-02 | Flux=3.94e-03 | BC=5.64e-02 | 
IC_n=1.97e-02 | IC_T=1.98e-01 | Total=2.96e-01
     44.4s | Epoch  5800 | BTE=3.69e-02 | Flux=3.44e-02 | BC=5.53e-02 | 
IC_n=2.15e-02 | IC_T=1.85e-01 | Total=3.34e-01
     45.9s | Epoch  6000 | BTE=1.84e-02 | Flux=6.61e-03 | BC=5.47e-02 | 
IC_n=2.26e-02 | IC_T=1.75e-01 | Total=2.77e-01
     47.4s | Epoch  6200 | BTE=1.76e-02 | Flux=1.50e-02 | BC=5.62e-02 | 
IC_n=2.41e-02 | IC_T=1.62e-01 | Total=2.75e-01
     48.9s | Epoch  6400 | BTE=2.03e-02 | Flux=5.24e-03 | BC=5.34e-02 | 
IC_n=2.58e-02 | IC_T=1.52e-01 | Total=2.57e-01
     50.3s | Epoch  6600 | BTE=1.65e-02 | Flux=7.03e-03 | BC=5.16e-02 | 
IC_n=2.74e-02 | IC_T=1.43e-01 | Total=2.45e-01
     51.8s | Epoch  6800 | BTE=1.61e-02 | Flux=5.51e-03 | BC=4.97e-02 | 
IC_n=2.84e-02 | IC_T=1.36e-01 | Total=2.36e-01
     53.3s | Epoch  7000 | BTE=1.46e-02 | Flux=1.58e-03 | BC=4.98e-02 | 
IC_n=3.01e-02 | IC_T=1.26e-01 | Total=2.22e-01
     54.8s | Epoch  7200 | BTE=1.59e-02 | Flux=7.39e-03 | BC=4.81e-02 | 
IC_n=3.14e-02 | IC_T=1.19e-01 | Total=2.22e-01
     56.3s | Epoch  7400 | BTE=1.51e-02 | Flux=1.16e-02 | BC=4.81e-02 | 
IC_n=3.23e-02 | IC_T=1.11e-01 | Total=2.19e-01
     57.8s | Epoch  7600 | BTE=2.94e-02 | Flux=7.78e-02 | BC=4.87e-02 | 
IC_n=3.34e-02 | IC_T=1.04e-01 | Total=2.94e-01
     59.3s | Epoch  7800 | BTE=2.70e-02 | Flux=1.57e-02 | BC=4.52e-02 | 
IC_n=3.43e-02 | IC_T=9.85e-02 | Total=2.21e-01
     60.8s | Epoch  8000 | BTE=1.40e-02 | Flux=2.00e-03 | BC=4.27e-02 | 
IC_n=3.46e-02 | IC_T=9.46e-02 | Total=1.88e-01
     62.3s | Epoch  8200 | BTE=1.46e-02 | Flux=3.18e-03 | BC=4.14e-02 | 
IC_n=3.48e-02 | IC_T=9.00e-02 | Total=1.84e-01
     63.7s | Epoch  8400 | BTE=1.73e-02 | Flux=9.32e-03 | BC=3.99e-02 | 
IC_n=3.53e-02 | IC_T=8.45e-02 | Total=1.86e-01
     65.2s | Epoch  8600 | BTE=1.74e-02 | Flux=1.36e-02 | BC=3.94e-02 | 
IC_n=3.55e-02 | IC_T=8.11e-02 | Total=1.87e-01
     66.7s | Epoch  8800 | BTE=1.82e-02 | Flux=8.13e-03 | BC=3.75e-02 | 
IC_n=3.60e-02 | IC_T=7.61e-02 | Total=1.76e-01
     68.2s | Epoch  9000 | BTE=1.58e-02 | Flux=3.22e-03 | BC=3.59e-02 | 
IC_n=3.53e-02 | IC_T=7.50e-02 | Total=1.65e-01
     69.7s | Epoch  9200 | BTE=1.56e-02 | Flux=6.96e-03 | BC=3.55e-02 | 
IC_n=3.58e-02 | IC_T=7.09e-02 | Total=1.65e-01
     71.2s | Epoch  9400 | BTE=1.99e-02 | Flux=8.88e-03 | BC=3.44e-02 | 
IC_n=3.53e-02 | IC_T=6.74e-02 | Total=1.66e-01
     72.7s | Epoch  9600 | BTE=2.11e-02 | Flux=1.31e-02 | BC=3.32e-02 | 
IC_n=3.52e-02 | IC_T=6.44e-02 | Total=1.67e-01
     74.2s | Epoch  9800 | BTE=1.80e-02 | Flux=1.52e-02 | BC=3.34e-02 | 
IC_n=3.55e-02 | IC_T=6.09e-02 | Total=1.63e-01
     75.7s | Epoch 10000 | BTE=1.47e-02 | Flux=4.52e-03 | BC=3.20e-02 | 
IC_n=3.52e-02 | IC_T=5.85e-02 | Total=1.45e-01
     77.2s | Epoch 10200 | BTE=2.20e-02 | Flux=2.09e-02 | BC=3.23e-02 | 
IC_n=3.52e-02 | IC_T=5.60e-02 | Total=1.66e-01
     78.7s | Epoch 10400 | BTE=1.34e-02 | Flux=3.68e-03 | BC=3.08e-02 | 
IC_n=3.47e-02 | IC_T=5.35e-02 | Total=1.36e-01
     80.2s | Epoch 10600 | BTE=1.35e-02 | Flux=3.33e-03 | BC=3.01e-02 | 
IC_n=3.42e-02 | IC_T=5.15e-02 | Total=1.33e-01
     81.7s | Epoch 10800 | BTE=2.35e-02 | Flux=2.93e-02 | BC=2.94e-02 | 
IC_n=3.40e-02 | IC_T=4.90e-02 | Total=1.65e-01
     83.2s | Epoch 11000 | BTE=1.37e-02 | Flux=8.69e-03 | BC=2.93e-02 | 
IC_n=3.37e-02 | IC_T=4.76e-02 | Total=1.33e-01
     84.7s | Epoch 11200 | BTE=1.97e-02 | Flux=2.11e-02 | BC=2.89e-02 | 
IC_n=3.34e-02 | IC_T=4.63e-02 | Total=1.49e-01
     86.2s | Epoch 11400 | BTE=1.16e-02 | Flux=3.35e-03 | BC=2.73e-02 | 
IC_n=3.26e-02 | IC_T=4.54e-02 | Total=1.20e-01
     87.7s | Epoch 11600 | BTE=1.78e-02 | Flux=2.90e-02 | BC=2.67e-02 | 
IC_n=3.24e-02 | IC_T=4.36e-02 | Total=1.49e-01
     89.1s | Epoch 11800 | BTE=1.61e-02 | Flux=2.33e-02 | BC=2.69e-02 | 
IC_n=3.18e-02 | IC_T=4.18e-02 | Total=1.40e-01
     90.6s | Epoch 12000 | BTE=1.34e-02 | Flux=6.01e-03 | BC=2.60e-02 | 
IC_n=3.12e-02 | IC_T=4.11e-02 | Total=1.18e-01
     92.1s | Epoch 12200 | BTE=1.80e-02 | Flux=1.67e-02 | BC=2.63e-02 | 
IC_n=3.11e-02 | IC_T=3.88e-02 | Total=1.31e-01
     93.7s | Epoch 12400 | BTE=1.37e-02 | Flux=1.03e-02 | BC=2.52e-02 | 
IC_n=3.04e-02 | IC_T=3.87e-02 | Total=1.18e-01
     95.1s | Epoch 12600 | BTE=1.17e-02 | Flux=3.62e-03 | BC=2.47e-02 | 
IC_n=3.00e-02 | IC_T=3.72e-02 | Total=1.07e-01
     96.6s | Epoch 12800 | BTE=1.10e-02 | Flux=2.80e-03 | BC=2.46e-02 | 
IC_n=2.97e-02 | IC_T=3.53e-02 | Total=1.03e-01
     98.1s | Epoch 13000 | BTE=2.08e-02 | Flux=3.04e-02 | BC=2.48e-02 | 
IC_n=2.94e-02 | IC_T=3.46e-02 | Total=1.40e-01
     99.6s | Epoch 13200 | BTE=1.12e-02 | Flux=1.06e-02 | BC=2.42e-02 | 
IC_n=2.87e-02 | IC_T=3.35e-02 | Total=1.08e-01
    101.1s | Epoch 13400 | BTE=1.14e-02 | Flux=4.52e-03 | BC=2.33e-02 | 
IC_n=2.80e-02 | IC_T=3.30e-02 | Total=1.00e-01
    102.6s | Epoch 13600 | BTE=1.51e-02 | Flux=1.13e-02 | BC=2.30e-02 | 
IC_n=2.74e-02 | IC_T=3.21e-02 | Total=1.09e-01
    104.0s | Epoch 13800 | BTE=2.27e-02 | Flux=2.68e-02 | BC=2.27e-02 | 
IC_n=2.73e-02 | IC_T=2.99e-02 | Total=1.29e-01
    105.5s | Epoch 14000 | BTE=4.41e-02 | Flux=8.98e-02 | BC=2.25e-02 | 
IC_n=2.76e-02 | IC_T=2.93e-02 | Total=2.13e-01
    107.0s | Epoch 14200 | BTE=1.35e-02 | Flux=1.07e-02 | BC=2.22e-02 | 
IC_n=2.64e-02 | IC_T=2.81e-02 | Total=1.01e-01
    108.5s | Epoch 14400 | BTE=1.21e-02 | Flux=1.09e-02 | BC=2.21e-02 | 
IC_n=2.60e-02 | IC_T=2.75e-02 | Total=9.86e-02
    110.0s | Epoch 14600 | BTE=1.23e-02 | Flux=6.23e-03 | BC=2.15e-02 | 
IC_n=2.54e-02 | IC_T=2.67e-02 | Total=9.21e-02
    111.4s | Epoch 14800 | BTE=1.15e-02 | Flux=8.59e-03 | BC=2.16e-02 | 
IC_n=2.50e-02 | IC_T=2.56e-02 | Total=9.22e-02
    112.9s | Epoch 15000 | BTE=8.21e-02 | Flux=2.68e-01 | BC=2.14e-02 | 
IC_n=2.46e-02 | IC_T=2.42e-02 | Total=4.21e-01
    114.4s | Epoch 15200 | BTE=1.19e-02 | Flux=4.81e-03 | BC=2.07e-02 | 
IC_n=2.39e-02 | IC_T=2.45e-02 | Total=8.59e-02
    115.9s | Epoch 15400 | BTE=3.90e-02 | Flux=1.57e-01 | BC=2.22e-02 | 
IC_n=2.33e-02 | IC_T=2.44e-02 | Total=2.66e-01
    117.4s | Epoch 15600 | BTE=2.83e-02 | Flux=7.11e-02 | BC=2.13e-02 | 
IC_n=2.31e-02 | IC_T=2.37e-02 | Total=1.67e-01
    118.8s | Epoch 15800 | BTE=3.52e-02 | Flux=6.35e-02 | BC=2.04e-02 | 
IC_n=2.31e-02 | IC_T=2.23e-02 | Total=1.64e-01
    120.3s | Epoch 16000 | BTE=9.75e-03 | Flux=2.45e-03 | BC=1.97e-02 | 
IC_n=2.22e-02 | IC_T=2.21e-02 | Total=7.62e-02
    121.7s | Epoch 16200 | BTE=9.85e-03 | Flux=2.21e-03 | BC=1.94e-02 | 
IC_n=2.19e-02 | IC_T=2.12e-02 | Total=7.46e-02
    123.2s | Epoch 16400 | BTE=1.14e-02 | Flux=8.76e-03 | BC=1.92e-02 | 
IC_n=2.13e-02 | IC_T=2.08e-02 | Total=8.15e-02
    124.7s | Epoch 16600 | BTE=9.48e-03 | Flux=2.85e-03 | BC=1.89e-02 | 
IC_n=2.10e-02 | IC_T=2.05e-02 | Total=7.28e-02
    126.2s | Epoch 16800 | BTE=2.46e-02 | Flux=5.41e-02 | BC=1.93e-02 | 
IC_n=2.04e-02 | IC_T=1.95e-02 | Total=1.38e-01
    127.7s | Epoch 17000 | BTE=9.86e-03 | Flux=3.13e-03 | BC=1.86e-02 | 
IC_n=2.03e-02 | IC_T=1.93e-02 | Total=7.13e-02
    129.2s | Epoch 17200 | BTE=9.30e-03 | Flux=2.40e-03 | BC=1.84e-02 | 
IC_n=1.98e-02 | IC_T=1.86e-02 | Total=6.85e-02
    130.6s | Epoch 17400 | BTE=9.95e-03 | Flux=5.50e-03 | BC=1.84e-02 | 
IC_n=1.94e-02 | IC_T=1.82e-02 | Total=7.14e-02
    132.1s | Epoch 17600 | BTE=1.44e-02 | Flux=1.18e-02 | BC=1.81e-02 | 
IC_n=1.90e-02 | IC_T=1.76e-02 | Total=8.10e-02
    133.6s | Epoch 17800 | BTE=9.38e-03 | Flux=4.51e-03 | BC=1.76e-02 | 
IC_n=1.86e-02 | IC_T=1.78e-02 | Total=6.78e-02
    135.1s | Epoch 18000 | BTE=9.97e-03 | Flux=3.17e-03 | BC=1.75e-02 | 
IC_n=1.82e-02 | IC_T=1.71e-02 | Total=6.60e-02
    136.6s | Epoch 18200 | BTE=3.43e-02 | Flux=5.76e-02 | BC=1.73e-02 | 
IC_n=1.78e-02 | IC_T=1.64e-02 | Total=1.43e-01
    138.1s | Epoch 18400 | BTE=8.70e-03 | Flux=1.24e-03 | BC=1.70e-02 | 
IC_n=1.76e-02 | IC_T=1.63e-02 | Total=6.08e-02
    139.6s | Epoch 18600 | BTE=1.29e-02 | Flux=1.12e-02 | BC=1.66e-02 | 
IC_n=1.73e-02 | IC_T=1.64e-02 | Total=7.44e-02
    141.1s | Epoch 18800 | BTE=2.86e-02 | Flux=6.86e-02 | BC=1.67e-02 | 
IC_n=1.68e-02 | IC_T=1.54e-02 | Total=1.46e-01
    142.5s | Epoch 19000 | BTE=1.18e-02 | Flux=6.77e-03 | BC=1.66e-02 | 
IC_n=1.65e-02 | IC_T=1.50e-02 | Total=6.67e-02
    144.0s | Epoch 19200 | BTE=2.19e-02 | Flux=4.18e-02 | BC=1.69e-02 | 
IC_n=1.63e-02 | IC_T=1.46e-02 | Total=1.11e-01
    145.5s | Epoch 19400 | BTE=1.34e-02 | Flux=3.30e-02 | BC=1.59e-02 | 
IC_n=1.59e-02 | IC_T=1.45e-02 | Total=9.26e-02
    147.0s | Epoch 19600 | BTE=1.82e-02 | Flux=1.84e-02 | BC=1.61e-02 | 
IC_n=1.51e-02 | IC_T=1.44e-02 | Total=8.20e-02
    148.4s | Epoch 19800 | BTE=1.01e-02 | Flux=5.11e-03 | BC=1.58e-02 | 
IC_n=1.51e-02 | IC_T=1.38e-02 | Total=5.99e-02
╭───────────────────────────── Training Complete ──────────────────────────────╮
│   Time      149.90s                                                          │
│   Output    runs/transient/p136_gray_ttg_control/A3_xi36                     │
│   Saved     model0_gray1d_20260816_182308.pt                                 │
│   Saved     model1_gray1d_20260816_182308.pt                                 │
╰──────────────────────────────────────────────────────────────────────────────╯
