PINN-BTE Training Log
Run ID: 20260707_101129
Started: 2026-07-07T10:11:34.156710
======================================================================

                    INFO     Logging to:                                        
                             runs/transient/1d_nongray_large_dt_0.01um_100K/2026
                             0707_101129/training_20260707_101129.log           
                    INFO     Logging to:                                        
                             runs/transient/1d_nongray_large_dt_0.01um_100K/2026
                             0707_101129/training_20260707_101129.log           
[07/07/26 10:11:34] INFO     Started W&B run: tr_1d_ng_L0.01um_dT100K ·         
                             20260707_101129 (ny8vah1m)                         
                    INFO     Started W&B run: tr_1d_ng_L0.01um_dT100K ·         
                             20260707_101129 (ny8vah1m)                         

Phase 1: Pretraining β-network
  Temperature range: [250K, 350K]
  Epochs: 200
     0.1s | Epoch     0 | β Loss = 2.67e-01
  β pretraining complete! Final loss: 2.37e-02
╭───────────────────────────── Starting Training ──────────────────────────────╮
│   Mode      Transient_Nongray_LargeDT                                        │
│   Epochs    15000                                                            │
│   Device    cuda                                                             │
│   Run ID    20260707_101129                                                  │
╰──────────────────────────────────────────────────────────────────────────────╯

Phase 2: BTE Training
  L = 0.0 μm, ΔT = 100.0K
  T range: [250K, 350K]
  Kn_eff = 10.1522
  τ(T) model = holland (full branch-resolved Holland--Callaway)
  Waypoints: 5 (uniform), weight=0.0
  ALL 60 modes × ALL 16 angles (vectorized)
  Epochs: 15000
     0.5s | Epoch     0 | BTE=1.54e+01 | Energy=1.64e+02 | BC=4.19e-03 | 
IC_n=2.60e-03 | IC_T=0.00e+00 | dT=0.00e+00 | WP=1.59e+01 | GE=7.78e-08 | 
Amp=0.00e+00 | Total=1.95e+02
    63.5s | Epoch   200 | BTE=9.01e+00 | Energy=1.74e+00 | BC=8.08e-04 | 
IC_n=7.10e-04 | IC_T=0.00e+00 | dT=0.00e+00 | WP=1.80e+01 | GE=2.45e-05 | 
Amp=0.00e+00 | Total=2.88e+01
   126.7s | Epoch   400 | BTE=6.24e+00 | Energy=1.36e+00 | BC=6.56e-04 | 
IC_n=1.22e-03 | IC_T=0.00e+00 | dT=0.00e+00 | WP=1.88e+01 | GE=1.24e-04 | 
Amp=0.00e+00 | Total=2.64e+01
   190.2s | Epoch   600 | BTE=5.17e+00 | Energy=8.48e-01 | BC=3.94e-04 | 
IC_n=1.41e-03 | IC_T=0.00e+00 | dT=0.00e+00 | WP=1.94e+01 | GE=3.06e-04 | 
Amp=0.00e+00 | Total=2.54e+01
   251.7s | Epoch   800 | BTE=4.17e+00 | Energy=6.16e-01 | BC=1.15e-04 | 
IC_n=1.86e-03 | IC_T=0.00e+00 | dT=0.00e+00 | WP=2.00e+01 | GE=8.02e-05 | 
Amp=0.00e+00 | Total=2.47e+01
   314.8s | Epoch  1000 | BTE=3.20e+00 | Energy=4.77e-01 | BC=2.63e-04 | 
IC_n=3.20e-03 | IC_T=0.00e+00 | dT=0.00e+00 | WP=2.05e+01 | GE=7.85e-05 | 
Amp=0.00e+00 | Total=2.42e+01
   377.2s | Epoch  1200 | BTE=2.53e+00 | Energy=3.23e-01 | BC=2.49e-04 | 
IC_n=4.83e-03 | IC_T=0.00e+00 | dT=0.00e+00 | WP=2.13e+01 | GE=3.58e-04 | 
Amp=0.00e+00 | Total=2.41e+01
   438.8s | Epoch  1400 | BTE=2.30e+00 | Energy=2.50e-01 | BC=2.24e-04 | 
IC_n=5.73e-03 | IC_T=0.00e+00 | dT=0.00e+00 | WP=2.15e+01 | GE=1.16e-03 | 
Amp=0.00e+00 | Total=2.41e+01
   500.9s | Epoch  1600 | BTE=2.08e+00 | Energy=2.62e-01 | BC=2.10e-04 | 
IC_n=6.00e-03 | IC_T=0.00e+00 | dT=0.00e+00 | WP=2.17e+01 | GE=6.47e-04 | 
Amp=0.00e+00 | Total=2.40e+01
   562.9s | Epoch  1800 | BTE=2.01e+00 | Energy=2.10e-01 | BC=2.06e-04 | 
IC_n=5.32e-03 | IC_T=0.00e+00 | dT=0.00e+00 | WP=2.17e+01 | GE=3.79e-04 | 
Amp=0.00e+00 | Total=2.40e+01
   626.2s | Epoch  2000 | BTE=1.92e+00 | Energy=2.51e-01 | BC=2.03e-04 | 
IC_n=6.06e-03 | IC_T=0.00e+00 | dT=0.00e+00 | WP=2.18e+01 | GE=2.48e-04 | 
Amp=0.00e+00 | Total=2.39e+01
   689.6s | Epoch  2200 | BTE=1.90e+00 | Energy=1.87e-01 | BC=1.95e-04 | 
IC_n=6.50e-03 | IC_T=0.00e+00 | dT=0.00e+00 | WP=2.18e+01 | GE=4.92e-04 | 
Amp=0.00e+00 | Total=2.39e+01
   751.4s | Epoch  2400 | BTE=1.81e+00 | Energy=1.87e-01 | BC=1.78e-04 | 
IC_n=5.55e-03 | IC_T=0.00e+00 | dT=0.00e+00 | WP=2.18e+01 | GE=2.47e-05 | 
Amp=0.00e+00 | Total=2.38e+01
   814.6s | Epoch  2600 | BTE=1.75e+00 | Energy=2.02e-01 | BC=1.79e-04 | 
IC_n=5.46e-03 | IC_T=0.00e+00 | dT=0.00e+00 | WP=2.17e+01 | GE=1.10e-04 | 
Amp=0.00e+00 | Total=2.36e+01
   878.0s | Epoch  2800 | BTE=1.69e+00 | Energy=1.91e-01 | BC=1.97e-04 | 
IC_n=7.05e-03 | IC_T=0.00e+00 | dT=0.00e+00 | WP=2.16e+01 | GE=4.91e-04 | 
Amp=0.00e+00 | Total=2.35e+01
   941.3s | Epoch  3000 | BTE=1.60e+00 | Energy=1.95e-01 | BC=2.32e-04 | 
IC_n=7.14e-03 | IC_T=0.00e+00 | dT=0.00e+00 | WP=2.14e+01 | GE=2.33e-04 | 
Amp=0.00e+00 | Total=2.32e+01
  1003.2s | Epoch  3200 | BTE=1.57e+00 | Energy=1.79e-01 | BC=2.40e-04 | 
IC_n=5.81e-03 | IC_T=0.00e+00 | dT=0.00e+00 | WP=2.14e+01 | GE=6.31e-05 | 
Amp=0.00e+00 | Total=2.31e+01
  1065.8s | Epoch  3400 | BTE=1.48e+00 | Energy=1.94e-01 | BC=2.86e-04 | 
IC_n=5.81e-03 | IC_T=0.00e+00 | dT=0.00e+00 | WP=2.13e+01 | GE=4.14e-04 | 
Amp=0.00e+00 | Total=2.30e+01
  1128.4s | Epoch  3600 | BTE=1.44e+00 | Energy=2.02e-01 | BC=3.68e-04 | 
IC_n=7.70e-03 | IC_T=0.00e+00 | dT=0.00e+00 | WP=2.13e+01 | GE=7.95e-05 | 
Amp=0.00e+00 | Total=2.29e+01
  1192.0s | Epoch  3800 | BTE=1.34e+00 | Energy=2.04e-01 | BC=4.18e-04 | 
IC_n=7.45e-03 | IC_T=0.00e+00 | dT=0.00e+00 | WP=2.11e+01 | GE=8.79e-04 | 
Amp=0.00e+00 | Total=2.27e+01
  1254.6s | Epoch  4000 | BTE=1.27e+00 | Energy=2.09e-01 | BC=5.12e-04 | 
IC_n=7.50e-03 | IC_T=0.00e+00 | dT=0.00e+00 | WP=2.10e+01 | GE=2.18e-04 | 
Amp=0.00e+00 | Total=2.25e+01
  1316.5s | Epoch  4200 | BTE=1.28e+00 | Energy=2.05e-01 | BC=6.17e-04 | 
IC_n=7.88e-03 | IC_T=0.00e+00 | dT=0.00e+00 | WP=2.10e+01 | GE=1.05e-03 | 
Amp=0.00e+00 | Total=2.25e+01
  1379.3s | Epoch  4400 | BTE=1.22e+00 | Energy=1.78e-01 | BC=6.40e-04 | 
IC_n=5.98e-03 | IC_T=0.00e+00 | dT=0.00e+00 | WP=2.09e+01 | GE=9.20e-05 | 
Amp=0.00e+00 | Total=2.23e+01
  1443.3s | Epoch  4600 | BTE=1.18e+00 | Energy=1.76e-01 | BC=7.66e-04 | 
IC_n=5.92e-03 | IC_T=0.00e+00 | dT=0.00e+00 | WP=2.08e+01 | GE=6.28e-04 | 
Amp=0.00e+00 | Total=2.21e+01
  1505.1s | Epoch  4800 | BTE=1.09e+00 | Energy=1.76e-01 | BC=9.07e-04 | 
IC_n=6.21e-03 | IC_T=0.00e+00 | dT=0.00e+00 | WP=2.06e+01 | GE=4.75e-09 | 
Amp=0.00e+00 | Total=2.19e+01
  1568.1s | Epoch  5000 | BTE=1.03e+00 | Energy=1.75e-01 | BC=1.09e-03 | 
IC_n=6.39e-03 | IC_T=0.00e+00 | dT=0.00e+00 | WP=2.05e+01 | GE=6.27e-04 | 
Amp=0.00e+00 | Total=2.18e+01
  1630.9s | Epoch  5200 | BTE=1.01e+00 | Energy=1.99e-01 | BC=1.35e-03 | 
IC_n=8.22e-03 | IC_T=0.00e+00 | dT=0.00e+00 | WP=2.05e+01 | GE=2.33e-05 | 
Amp=0.00e+00 | Total=2.17e+01
  1693.2s | Epoch  5400 | BTE=9.42e-01 | Energy=1.62e-01 | BC=1.36e-03 | 
IC_n=6.34e-03 | IC_T=0.00e+00 | dT=0.00e+00 | WP=2.03e+01 | GE=4.50e-05 | 
Amp=0.00e+00 | Total=2.14e+01
  1755.1s | Epoch  5600 | BTE=9.05e-01 | Energy=1.64e-01 | BC=1.50e-03 | 
IC_n=6.15e-03 | IC_T=0.00e+00 | dT=0.00e+00 | WP=2.01e+01 | GE=3.45e-04 | 
Amp=0.00e+00 | Total=2.12e+01
  1817.3s | Epoch  5800 | BTE=8.18e-01 | Energy=1.52e-01 | BC=1.88e-03 | 
IC_n=7.55e-03 | IC_T=0.00e+00 | dT=0.00e+00 | WP=2.00e+01 | GE=3.25e-04 | 
Amp=0.00e+00 | Total=2.10e+01
  1881.1s | Epoch  6000 | BTE=7.52e-01 | Energy=1.67e-01 | BC=2.04e-03 | 
IC_n=7.59e-03 | IC_T=0.00e+00 | dT=0.00e+00 | WP=1.97e+01 | GE=3.51e-04 | 
Amp=0.00e+00 | Total=2.06e+01
  1943.5s | Epoch  6200 | BTE=7.21e-01 | Energy=1.88e-01 | BC=2.10e-03 | 
IC_n=7.07e-03 | IC_T=0.00e+00 | dT=0.00e+00 | WP=1.95e+01 | GE=5.90e-04 | 
Amp=0.00e+00 | Total=2.04e+01
  2005.0s | Epoch  6400 | BTE=6.92e-01 | Energy=1.35e-01 | BC=2.29e-03 | 
IC_n=7.15e-03 | IC_T=0.00e+00 | dT=0.00e+00 | WP=1.92e+01 | GE=6.16e-05 | 
Amp=0.00e+00 | Total=2.01e+01
  2067.6s | Epoch  6600 | BTE=6.80e-01 | Energy=1.47e-01 | BC=2.50e-03 | 
IC_n=7.57e-03 | IC_T=0.00e+00 | dT=0.00e+00 | WP=1.90e+01 | GE=7.68e-04 | 
Amp=0.00e+00 | Total=1.99e+01
  2130.8s | Epoch  6800 | BTE=6.54e-01 | Energy=1.32e-01 | BC=2.69e-03 | 
IC_n=7.39e-03 | IC_T=0.00e+00 | dT=0.00e+00 | WP=1.88e+01 | GE=2.56e-04 | 
Amp=0.00e+00 | Total=1.96e+01
  2193.4s | Epoch  7000 | BTE=6.31e-01 | Energy=1.29e-01 | BC=2.87e-03 | 
IC_n=7.40e-03 | IC_T=0.00e+00 | dT=0.00e+00 | WP=1.87e+01 | GE=3.35e-04 | 
Amp=0.00e+00 | Total=1.94e+01
  2255.3s | Epoch  7200 | BTE=6.08e-01 | Energy=1.27e-01 | BC=2.92e-03 | 
IC_n=6.83e-03 | IC_T=0.00e+00 | dT=0.00e+00 | WP=1.85e+01 | GE=2.09e-04 | 
Amp=0.00e+00 | Total=1.92e+01
  2317.8s | Epoch  7400 | BTE=6.02e-01 | Energy=1.41e-01 | BC=3.39e-03 | 
IC_n=7.50e-03 | IC_T=0.00e+00 | dT=0.00e+00 | WP=1.82e+01 | GE=1.66e-04 | 
Amp=0.00e+00 | Total=1.90e+01
  2380.5s | Epoch  7600 | BTE=5.83e-01 | Energy=1.33e-01 | BC=3.28e-03 | 
IC_n=6.76e-03 | IC_T=0.00e+00 | dT=0.00e+00 | WP=1.80e+01 | GE=2.59e-04 | 
Amp=0.00e+00 | Total=1.87e+01
  2442.5s | Epoch  7800 | BTE=5.69e-01 | Energy=1.25e-01 | BC=3.56e-03 | 
IC_n=7.24e-03 | IC_T=0.00e+00 | dT=0.00e+00 | WP=1.79e+01 | GE=3.32e-04 | 
Amp=0.00e+00 | Total=1.86e+01
  2504.9s | Epoch  8000 | BTE=5.54e-01 | Energy=1.17e-01 | BC=3.83e-03 | 
IC_n=7.24e-03 | IC_T=0.00e+00 | dT=0.00e+00 | WP=1.77e+01 | GE=7.05e-04 | 
Amp=0.00e+00 | Total=1.84e+01
  2567.7s | Epoch  8200 | BTE=5.42e-01 | Energy=1.16e-01 | BC=3.84e-03 | 
IC_n=6.80e-03 | IC_T=0.00e+00 | dT=0.00e+00 | WP=1.76e+01 | GE=8.65e-04 | 
Amp=0.00e+00 | Total=1.82e+01
  2630.5s | Epoch  8400 | BTE=5.34e-01 | Energy=1.22e-01 | BC=4.06e-03 | 
IC_n=6.82e-03 | IC_T=0.00e+00 | dT=0.00e+00 | WP=1.74e+01 | GE=8.66e-04 | 
Amp=0.00e+00 | Total=1.81e+01
  2692.3s | Epoch  8600 | BTE=5.17e-01 | Energy=1.24e-01 | BC=4.46e-03 | 
IC_n=7.19e-03 | IC_T=0.00e+00 | dT=0.00e+00 | WP=1.73e+01 | GE=2.36e-04 | 
Amp=0.00e+00 | Total=1.79e+01
  2755.1s | Epoch  8800 | BTE=5.08e-01 | Energy=1.46e-01 | BC=4.46e-03 | 
IC_n=6.99e-03 | IC_T=0.00e+00 | dT=0.00e+00 | WP=1.72e+01 | GE=7.97e-05 | 
Amp=0.00e+00 | Total=1.78e+01
  2818.0s | Epoch  9000 | BTE=5.05e-01 | Energy=1.19e-01 | BC=4.78e-03 | 
IC_n=7.16e-03 | IC_T=0.00e+00 | dT=0.00e+00 | WP=1.70e+01 | GE=1.59e-04 | 
Amp=0.00e+00 | Total=1.76e+01
  2881.6s | Epoch  9200 | BTE=4.85e-01 | Energy=1.20e-01 | BC=4.84e-03 | 
IC_n=7.05e-03 | IC_T=0.00e+00 | dT=0.00e+00 | WP=1.68e+01 | GE=1.67e-04 | 
Amp=0.00e+00 | Total=1.75e+01
  2945.4s | Epoch  9400 | BTE=4.81e-01 | Energy=1.13e-01 | BC=5.00e-03 | 
IC_n=6.98e-03 | IC_T=0.00e+00 | dT=0.00e+00 | WP=1.67e+01 | GE=3.07e-04 | 
Amp=0.00e+00 | Total=1.73e+01
  3007.8s | Epoch  9600 | BTE=4.71e-01 | Energy=1.09e-01 | BC=4.90e-03 | 
IC_n=7.00e-03 | IC_T=0.00e+00 | dT=0.00e+00 | WP=1.67e+01 | GE=4.49e-05 | 
Amp=0.00e+00 | Total=1.73e+01
  3068.8s | Epoch  9800 | BTE=4.61e-01 | Energy=1.09e-01 | BC=5.14e-03 | 
IC_n=7.12e-03 | IC_T=0.00e+00 | dT=0.00e+00 | WP=1.65e+01 | GE=1.06e-04 | 
Amp=0.00e+00 | Total=1.71e+01
  3130.4s | Epoch 10000 | BTE=4.57e-01 | Energy=1.12e-01 | BC=5.04e-03 | 
IC_n=6.74e-03 | IC_T=0.00e+00 | dT=0.00e+00 | WP=1.64e+01 | GE=7.14e-04 | 
Amp=0.00e+00 | Total=1.70e+01
  3192.8s | Epoch 10200 | BTE=4.51e-01 | Energy=1.06e-01 | BC=5.27e-03 | 
IC_n=6.96e-03 | IC_T=0.00e+00 | dT=0.00e+00 | WP=1.63e+01 | GE=4.89e-04 | 
Amp=0.00e+00 | Total=1.68e+01
  3256.3s | Epoch 10400 | BTE=4.45e-01 | Energy=1.07e-01 | BC=5.27e-03 | 
IC_n=6.89e-03 | IC_T=0.00e+00 | dT=0.00e+00 | WP=1.62e+01 | GE=1.43e-05 | 
Amp=0.00e+00 | Total=1.67e+01
  3317.4s | Epoch 10600 | BTE=4.40e-01 | Energy=1.09e-01 | BC=5.39e-03 | 
IC_n=7.03e-03 | IC_T=0.00e+00 | dT=0.00e+00 | WP=1.61e+01 | GE=8.51e-06 | 
Amp=0.00e+00 | Total=1.66e+01
  3379.5s | Epoch 10800 | BTE=4.34e-01 | Energy=1.06e-01 | BC=5.43e-03 | 
IC_n=7.09e-03 | IC_T=0.00e+00 | dT=0.00e+00 | WP=1.60e+01 | GE=8.83e-05 | 
Amp=0.00e+00 | Total=1.66e+01
  3441.5s | Epoch 11000 | BTE=4.40e-01 | Energy=1.04e-01 | BC=5.34e-03 | 
IC_n=6.94e-03 | IC_T=0.00e+00 | dT=0.00e+00 | WP=1.60e+01 | GE=8.42e-06 | 
Amp=0.00e+00 | Total=1.66e+01
  3504.4s | Epoch 11200 | BTE=4.25e-01 | Energy=9.94e-02 | BC=5.63e-03 | 
IC_n=7.11e-03 | IC_T=0.00e+00 | dT=0.00e+00 | WP=1.59e+01 | GE=2.72e-06 | 
Amp=0.00e+00 | Total=1.64e+01
  3566.5s | Epoch 11400 | BTE=4.22e-01 | Energy=1.00e-01 | BC=5.70e-03 | 
IC_n=7.11e-03 | IC_T=0.00e+00 | dT=0.00e+00 | WP=1.58e+01 | GE=1.99e-04 | 
Amp=0.00e+00 | Total=1.63e+01
  3628.4s | Epoch 11600 | BTE=4.17e-01 | Energy=1.00e-01 | BC=5.65e-03 | 
IC_n=7.13e-03 | IC_T=0.00e+00 | dT=0.00e+00 | WP=1.57e+01 | GE=1.25e-04 | 
Amp=0.00e+00 | Total=1.62e+01
  3691.3s | Epoch 11800 | BTE=4.16e-01 | Energy=9.74e-02 | BC=5.74e-03 | 
IC_n=7.16e-03 | IC_T=0.00e+00 | dT=0.00e+00 | WP=1.56e+01 | GE=3.61e-04 | 
Amp=0.00e+00 | Total=1.62e+01
  3755.0s | Epoch 12000 | BTE=4.21e-01 | Energy=9.38e-02 | BC=5.67e-03 | 
IC_n=7.01e-03 | IC_T=0.00e+00 | dT=0.00e+00 | WP=1.56e+01 | GE=6.93e-04 | 
Amp=0.00e+00 | Total=1.61e+01
  3816.9s | Epoch 12200 | BTE=4.12e-01 | Energy=9.81e-02 | BC=5.65e-03 | 
IC_n=7.02e-03 | IC_T=0.00e+00 | dT=0.00e+00 | WP=1.55e+01 | GE=2.85e-04 | 
Amp=0.00e+00 | Total=1.60e+01
  3879.0s | Epoch 12400 | BTE=4.09e-01 | Energy=9.30e-02 | BC=5.75e-03 | 
IC_n=7.05e-03 | IC_T=0.00e+00 | dT=0.00e+00 | WP=1.54e+01 | GE=1.33e-04 | 
Amp=0.00e+00 | Total=1.60e+01
  3942.3s | Epoch 12600 | BTE=4.03e-01 | Energy=9.39e-02 | BC=5.80e-03 | 
IC_n=7.12e-03 | IC_T=0.00e+00 | dT=0.00e+00 | WP=1.54e+01 | GE=5.16e-04 | 
Amp=0.00e+00 | Total=1.59e+01
  4003.6s | Epoch 12800 | BTE=4.03e-01 | Energy=9.21e-02 | BC=5.76e-03 | 
IC_n=7.09e-03 | IC_T=0.00e+00 | dT=0.00e+00 | WP=1.53e+01 | GE=3.88e-04 | 
Amp=0.00e+00 | Total=1.58e+01
  4066.2s | Epoch 13000 | BTE=4.00e-01 | Energy=9.23e-02 | BC=5.72e-03 | 
IC_n=7.09e-03 | IC_T=0.00e+00 | dT=0.00e+00 | WP=1.53e+01 | GE=3.27e-04 | 
Amp=0.00e+00 | Total=1.58e+01
  4129.2s | Epoch 13200 | BTE=4.03e-01 | Energy=9.23e-02 | BC=5.83e-03 | 
IC_n=7.20e-03 | IC_T=0.00e+00 | dT=0.00e+00 | WP=1.53e+01 | GE=4.19e-04 | 
Amp=0.00e+00 | Total=1.58e+01
  4190.9s | Epoch 13400 | BTE=3.98e-01 | Energy=9.01e-02 | BC=5.77e-03 | 
IC_n=7.09e-03 | IC_T=0.00e+00 | dT=0.00e+00 | WP=1.53e+01 | GE=5.50e-04 | 
Amp=0.00e+00 | Total=1.58e+01
  4252.3s | Epoch 13600 | BTE=3.96e-01 | Energy=8.91e-02 | BC=5.78e-03 | 
IC_n=7.11e-03 | IC_T=0.00e+00 | dT=0.00e+00 | WP=1.52e+01 | GE=2.36e-04 | 
Amp=0.00e+00 | Total=1.57e+01
  4314.0s | Epoch 13800 | BTE=3.92e-01 | Energy=8.92e-02 | BC=5.84e-03 | 
IC_n=7.16e-03 | IC_T=0.00e+00 | dT=0.00e+00 | WP=1.52e+01 | GE=5.59e-04 | 
Amp=0.00e+00 | Total=1.57e+01
  4375.7s | Epoch 14000 | BTE=3.93e-01 | Energy=8.89e-02 | BC=5.83e-03 | 
IC_n=7.08e-03 | IC_T=0.00e+00 | dT=0.00e+00 | WP=1.52e+01 | GE=7.46e-05 | 
Amp=0.00e+00 | Total=1.57e+01
  4437.5s | Epoch 14200 | BTE=3.94e-01 | Energy=8.88e-02 | BC=5.78e-03 | 
IC_n=7.10e-03 | IC_T=0.00e+00 | dT=0.00e+00 | WP=1.52e+01 | GE=1.85e-04 | 
Amp=0.00e+00 | Total=1.57e+01
  4500.0s | Epoch 14400 | BTE=3.91e-01 | Energy=8.81e-02 | BC=5.81e-03 | 
IC_n=7.11e-03 | IC_T=0.00e+00 | dT=0.00e+00 | WP=1.51e+01 | GE=5.80e-05 | 
Amp=0.00e+00 | Total=1.56e+01
  4562.5s | Epoch 14600 | BTE=3.94e-01 | Energy=8.81e-02 | BC=5.80e-03 | 
IC_n=7.07e-03 | IC_T=0.00e+00 | dT=0.00e+00 | WP=1.51e+01 | GE=1.65e-04 | 
Amp=0.00e+00 | Total=1.56e+01
  4624.7s | Epoch 14800 | BTE=3.91e-01 | Energy=8.85e-02 | BC=5.78e-03 | 
IC_n=7.14e-03 | IC_T=0.00e+00 | dT=0.00e+00 | WP=1.51e+01 | GE=2.33e-04 | 
Amp=0.00e+00 | Total=1.56e+01
╭───────────────────────────── Training Complete ──────────────────────────────╮
│   Time      4687.96s                                                         │
│   Output    runs/transient/1d_nongray_large_dt_0.01um_100K/20260707_101129   │
│   Saved     net_T_20260707_101129.pt                                         │
│   Saved     net_n_20260707_101129.pt                                         │
│   Saved     net_beta_20260707_101129.pt                                      │
╰──────────────────────────────────────────────────────────────────────────────╯
Results saved to: 
runs/transient/1d_nongray_large_dt_0.01um_100K/20260707_101129/20260707_101129_r
esults.npz
  Generating visualizations...
  Amplitude: A(0)=50.0000, A(end)=30.7488 (38.5% decay)
  Energy drift: 0.3913
  ⚠ Drift: mean(T)=0.391
  Saved: 
runs/transient/1d_nongray_large_dt_0.01um_100K/20260707_101129/amplitude_decay_2
0260707_101129.png

Done!
