[spectral-pn] case: L=0.1 um, Nk=20, L_max=8, run=20260814_005249
[spectral-pn] window t_end=2.335e-10 s (34.9 tau_ref), gamma_dom=2.9984e+10 Hz
[spectral-pn] window mode=n_decay rule=n_decay (t_1% at 0.01*A0: nan s; n_dec=7/gamma_dom: 2.3346e-10 s)
  epoch      0  residual 4.495e-03
  epoch    250  residual 4.778e-05
  epoch    500  residual 2.081e-05
  epoch    750  residual 9.047e-06
  epoch   1000  residual 6.964e-06
  epoch   1250  residual 5.256e-06
  epoch   1500  residual 4.486e-06
  epoch   1750  residual 3.690e-06
  epoch   2000  residual 3.181e-06
  epoch   2250  residual 2.914e-06
  epoch   2500  residual 3.214e-06
  epoch   2750  residual 5.044e-06
  epoch   3000  residual 2.072e-06
  epoch   3250  residual 1.914e-06
  epoch   3500  residual 1.775e-06
  epoch   3750  residual 1.644e-06
  epoch   4000  residual 1.534e-06
  epoch   4250  residual 1.458e-06
  epoch   4500  residual 1.351e-06
  epoch   4750  residual 1.483e-06
  epoch   5000  residual 1.191e-06
  epoch   5250  residual 1.138e-06
  epoch   5500  residual 1.062e-06
  epoch   5750  residual 1.023e-06
  epoch   6000  residual 9.470e-07
  epoch   6250  residual 8.973e-07
  epoch   6500  residual 9.424e-07
  epoch   6750  residual 8.172e-07
  epoch   7000  residual 7.954e-07
  epoch   7250  residual 2.261e-06
  epoch   7500  residual 7.171e-07
  epoch   7750  residual 9.506e-07
  epoch   8000  residual 8.678e-07
  epoch   8250  residual 3.265e-06
  epoch   8500  residual 5.907e-07
  epoch   8750  residual 8.264e-07
  epoch   9000  residual 5.384e-07
  epoch   9250  residual 4.950e-07
  epoch   9500  residual 4.654e-07
  epoch   9750  residual 4.574e-07
  epoch  10000  residual 6.079e-07
  epoch  10250  residual 5.224e-07
  epoch  10500  residual 4.889e-07
  epoch  10750  residual 4.652e-07
  epoch  11000  residual 4.297e-07
  epoch  11250  residual 4.131e-07
  epoch  11500  residual 3.944e-07
  epoch  11750  residual 3.364e-07
  epoch  12000  residual 3.942e-07
  epoch  12250  residual 3.223e-07
  epoch  12500  residual 3.368e-07
  epoch  12750  residual 3.142e-07
  epoch  13000  residual 5.561e-07
  epoch  13250  residual 3.236e-07
  epoch  13500  residual 2.874e-07
  epoch  13750  residual 4.018e-07
  epoch  14000  residual 4.712e-07
  epoch  14250  residual 2.707e-07
  epoch  14500  residual 2.958e-07
  epoch  14750  residual 3.009e-07
  epoch  15000  residual 3.291e-07
  epoch  15250  residual 3.248e-07
  epoch  15500  residual 4.505e-07
  epoch  15750  residual 2.600e-07
  epoch  16000  residual 3.378e-07
  epoch  16250  residual 2.078e-07
  epoch  16500  residual 2.955e-07
  epoch  16750  residual 2.932e-07
  epoch  17000  residual 7.639e-07
  epoch  17250  residual 3.789e-07
  epoch  17500  residual 2.862e-07
  epoch  17750  residual 2.513e-07
  epoch  18000  residual 3.052e-07
  epoch  18250  residual 2.441e-07
  epoch  18500  residual 2.675e-07
  epoch  18750  residual 3.078e-07
  epoch  19000  residual 2.326e-07
  epoch  19250  residual 1.772e-07
  epoch  19500  residual 3.665e-07
  epoch  19750  residual 1.826e-07
  epoch  20000  residual 2.789e-07
  epoch  20250  residual 1.580e-07
  epoch  20500  residual 1.781e-07
  epoch  20750  residual 1.733e-07
  epoch  21000  residual 3.164e-07
  epoch  21250  residual 1.459e-07
  epoch  21500  residual 3.292e-07
  epoch  21750  residual 2.959e-07
  epoch  22000  residual 1.707e-07
  epoch  22250  residual 1.437e-07
  epoch  22500  residual 1.794e-07
  epoch  22750  residual 3.125e-07
  epoch  23000  residual 1.351e-07
  epoch  23250  residual 1.615e-07
  epoch  23500  residual 1.590e-07
  epoch  23750  residual 1.870e-07
  epoch  24000  residual 1.356e-07
  epoch  24250  residual 2.104e-07
  epoch  24500  residual 1.619e-07
  epoch  24750  residual 1.590e-07
  epoch  25000  residual 1.731e-07
  epoch  25250  residual 1.495e-07
  epoch  25500  residual 2.946e-07
  epoch  25750  residual 1.104e-07
  epoch  26000  residual 1.151e-07
  epoch  26250  residual 1.360e-07
  epoch  26500  residual 1.209e-07
  epoch  26750  residual 1.777e-07
  epoch  27000  residual 1.119e-07
  epoch  27250  residual 1.214e-07
  epoch  27500  residual 1.805e-07
  epoch  27750  residual 1.199e-07
  epoch  28000  residual 1.067e-07
  epoch  28250  residual 1.971e-07
  epoch  28500  residual 1.049e-07
  epoch  28750  residual 9.880e-08
  epoch  29000  residual 1.045e-07
  epoch  29250  residual 1.082e-07
  epoch  29500  residual 1.681e-07
  epoch  29750  residual 1.165e-07
  epoch  30000  residual 1.016e-07
  epoch  30250  residual 1.339e-07
  epoch  30500  residual 1.053e-07
  epoch  30750  residual 1.093e-07
  epoch  31000  residual 1.187e-07
  epoch  31250  residual 9.582e-08
  epoch  31500  residual 9.331e-08
  epoch  31750  residual 1.569e-07
  epoch  32000  residual 9.749e-08
  epoch  32250  residual 8.488e-08
  epoch  32500  residual 1.450e-07
  epoch  32750  residual 8.901e-08
  epoch  33000  residual 8.485e-08
  epoch  33250  residual 1.271e-07
  epoch  33500  residual 8.498e-08
  epoch  33750  residual 8.437e-08
  epoch  34000  residual 8.771e-08
  epoch  34250  residual 1.097e-07
  epoch  34500  residual 1.027e-07
  epoch  34750  residual 9.118e-08
  epoch  35000  residual 8.062e-08
  epoch  35250  residual 8.168e-08
  epoch  35500  residual 7.946e-08
  epoch  35750  residual 9.584e-08
  epoch  36000  residual 7.442e-08
  epoch  36250  residual 7.400e-08
  epoch  36500  residual 1.056e-07
  epoch  36750  residual 7.581e-08
  epoch  37000  residual 7.470e-08
  epoch  37250  residual 1.019e-07
  epoch  37500  residual 7.293e-08
  epoch  37750  residual 7.605e-08
  epoch  38000  residual 7.925e-08
  epoch  38250  residual 7.613e-08
  epoch  38500  residual 7.569e-08
  epoch  38750  residual 8.003e-08
  epoch  39000  residual 7.783e-08
  epoch  39250  residual 7.301e-08
  epoch  39500  residual 8.362e-08
  epoch  39750  residual 7.167e-08
  epoch  40000  residual 6.941e-08
  epoch  40250  residual 7.218e-08
  epoch  40500  residual 6.592e-08
  epoch  40750  residual 6.584e-08
  epoch  41000  residual 6.635e-08
  epoch  41250  residual 6.632e-08
  epoch  41500  residual 8.338e-08
  epoch  41750  residual 7.223e-08
  epoch  42000  residual 6.371e-08
  epoch  42250  residual 6.437e-08
  epoch  42500  residual 6.169e-08
  epoch  42750  residual 6.251e-08
  epoch  43000  residual 6.184e-08
  epoch  43250  residual 6.728e-08
  epoch  43500  residual 6.151e-08
  epoch  43750  residual 6.009e-08
  epoch  44000  residual 6.149e-08
  epoch  44250  residual 6.476e-08
  epoch  44500  residual 6.369e-08
  epoch  44750  residual 5.936e-08
  epoch  45000  residual 6.157e-08
  epoch  45250  residual 6.628e-08
  epoch  45500  residual 6.339e-08
  epoch  45750  residual 5.826e-08
  epoch  46000  residual 5.961e-08
  epoch  46250  residual 6.639e-08
  epoch  46500  residual 6.108e-08
  epoch  46750  residual 5.679e-08
  epoch  47000  residual 5.824e-08
  epoch  47250  residual 6.125e-08
  epoch  47500  residual 5.805e-08
  epoch  47750  residual 5.591e-08
  epoch  48000  residual 5.534e-08
  epoch  48250  residual 5.533e-08
  epoch  48500  residual 5.500e-08
  epoch  48750  residual 6.035e-08
  epoch  49000  residual 5.785e-08
  epoch  49250  residual 5.714e-08
  epoch  49500  residual 5.700e-08
  epoch  49750  residual 5.471e-08
  epoch  50000  residual 5.371e-08
  epoch  50250  residual 5.359e-08
  epoch  50500  residual 5.350e-08
  epoch  50750  residual 5.307e-08
  epoch  51000  residual 5.284e-08
  epoch  51250  residual 5.326e-08
  epoch  51500  residual 5.310e-08
  epoch  51750  residual 5.230e-08
  epoch  52000  residual 5.216e-08
  epoch  52250  residual 5.203e-08
  epoch  52500  residual 5.475e-08
  epoch  52750  residual 5.260e-08
  epoch  53000  residual 5.146e-08
  epoch  53250  residual 5.144e-08
  epoch  53500  residual 5.177e-08
  epoch  53750  residual 5.093e-08
  epoch  54000  residual 5.082e-08
  epoch  54250  residual 5.101e-08
  epoch  54500  residual 5.044e-08
  epoch  54750  residual 5.027e-08
  epoch  55000  residual 5.053e-08
  epoch  55250  residual 5.001e-08
  epoch  55500  residual 4.991e-08
  epoch  55750  residual 4.973e-08
  epoch  56000  residual 4.965e-08
  epoch  56250  residual 4.952e-08
  epoch  56500  residual 4.941e-08
  epoch  56750  residual 5.163e-08
  epoch  57000  residual 4.903e-08
  epoch  57250  residual 4.891e-08
  epoch  57500  residual 4.924e-08
  epoch  57750  residual 4.877e-08
  epoch  58000  residual 4.854e-08
  epoch  58250  residual 4.901e-08
  epoch  58500  residual 4.900e-08
  epoch  58750  residual 4.814e-08
  epoch  59000  residual 4.850e-08
  epoch  59250  residual 4.793e-08
  epoch  59500  residual 4.787e-08
  epoch  59750  residual 4.767e-08
  epoch  59999  residual 4.754e-08
  [gamma] epoch      0  gamma_ratio 0.8835  residual 4.495e-03
  [gamma] epoch    250  gamma_ratio 0.8670  residual 4.778e-05
  [gamma] epoch    500  gamma_ratio 0.9446  residual 2.081e-05
  [gamma] epoch    750  gamma_ratio 0.9415  residual 9.047e-06
  [gamma] epoch   1000  gamma_ratio 0.9529  residual 6.964e-06
  [gamma] epoch   1250  gamma_ratio 0.9626  residual 5.256e-06
  [gamma] epoch   1500  gamma_ratio 0.9676  residual 4.486e-06
  [gamma] epoch   1750  gamma_ratio 0.9709  residual 3.690e-06
  [gamma] epoch   2000  gamma_ratio 0.9731  residual 3.181e-06
  [gamma] epoch   2250  gamma_ratio 0.9744  residual 2.914e-06
  [gamma] epoch   2500  gamma_ratio 0.9719  residual 3.214e-06
  [gamma] epoch   2750  gamma_ratio 0.9918  residual 5.044e-06
  [gamma] epoch   3000  gamma_ratio 0.9776  residual 2.072e-06
  [gamma] epoch   3250  gamma_ratio 0.9792  residual 1.914e-06
  [gamma] epoch   3500  gamma_ratio 0.9808  residual 1.775e-06
  [gamma] epoch   3750  gamma_ratio 0.9814  residual 1.644e-06
  [gamma] epoch   4000  gamma_ratio 0.9830  residual 1.534e-06
  [gamma] epoch   4250  gamma_ratio 0.9835  residual 1.458e-06
  [gamma] epoch   4500  gamma_ratio 0.9847  residual 1.351e-06
  [gamma] epoch   4750  gamma_ratio 0.9900  residual 1.483e-06
  [gamma] epoch   5000  gamma_ratio 0.9860  residual 1.191e-06
  [gamma] epoch   5250  gamma_ratio 0.9864  residual 1.138e-06
  [gamma] epoch   5500  gamma_ratio 0.9865  residual 1.062e-06
  [gamma] epoch   5750  gamma_ratio 0.9874  residual 1.023e-06
  [gamma] epoch   6000  gamma_ratio 0.9877  residual 9.470e-07
  [gamma] epoch   6250  gamma_ratio 0.9882  residual 8.973e-07
  [gamma] epoch   6500  gamma_ratio 0.9905  residual 9.424e-07
  [gamma] epoch   6750  gamma_ratio 0.9884  residual 8.172e-07
  [gamma] epoch   7000  gamma_ratio 0.9895  residual 7.954e-07
  [gamma] epoch   7250  gamma_ratio 0.9870  residual 2.261e-06
  [gamma] epoch   7500  gamma_ratio 0.9897  residual 7.171e-07
  [gamma] epoch   7750  gamma_ratio 0.9878  residual 9.506e-07
  [gamma] epoch   8000  gamma_ratio 0.9907  residual 8.678e-07
  [gamma] epoch   8250  gamma_ratio 0.9880  residual 3.265e-06
  [gamma] epoch   8500  gamma_ratio 0.9889  residual 5.907e-07
  [gamma] epoch   8750  gamma_ratio 0.9903  residual 8.264e-07
  [gamma] epoch   9000  gamma_ratio 0.9903  residual 5.384e-07
  [gamma] epoch   9250  gamma_ratio 0.9907  residual 4.950e-07
  [gamma] epoch   9500  gamma_ratio 0.9909  residual 4.654e-07
  [gamma] epoch   9750  gamma_ratio 0.9912  residual 4.574e-07
  [gamma] epoch  10000  gamma_ratio 0.9913  residual 6.079e-07
  [gamma] epoch  10250  gamma_ratio 0.9905  residual 5.224e-07
  [gamma] epoch  10500  gamma_ratio 0.9920  residual 4.889e-07
  [gamma] epoch  10750  gamma_ratio 0.9919  residual 4.652e-07
  [gamma] epoch  11000  gamma_ratio 0.9916  residual 4.297e-07
  [gamma] epoch  11250  gamma_ratio 0.9922  residual 4.131e-07
  [gamma] epoch  11500  gamma_ratio 0.9925  residual 3.944e-07
  [gamma] epoch  11750  gamma_ratio 0.9920  residual 3.364e-07
  [gamma] epoch  12000  gamma_ratio 0.9921  residual 3.942e-07
  [gamma] epoch  12250  gamma_ratio 0.9922  residual 3.223e-07
  [gamma] epoch  12500  gamma_ratio 0.9919  residual 3.368e-07
  [gamma] epoch  12750  gamma_ratio 0.9929  residual 3.142e-07
  [gamma] epoch  13000  gamma_ratio 0.9945  residual 5.561e-07
  [gamma] epoch  13250  gamma_ratio 0.9920  residual 3.236e-07
  [gamma] epoch  13500  gamma_ratio 0.9927  residual 2.874e-07
  [gamma] epoch  13750  gamma_ratio 0.9935  residual 4.018e-07
  [gamma] epoch  14000  gamma_ratio 0.9932  residual 4.712e-07
  [gamma] epoch  14250  gamma_ratio 0.9924  residual 2.707e-07
  [gamma] epoch  14500  gamma_ratio 0.9933  residual 2.958e-07
  [gamma] epoch  14750  gamma_ratio 0.9924  residual 3.009e-07
  [gamma] epoch  15000  gamma_ratio 0.9917  residual 3.291e-07
  [gamma] epoch  15250  gamma_ratio 0.9937  residual 3.248e-07
  [gamma] epoch  15500  gamma_ratio 0.9918  residual 4.505e-07
  [gamma] epoch  15750  gamma_ratio 0.9933  residual 2.600e-07
  [gamma] epoch  16000  gamma_ratio 0.9931  residual 3.378e-07
  [gamma] epoch  16250  gamma_ratio 0.9931  residual 2.078e-07
  [gamma] epoch  16500  gamma_ratio 0.9936  residual 2.955e-07
  [gamma] epoch  16750  gamma_ratio 0.9931  residual 2.932e-07
  [gamma] epoch  17000  gamma_ratio 0.9921  residual 7.639e-07
  [gamma] epoch  17250  gamma_ratio 0.9938  residual 3.789e-07
  [gamma] epoch  17500  gamma_ratio 0.9928  residual 2.862e-07
  [gamma] epoch  17750  gamma_ratio 0.9932  residual 2.513e-07
  [gamma] epoch  18000  gamma_ratio 0.9943  residual 3.052e-07
  [gamma] epoch  18250  gamma_ratio 0.9934  residual 2.441e-07
  [gamma] epoch  18500  gamma_ratio 0.9940  residual 2.675e-07
  [gamma] epoch  18750  gamma_ratio 0.9959  residual 3.078e-07
  [gamma] epoch  19000  gamma_ratio 0.9946  residual 2.326e-07
  [gamma] epoch  19250  gamma_ratio 0.9940  residual 1.772e-07
  [gamma] epoch  19500  gamma_ratio 0.9943  residual 3.665e-07
  [gamma] epoch  19750  gamma_ratio 0.9939  residual 1.826e-07
  [gamma] epoch  20000  gamma_ratio 0.9950  residual 2.789e-07
  [gamma] epoch  20250  gamma_ratio 0.9942  residual 1.580e-07
  [gamma] epoch  20500  gamma_ratio 0.9934  residual 1.781e-07
  [gamma] epoch  20750  gamma_ratio 0.9944  residual 1.733e-07
  [gamma] epoch  21000  gamma_ratio 0.9945  residual 3.164e-07
  [gamma] epoch  21250  gamma_ratio 0.9940  residual 1.459e-07
  [gamma] epoch  21500  gamma_ratio 0.9938  residual 3.292e-07
  [gamma] epoch  21750  gamma_ratio 0.9937  residual 2.959e-07
  [gamma] epoch  22000  gamma_ratio 0.9937  residual 1.707e-07
  [gamma] epoch  22250  gamma_ratio 0.9944  residual 1.437e-07
  [gamma] epoch  22500  gamma_ratio 0.9944  residual 1.794e-07
  [gamma] epoch  22750  gamma_ratio 0.9945  residual 3.125e-07
  [gamma] epoch  23000  gamma_ratio 0.9941  residual 1.351e-07
  [gamma] epoch  23250  gamma_ratio 0.9952  residual 1.615e-07
  [gamma] epoch  23500  gamma_ratio 0.9942  residual 1.590e-07
  [gamma] epoch  23750  gamma_ratio 0.9929  residual 1.870e-07
  [gamma] epoch  24000  gamma_ratio 0.9937  residual 1.356e-07
  [gamma] epoch  24250  gamma_ratio 0.9933  residual 2.104e-07
  [gamma] epoch  24500  gamma_ratio 0.9941  residual 1.619e-07
  [gamma] epoch  24750  gamma_ratio 0.9948  residual 1.590e-07
  [gamma] epoch  25000  gamma_ratio 0.9952  residual 1.731e-07
  [gamma] epoch  25250  gamma_ratio 0.9931  residual 1.495e-07
  [gamma] epoch  25500  gamma_ratio 0.9924  residual 2.946e-07
  [gamma] epoch  25750  gamma_ratio 0.9943  residual 1.104e-07
  [gamma] epoch  26000  gamma_ratio 0.9945  residual 1.151e-07
  [gamma] epoch  26250  gamma_ratio 0.9941  residual 1.360e-07
  [gamma] epoch  26500  gamma_ratio 0.9942  residual 1.209e-07
  [gamma] epoch  26750  gamma_ratio 0.9946  residual 1.777e-07
  [gamma] epoch  27000  gamma_ratio 0.9944  residual 1.119e-07
  [gamma] epoch  27250  gamma_ratio 0.9946  residual 1.214e-07
  [gamma] epoch  27500  gamma_ratio 0.9933  residual 1.805e-07
  [gamma] epoch  27750  gamma_ratio 0.9940  residual 1.199e-07
  [gamma] epoch  28000  gamma_ratio 0.9944  residual 1.067e-07
  [gamma] epoch  28250  gamma_ratio 0.9939  residual 1.971e-07
  [gamma] epoch  28500  gamma_ratio 0.9944  residual 1.049e-07
  [gamma] epoch  28750  gamma_ratio 0.9944  residual 9.880e-08
  [gamma] epoch  29000  gamma_ratio 0.9941  residual 1.045e-07
  [gamma] epoch  29250  gamma_ratio 0.9948  residual 1.082e-07
  [gamma] epoch  29500  gamma_ratio 0.9931  residual 1.681e-07
  [gamma] epoch  29750  gamma_ratio 0.9948  residual 1.165e-07
  [gamma] epoch  30000  gamma_ratio 0.9949  residual 1.016e-07
  [gamma] epoch  30250  gamma_ratio 0.9942  residual 1.339e-07
  [gamma] epoch  30500  gamma_ratio 0.9945  residual 1.053e-07
  [gamma] epoch  30750  gamma_ratio 0.9946  residual 1.093e-07
  [gamma] epoch  31000  gamma_ratio 0.9938  residual 1.187e-07
  [gamma] epoch  31250  gamma_ratio 0.9942  residual 9.582e-08
  [gamma] epoch  31500  gamma_ratio 0.9947  residual 9.331e-08
  [gamma] epoch  31750  gamma_ratio 0.9935  residual 1.569e-07
  [gamma] epoch  32000  gamma_ratio 0.9939  residual 9.749e-08
  [gamma] epoch  32250  gamma_ratio 0.9944  residual 8.488e-08
  [gamma] epoch  32500  gamma_ratio 0.9934  residual 1.450e-07
  [gamma] epoch  32750  gamma_ratio 0.9944  residual 8.901e-08
  [gamma] epoch  33000  gamma_ratio 0.9945  residual 8.485e-08
  [gamma] epoch  33250  gamma_ratio 0.9934  residual 1.271e-07
  [gamma] epoch  33500  gamma_ratio 0.9946  residual 8.498e-08
  [gamma] epoch  33750  gamma_ratio 0.9944  residual 8.437e-08
  [gamma] epoch  34000  gamma_ratio 0.9943  residual 8.771e-08
  [gamma] epoch  34250  gamma_ratio 0.9939  residual 1.097e-07
  [gamma] epoch  34500  gamma_ratio 0.9942  residual 1.027e-07
  [gamma] epoch  34750  gamma_ratio 0.9944  residual 9.118e-08
  [gamma] epoch  35000  gamma_ratio 0.9944  residual 8.062e-08
  [gamma] epoch  35250  gamma_ratio 0.9942  residual 8.168e-08
  [gamma] epoch  35500  gamma_ratio 0.9946  residual 7.946e-08
  [gamma] epoch  35750  gamma_ratio 0.9938  residual 9.584e-08
  [gamma] epoch  36000  gamma_ratio 0.9944  residual 7.442e-08
  [gamma] epoch  36250  gamma_ratio 0.9942  residual 7.400e-08
  [gamma] epoch  36500  gamma_ratio 0.9950  residual 1.056e-07
  [gamma] epoch  36750  gamma_ratio 0.9946  residual 7.581e-08
  [gamma] epoch  37000  gamma_ratio 0.9944  residual 7.470e-08
  [gamma] epoch  37250  gamma_ratio 0.9944  residual 1.019e-07
  [gamma] epoch  37500  gamma_ratio 0.9947  residual 7.293e-08
  [gamma] epoch  37750  gamma_ratio 0.9946  residual 7.605e-08
  [gamma] epoch  38000  gamma_ratio 0.9944  residual 7.925e-08
  [gamma] epoch  38250  gamma_ratio 0.9940  residual 7.613e-08
  [gamma] epoch  38500  gamma_ratio 0.9942  residual 7.569e-08
  [gamma] epoch  38750  gamma_ratio 0.9945  residual 8.003e-08
  [gamma] epoch  39000  gamma_ratio 0.9944  residual 7.783e-08
  [gamma] epoch  39250  gamma_ratio 0.9945  residual 7.301e-08
  [gamma] epoch  39500  gamma_ratio 0.9949  residual 8.362e-08
  [gamma] epoch  39750  gamma_ratio 0.9941  residual 7.167e-08
  [gamma] epoch  40000  gamma_ratio 0.9946  residual 6.941e-08
  [gamma] epoch  40250  gamma_ratio 0.9945  residual 7.218e-08
  [gamma] epoch  40500  gamma_ratio 0.9946  residual 6.592e-08
  [gamma] epoch  40750  gamma_ratio 0.9946  residual 6.584e-08
  [gamma] epoch  41000  gamma_ratio 0.9944  residual 6.635e-08
  [gamma] epoch  41250  gamma_ratio 0.9945  residual 6.632e-08
  [gamma] epoch  41500  gamma_ratio 0.9946  residual 8.338e-08
  [gamma] epoch  41750  gamma_ratio 0.9946  residual 7.223e-08
  [gamma] epoch  42000  gamma_ratio 0.9944  residual 6.371e-08
  [gamma] epoch  42250  gamma_ratio 0.9946  residual 6.437e-08
  [gamma] epoch  42500  gamma_ratio 0.9945  residual 6.169e-08
  [gamma] epoch  42750  gamma_ratio 0.9944  residual 6.251e-08
  [gamma] epoch  43000  gamma_ratio 0.9944  residual 6.184e-08
  [gamma] epoch  43250  gamma_ratio 0.9945  residual 6.728e-08
  [gamma] epoch  43500  gamma_ratio 0.9946  residual 6.151e-08
  [gamma] epoch  43750  gamma_ratio 0.9944  residual 6.009e-08
  [gamma] epoch  44000  gamma_ratio 0.9944  residual 6.149e-08
  [gamma] epoch  44250  gamma_ratio 0.9944  residual 6.476e-08
  [gamma] epoch  44500  gamma_ratio 0.9944  residual 6.369e-08
  [gamma] epoch  44750  gamma_ratio 0.9945  residual 5.936e-08
  [gamma] epoch  45000  gamma_ratio 0.9943  residual 6.157e-08
  [gamma] epoch  45250  gamma_ratio 0.9944  residual 6.628e-08
  [gamma] epoch  45500  gamma_ratio 0.9944  residual 6.339e-08
  [gamma] epoch  45750  gamma_ratio 0.9945  residual 5.826e-08
  [gamma] epoch  46000  gamma_ratio 0.9944  residual 5.961e-08
  [gamma] epoch  46250  gamma_ratio 0.9946  residual 6.639e-08
  [gamma] epoch  46500  gamma_ratio 0.9945  residual 6.108e-08
  [gamma] epoch  46750  gamma_ratio 0.9945  residual 5.679e-08
  [gamma] epoch  47000  gamma_ratio 0.9944  residual 5.824e-08
  [gamma] epoch  47250  gamma_ratio 0.9944  residual 6.125e-08
  [gamma] epoch  47500  gamma_ratio 0.9944  residual 5.805e-08
  [gamma] epoch  47750  gamma_ratio 0.9945  residual 5.591e-08
  [gamma] epoch  48000  gamma_ratio 0.9945  residual 5.534e-08
  [gamma] epoch  48250  gamma_ratio 0.9945  residual 5.533e-08
  [gamma] epoch  48500  gamma_ratio 0.9945  residual 5.500e-08
  [gamma] epoch  48750  gamma_ratio 0.9945  residual 6.035e-08
  [gamma] epoch  49000  gamma_ratio 0.9945  residual 5.785e-08
  [gamma] epoch  49250  gamma_ratio 0.9945  residual 5.714e-08
  [gamma] epoch  49500  gamma_ratio 0.9946  residual 5.700e-08
  [gamma] epoch  49750  gamma_ratio 0.9945  residual 5.471e-08
  [gamma] epoch  50000  gamma_ratio 0.9945  residual 5.371e-08
  [gamma] epoch  50250  gamma_ratio 0.9945  residual 5.359e-08
  [gamma] epoch  50500  gamma_ratio 0.9945  residual 5.350e-08
  [gamma] epoch  50750  gamma_ratio 0.9945  residual 5.307e-08
  [gamma] epoch  51000  gamma_ratio 0.9945  residual 5.284e-08
  [gamma] epoch  51250  gamma_ratio 0.9945  residual 5.326e-08
  [gamma] epoch  51500  gamma_ratio 0.9946  residual 5.310e-08
  [gamma] epoch  51750  gamma_ratio 0.9945  residual 5.230e-08
  [gamma] epoch  52000  gamma_ratio 0.9945  residual 5.216e-08
  [gamma] epoch  52250  gamma_ratio 0.9945  residual 5.203e-08
  [gamma] epoch  52500  gamma_ratio 0.9945  residual 5.475e-08
  [gamma] epoch  52750  gamma_ratio 0.9944  residual 5.260e-08
  [gamma] epoch  53000  gamma_ratio 0.9945  residual 5.146e-08
  [gamma] epoch  53250  gamma_ratio 0.9945  residual 5.144e-08
  [gamma] epoch  53500  gamma_ratio 0.9946  residual 5.177e-08
  [gamma] epoch  53750  gamma_ratio 0.9945  residual 5.093e-08
  [gamma] epoch  54000  gamma_ratio 0.9945  residual 5.082e-08
  [gamma] epoch  54250  gamma_ratio 0.9945  residual 5.101e-08
  [gamma] epoch  54500  gamma_ratio 0.9945  residual 5.044e-08
  [gamma] epoch  54750  gamma_ratio 0.9945  residual 5.027e-08
  [gamma] epoch  55000  gamma_ratio 0.9946  residual 5.053e-08
  [gamma] epoch  55250  gamma_ratio 0.9945  residual 5.001e-08
  [gamma] epoch  55500  gamma_ratio 0.9945  residual 4.991e-08
  [gamma] epoch  55750  gamma_ratio 0.9945  residual 4.973e-08
  [gamma] epoch  56000  gamma_ratio 0.9945  residual 4.965e-08
  [gamma] epoch  56250  gamma_ratio 0.9945  residual 4.952e-08
  [gamma] epoch  56500  gamma_ratio 0.9945  residual 4.941e-08
  [gamma] epoch  56750  gamma_ratio 0.9947  residual 5.163e-08
  [gamma] epoch  57000  gamma_ratio 0.9945  residual 4.903e-08
  [gamma] epoch  57250  gamma_ratio 0.9945  residual 4.891e-08
  [gamma] epoch  57500  gamma_ratio 0.9945  residual 4.924e-08
  [gamma] epoch  57750  gamma_ratio 0.9945  residual 4.877e-08
  [gamma] epoch  58000  gamma_ratio 0.9945  residual 4.854e-08
  [gamma] epoch  58250  gamma_ratio 0.9945  residual 4.901e-08
  [gamma] epoch  58500  gamma_ratio 0.9945  residual 4.900e-08
  [gamma] epoch  58750  gamma_ratio 0.9945  residual 4.814e-08
  [gamma] epoch  59000  gamma_ratio 0.9945  residual 4.850e-08
  [gamma] epoch  59250  gamma_ratio 0.9945  residual 4.793e-08
  [gamma] epoch  59500  gamma_ratio 0.9945  residual 4.787e-08
  [gamma] epoch  59750  gamma_ratio 0.9945  residual 4.767e-08
  [gamma] epoch  59999  gamma_ratio 0.9945  residual 4.754e-08
  [shape] epoch      0  rmse=0.02756  max_abs_dA=0.0591  int_signed_dA=4.392e-12  int_abs_dA=4.806e-12  A_min=0.004833  max_dA_fwd=0.0007651
  [shape] epoch    250  rmse=0.02348  max_abs_dA=0.03337  int_signed_dA=5.109e-12  int_abs_dA=5.109e-12  A_min=0.009338  max_dA_fwd=-1.973e-05
  [shape] epoch    500  rmse=0.009441  max_abs_dA=0.01556  int_signed_dA=1.955e-12  int_abs_dA=1.994e-12  A_min=0.004688  max_dA_fwd=0.0006942
  [shape] epoch    750  rmse=0.009882  max_abs_dA=0.01527  int_signed_dA=2.071e-12  int_abs_dA=2.071e-12  A_min=0.005557  max_dA_fwd=-1.212e-05
  [shape] epoch   1000  rmse=0.007811  max_abs_dA=0.01227  int_signed_dA=1.647e-12  int_abs_dA=1.647e-12  A_min=0.004355  max_dA_fwd=2.027e-05
  [shape] epoch   1250  rmse=0.006213  max_abs_dA=0.01004  int_signed_dA=1.295e-12  int_abs_dA=1.295e-12  A_min=0.003007  max_dA_fwd=-9.338e-06
  [shape] epoch   1500  rmse=0.005367  max_abs_dA=0.008759  int_signed_dA=1.116e-12  int_abs_dA=1.116e-12  A_min=0.002074  max_dA_fwd=-9.878e-06
  [shape] epoch   1750  rmse=0.004744  max_abs_dA=0.007502  int_signed_dA=9.997e-13  int_abs_dA=9.998e-13  A_min=0.002132  max_dA_fwd=-9.928e-06
  [shape] epoch   2000  rmse=0.004359  max_abs_dA=0.006852  int_signed_dA=9.198e-13  int_abs_dA=9.199e-13  A_min=0.001903  max_dA_fwd=-1.014e-05
  [shape] epoch   2250  rmse=0.004184  max_abs_dA=0.006695  int_signed_dA=8.743e-13  int_abs_dA=8.743e-13  A_min=0.001554  max_dA_fwd=-1.028e-05
  [shape] epoch   2500  rmse=0.004623  max_abs_dA=0.007371  int_signed_dA=9.634e-13  int_abs_dA=9.676e-13  A_min=0.001732  max_dA_fwd=-1.031e-05
  [shape] epoch   2750  rmse=0.001923  max_abs_dA=0.003119  int_signed_dA=2.753e-13  int_abs_dA=3.858e-13  A_min=0.0001332  max_dA_fwd=-9.64e-06
  [shape] epoch   3000  rmse=0.003762  max_abs_dA=0.006288  int_signed_dA=7.618e-13  int_abs_dA=7.618e-13  A_min=0.0009256  max_dA_fwd=-9.972e-06
  [shape] epoch   3250  rmse=0.003567  max_abs_dA=0.006102  int_signed_dA=7.071e-13  int_abs_dA=7.071e-13  A_min=0.0006449  max_dA_fwd=-9.789e-06
  [shape] epoch   3500  rmse=0.003393  max_abs_dA=0.005949  int_signed_dA=6.536e-13  int_abs_dA=6.536e-13  A_min=0.0003209  max_dA_fwd=-9.585e-06
  [shape] epoch   3750  rmse=0.003303  max_abs_dA=0.005825  int_signed_dA=6.311e-13  int_abs_dA=6.314e-13  A_min=0.0002571  max_dA_fwd=-9.439e-06
  [shape] epoch   4000  rmse=0.003089  max_abs_dA=0.005541  int_signed_dA=5.761e-13  int_abs_dA=5.795e-13  A_min=8.051e-05  max_dA_fwd=-9.154e-06
  [shape] epoch   4250  rmse=0.003009  max_abs_dA=0.005437  int_signed_dA=5.575e-13  int_abs_dA=5.613e-13  A_min=7.412e-05  max_dA_fwd=-8.87e-06
  [shape] epoch   4500  rmse=0.002862  max_abs_dA=0.005246  int_signed_dA=5.17e-13  int_abs_dA=5.264e-13  A_min=-5.878e-05  max_dA_fwd=-8.612e-06
  [shape] epoch   4750  rmse=0.001896  max_abs_dA=0.00344  int_signed_dA=3.358e-13  int_abs_dA=3.517e-13  A_min=7.107e-05  max_dA_fwd=-7.974e-06
  [shape] epoch   5000  rmse=0.002637  max_abs_dA=0.00486  int_signed_dA=4.74e-13  int_abs_dA=4.827e-13  A_min=-1.456e-05  max_dA_fwd=-8.168e-06
  [shape] epoch   5250  rmse=0.002556  max_abs_dA=0.00474  int_signed_dA=4.588e-13  int_abs_dA=4.658e-13  A_min=3.895e-05  max_dA_fwd=-7.886e-06
  [shape] epoch   5500  rmse=0.002517  max_abs_dA=0.00466  int_signed_dA=4.545e-13  int_abs_dA=4.596e-13  A_min=8.977e-05  max_dA_fwd=-7.808e-06
  [shape] epoch   5750  rmse=0.002389  max_abs_dA=0.004468  int_signed_dA=4.265e-13  int_abs_dA=4.321e-13  A_min=8.801e-05  max_dA_fwd=-7.599e-06
  [shape] epoch   6000  rmse=0.00231  max_abs_dA=0.004328  int_signed_dA=4.14e-13  int_abs_dA=4.176e-13  A_min=0.0001434  max_dA_fwd=-7.454e-06
  [shape] epoch   6250  rmse=0.002221  max_abs_dA=0.004183  int_signed_dA=3.984e-13  int_abs_dA=4.008e-13  A_min=0.000189  max_dA_fwd=-7.238e-06
  [shape] epoch   6500  rmse=0.001948  max_abs_dA=0.003775  int_signed_dA=3.176e-13  int_abs_dA=3.434e-13  A_min=-0.0001552  max_dA_fwd=-7.225e-06
  [shape] epoch   6750  rmse=0.00217  max_abs_dA=0.004105  int_signed_dA=3.917e-13  int_abs_dA=3.921e-13  A_min=0.0002759  max_dA_fwd=-7.002e-06
  [shape] epoch   7000  rmse=0.002019  max_abs_dA=0.003872  int_signed_dA=3.544e-13  int_abs_dA=3.574e-13  A_min=0.000189  max_dA_fwd=-6.901e-06
  [shape] epoch   7250  rmse=0.002459  max_abs_dA=0.004684  int_signed_dA=4.403e-13  int_abs_dA=4.403e-13  A_min=0.0003106  max_dA_fwd=-6.85e-06
  [shape] epoch   7500  rmse=0.001935  max_abs_dA=0.003682  int_signed_dA=3.453e-13  int_abs_dA=3.462e-13  A_min=0.0002558  max_dA_fwd=-6.765e-06
  [shape] epoch   7750  rmse=0.002293  max_abs_dA=0.004344  int_signed_dA=4.111e-13  int_abs_dA=4.112e-13  A_min=0.0003114  max_dA_fwd=-6.8e-06
  [shape] epoch   8000  rmse=0.001775  max_abs_dA=0.003383  int_signed_dA=3.127e-13  int_abs_dA=3.143e-13  A_min=0.0002368  max_dA_fwd=-6.651e-06
  [shape] epoch   8250  rmse=0.002545  max_abs_dA=0.004884  int_signed_dA=4.036e-13  int_abs_dA=4.519e-13  A_min=-2.481e-06  max_dA_fwd=-6.815e-06
  [shape] epoch   8500  rmse=0.002007  max_abs_dA=0.003736  int_signed_dA=3.723e-13  int_abs_dA=3.723e-13  A_min=0.0004539  max_dA_fwd=-6.566e-06
  [shape] epoch   8750  rmse=0.0019  max_abs_dA=0.00364  int_signed_dA=3.255e-13  int_abs_dA=3.327e-13  A_min=0.0001721  max_dA_fwd=-6.606e-06
  [shape] epoch   9000  rmse=0.001825  max_abs_dA=0.003435  int_signed_dA=3.273e-13  int_abs_dA=3.274e-13  A_min=0.0003011  max_dA_fwd=-6.539e-06
  [shape] epoch   9250  rmse=0.001787  max_abs_dA=0.003369  int_signed_dA=3.141e-13  int_abs_dA=3.177e-13  A_min=0.0001926  max_dA_fwd=-6.618e-06
  [shape] epoch   9500  rmse=0.001745  max_abs_dA=0.003281  int_signed_dA=3.076e-13  int_abs_dA=3.102e-13  A_min=0.0002144  max_dA_fwd=-6.575e-06
  [shape] epoch   9750  rmse=0.001691  max_abs_dA=0.003181  int_signed_dA=2.971e-13  int_abs_dA=3e-13  A_min=0.000211  max_dA_fwd=-6.551e-06
  [shape] epoch  10000  rmse=0.00157  max_abs_dA=0.002838  int_signed_dA=2.91e-13  int_abs_dA=2.91e-13  A_min=0.0003382  max_dA_fwd=-6.575e-06
  [shape] epoch  10250  rmse=0.001836  max_abs_dA=0.003433  int_signed_dA=3.187e-13  int_abs_dA=3.243e-13  A_min=0.0001612  max_dA_fwd=-6.645e-06
  [shape] epoch  10500  rmse=0.001686  max_abs_dA=0.003184  int_signed_dA=2.696e-13  int_abs_dA=3.006e-13  A_min=-8.076e-05  max_dA_fwd=-6.697e-06
  [shape] epoch  10750  rmse=0.001643  max_abs_dA=0.003088  int_signed_dA=2.706e-13  int_abs_dA=2.895e-13  A_min=2.415e-05  max_dA_fwd=-6.618e-06
  [shape] epoch  11000  rmse=0.001606  max_abs_dA=0.00296  int_signed_dA=2.814e-13  int_abs_dA=2.874e-13  A_min=0.0001561  max_dA_fwd=-6.535e-06
  [shape] epoch  11250  rmse=0.00158  max_abs_dA=0.002975  int_signed_dA=2.603e-13  int_abs_dA=2.763e-13  A_min=4.987e-05  max_dA_fwd=-6.479e-06
  [shape] epoch  11500  rmse=0.001441  max_abs_dA=0.002662  int_signed_dA=2.508e-13  int_abs_dA=2.555e-13  A_min=0.0001963  max_dA_fwd=-6.322e-06
  [shape] epoch  11750  rmse=0.001504  max_abs_dA=0.002751  int_signed_dA=2.696e-13  int_abs_dA=2.703e-13  A_min=0.0002776  max_dA_fwd=-6.312e-06
  [shape] epoch  12000  rmse=0.001477  max_abs_dA=0.002694  int_signed_dA=2.665e-13  int_abs_dA=2.665e-13  A_min=0.0003223  max_dA_fwd=-6.212e-06
  [shape] epoch  12250  rmse=0.001467  max_abs_dA=0.002693  int_signed_dA=2.622e-13  int_abs_dA=2.623e-13  A_min=0.0003123  max_dA_fwd=-6.153e-06
  [shape] epoch  12500  rmse=0.001447  max_abs_dA=0.002591  int_signed_dA=2.711e-13  int_abs_dA=2.711e-13  A_min=0.0004507  max_dA_fwd=-6.065e-06
  [shape] epoch  12750  rmse=0.001342  max_abs_dA=0.00247  int_signed_dA=2.365e-13  int_abs_dA=2.371e-13  A_min=0.0002976  max_dA_fwd=-6.003e-06
  [shape] epoch  13000  rmse=0.001157  max_abs_dA=0.002194  int_signed_dA=1.845e-13  int_abs_dA=1.97e-13  A_min=0.000152  max_dA_fwd=-5.931e-06
  [shape] epoch  13250  rmse=0.001455  max_abs_dA=0.002642  int_signed_dA=2.693e-13  int_abs_dA=2.693e-13  A_min=0.0004869  max_dA_fwd=-5.802e-06
  [shape] epoch  13500  rmse=0.001339  max_abs_dA=0.00244  int_signed_dA=2.44e-13  int_abs_dA=2.44e-13  A_min=0.0004404  max_dA_fwd=-5.782e-06
  [shape] epoch  13750  rmse=0.001175  max_abs_dA=0.002128  int_signed_dA=2.166e-13  int_abs_dA=2.166e-13  A_min=0.0004982  max_dA_fwd=-5.631e-06
  [shape] epoch  14000  rmse=0.001292  max_abs_dA=0.00238  int_signed_dA=2.294e-13  int_abs_dA=2.32e-13  A_min=0.0004538  max_dA_fwd=-5.645e-06
  [shape] epoch  14250  rmse=0.001342  max_abs_dA=0.002398  int_signed_dA=2.554e-13  int_abs_dA=2.554e-13  A_min=0.000605  max_dA_fwd=-5.564e-06
  [shape] epoch  14500  rmse=0.001199  max_abs_dA=0.002156  int_signed_dA=2.25e-13  int_abs_dA=2.25e-13  A_min=0.0005584  max_dA_fwd=-5.532e-06
  [shape] epoch  14750  rmse=0.001365  max_abs_dA=0.002485  int_signed_dA=2.534e-13  int_abs_dA=2.534e-13  A_min=0.0005519  max_dA_fwd=-5.481e-06
  [shape] epoch  15000  rmse=0.001386  max_abs_dA=0.002369  int_signed_dA=2.797e-13  int_abs_dA=2.797e-13  A_min=0.0008622  max_dA_fwd=-5.371e-06
  [shape] epoch  15250  rmse=0.001123  max_abs_dA=0.002028  int_signed_dA=2.095e-13  int_abs_dA=2.095e-13  A_min=0.000562  max_dA_fwd=-5.355e-06
  [shape] epoch  15500  rmse=0.001435  max_abs_dA=0.002551  int_signed_dA=2.753e-13  int_abs_dA=2.759e-13  A_min=0.0007225  max_dA_fwd=-5.368e-06
  [shape] epoch  15750  rmse=0.001186  max_abs_dA=0.002115  int_signed_dA=2.257e-13  int_abs_dA=2.257e-13  A_min=0.0006546  max_dA_fwd=-5.342e-06
  [shape] epoch  16000  rmse=0.001202  max_abs_dA=0.002141  int_signed_dA=2.307e-13  int_abs_dA=2.307e-13  A_min=0.0006845  max_dA_fwd=-5.296e-06
  [shape] epoch  16250  rmse=0.001189  max_abs_dA=0.002097  int_signed_dA=2.307e-13  int_abs_dA=2.307e-13  A_min=0.0007283  max_dA_fwd=-5.233e-06
  [shape] epoch  16500  rmse=0.001155  max_abs_dA=0.00208  int_signed_dA=2.142e-13  int_abs_dA=2.155e-13  A_min=0.0006231  max_dA_fwd=-5.252e-06
  [shape] epoch  16750  rmse=0.001194  max_abs_dA=0.002106  int_signed_dA=2.299e-13  int_abs_dA=2.302e-13  A_min=0.0007162  max_dA_fwd=-5.205e-06
  [shape] epoch  17000  rmse=0.001261  max_abs_dA=0.002083  int_signed_dA=2.641e-13  int_abs_dA=2.641e-13  A_min=0.0009841  max_dA_fwd=-5.145e-06
  [shape] epoch  17250  rmse=0.001124  max_abs_dA=0.002019  int_signed_dA=2.071e-13  int_abs_dA=2.081e-13  A_min=0.0006013  max_dA_fwd=-5.221e-06
  [shape] epoch  17500  rmse=0.001211  max_abs_dA=0.00208  int_signed_dA=2.408e-13  int_abs_dA=2.408e-13  A_min=0.0008032  max_dA_fwd=-5.157e-06
  [shape] epoch  17750  rmse=0.001148  max_abs_dA=0.001984  int_signed_dA=2.29e-13  int_abs_dA=2.29e-13  A_min=0.0008163  max_dA_fwd=-5.154e-06
  [shape] epoch  18000  rmse=0.001028  max_abs_dA=0.001851  int_signed_dA=1.897e-13  int_abs_dA=1.898e-13  A_min=0.0005815  max_dA_fwd=-5.149e-06
  [shape] epoch  18250  rmse=0.001104  max_abs_dA=0.001898  int_signed_dA=2.229e-13  int_abs_dA=2.229e-13  A_min=0.0008716  max_dA_fwd=-5.104e-06
  [shape] epoch  18500  rmse=0.001014  max_abs_dA=0.00178  int_signed_dA=2e-13  int_abs_dA=2e-13  A_min=0.0007511  max_dA_fwd=-5.115e-06
  [shape] epoch  18750  rmse=0.000771  max_abs_dA=0.001453  int_signed_dA=1.369e-13  int_abs_dA=1.38e-13  A_min=0.000517  max_dA_fwd=-5.091e-06
  [shape] epoch  19000  rmse=0.0009861  max_abs_dA=0.001775  int_signed_dA=1.802e-13  int_abs_dA=1.84e-13  A_min=0.0006202  max_dA_fwd=-5.15e-06
  [shape] epoch  19250  rmse=0.001008  max_abs_dA=0.001756  int_signed_dA=2.008e-13  int_abs_dA=2.008e-13  A_min=0.0008133  max_dA_fwd=-5.033e-06
  [shape] epoch  19500  rmse=0.001024  max_abs_dA=0.001833  int_signed_dA=1.898e-13  int_abs_dA=1.901e-13  A_min=0.0006352  max_dA_fwd=-5.106e-06
  [shape] epoch  19750  rmse=0.001061  max_abs_dA=0.001866  int_signed_dA=2.049e-13  int_abs_dA=2.049e-13  A_min=0.0007322  max_dA_fwd=-5.085e-06
  [shape] epoch  20000  rmse=0.0009669  max_abs_dA=0.001761  int_signed_dA=1.662e-13  int_abs_dA=1.727e-13  A_min=0.0005038  max_dA_fwd=-5.167e-06
  [shape] epoch  20250  rmse=0.0009821  max_abs_dA=0.001717  int_signed_dA=1.95e-13  int_abs_dA=1.95e-13  A_min=0.0007823  max_dA_fwd=-5.057e-06
  [shape] epoch  20500  rmse=0.001105  max_abs_dA=0.001884  int_signed_dA=2.227e-13  int_abs_dA=2.227e-13  A_min=0.000861  max_dA_fwd=-5.073e-06
  [shape] epoch  20750  rmse=0.0009605  max_abs_dA=0.001694  int_signed_dA=1.887e-13  int_abs_dA=1.887e-13  A_min=0.0007432  max_dA_fwd=-5.105e-06
  [shape] epoch  21000  rmse=0.000968  max_abs_dA=0.001718  int_signed_dA=1.837e-13  int_abs_dA=1.837e-13  A_min=0.0006461  max_dA_fwd=-5.083e-06
  [shape] epoch  21250  rmse=0.00101  max_abs_dA=0.001754  int_signed_dA=2.006e-13  int_abs_dA=2.006e-13  A_min=0.0007952  max_dA_fwd=-5.066e-06
  [shape] epoch  21500  rmse=0.001092  max_abs_dA=0.001892  int_signed_dA=2.064e-13  int_abs_dA=2.132e-13  A_min=0.0007422  max_dA_fwd=-5.111e-06
  [shape] epoch  21750  rmse=0.001081  max_abs_dA=0.001848  int_signed_dA=2.125e-13  int_abs_dA=2.168e-13  A_min=0.0008397  max_dA_fwd=-5.078e-06
  [shape] epoch  22000  rmse=0.001015  max_abs_dA=0.001729  int_signed_dA=2.095e-13  int_abs_dA=2.095e-13  A_min=0.0009135  max_dA_fwd=-5.058e-06
  [shape] epoch  22250  rmse=0.0009541  max_abs_dA=0.001681  int_signed_dA=1.883e-13  int_abs_dA=1.883e-13  A_min=0.0007543  max_dA_fwd=-5.1e-06
  [shape] epoch  22500  rmse=0.0009573  max_abs_dA=0.001687  int_signed_dA=1.882e-13  int_abs_dA=1.882e-13  A_min=0.00073  max_dA_fwd=-5.084e-06
  [shape] epoch  22750  rmse=0.0008899  max_abs_dA=0.001554  int_signed_dA=1.826e-13  int_abs_dA=1.826e-13  A_min=0.0008534  max_dA_fwd=-5.076e-06
  [shape] epoch  23000  rmse=0.0009805  max_abs_dA=0.001704  int_signed_dA=1.986e-13  int_abs_dA=1.986e-13  A_min=0.0008455  max_dA_fwd=-5.072e-06
  [shape] epoch  23250  rmse=0.0008584  max_abs_dA=0.001569  int_signed_dA=1.598e-13  int_abs_dA=1.604e-13  A_min=0.000608  max_dA_fwd=-5.135e-06
  [shape] epoch  23500  rmse=0.0009881  max_abs_dA=0.001729  int_signed_dA=1.945e-13  int_abs_dA=1.946e-13  A_min=0.0007563  max_dA_fwd=-5.117e-06
  [shape] epoch  23750  rmse=0.001141  max_abs_dA=0.001899  int_signed_dA=2.383e-13  int_abs_dA=2.383e-13  A_min=0.001011  max_dA_fwd=-5.079e-06
  [shape] epoch  24000  rmse=0.00103  max_abs_dA=0.001757  int_signed_dA=2.127e-13  int_abs_dA=2.127e-13  A_min=0.0009182  max_dA_fwd=-5.096e-06
  [shape] epoch  24250  rmse=0.001056  max_abs_dA=0.001753  int_signed_dA=2.245e-13  int_abs_dA=2.245e-13  A_min=0.00105  max_dA_fwd=-5.08e-06
  [shape] epoch  24500  rmse=0.0009587  max_abs_dA=0.001666  int_signed_dA=1.967e-13  int_abs_dA=1.967e-13  A_min=0.0008682  max_dA_fwd=-5.099e-06
  [shape] epoch  24750  rmse=0.0008834  max_abs_dA=0.001591  int_signed_dA=1.741e-13  int_abs_dA=1.741e-13  A_min=0.0007278  max_dA_fwd=-5.15e-06
  [shape] epoch  25000  rmse=0.0008449  max_abs_dA=0.00155  int_signed_dA=1.594e-13  int_abs_dA=1.602e-13  A_min=0.0006354  max_dA_fwd=-5.158e-06
  [shape] epoch  25250  rmse=0.001109  max_abs_dA=0.00186  int_signed_dA=2.307e-13  int_abs_dA=2.307e-13  A_min=0.0009564  max_dA_fwd=-5.144e-06
  [shape] epoch  25500  rmse=0.001178  max_abs_dA=0.001883  int_signed_dA=2.565e-13  int_abs_dA=2.565e-13  A_min=0.001208  max_dA_fwd=-5.111e-06
  [shape] epoch  25750  rmse=0.0009473  max_abs_dA=0.001678  int_signed_dA=1.903e-13  int_abs_dA=1.903e-13  A_min=0.0007881  max_dA_fwd=-5.167e-06
  [shape] epoch  26000  rmse=0.0009155  max_abs_dA=0.001635  int_signed_dA=1.834e-13  int_abs_dA=1.834e-13  A_min=0.0007601  max_dA_fwd=-5.201e-06
  [shape] epoch  26250  rmse=0.0009694  max_abs_dA=0.001692  int_signed_dA=1.967e-13  int_abs_dA=1.967e-13  A_min=0.0008284  max_dA_fwd=-5.188e-06
  [shape] epoch  26500  rmse=0.000966  max_abs_dA=0.001703  int_signed_dA=1.946e-13  int_abs_dA=1.946e-13  A_min=0.0007976  max_dA_fwd=-5.217e-06
  [shape] epoch  26750  rmse=0.0009048  max_abs_dA=0.00163  int_signed_dA=1.795e-13  int_abs_dA=1.795e-13  A_min=0.0007417  max_dA_fwd=-5.242e-06
  [shape] epoch  27000  rmse=0.0009241  max_abs_dA=0.001645  int_signed_dA=1.865e-13  int_abs_dA=1.865e-13  A_min=0.0007881  max_dA_fwd=-5.228e-06
  [shape] epoch  27250  rmse=0.0009035  max_abs_dA=0.00163  int_signed_dA=1.803e-13  int_abs_dA=1.803e-13  A_min=0.0007538  max_dA_fwd=-5.277e-06
  [shape] epoch  27500  rmse=0.00107  max_abs_dA=0.001816  int_signed_dA=2.255e-13  int_abs_dA=2.255e-13  A_min=0.0009741  max_dA_fwd=-5.252e-06
  [shape] epoch  27750  rmse=0.0009986  max_abs_dA=0.001759  int_signed_dA=2.018e-13  int_abs_dA=2.018e-13  A_min=0.0007875  max_dA_fwd=-5.31e-06
  [shape] epoch  28000  rmse=0.0009406  max_abs_dA=0.001678  int_signed_dA=1.891e-13  int_abs_dA=1.891e-13  A_min=0.0007729  max_dA_fwd=-5.307e-06
  [shape] epoch  28250  rmse=0.001018  max_abs_dA=0.001781  int_signed_dA=2.053e-13  int_abs_dA=2.053e-13  A_min=0.0007816  max_dA_fwd=-5.322e-06
  [shape] epoch  28500  rmse=0.0009368  max_abs_dA=0.00168  int_signed_dA=1.88e-13  int_abs_dA=1.88e-13  A_min=0.0007502  max_dA_fwd=-5.304e-06
  [shape] epoch  28750  rmse=0.0009293  max_abs_dA=0.001677  int_signed_dA=1.861e-13  int_abs_dA=1.861e-13  A_min=0.0007499  max_dA_fwd=-5.344e-06
  [shape] epoch  29000  rmse=0.0009761  max_abs_dA=0.001737  int_signed_dA=1.974e-13  int_abs_dA=1.974e-13  A_min=0.0007811  max_dA_fwd=-5.351e-06
  [shape] epoch  29250  rmse=0.0008894  max_abs_dA=0.001629  int_signed_dA=1.749e-13  int_abs_dA=1.749e-13  A_min=0.0006788  max_dA_fwd=-5.365e-06
  [shape] epoch  29500  rmse=0.001096  max_abs_dA=0.001858  int_signed_dA=2.322e-13  int_abs_dA=2.322e-13  A_min=0.001003  max_dA_fwd=-5.352e-06
  [shape] epoch  29750  rmse=0.0008732  max_abs_dA=0.001608  int_signed_dA=1.735e-13  int_abs_dA=1.735e-13  A_min=0.0006896  max_dA_fwd=-5.39e-06
  [shape] epoch  30000  rmse=0.0008737  max_abs_dA=0.001622  int_signed_dA=1.7e-13  int_abs_dA=1.7e-13  A_min=0.0006455  max_dA_fwd=-5.417e-06
  [shape] epoch  30250  rmse=0.0009812  max_abs_dA=0.00176  int_signed_dA=1.955e-13  int_abs_dA=1.958e-13  A_min=0.0007343  max_dA_fwd=-5.419e-06
  [shape] epoch  30500  rmse=0.0009383  max_abs_dA=0.001717  int_signed_dA=1.834e-13  int_abs_dA=1.834e-13  A_min=0.0006598  max_dA_fwd=-5.44e-06
  [shape] epoch  30750  rmse=0.0009211  max_abs_dA=0.001694  int_signed_dA=1.805e-13  int_abs_dA=1.805e-13  A_min=0.0006657  max_dA_fwd=-5.445e-06
  [shape] epoch  31000  rmse=0.0009986  max_abs_dA=0.001762  int_signed_dA=2.064e-13  int_abs_dA=2.064e-13  A_min=0.0008562  max_dA_fwd=-5.428e-06
  [shape] epoch  31250  rmse=0.0009658  max_abs_dA=0.001746  int_signed_dA=1.942e-13  int_abs_dA=1.942e-13  A_min=0.0007577  max_dA_fwd=-5.454e-06
  [shape] epoch  31500  rmse=0.0009077  max_abs_dA=0.00168  int_signed_dA=1.784e-13  int_abs_dA=1.784e-13  A_min=0.0006833  max_dA_fwd=-5.472e-06
  [shape] epoch  31750  rmse=0.001047  max_abs_dA=0.001843  int_signed_dA=2.164e-13  int_abs_dA=2.164e-13  A_min=0.0008656  max_dA_fwd=-5.461e-06
  [shape] epoch  32000  rmse=0.001008  max_abs_dA=0.001802  int_signed_dA=2.045e-13  int_abs_dA=2.045e-13  A_min=0.0007892  max_dA_fwd=-5.478e-06
  [shape] epoch  32250  rmse=0.0009488  max_abs_dA=0.001746  int_signed_dA=1.874e-13  int_abs_dA=1.874e-13  A_min=0.0006878  max_dA_fwd=-5.511e-06
  [shape] epoch  32500  rmse=0.001066  max_abs_dA=0.001875  int_signed_dA=2.205e-13  int_abs_dA=2.205e-13  A_min=0.0008777  max_dA_fwd=-5.495e-06
  [shape] epoch  32750  rmse=0.0009496  max_abs_dA=0.001749  int_signed_dA=1.875e-13  int_abs_dA=1.875e-13  A_min=0.0006917  max_dA_fwd=-5.525e-06
  [shape] epoch  33000  rmse=0.0009472  max_abs_dA=0.001752  int_signed_dA=1.858e-13  int_abs_dA=1.858e-13  A_min=0.0006654  max_dA_fwd=-5.531e-06
  [shape] epoch  33250  rmse=0.001067  max_abs_dA=0.001884  int_signed_dA=2.199e-13  int_abs_dA=2.199e-13  A_min=0.0008752  max_dA_fwd=-5.517e-06
  [shape] epoch  33500  rmse=0.0009191  max_abs_dA=0.001717  int_signed_dA=1.796e-13  int_abs_dA=1.796e-13  A_min=0.0006518  max_dA_fwd=-5.549e-06
  [shape] epoch  33750  rmse=0.0009556  max_abs_dA=0.001775  int_signed_dA=1.861e-13  int_abs_dA=1.861e-13  A_min=0.0006657  max_dA_fwd=-5.549e-06
  [shape] epoch  34000  rmse=0.0009598  max_abs_dA=0.001772  int_signed_dA=1.893e-13  int_abs_dA=1.893e-13  A_min=0.0006999  max_dA_fwd=-5.553e-06
  [shape] epoch  34250  rmse=0.00102  max_abs_dA=0.001846  int_signed_dA=2.047e-13  int_abs_dA=2.047e-13  A_min=0.000774  max_dA_fwd=-5.544e-06
  [shape] epoch  34500  rmse=0.0009861  max_abs_dA=0.00181  int_signed_dA=1.955e-13  int_abs_dA=1.955e-13  A_min=0.0007047  max_dA_fwd=-5.559e-06
  [shape] epoch  34750  rmse=0.0009535  max_abs_dA=0.001768  int_signed_dA=1.878e-13  int_abs_dA=1.878e-13  A_min=0.0007074  max_dA_fwd=-5.572e-06
  [shape] epoch  35000  rmse=0.0009498  max_abs_dA=0.001762  int_signed_dA=1.869e-13  int_abs_dA=1.869e-13  A_min=0.0006943  max_dA_fwd=-5.547e-06
  [shape] epoch  35250  rmse=0.0009778  max_abs_dA=0.001806  int_signed_dA=1.934e-13  int_abs_dA=1.934e-13  A_min=0.0006934  max_dA_fwd=-5.582e-06
  [shape] epoch  35500  rmse=0.0009377  max_abs_dA=0.001761  int_signed_dA=1.815e-13  int_abs_dA=1.815e-13  A_min=0.0006399  max_dA_fwd=-5.579e-06
  [shape] epoch  35750  rmse=0.001029  max_abs_dA=0.001867  int_signed_dA=2.067e-13  int_abs_dA=2.067e-13  A_min=0.0007767  max_dA_fwd=-5.57e-06
  [shape] epoch  36000  rmse=0.0009511  max_abs_dA=0.001775  int_signed_dA=1.862e-13  int_abs_dA=1.862e-13  A_min=0.000675  max_dA_fwd=-5.593e-06
  [shape] epoch  36250  rmse=0.0009762  max_abs_dA=0.001806  int_signed_dA=1.933e-13  int_abs_dA=1.933e-13  A_min=0.0007069  max_dA_fwd=-5.594e-06
  [shape] epoch  36500  rmse=0.0008874  max_abs_dA=0.001704  int_signed_dA=1.674e-13  int_abs_dA=1.675e-13  A_min=0.0005766  max_dA_fwd=-5.616e-06
  [shape] epoch  36750  rmse=0.0009308  max_abs_dA=0.001755  int_signed_dA=1.8e-13  int_abs_dA=1.8e-13  A_min=0.0006391  max_dA_fwd=-5.607e-06
  [shape] epoch  37000  rmse=0.0009559  max_abs_dA=0.001788  int_signed_dA=1.87e-13  int_abs_dA=1.87e-13  A_min=0.0006665  max_dA_fwd=-5.615e-06
  [shape] epoch  37250  rmse=0.0009532  max_abs_dA=0.001779  int_signed_dA=1.866e-13  int_abs_dA=1.866e-13  A_min=0.000701  max_dA_fwd=-5.606e-06
  [shape] epoch  37500  rmse=0.0009217  max_abs_dA=0.001749  int_signed_dA=1.769e-13  int_abs_dA=1.769e-13  A_min=0.0006208  max_dA_fwd=-5.626e-06
  [shape] epoch  37750  rmse=0.0009403  max_abs_dA=0.001778  int_signed_dA=1.806e-13  int_abs_dA=1.806e-13  A_min=0.000622  max_dA_fwd=-5.631e-06
  [shape] epoch  38000  rmse=0.0009524  max_abs_dA=0.001786  int_signed_dA=1.863e-13  int_abs_dA=1.863e-13  A_min=0.0006758  max_dA_fwd=-5.626e-06
  [shape] epoch  38250  rmse=0.001015  max_abs_dA=0.001861  int_signed_dA=2.027e-13  int_abs_dA=2.027e-13  A_min=0.0007576  max_dA_fwd=-5.611e-06
  [shape] epoch  38500  rmse=0.0009807  max_abs_dA=0.00182  int_signed_dA=1.933e-13  int_abs_dA=1.933e-13  A_min=0.0007202  max_dA_fwd=-5.629e-06
  [shape] epoch  38750  rmse=0.0009528  max_abs_dA=0.001794  int_signed_dA=1.847e-13  int_abs_dA=1.847e-13  A_min=0.0006489  max_dA_fwd=-5.642e-06
  [shape] epoch  39000  rmse=0.0009641  max_abs_dA=0.001807  int_signed_dA=1.871e-13  int_abs_dA=1.872e-13  A_min=0.0006676  max_dA_fwd=-5.639e-06
  [shape] epoch  39250  rmse=0.0009491  max_abs_dA=0.001784  int_signed_dA=1.853e-13  int_abs_dA=1.853e-13  A_min=0.000683  max_dA_fwd=-5.639e-06
  [shape] epoch  39500  rmse=0.0009103  max_abs_dA=0.001746  int_signed_dA=1.714e-13  int_abs_dA=1.719e-13  A_min=0.0005924  max_dA_fwd=-5.659e-06
  [shape] epoch  39750  rmse=0.001002  max_abs_dA=0.001851  int_signed_dA=1.984e-13  int_abs_dA=1.984e-13  A_min=0.0007411  max_dA_fwd=-5.642e-06
  [shape] epoch  40000  rmse=0.0009366  max_abs_dA=0.001774  int_signed_dA=1.806e-13  int_abs_dA=1.806e-13  A_min=0.0006509  max_dA_fwd=-5.661e-06
  [shape] epoch  40250  rmse=0.00095  max_abs_dA=0.001795  int_signed_dA=1.836e-13  int_abs_dA=1.836e-13  A_min=0.0006456  max_dA_fwd=-5.662e-06
  [shape] epoch  40500  rmse=0.0009356  max_abs_dA=0.001773  int_signed_dA=1.805e-13  int_abs_dA=1.805e-13  A_min=0.0006535  max_dA_fwd=-5.663e-06
  [shape] epoch  40750  rmse=0.0009427  max_abs_dA=0.001784  int_signed_dA=1.824e-13  int_abs_dA=1.824e-13  A_min=0.0006563  max_dA_fwd=-5.666e-06
  [shape] epoch  41000  rmse=0.0009666  max_abs_dA=0.001811  int_signed_dA=1.89e-13  int_abs_dA=1.89e-13  A_min=0.0006945  max_dA_fwd=-5.664e-06
  [shape] epoch  41250  rmse=0.0009552  max_abs_dA=0.001801  int_signed_dA=1.853e-13  int_abs_dA=1.853e-13  A_min=0.0006729  max_dA_fwd=-5.671e-06
  [shape] epoch  41500  rmse=0.0009389  max_abs_dA=0.001787  int_signed_dA=1.799e-13  int_abs_dA=1.799e-13  A_min=0.0006242  max_dA_fwd=-5.683e-06
  [shape] epoch  41750  rmse=0.000939  max_abs_dA=0.001784  int_signed_dA=1.811e-13  int_abs_dA=1.811e-13  A_min=0.0006418  max_dA_fwd=-5.682e-06
  [shape] epoch  42000  rmse=0.0009609  max_abs_dA=0.001811  int_signed_dA=1.869e-13  int_abs_dA=1.869e-13  A_min=0.000674  max_dA_fwd=-5.682e-06
  [shape] epoch  42250  rmse=0.0009389  max_abs_dA=0.001785  int_signed_dA=1.805e-13  int_abs_dA=1.805e-13  A_min=0.0006392  max_dA_fwd=-5.684e-06
  [shape] epoch  42500  rmse=0.0009548  max_abs_dA=0.001806  int_signed_dA=1.845e-13  int_abs_dA=1.845e-13  A_min=0.0006625  max_dA_fwd=-5.688e-06
  [shape] epoch  42750  rmse=0.0009616  max_abs_dA=0.001813  int_signed_dA=1.868e-13  int_abs_dA=1.868e-13  A_min=0.0006736  max_dA_fwd=-5.691e-06
  [shape] epoch  43000  rmse=0.0009618  max_abs_dA=0.001811  int_signed_dA=1.873e-13  int_abs_dA=1.873e-13  A_min=0.0006876  max_dA_fwd=-5.692e-06
  [shape] epoch  43250  rmse=0.0009578  max_abs_dA=0.00181  int_signed_dA=1.849e-13  int_abs_dA=1.849e-13  A_min=0.0006677  max_dA_fwd=-5.691e-06
  [shape] epoch  43500  rmse=0.0009411  max_abs_dA=0.001791  int_signed_dA=1.807e-13  int_abs_dA=1.807e-13  A_min=0.0006441  max_dA_fwd=-5.704e-06
  [shape] epoch  43750  rmse=0.000965  max_abs_dA=0.001819  int_signed_dA=1.874e-13  int_abs_dA=1.874e-13  A_min=0.0006788  max_dA_fwd=-5.701e-06
  [shape] epoch  44000  rmse=0.0009629  max_abs_dA=0.001814  int_signed_dA=1.874e-13  int_abs_dA=1.874e-13  A_min=0.0006882  max_dA_fwd=-5.702e-06
  [shape] epoch  44250  rmse=0.0009666  max_abs_dA=0.001821  int_signed_dA=1.876e-13  int_abs_dA=1.876e-13  A_min=0.0006834  max_dA_fwd=-5.705e-06
  [shape] epoch  44500  rmse=0.0009632  max_abs_dA=0.001812  int_signed_dA=1.878e-13  int_abs_dA=1.878e-13  A_min=0.0006974  max_dA_fwd=-5.706e-06
  [shape] epoch  44750  rmse=0.0009531  max_abs_dA=0.001804  int_signed_dA=1.844e-13  int_abs_dA=1.844e-13  A_min=0.0006733  max_dA_fwd=-5.713e-06
  [shape] epoch  45000  rmse=0.0009783  max_abs_dA=0.001839  int_signed_dA=1.903e-13  int_abs_dA=1.903e-13  A_min=0.0006899  max_dA_fwd=-5.712e-06
  [shape] epoch  45250  rmse=0.0009629  max_abs_dA=0.001812  int_signed_dA=1.877e-13  int_abs_dA=1.877e-13  A_min=0.0006966  max_dA_fwd=-5.712e-06
  [shape] epoch  45500  rmse=0.0009598  max_abs_dA=0.00181  int_signed_dA=1.864e-13  int_abs_dA=1.864e-13  A_min=0.0006908  max_dA_fwd=-5.716e-06
  [shape] epoch  45750  rmse=0.0009577  max_abs_dA=0.001812  int_signed_dA=1.851e-13  int_abs_dA=1.851e-13  A_min=0.0006742  max_dA_fwd=-5.723e-06
  [shape] epoch  46000  rmse=0.0009687  max_abs_dA=0.001821  int_signed_dA=1.89e-13  int_abs_dA=1.89e-13  A_min=0.0007027  max_dA_fwd=-5.721e-06
  [shape] epoch  46250  rmse=0.0009385  max_abs_dA=0.001789  int_signed_dA=1.792e-13  int_abs_dA=1.792e-13  A_min=0.0006476  max_dA_fwd=-5.73e-06
  [shape] epoch  46500  rmse=0.0009584  max_abs_dA=0.001811  int_signed_dA=1.857e-13  int_abs_dA=1.857e-13  A_min=0.0006833  max_dA_fwd=-5.73e-06
  [shape] epoch  46750  rmse=0.000954  max_abs_dA=0.001807  int_signed_dA=1.842e-13  int_abs_dA=1.842e-13  A_min=0.0006748  max_dA_fwd=-5.736e-06
  [shape] epoch  47000  rmse=0.0009613  max_abs_dA=0.001812  int_signed_dA=1.869e-13  int_abs_dA=1.869e-13  A_min=0.0006962  max_dA_fwd=-5.735e-06
  [shape] epoch  47250  rmse=0.0009586  max_abs_dA=0.001811  int_signed_dA=1.861e-13  int_abs_dA=1.861e-13  A_min=0.000685  max_dA_fwd=-5.743e-06
  [shape] epoch  47500  rmse=0.0009686  max_abs_dA=0.001822  int_signed_dA=1.885e-13  int_abs_dA=1.885e-13  A_min=0.0007027  max_dA_fwd=-5.738e-06
  [shape] epoch  47750  rmse=0.0009541  max_abs_dA=0.001808  int_signed_dA=1.843e-13  int_abs_dA=1.843e-13  A_min=0.0006749  max_dA_fwd=-5.749e-06
  [shape] epoch  48000  rmse=0.0009564  max_abs_dA=0.00181  int_signed_dA=1.848e-13  int_abs_dA=1.848e-13  A_min=0.000678  max_dA_fwd=-5.749e-06
  [shape] epoch  48250  rmse=0.0009573  max_abs_dA=0.001811  int_signed_dA=1.85e-13  int_abs_dA=1.85e-13  A_min=0.0006822  max_dA_fwd=-5.751e-06
  [shape] epoch  48500  rmse=0.0009591  max_abs_dA=0.001814  int_signed_dA=1.855e-13  int_abs_dA=1.855e-13  A_min=0.0006826  max_dA_fwd=-5.753e-06
  [shape] epoch  48750  rmse=0.0009534  max_abs_dA=0.001811  int_signed_dA=1.833e-13  int_abs_dA=1.833e-13  A_min=0.0006594  max_dA_fwd=-5.759e-06
  [shape] epoch  49000  rmse=0.0009565  max_abs_dA=0.001812  int_signed_dA=1.847e-13  int_abs_dA=1.847e-13  A_min=0.000674  max_dA_fwd=-5.762e-06
  [shape] epoch  49250  rmse=0.000958  max_abs_dA=0.001812  int_signed_dA=1.851e-13  int_abs_dA=1.851e-13  A_min=0.0006837  max_dA_fwd=-5.758e-06
  [shape] epoch  49500  rmse=0.0009398  max_abs_dA=0.001792  int_signed_dA=1.801e-13  int_abs_dA=1.801e-13  A_min=0.0006514  max_dA_fwd=-5.772e-06
  [shape] epoch  49750  rmse=0.0009576  max_abs_dA=0.001811  int_signed_dA=1.853e-13  int_abs_dA=1.853e-13  A_min=0.000686  max_dA_fwd=-5.769e-06
  [shape] epoch  50000  rmse=0.0009584  max_abs_dA=0.001813  int_signed_dA=1.853e-13  int_abs_dA=1.853e-13  A_min=0.0006848  max_dA_fwd=-5.77e-06
  [shape] epoch  50250  rmse=0.0009564  max_abs_dA=0.00181  int_signed_dA=1.847e-13  int_abs_dA=1.847e-13  A_min=0.0006827  max_dA_fwd=-5.773e-06
  [shape] epoch  50500  rmse=0.0009498  max_abs_dA=0.001803  int_signed_dA=1.827e-13  int_abs_dA=1.827e-13  A_min=0.0006693  max_dA_fwd=-5.778e-06
  [shape] epoch  50750  rmse=0.0009541  max_abs_dA=0.001807  int_signed_dA=1.841e-13  int_abs_dA=1.841e-13  A_min=0.0006801  max_dA_fwd=-5.78e-06
  [shape] epoch  51000  rmse=0.0009523  max_abs_dA=0.001805  int_signed_dA=1.836e-13  int_abs_dA=1.836e-13  A_min=0.0006768  max_dA_fwd=-5.783e-06
  [shape] epoch  51250  rmse=0.0009603  max_abs_dA=0.001815  int_signed_dA=1.857e-13  int_abs_dA=1.857e-13  A_min=0.0006894  max_dA_fwd=-5.783e-06
  [shape] epoch  51500  rmse=0.0009431  max_abs_dA=0.001796  int_signed_dA=1.807e-13  int_abs_dA=1.807e-13  A_min=0.0006588  max_dA_fwd=-5.792e-06
  [shape] epoch  51750  rmse=0.0009567  max_abs_dA=0.00181  int_signed_dA=1.847e-13  int_abs_dA=1.847e-13  A_min=0.0006841  max_dA_fwd=-5.792e-06
  [shape] epoch  52000  rmse=0.0009551  max_abs_dA=0.001809  int_signed_dA=1.842e-13  int_abs_dA=1.842e-13  A_min=0.0006813  max_dA_fwd=-5.794e-06
  [shape] epoch  52250  rmse=0.0009526  max_abs_dA=0.001805  int_signed_dA=1.837e-13  int_abs_dA=1.837e-13  A_min=0.0006814  max_dA_fwd=-5.797e-06
  [shape] epoch  52500  rmse=0.0009532  max_abs_dA=0.001805  int_signed_dA=1.836e-13  int_abs_dA=1.836e-13  A_min=0.0006859  max_dA_fwd=-5.797e-06
  [shape] epoch  52750  rmse=0.0009669  max_abs_dA=0.001821  int_signed_dA=1.876e-13  int_abs_dA=1.876e-13  A_min=0.0007044  max_dA_fwd=-5.798e-06
  [shape] epoch  53000  rmse=0.000955  max_abs_dA=0.001808  int_signed_dA=1.843e-13  int_abs_dA=1.843e-13  A_min=0.0006838  max_dA_fwd=-5.806e-06
  [shape] epoch  53250  rmse=0.0009515  max_abs_dA=0.001803  int_signed_dA=1.833e-13  int_abs_dA=1.833e-13  A_min=0.0006816  max_dA_fwd=-5.808e-06
  [shape] epoch  53500  rmse=0.0009438  max_abs_dA=0.001796  int_signed_dA=1.808e-13  int_abs_dA=1.808e-13  A_min=0.0006624  max_dA_fwd=-5.814e-06
  [shape] epoch  53750  rmse=0.0009528  max_abs_dA=0.001805  int_signed_dA=1.836e-13  int_abs_dA=1.836e-13  A_min=0.0006792  max_dA_fwd=-5.816e-06
  [shape] epoch  54000  rmse=0.0009503  max_abs_dA=0.001802  int_signed_dA=1.83e-13  int_abs_dA=1.83e-13  A_min=0.0006785  max_dA_fwd=-5.819e-06
  [shape] epoch  54250  rmse=0.0009541  max_abs_dA=0.001807  int_signed_dA=1.841e-13  int_abs_dA=1.841e-13  A_min=0.0006814  max_dA_fwd=-5.822e-06
  [shape] epoch  54500  rmse=0.000954  max_abs_dA=0.001806  int_signed_dA=1.84e-13  int_abs_dA=1.84e-13  A_min=0.0006827  max_dA_fwd=-5.824e-06
  [shape] epoch  54750  rmse=0.0009545  max_abs_dA=0.001807  int_signed_dA=1.841e-13  int_abs_dA=1.841e-13  A_min=0.0006838  max_dA_fwd=-5.826e-06
  [shape] epoch  55000  rmse=0.0009476  max_abs_dA=0.0018  int_signed_dA=1.818e-13  int_abs_dA=1.818e-13  A_min=0.0006705  max_dA_fwd=-5.83e-06
  [shape] epoch  55250  rmse=0.0009556  max_abs_dA=0.001808  int_signed_dA=1.844e-13  int_abs_dA=1.844e-13  A_min=0.0006859  max_dA_fwd=-5.832e-06
  [shape] epoch  55500  rmse=0.0009545  max_abs_dA=0.001806  int_signed_dA=1.84e-13  int_abs_dA=1.84e-13  A_min=0.000685  max_dA_fwd=-5.835e-06
  [shape] epoch  55750  rmse=0.0009526  max_abs_dA=0.001804  int_signed_dA=1.836e-13  int_abs_dA=1.836e-13  A_min=0.0006816  max_dA_fwd=-5.839e-06
  [shape] epoch  56000  rmse=0.0009546  max_abs_dA=0.001807  int_signed_dA=1.84e-13  int_abs_dA=1.84e-13  A_min=0.0006816  max_dA_fwd=-5.841e-06
  [shape] epoch  56250  rmse=0.0009529  max_abs_dA=0.001804  int_signed_dA=1.836e-13  int_abs_dA=1.836e-13  A_min=0.0006819  max_dA_fwd=-5.844e-06
  [shape] epoch  56500  rmse=0.0009541  max_abs_dA=0.001807  int_signed_dA=1.838e-13  int_abs_dA=1.838e-13  A_min=0.000681  max_dA_fwd=-5.847e-06
  [shape] epoch  56750  rmse=0.000939  max_abs_dA=0.00179  int_signed_dA=1.791e-13  int_abs_dA=1.792e-13  A_min=0.0006545  max_dA_fwd=-5.853e-06
  [shape] epoch  57000  rmse=0.0009553  max_abs_dA=0.001807  int_signed_dA=1.843e-13  int_abs_dA=1.843e-13  A_min=0.0006861  max_dA_fwd=-5.852e-06
  [shape] epoch  57250  rmse=0.000952  max_abs_dA=0.001803  int_signed_dA=1.833e-13  int_abs_dA=1.833e-13  A_min=0.0006796  max_dA_fwd=-5.855e-06
  [shape] epoch  57500  rmse=0.0009581  max_abs_dA=0.00181  int_signed_dA=1.849e-13  int_abs_dA=1.849e-13  A_min=0.0006894  max_dA_fwd=-5.855e-06
  [shape] epoch  57750  rmse=0.0009543  max_abs_dA=0.001806  int_signed_dA=1.839e-13  int_abs_dA=1.839e-13  A_min=0.0006834  max_dA_fwd=-5.86e-06
  [shape] epoch  58000  rmse=0.000955  max_abs_dA=0.001806  int_signed_dA=1.842e-13  int_abs_dA=1.842e-13  A_min=0.0006869  max_dA_fwd=-5.862e-06
  [shape] epoch  58250  rmse=0.0009569  max_abs_dA=0.001808  int_signed_dA=1.85e-13  int_abs_dA=1.85e-13  A_min=0.0006906  max_dA_fwd=-5.866e-06
  [shape] epoch  58500  rmse=0.0009592  max_abs_dA=0.00181  int_signed_dA=1.856e-13  int_abs_dA=1.856e-13  A_min=0.0006947  max_dA_fwd=-5.868e-06
  [shape] epoch  58750  rmse=0.0009551  max_abs_dA=0.001806  int_signed_dA=1.842e-13  int_abs_dA=1.842e-13  A_min=0.0006867  max_dA_fwd=-5.87e-06
  [shape] epoch  59000  rmse=0.0009491  max_abs_dA=0.001798  int_signed_dA=1.826e-13  int_abs_dA=1.826e-13  A_min=0.0006787  max_dA_fwd=-5.875e-06
  [shape] epoch  59250  rmse=0.000956  max_abs_dA=0.001807  int_signed_dA=1.844e-13  int_abs_dA=1.844e-13  A_min=0.0006879  max_dA_fwd=-5.875e-06
  [shape] epoch  59500  rmse=0.0009499  max_abs_dA=0.0018  int_signed_dA=1.827e-13  int_abs_dA=1.827e-13  A_min=0.0006784  max_dA_fwd=-5.88e-06
  [shape] epoch  59750  rmse=0.0009571  max_abs_dA=0.001808  int_signed_dA=1.847e-13  int_abs_dA=1.847e-13  A_min=0.0006894  max_dA_fwd=-5.88e-06
  [shape] epoch  59999  rmse=0.0009538  max_abs_dA=0.001804  int_signed_dA=1.838e-13  int_abs_dA=1.838e-13  A_min=0.0006842  max_dA_fwd=-5.884e-06
[spectral-pn] spn-L0.1-s42: loss 4.495e-03 -> 4.754e-08 (x94552 drop)
[spectral-pn] RMSE=0.0010 max|dA|=0.0018 gamma_eff=2.9859e+10 gamma_ratio=0.9945
[spectral-pn] snapshot=final best_epoch=59999 best_loss=4.754e-08 final_loss=4.754e-08
[spectral-pn-shape] cancel=1.000 int_signed_dA=1.8378e-13 int_abs_dA=1.8378e-13 A_min=6.8421e-04 max_dA_fwd=-5.8836e-06
[spectral-pn] saved: runs/transient/pn_corridor_ladder_60k/ladder_L0.1_1d
