[spectral-pn] case: L=1.5 um, Nk=20, L_max=8, run=20260815_055332
[spectral-pn] window t_end=9.225e-09 s (1379.4 tau_ref), gamma_dom=7.5877e+08 Hz
[spectral-pn] window mode=n_decay rule=n_decay (t_1% at 0.01*A0: nan s; n_dec=7/gamma_dom: 9.2254e-09 s)
  epoch      0  residual 1.158e-01
  epoch    250  residual 3.188e-04
  epoch    500  residual 1.139e-04
  epoch    750  residual 6.870e-05
  epoch   1000  residual 4.378e-05
  epoch   1250  residual 3.147e-05
  epoch   1500  residual 2.141e-05
  epoch   1750  residual 1.635e-05
  epoch   2000  residual 1.602e-05
  epoch   2250  residual 5.973e-05
  epoch   2500  residual 8.949e-06
  epoch   2750  residual 1.102e-05
  epoch   3000  residual 9.685e-06
  epoch   3250  residual 2.255e-05
  epoch   3500  residual 5.013e-06
  epoch   3750  residual 2.606e-05
  epoch   4000  residual 4.033e-06
  epoch   4250  residual 4.330e-06
  epoch   4500  residual 3.289e-06
  epoch   4750  residual 3.789e-06
  epoch   5000  residual 2.780e-06
  epoch   5250  residual 5.325e-06
  epoch   5500  residual 2.881e-06
  epoch   5750  residual 5.809e-06
  epoch   6000  residual 2.016e-06
  epoch   6250  residual 1.890e-06
  epoch   6500  residual 1.808e-06
  epoch   6750  residual 2.326e-06
  epoch   7000  residual 2.489e-06
  epoch   7250  residual 1.503e-06
  epoch   7500  residual 1.184e-05
  epoch   7750  residual 1.468e-06
  epoch   8000  residual 2.808e-06
  epoch   8250  residual 1.213e-06
  epoch   8500  residual 1.937e-06
  epoch   8750  residual 1.171e-06
  epoch   9000  residual 1.162e-06
  epoch   9250  residual 1.174e-06
  epoch   9500  residual 1.162e-06
  epoch   9750  residual 1.110e-06
  epoch  10000  residual 1.044e-06
  epoch  10250  residual 1.020e-06
  epoch  10500  residual 9.285e-07
  epoch  10750  residual 9.363e-07
  epoch  11000  residual 8.000e-07
  epoch  11250  residual 1.403e-06
  epoch  11500  residual 1.020e-06
  epoch  11750  residual 2.668e-06
  epoch  12000  residual 2.020e-06
  epoch  12250  residual 7.928e-07
  epoch  12500  residual 1.564e-06
  epoch  12750  residual 2.390e-06
  epoch  13000  residual 8.825e-07
  epoch  13250  residual 1.535e-06
  epoch  13500  residual 1.637e-06
  epoch  13750  residual 7.743e-07
  epoch  14000  residual 1.961e-06
  epoch  14250  residual 8.061e-07
  epoch  14500  residual 1.804e-06
  epoch  14750  residual 1.102e-06
  epoch  15000  residual 1.445e-06
  epoch  15250  residual 1.060e-06
  epoch  15500  residual 1.443e-06
  epoch  15750  residual 5.363e-07
  epoch  16000  residual 4.534e-07
  epoch  16250  residual 1.862e-06
  epoch  16500  residual 5.820e-07
  epoch  16750  residual 3.650e-07
  epoch  17000  residual 3.772e-07
  epoch  17250  residual 2.157e-06
  epoch  17500  residual 2.946e-06
  epoch  17750  residual 7.292e-07
  epoch  18000  residual 1.385e-06
  epoch  18250  residual 4.112e-07
  epoch  18500  residual 2.935e-07
  epoch  18750  residual 2.704e-07
  epoch  19000  residual 1.007e-06
  epoch  19250  residual 4.050e-06
  epoch  19500  residual 3.333e-07
  epoch  19750  residual 2.745e-07
  epoch  20000  residual 3.243e-07
  epoch  20250  residual 5.051e-07
  epoch  20500  residual 1.360e-06
  epoch  20750  residual 3.825e-07
  epoch  21000  residual 1.546e-06
  epoch  21250  residual 4.035e-07
  epoch  21500  residual 5.205e-07
  epoch  21750  residual 2.997e-07
  epoch  22000  residual 9.663e-07
  epoch  22250  residual 2.235e-07
  epoch  22500  residual 1.954e-07
  epoch  22750  residual 1.946e-07
  epoch  23000  residual 1.071e-06
  epoch  23250  residual 2.184e-07
  epoch  23500  residual 2.266e-07
  epoch  23750  residual 3.760e-07
  epoch  24000  residual 3.410e-07
  epoch  24250  residual 3.257e-07
  epoch  24500  residual 1.672e-07
  epoch  24750  residual 8.522e-07
  epoch  25000  residual 5.906e-07
  epoch  25250  residual 4.973e-07
  epoch  25500  residual 5.172e-07
  epoch  25750  residual 2.210e-07
  epoch  26000  residual 7.142e-07
  epoch  26250  residual 1.570e-07
  epoch  26500  residual 8.107e-07
  epoch  26750  residual 9.728e-07
  epoch  27000  residual 2.268e-06
  epoch  27250  residual 8.080e-07
  epoch  27500  residual 1.792e-07
  epoch  27750  residual 4.209e-07
  epoch  28000  residual 7.084e-07
  epoch  28250  residual 1.970e-07
  epoch  28500  residual 1.148e-06
  epoch  28750  residual 2.066e-07
  epoch  29000  residual 1.104e-06
  epoch  29250  residual 4.876e-07
  epoch  29500  residual 4.379e-07
  epoch  29750  residual 1.326e-07
  epoch  30000  residual 4.782e-07
  epoch  30250  residual 1.573e-07
  epoch  30500  residual 1.356e-06
  epoch  30750  residual 1.194e-07
  epoch  31000  residual 1.718e-07
  epoch  31250  residual 1.315e-07
  epoch  31500  residual 4.590e-07
  epoch  31750  residual 1.767e-07
  epoch  32000  residual 1.293e-07
  epoch  32250  residual 2.226e-07
  epoch  32500  residual 3.069e-07
  epoch  32750  residual 1.300e-07
  epoch  33000  residual 1.258e-07
  epoch  33250  residual 1.034e-07
  epoch  33500  residual 1.247e-07
  epoch  33750  residual 1.032e-07
  epoch  34000  residual 1.592e-07
  epoch  34250  residual 1.615e-07
  epoch  34500  residual 1.967e-07
  epoch  34750  residual 2.716e-07
  epoch  35000  residual 5.487e-07
  epoch  35250  residual 1.554e-07
  epoch  35500  residual 1.022e-07
  epoch  35750  residual 1.007e-07
  epoch  36000  residual 1.010e-07
  epoch  36250  residual 3.151e-07
  epoch  36500  residual 3.637e-07
  epoch  36750  residual 2.672e-07
  epoch  37000  residual 5.700e-07
  epoch  37250  residual 3.358e-07
  epoch  37500  residual 9.924e-08
  epoch  37750  residual 2.156e-07
  epoch  38000  residual 2.224e-07
  epoch  38250  residual 2.702e-07
  epoch  38500  residual 1.084e-07
  epoch  38750  residual 8.514e-08
  epoch  39000  residual 1.926e-07
  epoch  39250  residual 1.414e-07
  epoch  39500  residual 9.004e-08
  epoch  39750  residual 1.576e-07
  epoch  40000  residual 1.160e-07
  epoch  40250  residual 9.687e-08
  epoch  40500  residual 8.902e-08
  epoch  40750  residual 9.820e-08
  epoch  41000  residual 8.092e-08
  epoch  41250  residual 8.393e-08
  epoch  41500  residual 1.079e-07
  epoch  41750  residual 1.151e-07
  epoch  42000  residual 1.212e-07
  epoch  42250  residual 9.758e-08
  epoch  42500  residual 9.181e-08
  epoch  42750  residual 7.981e-08
  epoch  43000  residual 1.290e-07
  epoch  43250  residual 7.968e-08
  epoch  43500  residual 2.075e-07
  epoch  43750  residual 7.482e-08
  epoch  44000  residual 1.210e-07
  epoch  44250  residual 8.172e-08
  epoch  44500  residual 1.827e-07
  epoch  44750  residual 7.513e-08
  epoch  45000  residual 7.985e-08
  epoch  45250  residual 9.704e-08
  epoch  45500  residual 8.460e-08
  epoch  45750  residual 7.280e-08
  epoch  46000  residual 7.124e-08
  epoch  46250  residual 7.176e-08
  epoch  46500  residual 8.403e-08
  epoch  46750  residual 1.647e-07
  epoch  47000  residual 1.183e-07
  epoch  47250  residual 7.191e-08
  epoch  47500  residual 1.147e-07
  epoch  47750  residual 9.884e-08
  epoch  48000  residual 7.432e-08
  epoch  48250  residual 7.046e-08
  epoch  48500  residual 7.752e-08
  epoch  48750  residual 7.008e-08
  epoch  49000  residual 7.279e-08
  epoch  49250  residual 6.710e-08
  epoch  49500  residual 6.499e-08
  epoch  49750  residual 1.099e-07
  epoch  50000  residual 7.249e-08
  epoch  50250  residual 6.397e-08
  epoch  50500  residual 7.545e-08
  epoch  50750  residual 6.484e-08
  epoch  51000  residual 6.562e-08
  epoch  51250  residual 9.108e-08
  epoch  51500  residual 7.423e-08
  epoch  51750  residual 7.360e-08
  epoch  52000  residual 6.178e-08
  epoch  52250  residual 6.968e-08
  epoch  52500  residual 6.361e-08
  epoch  52750  residual 6.200e-08
  epoch  53000  residual 7.601e-08
  epoch  53250  residual 6.101e-08
  epoch  53500  residual 6.045e-08
  epoch  53750  residual 5.966e-08
  epoch  54000  residual 5.997e-08
  epoch  54250  residual 6.011e-08
  epoch  54500  residual 5.914e-08
  epoch  54750  residual 5.881e-08
  epoch  55000  residual 6.534e-08
  epoch  55250  residual 5.863e-08
  epoch  55500  residual 5.779e-08
  epoch  55750  residual 5.756e-08
  epoch  56000  residual 6.095e-08
  epoch  56250  residual 6.361e-08
  epoch  56500  residual 5.831e-08
  epoch  56750  residual 5.748e-08
  epoch  57000  residual 5.659e-08
  epoch  57250  residual 5.631e-08
  epoch  57500  residual 5.610e-08
  epoch  57750  residual 5.785e-08
  epoch  58000  residual 6.159e-08
  epoch  58250  residual 5.614e-08
  epoch  58500  residual 5.522e-08
  epoch  58750  residual 5.526e-08
  epoch  59000  residual 5.537e-08
  epoch  59250  residual 5.501e-08
  epoch  59500  residual 5.511e-08
  epoch  59750  residual 5.697e-08
  epoch  59999  residual 5.576e-08
  [gamma] epoch      0  gamma_ratio 3.4324  residual 1.158e-01
  [gamma] epoch    250  gamma_ratio 1.1282  residual 3.188e-04
  [gamma] epoch    500  gamma_ratio 0.9962  residual 1.139e-04
  [gamma] epoch    750  gamma_ratio 0.9781  residual 6.870e-05
  [gamma] epoch   1000  gamma_ratio 0.9758  residual 4.378e-05
  [gamma] epoch   1250  gamma_ratio 0.9729  residual 3.147e-05
  [gamma] epoch   1500  gamma_ratio 0.9688  residual 2.141e-05
  [gamma] epoch   1750  gamma_ratio 0.9658  residual 1.635e-05
  [gamma] epoch   2000  gamma_ratio 0.9677  residual 1.602e-05
  [gamma] epoch   2250  gamma_ratio 0.9688  residual 5.973e-05
  [gamma] epoch   2500  gamma_ratio 0.9701  residual 8.949e-06
  [gamma] epoch   2750  gamma_ratio 0.9742  residual 1.102e-05
  [gamma] epoch   3000  gamma_ratio 0.9801  residual 9.685e-06
  [gamma] epoch   3250  gamma_ratio 0.9752  residual 2.255e-05
  [gamma] epoch   3500  gamma_ratio 0.9807  residual 5.013e-06
  [gamma] epoch   3750  gamma_ratio 0.9826  residual 2.606e-05
  [gamma] epoch   4000  gamma_ratio 0.9850  residual 4.033e-06
  [gamma] epoch   4250  gamma_ratio 0.9879  residual 4.330e-06
  [gamma] epoch   4500  gamma_ratio 0.9893  residual 3.289e-06
  [gamma] epoch   4750  gamma_ratio 0.9904  residual 3.789e-06
  [gamma] epoch   5000  gamma_ratio 0.9922  residual 2.780e-06
  [gamma] epoch   5250  gamma_ratio 0.9908  residual 5.325e-06
  [gamma] epoch   5500  gamma_ratio 0.9946  residual 2.881e-06
  [gamma] epoch   5750  gamma_ratio 0.9967  residual 5.809e-06
  [gamma] epoch   6000  gamma_ratio 0.9963  residual 2.016e-06
  [gamma] epoch   6250  gamma_ratio 0.9970  residual 1.890e-06
  [gamma] epoch   6500  gamma_ratio 0.9973  residual 1.808e-06
  [gamma] epoch   6750  gamma_ratio 0.9985  residual 2.326e-06
  [gamma] epoch   7000  gamma_ratio 0.9982  residual 2.489e-06
  [gamma] epoch   7250  gamma_ratio 0.9984  residual 1.503e-06
  [gamma] epoch   7500  gamma_ratio 0.9984  residual 1.184e-05
  [gamma] epoch   7750  gamma_ratio 0.9999  residual 1.468e-06
  [gamma] epoch   8000  gamma_ratio 0.9997  residual 2.808e-06
  [gamma] epoch   8250  gamma_ratio 0.9985  residual 1.213e-06
  [gamma] epoch   8500  gamma_ratio 0.9965  residual 1.937e-06
  [gamma] epoch   8750  gamma_ratio 0.9982  residual 1.171e-06
  [gamma] epoch   9000  gamma_ratio 0.9983  residual 1.162e-06
  [gamma] epoch   9250  gamma_ratio 0.9983  residual 1.174e-06
  [gamma] epoch   9500  gamma_ratio 0.9970  residual 1.162e-06
  [gamma] epoch   9750  gamma_ratio 0.9997  residual 1.110e-06
  [gamma] epoch  10000  gamma_ratio 0.9975  residual 1.044e-06
  [gamma] epoch  10250  gamma_ratio 0.9991  residual 1.020e-06
  [gamma] epoch  10500  gamma_ratio 0.9967  residual 9.285e-07
  [gamma] epoch  10750  gamma_ratio 0.9980  residual 9.363e-07
  [gamma] epoch  11000  gamma_ratio 0.9984  residual 8.000e-07
  [gamma] epoch  11250  gamma_ratio 0.9983  residual 1.403e-06
  [gamma] epoch  11500  gamma_ratio 0.9984  residual 1.020e-06
  [gamma] epoch  11750  gamma_ratio 0.9965  residual 2.668e-06
  [gamma] epoch  12000  gamma_ratio 0.9966  residual 2.020e-06
  [gamma] epoch  12250  gamma_ratio 0.9999  residual 7.928e-07
  [gamma] epoch  12500  gamma_ratio 0.9979  residual 1.564e-06
  [gamma] epoch  12750  gamma_ratio 0.9980  residual 2.390e-06
  [gamma] epoch  13000  gamma_ratio 0.9987  residual 8.825e-07
  [gamma] epoch  13250  gamma_ratio 0.9980  residual 1.535e-06
  [gamma] epoch  13500  gamma_ratio 0.9994  residual 1.637e-06
  [gamma] epoch  13750  gamma_ratio 0.9972  residual 7.743e-07
  [gamma] epoch  14000  gamma_ratio 1.0017  residual 1.961e-06
  [gamma] epoch  14250  gamma_ratio 0.9988  residual 8.061e-07
  [gamma] epoch  14500  gamma_ratio 0.9979  residual 1.804e-06
  [gamma] epoch  14750  gamma_ratio 0.9985  residual 1.102e-06
  [gamma] epoch  15000  gamma_ratio 1.0007  residual 1.445e-06
  [gamma] epoch  15250  gamma_ratio 0.9964  residual 1.060e-06
  [gamma] epoch  15500  gamma_ratio 0.9942  residual 1.443e-06
  [gamma] epoch  15750  gamma_ratio 0.9993  residual 5.363e-07
  [gamma] epoch  16000  gamma_ratio 0.9986  residual 4.534e-07
  [gamma] epoch  16250  gamma_ratio 0.9958  residual 1.862e-06
  [gamma] epoch  16500  gamma_ratio 0.9963  residual 5.820e-07
  [gamma] epoch  16750  gamma_ratio 0.9986  residual 3.650e-07
  [gamma] epoch  17000  gamma_ratio 0.9977  residual 3.772e-07
  [gamma] epoch  17250  gamma_ratio 1.0044  residual 2.157e-06
  [gamma] epoch  17500  gamma_ratio 1.0002  residual 2.946e-06
  [gamma] epoch  17750  gamma_ratio 0.9985  residual 7.292e-07
  [gamma] epoch  18000  gamma_ratio 0.9954  residual 1.385e-06
  [gamma] epoch  18250  gamma_ratio 0.9975  residual 4.112e-07
  [gamma] epoch  18500  gamma_ratio 0.9987  residual 2.935e-07
  [gamma] epoch  18750  gamma_ratio 0.9984  residual 2.704e-07
  [gamma] epoch  19000  gamma_ratio 0.9950  residual 1.007e-06
  [gamma] epoch  19250  gamma_ratio 1.0067  residual 4.050e-06
  [gamma] epoch  19500  gamma_ratio 0.9996  residual 3.333e-07
  [gamma] epoch  19750  gamma_ratio 0.9982  residual 2.745e-07
  [gamma] epoch  20000  gamma_ratio 0.9984  residual 3.243e-07
  [gamma] epoch  20250  gamma_ratio 0.9985  residual 5.051e-07
  [gamma] epoch  20500  gamma_ratio 0.9945  residual 1.360e-06
  [gamma] epoch  20750  gamma_ratio 0.9986  residual 3.825e-07
  [gamma] epoch  21000  gamma_ratio 0.9983  residual 1.546e-06
  [gamma] epoch  21250  gamma_ratio 0.9981  residual 4.035e-07
  [gamma] epoch  21500  gamma_ratio 0.9998  residual 5.205e-07
  [gamma] epoch  21750  gamma_ratio 0.9992  residual 2.997e-07
  [gamma] epoch  22000  gamma_ratio 0.9976  residual 9.663e-07
  [gamma] epoch  22250  gamma_ratio 0.9984  residual 2.235e-07
  [gamma] epoch  22500  gamma_ratio 0.9985  residual 1.954e-07
  [gamma] epoch  22750  gamma_ratio 0.9992  residual 1.946e-07
  [gamma] epoch  23000  gamma_ratio 1.0024  residual 1.071e-06
  [gamma] epoch  23250  gamma_ratio 0.9981  residual 2.184e-07
  [gamma] epoch  23500  gamma_ratio 0.9993  residual 2.266e-07
  [gamma] epoch  23750  gamma_ratio 0.9993  residual 3.760e-07
  [gamma] epoch  24000  gamma_ratio 0.9987  residual 3.410e-07
  [gamma] epoch  24250  gamma_ratio 0.9985  residual 3.257e-07
  [gamma] epoch  24500  gamma_ratio 0.9987  residual 1.672e-07
  [gamma] epoch  24750  gamma_ratio 1.0009  residual 8.522e-07
  [gamma] epoch  25000  gamma_ratio 0.9999  residual 5.906e-07
  [gamma] epoch  25250  gamma_ratio 1.0006  residual 4.973e-07
  [gamma] epoch  25500  gamma_ratio 0.9977  residual 5.172e-07
  [gamma] epoch  25750  gamma_ratio 0.9993  residual 2.210e-07
  [gamma] epoch  26000  gamma_ratio 0.9956  residual 7.142e-07
  [gamma] epoch  26250  gamma_ratio 0.9992  residual 1.570e-07
  [gamma] epoch  26500  gamma_ratio 0.9998  residual 8.107e-07
  [gamma] epoch  26750  gamma_ratio 1.0011  residual 9.728e-07
  [gamma] epoch  27000  gamma_ratio 0.9977  residual 2.268e-06
  [gamma] epoch  27250  gamma_ratio 0.9970  residual 8.080e-07
  [gamma] epoch  27500  gamma_ratio 0.9988  residual 1.792e-07
  [gamma] epoch  27750  gamma_ratio 0.9966  residual 4.209e-07
  [gamma] epoch  28000  gamma_ratio 0.9984  residual 7.084e-07
  [gamma] epoch  28250  gamma_ratio 0.9996  residual 1.970e-07
  [gamma] epoch  28500  gamma_ratio 0.9993  residual 1.148e-06
  [gamma] epoch  28750  gamma_ratio 0.9985  residual 2.066e-07
  [gamma] epoch  29000  gamma_ratio 1.0009  residual 1.104e-06
  [gamma] epoch  29250  gamma_ratio 1.0009  residual 4.876e-07
  [gamma] epoch  29500  gamma_ratio 0.9989  residual 4.379e-07
  [gamma] epoch  29750  gamma_ratio 0.9989  residual 1.326e-07
  [gamma] epoch  30000  gamma_ratio 1.0006  residual 4.782e-07
  [gamma] epoch  30250  gamma_ratio 0.9986  residual 1.573e-07
  [gamma] epoch  30500  gamma_ratio 0.9953  residual 1.356e-06
  [gamma] epoch  30750  gamma_ratio 0.9989  residual 1.194e-07
  [gamma] epoch  31000  gamma_ratio 0.9988  residual 1.718e-07
  [gamma] epoch  31250  gamma_ratio 0.9986  residual 1.315e-07
  [gamma] epoch  31500  gamma_ratio 0.9972  residual 4.590e-07
  [gamma] epoch  31750  gamma_ratio 0.9987  residual 1.767e-07
  [gamma] epoch  32000  gamma_ratio 0.9986  residual 1.293e-07
  [gamma] epoch  32250  gamma_ratio 0.9977  residual 2.226e-07
  [gamma] epoch  32500  gamma_ratio 0.9991  residual 3.069e-07
  [gamma] epoch  32750  gamma_ratio 0.9994  residual 1.300e-07
  [gamma] epoch  33000  gamma_ratio 0.9991  residual 1.258e-07
  [gamma] epoch  33250  gamma_ratio 0.9988  residual 1.034e-07
  [gamma] epoch  33500  gamma_ratio 0.9982  residual 1.247e-07
  [gamma] epoch  33750  gamma_ratio 0.9988  residual 1.032e-07
  [gamma] epoch  34000  gamma_ratio 0.9986  residual 1.592e-07
  [gamma] epoch  34250  gamma_ratio 0.9988  residual 1.615e-07
  [gamma] epoch  34500  gamma_ratio 0.9981  residual 1.967e-07
  [gamma] epoch  34750  gamma_ratio 0.9988  residual 2.716e-07
  [gamma] epoch  35000  gamma_ratio 0.9969  residual 5.487e-07
  [gamma] epoch  35250  gamma_ratio 0.9987  residual 1.554e-07
  [gamma] epoch  35500  gamma_ratio 0.9989  residual 1.022e-07
  [gamma] epoch  35750  gamma_ratio 0.9987  residual 1.007e-07
  [gamma] epoch  36000  gamma_ratio 0.9989  residual 1.010e-07
  [gamma] epoch  36250  gamma_ratio 0.9971  residual 3.151e-07
  [gamma] epoch  36500  gamma_ratio 1.0010  residual 3.637e-07
  [gamma] epoch  36750  gamma_ratio 0.9984  residual 2.672e-07
  [gamma] epoch  37000  gamma_ratio 0.9973  residual 5.700e-07
  [gamma] epoch  37250  gamma_ratio 0.9991  residual 3.358e-07
  [gamma] epoch  37500  gamma_ratio 0.9987  residual 9.924e-08
  [gamma] epoch  37750  gamma_ratio 1.0002  residual 2.156e-07
  [gamma] epoch  38000  gamma_ratio 0.9990  residual 2.224e-07
  [gamma] epoch  38250  gamma_ratio 0.9983  residual 2.702e-07
  [gamma] epoch  38500  gamma_ratio 0.9992  residual 1.084e-07
  [gamma] epoch  38750  gamma_ratio 0.9988  residual 8.514e-08
  [gamma] epoch  39000  gamma_ratio 0.9991  residual 1.926e-07
  [gamma] epoch  39250  gamma_ratio 0.9988  residual 1.414e-07
  [gamma] epoch  39500  gamma_ratio 0.9988  residual 9.004e-08
  [gamma] epoch  39750  gamma_ratio 0.9990  residual 1.576e-07
  [gamma] epoch  40000  gamma_ratio 0.9984  residual 1.160e-07
  [gamma] epoch  40250  gamma_ratio 0.9987  residual 9.687e-08
  [gamma] epoch  40500  gamma_ratio 0.9993  residual 8.902e-08
  [gamma] epoch  40750  gamma_ratio 0.9988  residual 9.820e-08
  [gamma] epoch  41000  gamma_ratio 0.9988  residual 8.092e-08
  [gamma] epoch  41250  gamma_ratio 0.9988  residual 8.393e-08
  [gamma] epoch  41500  gamma_ratio 0.9988  residual 1.079e-07
  [gamma] epoch  41750  gamma_ratio 0.9991  residual 1.151e-07
  [gamma] epoch  42000  gamma_ratio 0.9993  residual 1.212e-07
  [gamma] epoch  42250  gamma_ratio 0.9990  residual 9.758e-08
  [gamma] epoch  42500  gamma_ratio 0.9985  residual 9.181e-08
  [gamma] epoch  42750  gamma_ratio 0.9987  residual 7.981e-08
  [gamma] epoch  43000  gamma_ratio 0.9995  residual 1.290e-07
  [gamma] epoch  43250  gamma_ratio 0.9988  residual 7.968e-08
  [gamma] epoch  43500  gamma_ratio 0.9976  residual 2.075e-07
  [gamma] epoch  43750  gamma_ratio 0.9989  residual 7.482e-08
  [gamma] epoch  44000  gamma_ratio 0.9984  residual 1.210e-07
  [gamma] epoch  44250  gamma_ratio 0.9986  residual 8.172e-08
  [gamma] epoch  44500  gamma_ratio 0.9990  residual 1.827e-07
  [gamma] epoch  44750  gamma_ratio 0.9989  residual 7.513e-08
  [gamma] epoch  45000  gamma_ratio 0.9988  residual 7.985e-08
  [gamma] epoch  45250  gamma_ratio 0.9990  residual 9.704e-08
  [gamma] epoch  45500  gamma_ratio 0.9991  residual 8.460e-08
  [gamma] epoch  45750  gamma_ratio 0.9992  residual 7.280e-08
  [gamma] epoch  46000  gamma_ratio 0.9990  residual 7.124e-08
  [gamma] epoch  46250  gamma_ratio 0.9989  residual 7.176e-08
  [gamma] epoch  46500  gamma_ratio 0.9986  residual 8.403e-08
  [gamma] epoch  46750  gamma_ratio 0.9991  residual 1.647e-07
  [gamma] epoch  47000  gamma_ratio 0.9998  residual 1.183e-07
  [gamma] epoch  47250  gamma_ratio 0.9991  residual 7.191e-08
  [gamma] epoch  47500  gamma_ratio 0.9991  residual 1.147e-07
  [gamma] epoch  47750  gamma_ratio 0.9990  residual 9.884e-08
  [gamma] epoch  48000  gamma_ratio 0.9989  residual 7.432e-08
  [gamma] epoch  48250  gamma_ratio 0.9991  residual 7.046e-08
  [gamma] epoch  48500  gamma_ratio 0.9991  residual 7.752e-08
  [gamma] epoch  48750  gamma_ratio 0.9991  residual 7.008e-08
  [gamma] epoch  49000  gamma_ratio 0.9993  residual 7.279e-08
  [gamma] epoch  49250  gamma_ratio 0.9992  residual 6.710e-08
  [gamma] epoch  49500  gamma_ratio 0.9990  residual 6.499e-08
  [gamma] epoch  49750  gamma_ratio 0.9991  residual 1.099e-07
  [gamma] epoch  50000  gamma_ratio 0.9988  residual 7.249e-08
  [gamma] epoch  50250  gamma_ratio 0.9991  residual 6.397e-08
  [gamma] epoch  50500  gamma_ratio 0.9987  residual 7.545e-08
  [gamma] epoch  50750  gamma_ratio 0.9990  residual 6.484e-08
  [gamma] epoch  51000  gamma_ratio 0.9990  residual 6.562e-08
  [gamma] epoch  51250  gamma_ratio 0.9984  residual 9.108e-08
  [gamma] epoch  51500  gamma_ratio 0.9991  residual 7.423e-08
  [gamma] epoch  51750  gamma_ratio 0.9992  residual 7.360e-08
  [gamma] epoch  52000  gamma_ratio 0.9991  residual 6.178e-08
  [gamma] epoch  52250  gamma_ratio 0.9993  residual 6.968e-08
  [gamma] epoch  52500  gamma_ratio 0.9991  residual 6.361e-08
  [gamma] epoch  52750  gamma_ratio 0.9992  residual 6.200e-08
  [gamma] epoch  53000  gamma_ratio 0.9992  residual 7.601e-08
  [gamma] epoch  53250  gamma_ratio 0.9991  residual 6.101e-08
  [gamma] epoch  53500  gamma_ratio 0.9990  residual 6.045e-08
  [gamma] epoch  53750  gamma_ratio 0.9991  residual 5.966e-08
  [gamma] epoch  54000  gamma_ratio 0.9990  residual 5.997e-08
  [gamma] epoch  54250  gamma_ratio 0.9992  residual 6.011e-08
  [gamma] epoch  54500  gamma_ratio 0.9991  residual 5.914e-08
  [gamma] epoch  54750  gamma_ratio 0.9991  residual 5.881e-08
  [gamma] epoch  55000  gamma_ratio 0.9991  residual 6.534e-08
  [gamma] epoch  55250  gamma_ratio 0.9991  residual 5.863e-08
  [gamma] epoch  55500  gamma_ratio 0.9991  residual 5.779e-08
  [gamma] epoch  55750  gamma_ratio 0.9992  residual 5.756e-08
  [gamma] epoch  56000  gamma_ratio 0.9989  residual 6.095e-08
  [gamma] epoch  56250  gamma_ratio 0.9992  residual 6.361e-08
  [gamma] epoch  56500  gamma_ratio 0.9992  residual 5.831e-08
  [gamma] epoch  56750  gamma_ratio 0.9992  residual 5.748e-08
  [gamma] epoch  57000  gamma_ratio 0.9992  residual 5.659e-08
  [gamma] epoch  57250  gamma_ratio 0.9992  residual 5.631e-08
  [gamma] epoch  57500  gamma_ratio 0.9992  residual 5.610e-08
  [gamma] epoch  57750  gamma_ratio 0.9992  residual 5.785e-08
  [gamma] epoch  58000  gamma_ratio 0.9994  residual 6.159e-08
  [gamma] epoch  58250  gamma_ratio 0.9992  residual 5.614e-08
  [gamma] epoch  58500  gamma_ratio 0.9992  residual 5.522e-08
  [gamma] epoch  58750  gamma_ratio 0.9992  residual 5.526e-08
  [gamma] epoch  59000  gamma_ratio 0.9991  residual 5.537e-08
  [gamma] epoch  59250  gamma_ratio 0.9991  residual 5.501e-08
  [gamma] epoch  59500  gamma_ratio 0.9991  residual 5.511e-08
  [gamma] epoch  59750  gamma_ratio 0.9992  residual 5.697e-08
  [gamma] epoch  59999  gamma_ratio 0.9992  residual 5.576e-08
  [shape] epoch      0  rmse=0.1744  max_abs_dA=0.4648  int_signed_dA=-9.333e-10  int_abs_dA=9.34e-10  A_min=0.001246  max_dA_fwd=-8.975e-08
  [shape] epoch    250  rmse=0.02133  max_abs_dA=0.04131  int_signed_dA=-1.497e-10  int_abs_dA=1.497e-10  A_min=0.0005109  max_dA_fwd=-4.839e-07
  [shape] epoch    500  rmse=0.004512  max_abs_dA=0.02174  int_signed_dA=4.985e-12  int_abs_dA=2.313e-11  A_min=0.0002304  max_dA_fwd=-6.178e-06
  [shape] epoch    750  rmse=0.005746  max_abs_dA=0.014  int_signed_dA=2.954e-11  int_abs_dA=3.849e-11  A_min=0.0003589  max_dA_fwd=-6.851e-06
  [shape] epoch   1000  rmse=0.005374  max_abs_dA=0.01364  int_signed_dA=3.27e-11  int_abs_dA=3.901e-11  A_min=0.0008412  max_dA_fwd=-7.445e-06
  [shape] epoch   1250  rmse=0.005271  max_abs_dA=0.01251  int_signed_dA=3.668e-11  int_abs_dA=4.178e-11  A_min=0.001176  max_dA_fwd=-8.464e-06
  [shape] epoch   1500  rmse=0.005568  max_abs_dA=0.01134  int_signed_dA=4.239e-11  int_abs_dA=4.671e-11  A_min=0.001684  max_dA_fwd=-9.45e-06
  [shape] epoch   1750  rmse=0.005947  max_abs_dA=0.0108  int_signed_dA=4.67e-11  int_abs_dA=5.047e-11  A_min=0.001868  max_dA_fwd=-1.014e-05
  [shape] epoch   2000  rmse=0.00562  max_abs_dA=0.00975  int_signed_dA=4.395e-11  int_abs_dA=4.74e-11  A_min=0.001744  max_dA_fwd=-1.026e-05
  [shape] epoch   2250  rmse=0.005443  max_abs_dA=0.009384  int_signed_dA=4.246e-11  int_abs_dA=4.565e-11  A_min=0.00163  max_dA_fwd=-1.011e-05
  [shape] epoch   2500  rmse=0.005223  max_abs_dA=0.009019  int_signed_dA=4.052e-11  int_abs_dA=4.343e-11  A_min=0.001425  max_dA_fwd=-9.876e-06
  [shape] epoch   2750  rmse=0.004596  max_abs_dA=0.008303  int_signed_dA=3.487e-11  int_abs_dA=3.761e-11  A_min=0.001228  max_dA_fwd=-9.252e-06
  [shape] epoch   3000  rmse=0.003747  max_abs_dA=0.007298  int_signed_dA=2.669e-11  int_abs_dA=2.937e-11  A_min=0.0009807  max_dA_fwd=-8.493e-06
  [shape] epoch   3250  rmse=0.004392  max_abs_dA=0.008188  int_signed_dA=3.35e-11  int_abs_dA=3.578e-11  A_min=0.001036  max_dA_fwd=-8.429e-06
  [shape] epoch   3500  rmse=0.003579  max_abs_dA=0.007181  int_signed_dA=2.596e-11  int_abs_dA=2.818e-11  A_min=0.0007527  max_dA_fwd=-7.739e-06
  [shape] epoch   3750  rmse=0.003273  max_abs_dA=0.006741  int_signed_dA=2.325e-11  int_abs_dA=2.537e-11  A_min=0.0006275  max_dA_fwd=-7.268e-06
  [shape] epoch   4000  rmse=0.002913  max_abs_dA=0.006356  int_signed_dA=2.005e-11  int_abs_dA=2.204e-11  A_min=0.0005047  max_dA_fwd=-6.767e-06
  [shape] epoch   4250  rmse=0.002488  max_abs_dA=0.00587  int_signed_dA=1.61e-11  int_abs_dA=1.827e-11  A_min=0.0003813  max_dA_fwd=-6.273e-06
  [shape] epoch   4500  rmse=0.00227  max_abs_dA=0.005608  int_signed_dA=1.426e-11  int_abs_dA=1.643e-11  A_min=0.0002944  max_dA_fwd=-5.893e-06
  [shape] epoch   4750  rmse=0.00209  max_abs_dA=0.005356  int_signed_dA=1.272e-11  int_abs_dA=1.494e-11  A_min=0.0002081  max_dA_fwd=-5.567e-06
  [shape] epoch   5000  rmse=0.001838  max_abs_dA=0.00507  int_signed_dA=1.042e-11  int_abs_dA=1.292e-11  A_min=0.0001455  max_dA_fwd=-5.211e-06
  [shape] epoch   5250  rmse=0.002007  max_abs_dA=0.005315  int_signed_dA=1.219e-11  int_abs_dA=1.447e-11  A_min=0.0001074  max_dA_fwd=-5.061e-06
  [shape] epoch   5500  rmse=0.001489  max_abs_dA=0.004544  int_signed_dA=7.202e-12  int_abs_dA=1.025e-11  A_min=5.142e-05  max_dA_fwd=-4.696e-06
  [shape] epoch   5750  rmse=0.001222  max_abs_dA=0.00411  int_signed_dA=4.338e-12  int_abs_dA=8.391e-12  A_min=4.108e-05  max_dA_fwd=-4.433e-06
  [shape] epoch   6000  rmse=0.001248  max_abs_dA=0.004118  int_signed_dA=4.888e-12  int_abs_dA=8.502e-12  A_min=4.198e-06  max_dA_fwd=-4.314e-06
  [shape] epoch   6250  rmse=0.001157  max_abs_dA=0.003945  int_signed_dA=4.018e-12  int_abs_dA=7.853e-12  A_min=5.031e-06  max_dA_fwd=-4.158e-06
  [shape] epoch   6500  rmse=0.001101  max_abs_dA=0.003867  int_signed_dA=3.509e-12  int_abs_dA=7.414e-12  A_min=2.413e-05  max_dA_fwd=-4.024e-06
  [shape] epoch   6750  rmse=0.0009599  max_abs_dA=0.00348  int_signed_dA=2.04e-12  int_abs_dA=6.553e-12  A_min=3.28e-05  max_dA_fwd=-3.942e-06
  [shape] epoch   7000  rmse=0.0009499  max_abs_dA=0.003472  int_signed_dA=2.314e-12  int_abs_dA=6.371e-12  A_min=8.488e-05  max_dA_fwd=-3.873e-06
  [shape] epoch   7250  rmse=0.0009218  max_abs_dA=0.00339  int_signed_dA=2.138e-12  int_abs_dA=6.188e-12  A_min=9.658e-05  max_dA_fwd=-3.837e-06
  [shape] epoch   7500  rmse=0.0009234  max_abs_dA=0.003392  int_signed_dA=2.093e-12  int_abs_dA=6.218e-12  A_min=9.025e-05  max_dA_fwd=-3.791e-06
  [shape] epoch   7750  rmse=0.0007516  max_abs_dA=0.002943  int_signed_dA=1.953e-13  int_abs_dA=5.05e-12  A_min=0.0001483  max_dA_fwd=-3.728e-06
  [shape] epoch   8000  rmse=0.0007282  max_abs_dA=0.00278  int_signed_dA=3.653e-13  int_abs_dA=4.951e-12  A_min=0.0001694  max_dA_fwd=-3.756e-06
  [shape] epoch   8250  rmse=0.0008008  max_abs_dA=0.003055  int_signed_dA=2.01e-12  int_abs_dA=5.158e-12  A_min=0.0002434  max_dA_fwd=-3.775e-06
  [shape] epoch   8500  rmse=0.001042  max_abs_dA=0.003491  int_signed_dA=4.66e-12  int_abs_dA=6.987e-12  A_min=0.0002839  max_dA_fwd=-3.839e-06
  [shape] epoch   8750  rmse=0.0007839  max_abs_dA=0.00302  int_signed_dA=2.416e-12  int_abs_dA=4.899e-12  A_min=0.000316  max_dA_fwd=-3.78e-06
  [shape] epoch   9000  rmse=0.0007361  max_abs_dA=0.002864  int_signed_dA=2.218e-12  int_abs_dA=4.535e-12  A_min=0.0003558  max_dA_fwd=-3.784e-06
  [shape] epoch   9250  rmse=0.0007205  max_abs_dA=0.002822  int_signed_dA=2.308e-12  int_abs_dA=4.377e-12  A_min=0.0003861  max_dA_fwd=-3.802e-06
  [shape] epoch   9500  rmse=0.0008667  max_abs_dA=0.003109  int_signed_dA=3.926e-12  int_abs_dA=5.518e-12  A_min=0.0003986  max_dA_fwd=-3.845e-06
  [shape] epoch   9750  rmse=0.0005798  max_abs_dA=0.002464  int_signed_dA=3.783e-13  int_abs_dA=3.321e-12  A_min=0.0004275  max_dA_fwd=-3.743e-06
  [shape] epoch  10000  rmse=0.0007299  max_abs_dA=0.002788  int_signed_dA=3.36e-12  int_abs_dA=4.357e-12  A_min=0.0005416  max_dA_fwd=-3.843e-06
  [shape] epoch  10250  rmse=0.0005883  max_abs_dA=0.002453  int_signed_dA=1.216e-12  int_abs_dA=3.423e-12  A_min=0.0004615  max_dA_fwd=-3.823e-06
  [shape] epoch  10500  rmse=0.000843  max_abs_dA=0.003133  int_signed_dA=4.377e-12  int_abs_dA=5.205e-12  A_min=0.0005165  max_dA_fwd=-3.871e-06
  [shape] epoch  10750  rmse=0.0006528  max_abs_dA=0.002603  int_signed_dA=2.651e-12  int_abs_dA=3.825e-12  A_min=0.0005271  max_dA_fwd=-3.86e-06
  [shape] epoch  11000  rmse=0.000607  max_abs_dA=0.002547  int_signed_dA=2.149e-12  int_abs_dA=3.443e-12  A_min=0.0005515  max_dA_fwd=-3.843e-06
  [shape] epoch  11250  rmse=0.0006119  max_abs_dA=0.002524  int_signed_dA=2.264e-12  int_abs_dA=3.548e-12  A_min=0.000542  max_dA_fwd=-3.863e-06
  [shape] epoch  11500  rmse=0.0005907  max_abs_dA=0.002469  int_signed_dA=2.117e-12  int_abs_dA=3.461e-12  A_min=0.0005831  max_dA_fwd=-3.865e-06
  [shape] epoch  11750  rmse=0.000798  max_abs_dA=0.00287  int_signed_dA=4.583e-12  int_abs_dA=5.237e-12  A_min=0.0005945  max_dA_fwd=-3.96e-06
  [shape] epoch  12000  rmse=0.0008162  max_abs_dA=0.003286  int_signed_dA=4.544e-12  int_abs_dA=5.042e-12  A_min=0.0006282  max_dA_fwd=-3.89e-06
  [shape] epoch  12250  rmse=0.0005366  max_abs_dA=0.002086  int_signed_dA=1.92e-13  int_abs_dA=3.006e-12  A_min=0.0006032  max_dA_fwd=-3.84e-06
  [shape] epoch  12500  rmse=0.0006099  max_abs_dA=0.002439  int_signed_dA=2.75e-12  int_abs_dA=3.951e-12  A_min=0.0006302  max_dA_fwd=-3.916e-06
  [shape] epoch  12750  rmse=0.0006088  max_abs_dA=0.002617  int_signed_dA=2.661e-12  int_abs_dA=3.637e-12  A_min=0.0006052  max_dA_fwd=-3.889e-06
  [shape] epoch  13000  rmse=0.0005486  max_abs_dA=0.002297  int_signed_dA=1.678e-12  int_abs_dA=3.508e-12  A_min=0.0006662  max_dA_fwd=-3.875e-06
  [shape] epoch  13250  rmse=0.0005808  max_abs_dA=0.002421  int_signed_dA=2.584e-12  int_abs_dA=3.825e-12  A_min=0.0006984  max_dA_fwd=-3.864e-06
  [shape] epoch  13500  rmse=0.0005354  max_abs_dA=0.002007  int_signed_dA=7.338e-13  int_abs_dA=3.426e-12  A_min=0.0006681  max_dA_fwd=-3.871e-06
  [shape] epoch  13750  rmse=0.0006661  max_abs_dA=0.002706  int_signed_dA=3.693e-12  int_abs_dA=4.389e-12  A_min=0.0006988  max_dA_fwd=-3.915e-06
  [shape] epoch  14000  rmse=0.0007  max_abs_dA=0.001859  int_signed_dA=-2.195e-12  int_abs_dA=3.94e-12  A_min=0.0006964  max_dA_fwd=-3.751e-06
  [shape] epoch  14250  rmse=0.0005254  max_abs_dA=0.002281  int_signed_dA=1.601e-12  int_abs_dA=3.288e-12  A_min=0.0006767  max_dA_fwd=-3.85e-06
  [shape] epoch  14500  rmse=0.0005782  max_abs_dA=0.002445  int_signed_dA=2.752e-12  int_abs_dA=3.817e-12  A_min=0.0007065  max_dA_fwd=-3.873e-06
  [shape] epoch  14750  rmse=0.0005478  max_abs_dA=0.002154  int_signed_dA=2.011e-12  int_abs_dA=3.836e-12  A_min=0.0007078  max_dA_fwd=-3.899e-06
  [shape] epoch  15000  rmse=0.0005766  max_abs_dA=0.001672  int_signed_dA=-9.719e-13  int_abs_dA=3.262e-12  A_min=0.0006829  max_dA_fwd=-3.801e-06
  [shape] epoch  15250  rmse=0.0007521  max_abs_dA=0.002571  int_signed_dA=4.776e-12  int_abs_dA=5.302e-12  A_min=0.0006845  max_dA_fwd=-3.976e-06
  [shape] epoch  15500  rmse=0.001101  max_abs_dA=0.003281  int_signed_dA=7.723e-12  int_abs_dA=8.062e-12  A_min=0.0007202  max_dA_fwd=-4.008e-06
  [shape] epoch  15750  rmse=0.0005108  max_abs_dA=0.001916  int_signed_dA=8.674e-13  int_abs_dA=3.375e-12  A_min=0.0006923  max_dA_fwd=-3.856e-06
  [shape] epoch  16000  rmse=0.0005158  max_abs_dA=0.002035  int_signed_dA=1.818e-12  int_abs_dA=3.585e-12  A_min=0.0007022  max_dA_fwd=-3.872e-06
  [shape] epoch  16250  rmse=0.0008238  max_abs_dA=0.00295  int_signed_dA=5.524e-12  int_abs_dA=5.841e-12  A_min=0.000736  max_dA_fwd=-3.931e-06
  [shape] epoch  16500  rmse=0.0007511  max_abs_dA=0.00269  int_signed_dA=4.9e-12  int_abs_dA=5.273e-12  A_min=0.0007172  max_dA_fwd=-3.918e-06
  [shape] epoch  16750  rmse=0.0005122  max_abs_dA=0.002051  int_signed_dA=1.795e-12  int_abs_dA=3.552e-12  A_min=0.0007051  max_dA_fwd=-3.866e-06
  [shape] epoch  17000  rmse=0.0005735  max_abs_dA=0.002213  int_signed_dA=3.036e-12  int_abs_dA=4.058e-12  A_min=0.0007038  max_dA_fwd=-3.899e-06
  [shape] epoch  17250  rmse=0.001118  max_abs_dA=0.002988  int_signed_dA=-5.816e-12  int_abs_dA=6.455e-12  A_min=0.0006955  max_dA_fwd=-3.657e-06
  [shape] epoch  17500  rmse=0.0005208  max_abs_dA=0.002192  int_signed_dA=-2.41e-13  int_abs_dA=2.667e-12  A_min=0.0006947  max_dA_fwd=-3.74e-06
  [shape] epoch  17750  rmse=0.0005001  max_abs_dA=0.002049  int_signed_dA=2.037e-12  int_abs_dA=3.446e-12  A_min=0.000702  max_dA_fwd=-3.835e-06
  [shape] epoch  18000  rmse=0.0008675  max_abs_dA=0.002788  int_signed_dA=6.067e-12  int_abs_dA=6.329e-12  A_min=0.0007384  max_dA_fwd=-3.946e-06
  [shape] epoch  18250  rmse=0.000584  max_abs_dA=0.002118  int_signed_dA=3.309e-12  int_abs_dA=4.295e-12  A_min=0.000732  max_dA_fwd=-3.894e-06
  [shape] epoch  18500  rmse=0.0005019  max_abs_dA=0.001872  int_signed_dA=1.755e-12  int_abs_dA=3.623e-12  A_min=0.0007248  max_dA_fwd=-3.856e-06
  [shape] epoch  18750  rmse=0.0005032  max_abs_dA=0.001952  int_signed_dA=2.145e-12  int_abs_dA=3.604e-12  A_min=0.0007113  max_dA_fwd=-3.854e-06
  [shape] epoch  19000  rmse=0.0009319  max_abs_dA=0.00287  int_signed_dA=6.567e-12  int_abs_dA=6.775e-12  A_min=0.000721  max_dA_fwd=-3.955e-06
  [shape] epoch  19250  rmse=0.001455  max_abs_dA=0.00371  int_signed_dA=-8.71e-12  int_abs_dA=8.746e-12  A_min=0.0006146  max_dA_fwd=-3.603e-06
  [shape] epoch  19500  rmse=0.0004814  max_abs_dA=0.0016  int_signed_dA=4.959e-13  int_abs_dA=3.158e-12  A_min=0.0007046  max_dA_fwd=-3.81e-06
  [shape] epoch  19750  rmse=0.0005096  max_abs_dA=0.001927  int_signed_dA=2.385e-12  int_abs_dA=3.688e-12  A_min=0.0007072  max_dA_fwd=-3.856e-06
  [shape] epoch  20000  rmse=0.0004961  max_abs_dA=0.001853  int_signed_dA=2.139e-12  int_abs_dA=3.607e-12  A_min=0.0007126  max_dA_fwd=-3.846e-06
  [shape] epoch  20250  rmse=0.0004699  max_abs_dA=0.001968  int_signed_dA=2.034e-12  int_abs_dA=3.212e-12  A_min=0.0007116  max_dA_fwd=-3.792e-06
  [shape] epoch  20500  rmse=0.001023  max_abs_dA=0.003056  int_signed_dA=7.263e-12  int_abs_dA=7.372e-12  A_min=0.0007271  max_dA_fwd=-3.933e-06
  [shape] epoch  20750  rmse=0.0004704  max_abs_dA=0.00184  int_signed_dA=1.809e-12  int_abs_dA=3.328e-12  A_min=0.0007133  max_dA_fwd=-3.818e-06
  [shape] epoch  21000  rmse=0.0004887  max_abs_dA=0.001839  int_signed_dA=2.213e-12  int_abs_dA=3.542e-12  A_min=0.0007094  max_dA_fwd=-3.839e-06
  [shape] epoch  21250  rmse=0.0005005  max_abs_dA=0.001875  int_signed_dA=2.483e-12  int_abs_dA=3.622e-12  A_min=0.0007054  max_dA_fwd=-3.841e-06
  [shape] epoch  21500  rmse=0.0004679  max_abs_dA=0.001419  int_signed_dA=2.63e-13  int_abs_dA=3.004e-12  A_min=0.0007188  max_dA_fwd=-3.779e-06
  [shape] epoch  21750  rmse=0.0004523  max_abs_dA=0.001514  int_signed_dA=9.892e-13  int_abs_dA=3.142e-12  A_min=0.0007116  max_dA_fwd=-3.802e-06
  [shape] epoch  22000  rmse=0.0005435  max_abs_dA=0.001889  int_signed_dA=3.163e-12  int_abs_dA=3.973e-12  A_min=0.0007112  max_dA_fwd=-3.856e-06
  [shape] epoch  22250  rmse=0.0004703  max_abs_dA=0.001789  int_signed_dA=2.175e-12  int_abs_dA=3.42e-12  A_min=0.0007228  max_dA_fwd=-3.818e-06
  [shape] epoch  22500  rmse=0.0004573  max_abs_dA=0.00167  int_signed_dA=1.947e-12  int_abs_dA=3.355e-12  A_min=0.000722  max_dA_fwd=-3.817e-06
  [shape] epoch  22750  rmse=0.0004298  max_abs_dA=0.001514  int_signed_dA=1.095e-12  int_abs_dA=2.993e-12  A_min=0.0007138  max_dA_fwd=-3.793e-06
  [shape] epoch  23000  rmse=0.0007581  max_abs_dA=0.002291  int_signed_dA=-3.196e-12  int_abs_dA=4.083e-12  A_min=0.0007125  max_dA_fwd=-3.687e-06
  [shape] epoch  23250  rmse=0.0004808  max_abs_dA=0.001688  int_signed_dA=2.454e-12  int_abs_dA=3.564e-12  A_min=0.0007123  max_dA_fwd=-3.836e-06
  [shape] epoch  23500  rmse=0.0004154  max_abs_dA=0.001464  int_signed_dA=9.804e-13  int_abs_dA=2.854e-12  A_min=0.000714  max_dA_fwd=-3.78e-06
  [shape] epoch  23750  rmse=0.000402  max_abs_dA=0.001699  int_signed_dA=8.932e-13  int_abs_dA=2.518e-12  A_min=0.0007054  max_dA_fwd=-3.762e-06
  [shape] epoch  24000  rmse=0.0004365  max_abs_dA=0.00152  int_signed_dA=1.71e-12  int_abs_dA=3.205e-12  A_min=0.0007145  max_dA_fwd=-3.812e-06
  [shape] epoch  24250  rmse=0.0004304  max_abs_dA=0.001657  int_signed_dA=1.96e-12  int_abs_dA=3.075e-12  A_min=0.0007062  max_dA_fwd=-3.798e-06
  [shape] epoch  24500  rmse=0.0004293  max_abs_dA=0.001497  int_signed_dA=1.699e-12  int_abs_dA=3.169e-12  A_min=0.0007202  max_dA_fwd=-3.815e-06
  [shape] epoch  24750  rmse=0.0005219  max_abs_dA=0.001703  int_signed_dA=-1.159e-12  int_abs_dA=2.713e-12  A_min=0.0007075  max_dA_fwd=-3.741e-06
  [shape] epoch  25000  rmse=0.0004324  max_abs_dA=0.001336  int_signed_dA=9.234e-14  int_abs_dA=2.684e-12  A_min=0.0007088  max_dA_fwd=-3.778e-06
  [shape] epoch  25250  rmse=0.0004886  max_abs_dA=0.00158  int_signed_dA=-7.874e-13  int_abs_dA=2.664e-12  A_min=0.0007199  max_dA_fwd=-3.753e-06
  [shape] epoch  25500  rmse=0.0005035  max_abs_dA=0.001714  int_signed_dA=3.051e-12  int_abs_dA=3.723e-12  A_min=0.0007206  max_dA_fwd=-3.844e-06
  [shape] epoch  25750  rmse=0.0004038  max_abs_dA=0.001289  int_signed_dA=9.18e-13  int_abs_dA=2.813e-12  A_min=0.000704  max_dA_fwd=-3.805e-06
  [shape] epoch  26000  rmse=0.000807  max_abs_dA=0.002201  int_signed_dA=5.774e-12  int_abs_dA=5.911e-12  A_min=0.0007199  max_dA_fwd=-3.923e-06
  [shape] epoch  26250  rmse=0.0003978  max_abs_dA=0.001312  int_signed_dA=1.12e-12  int_abs_dA=2.834e-12  A_min=0.0007085  max_dA_fwd=-3.809e-06
  [shape] epoch  26500  rmse=0.0004269  max_abs_dA=0.001337  int_signed_dA=2.491e-13  int_abs_dA=2.785e-12  A_min=0.0007095  max_dA_fwd=-3.802e-06
  [shape] epoch  26750  rmse=0.0005046  max_abs_dA=0.001621  int_signed_dA=-1.46e-12  int_abs_dA=2.65e-12  A_min=0.0007007  max_dA_fwd=-3.733e-06
  [shape] epoch  27000  rmse=0.0004965  max_abs_dA=0.001712  int_signed_dA=3.072e-12  int_abs_dA=3.629e-12  A_min=0.000706  max_dA_fwd=-3.857e-06
  [shape] epoch  27250  rmse=0.0005838  max_abs_dA=0.001925  int_signed_dA=3.993e-12  int_abs_dA=4.221e-12  A_min=0.0007246  max_dA_fwd=-3.878e-06
  [shape] epoch  27500  rmse=0.0003969  max_abs_dA=0.001321  int_signed_dA=1.599e-12  int_abs_dA=2.962e-12  A_min=0.0007088  max_dA_fwd=-3.831e-06
  [shape] epoch  27750  rmse=0.0006438  max_abs_dA=0.001988  int_signed_dA=4.541e-12  int_abs_dA=4.67e-12  A_min=0.0007271  max_dA_fwd=-3.897e-06
  [shape] epoch  28000  rmse=0.0004259  max_abs_dA=0.001366  int_signed_dA=2.104e-12  int_abs_dA=3.261e-12  A_min=0.0007103  max_dA_fwd=-3.858e-06
  [shape] epoch  28250  rmse=0.0003854  max_abs_dA=0.001157  int_signed_dA=5.514e-13  int_abs_dA=2.584e-12  A_min=0.0007005  max_dA_fwd=-3.818e-06
  [shape] epoch  28500  rmse=0.0003884  max_abs_dA=0.001168  int_signed_dA=9.822e-13  int_abs_dA=2.792e-12  A_min=0.0007163  max_dA_fwd=-3.832e-06
  [shape] epoch  28750  rmse=0.0004057  max_abs_dA=0.001361  int_signed_dA=1.961e-12  int_abs_dA=3.085e-12  A_min=0.0007065  max_dA_fwd=-3.857e-06
  [shape] epoch  29000  rmse=0.0004692  max_abs_dA=0.001515  int_signed_dA=-1.193e-12  int_abs_dA=2.562e-12  A_min=0.0007162  max_dA_fwd=-3.748e-06
  [shape] epoch  29250  rmse=0.0004885  max_abs_dA=0.001637  int_signed_dA=-1.219e-12  int_abs_dA=2.484e-12  A_min=0.0006927  max_dA_fwd=-3.783e-06
  [shape] epoch  29500  rmse=0.0003768  max_abs_dA=0.001279  int_signed_dA=1.467e-12  int_abs_dA=2.811e-12  A_min=0.0007089  max_dA_fwd=-3.845e-06
  [shape] epoch  29750  rmse=0.0003792  max_abs_dA=0.001242  int_signed_dA=1.516e-12  int_abs_dA=2.851e-12  A_min=0.0007037  max_dA_fwd=-3.853e-06
  [shape] epoch  30000  rmse=0.0004571  max_abs_dA=0.001539  int_signed_dA=-7.956e-13  int_abs_dA=2.454e-12  A_min=0.0007048  max_dA_fwd=-3.8e-06
  [shape] epoch  30250  rmse=0.000393  max_abs_dA=0.001255  int_signed_dA=1.811e-12  int_abs_dA=3.004e-12  A_min=0.0006956  max_dA_fwd=-3.875e-06
  [shape] epoch  30500  rmse=0.0008606  max_abs_dA=0.002317  int_signed_dA=6.268e-12  int_abs_dA=6.317e-12  A_min=0.0007131  max_dA_fwd=-3.959e-06
  [shape] epoch  30750  rmse=0.0003717  max_abs_dA=0.001182  int_signed_dA=1.437e-12  int_abs_dA=2.791e-12  A_min=0.0006938  max_dA_fwd=-3.865e-06
  [shape] epoch  31000  rmse=0.0003766  max_abs_dA=0.001215  int_signed_dA=1.619e-12  int_abs_dA=2.863e-12  A_min=0.0006974  max_dA_fwd=-3.867e-06
  [shape] epoch  31250  rmse=0.0003834  max_abs_dA=0.001246  int_signed_dA=1.811e-12  int_abs_dA=2.941e-12  A_min=0.0006973  max_dA_fwd=-3.877e-06
  [shape] epoch  31500  rmse=0.0005342  max_abs_dA=0.001684  int_signed_dA=3.679e-12  int_abs_dA=3.937e-12  A_min=0.000705  max_dA_fwd=-3.912e-06
  [shape] epoch  31750  rmse=0.0003811  max_abs_dA=0.001145  int_signed_dA=1.672e-12  int_abs_dA=2.927e-12  A_min=0.000689  max_dA_fwd=-3.887e-06
  [shape] epoch  32000  rmse=0.0003786  max_abs_dA=0.001218  int_signed_dA=1.803e-12  int_abs_dA=2.908e-12  A_min=0.0006923  max_dA_fwd=-3.882e-06
  [shape] epoch  32250  rmse=0.0004685  max_abs_dA=0.001503  int_signed_dA=3.059e-12  int_abs_dA=3.558e-12  A_min=0.0007041  max_dA_fwd=-3.909e-06
  [shape] epoch  32500  rmse=0.000362  max_abs_dA=0.001047  int_signed_dA=1.146e-12  int_abs_dA=2.677e-12  A_min=0.0006821  max_dA_fwd=-3.878e-06
  [shape] epoch  32750  rmse=0.0003556  max_abs_dA=0.001049  int_signed_dA=7.985e-13  int_abs_dA=2.521e-12  A_min=0.000687  max_dA_fwd=-3.866e-06
  [shape] epoch  33000  rmse=0.0003515  max_abs_dA=0.001089  int_signed_dA=1.202e-12  int_abs_dA=2.606e-12  A_min=0.0006841  max_dA_fwd=-3.873e-06
  [shape] epoch  33250  rmse=0.0003635  max_abs_dA=0.001156  int_signed_dA=1.612e-12  int_abs_dA=2.782e-12  A_min=0.0006865  max_dA_fwd=-3.885e-06
  [shape] epoch  33500  rmse=0.0004032  max_abs_dA=0.001304  int_signed_dA=2.32e-12  int_abs_dA=3.112e-12  A_min=0.0006896  max_dA_fwd=-3.901e-06
  [shape] epoch  33750  rmse=0.0003605  max_abs_dA=0.001143  int_signed_dA=1.597e-12  int_abs_dA=2.761e-12  A_min=0.0006841  max_dA_fwd=-3.889e-06
  [shape] epoch  34000  rmse=0.0003628  max_abs_dA=0.001294  int_signed_dA=1.832e-12  int_abs_dA=2.767e-12  A_min=0.0006922  max_dA_fwd=-3.885e-06
  [shape] epoch  34250  rmse=0.0003588  max_abs_dA=0.001107  int_signed_dA=1.557e-12  int_abs_dA=2.745e-12  A_min=0.000678  max_dA_fwd=-3.892e-06
  [shape] epoch  34500  rmse=0.0004072  max_abs_dA=0.001321  int_signed_dA=2.445e-12  int_abs_dA=3.121e-12  A_min=0.0006819  max_dA_fwd=-3.908e-06
  [shape] epoch  34750  rmse=0.0003562  max_abs_dA=0.001101  int_signed_dA=1.561e-12  int_abs_dA=2.74e-12  A_min=0.000683  max_dA_fwd=-3.893e-06
  [shape] epoch  35000  rmse=0.0005701  max_abs_dA=0.001594  int_signed_dA=4.043e-12  int_abs_dA=4.221e-12  A_min=0.0006872  max_dA_fwd=-3.954e-06
  [shape] epoch  35250  rmse=0.0003591  max_abs_dA=0.001115  int_signed_dA=1.668e-12  int_abs_dA=2.771e-12  A_min=0.0006784  max_dA_fwd=-3.897e-06
  [shape] epoch  35500  rmse=0.0003446  max_abs_dA=0.001113  int_signed_dA=1.473e-12  int_abs_dA=2.623e-12  A_min=0.0006784  max_dA_fwd=-3.889e-06
  [shape] epoch  35750  rmse=0.0003583  max_abs_dA=0.001118  int_signed_dA=1.713e-12  int_abs_dA=2.765e-12  A_min=0.0006749  max_dA_fwd=-3.9e-06
  [shape] epoch  36000  rmse=0.0003358  max_abs_dA=0.001116  int_signed_dA=1.431e-12  int_abs_dA=2.533e-12  A_min=0.0006723  max_dA_fwd=-3.884e-06
  [shape] epoch  36250  rmse=0.0005463  max_abs_dA=0.001513  int_signed_dA=3.853e-12  int_abs_dA=4.073e-12  A_min=0.0006862  max_dA_fwd=-3.949e-06
  [shape] epoch  36500  rmse=0.0004664  max_abs_dA=0.001594  int_signed_dA=-1.352e-12  int_abs_dA=2.368e-12  A_min=0.0006532  max_dA_fwd=-3.836e-06
  [shape] epoch  36750  rmse=0.0003771  max_abs_dA=0.001226  int_signed_dA=2.146e-12  int_abs_dA=2.892e-12  A_min=0.000668  max_dA_fwd=-3.907e-06
  [shape] epoch  37000  rmse=0.0005075  max_abs_dA=0.00152  int_signed_dA=3.511e-12  int_abs_dA=3.732e-12  A_min=0.0006689  max_dA_fwd=-3.938e-06
  [shape] epoch  37250  rmse=0.0003278  max_abs_dA=0.001051  int_signed_dA=1.244e-12  int_abs_dA=2.449e-12  A_min=0.0006674  max_dA_fwd=-3.885e-06
  [shape] epoch  37500  rmse=0.0003534  max_abs_dA=0.001101  int_signed_dA=1.757e-12  int_abs_dA=2.728e-12  A_min=0.0006658  max_dA_fwd=-3.904e-06
  [shape] epoch  37750  rmse=0.000376  max_abs_dA=0.001303  int_signed_dA=-3.016e-13  int_abs_dA=2.149e-12  A_min=0.0006563  max_dA_fwd=-3.862e-06
  [shape] epoch  38000  rmse=0.0003307  max_abs_dA=0.0009972  int_signed_dA=1.266e-12  int_abs_dA=2.493e-12  A_min=0.0006645  max_dA_fwd=-3.89e-06
  [shape] epoch  38250  rmse=0.0003786  max_abs_dA=0.001188  int_signed_dA=2.197e-12  int_abs_dA=2.931e-12  A_min=0.000668  max_dA_fwd=-3.913e-06
  [shape] epoch  38500  rmse=0.0003214  max_abs_dA=0.0009851  int_signed_dA=1.065e-12  int_abs_dA=2.367e-12  A_min=0.000663  max_dA_fwd=-3.884e-06
  [shape] epoch  38750  rmse=0.0003381  max_abs_dA=0.001034  int_signed_dA=1.523e-12  int_abs_dA=2.598e-12  A_min=0.0006622  max_dA_fwd=-3.901e-06
  [shape] epoch  39000  rmse=0.0003194  max_abs_dA=0.001  int_signed_dA=1.156e-12  int_abs_dA=2.372e-12  A_min=0.0006593  max_dA_fwd=-3.886e-06
  [shape] epoch  39250  rmse=0.0003432  max_abs_dA=0.001039  int_signed_dA=1.631e-12  int_abs_dA=2.637e-12  A_min=0.0006539  max_dA_fwd=-3.905e-06
  [shape] epoch  39500  rmse=0.0003373  max_abs_dA=0.001035  int_signed_dA=1.57e-12  int_abs_dA=2.59e-12  A_min=0.0006572  max_dA_fwd=-3.9e-06
  [shape] epoch  39750  rmse=0.0003276  max_abs_dA=0.0009796  int_signed_dA=1.34e-12  int_abs_dA=2.48e-12  A_min=0.0006511  max_dA_fwd=-3.897e-06
  [shape] epoch  40000  rmse=0.000369  max_abs_dA=0.001178  int_signed_dA=2.149e-12  int_abs_dA=2.837e-12  A_min=0.0006583  max_dA_fwd=-3.911e-06
  [shape] epoch  40250  rmse=0.0003381  max_abs_dA=0.001063  int_signed_dA=1.671e-12  int_abs_dA=2.599e-12  A_min=0.0006547  max_dA_fwd=-3.901e-06
  [shape] epoch  40500  rmse=0.0003136  max_abs_dA=0.0009113  int_signed_dA=9.396e-13  int_abs_dA=2.28e-12  A_min=0.0006512  max_dA_fwd=-3.885e-06
  [shape] epoch  40750  rmse=0.0003344  max_abs_dA=0.001033  int_signed_dA=1.604e-12  int_abs_dA=2.567e-12  A_min=0.0006515  max_dA_fwd=-3.902e-06
  [shape] epoch  41000  rmse=0.0003304  max_abs_dA=0.00101  int_signed_dA=1.531e-12  int_abs_dA=2.531e-12  A_min=0.0006507  max_dA_fwd=-3.9e-06
  [shape] epoch  41250  rmse=0.0003306  max_abs_dA=0.001003  int_signed_dA=1.533e-12  int_abs_dA=2.533e-12  A_min=0.0006495  max_dA_fwd=-3.9e-06
  [shape] epoch  41500  rmse=0.0003287  max_abs_dA=0.001007  int_signed_dA=1.541e-12  int_abs_dA=2.512e-12  A_min=0.0006472  max_dA_fwd=-3.897e-06
  [shape] epoch  41750  rmse=0.0003147  max_abs_dA=0.0009369  int_signed_dA=1.183e-12  int_abs_dA=2.355e-12  A_min=0.0006475  max_dA_fwd=-3.889e-06
  [shape] epoch  42000  rmse=0.0003103  max_abs_dA=0.0008847  int_signed_dA=9.881e-13  int_abs_dA=2.271e-12  A_min=0.0006428  max_dA_fwd=-3.886e-06
  [shape] epoch  42250  rmse=0.0003179  max_abs_dA=0.0009504  int_signed_dA=1.305e-12  int_abs_dA=2.401e-12  A_min=0.0006444  max_dA_fwd=-3.893e-06
  [shape] epoch  42500  rmse=0.0003481  max_abs_dA=0.001092  int_signed_dA=1.932e-12  int_abs_dA=2.673e-12  A_min=0.0006472  max_dA_fwd=-3.902e-06
  [shape] epoch  42750  rmse=0.0003311  max_abs_dA=0.00103  int_signed_dA=1.668e-12  int_abs_dA=2.537e-12  A_min=0.0006443  max_dA_fwd=-3.897e-06
  [shape] epoch  43000  rmse=0.0003001  max_abs_dA=0.0009006  int_signed_dA=7.078e-13  int_abs_dA=2.1e-12  A_min=0.0006425  max_dA_fwd=-3.872e-06
  [shape] epoch  43250  rmse=0.0003286  max_abs_dA=0.001016  int_signed_dA=1.633e-12  int_abs_dA=2.513e-12  A_min=0.0006408  max_dA_fwd=-3.897e-06
  [shape] epoch  43500  rmse=0.0004643  max_abs_dA=0.001389  int_signed_dA=3.204e-12  int_abs_dA=3.425e-12  A_min=0.0006519  max_dA_fwd=-3.925e-06
  [shape] epoch  43750  rmse=0.0003172  max_abs_dA=0.0009513  int_signed_dA=1.398e-12  int_abs_dA=2.408e-12  A_min=0.000639  max_dA_fwd=-3.893e-06
  [shape] epoch  44000  rmse=0.0003593  max_abs_dA=0.001139  int_signed_dA=2.135e-12  int_abs_dA=2.729e-12  A_min=0.0006407  max_dA_fwd=-3.903e-06
  [shape] epoch  44250  rmse=0.0003429  max_abs_dA=0.001072  int_signed_dA=1.906e-12  int_abs_dA=2.625e-12  A_min=0.0006403  max_dA_fwd=-3.9e-06
  [shape] epoch  44500  rmse=0.0003076  max_abs_dA=0.0009636  int_signed_dA=1.323e-12  int_abs_dA=2.322e-12  A_min=0.0006418  max_dA_fwd=-3.884e-06
  [shape] epoch  44750  rmse=0.0003192  max_abs_dA=0.0009711  int_signed_dA=1.514e-12  int_abs_dA=2.431e-12  A_min=0.0006354  max_dA_fwd=-3.893e-06
  [shape] epoch  45000  rmse=0.0003223  max_abs_dA=0.001021  int_signed_dA=1.637e-12  int_abs_dA=2.454e-12  A_min=0.0006362  max_dA_fwd=-3.891e-06
  [shape] epoch  45250  rmse=0.0003093  max_abs_dA=0.0009271  int_signed_dA=1.331e-12  int_abs_dA=2.326e-12  A_min=0.0006301  max_dA_fwd=-3.887e-06
  [shape] epoch  45500  rmse=0.0003036  max_abs_dA=0.0008886  int_signed_dA=1.172e-12  int_abs_dA=2.262e-12  A_min=0.0006316  max_dA_fwd=-3.882e-06
  [shape] epoch  45750  rmse=0.0002983  max_abs_dA=0.0008775  int_signed_dA=1.066e-12  int_abs_dA=2.198e-12  A_min=0.0006311  max_dA_fwd=-3.879e-06
  [shape] epoch  46000  rmse=0.0003097  max_abs_dA=0.0009334  int_signed_dA=1.381e-12  int_abs_dA=2.339e-12  A_min=0.0006302  max_dA_fwd=-3.886e-06
  [shape] epoch  46250  rmse=0.0003091  max_abs_dA=0.0009517  int_signed_dA=1.415e-12  int_abs_dA=2.335e-12  A_min=0.0006304  max_dA_fwd=-3.885e-06
  [shape] epoch  46500  rmse=0.0003298  max_abs_dA=0.001041  int_signed_dA=1.792e-12  int_abs_dA=2.501e-12  A_min=0.0006297  max_dA_fwd=-3.891e-06
  [shape] epoch  46750  rmse=0.0002963  max_abs_dA=0.0009427  int_signed_dA=1.229e-12  int_abs_dA=2.209e-12  A_min=0.0006323  max_dA_fwd=-3.875e-06
  [shape] epoch  47000  rmse=0.0002946  max_abs_dA=0.0009811  int_signed_dA=2.741e-13  int_abs_dA=1.873e-12  A_min=0.0006249  max_dA_fwd=-3.856e-06
  [shape] epoch  47250  rmse=0.0002962  max_abs_dA=0.0008967  int_signed_dA=1.175e-12  int_abs_dA=2.2e-12  A_min=0.0006265  max_dA_fwd=-3.876e-06
  [shape] epoch  47500  rmse=0.0002977  max_abs_dA=0.0009131  int_signed_dA=1.243e-12  int_abs_dA=2.225e-12  A_min=0.0006283  max_dA_fwd=-3.876e-06
  [shape] epoch  47750  rmse=0.0002988  max_abs_dA=0.0009668  int_signed_dA=1.362e-12  int_abs_dA=2.24e-12  A_min=0.0006286  max_dA_fwd=-3.875e-06
  [shape] epoch  48000  rmse=0.0003064  max_abs_dA=0.000921  int_signed_dA=1.402e-12  int_abs_dA=2.304e-12  A_min=0.0006219  max_dA_fwd=-3.881e-06
  [shape] epoch  48250  rmse=0.000297  max_abs_dA=0.0009002  int_signed_dA=1.244e-12  int_abs_dA=2.212e-12  A_min=0.000622  max_dA_fwd=-3.875e-06
  [shape] epoch  48500  rmse=0.0002952  max_abs_dA=0.0008957  int_signed_dA=1.218e-12  int_abs_dA=2.195e-12  A_min=0.0006225  max_dA_fwd=-3.874e-06
  [shape] epoch  48750  rmse=0.0002925  max_abs_dA=0.0008775  int_signed_dA=1.152e-12  int_abs_dA=2.161e-12  A_min=0.0006197  max_dA_fwd=-3.872e-06
  [shape] epoch  49000  rmse=0.0002851  max_abs_dA=0.0008256  int_signed_dA=9.035e-13  int_abs_dA=2.047e-12  A_min=0.0006177  max_dA_fwd=-3.865e-06
  [shape] epoch  49250  rmse=0.0002889  max_abs_dA=0.0008719  int_signed_dA=1.108e-12  int_abs_dA=2.123e-12  A_min=0.0006183  max_dA_fwd=-3.869e-06
  [shape] epoch  49500  rmse=0.0002948  max_abs_dA=0.0009005  int_signed_dA=1.264e-12  int_abs_dA=2.192e-12  A_min=0.0006179  max_dA_fwd=-3.872e-06
  [shape] epoch  49750  rmse=0.0002923  max_abs_dA=0.000894  int_signed_dA=1.224e-12  int_abs_dA=2.16e-12  A_min=0.0006147  max_dA_fwd=-3.87e-06
  [shape] epoch  50000  rmse=0.0003132  max_abs_dA=0.0009587  int_signed_dA=1.592e-12  int_abs_dA=2.35e-12  A_min=0.0006141  max_dA_fwd=-3.88e-06
  [shape] epoch  50250  rmse=0.000293  max_abs_dA=0.0008913  int_signed_dA=1.246e-12  int_abs_dA=2.169e-12  A_min=0.0006136  max_dA_fwd=-3.87e-06
  [shape] epoch  50500  rmse=0.0003146  max_abs_dA=0.0009875  int_signed_dA=1.66e-12  int_abs_dA=2.36e-12  A_min=0.0006166  max_dA_fwd=-3.876e-06
  [shape] epoch  50750  rmse=0.0002959  max_abs_dA=0.0009049  int_signed_dA=1.326e-12  int_abs_dA=2.197e-12  A_min=0.0006118  max_dA_fwd=-3.87e-06
  [shape] epoch  51000  rmse=0.000293  max_abs_dA=0.0008937  int_signed_dA=1.278e-12  int_abs_dA=2.171e-12  A_min=0.000612  max_dA_fwd=-3.868e-06
  [shape] epoch  51250  rmse=0.0003531  max_abs_dA=0.001039  int_signed_dA=2.093e-12  int_abs_dA=2.628e-12  A_min=0.0006102  max_dA_fwd=-3.889e-06
  [shape] epoch  51500  rmse=0.0002905  max_abs_dA=0.0008841  int_signed_dA=1.24e-12  int_abs_dA=2.144e-12  A_min=0.0006102  max_dA_fwd=-3.866e-06
  [shape] epoch  51750  rmse=0.0002792  max_abs_dA=0.0008889  int_signed_dA=1.093e-12  int_abs_dA=2.028e-12  A_min=0.0006111  max_dA_fwd=-3.857e-06
  [shape] epoch  52000  rmse=0.0002892  max_abs_dA=0.0008854  int_signed_dA=1.241e-12  int_abs_dA=2.127e-12  A_min=0.0006073  max_dA_fwd=-3.864e-06
  [shape] epoch  52250  rmse=0.0002751  max_abs_dA=0.0008133  int_signed_dA=8.69e-13  int_abs_dA=1.952e-12  A_min=0.000608  max_dA_fwd=-3.853e-06
  [shape] epoch  52500  rmse=0.0002866  max_abs_dA=0.0008671  int_signed_dA=1.189e-12  int_abs_dA=2.098e-12  A_min=0.0006048  max_dA_fwd=-3.861e-06
  [shape] epoch  52750  rmse=0.0002802  max_abs_dA=0.0008532  int_signed_dA=1.074e-12  int_abs_dA=2.027e-12  A_min=0.0006037  max_dA_fwd=-3.857e-06
  [shape] epoch  53000  rmse=0.0002817  max_abs_dA=0.0008159  int_signed_dA=1.024e-12  int_abs_dA=2.032e-12  A_min=0.0006017  max_dA_fwd=-3.858e-06
  [shape] epoch  53250  rmse=0.0002851  max_abs_dA=0.0008742  int_signed_dA=1.199e-12  int_abs_dA=2.082e-12  A_min=0.0006026  max_dA_fwd=-3.858e-06
  [shape] epoch  53500  rmse=0.0002886  max_abs_dA=0.0008821  int_signed_dA=1.264e-12  int_abs_dA=2.114e-12  A_min=0.000601  max_dA_fwd=-3.86e-06
  [shape] epoch  53750  rmse=0.0002818  max_abs_dA=0.0008612  int_signed_dA=1.143e-12  int_abs_dA=2.045e-12  A_min=0.0006006  max_dA_fwd=-3.855e-06
  [shape] epoch  54000  rmse=0.000287  max_abs_dA=0.0008853  int_signed_dA=1.261e-12  int_abs_dA=2.097e-12  A_min=0.0006  max_dA_fwd=-3.857e-06
  [shape] epoch  54250  rmse=0.0002799  max_abs_dA=0.0008464  int_signed_dA=1.099e-12  int_abs_dA=2.02e-12  A_min=0.0005979  max_dA_fwd=-3.854e-06
  [shape] epoch  54500  rmse=0.0002817  max_abs_dA=0.0008619  int_signed_dA=1.16e-12  int_abs_dA=2.04e-12  A_min=0.0005972  max_dA_fwd=-3.854e-06
  [shape] epoch  54750  rmse=0.0002799  max_abs_dA=0.0008541  int_signed_dA=1.127e-12  int_abs_dA=2.02e-12  A_min=0.0005964  max_dA_fwd=-3.852e-06
  [shape] epoch  55000  rmse=0.0002814  max_abs_dA=0.0008599  int_signed_dA=1.161e-12  int_abs_dA=2.033e-12  A_min=0.000595  max_dA_fwd=-3.852e-06
  [shape] epoch  55250  rmse=0.0002824  max_abs_dA=0.0008676  int_signed_dA=1.194e-12  int_abs_dA=2.043e-12  A_min=0.0005945  max_dA_fwd=-3.852e-06
  [shape] epoch  55500  rmse=0.0002794  max_abs_dA=0.00085  int_signed_dA=1.129e-12  int_abs_dA=2.011e-12  A_min=0.0005933  max_dA_fwd=-3.85e-06
  [shape] epoch  55750  rmse=0.0002785  max_abs_dA=0.0008482  int_signed_dA=1.117e-12  int_abs_dA=2e-12  A_min=0.0005924  max_dA_fwd=-3.849e-06
  [shape] epoch  56000  rmse=0.0002988  max_abs_dA=0.0009219  int_signed_dA=1.477e-12  int_abs_dA=2.179e-12  A_min=0.0005921  max_dA_fwd=-3.856e-06
  [shape] epoch  56250  rmse=0.0002758  max_abs_dA=0.0008231  int_signed_dA=1.042e-12  int_abs_dA=1.967e-12  A_min=0.0005905  max_dA_fwd=-3.846e-06
  [shape] epoch  56500  rmse=0.0002772  max_abs_dA=0.000843  int_signed_dA=1.105e-12  int_abs_dA=1.982e-12  A_min=0.0005893  max_dA_fwd=-3.846e-06
  [shape] epoch  56750  rmse=0.0002735  max_abs_dA=0.0008184  int_signed_dA=1.009e-12  int_abs_dA=1.938e-12  A_min=0.0005881  max_dA_fwd=-3.844e-06
  [shape] epoch  57000  rmse=0.0002749  max_abs_dA=0.0008316  int_signed_dA=1.061e-12  int_abs_dA=1.955e-12  A_min=0.0005875  max_dA_fwd=-3.844e-06
  [shape] epoch  57250  rmse=0.000276  max_abs_dA=0.0008422  int_signed_dA=1.1e-12  int_abs_dA=1.966e-12  A_min=0.0005868  max_dA_fwd=-3.844e-06
  [shape] epoch  57500  rmse=0.0002757  max_abs_dA=0.0008403  int_signed_dA=1.096e-12  int_abs_dA=1.961e-12  A_min=0.0005858  max_dA_fwd=-3.843e-06
  [shape] epoch  57750  rmse=0.0002721  max_abs_dA=0.0008249  int_signed_dA=1.022e-12  int_abs_dA=1.922e-12  A_min=0.0005851  max_dA_fwd=-3.84e-06
  [shape] epoch  58000  rmse=0.0002662  max_abs_dA=0.0007826  int_signed_dA=8.427e-13  int_abs_dA=1.841e-12  A_min=0.0005834  max_dA_fwd=-3.836e-06
  [shape] epoch  58250  rmse=0.0002741  max_abs_dA=0.0008383  int_signed_dA=1.083e-12  int_abs_dA=1.942e-12  A_min=0.0005835  max_dA_fwd=-3.84e-06
  [shape] epoch  58500  rmse=0.0002746  max_abs_dA=0.0008391  int_signed_dA=1.095e-12  int_abs_dA=1.945e-12  A_min=0.0005824  max_dA_fwd=-3.84e-06
  [shape] epoch  58750  rmse=0.0002719  max_abs_dA=0.0008213  int_signed_dA=1.029e-12  int_abs_dA=1.915e-12  A_min=0.0005809  max_dA_fwd=-3.838e-06
  [shape] epoch  59000  rmse=0.0002807  max_abs_dA=0.0008674  int_signed_dA=1.224e-12  int_abs_dA=2e-12  A_min=0.0005809  max_dA_fwd=-3.841e-06
  [shape] epoch  59250  rmse=0.0002764  max_abs_dA=0.0008491  int_signed_dA=1.144e-12  int_abs_dA=1.958e-12  A_min=0.0005797  max_dA_fwd=-3.838e-06
  [shape] epoch  59500  rmse=0.0002766  max_abs_dA=0.000846  int_signed_dA=1.145e-12  int_abs_dA=1.96e-12  A_min=0.0005792  max_dA_fwd=-3.838e-06
  [shape] epoch  59750  rmse=0.0002755  max_abs_dA=0.000817  int_signed_dA=1.083e-12  int_abs_dA=1.945e-12  A_min=0.0005766  max_dA_fwd=-3.838e-06
  [shape] epoch  59999  rmse=0.0002728  max_abs_dA=0.0008163  int_signed_dA=1.05e-12  int_abs_dA=1.918e-12  A_min=0.0005759  max_dA_fwd=-3.835e-06
[spectral-pn] spn-L1.5-s42: loss 1.158e-01 -> 5.576e-08 (x2075931 drop)
[spectral-pn] RMSE=0.0003 max|dA|=0.0008 gamma_eff=7.5871e+08 gamma_ratio=0.9992
[spectral-pn] snapshot=final best_epoch=59999 best_loss=5.576e-08 final_loss=5.576e-08
[spectral-pn-shape] cancel=0.547 int_signed_dA=1.0496e-12 int_abs_dA=1.9182e-12 A_min=5.7591e-04 max_dA_fwd=-3.8355e-06
[spectral-pn] saved: runs/transient/pn_corridor_ladder_60k/ladder_L1.5_2d
