PINN-BTE Training Log
Run ID: 20260708_132110
Started: 2026-07-08T13:22:05.417505
======================================================================

                    INFO     Logging to:                                        
                             runs/transient/1d_nongray_large_dt_100.0um_100K/202
                             60708_132110/training_20260708_132110.log          
                    INFO     Logging to:                                        
                             runs/transient/1d_nongray_large_dt_100.0um_100K/202
                             60708_132110/training_20260708_132110.log          
[07/08/26 13:22:06] INFO     Started W&B run: tr_1d_ng_L100.0um_dT100K ·        
                             20260708_132110 (932qo4cr)                         
[07/08/26 13:22:06] INFO     Started W&B run: tr_1d_ng_L100.0um_dT100K ·        
                             20260708_132110 (932qo4cr)                         

Phase 1: Pretraining β-network
  Temperature range: [250K, 350K]
  Epochs: 200
     0.2s | Epoch     0 | β Loss = 3.15e+00
  β pretraining complete! Final loss: 6.90e-01
╭───────────────────────────── Starting Training ──────────────────────────────╮
│   Mode      Transient_Nongray_LargeDT                                        │
│   Epochs    15000                                                            │
│   Device    cuda                                                             │
│   Run ID    20260708_132110                                                  │
╰──────────────────────────────────────────────────────────────────────────────╯

Phase 2: BTE Training
  L = 100.0 μm, ΔT = 100.0K
  T range: [250K, 350K]
  Kn_eff = 0.0010
  τ(T) model = holland (full branch-resolved Holland--Callaway)
  Waypoints: 24 (random-log), weight=50.0
  ALL 60 modes × ALL 16 angles (vectorized)
  Epochs: 15000
     0.9s | Epoch     0 | BTE=4.73e+00 | Energy=7.64e-04 | BC=1.98e-04 | 
IC_n=4.42e-04 | IC_T=0.00e+00 | dT=1.49e+01 | WP=4.79e+00 | GE=4.13e-04 | 
Amp=0.00e+00 | Total=2.45e+01
    75.3s | Epoch   200 | BTE=5.62e-01 | Energy=8.58e-03 | BC=2.42e-03 | 
IC_n=7.06e-03 | IC_T=0.00e+00 | dT=7.53e-03 | WP=4.82e-02 | GE=2.93e-05 | 
Amp=0.00e+00 | Total=6.36e-01
   151.7s | Epoch   400 | BTE=4.03e-01 | Energy=8.54e-03 | BC=4.94e-03 | 
IC_n=7.33e-03 | IC_T=0.00e+00 | dT=5.26e-03 | WP=4.07e-02 | GE=4.65e-06 | 
Amp=0.00e+00 | Total=4.69e-01
   226.0s | Epoch   600 | BTE=3.45e-01 | Energy=8.11e-03 | BC=2.54e-03 | 
IC_n=3.82e-03 | IC_T=0.00e+00 | dT=1.63e-02 | WP=3.54e-02 | GE=1.25e-05 | 
Amp=0.00e+00 | Total=4.11e-01
   302.2s | Epoch   800 | BTE=2.35e-01 | Energy=8.29e-03 | BC=2.76e-03 | 
IC_n=9.09e-03 | IC_T=0.00e+00 | dT=7.08e-03 | WP=2.83e-02 | GE=3.44e-06 | 
Amp=0.00e+00 | Total=2.90e-01
   377.0s | Epoch  1000 | BTE=2.66e-01 | Energy=8.89e-03 | BC=2.38e-03 | 
IC_n=4.71e-03 | IC_T=0.00e+00 | dT=8.93e-03 | WP=3.09e-02 | GE=1.22e-05 | 
Amp=0.00e+00 | Total=3.22e-01
   451.2s | Epoch  1200 | BTE=2.49e-01 | Energy=8.30e-03 | BC=2.22e-03 | 
IC_n=3.08e-03 | IC_T=0.00e+00 | dT=3.34e-03 | WP=2.10e-02 | GE=1.31e-06 | 
Amp=0.00e+00 | Total=2.87e-01
   525.9s | Epoch  1400 | BTE=2.63e-01 | Energy=9.01e-03 | BC=2.65e-03 | 
IC_n=2.25e-03 | IC_T=0.00e+00 | dT=1.77e-02 | WP=2.57e-02 | GE=3.66e-06 | 
Amp=0.00e+00 | Total=3.20e-01
   600.5s | Epoch  1600 | BTE=1.81e-01 | Energy=8.06e-03 | BC=2.08e-03 | 
IC_n=7.53e-03 | IC_T=0.00e+00 | dT=1.66e-02 | WP=2.59e-02 | GE=1.64e-06 | 
Amp=0.00e+00 | Total=2.41e-01
   675.4s | Epoch  1800 | BTE=1.95e-01 | Energy=8.86e-03 | BC=1.90e-03 | 
IC_n=1.24e-03 | IC_T=0.00e+00 | dT=1.69e-03 | WP=2.91e-02 | GE=3.80e-05 | 
Amp=0.00e+00 | Total=2.38e-01
   750.3s | Epoch  2000 | BTE=2.32e-01 | Energy=9.10e-03 | BC=1.67e-03 | 
IC_n=1.12e-03 | IC_T=0.00e+00 | dT=1.26e-02 | WP=2.89e-02 | GE=9.60e-08 | 
Amp=0.00e+00 | Total=2.85e-01
   825.6s | Epoch  2200 | BTE=1.86e-01 | Energy=9.55e-03 | BC=6.94e-03 | 
IC_n=1.00e-02 | IC_T=0.00e+00 | dT=6.05e-03 | WP=1.78e-02 | GE=1.75e-06 | 
Amp=0.00e+00 | Total=2.37e-01
   900.5s | Epoch  2400 | BTE=1.80e-01 | Energy=1.01e-02 | BC=1.82e-03 | 
IC_n=9.70e-04 | IC_T=0.00e+00 | dT=1.57e-02 | WP=1.62e-02 | GE=1.60e-05 | 
Amp=0.00e+00 | Total=2.24e-01
   976.8s | Epoch  2600 | BTE=1.67e-01 | Energy=9.88e-03 | BC=1.81e-03 | 
IC_n=1.00e-03 | IC_T=0.00e+00 | dT=1.66e-02 | WP=1.85e-02 | GE=1.58e-05 | 
Amp=0.00e+00 | Total=2.15e-01
  1051.7s | Epoch  2800 | BTE=1.50e-01 | Energy=9.34e-03 | BC=1.76e-03 | 
IC_n=1.31e-03 | IC_T=0.00e+00 | dT=2.20e-03 | WP=2.61e-02 | GE=3.34e-06 | 
Amp=0.00e+00 | Total=1.91e-01
  1128.5s | Epoch  3000 | BTE=2.01e-01 | Energy=1.13e-02 | BC=1.75e-03 | 
IC_n=9.70e-04 | IC_T=0.00e+00 | dT=2.10e-02 | WP=1.79e-02 | GE=3.68e-06 | 
Amp=0.00e+00 | Total=2.54e-01
  1205.3s | Epoch  3200 | BTE=1.60e-01 | Energy=1.12e-02 | BC=1.59e-03 | 
IC_n=1.12e-03 | IC_T=0.00e+00 | dT=4.09e-02 | WP=2.38e-02 | GE=2.18e-06 | 
Amp=0.00e+00 | Total=2.38e-01
  1281.6s | Epoch  3400 | BTE=1.76e-01 | Energy=1.11e-02 | BC=1.26e-03 | 
IC_n=5.93e-04 | IC_T=0.00e+00 | dT=9.08e-03 | WP=1.99e-02 | GE=2.68e-05 | 
Amp=0.00e+00 | Total=2.18e-01
  1356.2s | Epoch  3600 | BTE=1.60e-01 | Energy=1.13e-02 | BC=1.14e-03 | 
IC_n=7.23e-04 | IC_T=0.00e+00 | dT=2.61e-03 | WP=1.82e-02 | GE=5.11e-05 | 
Amp=0.00e+00 | Total=1.94e-01
  1431.4s | Epoch  3800 | BTE=1.26e-01 | Energy=1.11e-02 | BC=1.08e-03 | 
IC_n=1.04e-03 | IC_T=0.00e+00 | dT=4.38e-03 | WP=2.07e-02 | GE=4.63e-07 | 
Amp=0.00e+00 | Total=1.64e-01
  1507.3s | Epoch  4000 | BTE=1.76e-01 | Energy=1.07e-02 | BC=9.92e-04 | 
IC_n=7.29e-04 | IC_T=0.00e+00 | dT=6.91e-03 | WP=1.98e-02 | GE=2.87e-05 | 
Amp=0.00e+00 | Total=2.15e-01
  1581.8s | Epoch  4200 | BTE=1.70e-01 | Energy=1.07e-02 | BC=8.88e-04 | 
IC_n=9.16e-04 | IC_T=0.00e+00 | dT=7.28e-03 | WP=2.22e-02 | GE=3.53e-06 | 
Amp=0.00e+00 | Total=2.12e-01
  1658.6s | Epoch  4400 | BTE=1.15e-01 | Energy=1.13e-02 | BC=8.30e-04 | 
IC_n=6.47e-04 | IC_T=0.00e+00 | dT=1.17e-02 | WP=2.58e-02 | GE=1.56e-06 | 
Amp=0.00e+00 | Total=1.65e-01
  1733.7s | Epoch  4600 | BTE=1.70e-01 | Energy=1.18e-02 | BC=8.38e-04 | 
IC_n=7.69e-04 | IC_T=0.00e+00 | dT=4.26e-03 | WP=1.72e-02 | GE=3.51e-06 | 
Amp=0.00e+00 | Total=2.05e-01
  1809.2s | Epoch  4800 | BTE=1.00e-01 | Energy=1.10e-02 | BC=7.11e-04 | 
IC_n=8.76e-04 | IC_T=0.00e+00 | dT=5.47e-03 | WP=1.71e-02 | GE=3.03e-05 | 
Amp=0.00e+00 | Total=1.35e-01
  1884.3s | Epoch  5000 | BTE=1.26e-01 | Energy=1.10e-02 | BC=7.98e-04 | 
IC_n=1.18e-03 | IC_T=0.00e+00 | dT=4.01e-03 | WP=1.79e-02 | GE=2.48e-06 | 
Amp=0.00e+00 | Total=1.61e-01
  1959.4s | Epoch  5200 | BTE=1.43e-01 | Energy=1.19e-02 | BC=6.14e-04 | 
IC_n=8.57e-04 | IC_T=0.00e+00 | dT=3.61e-03 | WP=1.63e-02 | GE=3.56e-08 | 
Amp=0.00e+00 | Total=1.76e-01
  2035.6s | Epoch  5400 | BTE=1.31e-01 | Energy=1.16e-02 | BC=5.27e-04 | 
IC_n=7.17e-04 | IC_T=0.00e+00 | dT=7.37e-03 | WP=2.16e-02 | GE=1.10e-05 | 
Amp=0.00e+00 | Total=1.73e-01
  2109.1s | Epoch  5600 | BTE=1.51e-01 | Energy=1.13e-02 | BC=5.23e-04 | 
IC_n=7.49e-04 | IC_T=0.00e+00 | dT=8.47e-03 | WP=1.63e-02 | GE=2.16e-05 | 
Amp=0.00e+00 | Total=1.89e-01
  2185.4s | Epoch  5800 | BTE=1.59e-01 | Energy=1.12e-02 | BC=5.36e-04 | 
IC_n=7.14e-04 | IC_T=0.00e+00 | dT=2.02e-03 | WP=2.51e-02 | GE=2.69e-07 | 
Amp=0.00e+00 | Total=1.98e-01
  2259.9s | Epoch  6000 | BTE=1.56e-01 | Energy=1.20e-02 | BC=4.74e-04 | 
IC_n=4.73e-04 | IC_T=0.00e+00 | dT=3.57e-03 | WP=1.70e-02 | GE=1.16e-05 | 
Amp=0.00e+00 | Total=1.89e-01
  2334.6s | Epoch  6200 | BTE=1.05e-01 | Energy=1.13e-02 | BC=4.08e-04 | 
IC_n=7.05e-04 | IC_T=0.00e+00 | dT=4.37e-03 | WP=1.62e-02 | GE=8.23e-06 | 
Amp=0.00e+00 | Total=1.38e-01
  2410.1s | Epoch  6400 | BTE=1.68e-01 | Energy=1.22e-02 | BC=4.01e-04 | 
IC_n=5.17e-04 | IC_T=0.00e+00 | dT=8.97e-03 | WP=1.16e-02 | GE=7.60e-09 | 
Amp=0.00e+00 | Total=2.01e-01
  2487.2s | Epoch  6600 | BTE=1.74e-01 | Energy=1.14e-02 | BC=3.55e-04 | 
IC_n=6.71e-04 | IC_T=0.00e+00 | dT=4.65e-03 | WP=1.79e-02 | GE=3.03e-06 | 
Amp=0.00e+00 | Total=2.09e-01
  2562.7s | Epoch  6800 | BTE=1.43e-01 | Energy=1.17e-02 | BC=3.70e-04 | 
IC_n=7.11e-04 | IC_T=0.00e+00 | dT=2.55e-03 | WP=1.65e-02 | GE=1.01e-05 | 
Amp=0.00e+00 | Total=1.75e-01
  2637.8s | Epoch  7000 | BTE=1.67e-01 | Energy=1.14e-02 | BC=3.03e-04 | 
IC_n=6.53e-04 | IC_T=0.00e+00 | dT=1.24e-03 | WP=8.72e-03 | GE=6.38e-06 | 
Amp=0.00e+00 | Total=1.89e-01
  2713.0s | Epoch  7200 | BTE=1.01e-01 | Energy=1.09e-02 | BC=2.94e-04 | 
IC_n=6.15e-04 | IC_T=0.00e+00 | dT=2.18e-03 | WP=2.20e-02 | GE=2.53e-05 | 
Amp=0.00e+00 | Total=1.37e-01
  2789.0s | Epoch  7400 | BTE=1.24e-01 | Energy=1.02e-02 | BC=2.82e-04 | 
IC_n=7.38e-04 | IC_T=0.00e+00 | dT=1.16e-03 | WP=2.27e-02 | GE=1.01e-05 | 
Amp=0.00e+00 | Total=1.59e-01
  2864.5s | Epoch  7600 | BTE=1.46e-01 | Energy=1.22e-02 | BC=2.58e-04 | 
IC_n=6.11e-04 | IC_T=0.00e+00 | dT=1.12e-03 | WP=1.06e-02 | GE=8.76e-05 | 
Amp=0.00e+00 | Total=1.71e-01
  2940.4s | Epoch  7800 | BTE=1.50e-01 | Energy=1.06e-02 | BC=2.94e-04 | 
IC_n=6.72e-04 | IC_T=0.00e+00 | dT=3.52e-03 | WP=1.51e-02 | GE=9.06e-05 | 
Amp=0.00e+00 | Total=1.81e-01
  3016.5s | Epoch  8000 | BTE=1.42e-01 | Energy=1.18e-02 | BC=2.44e-04 | 
IC_n=5.88e-04 | IC_T=0.00e+00 | dT=2.02e-03 | WP=1.70e-02 | GE=3.41e-07 | 
Amp=0.00e+00 | Total=1.74e-01
  3090.7s | Epoch  8200 | BTE=1.22e-01 | Energy=1.16e-02 | BC=2.19e-04 | 
IC_n=5.81e-04 | IC_T=0.00e+00 | dT=1.02e-03 | WP=1.28e-02 | GE=3.54e-05 | 
Amp=0.00e+00 | Total=1.48e-01
  3167.3s | Epoch  8400 | BTE=1.45e-01 | Energy=1.11e-02 | BC=2.26e-04 | 
IC_n=8.74e-04 | IC_T=0.00e+00 | dT=1.44e-03 | WP=9.28e-03 | GE=3.57e-05 | 
Amp=0.00e+00 | Total=1.68e-01
  3243.2s | Epoch  8600 | BTE=1.35e-01 | Energy=1.19e-02 | BC=2.16e-04 | 
IC_n=6.31e-04 | IC_T=0.00e+00 | dT=4.54e-03 | WP=1.04e-02 | GE=3.67e-06 | 
Amp=0.00e+00 | Total=1.63e-01
  3319.7s | Epoch  8800 | BTE=1.30e-01 | Energy=1.22e-02 | BC=2.07e-04 | 
IC_n=6.61e-04 | IC_T=0.00e+00 | dT=1.34e-03 | WP=7.98e-03 | GE=1.57e-06 | 
Amp=0.00e+00 | Total=1.53e-01
  3394.8s | Epoch  9000 | BTE=1.41e-01 | Energy=1.05e-02 | BC=1.95e-04 | 
IC_n=6.48e-04 | IC_T=0.00e+00 | dT=2.25e-03 | WP=1.43e-02 | GE=2.36e-05 | 
Amp=0.00e+00 | Total=1.69e-01
  3470.2s | Epoch  9200 | BTE=1.38e-01 | Energy=1.16e-02 | BC=2.00e-04 | 
IC_n=6.44e-04 | IC_T=0.00e+00 | dT=2.71e-03 | WP=8.88e-03 | GE=3.53e-05 | 
Amp=0.00e+00 | Total=1.62e-01
  3544.8s | Epoch  9400 | BTE=1.18e-01 | Energy=1.16e-02 | BC=1.81e-04 | 
IC_n=6.03e-04 | IC_T=0.00e+00 | dT=3.18e-04 | WP=1.22e-02 | GE=3.83e-07 | 
Amp=0.00e+00 | Total=1.43e-01
  3620.4s | Epoch  9600 | BTE=1.14e-01 | Energy=1.11e-02 | BC=1.97e-04 | 
IC_n=6.42e-04 | IC_T=0.00e+00 | dT=3.76e-03 | WP=1.79e-02 | GE=2.36e-05 | 
Amp=0.00e+00 | Total=1.48e-01
  3697.1s | Epoch  9800 | BTE=1.38e-01 | Energy=1.14e-02 | BC=1.78e-04 | 
IC_n=7.06e-04 | IC_T=0.00e+00 | dT=6.01e-04 | WP=6.83e-03 | GE=9.87e-08 | 
Amp=0.00e+00 | Total=1.58e-01
  3773.4s | Epoch 10000 | BTE=1.30e-01 | Energy=1.19e-02 | BC=1.75e-04 | 
IC_n=6.21e-04 | IC_T=0.00e+00 | dT=1.19e-03 | WP=8.69e-03 | GE=6.21e-07 | 
Amp=0.00e+00 | Total=1.53e-01
  3848.5s | Epoch 10200 | BTE=1.40e-01 | Energy=1.15e-02 | BC=1.63e-04 | 
IC_n=6.66e-04 | IC_T=0.00e+00 | dT=1.54e-03 | WP=9.83e-03 | GE=9.19e-06 | 
Amp=0.00e+00 | Total=1.64e-01
  3924.6s | Epoch 10400 | BTE=1.67e-01 | Energy=1.15e-02 | BC=1.67e-04 | 
IC_n=7.59e-04 | IC_T=0.00e+00 | dT=1.86e-03 | WP=1.21e-02 | GE=2.39e-05 | 
Amp=0.00e+00 | Total=1.93e-01
  4000.4s | Epoch 10600 | BTE=1.32e-01 | Energy=1.09e-02 | BC=1.60e-04 | 
IC_n=7.95e-04 | IC_T=0.00e+00 | dT=3.68e-03 | WP=1.12e-02 | GE=3.47e-05 | 
Amp=0.00e+00 | Total=1.59e-01
  4077.1s | Epoch 10800 | BTE=9.28e-02 | Energy=1.10e-02 | BC=1.59e-04 | 
IC_n=6.62e-04 | IC_T=0.00e+00 | dT=5.91e-04 | WP=9.78e-03 | GE=5.54e-07 | 
Amp=0.00e+00 | Total=1.15e-01
  4151.3s | Epoch 11000 | BTE=1.02e-01 | Energy=1.14e-02 | BC=1.59e-04 | 
IC_n=5.84e-04 | IC_T=0.00e+00 | dT=9.75e-04 | WP=1.36e-02 | GE=6.60e-05 | 
Amp=0.00e+00 | Total=1.29e-01
  4225.7s | Epoch 11200 | BTE=1.21e-01 | Energy=1.24e-02 | BC=1.52e-04 | 
IC_n=6.53e-04 | IC_T=0.00e+00 | dT=1.39e-03 | WP=1.44e-02 | GE=1.19e-05 | 
Amp=0.00e+00 | Total=1.50e-01
  4299.7s | Epoch 11400 | BTE=1.29e-01 | Energy=1.11e-02 | BC=1.51e-04 | 
IC_n=6.45e-04 | IC_T=0.00e+00 | dT=1.63e-03 | WP=1.01e-02 | GE=7.35e-07 | 
Amp=0.00e+00 | Total=1.53e-01
  4372.0s | Epoch 11600 | BTE=8.60e-02 | Energy=1.17e-02 | BC=1.53e-04 | 
IC_n=6.78e-04 | IC_T=0.00e+00 | dT=1.76e-03 | WP=9.44e-03 | GE=1.08e-06 | 
Amp=0.00e+00 | Total=1.10e-01
  4447.7s | Epoch 11800 | BTE=1.39e-01 | Energy=1.16e-02 | BC=1.53e-04 | 
IC_n=6.83e-04 | IC_T=0.00e+00 | dT=1.25e-03 | WP=1.18e-02 | GE=1.78e-05 | 
Amp=0.00e+00 | Total=1.64e-01
  4522.7s | Epoch 12000 | BTE=1.05e-01 | Energy=1.13e-02 | BC=1.75e-04 | 
IC_n=6.54e-04 | IC_T=0.00e+00 | dT=3.32e-04 | WP=1.22e-02 | GE=2.60e-06 | 
Amp=0.00e+00 | Total=1.30e-01
  4599.3s | Epoch 12200 | BTE=1.46e-01 | Energy=1.19e-02 | BC=1.43e-04 | 
IC_n=6.99e-04 | IC_T=0.00e+00 | dT=8.70e-04 | WP=9.80e-03 | GE=3.66e-05 | 
Amp=0.00e+00 | Total=1.69e-01
  4673.4s | Epoch 12400 | BTE=1.27e-01 | Energy=1.21e-02 | BC=1.47e-04 | 
IC_n=7.04e-04 | IC_T=0.00e+00 | dT=1.69e-03 | WP=1.06e-02 | GE=9.73e-06 | 
Amp=0.00e+00 | Total=1.53e-01
  4749.9s | Epoch 12600 | BTE=9.87e-02 | Energy=1.13e-02 | BC=1.54e-04 | 
IC_n=6.31e-04 | IC_T=0.00e+00 | dT=1.68e-03 | WP=1.60e-02 | GE=3.11e-05 | 
Amp=0.00e+00 | Total=1.29e-01
  4823.6s | Epoch 12800 | BTE=1.29e-01 | Energy=1.05e-02 | BC=1.40e-04 | 
IC_n=6.73e-04 | IC_T=0.00e+00 | dT=6.15e-04 | WP=5.95e-03 | GE=1.16e-05 | 
Amp=0.00e+00 | Total=1.47e-01
  4896.3s | Epoch 13000 | BTE=1.52e-01 | Energy=1.15e-02 | BC=1.41e-04 | 
IC_n=6.30e-04 | IC_T=0.00e+00 | dT=2.10e-04 | WP=1.20e-02 | GE=2.16e-07 | 
Amp=0.00e+00 | Total=1.77e-01
  4969.4s | Epoch 13200 | BTE=1.57e-01 | Energy=1.04e-02 | BC=1.42e-04 | 
IC_n=6.77e-04 | IC_T=0.00e+00 | dT=2.87e-04 | WP=6.95e-03 | GE=1.93e-05 | 
Amp=0.00e+00 | Total=1.76e-01
  5042.3s | Epoch 13400 | BTE=1.45e-01 | Energy=1.09e-02 | BC=1.46e-04 | 
IC_n=6.64e-04 | IC_T=0.00e+00 | dT=1.19e-03 | WP=7.23e-03 | GE=6.24e-05 | 
Amp=0.00e+00 | Total=1.65e-01
  5113.9s | Epoch 13600 | BTE=1.51e-01 | Energy=1.17e-02 | BC=1.46e-04 | 
IC_n=6.74e-04 | IC_T=0.00e+00 | dT=1.13e-03 | WP=1.58e-02 | GE=6.40e-06 | 
Amp=0.00e+00 | Total=1.80e-01
  5184.7s | Epoch 13800 | BTE=1.60e-01 | Energy=1.17e-02 | BC=1.38e-04 | 
IC_n=6.65e-04 | IC_T=0.00e+00 | dT=1.18e-03 | WP=9.82e-03 | GE=6.09e-06 | 
Amp=0.00e+00 | Total=1.84e-01
  5256.4s | Epoch 14000 | BTE=1.50e-01 | Energy=1.13e-02 | BC=1.42e-04 | 
IC_n=6.71e-04 | IC_T=0.00e+00 | dT=2.29e-04 | WP=1.07e-02 | GE=1.80e-07 | 
Amp=0.00e+00 | Total=1.73e-01
  5329.6s | Epoch 14200 | BTE=1.41e-01 | Energy=1.04e-02 | BC=1.42e-04 | 
IC_n=6.55e-04 | IC_T=0.00e+00 | dT=5.73e-04 | WP=1.33e-02 | GE=3.32e-05 | 
Amp=0.00e+00 | Total=1.66e-01
  5402.0s | Epoch 14400 | BTE=1.16e-01 | Energy=1.10e-02 | BC=1.39e-04 | 
IC_n=6.63e-04 | IC_T=0.00e+00 | dT=5.52e-04 | WP=7.84e-03 | GE=3.22e-05 | 
Amp=0.00e+00 | Total=1.36e-01
  5476.4s | Epoch 14600 | BTE=1.81e-01 | Energy=1.16e-02 | BC=1.37e-04 | 
IC_n=6.47e-04 | IC_T=0.00e+00 | dT=2.16e-04 | WP=1.45e-02 | GE=3.13e-05 | 
Amp=0.00e+00 | Total=2.08e-01
  5551.0s | Epoch 14800 | BTE=1.18e-01 | Energy=1.19e-02 | BC=1.36e-04 | 
IC_n=6.66e-04 | IC_T=0.00e+00 | dT=1.00e-03 | WP=9.62e-03 | GE=7.53e-05 | 
Amp=0.00e+00 | Total=1.41e-01
╭───────────────────────────── Training Complete ──────────────────────────────╮
│   Time      5625.12s                                                         │
│   Output    runs/transient/1d_nongray_large_dt_100.0um_100K/20260708_1321…   │
│   Saved     net_T_20260708_132110.pt                                         │
│   Saved     net_n_20260708_132110.pt                                         │
│   Saved     net_beta_20260708_132110.pt                                      │
╰──────────────────────────────────────────────────────────────────────────────╯
Results saved to: 
runs/transient/1d_nongray_large_dt_100.0um_100K/20260708_132110/20260708_132110_
results.npz
  Generating visualizations...
  Amplitude: A(0)=50.0000, A(end)=0.0344 (99.9% decay)
  Energy drift: 0.0004
  Saved: 
runs/transient/1d_nongray_large_dt_100.0um_100K/20260708_132110/amplitude_decay_
20260708_132110.png

Done!
