[spectral-pn] case: L=10.0 um, Nk=20, L_max=8, run=20260907_155322
[spectral-pn] window t_end=2.246e-07 s (33306.5 tau_ref), gamma_dom=3.1170e+07 Hz
[spectral-pn] window mode=n_decay rule=n_decay (t_1% at 0.01*A0: nan s; n_dec=7/gamma_dom: 2.2457e-07 s)
  epoch      0  residual 8.488e+00
  epoch    250  residual 1.920e-03
  epoch    500  residual 1.299e-03
  epoch    750  residual 7.000e-04
  epoch   1000  residual 2.963e-04
  epoch   1250  residual 1.893e-04
  epoch   1500  residual 1.475e-04
  epoch   1750  residual 1.167e-04
  epoch   2000  residual 9.506e-05
  epoch   2250  residual 1.204e-04
  epoch   2500  residual 6.495e-05
  epoch   2750  residual 6.667e-05
  epoch   3000  residual 5.260e-05
  epoch   3250  residual 4.006e-05
  epoch   3500  residual 6.922e-05
  epoch   3750  residual 3.034e-05
  epoch   4000  residual 2.685e-05
  epoch   4250  residual 2.409e-05
  epoch   4500  residual 2.129e-05
  epoch   4750  residual 3.152e-05
  epoch   5000  residual 1.715e-05
  epoch   5250  residual 1.017e-04
  epoch   5500  residual 1.422e-05
  epoch   5750  residual 6.008e-05
  epoch   6000  residual 1.413e-05
  epoch   6250  residual 1.262e-05
  epoch   6500  residual 2.028e-05
  epoch   6750  residual 3.908e-05
  epoch   7000  residual 8.643e-06
  epoch   7250  residual 1.737e-05
  epoch   7500  residual 1.060e-05
  epoch   7750  residual 7.013e-06
  epoch   8000  residual 6.610e-06
  epoch   8250  residual 8.356e-06
  epoch   8500  residual 7.346e-06
  epoch   8750  residual 1.855e-05
  epoch   9000  residual 5.086e-06
  epoch   9250  residual 2.655e-05
  epoch   9500  residual 4.578e-06
  epoch   9750  residual 9.671e-06
  epoch  10000  residual 7.178e-06
  epoch  10250  residual 3.833e-06
  epoch  10500  residual 3.595e-06
  epoch  10750  residual 3.483e-06
  epoch  11000  residual 3.217e-06
  epoch  11250  residual 1.060e-05
  epoch  11500  residual 1.944e-05
  epoch  11750  residual 1.890e-05
  epoch  12000  residual 2.720e-06
  epoch  12250  residual 3.050e-06
  epoch  12500  residual 3.664e-05
  epoch  12750  residual 1.270e-05
  epoch  13000  residual 3.527e-05
  epoch  13250  residual 2.408e-06
  epoch  13500  residual 2.250e-06
  epoch  13750  residual 2.236e-06
  epoch  14000  residual 1.511e-05
  epoch  14250  residual 2.098e-06
  epoch  14500  residual 2.303e-06
  epoch  14750  residual 9.431e-06
  epoch  15000  residual 2.205e-06
  epoch  15250  residual 1.917e-06
  epoch  15500  residual 1.836e-06
  epoch  15750  residual 2.226e-06
  epoch  16000  residual 2.679e-06
  epoch  16250  residual 1.341e-05
  epoch  16500  residual 1.932e-06
  epoch  16750  residual 9.249e-06
  epoch  17000  residual 1.863e-05
  epoch  17250  residual 2.525e-06
  epoch  17500  residual 2.099e-06
  epoch  17750  residual 1.838e-05
  epoch  18000  residual 5.070e-06
  epoch  18250  residual 1.862e-06
  epoch  18500  residual 1.439e-06
  epoch  18750  residual 2.563e-06
  epoch  19000  residual 2.251e-06
  epoch  19250  residual 3.099e-05
  epoch  19500  residual 4.141e-06
  epoch  19750  residual 4.230e-06
  epoch  20000  residual 2.211e-06
  epoch  20250  residual 1.822e-05
  epoch  20500  residual 1.388e-06
  epoch  20750  residual 1.307e-05
  epoch  21000  residual 1.613e-06
  epoch  21250  residual 2.002e-06
  epoch  21500  residual 2.414e-06
  epoch  21750  residual 4.158e-06
  epoch  22000  residual 1.125e-06
  epoch  22250  residual 2.816e-06
  epoch  22500  residual 1.139e-06
  epoch  22750  residual 1.175e-06
  epoch  23000  residual 1.061e-06
  epoch  23250  residual 1.153e-06
  epoch  23500  residual 3.050e-06
  epoch  23750  residual 2.616e-06
  epoch  24000  residual 1.150e-06
  epoch  24250  residual 1.021e-06
  epoch  24500  residual 1.386e-06
  epoch  24750  residual 1.825e-06
  epoch  25000  residual 2.633e-05
  epoch  25250  residual 1.246e-06
  epoch  25500  residual 5.325e-06
  epoch  25750  residual 1.290e-06
  epoch  26000  residual 1.332e-06
  epoch  26250  residual 9.183e-07
  epoch  26500  residual 9.011e-07
  epoch  26750  residual 1.569e-06
  epoch  27000  residual 1.306e-06
  epoch  27250  residual 8.737e-07
  epoch  27500  residual 3.901e-06
  epoch  27750  residual 8.749e-07
  epoch  28000  residual 8.429e-07
  epoch  28250  residual 1.923e-06
  epoch  28500  residual 8.356e-07
  epoch  28750  residual 2.318e-05
  epoch  29000  residual 8.095e-07
  epoch  29250  residual 1.169e-06
  epoch  29500  residual 8.969e-07
  epoch  29750  residual 8.836e-07
  epoch  30000  residual 2.359e-06
  epoch  30250  residual 8.181e-07
  epoch  30500  residual 7.932e-07
  epoch  30750  residual 1.437e-06
  epoch  31000  residual 8.852e-07
  epoch  31250  residual 1.915e-06
  epoch  31500  residual 7.918e-07
  epoch  31750  residual 7.147e-07
  epoch  32000  residual 7.041e-07
  epoch  32250  residual 7.081e-07
  epoch  32500  residual 6.860e-07
  epoch  32750  residual 3.364e-06
  epoch  33000  residual 6.647e-07
  epoch  33250  residual 2.683e-06
  epoch  33500  residual 3.239e-06
  epoch  33750  residual 1.268e-06
  epoch  34000  residual 6.345e-07
  epoch  34250  residual 6.494e-07
  epoch  34500  residual 9.123e-07
  epoch  34750  residual 1.359e-05
  epoch  35000  residual 6.125e-07
  epoch  35250  residual 5.984e-07
  epoch  35500  residual 1.058e-06
  epoch  35750  residual 5.665e-07
  epoch  36000  residual 3.497e-06
  epoch  36250  residual 6.605e-07
  epoch  36500  residual 6.174e-07
  epoch  36750  residual 3.148e-06
  epoch  37000  residual 5.300e-07
  epoch  37250  residual 5.159e-07
  epoch  37500  residual 1.220e-06
  epoch  37750  residual 6.357e-07
  epoch  38000  residual 4.882e-07
  epoch  38250  residual 4.943e-07
  epoch  38500  residual 5.128e-07
  epoch  38750  residual 6.943e-07
  epoch  39000  residual 9.296e-07
  epoch  39250  residual 5.491e-07
  epoch  39500  residual 4.838e-07
  epoch  39750  residual 4.564e-07
  epoch  40000  residual 4.571e-07
  epoch  40250  residual 5.368e-07
  epoch  40500  residual 1.495e-06
  epoch  40750  residual 3.991e-07
  epoch  41000  residual 8.143e-07
  epoch  41250  residual 4.010e-07
  epoch  41500  residual 4.675e-07
  epoch  41750  residual 3.711e-07
  epoch  42000  residual 6.163e-07
  epoch  42250  residual 4.827e-07
  epoch  42500  residual 4.253e-07
  epoch  42750  residual 8.245e-07
  epoch  43000  residual 3.785e-07
  epoch  43250  residual 3.276e-07
  epoch  43500  residual 3.746e-07
  epoch  43750  residual 3.189e-07
  epoch  44000  residual 4.459e-07
  epoch  44250  residual 3.119e-07
  epoch  44500  residual 2.979e-07
  epoch  44750  residual 3.669e-07
  epoch  45000  residual 3.014e-07
  epoch  45250  residual 3.137e-07
  epoch  45500  residual 2.924e-07
  epoch  45750  residual 2.812e-07
  epoch  46000  residual 3.667e-07
  epoch  46250  residual 2.638e-07
  epoch  46500  residual 3.464e-07
  epoch  46750  residual 3.105e-07
  epoch  47000  residual 2.723e-07
  epoch  47250  residual 2.882e-07
  epoch  47500  residual 2.399e-07
  epoch  47750  residual 6.596e-07
  epoch  48000  residual 3.932e-07
  epoch  48250  residual 2.301e-07
  epoch  48500  residual 2.244e-07
  epoch  48750  residual 2.248e-07
  epoch  49000  residual 2.175e-07
  epoch  49250  residual 2.142e-07
  epoch  49500  residual 2.147e-07
  epoch  49750  residual 2.086e-07
  epoch  50000  residual 2.313e-07
  epoch  50250  residual 2.028e-07
  epoch  50500  residual 2.203e-07
  epoch  50750  residual 2.001e-07
  epoch  51000  residual 1.955e-07
  epoch  51250  residual 1.912e-07
  epoch  51500  residual 1.889e-07
  epoch  51750  residual 1.876e-07
  epoch  52000  residual 2.284e-07
  epoch  52250  residual 2.085e-07
  epoch  52500  residual 1.806e-07
  epoch  52750  residual 1.807e-07
  epoch  53000  residual 2.153e-07
  epoch  53250  residual 1.741e-07
  epoch  53500  residual 1.715e-07
  epoch  53750  residual 1.704e-07
  epoch  54000  residual 1.690e-07
  epoch  54250  residual 1.669e-07
  epoch  54500  residual 1.646e-07
  epoch  54750  residual 1.645e-07
  epoch  55000  residual 1.612e-07
  epoch  55250  residual 1.627e-07
  epoch  55500  residual 1.591e-07
  epoch  55750  residual 2.130e-07
  epoch  56000  residual 1.552e-07
  epoch  56250  residual 1.564e-07
  epoch  56500  residual 1.867e-07
  epoch  56750  residual 1.519e-07
  epoch  57000  residual 1.495e-07
  epoch  57250  residual 1.499e-07
  epoch  57500  residual 1.600e-07
  epoch  57750  residual 1.459e-07
  epoch  58000  residual 1.449e-07
  epoch  58250  residual 1.563e-07
  epoch  58500  residual 1.833e-07
  epoch  58750  residual 1.454e-07
  epoch  59000  residual 1.740e-07
  epoch  59250  residual 1.441e-07
  epoch  59500  residual 1.503e-07
  epoch  59750  residual 1.401e-07
  epoch  59999  residual 1.363e-07
  [gamma] epoch      0  gamma_ratio 12.3538  residual 8.488e+00
  [gamma] epoch    250  gamma_ratio 1.0823  residual 1.920e-03
  [gamma] epoch    500  gamma_ratio 1.0879  residual 1.299e-03
  [gamma] epoch    750  gamma_ratio 1.1066  residual 7.000e-04
  [gamma] epoch   1000  gamma_ratio 1.1206  residual 2.963e-04
  [gamma] epoch   1250  gamma_ratio 1.0863  residual 1.893e-04
  [gamma] epoch   1500  gamma_ratio 1.0717  residual 1.475e-04
  [gamma] epoch   1750  gamma_ratio 1.0636  residual 1.167e-04
  [gamma] epoch   2000  gamma_ratio 1.0562  residual 9.506e-05
  [gamma] epoch   2250  gamma_ratio 1.0487  residual 1.204e-04
  [gamma] epoch   2500  gamma_ratio 1.0418  residual 6.495e-05
  [gamma] epoch   2750  gamma_ratio 1.0357  residual 6.667e-05
  [gamma] epoch   3000  gamma_ratio 1.0302  residual 5.260e-05
  [gamma] epoch   3250  gamma_ratio 1.0247  residual 4.006e-05
  [gamma] epoch   3500  gamma_ratio 1.0200  residual 6.922e-05
  [gamma] epoch   3750  gamma_ratio 1.0151  residual 3.034e-05
  [gamma] epoch   4000  gamma_ratio 1.0116  residual 2.685e-05
  [gamma] epoch   4250  gamma_ratio 1.0090  residual 2.409e-05
  [gamma] epoch   4500  gamma_ratio 1.0069  residual 2.129e-05
  [gamma] epoch   4750  gamma_ratio 1.0059  residual 3.152e-05
  [gamma] epoch   5000  gamma_ratio 1.0041  residual 1.715e-05
  [gamma] epoch   5250  gamma_ratio 1.0027  residual 1.017e-04
  [gamma] epoch   5500  gamma_ratio 1.0019  residual 1.422e-05
  [gamma] epoch   5750  gamma_ratio 1.0009  residual 6.008e-05
  [gamma] epoch   6000  gamma_ratio 1.0000  residual 1.413e-05
  [gamma] epoch   6250  gamma_ratio 0.9996  residual 1.262e-05
  [gamma] epoch   6500  gamma_ratio 0.9986  residual 2.028e-05
  [gamma] epoch   6750  gamma_ratio 0.9980  residual 3.908e-05
  [gamma] epoch   7000  gamma_ratio 0.9982  residual 8.643e-06
  [gamma] epoch   7250  gamma_ratio 0.9971  residual 1.737e-05
  [gamma] epoch   7500  gamma_ratio 0.9967  residual 1.060e-05
  [gamma] epoch   7750  gamma_ratio 0.9972  residual 7.013e-06
  [gamma] epoch   8000  gamma_ratio 0.9963  residual 6.610e-06
  [gamma] epoch   8250  gamma_ratio 0.9963  residual 8.356e-06
  [gamma] epoch   8500  gamma_ratio 0.9960  residual 7.346e-06
  [gamma] epoch   8750  gamma_ratio 0.9979  residual 1.855e-05
  [gamma] epoch   9000  gamma_ratio 0.9974  residual 5.086e-06
  [gamma] epoch   9250  gamma_ratio 0.9968  residual 2.655e-05
  [gamma] epoch   9500  gamma_ratio 0.9967  residual 4.578e-06
  [gamma] epoch   9750  gamma_ratio 0.9962  residual 9.671e-06
  [gamma] epoch  10000  gamma_ratio 1.0000  residual 7.178e-06
  [gamma] epoch  10250  gamma_ratio 0.9978  residual 3.833e-06
  [gamma] epoch  10500  gamma_ratio 0.9990  residual 3.595e-06
  [gamma] epoch  10750  gamma_ratio 0.9994  residual 3.483e-06
  [gamma] epoch  11000  gamma_ratio 1.0000  residual 3.217e-06
  [gamma] epoch  11250  gamma_ratio 1.0056  residual 1.060e-05
  [gamma] epoch  11500  gamma_ratio 1.0039  residual 1.944e-05
  [gamma] epoch  11750  gamma_ratio 0.9940  residual 1.890e-05
  [gamma] epoch  12000  gamma_ratio 1.0011  residual 2.720e-06
  [gamma] epoch  12250  gamma_ratio 1.0016  residual 3.050e-06
  [gamma] epoch  12500  gamma_ratio 0.9915  residual 3.664e-05
  [gamma] epoch  12750  gamma_ratio 1.0025  residual 1.270e-05
  [gamma] epoch  13000  gamma_ratio 1.0124  residual 3.527e-05
  [gamma] epoch  13250  gamma_ratio 1.0021  residual 2.408e-06
  [gamma] epoch  13500  gamma_ratio 1.0027  residual 2.250e-06
  [gamma] epoch  13750  gamma_ratio 1.0029  residual 2.236e-06
  [gamma] epoch  14000  gamma_ratio 0.9955  residual 1.511e-05
  [gamma] epoch  14250  gamma_ratio 1.0044  residual 2.098e-06
  [gamma] epoch  14500  gamma_ratio 1.0045  residual 2.303e-06
  [gamma] epoch  14750  gamma_ratio 1.0066  residual 9.431e-06
  [gamma] epoch  15000  gamma_ratio 1.0031  residual 2.205e-06
  [gamma] epoch  15250  gamma_ratio 1.0034  residual 1.917e-06
  [gamma] epoch  15500  gamma_ratio 1.0045  residual 1.836e-06
  [gamma] epoch  15750  gamma_ratio 1.0043  residual 2.226e-06
  [gamma] epoch  16000  gamma_ratio 1.0062  residual 2.679e-06
  [gamma] epoch  16250  gamma_ratio 1.0104  residual 1.341e-05
  [gamma] epoch  16500  gamma_ratio 1.0034  residual 1.932e-06
  [gamma] epoch  16750  gamma_ratio 1.0092  residual 9.249e-06
  [gamma] epoch  17000  gamma_ratio 0.9997  residual 1.863e-05
  [gamma] epoch  17250  gamma_ratio 1.0042  residual 2.525e-06
  [gamma] epoch  17500  gamma_ratio 1.0045  residual 2.099e-06
  [gamma] epoch  17750  gamma_ratio 1.0006  residual 1.838e-05
  [gamma] epoch  18000  gamma_ratio 1.0045  residual 5.070e-06
  [gamma] epoch  18250  gamma_ratio 1.0056  residual 1.862e-06
  [gamma] epoch  18500  gamma_ratio 1.0046  residual 1.439e-06
  [gamma] epoch  18750  gamma_ratio 1.0029  residual 2.563e-06
  [gamma] epoch  19000  gamma_ratio 1.0065  residual 2.251e-06
  [gamma] epoch  19250  gamma_ratio 0.9929  residual 3.099e-05
  [gamma] epoch  19500  gamma_ratio 1.0011  residual 4.141e-06
  [gamma] epoch  19750  gamma_ratio 1.0107  residual 4.230e-06
  [gamma] epoch  20000  gamma_ratio 1.0017  residual 2.211e-06
  [gamma] epoch  20250  gamma_ratio 1.0009  residual 1.822e-05
  [gamma] epoch  20500  gamma_ratio 1.0060  residual 1.388e-06
  [gamma] epoch  20750  gamma_ratio 1.0126  residual 1.307e-05
  [gamma] epoch  21000  gamma_ratio 1.0048  residual 1.613e-06
  [gamma] epoch  21250  gamma_ratio 1.0034  residual 2.002e-06
  [gamma] epoch  21500  gamma_ratio 1.0045  residual 2.414e-06
  [gamma] epoch  21750  gamma_ratio 1.0032  residual 4.158e-06
  [gamma] epoch  22000  gamma_ratio 1.0047  residual 1.125e-06
  [gamma] epoch  22250  gamma_ratio 1.0065  residual 2.816e-06
  [gamma] epoch  22500  gamma_ratio 1.0039  residual 1.139e-06
  [gamma] epoch  22750  gamma_ratio 1.0046  residual 1.175e-06
  [gamma] epoch  23000  gamma_ratio 1.0043  residual 1.061e-06
  [gamma] epoch  23250  gamma_ratio 1.0037  residual 1.153e-06
  [gamma] epoch  23500  gamma_ratio 1.0014  residual 3.050e-06
  [gamma] epoch  23750  gamma_ratio 1.0032  residual 2.616e-06
  [gamma] epoch  24000  gamma_ratio 1.0047  residual 1.150e-06
  [gamma] epoch  24250  gamma_ratio 1.0041  residual 1.021e-06
  [gamma] epoch  24500  gamma_ratio 1.0035  residual 1.386e-06
  [gamma] epoch  24750  gamma_ratio 1.0050  residual 1.825e-06
  [gamma] epoch  25000  gamma_ratio 0.9954  residual 2.633e-05
  [gamma] epoch  25250  gamma_ratio 1.0034  residual 1.246e-06
  [gamma] epoch  25500  gamma_ratio 1.0035  residual 5.325e-06
  [gamma] epoch  25750  gamma_ratio 1.0048  residual 1.290e-06
  [gamma] epoch  26000  gamma_ratio 1.0037  residual 1.332e-06
  [gamma] epoch  26250  gamma_ratio 1.0033  residual 9.183e-07
  [gamma] epoch  26500  gamma_ratio 1.0035  residual 9.011e-07
  [gamma] epoch  26750  gamma_ratio 1.0034  residual 1.569e-06
  [gamma] epoch  27000  gamma_ratio 1.0019  residual 1.306e-06
  [gamma] epoch  27250  gamma_ratio 1.0034  residual 8.737e-07
  [gamma] epoch  27500  gamma_ratio 1.0009  residual 3.901e-06
  [gamma] epoch  27750  gamma_ratio 1.0031  residual 8.749e-07
  [gamma] epoch  28000  gamma_ratio 1.0030  residual 8.429e-07
  [gamma] epoch  28250  gamma_ratio 1.0054  residual 1.923e-06
  [gamma] epoch  28500  gamma_ratio 1.0031  residual 8.356e-07
  [gamma] epoch  28750  gamma_ratio 1.0115  residual 2.318e-05
  [gamma] epoch  29000  gamma_ratio 1.0029  residual 8.095e-07
  [gamma] epoch  29250  gamma_ratio 1.0031  residual 1.169e-06
  [gamma] epoch  29500  gamma_ratio 1.0028  residual 8.969e-07
  [gamma] epoch  29750  gamma_ratio 1.0031  residual 8.836e-07
  [gamma] epoch  30000  gamma_ratio 1.0056  residual 2.359e-06
  [gamma] epoch  30250  gamma_ratio 1.0020  residual 8.181e-07
  [gamma] epoch  30500  gamma_ratio 1.0024  residual 7.932e-07
  [gamma] epoch  30750  gamma_ratio 1.0031  residual 1.437e-06
  [gamma] epoch  31000  gamma_ratio 1.0020  residual 8.852e-07
  [gamma] epoch  31250  gamma_ratio 0.9997  residual 1.915e-06
  [gamma] epoch  31500  gamma_ratio 1.0023  residual 7.918e-07
  [gamma] epoch  31750  gamma_ratio 1.0021  residual 7.147e-07
  [gamma] epoch  32000  gamma_ratio 1.0020  residual 7.041e-07
  [gamma] epoch  32250  gamma_ratio 1.0018  residual 7.081e-07
  [gamma] epoch  32500  gamma_ratio 1.0017  residual 6.860e-07
  [gamma] epoch  32750  gamma_ratio 1.0045  residual 3.364e-06
  [gamma] epoch  33000  gamma_ratio 1.0017  residual 6.647e-07
  [gamma] epoch  33250  gamma_ratio 1.0030  residual 2.683e-06
  [gamma] epoch  33500  gamma_ratio 1.0040  residual 3.239e-06
  [gamma] epoch  33750  gamma_ratio 1.0007  residual 1.268e-06
  [gamma] epoch  34000  gamma_ratio 1.0014  residual 6.345e-07
  [gamma] epoch  34250  gamma_ratio 1.0020  residual 6.494e-07
  [gamma] epoch  34500  gamma_ratio 1.0020  residual 9.123e-07
  [gamma] epoch  34750  gamma_ratio 0.9945  residual 1.359e-05
  [gamma] epoch  35000  gamma_ratio 1.0010  residual 6.125e-07
  [gamma] epoch  35250  gamma_ratio 1.0008  residual 5.984e-07
  [gamma] epoch  35500  gamma_ratio 1.0009  residual 1.058e-06
  [gamma] epoch  35750  gamma_ratio 1.0006  residual 5.665e-07
  [gamma] epoch  36000  gamma_ratio 1.0041  residual 3.497e-06
  [gamma] epoch  36250  gamma_ratio 1.0001  residual 6.605e-07
  [gamma] epoch  36500  gamma_ratio 1.0000  residual 6.174e-07
  [gamma] epoch  36750  gamma_ratio 1.0033  residual 3.148e-06
  [gamma] epoch  37000  gamma_ratio 1.0003  residual 5.300e-07
  [gamma] epoch  37250  gamma_ratio 1.0001  residual 5.159e-07
  [gamma] epoch  37500  gamma_ratio 0.9984  residual 1.220e-06
  [gamma] epoch  37750  gamma_ratio 0.9998  residual 6.357e-07
  [gamma] epoch  38000  gamma_ratio 0.9998  residual 4.882e-07
  [gamma] epoch  38250  gamma_ratio 0.9999  residual 4.943e-07
  [gamma] epoch  38500  gamma_ratio 0.9995  residual 5.128e-07
  [gamma] epoch  38750  gamma_ratio 0.9998  residual 6.943e-07
  [gamma] epoch  39000  gamma_ratio 0.9993  residual 9.296e-07
  [gamma] epoch  39250  gamma_ratio 0.9998  residual 5.491e-07
  [gamma] epoch  39500  gamma_ratio 0.9991  residual 4.838e-07
  [gamma] epoch  39750  gamma_ratio 0.9991  residual 4.564e-07
  [gamma] epoch  40000  gamma_ratio 0.9987  residual 4.571e-07
  [gamma] epoch  40250  gamma_ratio 0.9989  residual 5.368e-07
  [gamma] epoch  40500  gamma_ratio 1.0010  residual 1.495e-06
  [gamma] epoch  40750  gamma_ratio 0.9987  residual 3.991e-07
  [gamma] epoch  41000  gamma_ratio 0.9998  residual 8.143e-07
  [gamma] epoch  41250  gamma_ratio 0.9984  residual 4.010e-07
  [gamma] epoch  41500  gamma_ratio 0.9978  residual 4.675e-07
  [gamma] epoch  41750  gamma_ratio 0.9982  residual 3.711e-07
  [gamma] epoch  42000  gamma_ratio 0.9991  residual 6.163e-07
  [gamma] epoch  42250  gamma_ratio 0.9985  residual 4.827e-07
  [gamma] epoch  42500  gamma_ratio 0.9980  residual 4.253e-07
  [gamma] epoch  42750  gamma_ratio 0.9973  residual 8.245e-07
  [gamma] epoch  43000  gamma_ratio 0.9973  residual 3.785e-07
  [gamma] epoch  43250  gamma_ratio 0.9977  residual 3.276e-07
  [gamma] epoch  43500  gamma_ratio 0.9978  residual 3.746e-07
  [gamma] epoch  43750  gamma_ratio 0.9975  residual 3.189e-07
  [gamma] epoch  44000  gamma_ratio 0.9976  residual 4.459e-07
  [gamma] epoch  44250  gamma_ratio 0.9975  residual 3.119e-07
  [gamma] epoch  44500  gamma_ratio 0.9973  residual 2.979e-07
  [gamma] epoch  44750  gamma_ratio 0.9972  residual 3.669e-07
  [gamma] epoch  45000  gamma_ratio 0.9971  residual 3.014e-07
  [gamma] epoch  45250  gamma_ratio 0.9973  residual 3.137e-07
  [gamma] epoch  45500  gamma_ratio 0.9970  residual 2.924e-07
  [gamma] epoch  45750  gamma_ratio 0.9969  residual 2.812e-07
  [gamma] epoch  46000  gamma_ratio 0.9973  residual 3.667e-07
  [gamma] epoch  46250  gamma_ratio 0.9969  residual 2.638e-07
  [gamma] epoch  46500  gamma_ratio 0.9968  residual 3.464e-07
  [gamma] epoch  46750  gamma_ratio 0.9967  residual 3.105e-07
  [gamma] epoch  47000  gamma_ratio 0.9970  residual 2.723e-07
  [gamma] epoch  47250  gamma_ratio 0.9963  residual 2.882e-07
  [gamma] epoch  47500  gamma_ratio 0.9967  residual 2.399e-07
  [gamma] epoch  47750  gamma_ratio 0.9960  residual 6.596e-07
  [gamma] epoch  48000  gamma_ratio 0.9969  residual 3.932e-07
  [gamma] epoch  48250  gamma_ratio 0.9966  residual 2.301e-07
  [gamma] epoch  48500  gamma_ratio 0.9965  residual 2.244e-07
  [gamma] epoch  48750  gamma_ratio 0.9965  residual 2.248e-07
  [gamma] epoch  49000  gamma_ratio 0.9964  residual 2.175e-07
  [gamma] epoch  49250  gamma_ratio 0.9964  residual 2.142e-07
  [gamma] epoch  49500  gamma_ratio 0.9963  residual 2.147e-07
  [gamma] epoch  49750  gamma_ratio 0.9963  residual 2.086e-07
  [gamma] epoch  50000  gamma_ratio 0.9961  residual 2.313e-07
  [gamma] epoch  50250  gamma_ratio 0.9963  residual 2.028e-07
  [gamma] epoch  50500  gamma_ratio 0.9964  residual 2.203e-07
  [gamma] epoch  50750  gamma_ratio 0.9963  residual 2.001e-07
  [gamma] epoch  51000  gamma_ratio 0.9963  residual 1.955e-07
  [gamma] epoch  51250  gamma_ratio 0.9962  residual 1.912e-07
  [gamma] epoch  51500  gamma_ratio 0.9962  residual 1.889e-07
  [gamma] epoch  51750  gamma_ratio 0.9962  residual 1.876e-07
  [gamma] epoch  52000  gamma_ratio 0.9961  residual 2.284e-07
  [gamma] epoch  52250  gamma_ratio 0.9963  residual 2.085e-07
  [gamma] epoch  52500  gamma_ratio 0.9962  residual 1.806e-07
  [gamma] epoch  52750  gamma_ratio 0.9961  residual 1.807e-07
  [gamma] epoch  53000  gamma_ratio 0.9965  residual 2.153e-07
  [gamma] epoch  53250  gamma_ratio 0.9962  residual 1.741e-07
  [gamma] epoch  53500  gamma_ratio 0.9962  residual 1.715e-07
  [gamma] epoch  53750  gamma_ratio 0.9961  residual 1.704e-07
  [gamma] epoch  54000  gamma_ratio 0.9961  residual 1.690e-07
  [gamma] epoch  54250  gamma_ratio 0.9961  residual 1.669e-07
  [gamma] epoch  54500  gamma_ratio 0.9962  residual 1.646e-07
  [gamma] epoch  54750  gamma_ratio 0.9962  residual 1.645e-07
  [gamma] epoch  55000  gamma_ratio 0.9962  residual 1.612e-07
  [gamma] epoch  55250  gamma_ratio 0.9963  residual 1.627e-07
  [gamma] epoch  55500  gamma_ratio 0.9962  residual 1.591e-07
  [gamma] epoch  55750  gamma_ratio 0.9966  residual 2.130e-07
  [gamma] epoch  56000  gamma_ratio 0.9963  residual 1.552e-07
  [gamma] epoch  56250  gamma_ratio 0.9962  residual 1.564e-07
  [gamma] epoch  56500  gamma_ratio 0.9965  residual 1.867e-07
  [gamma] epoch  56750  gamma_ratio 0.9963  residual 1.519e-07
  [gamma] epoch  57000  gamma_ratio 0.9963  residual 1.495e-07
  [gamma] epoch  57250  gamma_ratio 0.9963  residual 1.499e-07
  [gamma] epoch  57500  gamma_ratio 0.9964  residual 1.600e-07
  [gamma] epoch  57750  gamma_ratio 0.9963  residual 1.459e-07
  [gamma] epoch  58000  gamma_ratio 0.9964  residual 1.449e-07
  [gamma] epoch  58250  gamma_ratio 0.9963  residual 1.563e-07
  [gamma] epoch  58500  gamma_ratio 0.9966  residual 1.833e-07
  [gamma] epoch  58750  gamma_ratio 0.9962  residual 1.454e-07
  [gamma] epoch  59000  gamma_ratio 0.9962  residual 1.740e-07
  [gamma] epoch  59250  gamma_ratio 0.9963  residual 1.441e-07
  [gamma] epoch  59500  gamma_ratio 0.9965  residual 1.503e-07
  [gamma] epoch  59750  gamma_ratio 0.9965  residual 1.401e-07
  [gamma] epoch  59999  gamma_ratio 0.9965  residual 1.363e-07
  [shape] epoch      0  rmse=0.2384  max_abs_dA=0.7505  int_signed_dA=-2.945e-08  int_abs_dA=2.945e-08  A_min=0.0005799  max_dA_fwd=4.987e-08
  [shape] epoch    250  rmse=0.01455  max_abs_dA=0.03702  int_signed_dA=-2.436e-09  int_abs_dA=2.471e-09  A_min=0.00193  max_dA_fwd=-5.688e-07
  [shape] epoch    500  rmse=0.01353  max_abs_dA=0.02325  int_signed_dA=-2.591e-09  int_abs_dA=2.591e-09  A_min=-3.517e-05  max_dA_fwd=-4.454e-07
  [shape] epoch    750  rmse=0.01659  max_abs_dA=0.02868  int_signed_dA=-3.144e-09  int_abs_dA=3.144e-09  A_min=-0.000624  max_dA_fwd=-4.523e-07
  [shape] epoch   1000  rmse=0.01867  max_abs_dA=0.0314  int_signed_dA=-3.547e-09  int_abs_dA=3.547e-09  A_min=-0.000965  max_dA_fwd=-4.819e-07
  [shape] epoch   1250  rmse=0.01328  max_abs_dA=0.02097  int_signed_dA=-2.6e-09  int_abs_dA=2.6e-09  A_min=-0.0007617  max_dA_fwd=-6.765e-07
  [shape] epoch   1500  rmse=0.011  max_abs_dA=0.01732  int_signed_dA=-2.175e-09  int_abs_dA=2.175e-09  A_min=-0.0005784  max_dA_fwd=-9.246e-07
  [shape] epoch   1750  rmse=0.009764  max_abs_dA=0.01656  int_signed_dA=-1.93e-09  int_abs_dA=1.93e-09  A_min=-0.0003806  max_dA_fwd=-1.17e-06
  [shape] epoch   2000  rmse=0.00867  max_abs_dA=0.01564  int_signed_dA=-1.708e-09  int_abs_dA=1.708e-09  A_min=-0.0001545  max_dA_fwd=-1.428e-06
  [shape] epoch   2250  rmse=0.007591  max_abs_dA=0.01448  int_signed_dA=-1.488e-09  int_abs_dA=1.488e-09  A_min=6.074e-05  max_dA_fwd=-1.701e-06
  [shape] epoch   2500  rmse=0.006615  max_abs_dA=0.01336  int_signed_dA=-1.286e-09  int_abs_dA=1.286e-09  A_min=0.0002585  max_dA_fwd=-1.994e-06
  [shape] epoch   2750  rmse=0.005738  max_abs_dA=0.01236  int_signed_dA=-1.103e-09  int_abs_dA=1.103e-09  A_min=0.000434  max_dA_fwd=-2.308e-06
  [shape] epoch   3000  rmse=0.004969  max_abs_dA=0.01155  int_signed_dA=-9.396e-10  int_abs_dA=9.396e-10  A_min=0.0005693  max_dA_fwd=-2.648e-06
  [shape] epoch   3250  rmse=0.004201  max_abs_dA=0.01079  int_signed_dA=-7.718e-10  int_abs_dA=7.718e-10  A_min=0.0007059  max_dA_fwd=-3.001e-06
  [shape] epoch   3500  rmse=0.003552  max_abs_dA=0.01018  int_signed_dA=-6.271e-10  int_abs_dA=6.271e-10  A_min=0.0007737  max_dA_fwd=-3.346e-06
  [shape] epoch   3750  rmse=0.00291  max_abs_dA=0.009577  int_signed_dA=-4.757e-10  int_abs_dA=4.757e-10  A_min=0.0008724  max_dA_fwd=-3.661e-06
  [shape] epoch   4000  rmse=0.002456  max_abs_dA=0.009084  int_signed_dA=-3.668e-10  int_abs_dA=3.671e-10  A_min=0.0009098  max_dA_fwd=-3.901e-06
  [shape] epoch   4250  rmse=0.002127  max_abs_dA=0.008719  int_signed_dA=-2.847e-10  int_abs_dA=2.854e-10  A_min=0.0009249  max_dA_fwd=-4.096e-06
  [shape] epoch   4500  rmse=0.001867  max_abs_dA=0.008419  int_signed_dA=-2.192e-10  int_abs_dA=2.256e-10  A_min=0.000944  max_dA_fwd=-4.244e-06
  [shape] epoch   4750  rmse=0.00171  max_abs_dA=0.008215  int_signed_dA=-1.867e-10  int_abs_dA=1.984e-10  A_min=0.000943  max_dA_fwd=-4.38e-06
  [shape] epoch   5000  rmse=0.001532  max_abs_dA=0.00801  int_signed_dA=-1.321e-10  int_abs_dA=1.611e-10  A_min=0.0009775  max_dA_fwd=-4.561e-06
  [shape] epoch   5250  rmse=0.001403  max_abs_dA=0.007839  int_signed_dA=-8.64e-11  int_abs_dA=1.321e-10  A_min=0.001  max_dA_fwd=-4.752e-06
  [shape] epoch   5500  rmse=0.001316  max_abs_dA=0.00771  int_signed_dA=-6.199e-11  int_abs_dA=1.105e-10  A_min=0.0009972  max_dA_fwd=-4.938e-06
  [shape] epoch   5750  rmse=0.001254  max_abs_dA=0.007603  int_signed_dA=-2.867e-11  int_abs_dA=1.094e-10  A_min=0.001004  max_dA_fwd=-5.144e-06
  [shape] epoch   6000  rmse=0.001202  max_abs_dA=0.007466  int_signed_dA=1.02e-12  int_abs_dA=1.265e-10  A_min=0.00103  max_dA_fwd=-5.311e-06
  [shape] epoch   6250  rmse=0.001161  max_abs_dA=0.007366  int_signed_dA=1.366e-11  int_abs_dA=1.311e-10  A_min=0.001053  max_dA_fwd=-5.43e-06
  [shape] epoch   6500  rmse=0.00117  max_abs_dA=0.007282  int_signed_dA=4.638e-11  int_abs_dA=1.558e-10  A_min=0.001068  max_dA_fwd=-5.597e-06
  [shape] epoch   6750  rmse=0.001178  max_abs_dA=0.007222  int_signed_dA=6.404e-11  int_abs_dA=1.682e-10  A_min=0.001062  max_dA_fwd=-5.719e-06
  [shape] epoch   7000  rmse=0.001142  max_abs_dA=0.007152  int_signed_dA=5.876e-11  int_abs_dA=1.594e-10  A_min=0.00106  max_dA_fwd=-5.764e-06
  [shape] epoch   7250  rmse=0.00119  max_abs_dA=0.007096  int_signed_dA=9.223e-11  int_abs_dA=1.859e-10  A_min=0.001068  max_dA_fwd=-5.855e-06
  [shape] epoch   7500  rmse=0.001195  max_abs_dA=0.007033  int_signed_dA=1.059e-10  int_abs_dA=1.935e-10  A_min=0.001062  max_dA_fwd=-5.886e-06
  [shape] epoch   7750  rmse=0.001142  max_abs_dA=0.006993  int_signed_dA=8.887e-11  int_abs_dA=1.761e-10  A_min=0.001049  max_dA_fwd=-5.873e-06
  [shape] epoch   8000  rmse=0.001197  max_abs_dA=0.006937  int_signed_dA=1.174e-10  int_abs_dA=1.991e-10  A_min=0.001051  max_dA_fwd=-5.909e-06
  [shape] epoch   8250  rmse=0.001184  max_abs_dA=0.006876  int_signed_dA=1.204e-10  int_abs_dA=1.986e-10  A_min=0.001051  max_dA_fwd=-5.903e-06
  [shape] epoch   8500  rmse=0.001198  max_abs_dA=0.006855  int_signed_dA=1.275e-10  int_abs_dA=2.035e-10  A_min=0.001032  max_dA_fwd=-5.873e-06
  [shape] epoch   8750  rmse=0.001036  max_abs_dA=0.006849  int_signed_dA=6.746e-11  int_abs_dA=1.469e-10  A_min=0.0009887  max_dA_fwd=-5.742e-06
  [shape] epoch   9000  rmse=0.00103  max_abs_dA=0.006757  int_signed_dA=8.475e-11  int_abs_dA=1.565e-10  A_min=0.0009885  max_dA_fwd=-5.7e-06
  [shape] epoch   9250  rmse=0.001078  max_abs_dA=0.006729  int_signed_dA=1.026e-10  int_abs_dA=1.726e-10  A_min=0.0009706  max_dA_fwd=-5.68e-06
  [shape] epoch   9500  rmse=0.00108  max_abs_dA=0.006681  int_signed_dA=1.07e-10  int_abs_dA=1.743e-10  A_min=0.0009551  max_dA_fwd=-5.636e-06
  [shape] epoch   9750  rmse=0.001123  max_abs_dA=0.006626  int_signed_dA=1.215e-10  int_abs_dA=1.857e-10  A_min=0.0009392  max_dA_fwd=-5.585e-06
  [shape] epoch  10000  rmse=0.000853  max_abs_dA=0.00667  int_signed_dA=-1.085e-12  int_abs_dA=7.686e-11  A_min=0.0008831  max_dA_fwd=-5.34e-06
  [shape] epoch  10250  rmse=0.0009508  max_abs_dA=0.00657  int_signed_dA=7.097e-11  int_abs_dA=1.336e-10  A_min=0.0008775  max_dA_fwd=-5.381e-06
  [shape] epoch  10500  rmse=0.0008553  max_abs_dA=0.006556  int_signed_dA=3.198e-11  int_abs_dA=9.582e-11  A_min=0.0008457  max_dA_fwd=-5.259e-06
  [shape] epoch  10750  rmse=0.0008322  max_abs_dA=0.006537  int_signed_dA=2.003e-11  int_abs_dA=8.539e-11  A_min=0.0008201  max_dA_fwd=-5.205e-06
  [shape] epoch  11000  rmse=0.0007921  max_abs_dA=0.00649  int_signed_dA=3.816e-13  int_abs_dA=6.773e-11  A_min=0.0007958  max_dA_fwd=-5.098e-06
  [shape] epoch  11250  rmse=0.001116  max_abs_dA=0.006551  int_signed_dA=-1.78e-10  int_abs_dA=1.78e-10  A_min=0.0007066  max_dA_fwd=-4.74e-06
  [shape] epoch  11500  rmse=0.0009053  max_abs_dA=0.006454  int_signed_dA=-1.232e-10  int_abs_dA=1.265e-10  A_min=0.0007182  max_dA_fwd=-4.739e-06
  [shape] epoch  11750  rmse=0.001534  max_abs_dA=0.006271  int_signed_dA=1.918e-10  int_abs_dA=2.433e-10  A_min=0.0007923  max_dA_fwd=-5.134e-06
  [shape] epoch  12000  rmse=0.0007658  max_abs_dA=0.00639  int_signed_dA=-3.68e-11  int_abs_dA=6.66e-11  A_min=0.0007248  max_dA_fwd=-4.8e-06
  [shape] epoch  12250  rmse=0.0007626  max_abs_dA=0.006356  int_signed_dA=-5.278e-11  int_abs_dA=7.522e-11  A_min=0.0007064  max_dA_fwd=-4.74e-06
  [shape] epoch  12500  rmse=0.002048  max_abs_dA=0.006101  int_signed_dA=2.75e-10  int_abs_dA=3.231e-10  A_min=0.0007746  max_dA_fwd=-5.03e-06
  [shape] epoch  12750  rmse=0.0007868  max_abs_dA=0.006326  int_signed_dA=-8.024e-11  int_abs_dA=9.534e-11  A_min=0.0006833  max_dA_fwd=-4.601e-06
  [shape] epoch  13000  rmse=0.0021  max_abs_dA=0.006535  int_signed_dA=-3.933e-10  int_abs_dA=3.933e-10  A_min=0.0006021  max_dA_fwd=-4.203e-06
  [shape] epoch  13250  rmse=0.0007867  max_abs_dA=0.006259  int_signed_dA=-6.815e-11  int_abs_dA=9.876e-11  A_min=0.0006635  max_dA_fwd=-4.525e-06
  [shape] epoch  13500  rmse=0.0008112  max_abs_dA=0.006253  int_signed_dA=-8.74e-11  int_abs_dA=1.111e-10  A_min=0.0006416  max_dA_fwd=-4.45e-06
  [shape] epoch  13750  rmse=0.0008175  max_abs_dA=0.006225  int_signed_dA=-9.144e-11  int_abs_dA=1.167e-10  A_min=0.000633  max_dA_fwd=-4.422e-06
  [shape] epoch  14000  rmse=0.00152  max_abs_dA=0.006016  int_signed_dA=1.464e-10  int_abs_dA=2.342e-10  A_min=0.0006732  max_dA_fwd=-4.62e-06
  [shape] epoch  14250  rmse=0.0009161  max_abs_dA=0.006204  int_signed_dA=-1.404e-10  int_abs_dA=1.523e-10  A_min=0.0006018  max_dA_fwd=-4.293e-06
  [shape] epoch  14500  rmse=0.0009297  max_abs_dA=0.006171  int_signed_dA=-1.432e-10  int_abs_dA=1.587e-10  A_min=0.0005897  max_dA_fwd=-4.27e-06
  [shape] epoch  14750  rmse=0.001141  max_abs_dA=0.006231  int_signed_dA=-2.098e-10  int_abs_dA=2.098e-10  A_min=0.0005838  max_dA_fwd=-4.183e-06
  [shape] epoch  15000  rmse=0.0008629  max_abs_dA=0.006115  int_signed_dA=-9.903e-11  int_abs_dA=1.362e-10  A_min=0.0005907  max_dA_fwd=-4.256e-06
  [shape] epoch  15250  rmse=0.0008811  max_abs_dA=0.006102  int_signed_dA=-1.08e-10  int_abs_dA=1.429e-10  A_min=0.0005787  max_dA_fwd=-4.219e-06
  [shape] epoch  15500  rmse=0.000947  max_abs_dA=0.0061  int_signed_dA=-1.44e-10  int_abs_dA=1.65e-10  A_min=0.0005606  max_dA_fwd=-4.158e-06
  [shape] epoch  15750  rmse=0.0009406  max_abs_dA=0.006076  int_signed_dA=-1.384e-10  int_abs_dA=1.638e-10  A_min=0.0005589  max_dA_fwd=-4.147e-06
  [shape] epoch  16000  rmse=0.001105  max_abs_dA=0.006101  int_signed_dA=-1.986e-10  int_abs_dA=2.059e-10  A_min=0.000542  max_dA_fwd=-4.064e-06
  [shape] epoch  16250  rmse=0.001674  max_abs_dA=0.006139  int_signed_dA=-3.294e-10  int_abs_dA=3.294e-10  A_min=0.0005077  max_dA_fwd=-3.882e-06
  [shape] epoch  16500  rmse=0.0009321  max_abs_dA=0.005987  int_signed_dA=-1.077e-10  int_abs_dA=1.599e-10  A_min=0.0005489  max_dA_fwd=-4.114e-06
  [shape] epoch  16750  rmse=0.001506  max_abs_dA=0.006075  int_signed_dA=-2.936e-10  int_abs_dA=2.942e-10  A_min=0.0005008  max_dA_fwd=-3.886e-06
  [shape] epoch  17000  rmse=0.001251  max_abs_dA=0.005818  int_signed_dA=1.039e-11  int_abs_dA=2.135e-10  A_min=0.000534  max_dA_fwd=-4.139e-06
  [shape] epoch  17250  rmse=0.0009826  max_abs_dA=0.00595  int_signed_dA=-1.356e-10  int_abs_dA=1.77e-10  A_min=0.0005276  max_dA_fwd=-4.051e-06
  [shape] epoch  17500  rmse=0.001044  max_abs_dA=0.005901  int_signed_dA=-1.421e-10  int_abs_dA=1.938e-10  A_min=0.0005153  max_dA_fwd=-3.999e-06
  [shape] epoch  17750  rmse=0.00125  max_abs_dA=0.005773  int_signed_dA=-2.047e-11  int_abs_dA=2.195e-10  A_min=0.0005036  max_dA_fwd=-4.055e-06
  [shape] epoch  18000  rmse=0.001016  max_abs_dA=0.005913  int_signed_dA=-1.443e-10  int_abs_dA=1.861e-10  A_min=0.0005098  max_dA_fwd=-3.999e-06
  [shape] epoch  18250  rmse=0.001103  max_abs_dA=0.005907  int_signed_dA=-1.771e-10  int_abs_dA=2.102e-10  A_min=0.000496  max_dA_fwd=-3.956e-06
  [shape] epoch  18500  rmse=0.00104  max_abs_dA=0.005877  int_signed_dA=-1.471e-10  int_abs_dA=1.928e-10  A_min=0.000504  max_dA_fwd=-3.976e-06
  [shape] epoch  18750  rmse=0.001016  max_abs_dA=0.00581  int_signed_dA=-9.409e-11  int_abs_dA=1.828e-10  A_min=0.0005193  max_dA_fwd=-4.028e-06
  [shape] epoch  19000  rmse=0.001194  max_abs_dA=0.005879  int_signed_dA=-2.076e-10  int_abs_dA=2.319e-10  A_min=0.0004885  max_dA_fwd=-3.897e-06
  [shape] epoch  19250  rmse=0.002292  max_abs_dA=0.005506  int_signed_dA=2.281e-10  int_abs_dA=3.567e-10  A_min=0.0005612  max_dA_fwd=-4.267e-06
  [shape] epoch  19500  rmse=0.001131  max_abs_dA=0.005723  int_signed_dA=-3.516e-11  int_abs_dA=2.02e-10  A_min=0.0005218  max_dA_fwd=-4.042e-06
  [shape] epoch  19750  rmse=0.001727  max_abs_dA=0.005904  int_signed_dA=-3.392e-10  int_abs_dA=3.416e-10  A_min=0.0004576  max_dA_fwd=-3.713e-06
  [shape] epoch  20000  rmse=0.001136  max_abs_dA=0.005693  int_signed_dA=-5.418e-11  int_abs_dA=2.05e-10  A_min=0.0005138  max_dA_fwd=-4.011e-06
  [shape] epoch  20250  rmse=0.001285  max_abs_dA=0.005635  int_signed_dA=-2.94e-11  int_abs_dA=2.31e-10  A_min=0.0004965  max_dA_fwd=-3.975e-06
  [shape] epoch  20500  rmse=0.001154  max_abs_dA=0.005787  int_signed_dA=-1.902e-10  int_abs_dA=2.224e-10  A_min=0.0004909  max_dA_fwd=-3.877e-06
  [shape] epoch  20750  rmse=0.002001  max_abs_dA=0.005938  int_signed_dA=-3.998e-10  int_abs_dA=3.998e-10  A_min=0.0004637  max_dA_fwd=-3.694e-06
  [shape] epoch  21000  rmse=0.001084  max_abs_dA=0.005726  int_signed_dA=-1.538e-10  int_abs_dA=2.05e-10  A_min=0.0005076  max_dA_fwd=-3.921e-06
  [shape] epoch  21250  rmse=0.001077  max_abs_dA=0.005672  int_signed_dA=-1.073e-10  int_abs_dA=1.999e-10  A_min=0.0005193  max_dA_fwd=-3.952e-06
  [shape] epoch  21500  rmse=0.00107  max_abs_dA=0.0057  int_signed_dA=-1.451e-10  int_abs_dA=2.012e-10  A_min=0.0005159  max_dA_fwd=-3.935e-06
  [shape] epoch  21750  rmse=0.001085  max_abs_dA=0.005649  int_signed_dA=-1.038e-10  int_abs_dA=2.012e-10  A_min=0.0005222  max_dA_fwd=-3.965e-06
  [shape] epoch  22000  rmse=0.001075  max_abs_dA=0.005678  int_signed_dA=-1.489e-10  int_abs_dA=2.03e-10  A_min=0.0005188  max_dA_fwd=-3.941e-06
  [shape] epoch  22250  rmse=0.001187  max_abs_dA=0.005704  int_signed_dA=-2.055e-10  int_abs_dA=2.309e-10  A_min=0.0005148  max_dA_fwd=-3.896e-06
  [shape] epoch  22500  rmse=0.001065  max_abs_dA=0.005627  int_signed_dA=-1.26e-10  int_abs_dA=1.991e-10  A_min=0.0005347  max_dA_fwd=-3.967e-06
  [shape] epoch  22750  rmse=0.001065  max_abs_dA=0.005634  int_signed_dA=-1.465e-10  int_abs_dA=2.011e-10  A_min=0.0005303  max_dA_fwd=-3.966e-06
  [shape] epoch  23000  rmse=0.001054  max_abs_dA=0.005612  int_signed_dA=-1.378e-10  int_abs_dA=1.979e-10  A_min=0.0005378  max_dA_fwd=-3.974e-06
  [shape] epoch  23250  rmse=0.001032  max_abs_dA=0.005582  int_signed_dA=-1.173e-10  int_abs_dA=1.91e-10  A_min=0.0005495  max_dA_fwd=-4e-06
  [shape] epoch  23500  rmse=0.001121  max_abs_dA=0.005521  int_signed_dA=-4.328e-11  int_abs_dA=2.007e-10  A_min=0.0005535  max_dA_fwd=-4.074e-06
  [shape] epoch  23750  rmse=0.001089  max_abs_dA=0.005531  int_signed_dA=-1.033e-10  int_abs_dA=2.026e-10  A_min=0.0005463  max_dA_fwd=-3.997e-06
  [shape] epoch  24000  rmse=0.001058  max_abs_dA=0.005575  int_signed_dA=-1.488e-10  int_abs_dA=2.005e-10  A_min=0.0005538  max_dA_fwd=-3.997e-06
  [shape] epoch  24250  rmse=0.001023  max_abs_dA=0.005545  int_signed_dA=-1.298e-10  int_abs_dA=1.907e-10  A_min=0.000563  max_dA_fwd=-4.028e-06
  [shape] epoch  24500  rmse=0.001008  max_abs_dA=0.005532  int_signed_dA=-1.114e-10  int_abs_dA=1.855e-10  A_min=0.0005667  max_dA_fwd=-4.052e-06
  [shape] epoch  24750  rmse=0.001093  max_abs_dA=0.005547  int_signed_dA=-1.587e-10  int_abs_dA=2.093e-10  A_min=0.0005548  max_dA_fwd=-3.987e-06
  [shape] epoch  25000  rmse=0.00184  max_abs_dA=0.005254  int_signed_dA=1.495e-10  int_abs_dA=2.873e-10  A_min=0.0006231  max_dA_fwd=-4.267e-06
  [shape] epoch  25250  rmse=0.001022  max_abs_dA=0.005464  int_signed_dA=-1.086e-10  int_abs_dA=1.887e-10  A_min=0.0005836  max_dA_fwd=-4.059e-06
  [shape] epoch  25500  rmse=0.0009694  max_abs_dA=0.005461  int_signed_dA=-1.121e-10  int_abs_dA=1.771e-10  A_min=0.0006018  max_dA_fwd=-4.086e-06
  [shape] epoch  25750  rmse=0.001018  max_abs_dA=0.00546  int_signed_dA=-1.532e-10  int_abs_dA=1.924e-10  A_min=0.0006078  max_dA_fwd=-4.052e-06
  [shape] epoch  26000  rmse=0.0009694  max_abs_dA=0.005429  int_signed_dA=-1.179e-10  int_abs_dA=1.78e-10  A_min=0.0006134  max_dA_fwd=-4.093e-06
  [shape] epoch  26250  rmse=0.0009476  max_abs_dA=0.005397  int_signed_dA=-1.055e-10  int_abs_dA=1.716e-10  A_min=0.0006302  max_dA_fwd=-4.112e-06
  [shape] epoch  26500  rmse=0.000951  max_abs_dA=0.00539  int_signed_dA=-1.13e-10  int_abs_dA=1.735e-10  A_min=0.0006305  max_dA_fwd=-4.115e-06
  [shape] epoch  26750  rmse=0.0009385  max_abs_dA=0.005386  int_signed_dA=-1.094e-10  int_abs_dA=1.701e-10  A_min=0.0006406  max_dA_fwd=-4.13e-06
  [shape] epoch  27000  rmse=0.0009352  max_abs_dA=0.005322  int_signed_dA=-6.081e-11  int_abs_dA=1.63e-10  A_min=0.0006626  max_dA_fwd=-4.182e-06
  [shape] epoch  27250  rmse=0.0009226  max_abs_dA=0.005336  int_signed_dA=-1.076e-10  int_abs_dA=1.666e-10  A_min=0.0006614  max_dA_fwd=-4.153e-06
  [shape] epoch  27500  rmse=0.001062  max_abs_dA=0.005287  int_signed_dA=-2.921e-11  int_abs_dA=1.831e-10  A_min=0.00065  max_dA_fwd=-4.198e-06
  [shape] epoch  27750  rmse=0.000908  max_abs_dA=0.005326  int_signed_dA=-9.756e-11  int_abs_dA=1.619e-10  A_min=0.0006656  max_dA_fwd=-4.187e-06
  [shape] epoch  28000  rmse=0.0008811  max_abs_dA=0.005283  int_signed_dA=-9.722e-11  int_abs_dA=1.557e-10  A_min=0.0006966  max_dA_fwd=-4.19e-06
  [shape] epoch  28250  rmse=0.001091  max_abs_dA=0.00535  int_signed_dA=-1.724e-10  int_abs_dA=2.095e-10  A_min=0.0006473  max_dA_fwd=-4.079e-06
  [shape] epoch  28500  rmse=0.0008757  max_abs_dA=0.005275  int_signed_dA=-9.864e-11  int_abs_dA=1.549e-10  A_min=0.0007001  max_dA_fwd=-4.218e-06
  [shape] epoch  28750  rmse=0.001891  max_abs_dA=0.005452  int_signed_dA=-3.629e-10  int_abs_dA=3.629e-10  A_min=0.0006573  max_dA_fwd=-3.954e-06
  [shape] epoch  29000  rmse=0.0008448  max_abs_dA=0.005217  int_signed_dA=-9.273e-11  int_abs_dA=1.47e-10  A_min=0.0007328  max_dA_fwd=-4.24e-06
  [shape] epoch  29250  rmse=0.000861  max_abs_dA=0.00523  int_signed_dA=-9.904e-11  int_abs_dA=1.519e-10  A_min=0.000723  max_dA_fwd=-4.243e-06
  [shape] epoch  29500  rmse=0.0008386  max_abs_dA=0.005202  int_signed_dA=-8.856e-11  int_abs_dA=1.451e-10  A_min=0.0007397  max_dA_fwd=-4.267e-06
  [shape] epoch  29750  rmse=0.0008501  max_abs_dA=0.005202  int_signed_dA=-1.004e-10  int_abs_dA=1.498e-10  A_min=0.0007375  max_dA_fwd=-4.262e-06
  [shape] epoch  30000  rmse=0.001031  max_abs_dA=0.005207  int_signed_dA=-1.785e-10  int_abs_dA=1.92e-10  A_min=0.0007647  max_dA_fwd=-4.203e-06
  [shape] epoch  30250  rmse=0.0008086  max_abs_dA=0.005127  int_signed_dA=-6.526e-11  int_abs_dA=1.339e-10  A_min=0.0007758  max_dA_fwd=-4.31e-06
  [shape] epoch  30500  rmse=0.0008047  max_abs_dA=0.005117  int_signed_dA=-7.582e-11  int_abs_dA=1.352e-10  A_min=0.0007766  max_dA_fwd=-4.313e-06
  [shape] epoch  30750  rmse=0.0008222  max_abs_dA=0.005101  int_signed_dA=-9.897e-11  int_abs_dA=1.434e-10  A_min=0.0007918  max_dA_fwd=-4.295e-06
  [shape] epoch  31000  rmse=0.000756  max_abs_dA=0.005039  int_signed_dA=-6.308e-11  int_abs_dA=1.21e-10  A_min=0.0008342  max_dA_fwd=-4.347e-06
  [shape] epoch  31250  rmse=0.0008436  max_abs_dA=0.004955  int_signed_dA=1.086e-11  int_abs_dA=1.242e-10  A_min=0.0008642  max_dA_fwd=-4.427e-06
  [shape] epoch  31500  rmse=0.000745  max_abs_dA=0.004996  int_signed_dA=-7.341e-11  int_abs_dA=1.209e-10  A_min=0.0008535  max_dA_fwd=-4.353e-06
  [shape] epoch  31750  rmse=0.0007281  max_abs_dA=0.004976  int_signed_dA=-6.771e-11  int_abs_dA=1.157e-10  A_min=0.0008689  max_dA_fwd=-4.372e-06
  [shape] epoch  32000  rmse=0.0007209  max_abs_dA=0.004959  int_signed_dA=-6.389e-11  int_abs_dA=1.132e-10  A_min=0.000874  max_dA_fwd=-4.395e-06
  [shape] epoch  32250  rmse=0.0006969  max_abs_dA=0.004916  int_signed_dA=-5.83e-11  int_abs_dA=1.064e-10  A_min=0.000906  max_dA_fwd=-4.409e-06
  [shape] epoch  32500  rmse=0.0006961  max_abs_dA=0.004897  int_signed_dA=-5.384e-11  int_abs_dA=1.052e-10  A_min=0.000909  max_dA_fwd=-4.414e-06
  [shape] epoch  32750  rmse=0.0009129  max_abs_dA=0.004954  int_signed_dA=-1.445e-10  int_abs_dA=1.626e-10  A_min=0.0008851  max_dA_fwd=-4.32e-06
  [shape] epoch  33000  rmse=0.0006686  max_abs_dA=0.004833  int_signed_dA=-5.306e-11  int_abs_dA=9.965e-11  A_min=0.0009474  max_dA_fwd=-4.442e-06
  [shape] epoch  33250  rmse=0.0007556  max_abs_dA=0.004854  int_signed_dA=-9.58e-11  int_abs_dA=1.27e-10  A_min=0.0009305  max_dA_fwd=-4.39e-06
  [shape] epoch  33500  rmse=0.0008487  max_abs_dA=0.004861  int_signed_dA=-1.272e-10  int_abs_dA=1.477e-10  A_min=0.0009326  max_dA_fwd=-4.368e-06
  [shape] epoch  33750  rmse=0.0006326  max_abs_dA=0.004722  int_signed_dA=-2.4e-11  int_abs_dA=8.455e-11  A_min=0.001001  max_dA_fwd=-4.501e-06
  [shape] epoch  34000  rmse=0.0006302  max_abs_dA=0.004725  int_signed_dA=-4.52e-11  int_abs_dA=9.092e-11  A_min=0.0009999  max_dA_fwd=-4.49e-06
  [shape] epoch  34250  rmse=0.0006634  max_abs_dA=0.004725  int_signed_dA=-6.424e-11  int_abs_dA=1.031e-10  A_min=0.0009898  max_dA_fwd=-4.47e-06
  [shape] epoch  34500  rmse=0.0006808  max_abs_dA=0.004716  int_signed_dA=-6.328e-11  int_abs_dA=1.067e-10  A_min=0.000982  max_dA_fwd=-4.469e-06
  [shape] epoch  34750  rmse=0.001343  max_abs_dA=0.004442  int_signed_dA=1.767e-10  int_abs_dA=1.983e-10  A_min=0.001098  max_dA_fwd=-4.727e-06
  [shape] epoch  35000  rmse=0.0006043  max_abs_dA=0.00463  int_signed_dA=-3.273e-11  int_abs_dA=8.349e-11  A_min=0.001037  max_dA_fwd=-4.547e-06
  [shape] epoch  35250  rmse=0.000576  max_abs_dA=0.004545  int_signed_dA=-2.531e-11  int_abs_dA=7.785e-11  A_min=0.001091  max_dA_fwd=-4.56e-06
  [shape] epoch  35500  rmse=0.0005868  max_abs_dA=0.004569  int_signed_dA=-3.029e-11  int_abs_dA=8.079e-11  A_min=0.001066  max_dA_fwd=-4.573e-06
  [shape] epoch  35750  rmse=0.0005597  max_abs_dA=0.004479  int_signed_dA=-1.787e-11  int_abs_dA=7.385e-11  A_min=0.001121  max_dA_fwd=-4.588e-06
  [shape] epoch  36000  rmse=0.0008792  max_abs_dA=0.004545  int_signed_dA=-1.3e-10  int_abs_dA=1.478e-10  A_min=0.001102  max_dA_fwd=-4.494e-06
  [shape] epoch  36250  rmse=0.0005582  max_abs_dA=0.004416  int_signed_dA=-2.74e-12  int_abs_dA=6.913e-11  A_min=0.001133  max_dA_fwd=-4.619e-06
  [shape] epoch  36500  rmse=0.0005549  max_abs_dA=0.004406  int_signed_dA=-8.372e-13  int_abs_dA=6.788e-11  A_min=0.001135  max_dA_fwd=-4.638e-06
  [shape] epoch  36750  rmse=0.000783  max_abs_dA=0.004441  int_signed_dA=-1.051e-10  int_abs_dA=1.311e-10  A_min=0.001138  max_dA_fwd=-4.538e-06
  [shape] epoch  37000  rmse=0.0005324  max_abs_dA=0.00432  int_signed_dA=-9.994e-12  int_abs_dA=7.126e-11  A_min=0.001184  max_dA_fwd=-4.65e-06
  [shape] epoch  37250  rmse=0.000521  max_abs_dA=0.004276  int_signed_dA=-2.581e-12  int_abs_dA=6.85e-11  A_min=0.001215  max_dA_fwd=-4.673e-06
  [shape] epoch  37500  rmse=0.0005876  max_abs_dA=0.004171  int_signed_dA=5.211e-11  int_abs_dA=7.524e-11  A_min=0.001258  max_dA_fwd=-4.732e-06
  [shape] epoch  37750  rmse=0.0005074  max_abs_dA=0.00416  int_signed_dA=5.041e-12  int_abs_dA=6.781e-11  A_min=0.001268  max_dA_fwd=-4.695e-06
  [shape] epoch  38000  rmse=0.0005051  max_abs_dA=0.004132  int_signed_dA=5.026e-12  int_abs_dA=6.86e-11  A_min=0.001277  max_dA_fwd=-4.706e-06
  [shape] epoch  38250  rmse=0.0005074  max_abs_dA=0.004129  int_signed_dA=3.208e-12  int_abs_dA=6.967e-11  A_min=0.001269  max_dA_fwd=-4.714e-06
  [shape] epoch  38500  rmse=0.0004997  max_abs_dA=0.004047  int_signed_dA=1.499e-11  int_abs_dA=6.803e-11  A_min=0.001319  max_dA_fwd=-4.741e-06
  [shape] epoch  38750  rmse=0.0004974  max_abs_dA=0.004032  int_signed_dA=7.861e-12  int_abs_dA=7.019e-11  A_min=0.001309  max_dA_fwd=-4.742e-06
  [shape] epoch  39000  rmse=0.0004984  max_abs_dA=0.003959  int_signed_dA=2.24e-11  int_abs_dA=6.874e-11  A_min=0.001351  max_dA_fwd=-4.766e-06
  [shape] epoch  39250  rmse=0.0005023  max_abs_dA=0.003967  int_signed_dA=5.711e-12  int_abs_dA=7.501e-11  A_min=0.001334  max_dA_fwd=-4.755e-06
  [shape] epoch  39500  rmse=0.0004988  max_abs_dA=0.003884  int_signed_dA=2.835e-11  int_abs_dA=7.067e-11  A_min=0.001385  max_dA_fwd=-4.793e-06
  [shape] epoch  39750  rmse=0.0005008  max_abs_dA=0.00383  int_signed_dA=2.984e-11  int_abs_dA=7.37e-11  A_min=0.001412  max_dA_fwd=-4.807e-06
  [shape] epoch  40000  rmse=0.0005059  max_abs_dA=0.003793  int_signed_dA=4.152e-11  int_abs_dA=7.059e-11  A_min=0.00141  max_dA_fwd=-4.825e-06
  [shape] epoch  40250  rmse=0.0005025  max_abs_dA=0.003784  int_signed_dA=3.678e-11  int_abs_dA=7.171e-11  A_min=0.001405  max_dA_fwd=-4.826e-06
  [shape] epoch  40500  rmse=0.0006334  max_abs_dA=0.00376  int_signed_dA=-3.051e-11  int_abs_dA=1.113e-10  A_min=0.001437  max_dA_fwd=-4.779e-06
  [shape] epoch  40750  rmse=0.0005106  max_abs_dA=0.00367  int_signed_dA=4.299e-11  int_abs_dA=7.851e-11  A_min=0.001465  max_dA_fwd=-4.858e-06
  [shape] epoch  41000  rmse=0.0005532  max_abs_dA=0.003639  int_signed_dA=5.568e-12  int_abs_dA=9.705e-11  A_min=0.001482  max_dA_fwd=-4.835e-06
  [shape] epoch  41250  rmse=0.0005173  max_abs_dA=0.003605  int_signed_dA=4.998e-11  int_abs_dA=8.075e-11  A_min=0.001483  max_dA_fwd=-4.887e-06
  [shape] epoch  41500  rmse=0.0005472  max_abs_dA=0.003524  int_signed_dA=7.14e-11  int_abs_dA=8.955e-11  A_min=0.001516  max_dA_fwd=-4.917e-06
  [shape] epoch  41750  rmse=0.0005339  max_abs_dA=0.003485  int_signed_dA=5.647e-11  int_abs_dA=8.842e-11  A_min=0.001539  max_dA_fwd=-4.911e-06
  [shape] epoch  42000  rmse=0.0005547  max_abs_dA=0.003452  int_signed_dA=2.823e-11  int_abs_dA=9.96e-11  A_min=0.001555  max_dA_fwd=-4.896e-06
  [shape] epoch  42250  rmse=0.0005323  max_abs_dA=0.00344  int_signed_dA=4.672e-11  int_abs_dA=9.134e-11  A_min=0.001543  max_dA_fwd=-4.919e-06
  [shape] epoch  42500  rmse=0.0005514  max_abs_dA=0.003355  int_signed_dA=6.386e-11  int_abs_dA=9.522e-11  A_min=0.001582  max_dA_fwd=-4.946e-06
  [shape] epoch  42750  rmse=0.0005841  max_abs_dA=0.003294  int_signed_dA=8.682e-11  int_abs_dA=1.04e-10  A_min=0.001601  max_dA_fwd=-4.981e-06
  [shape] epoch  43000  rmse=0.0005905  max_abs_dA=0.003233  int_signed_dA=8.608e-11  int_abs_dA=1.058e-10  A_min=0.001631  max_dA_fwd=-4.986e-06
  [shape] epoch  43250  rmse=0.0005775  max_abs_dA=0.00321  int_signed_dA=7.38e-11  int_abs_dA=1.036e-10  A_min=0.001635  max_dA_fwd=-4.983e-06
  [shape] epoch  43500  rmse=0.0005705  max_abs_dA=0.00321  int_signed_dA=7.039e-11  int_abs_dA=1.019e-10  A_min=0.001623  max_dA_fwd=-4.986e-06
  [shape] epoch  43750  rmse=0.000589  max_abs_dA=0.003144  int_signed_dA=8.028e-11  int_abs_dA=1.068e-10  A_min=0.001649  max_dA_fwd=-5.007e-06
  [shape] epoch  44000  rmse=0.0005983  max_abs_dA=0.003079  int_signed_dA=7.586e-11  int_abs_dA=1.106e-10  A_min=0.001677  max_dA_fwd=-5.01e-06
  [shape] epoch  44250  rmse=0.0005981  max_abs_dA=0.003066  int_signed_dA=7.925e-11  int_abs_dA=1.103e-10  A_min=0.001672  max_dA_fwd=-5.023e-06
  [shape] epoch  44500  rmse=0.0006159  max_abs_dA=0.003  int_signed_dA=8.66e-11  int_abs_dA=1.148e-10  A_min=0.001699  max_dA_fwd=-5.038e-06
  [shape] epoch  44750  rmse=0.0006265  max_abs_dA=0.002951  int_signed_dA=8.931e-11  int_abs_dA=1.176e-10  A_min=0.001716  max_dA_fwd=-5.048e-06
  [shape] epoch  45000  rmse=0.0006326  max_abs_dA=0.002915  int_signed_dA=9.205e-11  int_abs_dA=1.194e-10  A_min=0.001723  max_dA_fwd=-5.06e-06
  [shape] epoch  45250  rmse=0.0006229  max_abs_dA=0.002905  int_signed_dA=8.574e-11  int_abs_dA=1.174e-10  A_min=0.001714  max_dA_fwd=-5.058e-06
  [shape] epoch  45500  rmse=0.0006467  max_abs_dA=0.002832  int_signed_dA=9.594e-11  int_abs_dA=1.23e-10  A_min=0.001745  max_dA_fwd=-5.077e-06
  [shape] epoch  45750  rmse=0.0006533  max_abs_dA=0.002796  int_signed_dA=9.991e-11  int_abs_dA=1.246e-10  A_min=0.001751  max_dA_fwd=-5.088e-06
  [shape] epoch  46000  rmse=0.0006405  max_abs_dA=0.002786  int_signed_dA=8.791e-11  int_abs_dA=1.224e-10  A_min=0.001745  max_dA_fwd=-5.08e-06
  [shape] epoch  46250  rmse=0.000664  max_abs_dA=0.002713  int_signed_dA=9.827e-11  int_abs_dA=1.277e-10  A_min=0.001774  max_dA_fwd=-5.099e-06
  [shape] epoch  46500  rmse=0.0006735  max_abs_dA=0.00267  int_signed_dA=1.038e-10  int_abs_dA=1.297e-10  A_min=0.001783  max_dA_fwd=-5.11e-06
  [shape] epoch  46750  rmse=0.0006814  max_abs_dA=0.002636  int_signed_dA=1.069e-10  int_abs_dA=1.317e-10  A_min=0.001791  max_dA_fwd=-5.121e-06
  [shape] epoch  47000  rmse=0.0006732  max_abs_dA=0.002613  int_signed_dA=9.572e-11  int_abs_dA=1.307e-10  A_min=0.001791  max_dA_fwd=-5.115e-06
  [shape] epoch  47250  rmse=0.0007058  max_abs_dA=0.00255  int_signed_dA=1.203e-10  int_abs_dA=1.373e-10  A_min=0.001808  max_dA_fwd=-5.144e-06
  [shape] epoch  47500  rmse=0.0006933  max_abs_dA=0.002524  int_signed_dA=1.074e-10  int_abs_dA=1.348e-10  A_min=0.001813  max_dA_fwd=-5.138e-06
  [shape] epoch  47750  rmse=0.0007304  max_abs_dA=0.002471  int_signed_dA=1.298e-10  int_abs_dA=1.436e-10  A_min=0.001825  max_dA_fwd=-5.168e-06
  [shape] epoch  48000  rmse=0.0006958  max_abs_dA=0.002459  int_signed_dA=9.929e-11  int_abs_dA=1.364e-10  A_min=0.001823  max_dA_fwd=-5.141e-06
  [shape] epoch  48250  rmse=0.000703  max_abs_dA=0.002429  int_signed_dA=1.098e-10  int_abs_dA=1.372e-10  A_min=0.001827  max_dA_fwd=-5.153e-06
  [shape] epoch  48500  rmse=0.0007114  max_abs_dA=0.002387  int_signed_dA=1.13e-10  int_abs_dA=1.391e-10  A_min=0.001835  max_dA_fwd=-5.163e-06
  [shape] epoch  48750  rmse=0.0007138  max_abs_dA=0.002362  int_signed_dA=1.138e-10  int_abs_dA=1.397e-10  A_min=0.001838  max_dA_fwd=-5.167e-06
  [shape] epoch  49000  rmse=0.0007214  max_abs_dA=0.002318  int_signed_dA=1.159e-10  int_abs_dA=1.415e-10  A_min=0.001848  max_dA_fwd=-5.175e-06
  [shape] epoch  49250  rmse=0.0007249  max_abs_dA=0.002286  int_signed_dA=1.165e-10  int_abs_dA=1.423e-10  A_min=0.001853  max_dA_fwd=-5.179e-06
  [shape] epoch  49500  rmse=0.0007268  max_abs_dA=0.002258  int_signed_dA=1.176e-10  int_abs_dA=1.427e-10  A_min=0.001855  max_dA_fwd=-5.184e-06
  [shape] epoch  49750  rmse=0.0007309  max_abs_dA=0.002222  int_signed_dA=1.181e-10  int_abs_dA=1.437e-10  A_min=0.00186  max_dA_fwd=-5.189e-06
  [shape] epoch  50000  rmse=0.0007423  max_abs_dA=0.002191  int_signed_dA=1.264e-10  int_abs_dA=1.46e-10  A_min=0.001864  max_dA_fwd=-5.201e-06
  [shape] epoch  50250  rmse=0.0007336  max_abs_dA=0.002169  int_signed_dA=1.189e-10  int_abs_dA=1.444e-10  A_min=0.001864  max_dA_fwd=-5.196e-06
  [shape] epoch  50500  rmse=0.0007327  max_abs_dA=0.002134  int_signed_dA=1.149e-10  int_abs_dA=1.444e-10  A_min=0.001869  max_dA_fwd=-5.194e-06
  [shape] epoch  50750  rmse=0.0007383  max_abs_dA=0.002108  int_signed_dA=1.2e-10  int_abs_dA=1.455e-10  A_min=0.00187  max_dA_fwd=-5.204e-06
  [shape] epoch  51000  rmse=0.0007381  max_abs_dA=0.002083  int_signed_dA=1.19e-10  int_abs_dA=1.456e-10  A_min=0.001871  max_dA_fwd=-5.206e-06
  [shape] epoch  51250  rmse=0.0007425  max_abs_dA=0.002051  int_signed_dA=1.211e-10  int_abs_dA=1.465e-10  A_min=0.001875  max_dA_fwd=-5.211e-06
  [shape] epoch  51500  rmse=0.000744  max_abs_dA=0.002025  int_signed_dA=1.221e-10  int_abs_dA=1.469e-10  A_min=0.001876  max_dA_fwd=-5.215e-06
  [shape] epoch  51750  rmse=0.0007441  max_abs_dA=0.002001  int_signed_dA=1.221e-10  int_abs_dA=1.469e-10  A_min=0.001876  max_dA_fwd=-5.217e-06
  [shape] epoch  52000  rmse=0.0007513  max_abs_dA=0.001968  int_signed_dA=1.265e-10  int_abs_dA=1.484e-10  A_min=0.00188  max_dA_fwd=-5.225e-06
  [shape] epoch  52250  rmse=0.0007417  max_abs_dA=0.001954  int_signed_dA=1.188e-10  int_abs_dA=1.467e-10  A_min=0.001876  max_dA_fwd=-5.219e-06
  [shape] epoch  52500  rmse=0.0007436  max_abs_dA=0.001929  int_signed_dA=1.209e-10  int_abs_dA=1.471e-10  A_min=0.001876  max_dA_fwd=-5.223e-06
  [shape] epoch  52750  rmse=0.000748  max_abs_dA=0.001902  int_signed_dA=1.239e-10  int_abs_dA=1.48e-10  A_min=0.001878  max_dA_fwd=-5.229e-06
  [shape] epoch  53000  rmse=0.0007363  max_abs_dA=0.001891  int_signed_dA=1.117e-10  int_abs_dA=1.463e-10  A_min=0.001873  max_dA_fwd=-5.218e-06
  [shape] epoch  53250  rmse=0.0007458  max_abs_dA=0.001859  int_signed_dA=1.229e-10  int_abs_dA=1.476e-10  A_min=0.001877  max_dA_fwd=-5.231e-06
  [shape] epoch  53500  rmse=0.0007463  max_abs_dA=0.001835  int_signed_dA=1.232e-10  int_abs_dA=1.477e-10  A_min=0.001877  max_dA_fwd=-5.233e-06
  [shape] epoch  53750  rmse=0.0007473  max_abs_dA=0.001814  int_signed_dA=1.245e-10  int_abs_dA=1.479e-10  A_min=0.001876  max_dA_fwd=-5.236e-06
  [shape] epoch  54000  rmse=0.0007458  max_abs_dA=0.001795  int_signed_dA=1.242e-10  int_abs_dA=1.476e-10  A_min=0.001874  max_dA_fwd=-5.237e-06
  [shape] epoch  54250  rmse=0.0007447  max_abs_dA=0.001776  int_signed_dA=1.241e-10  int_abs_dA=1.475e-10  A_min=0.001873  max_dA_fwd=-5.238e-06
  [shape] epoch  54500  rmse=0.0007424  max_abs_dA=0.001757  int_signed_dA=1.226e-10  int_abs_dA=1.471e-10  A_min=0.001871  max_dA_fwd=-5.238e-06
  [shape] epoch  54750  rmse=0.0007405  max_abs_dA=0.001739  int_signed_dA=1.22e-10  int_abs_dA=1.467e-10  A_min=0.001869  max_dA_fwd=-5.239e-06
  [shape] epoch  55000  rmse=0.0007387  max_abs_dA=0.001722  int_signed_dA=1.219e-10  int_abs_dA=1.464e-10  A_min=0.001867  max_dA_fwd=-5.239e-06
  [shape] epoch  55250  rmse=0.0007345  max_abs_dA=0.001707  int_signed_dA=1.19e-10  int_abs_dA=1.457e-10  A_min=0.001864  max_dA_fwd=-5.237e-06
  [shape] epoch  55500  rmse=0.0007353  max_abs_dA=0.001687  int_signed_dA=1.209e-10  int_abs_dA=1.458e-10  A_min=0.001863  max_dA_fwd=-5.24e-06
  [shape] epoch  55750  rmse=0.0007223  max_abs_dA=0.001685  int_signed_dA=1.084e-10  int_abs_dA=1.439e-10  A_min=0.001854  max_dA_fwd=-5.228e-06
  [shape] epoch  56000  rmse=0.0007312  max_abs_dA=0.001657  int_signed_dA=1.202e-10  int_abs_dA=1.45e-10  A_min=0.001857  max_dA_fwd=-5.241e-06
  [shape] epoch  56250  rmse=0.0007307  max_abs_dA=0.00164  int_signed_dA=1.21e-10  int_abs_dA=1.449e-10  A_min=0.001855  max_dA_fwd=-5.242e-06
  [shape] epoch  56500  rmse=0.0007204  max_abs_dA=0.001632  int_signed_dA=1.119e-10  int_abs_dA=1.433e-10  A_min=0.001849  max_dA_fwd=-5.233e-06
  [shape] epoch  56750  rmse=0.0007273  max_abs_dA=0.001607  int_signed_dA=1.205e-10  int_abs_dA=1.442e-10  A_min=0.001851  max_dA_fwd=-5.243e-06
  [shape] epoch  57000  rmse=0.000724  max_abs_dA=0.001594  int_signed_dA=1.193e-10  int_abs_dA=1.436e-10  A_min=0.001848  max_dA_fwd=-5.241e-06
  [shape] epoch  57250  rmse=0.0007213  max_abs_dA=0.001581  int_signed_dA=1.188e-10  int_abs_dA=1.43e-10  A_min=0.001844  max_dA_fwd=-5.241e-06
  [shape] epoch  57500  rmse=0.0007157  max_abs_dA=0.00157  int_signed_dA=1.144e-10  int_abs_dA=1.422e-10  A_min=0.00184  max_dA_fwd=-5.237e-06
  [shape] epoch  57750  rmse=0.0007168  max_abs_dA=0.001555  int_signed_dA=1.182e-10  int_abs_dA=1.421e-10  A_min=0.001838  max_dA_fwd=-5.241e-06
  [shape] epoch  58000  rmse=0.0007136  max_abs_dA=0.001541  int_signed_dA=1.165e-10  int_abs_dA=1.416e-10  A_min=0.001836  max_dA_fwd=-5.239e-06
  [shape] epoch  58250  rmse=0.0007128  max_abs_dA=0.001528  int_signed_dA=1.178e-10  int_abs_dA=1.414e-10  A_min=0.001833  max_dA_fwd=-5.24e-06
  [shape] epoch  58500  rmse=0.0007022  max_abs_dA=0.001525  int_signed_dA=1.091e-10  int_abs_dA=1.397e-10  A_min=0.001825  max_dA_fwd=-5.231e-06
  [shape] epoch  58750  rmse=0.0007125  max_abs_dA=0.001499  int_signed_dA=1.211e-10  int_abs_dA=1.412e-10  A_min=0.001828  max_dA_fwd=-5.243e-06
  [shape] epoch  59000  rmse=0.0007107  max_abs_dA=0.001488  int_signed_dA=1.209e-10  int_abs_dA=1.409e-10  A_min=0.001825  max_dA_fwd=-5.244e-06
  [shape] epoch  59250  rmse=0.0007049  max_abs_dA=0.001479  int_signed_dA=1.186e-10  int_abs_dA=1.397e-10  A_min=0.00182  max_dA_fwd=-5.24e-06
  [shape] epoch  59500  rmse=0.0006981  max_abs_dA=0.001471  int_signed_dA=1.138e-10  int_abs_dA=1.386e-10  A_min=0.001816  max_dA_fwd=-5.235e-06
  [shape] epoch  59750  rmse=0.0006949  max_abs_dA=0.00146  int_signed_dA=1.134e-10  int_abs_dA=1.379e-10  A_min=0.001813  max_dA_fwd=-5.234e-06
  [shape] epoch  59999  rmse=0.0006915  max_abs_dA=0.001451  int_signed_dA=1.124e-10  int_abs_dA=1.372e-10  A_min=0.001808  max_dA_fwd=-5.232e-06
[spectral-pn] spn-L10.0-s42: loss 8.488e+00 -> 1.363e-07 (x62265044 drop)
[spectral-pn] RMSE=0.0007 max|dA|=0.0015 gamma_eff=3.1094e+07 gamma_ratio=0.9965
[spectral-pn] snapshot=final best_epoch=59999 best_loss=1.363e-07 final_loss=1.363e-07
[spectral-pn-shape] cancel=0.819 int_signed_dA=1.1236e-10 int_abs_dA=1.3724e-10 A_min=1.8084e-03 max_dA_fwd=-5.2323e-06
[spectral-pn] saved: runs/transient/pn_sumrule_ladder_1d/ladder_L10.0_1d
