[spectral-pn] case: L=0.7 um, Nk=20, L_max=8, run=20260814_181704
[spectral-pn] window t_end=3.078e-09 s (460.3 tau_ref), gamma_dom=2.2741e+09 Hz
[spectral-pn] window mode=n_decay rule=n_decay (t_1% at 0.01*A0: nan s; n_dec=7/gamma_dom: 3.0781e-09 s)
  epoch      0  residual 5.154e-02
  epoch    250  residual 7.221e-04
  epoch    500  residual 3.081e-04
  epoch    750  residual 1.593e-04
  epoch   1000  residual 1.122e-04
  epoch   1250  residual 7.309e-05
  epoch   1500  residual 5.192e-05
  epoch   1750  residual 4.432e-05
  epoch   2000  residual 3.187e-05
  epoch   2250  residual 4.393e-05
  epoch   2500  residual 1.970e-05
  epoch   2750  residual 1.959e-05
  epoch   3000  residual 5.293e-05
  epoch   3250  residual 1.336e-05
  epoch   3500  residual 2.496e-05
  epoch   3750  residual 1.058e-05
  epoch   4000  residual 2.146e-05
  epoch   4250  residual 1.051e-05
  epoch   4500  residual 8.101e-06
  epoch   4750  residual 8.886e-06
  epoch   5000  residual 1.387e-05
  epoch   5250  residual 7.775e-06
  epoch   5500  residual 1.549e-05
  epoch   5750  residual 6.441e-06
  epoch   6000  residual 7.897e-06
  epoch   6250  residual 9.516e-06
  epoch   6500  residual 3.272e-05
  epoch   6750  residual 5.333e-05
  epoch   7000  residual 4.162e-06
  epoch   7250  residual 4.258e-06
  epoch   7500  residual 3.553e-06
  epoch   7750  residual 1.724e-05
  epoch   8000  residual 3.233e-06
  epoch   8250  residual 3.243e-06
  epoch   8500  residual 3.269e-06
  epoch   8750  residual 2.711e-06
  epoch   9000  residual 2.782e-06
  epoch   9250  residual 1.969e-05
  epoch   9500  residual 2.821e-06
  epoch   9750  residual 3.578e-06
  epoch  10000  residual 1.226e-05
  epoch  10250  residual 3.025e-06
  epoch  10500  residual 6.657e-06
  epoch  10750  residual 2.138e-05
  epoch  11000  residual 1.759e-06
  epoch  11250  residual 5.845e-06
  epoch  11500  residual 1.697e-06
  epoch  11750  residual 1.071e-05
  epoch  12000  residual 2.826e-06
  epoch  12250  residual 1.553e-06
  epoch  12500  residual 3.111e-06
  epoch  12750  residual 1.408e-06
  epoch  13000  residual 1.459e-06
  epoch  13250  residual 1.290e-06
  epoch  13500  residual 1.432e-06
  epoch  13750  residual 1.264e-06
  epoch  14000  residual 2.333e-06
  epoch  14250  residual 1.266e-06
  epoch  14500  residual 1.234e-06
  epoch  14750  residual 1.872e-05
  epoch  15000  residual 5.847e-06
  epoch  15250  residual 1.259e-06
  epoch  15500  residual 2.983e-06
  epoch  15750  residual 2.082e-06
  epoch  16000  residual 1.495e-06
  epoch  16250  residual 1.248e-05
  epoch  16500  residual 1.390e-06
  epoch  16750  residual 1.692e-06
  epoch  17000  residual 1.395e-06
  epoch  17250  residual 1.758e-06
  epoch  17500  residual 1.484e-06
  epoch  17750  residual 9.862e-07
  epoch  18000  residual 1.697e-06
  epoch  18250  residual 1.646e-06
  epoch  18500  residual 1.154e-06
  epoch  18750  residual 3.440e-06
  epoch  19000  residual 1.158e-06
  epoch  19250  residual 1.851e-06
  epoch  19500  residual 4.283e-06
  epoch  19750  residual 1.084e-06
  epoch  20000  residual 3.239e-06
  epoch  20250  residual 7.121e-07
  epoch  20500  residual 1.245e-06
  epoch  20750  residual 1.209e-06
  epoch  21000  residual 9.491e-07
  epoch  21250  residual 1.845e-06
  epoch  21500  residual 7.278e-06
  epoch  21750  residual 9.020e-07
  epoch  22000  residual 1.071e-06
  epoch  22250  residual 1.031e-06
  epoch  22500  residual 7.441e-07
  epoch  22750  residual 5.748e-07
  epoch  23000  residual 6.122e-07
  epoch  23250  residual 2.719e-06
  epoch  23500  residual 5.578e-07
  epoch  23750  residual 6.441e-07
  epoch  24000  residual 6.707e-07
  epoch  24250  residual 7.818e-07
  epoch  24500  residual 1.745e-06
  epoch  24750  residual 6.593e-07
  epoch  25000  residual 7.172e-07
  epoch  25250  residual 6.449e-07
  epoch  25500  residual 5.814e-07
  epoch  25750  residual 6.388e-07
  epoch  26000  residual 4.817e-07
  epoch  26250  residual 2.922e-06
  epoch  26500  residual 7.881e-07
  epoch  26750  residual 6.533e-07
  epoch  27000  residual 5.568e-06
  epoch  27250  residual 7.180e-06
  epoch  27500  residual 5.843e-07
  epoch  27750  residual 1.204e-06
  epoch  28000  residual 4.254e-07
  epoch  28250  residual 4.063e-07
  epoch  28500  residual 1.425e-06
  epoch  28750  residual 7.602e-07
  epoch  29000  residual 4.780e-07
  epoch  29250  residual 4.522e-07
  epoch  29500  residual 4.702e-07
  epoch  29750  residual 4.187e-07
  epoch  30000  residual 4.257e-07
  epoch  30250  residual 3.622e-07
  epoch  30500  residual 5.370e-06
  epoch  30750  residual 4.481e-07
  epoch  31000  residual 6.549e-07
  epoch  31250  residual 3.486e-07
  epoch  31500  residual 5.260e-07
  epoch  31750  residual 4.869e-07
  epoch  32000  residual 2.702e-06
  epoch  32250  residual 3.519e-07
  epoch  32500  residual 1.803e-06
  epoch  32750  residual 1.217e-06
  epoch  33000  residual 7.142e-07
  epoch  33250  residual 3.001e-07
  epoch  33500  residual 4.672e-07
  epoch  33750  residual 6.294e-07
  epoch  34000  residual 1.393e-06
  epoch  34250  residual 1.542e-06
  epoch  34500  residual 4.243e-07
  epoch  34750  residual 3.141e-07
  epoch  35000  residual 2.950e-07
  epoch  35250  residual 4.252e-07
  epoch  35500  residual 4.844e-07
  epoch  35750  residual 2.968e-07
  epoch  36000  residual 1.581e-06
  epoch  36250  residual 3.578e-07
  epoch  36500  residual 2.971e-07
  epoch  36750  residual 2.779e-07
  epoch  37000  residual 2.478e-07
  epoch  37250  residual 1.258e-06
  epoch  37500  residual 3.233e-07
  epoch  37750  residual 4.442e-07
  epoch  38000  residual 3.104e-07
  epoch  38250  residual 3.890e-07
  epoch  38500  residual 1.059e-06
  epoch  38750  residual 3.544e-07
  epoch  39000  residual 2.598e-07
  epoch  39250  residual 2.528e-07
  epoch  39500  residual 2.351e-07
  epoch  39750  residual 2.225e-07
  epoch  40000  residual 2.484e-07
  epoch  40250  residual 2.576e-07
  epoch  40500  residual 2.283e-07
  epoch  40750  residual 3.603e-07
  epoch  41000  residual 2.289e-07
  epoch  41250  residual 3.144e-07
  epoch  41500  residual 2.133e-07
  epoch  41750  residual 2.090e-07
  epoch  42000  residual 3.644e-07
  epoch  42250  residual 2.163e-07
  epoch  42500  residual 2.966e-07
  epoch  42750  residual 4.283e-07
  epoch  43000  residual 1.970e-07
  epoch  43250  residual 2.338e-07
  epoch  43500  residual 2.951e-07
  epoch  43750  residual 2.000e-07
  epoch  44000  residual 2.115e-07
  epoch  44250  residual 1.936e-07
  epoch  44500  residual 1.949e-07
  epoch  44750  residual 2.147e-07
  epoch  45000  residual 2.011e-07
  epoch  45250  residual 1.920e-07
  epoch  45500  residual 1.833e-07
  epoch  45750  residual 3.297e-07
  epoch  46000  residual 1.983e-07
  epoch  46250  residual 3.229e-07
  epoch  46500  residual 2.073e-07
  epoch  46750  residual 1.736e-07
  epoch  47000  residual 1.930e-07
  epoch  47250  residual 2.042e-07
  epoch  47500  residual 3.015e-07
  epoch  47750  residual 1.959e-07
  epoch  48000  residual 2.023e-07
  epoch  48250  residual 3.291e-07
  epoch  48500  residual 1.810e-07
  epoch  48750  residual 1.641e-07
  epoch  49000  residual 1.773e-07
  epoch  49250  residual 1.805e-07
  epoch  49500  residual 1.620e-07
  epoch  49750  residual 2.008e-07
  epoch  50000  residual 1.766e-07
  epoch  50250  residual 1.585e-07
  epoch  50500  residual 1.571e-07
  epoch  50750  residual 1.690e-07
  epoch  51000  residual 1.555e-07
  epoch  51250  residual 1.557e-07
  epoch  51500  residual 1.999e-07
  epoch  51750  residual 1.814e-07
  epoch  52000  residual 1.662e-07
  epoch  52250  residual 1.857e-07
  epoch  52500  residual 1.653e-07
  epoch  52750  residual 1.854e-07
  epoch  53000  residual 1.512e-07
  epoch  53250  residual 1.475e-07
  epoch  53500  residual 1.674e-07
  epoch  53750  residual 1.488e-07
  epoch  54000  residual 1.502e-07
  epoch  54250  residual 1.452e-07
  epoch  54500  residual 1.441e-07
  epoch  54750  residual 1.706e-07
  epoch  55000  residual 1.441e-07
  epoch  55250  residual 1.423e-07
  epoch  55500  residual 1.418e-07
  epoch  55750  residual 1.595e-07
  epoch  56000  residual 1.417e-07
  epoch  56250  residual 1.460e-07
  epoch  56500  residual 1.405e-07
  epoch  56750  residual 1.430e-07
  epoch  57000  residual 1.394e-07
  epoch  57250  residual 1.398e-07
  epoch  57500  residual 1.436e-07
  epoch  57750  residual 1.358e-07
  epoch  58000  residual 1.368e-07
  epoch  58250  residual 1.890e-07
  epoch  58500  residual 1.348e-07
  epoch  58750  residual 1.513e-07
  epoch  59000  residual 1.331e-07
  epoch  59250  residual 1.360e-07
  epoch  59500  residual 1.324e-07
  epoch  59750  residual 1.324e-07
  epoch  59999  residual 1.464e-07
  [gamma] epoch      0  gamma_ratio 2.3314  residual 5.154e-02
  [gamma] epoch    250  gamma_ratio 0.8300  residual 7.221e-04
  [gamma] epoch    500  gamma_ratio 0.7952  residual 3.081e-04
  [gamma] epoch    750  gamma_ratio 0.7585  residual 1.593e-04
  [gamma] epoch   1000  gamma_ratio 0.7870  residual 1.122e-04
  [gamma] epoch   1250  gamma_ratio 0.8267  residual 7.309e-05
  [gamma] epoch   1500  gamma_ratio 0.8409  residual 5.192e-05
  [gamma] epoch   1750  gamma_ratio 0.8677  residual 4.432e-05
  [gamma] epoch   2000  gamma_ratio 0.8742  residual 3.187e-05
  [gamma] epoch   2250  gamma_ratio 0.9137  residual 4.393e-05
  [gamma] epoch   2500  gamma_ratio 0.8981  residual 1.970e-05
  [gamma] epoch   2750  gamma_ratio 0.9093  residual 1.959e-05
  [gamma] epoch   3000  gamma_ratio 0.9398  residual 5.293e-05
  [gamma] epoch   3250  gamma_ratio 0.9291  residual 1.336e-05
  [gamma] epoch   3500  gamma_ratio 0.9321  residual 2.496e-05
  [gamma] epoch   3750  gamma_ratio 0.9455  residual 1.058e-05
  [gamma] epoch   4000  gamma_ratio 0.9640  residual 2.146e-05
  [gamma] epoch   4250  gamma_ratio 0.9567  residual 1.051e-05
  [gamma] epoch   4500  gamma_ratio 0.9600  residual 8.101e-06
  [gamma] epoch   4750  gamma_ratio 0.9630  residual 8.886e-06
  [gamma] epoch   5000  gamma_ratio 0.9585  residual 1.387e-05
  [gamma] epoch   5250  gamma_ratio 0.9762  residual 7.775e-06
  [gamma] epoch   5500  gamma_ratio 0.9821  residual 1.549e-05
  [gamma] epoch   5750  gamma_ratio 0.9751  residual 6.441e-06
  [gamma] epoch   6000  gamma_ratio 0.9687  residual 7.897e-06
  [gamma] epoch   6250  gamma_ratio 0.9921  residual 9.516e-06
  [gamma] epoch   6500  gamma_ratio 0.9926  residual 3.272e-05
  [gamma] epoch   6750  gamma_ratio 0.9709  residual 5.333e-05
  [gamma] epoch   7000  gamma_ratio 0.9809  residual 4.162e-06
  [gamma] epoch   7250  gamma_ratio 0.9779  residual 4.258e-06
  [gamma] epoch   7500  gamma_ratio 0.9827  residual 3.553e-06
  [gamma] epoch   7750  gamma_ratio 0.9972  residual 1.724e-05
  [gamma] epoch   8000  gamma_ratio 0.9817  residual 3.233e-06
  [gamma] epoch   8250  gamma_ratio 0.9812  residual 3.243e-06
  [gamma] epoch   8500  gamma_ratio 0.9862  residual 3.269e-06
  [gamma] epoch   8750  gamma_ratio 0.9851  residual 2.711e-06
  [gamma] epoch   9000  gamma_ratio 0.9849  residual 2.782e-06
  [gamma] epoch   9250  gamma_ratio 1.0213  residual 1.969e-05
  [gamma] epoch   9500  gamma_ratio 0.9885  residual 2.821e-06
  [gamma] epoch   9750  gamma_ratio 0.9936  residual 3.578e-06
  [gamma] epoch  10000  gamma_ratio 0.9933  residual 1.226e-05
  [gamma] epoch  10250  gamma_ratio 0.9853  residual 3.025e-06
  [gamma] epoch  10500  gamma_ratio 0.9938  residual 6.657e-06
  [gamma] epoch  10750  gamma_ratio 0.9962  residual 2.138e-05
  [gamma] epoch  11000  gamma_ratio 0.9889  residual 1.759e-06
  [gamma] epoch  11250  gamma_ratio 1.0009  residual 5.845e-06
  [gamma] epoch  11500  gamma_ratio 0.9896  residual 1.697e-06
  [gamma] epoch  11750  gamma_ratio 0.9979  residual 1.071e-05
  [gamma] epoch  12000  gamma_ratio 0.9860  residual 2.826e-06
  [gamma] epoch  12250  gamma_ratio 0.9903  residual 1.553e-06
  [gamma] epoch  12500  gamma_ratio 0.9889  residual 3.111e-06
  [gamma] epoch  12750  gamma_ratio 0.9931  residual 1.408e-06
  [gamma] epoch  13000  gamma_ratio 0.9916  residual 1.459e-06
  [gamma] epoch  13250  gamma_ratio 0.9920  residual 1.290e-06
  [gamma] epoch  13500  gamma_ratio 0.9910  residual 1.432e-06
  [gamma] epoch  13750  gamma_ratio 0.9924  residual 1.264e-06
  [gamma] epoch  14000  gamma_ratio 0.9876  residual 2.333e-06
  [gamma] epoch  14250  gamma_ratio 0.9901  residual 1.266e-06
  [gamma] epoch  14500  gamma_ratio 0.9908  residual 1.234e-06
  [gamma] epoch  14750  gamma_ratio 0.9736  residual 1.872e-05
  [gamma] epoch  15000  gamma_ratio 0.9879  residual 5.847e-06
  [gamma] epoch  15250  gamma_ratio 0.9938  residual 1.259e-06
  [gamma] epoch  15500  gamma_ratio 0.9893  residual 2.983e-06
  [gamma] epoch  15750  gamma_ratio 0.9967  residual 2.082e-06
  [gamma] epoch  16000  gamma_ratio 0.9925  residual 1.495e-06
  [gamma] epoch  16250  gamma_ratio 0.9959  residual 1.248e-05
  [gamma] epoch  16500  gamma_ratio 0.9937  residual 1.390e-06
  [gamma] epoch  16750  gamma_ratio 0.9925  residual 1.692e-06
  [gamma] epoch  17000  gamma_ratio 0.9949  residual 1.395e-06
  [gamma] epoch  17250  gamma_ratio 0.9976  residual 1.758e-06
  [gamma] epoch  17500  gamma_ratio 0.9878  residual 1.484e-06
  [gamma] epoch  17750  gamma_ratio 0.9939  residual 9.862e-07
  [gamma] epoch  18000  gamma_ratio 0.9964  residual 1.697e-06
  [gamma] epoch  18250  gamma_ratio 0.9950  residual 1.646e-06
  [gamma] epoch  18500  gamma_ratio 0.9970  residual 1.154e-06
  [gamma] epoch  18750  gamma_ratio 0.9905  residual 3.440e-06
  [gamma] epoch  19000  gamma_ratio 0.9974  residual 1.158e-06
  [gamma] epoch  19250  gamma_ratio 0.9955  residual 1.851e-06
  [gamma] epoch  19500  gamma_ratio 1.0044  residual 4.283e-06
  [gamma] epoch  19750  gamma_ratio 0.9920  residual 1.084e-06
  [gamma] epoch  20000  gamma_ratio 0.9899  residual 3.239e-06
  [gamma] epoch  20250  gamma_ratio 0.9944  residual 7.121e-07
  [gamma] epoch  20500  gamma_ratio 1.0001  residual 1.245e-06
  [gamma] epoch  20750  gamma_ratio 0.9931  residual 1.209e-06
  [gamma] epoch  21000  gamma_ratio 0.9936  residual 9.491e-07
  [gamma] epoch  21250  gamma_ratio 1.0000  residual 1.845e-06
  [gamma] epoch  21500  gamma_ratio 0.9942  residual 7.278e-06
  [gamma] epoch  21750  gamma_ratio 0.9948  residual 9.020e-07
  [gamma] epoch  22000  gamma_ratio 0.9956  residual 1.071e-06
  [gamma] epoch  22250  gamma_ratio 0.9933  residual 1.031e-06
  [gamma] epoch  22500  gamma_ratio 0.9936  residual 7.441e-07
  [gamma] epoch  22750  gamma_ratio 0.9953  residual 5.748e-07
  [gamma] epoch  23000  gamma_ratio 0.9951  residual 6.122e-07
  [gamma] epoch  23250  gamma_ratio 0.9873  residual 2.719e-06
  [gamma] epoch  23500  gamma_ratio 0.9952  residual 5.578e-07
  [gamma] epoch  23750  gamma_ratio 0.9963  residual 6.441e-07
  [gamma] epoch  24000  gamma_ratio 0.9952  residual 6.707e-07
  [gamma] epoch  24250  gamma_ratio 0.9932  residual 7.818e-07
  [gamma] epoch  24500  gamma_ratio 0.9916  residual 1.745e-06
  [gamma] epoch  24750  gamma_ratio 0.9957  residual 6.593e-07
  [gamma] epoch  25000  gamma_ratio 0.9985  residual 7.172e-07
  [gamma] epoch  25250  gamma_ratio 0.9940  residual 6.449e-07
  [gamma] epoch  25500  gamma_ratio 0.9940  residual 5.814e-07
  [gamma] epoch  25750  gamma_ratio 0.9942  residual 6.388e-07
  [gamma] epoch  26000  gamma_ratio 0.9945  residual 4.817e-07
  [gamma] epoch  26250  gamma_ratio 0.9822  residual 2.922e-06
  [gamma] epoch  26500  gamma_ratio 0.9927  residual 7.881e-07
  [gamma] epoch  26750  gamma_ratio 0.9941  residual 6.533e-07
  [gamma] epoch  27000  gamma_ratio 1.0050  residual 5.568e-06
  [gamma] epoch  27250  gamma_ratio 0.9977  residual 7.180e-06
  [gamma] epoch  27500  gamma_ratio 0.9936  residual 5.843e-07
  [gamma] epoch  27750  gamma_ratio 0.9981  residual 1.204e-06
  [gamma] epoch  28000  gamma_ratio 0.9950  residual 4.254e-07
  [gamma] epoch  28250  gamma_ratio 0.9952  residual 4.063e-07
  [gamma] epoch  28500  gamma_ratio 0.9970  residual 1.425e-06
  [gamma] epoch  28750  gamma_ratio 0.9970  residual 7.602e-07
  [gamma] epoch  29000  gamma_ratio 0.9974  residual 4.780e-07
  [gamma] epoch  29250  gamma_ratio 0.9960  residual 4.522e-07
  [gamma] epoch  29500  gamma_ratio 0.9964  residual 4.702e-07
  [gamma] epoch  29750  gamma_ratio 0.9960  residual 4.187e-07
  [gamma] epoch  30000  gamma_ratio 0.9950  residual 4.257e-07
  [gamma] epoch  30250  gamma_ratio 0.9954  residual 3.622e-07
  [gamma] epoch  30500  gamma_ratio 0.9906  residual 5.370e-06
  [gamma] epoch  30750  gamma_ratio 0.9918  residual 4.481e-07
  [gamma] epoch  31000  gamma_ratio 0.9955  residual 6.549e-07
  [gamma] epoch  31250  gamma_ratio 0.9948  residual 3.486e-07
  [gamma] epoch  31500  gamma_ratio 0.9976  residual 5.260e-07
  [gamma] epoch  31750  gamma_ratio 0.9957  residual 4.869e-07
  [gamma] epoch  32000  gamma_ratio 0.9978  residual 2.702e-06
  [gamma] epoch  32250  gamma_ratio 0.9952  residual 3.519e-07
  [gamma] epoch  32500  gamma_ratio 0.9961  residual 1.803e-06
  [gamma] epoch  32750  gamma_ratio 0.9923  residual 1.217e-06
  [gamma] epoch  33000  gamma_ratio 0.9983  residual 7.142e-07
  [gamma] epoch  33250  gamma_ratio 0.9954  residual 3.001e-07
  [gamma] epoch  33500  gamma_ratio 0.9961  residual 4.672e-07
  [gamma] epoch  33750  gamma_ratio 0.9955  residual 6.294e-07
  [gamma] epoch  34000  gamma_ratio 0.9951  residual 1.393e-06
  [gamma] epoch  34250  gamma_ratio 0.9957  residual 1.542e-06
  [gamma] epoch  34500  gamma_ratio 0.9942  residual 4.243e-07
  [gamma] epoch  34750  gamma_ratio 0.9965  residual 3.141e-07
  [gamma] epoch  35000  gamma_ratio 0.9954  residual 2.950e-07
  [gamma] epoch  35250  gamma_ratio 0.9963  residual 4.252e-07
  [gamma] epoch  35500  gamma_ratio 0.9933  residual 4.844e-07
  [gamma] epoch  35750  gamma_ratio 0.9951  residual 2.968e-07
  [gamma] epoch  36000  gamma_ratio 1.0002  residual 1.581e-06
  [gamma] epoch  36250  gamma_ratio 0.9943  residual 3.578e-07
  [gamma] epoch  36500  gamma_ratio 0.9960  residual 2.971e-07
  [gamma] epoch  36750  gamma_ratio 0.9957  residual 2.779e-07
  [gamma] epoch  37000  gamma_ratio 0.9956  residual 2.478e-07
  [gamma] epoch  37250  gamma_ratio 0.9949  residual 1.258e-06
  [gamma] epoch  37500  gamma_ratio 0.9963  residual 3.233e-07
  [gamma] epoch  37750  gamma_ratio 0.9972  residual 4.442e-07
  [gamma] epoch  38000  gamma_ratio 0.9938  residual 3.104e-07
  [gamma] epoch  38250  gamma_ratio 0.9936  residual 3.890e-07
  [gamma] epoch  38500  gamma_ratio 0.9943  residual 1.059e-06
  [gamma] epoch  38750  gamma_ratio 0.9958  residual 3.544e-07
  [gamma] epoch  39000  gamma_ratio 0.9952  residual 2.598e-07
  [gamma] epoch  39250  gamma_ratio 0.9948  residual 2.528e-07
  [gamma] epoch  39500  gamma_ratio 0.9959  residual 2.351e-07
  [gamma] epoch  39750  gamma_ratio 0.9958  residual 2.225e-07
  [gamma] epoch  40000  gamma_ratio 0.9952  residual 2.484e-07
  [gamma] epoch  40250  gamma_ratio 0.9958  residual 2.576e-07
  [gamma] epoch  40500  gamma_ratio 0.9957  residual 2.283e-07
  [gamma] epoch  40750  gamma_ratio 0.9958  residual 3.603e-07
  [gamma] epoch  41000  gamma_ratio 0.9957  residual 2.289e-07
  [gamma] epoch  41250  gamma_ratio 0.9953  residual 3.144e-07
  [gamma] epoch  41500  gamma_ratio 0.9962  residual 2.133e-07
  [gamma] epoch  41750  gamma_ratio 0.9959  residual 2.090e-07
  [gamma] epoch  42000  gamma_ratio 0.9957  residual 3.644e-07
  [gamma] epoch  42250  gamma_ratio 0.9957  residual 2.163e-07
  [gamma] epoch  42500  gamma_ratio 0.9964  residual 2.966e-07
  [gamma] epoch  42750  gamma_ratio 0.9942  residual 4.283e-07
  [gamma] epoch  43000  gamma_ratio 0.9960  residual 1.970e-07
  [gamma] epoch  43250  gamma_ratio 0.9943  residual 2.338e-07
  [gamma] epoch  43500  gamma_ratio 0.9948  residual 2.951e-07
  [gamma] epoch  43750  gamma_ratio 0.9960  residual 2.000e-07
  [gamma] epoch  44000  gamma_ratio 0.9958  residual 2.115e-07
  [gamma] epoch  44250  gamma_ratio 0.9957  residual 1.936e-07
  [gamma] epoch  44500  gamma_ratio 0.9965  residual 1.949e-07
  [gamma] epoch  44750  gamma_ratio 0.9955  residual 2.147e-07
  [gamma] epoch  45000  gamma_ratio 0.9959  residual 2.011e-07
  [gamma] epoch  45250  gamma_ratio 0.9954  residual 1.920e-07
  [gamma] epoch  45500  gamma_ratio 0.9960  residual 1.833e-07
  [gamma] epoch  45750  gamma_ratio 0.9960  residual 3.297e-07
  [gamma] epoch  46000  gamma_ratio 0.9958  residual 1.983e-07
  [gamma] epoch  46250  gamma_ratio 0.9959  residual 3.229e-07
  [gamma] epoch  46500  gamma_ratio 0.9944  residual 2.073e-07
  [gamma] epoch  46750  gamma_ratio 0.9957  residual 1.736e-07
  [gamma] epoch  47000  gamma_ratio 0.9958  residual 1.930e-07
  [gamma] epoch  47250  gamma_ratio 0.9956  residual 2.042e-07
  [gamma] epoch  47500  gamma_ratio 0.9974  residual 3.015e-07
  [gamma] epoch  47750  gamma_ratio 0.9963  residual 1.959e-07
  [gamma] epoch  48000  gamma_ratio 0.9958  residual 2.023e-07
  [gamma] epoch  48250  gamma_ratio 0.9958  residual 3.291e-07
  [gamma] epoch  48500  gamma_ratio 0.9963  residual 1.810e-07
  [gamma] epoch  48750  gamma_ratio 0.9959  residual 1.641e-07
  [gamma] epoch  49000  gamma_ratio 0.9958  residual 1.773e-07
  [gamma] epoch  49250  gamma_ratio 0.9962  residual 1.805e-07
  [gamma] epoch  49500  gamma_ratio 0.9958  residual 1.620e-07
  [gamma] epoch  49750  gamma_ratio 0.9964  residual 2.008e-07
  [gamma] epoch  50000  gamma_ratio 0.9958  residual 1.766e-07
  [gamma] epoch  50250  gamma_ratio 0.9959  residual 1.585e-07
  [gamma] epoch  50500  gamma_ratio 0.9959  residual 1.571e-07
  [gamma] epoch  50750  gamma_ratio 0.9960  residual 1.690e-07
  [gamma] epoch  51000  gamma_ratio 0.9958  residual 1.555e-07
  [gamma] epoch  51250  gamma_ratio 0.9959  residual 1.557e-07
  [gamma] epoch  51500  gamma_ratio 0.9958  residual 1.999e-07
  [gamma] epoch  51750  gamma_ratio 0.9957  residual 1.814e-07
  [gamma] epoch  52000  gamma_ratio 0.9966  residual 1.662e-07
  [gamma] epoch  52250  gamma_ratio 0.9946  residual 1.857e-07
  [gamma] epoch  52500  gamma_ratio 0.9958  residual 1.653e-07
  [gamma] epoch  52750  gamma_ratio 0.9958  residual 1.854e-07
  [gamma] epoch  53000  gamma_ratio 0.9956  residual 1.512e-07
  [gamma] epoch  53250  gamma_ratio 0.9959  residual 1.475e-07
  [gamma] epoch  53500  gamma_ratio 0.9951  residual 1.674e-07
  [gamma] epoch  53750  gamma_ratio 0.9955  residual 1.488e-07
  [gamma] epoch  54000  gamma_ratio 0.9958  residual 1.502e-07
  [gamma] epoch  54250  gamma_ratio 0.9958  residual 1.452e-07
  [gamma] epoch  54500  gamma_ratio 0.9958  residual 1.441e-07
  [gamma] epoch  54750  gamma_ratio 0.9957  residual 1.706e-07
  [gamma] epoch  55000  gamma_ratio 0.9960  residual 1.441e-07
  [gamma] epoch  55250  gamma_ratio 0.9958  residual 1.423e-07
  [gamma] epoch  55500  gamma_ratio 0.9958  residual 1.418e-07
  [gamma] epoch  55750  gamma_ratio 0.9961  residual 1.595e-07
  [gamma] epoch  56000  gamma_ratio 0.9961  residual 1.417e-07
  [gamma] epoch  56250  gamma_ratio 0.9959  residual 1.460e-07
  [gamma] epoch  56500  gamma_ratio 0.9958  residual 1.405e-07
  [gamma] epoch  56750  gamma_ratio 0.9963  residual 1.430e-07
  [gamma] epoch  57000  gamma_ratio 0.9955  residual 1.394e-07
  [gamma] epoch  57250  gamma_ratio 0.9958  residual 1.398e-07
  [gamma] epoch  57500  gamma_ratio 0.9965  residual 1.436e-07
  [gamma] epoch  57750  gamma_ratio 0.9958  residual 1.358e-07
  [gamma] epoch  58000  gamma_ratio 0.9957  residual 1.368e-07
  [gamma] epoch  58250  gamma_ratio 0.9960  residual 1.890e-07
  [gamma] epoch  58500  gamma_ratio 0.9958  residual 1.348e-07
  [gamma] epoch  58750  gamma_ratio 0.9956  residual 1.513e-07
  [gamma] epoch  59000  gamma_ratio 0.9957  residual 1.331e-07
  [gamma] epoch  59250  gamma_ratio 0.9954  residual 1.360e-07
  [gamma] epoch  59500  gamma_ratio 0.9959  residual 1.324e-07
  [gamma] epoch  59750  gamma_ratio 0.9960  residual 1.324e-07
  [gamma] epoch  59999  gamma_ratio 0.9949  residual 1.464e-07
  [shape] epoch      0  rmse=0.1408  max_abs_dA=0.3581  int_signed_dA=-2.51e-10  int_abs_dA=2.578e-10  A_min=0.005765  max_dA_fwd=0.003991
  [shape] epoch    250  rmse=0.06763  max_abs_dA=0.1318  int_signed_dA=8.997e-11  int_abs_dA=1.936e-10  A_min=0.06029  max_dA_fwd=-2.726e-05
  [shape] epoch    500  rmse=0.0558  max_abs_dA=0.07075  int_signed_dA=1.132e-10  int_abs_dA=1.634e-10  A_min=0.05407  max_dA_fwd=-3.026e-05
  [shape] epoch    750  rmse=0.05661  max_abs_dA=0.07209  int_signed_dA=1.399e-10  int_abs_dA=1.621e-10  A_min=0.05641  max_dA_fwd=-3.365e-05
  [shape] epoch   1000  rmse=0.04651  max_abs_dA=0.06087  int_signed_dA=1.189e-10  int_abs_dA=1.31e-10  A_min=0.04478  max_dA_fwd=-3.291e-05
  [shape] epoch   1250  rmse=0.03619  max_abs_dA=0.04847  int_signed_dA=9.214e-11  int_abs_dA=1.016e-10  A_min=0.03302  max_dA_fwd=-3.106e-05
  [shape] epoch   1500  rmse=0.03171  max_abs_dA=0.04333  int_signed_dA=8.315e-11  int_abs_dA=8.786e-11  A_min=0.02726  max_dA_fwd=-3.104e-05
  [shape] epoch   1750  rmse=0.02623  max_abs_dA=0.03671  int_signed_dA=6.698e-11  int_abs_dA=7.235e-11  A_min=0.0216  max_dA_fwd=-2.938e-05
  [shape] epoch   2000  rmse=0.02434  max_abs_dA=0.03459  int_signed_dA=6.326e-11  int_abs_dA=6.634e-11  A_min=0.01899  max_dA_fwd=-2.925e-05
  [shape] epoch   2250  rmse=0.01788  max_abs_dA=0.02618  int_signed_dA=4.153e-11  int_abs_dA=4.946e-11  A_min=0.01313  max_dA_fwd=-2.565e-05
  [shape] epoch   2500  rmse=0.01908  max_abs_dA=0.02806  int_signed_dA=4.988e-11  int_abs_dA=5.103e-11  A_min=0.01301  max_dA_fwd=-2.676e-05
  [shape] epoch   2750  rmse=0.0167  max_abs_dA=0.02503  int_signed_dA=4.382e-11  int_abs_dA=4.449e-11  A_min=0.01056  max_dA_fwd=-2.517e-05
  [shape] epoch   3000  rmse=0.01234  max_abs_dA=0.01903  int_signed_dA=2.816e-11  int_abs_dA=3.352e-11  A_min=0.007085  max_dA_fwd=-2.212e-05
  [shape] epoch   3250  rmse=0.01297  max_abs_dA=0.02015  int_signed_dA=3.355e-11  int_abs_dA=3.426e-11  A_min=0.006624  max_dA_fwd=-2.279e-05
  [shape] epoch   3500  rmse=0.01192  max_abs_dA=0.01862  int_signed_dA=3.202e-11  int_abs_dA=3.205e-11  A_min=0.005273  max_dA_fwd=-2.207e-05
  [shape] epoch   3750  rmse=0.009982  max_abs_dA=0.01609  int_signed_dA=2.531e-11  int_abs_dA=2.602e-11  A_min=0.003737  max_dA_fwd=-2.077e-05
  [shape] epoch   4000  rmse=0.007855  max_abs_dA=0.01286  int_signed_dA=1.641e-11  int_abs_dA=2.08e-11  A_min=0.002416  max_dA_fwd=-1.896e-05
  [shape] epoch   4250  rmse=0.008301  max_abs_dA=0.01377  int_signed_dA=1.989e-11  int_abs_dA=2.138e-11  A_min=0.002227  max_dA_fwd=-1.961e-05
  [shape] epoch   4500  rmse=0.007539  max_abs_dA=0.01266  int_signed_dA=1.833e-11  int_abs_dA=1.926e-11  A_min=0.001471  max_dA_fwd=-1.895e-05
  [shape] epoch   4750  rmse=0.007473  max_abs_dA=0.01264  int_signed_dA=1.686e-11  int_abs_dA=1.909e-11  A_min=0.001236  max_dA_fwd=-1.906e-05
  [shape] epoch   5000  rmse=0.007521  max_abs_dA=0.0126  int_signed_dA=1.904e-11  int_abs_dA=1.92e-11  A_min=0.0009652  max_dA_fwd=-1.882e-05
  [shape] epoch   5250  rmse=0.005543  max_abs_dA=0.009631  int_signed_dA=1.069e-11  int_abs_dA=1.399e-11  A_min=-0.0002841  max_dA_fwd=-1.726e-05
  [shape] epoch   5500  rmse=0.00504  max_abs_dA=0.008585  int_signed_dA=7.958e-12  int_abs_dA=1.288e-11  A_min=-0.0005662  max_dA_fwd=-1.653e-05
  [shape] epoch   5750  rmse=0.005319  max_abs_dA=0.009387  int_signed_dA=1.116e-11  int_abs_dA=1.323e-11  A_min=-0.0006541  max_dA_fwd=-1.696e-05
  [shape] epoch   6000  rmse=0.005958  max_abs_dA=0.01035  int_signed_dA=1.415e-11  int_abs_dA=1.473e-11  A_min=-0.0005486  max_dA_fwd=-1.734e-05
  [shape] epoch   6250  rmse=0.004528  max_abs_dA=0.008199  int_signed_dA=3.149e-12  int_abs_dA=1.167e-11  A_min=-0.001477  max_dA_fwd=-1.544e-05
  [shape] epoch   6500  rmse=0.004222  max_abs_dA=0.007567  int_signed_dA=2.807e-12  int_abs_dA=1.089e-11  A_min=-0.001769  max_dA_fwd=-1.524e-05
  [shape] epoch   6750  rmse=0.005667  max_abs_dA=0.009952  int_signed_dA=1.299e-11  int_abs_dA=1.401e-11  A_min=-0.001111  max_dA_fwd=3.089e-05
  [shape] epoch   7000  rmse=0.004396  max_abs_dA=0.007931  int_signed_dA=8.111e-12  int_abs_dA=1.097e-11  A_min=-0.001719  max_dA_fwd=-1.566e-05
  [shape] epoch   7250  rmse=0.004761  max_abs_dA=0.008577  int_signed_dA=9.582e-12  int_abs_dA=1.173e-11  A_min=-0.001583  max_dA_fwd=-1.589e-05
  [shape] epoch   7500  rmse=0.004137  max_abs_dA=0.007486  int_signed_dA=7.181e-12  int_abs_dA=1.038e-11  A_min=-0.001952  max_dA_fwd=-1.512e-05
  [shape] epoch   7750  rmse=0.004076  max_abs_dA=0.008292  int_signed_dA=4.335e-13  int_abs_dA=1.06e-11  A_min=-0.002269  max_dA_fwd=-1.4e-05
  [shape] epoch   8000  rmse=0.004211  max_abs_dA=0.007651  int_signed_dA=7.566e-12  int_abs_dA=1.048e-11  A_min=-0.002035  max_dA_fwd=-1.487e-05
  [shape] epoch   8250  rmse=0.004216  max_abs_dA=0.007669  int_signed_dA=7.759e-12  int_abs_dA=1.047e-11  A_min=-0.002054  max_dA_fwd=-1.474e-05
  [shape] epoch   8500  rmse=0.003663  max_abs_dA=0.00661  int_signed_dA=5.331e-12  int_abs_dA=9.311e-12  A_min=-0.002271  max_dA_fwd=-1.395e-05
  [shape] epoch   8750  rmse=0.003669  max_abs_dA=0.006669  int_signed_dA=5.775e-12  int_abs_dA=9.289e-12  A_min=-0.002331  max_dA_fwd=-1.376e-05
  [shape] epoch   9000  rmse=0.0037  max_abs_dA=0.006739  int_signed_dA=5.951e-12  int_abs_dA=9.325e-12  A_min=-0.002235  max_dA_fwd=-1.365e-05
  [shape] epoch   9250  rmse=0.005844  max_abs_dA=0.01389  int_signed_dA=-1.115e-11  int_abs_dA=1.257e-11  A_min=-0.003326  max_dA_fwd=-1.046e-05
  [shape] epoch   9500  rmse=0.003355  max_abs_dA=0.006009  int_signed_dA=4.132e-12  int_abs_dA=8.604e-12  A_min=-0.002455  max_dA_fwd=-1.292e-05
  [shape] epoch   9750  rmse=0.003092  max_abs_dA=0.005124  int_signed_dA=1.742e-12  int_abs_dA=8.092e-12  A_min=-0.002513  max_dA_fwd=-1.218e-05
  [shape] epoch  10000  rmse=0.003276  max_abs_dA=0.005401  int_signed_dA=1.932e-12  int_abs_dA=8.639e-12  A_min=-0.002442  max_dA_fwd=-1.225e-05
  [shape] epoch  10250  rmse=0.003531  max_abs_dA=0.006473  int_signed_dA=5.777e-12  int_abs_dA=8.817e-12  A_min=-0.002161  max_dA_fwd=-1.252e-05
  [shape] epoch  10500  rmse=0.00319  max_abs_dA=0.005459  int_signed_dA=1.646e-12  int_abs_dA=8.37e-12  A_min=-0.002493  max_dA_fwd=-1.173e-05
  [shape] epoch  10750  rmse=0.003104  max_abs_dA=0.00576  int_signed_dA=4.603e-13  int_abs_dA=8.304e-12  A_min=-0.002623  max_dA_fwd=-1.14e-05
  [shape] epoch  11000  rmse=0.002886  max_abs_dA=0.005227  int_signed_dA=3.872e-12  int_abs_dA=7.423e-12  A_min=-0.002398  max_dA_fwd=-1.112e-05
  [shape] epoch  11250  rmse=0.00295  max_abs_dA=0.00653  int_signed_dA=-1.638e-12  int_abs_dA=7.68e-12  A_min=-0.002554  max_dA_fwd=-1.02e-05
  [shape] epoch  11500  rmse=0.002778  max_abs_dA=0.005033  int_signed_dA=3.62e-12  int_abs_dA=7.14e-12  A_min=-0.002302  max_dA_fwd=-1.062e-05
  [shape] epoch  11750  rmse=0.003125  max_abs_dA=0.006325  int_signed_dA=-3.409e-14  int_abs_dA=8.236e-12  A_min=-0.002204  max_dA_fwd=-1.025e-05
  [shape] epoch  12000  rmse=0.003675  max_abs_dA=0.006666  int_signed_dA=5.624e-12  int_abs_dA=9.188e-12  A_min=-0.001785  max_dA_fwd=-1.123e-05
  [shape] epoch  12250  rmse=0.002587  max_abs_dA=0.004685  int_signed_dA=3.338e-12  int_abs_dA=6.66e-12  A_min=-0.002172  max_dA_fwd=-9.865e-06
  [shape] epoch  12500  rmse=0.002856  max_abs_dA=0.005244  int_signed_dA=4.172e-12  int_abs_dA=7.15e-12  A_min=-0.001921  max_dA_fwd=-9.969e-06
  [shape] epoch  12750  rmse=0.002292  max_abs_dA=0.00403  int_signed_dA=2.07e-12  int_abs_dA=5.998e-12  A_min=-0.002134  max_dA_fwd=-9.113e-06
  [shape] epoch  13000  rmse=0.002366  max_abs_dA=0.004274  int_signed_dA=2.852e-12  int_abs_dA=6.108e-12  A_min=-0.001982  max_dA_fwd=-9.112e-06
  [shape] epoch  13250  rmse=0.002302  max_abs_dA=0.004143  int_signed_dA=2.693e-12  int_abs_dA=5.952e-12  A_min=-0.001934  max_dA_fwd=-8.816e-06
  [shape] epoch  13500  rmse=0.002386  max_abs_dA=0.004345  int_signed_dA=3.232e-12  int_abs_dA=6.094e-12  A_min=-0.001823  max_dA_fwd=-8.73e-06
  [shape] epoch  13750  rmse=0.002197  max_abs_dA=0.00397  int_signed_dA=2.658e-12  int_abs_dA=5.664e-12  A_min=-0.001758  max_dA_fwd=-8.393e-06
  [shape] epoch  14000  rmse=0.002702  max_abs_dA=0.004932  int_signed_dA=4.966e-12  int_abs_dA=6.721e-12  A_min=-0.001551  max_dA_fwd=-8.768e-06
  [shape] epoch  14250  rmse=0.002464  max_abs_dA=0.004539  int_signed_dA=3.867e-12  int_abs_dA=6.153e-12  A_min=-0.001494  max_dA_fwd=-8.435e-06
  [shape] epoch  14500  rmse=0.002271  max_abs_dA=0.004164  int_signed_dA=3.525e-12  int_abs_dA=5.737e-12  A_min=-0.001505  max_dA_fwd=-8.057e-06
  [shape] epoch  14750  rmse=0.004738  max_abs_dA=0.007613  int_signed_dA=1.17e-11  int_abs_dA=1.248e-11  A_min=-0.0009634  max_dA_fwd=-9.231e-06
  [shape] epoch  15000  rmse=0.00248  max_abs_dA=0.004281  int_signed_dA=4.914e-12  int_abs_dA=6.384e-12  A_min=-0.001368  max_dA_fwd=-7.753e-06
  [shape] epoch  15250  rmse=0.001929  max_abs_dA=0.003485  int_signed_dA=2.231e-12  int_abs_dA=4.96e-12  A_min=-0.001379  max_dA_fwd=-7.402e-06
  [shape] epoch  15500  rmse=0.002478  max_abs_dA=0.004572  int_signed_dA=4.397e-12  int_abs_dA=6.034e-12  A_min=-0.001161  max_dA_fwd=-7.794e-06
  [shape] epoch  15750  rmse=0.001789  max_abs_dA=0.002974  int_signed_dA=9.143e-13  int_abs_dA=4.688e-12  A_min=-0.001368  max_dA_fwd=-6.94e-06
  [shape] epoch  16000  rmse=0.001922  max_abs_dA=0.003509  int_signed_dA=2.946e-12  int_abs_dA=4.909e-12  A_min=-0.00116  max_dA_fwd=-7.006e-06
  [shape] epoch  16250  rmse=0.001909  max_abs_dA=0.003282  int_signed_dA=1.485e-12  int_abs_dA=5.03e-12  A_min=-0.001082  max_dA_fwd=-6.918e-06
  [shape] epoch  16500  rmse=0.001841  max_abs_dA=0.003364  int_signed_dA=2.454e-12  int_abs_dA=4.657e-12  A_min=-0.001021  max_dA_fwd=-6.807e-06
  [shape] epoch  16750  rmse=0.001846  max_abs_dA=0.003355  int_signed_dA=3.029e-12  int_abs_dA=4.724e-12  A_min=-0.001006  max_dA_fwd=-6.645e-06
  [shape] epoch  17000  rmse=0.001718  max_abs_dA=0.003088  int_signed_dA=1.972e-12  int_abs_dA=4.382e-12  A_min=-0.0009098  max_dA_fwd=-6.51e-06
  [shape] epoch  17250  rmse=0.001877  max_abs_dA=0.003345  int_signed_dA=8.223e-13  int_abs_dA=4.994e-12  A_min=-0.0008615  max_dA_fwd=-6.499e-06
  [shape] epoch  17500  rmse=0.002498  max_abs_dA=0.004491  int_signed_dA=5.265e-12  int_abs_dA=6.112e-12  A_min=-0.0007553  max_dA_fwd=-6.977e-06
  [shape] epoch  17750  rmse=0.001764  max_abs_dA=0.003228  int_signed_dA=2.475e-12  int_abs_dA=4.412e-12  A_min=-0.0007844  max_dA_fwd=-6.359e-06
  [shape] epoch  18000  rmse=0.001549  max_abs_dA=0.002684  int_signed_dA=1.38e-12  int_abs_dA=3.987e-12  A_min=-0.0007931  max_dA_fwd=-6.019e-06
  [shape] epoch  18250  rmse=0.00152  max_abs_dA=0.002753  int_signed_dA=1.998e-12  int_abs_dA=3.912e-12  A_min=-0.0007811  max_dA_fwd=-5.972e-06
  [shape] epoch  18500  rmse=0.001423  max_abs_dA=0.002442  int_signed_dA=1.082e-12  int_abs_dA=3.678e-12  A_min=-0.0007978  max_dA_fwd=-5.807e-06
  [shape] epoch  18750  rmse=0.002008  max_abs_dA=0.003633  int_signed_dA=4.093e-12  int_abs_dA=4.964e-12  A_min=-0.0005408  max_dA_fwd=-6.242e-06
  [shape] epoch  19000  rmse=0.001489  max_abs_dA=0.00256  int_signed_dA=9.935e-13  int_abs_dA=3.865e-12  A_min=-0.0006752  max_dA_fwd=-5.766e-06
  [shape] epoch  19250  rmse=0.001478  max_abs_dA=0.00268  int_signed_dA=1.828e-12  int_abs_dA=3.749e-12  A_min=-0.0006871  max_dA_fwd=-5.805e-06
  [shape] epoch  19500  rmse=0.002032  max_abs_dA=0.005079  int_signed_dA=-2.101e-12  int_abs_dA=4.792e-12  A_min=-0.0006586  max_dA_fwd=-5.334e-06
  [shape] epoch  19750  rmse=0.001851  max_abs_dA=0.003392  int_signed_dA=3.484e-12  int_abs_dA=4.477e-12  A_min=-0.0004118  max_dA_fwd=-6.017e-06
  [shape] epoch  20000  rmse=0.001975  max_abs_dA=0.003368  int_signed_dA=4.391e-12  int_abs_dA=5.074e-12  A_min=-0.0004717  max_dA_fwd=-5.876e-06
  [shape] epoch  20250  rmse=0.001493  max_abs_dA=0.002741  int_signed_dA=2.364e-12  int_abs_dA=3.746e-12  A_min=-0.0005152  max_dA_fwd=-5.703e-06
  [shape] epoch  20500  rmse=0.001424  max_abs_dA=0.003266  int_signed_dA=-1.881e-13  int_abs_dA=3.627e-12  A_min=-0.0005767  max_dA_fwd=-5.304e-06
  [shape] epoch  20750  rmse=0.001732  max_abs_dA=0.003174  int_signed_dA=2.98e-12  int_abs_dA=4.202e-12  A_min=-0.0004155  max_dA_fwd=-5.842e-06
  [shape] epoch  21000  rmse=0.001506  max_abs_dA=0.002731  int_signed_dA=2.784e-12  int_abs_dA=3.794e-12  A_min=-0.0004111  max_dA_fwd=-5.539e-06
  [shape] epoch  21250  rmse=0.001318  max_abs_dA=0.002942  int_signed_dA=-8.899e-14  int_abs_dA=3.398e-12  A_min=-0.0005156  max_dA_fwd=-5.213e-06
  [shape] epoch  21500  rmse=0.001664  max_abs_dA=0.003018  int_signed_dA=2.509e-12  int_abs_dA=4.174e-12  A_min=-0.0004213  max_dA_fwd=-5.78e-06
  [shape] epoch  21750  rmse=0.001372  max_abs_dA=0.002505  int_signed_dA=2.224e-12  int_abs_dA=3.458e-12  A_min=-0.0003742  max_dA_fwd=-5.418e-06
  [shape] epoch  22000  rmse=0.00137  max_abs_dA=0.002485  int_signed_dA=1.913e-12  int_abs_dA=3.42e-12  A_min=-0.0003398  max_dA_fwd=-5.436e-06
  [shape] epoch  22250  rmse=0.001547  max_abs_dA=0.00282  int_signed_dA=2.918e-12  int_abs_dA=3.804e-12  A_min=-0.0002471  max_dA_fwd=-5.518e-06
  [shape] epoch  22500  rmse=0.001476  max_abs_dA=0.002685  int_signed_dA=2.798e-12  int_abs_dA=3.669e-12  A_min=-0.0003263  max_dA_fwd=-5.472e-06
  [shape] epoch  22750  rmse=0.001294  max_abs_dA=0.002358  int_signed_dA=2.034e-12  int_abs_dA=3.256e-12  A_min=-0.0003035  max_dA_fwd=-5.308e-06
  [shape] epoch  23000  rmse=0.001294  max_abs_dA=0.002356  int_signed_dA=2.134e-12  int_abs_dA=3.264e-12  A_min=-0.0002848  max_dA_fwd=-5.284e-06
  [shape] epoch  23250  rmse=0.002255  max_abs_dA=0.003578  int_signed_dA=5.636e-12  int_abs_dA=5.931e-12  A_min=-5.926e-05  max_dA_fwd=-5.67e-06
  [shape] epoch  23500  rmse=0.001275  max_abs_dA=0.00232  int_signed_dA=2.112e-12  int_abs_dA=3.198e-12  A_min=-0.0002186  max_dA_fwd=-5.249e-06
  [shape] epoch  23750  rmse=0.001208  max_abs_dA=0.002157  int_signed_dA=1.619e-12  int_abs_dA=3.049e-12  A_min=-0.0001921  max_dA_fwd=-5.172e-06
  [shape] epoch  24000  rmse=0.001251  max_abs_dA=0.00228  int_signed_dA=2.119e-12  int_abs_dA=3.137e-12  A_min=-0.0002198  max_dA_fwd=-5.214e-06
  [shape] epoch  24250  rmse=0.00151  max_abs_dA=0.002735  int_signed_dA=2.996e-12  int_abs_dA=3.682e-12  A_min=-0.0001365  max_dA_fwd=-5.408e-06
  [shape] epoch  24500  rmse=0.001671  max_abs_dA=0.002948  int_signed_dA=3.717e-12  int_abs_dA=4.111e-12  A_min=-0.0001099  max_dA_fwd=-5.509e-06
  [shape] epoch  24750  rmse=0.001254  max_abs_dA=0.002267  int_signed_dA=1.884e-12  int_abs_dA=3.116e-12  A_min=-0.0001468  max_dA_fwd=-5.237e-06
  [shape] epoch  25000  rmse=0.001089  max_abs_dA=0.002122  int_signed_dA=6.633e-13  int_abs_dA=2.774e-12  A_min=-0.0001878  max_dA_fwd=-4.977e-06
  [shape] epoch  25250  rmse=0.001363  max_abs_dA=0.002474  int_signed_dA=2.641e-12  int_abs_dA=3.356e-12  A_min=-0.0001122  max_dA_fwd=-5.292e-06
  [shape] epoch  25500  rmse=0.001365  max_abs_dA=0.002478  int_signed_dA=2.671e-12  int_abs_dA=3.348e-12  A_min=-6.486e-05  max_dA_fwd=-5.299e-06
  [shape] epoch  25750  rmse=0.001337  max_abs_dA=0.00242  int_signed_dA=2.542e-12  int_abs_dA=3.321e-12  A_min=-5.521e-05  max_dA_fwd=-5.274e-06
  [shape] epoch  26000  rmse=0.001254  max_abs_dA=0.002274  int_signed_dA=2.43e-12  int_abs_dA=3.114e-12  A_min=-3.754e-05  max_dA_fwd=-5.192e-06
  [shape] epoch  26250  rmse=0.003056  max_abs_dA=0.004583  int_signed_dA=7.964e-12  int_abs_dA=8.075e-12  A_min=0.0001827  max_dA_fwd=-5.942e-06
  [shape] epoch  26500  rmse=0.001492  max_abs_dA=0.002658  int_signed_dA=3.245e-12  int_abs_dA=3.646e-12  A_min=4.753e-05  max_dA_fwd=-5.334e-06
  [shape] epoch  26750  rmse=0.001315  max_abs_dA=0.002377  int_signed_dA=2.603e-12  int_abs_dA=3.235e-12  A_min=-3.373e-05  max_dA_fwd=-5.253e-06
  [shape] epoch  27000  rmse=0.00151  max_abs_dA=0.00381  int_signed_dA=-2.195e-12  int_abs_dA=3.417e-12  A_min=-0.000244  max_dA_fwd=-4.581e-06
  [shape] epoch  27250  rmse=0.0009861  max_abs_dA=0.001753  int_signed_dA=1.034e-12  int_abs_dA=2.583e-12  A_min=-4.175e-05  max_dA_fwd=-4.858e-06
  [shape] epoch  27500  rmse=0.001316  max_abs_dA=0.002351  int_signed_dA=2.839e-12  int_abs_dA=3.253e-12  A_min=9.673e-05  max_dA_fwd=-5.209e-06
  [shape] epoch  27750  rmse=0.001016  max_abs_dA=0.001892  int_signed_dA=8.16e-13  int_abs_dA=2.564e-12  A_min=-3.546e-05  max_dA_fwd=-4.959e-06
  [shape] epoch  28000  rmse=0.001153  max_abs_dA=0.002088  int_signed_dA=2.213e-12  int_abs_dA=2.869e-12  A_min=1.732e-05  max_dA_fwd=-5.105e-06
  [shape] epoch  28250  rmse=0.001132  max_abs_dA=0.002052  int_signed_dA=2.126e-12  int_abs_dA=2.816e-12  A_min=3.401e-05  max_dA_fwd=-5.088e-06
  [shape] epoch  28500  rmse=0.001016  max_abs_dA=0.001762  int_signed_dA=1.338e-12  int_abs_dA=2.595e-12  A_min=4.056e-05  max_dA_fwd=-4.96e-06
  [shape] epoch  28750  rmse=0.001072  max_abs_dA=0.001877  int_signed_dA=1.344e-12  int_abs_dA=2.695e-12  A_min=2.035e-05  max_dA_fwd=-5.043e-06
  [shape] epoch  29000  rmse=0.001007  max_abs_dA=0.001736  int_signed_dA=1.129e-12  int_abs_dA=2.521e-12  A_min=3.852e-05  max_dA_fwd=-4.961e-06
  [shape] epoch  29250  rmse=0.001091  max_abs_dA=0.001964  int_signed_dA=1.783e-12  int_abs_dA=2.697e-12  A_min=8.968e-05  max_dA_fwd=-5.052e-06
  [shape] epoch  29500  rmse=0.001075  max_abs_dA=0.001906  int_signed_dA=1.576e-12  int_abs_dA=2.666e-12  A_min=0.0001006  max_dA_fwd=-5.027e-06
  [shape] epoch  29750  rmse=0.001032  max_abs_dA=0.001866  int_signed_dA=1.75e-12  int_abs_dA=2.572e-12  A_min=7.303e-05  max_dA_fwd=-5.018e-06
  [shape] epoch  30000  rmse=0.001107  max_abs_dA=0.001995  int_signed_dA=2.22e-12  int_abs_dA=2.756e-12  A_min=0.0001056  max_dA_fwd=-5.067e-06
  [shape] epoch  30250  rmse=0.001093  max_abs_dA=0.001975  int_signed_dA=2.028e-12  int_abs_dA=2.7e-12  A_min=0.0001305  max_dA_fwd=-5.054e-06
  [shape] epoch  30500  rmse=0.001655  max_abs_dA=0.00275  int_signed_dA=4.17e-12  int_abs_dA=4.244e-12  A_min=0.0002889  max_dA_fwd=-5.319e-06
  [shape] epoch  30750  rmse=0.001492  max_abs_dA=0.002522  int_signed_dA=3.654e-12  int_abs_dA=3.779e-12  A_min=0.0002069  max_dA_fwd=-5.265e-06
  [shape] epoch  31000  rmse=0.001044  max_abs_dA=0.001882  int_signed_dA=1.966e-12  int_abs_dA=2.607e-12  A_min=0.0001464  max_dA_fwd=-5.003e-06
  [shape] epoch  31250  rmse=0.001132  max_abs_dA=0.002036  int_signed_dA=2.279e-12  int_abs_dA=2.788e-12  A_min=0.0001896  max_dA_fwd=-5.067e-06
  [shape] epoch  31500  rmse=0.0009689  max_abs_dA=0.001694  int_signed_dA=1.042e-12  int_abs_dA=2.423e-12  A_min=0.0001269  max_dA_fwd=-4.913e-06
  [shape] epoch  31750  rmse=0.001038  max_abs_dA=0.00187  int_signed_dA=1.912e-12  int_abs_dA=2.579e-12  A_min=0.0001717  max_dA_fwd=-5.002e-06
  [shape] epoch  32000  rmse=0.001002  max_abs_dA=0.001843  int_signed_dA=9.725e-13  int_abs_dA=2.536e-12  A_min=0.0001262  max_dA_fwd=-4.933e-06
  [shape] epoch  32250  rmse=0.00111  max_abs_dA=0.001997  int_signed_dA=2.137e-12  int_abs_dA=2.719e-12  A_min=0.0002077  max_dA_fwd=-5.058e-06
  [shape] epoch  32500  rmse=0.001024  max_abs_dA=0.001811  int_signed_dA=1.721e-12  int_abs_dA=2.569e-12  A_min=0.0002344  max_dA_fwd=-4.955e-06
  [shape] epoch  32750  rmse=0.001373  max_abs_dA=0.00229  int_signed_dA=3.424e-12  int_abs_dA=3.521e-12  A_min=0.0002594  max_dA_fwd=-5.163e-06
  [shape] epoch  33000  rmse=0.0008715  max_abs_dA=0.001709  int_signed_dA=7.57e-13  int_abs_dA=2.197e-12  A_min=0.0001598  max_dA_fwd=-4.775e-06
  [shape] epoch  33250  rmse=0.001036  max_abs_dA=0.00187  int_signed_dA=2.018e-12  int_abs_dA=2.554e-12  A_min=0.0002071  max_dA_fwd=-5.004e-06
  [shape] epoch  33500  rmse=0.000983  max_abs_dA=0.00177  int_signed_dA=1.727e-12  int_abs_dA=2.426e-12  A_min=0.000206  max_dA_fwd=-4.956e-06
  [shape] epoch  33750  rmse=0.001016  max_abs_dA=0.001819  int_signed_dA=1.981e-12  int_abs_dA=2.543e-12  A_min=0.0002283  max_dA_fwd=-4.968e-06
  [shape] epoch  34000  rmse=0.001074  max_abs_dA=0.001934  int_signed_dA=2.151e-12  int_abs_dA=2.633e-12  A_min=0.0001872  max_dA_fwd=-5.049e-06
  [shape] epoch  34250  rmse=0.0009807  max_abs_dA=0.001747  int_signed_dA=1.918e-12  int_abs_dA=2.478e-12  A_min=0.0002599  max_dA_fwd=-4.922e-06
  [shape] epoch  34500  rmse=0.001137  max_abs_dA=0.001999  int_signed_dA=2.582e-12  int_abs_dA=2.833e-12  A_min=0.0002501  max_dA_fwd=-5.045e-06
  [shape] epoch  34750  rmse=0.0009198  max_abs_dA=0.001655  int_signed_dA=1.523e-12  int_abs_dA=2.28e-12  A_min=0.0002039  max_dA_fwd=-4.912e-06
  [shape] epoch  35000  rmse=0.000997  max_abs_dA=0.001792  int_signed_dA=2.044e-12  int_abs_dA=2.476e-12  A_min=0.0002249  max_dA_fwd=-4.971e-06
  [shape] epoch  35250  rmse=0.0009222  max_abs_dA=0.001657  int_signed_dA=1.631e-12  int_abs_dA=2.302e-12  A_min=0.000229  max_dA_fwd=-4.902e-06
  [shape] epoch  35500  rmse=0.001283  max_abs_dA=0.002232  int_signed_dA=2.968e-12  int_abs_dA=3.146e-12  A_min=0.0002966  max_dA_fwd=-5.162e-06
  [shape] epoch  35750  rmse=0.001038  max_abs_dA=0.00186  int_signed_dA=2.179e-12  int_abs_dA=2.556e-12  A_min=0.0002569  max_dA_fwd=-4.997e-06
  [shape] epoch  36000  rmse=0.0009434  max_abs_dA=0.002201  int_signed_dA=-7.59e-14  int_abs_dA=2.385e-12  A_min=0.0001543  max_dA_fwd=-4.735e-06
  [shape] epoch  36250  rmse=0.00115  max_abs_dA=0.002034  int_signed_dA=2.513e-12  int_abs_dA=2.813e-12  A_min=0.0003013  max_dA_fwd=-5.073e-06
  [shape] epoch  36500  rmse=0.0009386  max_abs_dA=0.001697  int_signed_dA=1.781e-12  int_abs_dA=2.318e-12  A_min=0.0002434  max_dA_fwd=-4.939e-06
  [shape] epoch  36750  rmse=0.0009586  max_abs_dA=0.001728  int_signed_dA=1.901e-12  int_abs_dA=2.368e-12  A_min=0.0002538  max_dA_fwd=-4.944e-06
  [shape] epoch  37000  rmse=0.0009666  max_abs_dA=0.00174  int_signed_dA=1.924e-12  int_abs_dA=2.381e-12  A_min=0.0002594  max_dA_fwd=-4.952e-06
  [shape] epoch  37250  rmse=0.001036  max_abs_dA=0.001841  int_signed_dA=2.244e-12  int_abs_dA=2.584e-12  A_min=0.0002895  max_dA_fwd=-4.993e-06
  [shape] epoch  37500  rmse=0.000935  max_abs_dA=0.001683  int_signed_dA=1.65e-12  int_abs_dA=2.297e-12  A_min=0.0002568  max_dA_fwd=-4.933e-06
  [shape] epoch  37750  rmse=0.000879  max_abs_dA=0.00154  int_signed_dA=1.216e-12  int_abs_dA=2.18e-12  A_min=0.0002633  max_dA_fwd=-4.865e-06
  [shape] epoch  38000  rmse=0.001142  max_abs_dA=0.001972  int_signed_dA=2.735e-12  int_abs_dA=2.866e-12  A_min=0.0003143  max_dA_fwd=-5.044e-06
  [shape] epoch  38250  rmse=0.001159  max_abs_dA=0.001977  int_signed_dA=2.83e-12  int_abs_dA=2.929e-12  A_min=0.0003149  max_dA_fwd=-5.04e-06
  [shape] epoch  38500  rmse=0.00109  max_abs_dA=0.001909  int_signed_dA=2.529e-12  int_abs_dA=2.713e-12  A_min=0.0003102  max_dA_fwd=-5.025e-06
  [shape] epoch  38750  rmse=0.000953  max_abs_dA=0.001715  int_signed_dA=1.875e-12  int_abs_dA=2.345e-12  A_min=0.0002642  max_dA_fwd=-4.955e-06
  [shape] epoch  39000  rmse=0.0009809  max_abs_dA=0.001754  int_signed_dA=2.102e-12  int_abs_dA=2.428e-12  A_min=0.000295  max_dA_fwd=-4.959e-06
  [shape] epoch  39250  rmse=0.001032  max_abs_dA=0.00183  int_signed_dA=2.28e-12  int_abs_dA=2.546e-12  A_min=0.0003092  max_dA_fwd=-4.992e-06
  [shape] epoch  39500  rmse=0.0009245  max_abs_dA=0.001671  int_signed_dA=1.802e-12  int_abs_dA=2.269e-12  A_min=0.0002777  max_dA_fwd=-4.93e-06
  [shape] epoch  39750  rmse=0.0009224  max_abs_dA=0.001667  int_signed_dA=1.849e-12  int_abs_dA=2.27e-12  A_min=0.0002823  max_dA_fwd=-4.929e-06
  [shape] epoch  40000  rmse=0.000998  max_abs_dA=0.001783  int_signed_dA=2.121e-12  int_abs_dA=2.448e-12  A_min=0.0003059  max_dA_fwd=-4.978e-06
  [shape] epoch  40250  rmse=0.0009137  max_abs_dA=0.001651  int_signed_dA=1.845e-12  int_abs_dA=2.257e-12  A_min=0.0002929  max_dA_fwd=-4.922e-06
  [shape] epoch  40500  rmse=0.0009343  max_abs_dA=0.001687  int_signed_dA=1.889e-12  int_abs_dA=2.292e-12  A_min=0.0002921  max_dA_fwd=-4.942e-06
  [shape] epoch  40750  rmse=0.0009846  max_abs_dA=0.001757  int_signed_dA=1.837e-12  int_abs_dA=2.42e-12  A_min=0.0002994  max_dA_fwd=-4.984e-06
  [shape] epoch  41000  rmse=0.0009219  max_abs_dA=0.001662  int_signed_dA=1.911e-12  int_abs_dA=2.275e-12  A_min=0.0002956  max_dA_fwd=-4.93e-06
  [shape] epoch  41250  rmse=0.0009397  max_abs_dA=0.001684  int_signed_dA=2.054e-12  int_abs_dA=2.336e-12  A_min=0.0003058  max_dA_fwd=-4.94e-06
  [shape] epoch  41500  rmse=0.0008875  max_abs_dA=0.001607  int_signed_dA=1.698e-12  int_abs_dA=2.177e-12  A_min=0.0002911  max_dA_fwd=-4.912e-06
  [shape] epoch  41750  rmse=0.0009006  max_abs_dA=0.001629  int_signed_dA=1.824e-12  int_abs_dA=2.215e-12  A_min=0.0002934  max_dA_fwd=-4.923e-06
  [shape] epoch  42000  rmse=0.0009208  max_abs_dA=0.001661  int_signed_dA=1.882e-12  int_abs_dA=2.266e-12  A_min=0.0003078  max_dA_fwd=-4.938e-06
  [shape] epoch  42250  rmse=0.0009276  max_abs_dA=0.001674  int_signed_dA=1.92e-12  int_abs_dA=2.274e-12  A_min=0.0003032  max_dA_fwd=-4.949e-06
  [shape] epoch  42500  rmse=0.0009034  max_abs_dA=0.001619  int_signed_dA=1.569e-12  int_abs_dA=2.225e-12  A_min=0.0003005  max_dA_fwd=-4.932e-06
  [shape] epoch  42750  rmse=0.00115  max_abs_dA=0.002005  int_signed_dA=2.548e-12  int_abs_dA=2.807e-12  A_min=0.0003648  max_dA_fwd=-5.095e-06
  [shape] epoch  43000  rmse=0.0008881  max_abs_dA=0.001608  int_signed_dA=1.778e-12  int_abs_dA=2.181e-12  A_min=0.0003032  max_dA_fwd=-4.924e-06
  [shape] epoch  43250  rmse=0.00108  max_abs_dA=0.001884  int_signed_dA=2.511e-12  int_abs_dA=2.667e-12  A_min=0.0003628  max_dA_fwd=-5.032e-06
  [shape] epoch  43500  rmse=0.0009992  max_abs_dA=0.001767  int_signed_dA=2.282e-12  int_abs_dA=2.476e-12  A_min=0.0003263  max_dA_fwd=-4.994e-06
  [shape] epoch  43750  rmse=0.0008812  max_abs_dA=0.001596  int_signed_dA=1.78e-12  int_abs_dA=2.165e-12  A_min=0.0003078  max_dA_fwd=-4.922e-06
  [shape] epoch  44000  rmse=0.0009083  max_abs_dA=0.001641  int_signed_dA=1.837e-12  int_abs_dA=2.22e-12  A_min=0.0003136  max_dA_fwd=-4.948e-06
  [shape] epoch  44250  rmse=0.0009076  max_abs_dA=0.001639  int_signed_dA=1.896e-12  int_abs_dA=2.225e-12  A_min=0.0003143  max_dA_fwd=-4.948e-06
  [shape] epoch  44500  rmse=0.000844  max_abs_dA=0.001531  int_signed_dA=1.561e-12  int_abs_dA=2.065e-12  A_min=0.0003006  max_dA_fwd=-4.904e-06
  [shape] epoch  44750  rmse=0.0009154  max_abs_dA=0.001646  int_signed_dA=1.992e-12  int_abs_dA=2.262e-12  A_min=0.000327  max_dA_fwd=-4.948e-06
  [shape] epoch  45000  rmse=0.0008986  max_abs_dA=0.001625  int_signed_dA=1.827e-12  int_abs_dA=2.195e-12  A_min=0.0003165  max_dA_fwd=-4.95e-06
  [shape] epoch  45250  rmse=0.0009376  max_abs_dA=0.001682  int_signed_dA=2.052e-12  int_abs_dA=2.303e-12  A_min=0.0003249  max_dA_fwd=-4.974e-06
  [shape] epoch  45500  rmse=0.0008737  max_abs_dA=0.001584  int_signed_dA=1.754e-12  int_abs_dA=2.137e-12  A_min=0.0003235  max_dA_fwd=-4.932e-06
  [shape] epoch  45750  rmse=0.0008721  max_abs_dA=0.00158  int_signed_dA=1.745e-12  int_abs_dA=2.138e-12  A_min=0.0003227  max_dA_fwd=-4.932e-06
  [shape] epoch  46000  rmse=0.0008958  max_abs_dA=0.00162  int_signed_dA=1.867e-12  int_abs_dA=2.191e-12  A_min=0.0003271  max_dA_fwd=-4.954e-06
  [shape] epoch  46250  rmse=0.0008875  max_abs_dA=0.001606  int_signed_dA=1.82e-12  int_abs_dA=2.174e-12  A_min=0.000322  max_dA_fwd=-4.952e-06
  [shape] epoch  46500  rmse=0.001022  max_abs_dA=0.001781  int_signed_dA=2.453e-12  int_abs_dA=2.559e-12  A_min=0.0003514  max_dA_fwd=-5.02e-06
  [shape] epoch  46750  rmse=0.0008974  max_abs_dA=0.001621  int_signed_dA=1.901e-12  int_abs_dA=2.197e-12  A_min=0.000328  max_dA_fwd=-4.962e-06
  [shape] epoch  47000  rmse=0.000887  max_abs_dA=0.001606  int_signed_dA=1.859e-12  int_abs_dA=2.169e-12  A_min=0.0003203  max_dA_fwd=-4.961e-06
  [shape] epoch  47250  rmse=0.0008921  max_abs_dA=0.001609  int_signed_dA=1.935e-12  int_abs_dA=2.2e-12  A_min=0.000331  max_dA_fwd=-4.959e-06
  [shape] epoch  47500  rmse=0.0008021  max_abs_dA=0.001415  int_signed_dA=1.124e-12  int_abs_dA=2.007e-12  A_min=0.0003001  max_dA_fwd=-4.887e-06
  [shape] epoch  47750  rmse=0.000864  max_abs_dA=0.001566  int_signed_dA=1.646e-12  int_abs_dA=2.103e-12  A_min=0.0003227  max_dA_fwd=-4.953e-06
  [shape] epoch  48000  rmse=0.0008886  max_abs_dA=0.001609  int_signed_dA=1.867e-12  int_abs_dA=2.169e-12  A_min=0.0003205  max_dA_fwd=-4.976e-06
  [shape] epoch  48250  rmse=0.0008725  max_abs_dA=0.00158  int_signed_dA=1.835e-12  int_abs_dA=2.148e-12  A_min=0.0003376  max_dA_fwd=-4.956e-06
  [shape] epoch  48500  rmse=0.0008599  max_abs_dA=0.00156  int_signed_dA=1.647e-12  int_abs_dA=2.092e-12  A_min=0.0003293  max_dA_fwd=-4.958e-06
  [shape] epoch  48750  rmse=0.0008757  max_abs_dA=0.001588  int_signed_dA=1.828e-12  int_abs_dA=2.137e-12  A_min=0.0003301  max_dA_fwd=-4.971e-06
  [shape] epoch  49000  rmse=0.0008765  max_abs_dA=0.001587  int_signed_dA=1.874e-12  int_abs_dA=2.151e-12  A_min=0.0003329  max_dA_fwd=-4.97e-06
  [shape] epoch  49250  rmse=0.0008337  max_abs_dA=0.00152  int_signed_dA=1.663e-12  int_abs_dA=2.037e-12  A_min=0.0003281  max_dA_fwd=-4.944e-06
  [shape] epoch  49500  rmse=0.000873  max_abs_dA=0.001584  int_signed_dA=1.84e-12  int_abs_dA=2.132e-12  A_min=0.0003311  max_dA_fwd=-4.976e-06
  [shape] epoch  49750  rmse=0.000838  max_abs_dA=0.001525  int_signed_dA=1.571e-12  int_abs_dA=2.037e-12  A_min=0.0003215  max_dA_fwd=-4.959e-06
  [shape] epoch  50000  rmse=0.000876  max_abs_dA=0.001588  int_signed_dA=1.862e-12  int_abs_dA=2.138e-12  A_min=0.0003293  max_dA_fwd=-4.986e-06
  [shape] epoch  50250  rmse=0.0008685  max_abs_dA=0.001578  int_signed_dA=1.809e-12  int_abs_dA=2.115e-12  A_min=0.0003335  max_dA_fwd=-4.982e-06
  [shape] epoch  50500  rmse=0.0008721  max_abs_dA=0.001583  int_signed_dA=1.831e-12  int_abs_dA=2.124e-12  A_min=0.0003342  max_dA_fwd=-4.988e-06
  [shape] epoch  50750  rmse=0.000849  max_abs_dA=0.001547  int_signed_dA=1.755e-12  int_abs_dA=2.069e-12  A_min=0.000332  max_dA_fwd=-4.976e-06
  [shape] epoch  51000  rmse=0.0008779  max_abs_dA=0.001593  int_signed_dA=1.849e-12  int_abs_dA=2.136e-12  A_min=0.0003382  max_dA_fwd=-4.998e-06
  [shape] epoch  51250  rmse=0.0008639  max_abs_dA=0.001571  int_signed_dA=1.801e-12  int_abs_dA=2.102e-12  A_min=0.0003346  max_dA_fwd=-4.991e-06
  [shape] epoch  51500  rmse=0.0008829  max_abs_dA=0.001601  int_signed_dA=1.87e-12  int_abs_dA=2.149e-12  A_min=0.000339  max_dA_fwd=-5.007e-06
  [shape] epoch  51750  rmse=0.0008925  max_abs_dA=0.001617  int_signed_dA=1.904e-12  int_abs_dA=2.17e-12  A_min=0.0003318  max_dA_fwd=-5.023e-06
  [shape] epoch  52000  rmse=0.0008236  max_abs_dA=0.001501  int_signed_dA=1.516e-12  int_abs_dA=1.998e-12  A_min=0.000325  max_dA_fwd=-4.973e-06
  [shape] epoch  52250  rmse=0.0009802  max_abs_dA=0.001719  int_signed_dA=2.365e-12  int_abs_dA=2.458e-12  A_min=0.0003584  max_dA_fwd=-5.059e-06
  [shape] epoch  52500  rmse=0.0008797  max_abs_dA=0.001597  int_signed_dA=1.856e-12  int_abs_dA=2.137e-12  A_min=0.0003441  max_dA_fwd=-5.016e-06
  [shape] epoch  52750  rmse=0.0008659  max_abs_dA=0.001575  int_signed_dA=1.833e-12  int_abs_dA=2.109e-12  A_min=0.0003394  max_dA_fwd=-5.008e-06
  [shape] epoch  53000  rmse=0.0008883  max_abs_dA=0.001609  int_signed_dA=1.931e-12  int_abs_dA=2.164e-12  A_min=0.0003422  max_dA_fwd=-5.027e-06
  [shape] epoch  53250  rmse=0.0008674  max_abs_dA=0.001578  int_signed_dA=1.828e-12  int_abs_dA=2.105e-12  A_min=0.0003387  max_dA_fwd=-5.017e-06
  [shape] epoch  53500  rmse=0.0009682  max_abs_dA=0.001729  int_signed_dA=2.184e-12  int_abs_dA=2.362e-12  A_min=0.0003558  max_dA_fwd=-5.087e-06
  [shape] epoch  53750  rmse=0.0008933  max_abs_dA=0.001615  int_signed_dA=1.976e-12  int_abs_dA=2.183e-12  A_min=0.0003437  max_dA_fwd=-5.037e-06
  [shape] epoch  54000  rmse=0.0008718  max_abs_dA=0.001585  int_signed_dA=1.872e-12  int_abs_dA=2.121e-12  A_min=0.0003421  max_dA_fwd=-5.026e-06
  [shape] epoch  54250  rmse=0.0008723  max_abs_dA=0.001586  int_signed_dA=1.869e-12  int_abs_dA=2.119e-12  A_min=0.0003422  max_dA_fwd=-5.03e-06
  [shape] epoch  54500  rmse=0.0008669  max_abs_dA=0.001579  int_signed_dA=1.832e-12  int_abs_dA=2.102e-12  A_min=0.0003408  max_dA_fwd=-5.031e-06
  [shape] epoch  54750  rmse=0.0008797  max_abs_dA=0.001599  int_signed_dA=1.878e-12  int_abs_dA=2.134e-12  A_min=0.0003414  max_dA_fwd=-5.043e-06
  [shape] epoch  55000  rmse=0.0008548  max_abs_dA=0.001561  int_signed_dA=1.784e-12  int_abs_dA=2.07e-12  A_min=0.0003391  max_dA_fwd=-5.027e-06
  [shape] epoch  55250  rmse=0.0008707  max_abs_dA=0.001585  int_signed_dA=1.855e-12  int_abs_dA=2.11e-12  A_min=0.0003425  max_dA_fwd=-5.042e-06
  [shape] epoch  55500  rmse=0.0008796  max_abs_dA=0.0016  int_signed_dA=1.873e-12  int_abs_dA=2.13e-12  A_min=0.000347  max_dA_fwd=-5.051e-06
  [shape] epoch  55750  rmse=0.0008424  max_abs_dA=0.001543  int_signed_dA=1.732e-12  int_abs_dA=2.036e-12  A_min=0.0003359  max_dA_fwd=-5.031e-06
  [shape] epoch  56000  rmse=0.0008476  max_abs_dA=0.001551  int_signed_dA=1.725e-12  int_abs_dA=2.046e-12  A_min=0.0003386  max_dA_fwd=-5.035e-06
  [shape] epoch  56250  rmse=0.0008628  max_abs_dA=0.001575  int_signed_dA=1.799e-12  int_abs_dA=2.084e-12  A_min=0.0003402  max_dA_fwd=-5.049e-06
  [shape] epoch  56500  rmse=0.0008689  max_abs_dA=0.001584  int_signed_dA=1.85e-12  int_abs_dA=2.102e-12  A_min=0.0003441  max_dA_fwd=-5.055e-06
  [shape] epoch  56750  rmse=0.0008362  max_abs_dA=0.001533  int_signed_dA=1.651e-12  int_abs_dA=2.015e-12  A_min=0.0003361  max_dA_fwd=-5.036e-06
  [shape] epoch  57000  rmse=0.0008887  max_abs_dA=0.001612  int_signed_dA=1.966e-12  int_abs_dA=2.164e-12  A_min=0.0003496  max_dA_fwd=-5.07e-06
  [shape] epoch  57250  rmse=0.0008684  max_abs_dA=0.001584  int_signed_dA=1.844e-12  int_abs_dA=2.099e-12  A_min=0.0003455  max_dA_fwd=-5.062e-06
  [shape] epoch  57500  rmse=0.0008204  max_abs_dA=0.001507  int_signed_dA=1.558e-12  int_abs_dA=1.977e-12  A_min=0.0003337  max_dA_fwd=-5.032e-06
  [shape] epoch  57750  rmse=0.0008682  max_abs_dA=0.001584  int_signed_dA=1.85e-12  int_abs_dA=2.098e-12  A_min=0.0003452  max_dA_fwd=-5.068e-06
  [shape] epoch  58000  rmse=0.0008771  max_abs_dA=0.001598  int_signed_dA=1.885e-12  int_abs_dA=2.12e-12  A_min=0.0003476  max_dA_fwd=-5.076e-06
  [shape] epoch  58250  rmse=0.0008534  max_abs_dA=0.001563  int_signed_dA=1.768e-12  int_abs_dA=2.055e-12  A_min=0.0003381  max_dA_fwd=-5.067e-06
  [shape] epoch  58500  rmse=0.0008642  max_abs_dA=0.001579  int_signed_dA=1.832e-12  int_abs_dA=2.085e-12  A_min=0.0003456  max_dA_fwd=-5.073e-06
  [shape] epoch  58750  rmse=0.0008996  max_abs_dA=0.001633  int_signed_dA=1.963e-12  int_abs_dA=2.176e-12  A_min=0.0003482  max_dA_fwd=-5.102e-06
  [shape] epoch  59000  rmse=0.0008725  max_abs_dA=0.001592  int_signed_dA=1.876e-12  int_abs_dA=2.107e-12  A_min=0.000347  max_dA_fwd=-5.084e-06
  [shape] epoch  59250  rmse=0.0009005  max_abs_dA=0.00163  int_signed_dA=2.028e-12  int_abs_dA=2.196e-12  A_min=0.0003525  max_dA_fwd=-5.101e-06
  [shape] epoch  59500  rmse=0.000863  max_abs_dA=0.001579  int_signed_dA=1.827e-12  int_abs_dA=2.08e-12  A_min=0.0003461  max_dA_fwd=-5.083e-06
  [shape] epoch  59750  rmse=0.0008529  max_abs_dA=0.001565  int_signed_dA=1.77e-12  int_abs_dA=2.051e-12  A_min=0.0003436  max_dA_fwd=-5.08e-06
  [shape] epoch  59999  rmse=0.0009488  max_abs_dA=0.00169  int_signed_dA=2.25e-12  int_abs_dA=2.349e-12  A_min=0.0003627  max_dA_fwd=-5.133e-06
[spectral-pn] spn-L0.7-s42: loss 5.154e-02 -> 1.464e-07 (x352079 drop)
[spectral-pn] RMSE=0.0009 max|dA|=0.0017 gamma_eff=2.2640e+09 gamma_ratio=0.9949
[spectral-pn] snapshot=final best_epoch=59999 best_loss=1.464e-07 final_loss=1.464e-07
[spectral-pn-shape] cancel=0.958 int_signed_dA=2.2500e-12 int_abs_dA=2.3487e-12 A_min=3.6269e-04 max_dA_fwd=-5.1327e-06
[spectral-pn] saved: runs/transient/pn_corridor_ladder_60k/ladder_L0.7_2d
