[spectral-pn] case: L=1.0 um, Nk=20, L_max=8, run=20260910_004113
[spectral-pn] window t_end=5.235e-09 s (776.4 tau_ref), gamma_dom=1.3371e+09 Hz
[spectral-pn] window mode=n_decay rule=n_decay (t_1% at 0.01*A0: nan s; n_dec=7/gamma_dom: 5.2352e-09 s)
  epoch      0  residual 3.927e-02
  epoch    250  residual 2.091e-04
  epoch    500  residual 5.841e-05
  epoch    750  residual 3.113e-05
  epoch   1000  residual 2.977e-05
  epoch   1250  residual 1.261e-05
  epoch   1500  residual 9.736e-06
  epoch   1750  residual 7.932e-06
  epoch   2000  residual 6.746e-06
  epoch   2250  residual 5.792e-06
  epoch   2500  residual 6.756e-06
  epoch   2750  residual 4.547e-06
  epoch   3000  residual 4.480e-06
  epoch   3250  residual 4.073e-06
  epoch   3500  residual 3.910e-06
  epoch   3750  residual 3.364e-06
  epoch   4000  residual 5.957e-06
  epoch   4250  residual 2.494e-06
  epoch   4500  residual 2.296e-06
  epoch   4750  residual 2.136e-06
  epoch   5000  residual 3.155e-06
  epoch   5250  residual 2.912e-06
  epoch   5500  residual 2.333e-06
  epoch   5750  residual 5.694e-06
  epoch   6000  residual 9.410e-06
  epoch   6250  residual 1.585e-06
  epoch   6500  residual 2.636e-06
  epoch   6750  residual 2.284e-06
  epoch   7000  residual 1.219e-06
  epoch   7250  residual 1.589e-06
  epoch   7500  residual 2.135e-06
  epoch   7750  residual 9.142e-06
  epoch   8000  residual 2.032e-06
  epoch   8250  residual 1.703e-06
  epoch   8500  residual 9.740e-07
  epoch   8750  residual 2.697e-06
  epoch   9000  residual 3.663e-06
  epoch   9250  residual 8.668e-07
  epoch   9500  residual 7.554e-07
  epoch   9750  residual 7.903e-07
  epoch  10000  residual 9.511e-07
  epoch  10250  residual 6.711e-07
  epoch  10500  residual 1.411e-06
  epoch  10750  residual 1.085e-06
  epoch  11000  residual 6.030e-07
  epoch  11250  residual 6.021e-07
  epoch  11500  residual 7.628e-07
  epoch  11750  residual 5.456e-07
  epoch  12000  residual 1.855e-06
  epoch  12250  residual 6.925e-07
  epoch  12500  residual 6.066e-07
  epoch  12750  residual 2.812e-06
  epoch  13000  residual 4.873e-07
  epoch  13250  residual 7.918e-07
  epoch  13500  residual 6.870e-07
  epoch  13750  residual 4.184e-07
  epoch  14000  residual 4.625e-07
  epoch  14250  residual 4.419e-07
  epoch  14500  residual 4.830e-07
  epoch  14750  residual 5.885e-07
  epoch  15000  residual 4.301e-07
  epoch  15250  residual 7.713e-07
  epoch  15500  residual 1.330e-06
  epoch  15750  residual 1.854e-06
  epoch  16000  residual 1.589e-06
  epoch  16250  residual 1.216e-06
  epoch  16500  residual 1.008e-06
  epoch  16750  residual 1.497e-06
  epoch  17000  residual 6.284e-07
  epoch  17250  residual 2.994e-07
  epoch  17500  residual 3.153e-07
  epoch  17750  residual 1.701e-06
  epoch  18000  residual 1.974e-06
  epoch  18250  residual 4.724e-07
  epoch  18500  residual 2.770e-07
  epoch  18750  residual 1.306e-06
  epoch  19000  residual 2.717e-07
  epoch  19250  residual 2.400e-07
  epoch  19500  residual 3.463e-07
  epoch  19750  residual 3.046e-07
  epoch  20000  residual 4.441e-07
  epoch  20250  residual 2.378e-07
  epoch  20500  residual 2.481e-07
  epoch  20750  residual 3.264e-07
  epoch  21000  residual 3.048e-07
  epoch  21250  residual 2.980e-07
  epoch  21500  residual 3.743e-07
  epoch  21750  residual 4.433e-07
  epoch  22000  residual 2.339e-07
  epoch  22250  residual 2.265e-07
  epoch  22500  residual 4.314e-07
  epoch  22750  residual 5.807e-07
  epoch  23000  residual 8.297e-07
  epoch  23250  residual 1.807e-07
  epoch  23500  residual 1.713e-07
  epoch  23750  residual 2.218e-07
  epoch  24000  residual 2.381e-07
  epoch  24250  residual 2.641e-07
  epoch  24500  residual 2.520e-06
  epoch  24750  residual 3.734e-07
  epoch  25000  residual 2.061e-07
  epoch  25250  residual 2.178e-07
  epoch  25500  residual 1.868e-07
  epoch  25750  residual 4.491e-07
  epoch  26000  residual 1.563e-07
  epoch  26250  residual 3.393e-07
  epoch  26500  residual 3.465e-07
  epoch  26750  residual 2.222e-07
  epoch  27000  residual 2.813e-07
  epoch  27250  residual 1.980e-07
  epoch  27500  residual 1.890e-07
  epoch  27750  residual 1.771e-07
  epoch  28000  residual 5.749e-07
  epoch  28250  residual 4.703e-07
  epoch  28500  residual 5.808e-07
  epoch  28750  residual 2.782e-07
  epoch  29000  residual 7.080e-07
  epoch  29250  residual 2.575e-07
  epoch  29500  residual 7.663e-07
  epoch  29750  residual 1.770e-07
  epoch  30000  residual 1.742e-07
  epoch  30250  residual 5.560e-07
  epoch  30500  residual 2.306e-07
  epoch  30750  residual 2.044e-07
  epoch  31000  residual 2.716e-07
  epoch  31250  residual 1.258e-07
  epoch  31500  residual 1.428e-07
  epoch  31750  residual 1.190e-07
  epoch  32000  residual 1.403e-07
  epoch  32250  residual 1.984e-07
  epoch  32500  residual 2.250e-07
  epoch  32750  residual 1.354e-07
  epoch  33000  residual 1.137e-07
  epoch  33250  residual 1.580e-07
  epoch  33500  residual 1.143e-07
  epoch  33750  residual 1.860e-07
  epoch  34000  residual 5.173e-07
  epoch  34250  residual 1.224e-07
  epoch  34500  residual 1.186e-07
  epoch  34750  residual 7.301e-07
  epoch  35000  residual 1.102e-07
  epoch  35250  residual 2.747e-07
  epoch  35500  residual 1.016e-07
  epoch  35750  residual 1.010e-07
  epoch  36000  residual 1.335e-07
  epoch  36250  residual 1.502e-07
  epoch  36500  residual 1.438e-07
  epoch  36750  residual 1.101e-07
  epoch  37000  residual 1.119e-07
  epoch  37250  residual 1.643e-07
  epoch  37500  residual 1.037e-07
  epoch  37750  residual 1.366e-07
  epoch  38000  residual 9.916e-08
  epoch  38250  residual 1.012e-07
  epoch  38500  residual 1.328e-07
  epoch  38750  residual 1.223e-07
  epoch  39000  residual 1.063e-07
  epoch  39250  residual 9.294e-08
  epoch  39500  residual 1.088e-07
  epoch  39750  residual 1.064e-07
  epoch  40000  residual 9.547e-08
  epoch  40250  residual 9.599e-08
  epoch  40500  residual 1.132e-07
  epoch  40750  residual 1.256e-07
  epoch  41000  residual 1.111e-07
  epoch  41250  residual 9.566e-08
  epoch  41500  residual 8.712e-08
  epoch  41750  residual 1.013e-07
  epoch  42000  residual 8.189e-08
  epoch  42250  residual 8.100e-08
  epoch  42500  residual 1.063e-07
  epoch  42750  residual 7.789e-08
  epoch  43000  residual 7.955e-08
  epoch  43250  residual 8.344e-08
  epoch  43500  residual 1.095e-07
  epoch  43750  residual 1.133e-07
  epoch  44000  residual 1.118e-07
  epoch  44250  residual 1.079e-07
  epoch  44500  residual 8.133e-08
  epoch  44750  residual 7.609e-08
  epoch  45000  residual 7.459e-08
  epoch  45250  residual 1.092e-07
  epoch  45500  residual 7.347e-08
  epoch  45750  residual 7.474e-08
  epoch  46000  residual 1.216e-07
  epoch  46250  residual 1.175e-07
  epoch  46500  residual 7.606e-08
  epoch  46750  residual 7.342e-08
  epoch  47000  residual 7.570e-08
  epoch  47250  residual 7.516e-08
  epoch  47500  residual 7.177e-08
  epoch  47750  residual 7.256e-08
  epoch  48000  residual 6.979e-08
  epoch  48250  residual 8.222e-08
  epoch  48500  residual 8.324e-08
  epoch  48750  residual 6.846e-08
  epoch  49000  residual 7.061e-08
  epoch  49250  residual 6.820e-08
  epoch  49500  residual 6.558e-08
  epoch  49750  residual 8.217e-08
  epoch  50000  residual 6.520e-08
  epoch  50250  residual 7.641e-08
  epoch  50500  residual 6.460e-08
  epoch  50750  residual 6.414e-08
  epoch  51000  residual 6.965e-08
  epoch  51250  residual 6.411e-08
  epoch  51500  residual 6.373e-08
  epoch  51750  residual 6.292e-08
  epoch  52000  residual 6.217e-08
  epoch  52250  residual 6.214e-08
  epoch  52500  residual 6.298e-08
  epoch  52750  residual 6.163e-08
  epoch  53000  residual 6.198e-08
  epoch  53250  residual 6.063e-08
  epoch  53500  residual 6.054e-08
  epoch  53750  residual 6.159e-08
  epoch  54000  residual 6.838e-08
  epoch  54250  residual 6.737e-08
  epoch  54500  residual 6.150e-08
  epoch  54750  residual 6.052e-08
  epoch  55000  residual 6.038e-08
  epoch  55250  residual 5.856e-08
  epoch  55500  residual 5.999e-08
  epoch  55750  residual 5.921e-08
  epoch  56000  residual 6.611e-08
  epoch  56250  residual 5.819e-08
  epoch  56500  residual 5.809e-08
  epoch  56750  residual 6.025e-08
  epoch  57000  residual 5.742e-08
  epoch  57250  residual 6.094e-08
  epoch  57500  residual 5.634e-08
  epoch  57750  residual 5.687e-08
  epoch  58000  residual 5.708e-08
  epoch  58250  residual 5.667e-08
  epoch  58500  residual 5.538e-08
  epoch  58750  residual 5.525e-08
  epoch  59000  residual 5.604e-08
  epoch  59250  residual 5.519e-08
  epoch  59500  residual 5.506e-08
  epoch  59750  residual 5.500e-08
  epoch  59999  residual 6.051e-08
  [gamma] epoch      0  gamma_ratio 1.8601  residual 3.927e-02
  [gamma] epoch    250  gamma_ratio 0.9768  residual 2.091e-04
  [gamma] epoch    500  gamma_ratio 0.9390  residual 5.841e-05
  [gamma] epoch    750  gamma_ratio 0.9516  residual 3.113e-05
  [gamma] epoch   1000  gamma_ratio 0.9634  residual 2.977e-05
  [gamma] epoch   1250  gamma_ratio 0.9686  residual 1.261e-05
  [gamma] epoch   1500  gamma_ratio 0.9737  residual 9.736e-06
  [gamma] epoch   1750  gamma_ratio 0.9777  residual 7.932e-06
  [gamma] epoch   2000  gamma_ratio 0.9807  residual 6.746e-06
  [gamma] epoch   2250  gamma_ratio 0.9839  residual 5.792e-06
  [gamma] epoch   2500  gamma_ratio 0.9862  residual 6.756e-06
  [gamma] epoch   2750  gamma_ratio 0.9878  residual 4.547e-06
  [gamma] epoch   3000  gamma_ratio 0.9892  residual 4.480e-06
  [gamma] epoch   3250  gamma_ratio 0.9907  residual 4.073e-06
  [gamma] epoch   3500  gamma_ratio 0.9912  residual 3.910e-06
  [gamma] epoch   3750  gamma_ratio 0.9922  residual 3.364e-06
  [gamma] epoch   4000  gamma_ratio 0.9934  residual 5.957e-06
  [gamma] epoch   4250  gamma_ratio 0.9931  residual 2.494e-06
  [gamma] epoch   4500  gamma_ratio 0.9934  residual 2.296e-06
  [gamma] epoch   4750  gamma_ratio 0.9937  residual 2.136e-06
  [gamma] epoch   5000  gamma_ratio 0.9934  residual 3.155e-06
  [gamma] epoch   5250  gamma_ratio 0.9944  residual 2.912e-06
  [gamma] epoch   5500  gamma_ratio 0.9957  residual 2.333e-06
  [gamma] epoch   5750  gamma_ratio 0.9960  residual 5.694e-06
  [gamma] epoch   6000  gamma_ratio 0.9832  residual 9.410e-06
  [gamma] epoch   6250  gamma_ratio 0.9920  residual 1.585e-06
  [gamma] epoch   6500  gamma_ratio 0.9913  residual 2.636e-06
  [gamma] epoch   6750  gamma_ratio 0.9926  residual 2.284e-06
  [gamma] epoch   7000  gamma_ratio 0.9928  residual 1.219e-06
  [gamma] epoch   7250  gamma_ratio 0.9953  residual 1.589e-06
  [gamma] epoch   7500  gamma_ratio 0.9909  residual 2.135e-06
  [gamma] epoch   7750  gamma_ratio 0.9869  residual 9.142e-06
  [gamma] epoch   8000  gamma_ratio 0.9982  residual 2.032e-06
  [gamma] epoch   8250  gamma_ratio 0.9917  residual 1.703e-06
  [gamma] epoch   8500  gamma_ratio 0.9924  residual 9.740e-07
  [gamma] epoch   8750  gamma_ratio 0.9935  residual 2.697e-06
  [gamma] epoch   9000  gamma_ratio 0.9971  residual 3.663e-06
  [gamma] epoch   9250  gamma_ratio 0.9925  residual 8.668e-07
  [gamma] epoch   9500  gamma_ratio 0.9923  residual 7.554e-07
  [gamma] epoch   9750  gamma_ratio 0.9933  residual 7.903e-07
  [gamma] epoch  10000  gamma_ratio 0.9923  residual 9.511e-07
  [gamma] epoch  10250  gamma_ratio 0.9918  residual 6.711e-07
  [gamma] epoch  10500  gamma_ratio 0.9915  residual 1.411e-06
  [gamma] epoch  10750  gamma_ratio 0.9938  residual 1.085e-06
  [gamma] epoch  11000  gamma_ratio 0.9929  residual 6.030e-07
  [gamma] epoch  11250  gamma_ratio 0.9927  residual 6.021e-07
  [gamma] epoch  11500  gamma_ratio 0.9941  residual 7.628e-07
  [gamma] epoch  11750  gamma_ratio 0.9923  residual 5.456e-07
  [gamma] epoch  12000  gamma_ratio 0.9904  residual 1.855e-06
  [gamma] epoch  12250  gamma_ratio 0.9955  residual 6.925e-07
  [gamma] epoch  12500  gamma_ratio 0.9950  residual 6.066e-07
  [gamma] epoch  12750  gamma_ratio 0.9870  residual 2.812e-06
  [gamma] epoch  13000  gamma_ratio 0.9932  residual 4.873e-07
  [gamma] epoch  13250  gamma_ratio 0.9933  residual 7.918e-07
  [gamma] epoch  13500  gamma_ratio 0.9931  residual 6.870e-07
  [gamma] epoch  13750  gamma_ratio 0.9932  residual 4.184e-07
  [gamma] epoch  14000  gamma_ratio 0.9937  residual 4.625e-07
  [gamma] epoch  14250  gamma_ratio 0.9941  residual 4.419e-07
  [gamma] epoch  14500  gamma_ratio 0.9938  residual 4.830e-07
  [gamma] epoch  14750  gamma_ratio 0.9949  residual 5.885e-07
  [gamma] epoch  15000  gamma_ratio 0.9944  residual 4.301e-07
  [gamma] epoch  15250  gamma_ratio 0.9964  residual 7.713e-07
  [gamma] epoch  15500  gamma_ratio 0.9934  residual 1.330e-06
  [gamma] epoch  15750  gamma_ratio 0.9975  residual 1.854e-06
  [gamma] epoch  16000  gamma_ratio 0.9990  residual 1.589e-06
  [gamma] epoch  16250  gamma_ratio 0.9911  residual 1.216e-06
  [gamma] epoch  16500  gamma_ratio 0.9964  residual 1.008e-06
  [gamma] epoch  16750  gamma_ratio 0.9959  residual 1.497e-06
  [gamma] epoch  17000  gamma_ratio 0.9938  residual 6.284e-07
  [gamma] epoch  17250  gamma_ratio 0.9953  residual 2.994e-07
  [gamma] epoch  17500  gamma_ratio 0.9950  residual 3.153e-07
  [gamma] epoch  17750  gamma_ratio 0.9927  residual 1.701e-06
  [gamma] epoch  18000  gamma_ratio 0.9981  residual 1.974e-06
  [gamma] epoch  18250  gamma_ratio 0.9955  residual 4.724e-07
  [gamma] epoch  18500  gamma_ratio 0.9959  residual 2.770e-07
  [gamma] epoch  18750  gamma_ratio 0.9922  residual 1.306e-06
  [gamma] epoch  19000  gamma_ratio 0.9958  residual 2.717e-07
  [gamma] epoch  19250  gamma_ratio 0.9957  residual 2.400e-07
  [gamma] epoch  19500  gamma_ratio 0.9978  residual 3.463e-07
  [gamma] epoch  19750  gamma_ratio 0.9970  residual 3.046e-07
  [gamma] epoch  20000  gamma_ratio 0.9951  residual 4.441e-07
  [gamma] epoch  20250  gamma_ratio 0.9960  residual 2.378e-07
  [gamma] epoch  20500  gamma_ratio 0.9966  residual 2.481e-07
  [gamma] epoch  20750  gamma_ratio 0.9969  residual 3.264e-07
  [gamma] epoch  21000  gamma_ratio 0.9968  residual 3.048e-07
  [gamma] epoch  21250  gamma_ratio 0.9963  residual 2.980e-07
  [gamma] epoch  21500  gamma_ratio 0.9959  residual 3.743e-07
  [gamma] epoch  21750  gamma_ratio 0.9972  residual 4.433e-07
  [gamma] epoch  22000  gamma_ratio 0.9968  residual 2.339e-07
  [gamma] epoch  22250  gamma_ratio 0.9964  residual 2.265e-07
  [gamma] epoch  22500  gamma_ratio 0.9967  residual 4.314e-07
  [gamma] epoch  22750  gamma_ratio 0.9954  residual 5.807e-07
  [gamma] epoch  23000  gamma_ratio 0.9992  residual 8.297e-07
  [gamma] epoch  23250  gamma_ratio 0.9966  residual 1.807e-07
  [gamma] epoch  23500  gamma_ratio 0.9967  residual 1.713e-07
  [gamma] epoch  23750  gamma_ratio 0.9963  residual 2.218e-07
  [gamma] epoch  24000  gamma_ratio 0.9965  residual 2.381e-07
  [gamma] epoch  24250  gamma_ratio 0.9959  residual 2.641e-07
  [gamma] epoch  24500  gamma_ratio 1.0000  residual 2.520e-06
  [gamma] epoch  24750  gamma_ratio 0.9956  residual 3.734e-07
  [gamma] epoch  25000  gamma_ratio 0.9969  residual 2.061e-07
  [gamma] epoch  25250  gamma_ratio 0.9964  residual 2.178e-07
  [gamma] epoch  25500  gamma_ratio 0.9976  residual 1.868e-07
  [gamma] epoch  25750  gamma_ratio 0.9984  residual 4.491e-07
  [gamma] epoch  26000  gamma_ratio 0.9969  residual 1.563e-07
  [gamma] epoch  26250  gamma_ratio 0.9986  residual 3.393e-07
  [gamma] epoch  26500  gamma_ratio 0.9975  residual 3.465e-07
  [gamma] epoch  26750  gamma_ratio 0.9963  residual 2.222e-07
  [gamma] epoch  27000  gamma_ratio 0.9973  residual 2.813e-07
  [gamma] epoch  27250  gamma_ratio 0.9982  residual 1.980e-07
  [gamma] epoch  27500  gamma_ratio 0.9975  residual 1.890e-07
  [gamma] epoch  27750  gamma_ratio 0.9971  residual 1.771e-07
  [gamma] epoch  28000  gamma_ratio 1.0003  residual 5.749e-07
  [gamma] epoch  28250  gamma_ratio 0.9956  residual 4.703e-07
  [gamma] epoch  28500  gamma_ratio 0.9984  residual 5.808e-07
  [gamma] epoch  28750  gamma_ratio 0.9962  residual 2.782e-07
  [gamma] epoch  29000  gamma_ratio 0.9985  residual 7.080e-07
  [gamma] epoch  29250  gamma_ratio 0.9984  residual 2.575e-07
  [gamma] epoch  29500  gamma_ratio 0.9960  residual 7.663e-07
  [gamma] epoch  29750  gamma_ratio 0.9980  residual 1.770e-07
  [gamma] epoch  30000  gamma_ratio 0.9970  residual 1.742e-07
  [gamma] epoch  30250  gamma_ratio 0.9952  residual 5.560e-07
  [gamma] epoch  30500  gamma_ratio 0.9984  residual 2.306e-07
  [gamma] epoch  30750  gamma_ratio 0.9974  residual 2.044e-07
  [gamma] epoch  31000  gamma_ratio 0.9983  residual 2.716e-07
  [gamma] epoch  31250  gamma_ratio 0.9974  residual 1.258e-07
  [gamma] epoch  31500  gamma_ratio 0.9983  residual 1.428e-07
  [gamma] epoch  31750  gamma_ratio 0.9977  residual 1.190e-07
  [gamma] epoch  32000  gamma_ratio 0.9983  residual 1.403e-07
  [gamma] epoch  32250  gamma_ratio 0.9975  residual 1.984e-07
  [gamma] epoch  32500  gamma_ratio 0.9965  residual 2.250e-07
  [gamma] epoch  32750  gamma_ratio 0.9977  residual 1.354e-07
  [gamma] epoch  33000  gamma_ratio 0.9981  residual 1.137e-07
  [gamma] epoch  33250  gamma_ratio 0.9980  residual 1.580e-07
  [gamma] epoch  33500  gamma_ratio 0.9978  residual 1.143e-07
  [gamma] epoch  33750  gamma_ratio 0.9975  residual 1.860e-07
  [gamma] epoch  34000  gamma_ratio 0.9991  residual 5.173e-07
  [gamma] epoch  34250  gamma_ratio 0.9977  residual 1.224e-07
  [gamma] epoch  34500  gamma_ratio 0.9977  residual 1.186e-07
  [gamma] epoch  34750  gamma_ratio 0.9993  residual 7.301e-07
  [gamma] epoch  35000  gamma_ratio 0.9977  residual 1.102e-07
  [gamma] epoch  35250  gamma_ratio 0.9980  residual 2.747e-07
  [gamma] epoch  35500  gamma_ratio 0.9981  residual 1.016e-07
  [gamma] epoch  35750  gamma_ratio 0.9980  residual 1.010e-07
  [gamma] epoch  36000  gamma_ratio 0.9983  residual 1.335e-07
  [gamma] epoch  36250  gamma_ratio 0.9986  residual 1.502e-07
  [gamma] epoch  36500  gamma_ratio 0.9974  residual 1.438e-07
  [gamma] epoch  36750  gamma_ratio 0.9985  residual 1.101e-07
  [gamma] epoch  37000  gamma_ratio 0.9978  residual 1.119e-07
  [gamma] epoch  37250  gamma_ratio 0.9973  residual 1.643e-07
  [gamma] epoch  37500  gamma_ratio 0.9979  residual 1.037e-07
  [gamma] epoch  37750  gamma_ratio 0.9978  residual 1.366e-07
  [gamma] epoch  38000  gamma_ratio 0.9983  residual 9.916e-08
  [gamma] epoch  38250  gamma_ratio 0.9983  residual 1.012e-07
  [gamma] epoch  38500  gamma_ratio 0.9985  residual 1.328e-07
  [gamma] epoch  38750  gamma_ratio 0.9979  residual 1.223e-07
  [gamma] epoch  39000  gamma_ratio 0.9983  residual 1.063e-07
  [gamma] epoch  39250  gamma_ratio 0.9984  residual 9.294e-08
  [gamma] epoch  39500  gamma_ratio 0.9980  residual 1.088e-07
  [gamma] epoch  39750  gamma_ratio 0.9983  residual 1.064e-07
  [gamma] epoch  40000  gamma_ratio 0.9985  residual 9.547e-08
  [gamma] epoch  40250  gamma_ratio 0.9980  residual 9.599e-08
  [gamma] epoch  40500  gamma_ratio 0.9984  residual 1.132e-07
  [gamma] epoch  40750  gamma_ratio 0.9980  residual 1.256e-07
  [gamma] epoch  41000  gamma_ratio 0.9979  residual 1.111e-07
  [gamma] epoch  41250  gamma_ratio 0.9981  residual 9.566e-08
  [gamma] epoch  41500  gamma_ratio 0.9982  residual 8.712e-08
  [gamma] epoch  41750  gamma_ratio 0.9982  residual 1.013e-07
  [gamma] epoch  42000  gamma_ratio 0.9982  residual 8.189e-08
  [gamma] epoch  42250  gamma_ratio 0.9983  residual 8.100e-08
  [gamma] epoch  42500  gamma_ratio 0.9981  residual 1.063e-07
  [gamma] epoch  42750  gamma_ratio 0.9982  residual 7.789e-08
  [gamma] epoch  43000  gamma_ratio 0.9983  residual 7.955e-08
  [gamma] epoch  43250  gamma_ratio 0.9981  residual 8.344e-08
  [gamma] epoch  43500  gamma_ratio 0.9982  residual 1.095e-07
  [gamma] epoch  43750  gamma_ratio 0.9980  residual 1.133e-07
  [gamma] epoch  44000  gamma_ratio 0.9978  residual 1.118e-07
  [gamma] epoch  44250  gamma_ratio 0.9986  residual 1.079e-07
  [gamma] epoch  44500  gamma_ratio 0.9985  residual 8.133e-08
  [gamma] epoch  44750  gamma_ratio 0.9982  residual 7.609e-08
  [gamma] epoch  45000  gamma_ratio 0.9981  residual 7.459e-08
  [gamma] epoch  45250  gamma_ratio 0.9979  residual 1.092e-07
  [gamma] epoch  45500  gamma_ratio 0.9982  residual 7.347e-08
  [gamma] epoch  45750  gamma_ratio 0.9981  residual 7.474e-08
  [gamma] epoch  46000  gamma_ratio 0.9989  residual 1.216e-07
  [gamma] epoch  46250  gamma_ratio 0.9978  residual 1.175e-07
  [gamma] epoch  46500  gamma_ratio 0.9982  residual 7.606e-08
  [gamma] epoch  46750  gamma_ratio 0.9980  residual 7.342e-08
  [gamma] epoch  47000  gamma_ratio 0.9981  residual 7.570e-08
  [gamma] epoch  47250  gamma_ratio 0.9981  residual 7.516e-08
  [gamma] epoch  47500  gamma_ratio 0.9982  residual 7.177e-08
  [gamma] epoch  47750  gamma_ratio 0.9982  residual 7.256e-08
  [gamma] epoch  48000  gamma_ratio 0.9983  residual 6.979e-08
  [gamma] epoch  48250  gamma_ratio 0.9979  residual 8.222e-08
  [gamma] epoch  48500  gamma_ratio 0.9979  residual 8.324e-08
  [gamma] epoch  48750  gamma_ratio 0.9982  residual 6.846e-08
  [gamma] epoch  49000  gamma_ratio 0.9982  residual 7.061e-08
  [gamma] epoch  49250  gamma_ratio 0.9983  residual 6.820e-08
  [gamma] epoch  49500  gamma_ratio 0.9982  residual 6.558e-08
  [gamma] epoch  49750  gamma_ratio 0.9978  residual 8.217e-08
  [gamma] epoch  50000  gamma_ratio 0.9981  residual 6.520e-08
  [gamma] epoch  50250  gamma_ratio 0.9983  residual 7.641e-08
  [gamma] epoch  50500  gamma_ratio 0.9982  residual 6.460e-08
  [gamma] epoch  50750  gamma_ratio 0.9981  residual 6.414e-08
  [gamma] epoch  51000  gamma_ratio 0.9982  residual 6.965e-08
  [gamma] epoch  51250  gamma_ratio 0.9980  residual 6.411e-08
  [gamma] epoch  51500  gamma_ratio 0.9980  residual 6.373e-08
  [gamma] epoch  51750  gamma_ratio 0.9981  residual 6.292e-08
  [gamma] epoch  52000  gamma_ratio 0.9981  residual 6.217e-08
  [gamma] epoch  52250  gamma_ratio 0.9981  residual 6.214e-08
  [gamma] epoch  52500  gamma_ratio 0.9979  residual 6.298e-08
  [gamma] epoch  52750  gamma_ratio 0.9980  residual 6.163e-08
  [gamma] epoch  53000  gamma_ratio 0.9979  residual 6.198e-08
  [gamma] epoch  53250  gamma_ratio 0.9980  residual 6.063e-08
  [gamma] epoch  53500  gamma_ratio 0.9981  residual 6.054e-08
  [gamma] epoch  53750  gamma_ratio 0.9981  residual 6.159e-08
  [gamma] epoch  54000  gamma_ratio 0.9982  residual 6.838e-08
  [gamma] epoch  54250  gamma_ratio 0.9979  residual 6.737e-08
  [gamma] epoch  54500  gamma_ratio 0.9981  residual 6.150e-08
  [gamma] epoch  54750  gamma_ratio 0.9981  residual 6.052e-08
  [gamma] epoch  55000  gamma_ratio 0.9981  residual 6.038e-08
  [gamma] epoch  55250  gamma_ratio 0.9980  residual 5.856e-08
  [gamma] epoch  55500  gamma_ratio 0.9979  residual 5.999e-08
  [gamma] epoch  55750  gamma_ratio 0.9981  residual 5.921e-08
  [gamma] epoch  56000  gamma_ratio 0.9978  residual 6.611e-08
  [gamma] epoch  56250  gamma_ratio 0.9980  residual 5.819e-08
  [gamma] epoch  56500  gamma_ratio 0.9980  residual 5.809e-08
  [gamma] epoch  56750  gamma_ratio 0.9980  residual 6.025e-08
  [gamma] epoch  57000  gamma_ratio 0.9981  residual 5.742e-08
  [gamma] epoch  57250  gamma_ratio 0.9981  residual 6.094e-08
  [gamma] epoch  57500  gamma_ratio 0.9980  residual 5.634e-08
  [gamma] epoch  57750  gamma_ratio 0.9980  residual 5.687e-08
  [gamma] epoch  58000  gamma_ratio 0.9980  residual 5.708e-08
  [gamma] epoch  58250  gamma_ratio 0.9980  residual 5.667e-08
  [gamma] epoch  58500  gamma_ratio 0.9980  residual 5.538e-08
  [gamma] epoch  58750  gamma_ratio 0.9980  residual 5.525e-08
  [gamma] epoch  59000  gamma_ratio 0.9980  residual 5.604e-08
  [gamma] epoch  59250  gamma_ratio 0.9980  residual 5.519e-08
  [gamma] epoch  59500  gamma_ratio 0.9980  residual 5.506e-08
  [gamma] epoch  59750  gamma_ratio 0.9979  residual 5.500e-08
  [gamma] epoch  59999  gamma_ratio 0.9978  residual 6.051e-08
  [shape] epoch      0  rmse=0.111  max_abs_dA=0.2617  int_signed_dA=-3.456e-10  int_abs_dA=3.615e-10  A_min=0.007196  max_dA_fwd=0.001263
  [shape] epoch    250  rmse=0.005538  max_abs_dA=0.01793  int_signed_dA=1.773e-11  int_abs_dA=1.8e-11  A_min=0.002818  max_dA_fwd=-4.269e-06
  [shape] epoch    500  rmse=0.01169  max_abs_dA=0.02666  int_signed_dA=4.855e-11  int_abs_dA=4.859e-11  A_min=0.002055  max_dA_fwd=-7.274e-06
  [shape] epoch    750  rmse=0.009233  max_abs_dA=0.02238  int_signed_dA=3.797e-11  int_abs_dA=3.801e-11  A_min=0.001687  max_dA_fwd=-6.689e-06
  [shape] epoch   1000  rmse=0.006959  max_abs_dA=0.01676  int_signed_dA=2.841e-11  int_abs_dA=2.851e-11  A_min=0.0008367  max_dA_fwd=-6.81e-06
  [shape] epoch   1250  rmse=0.005836  max_abs_dA=0.01325  int_signed_dA=2.419e-11  int_abs_dA=2.438e-11  A_min=0.0005736  max_dA_fwd=-7.006e-06
  [shape] epoch   1500  rmse=0.00487  max_abs_dA=0.01097  int_signed_dA=2.021e-11  int_abs_dA=2.053e-11  A_min=0.0004807  max_dA_fwd=-6.886e-06
  [shape] epoch   1750  rmse=0.004152  max_abs_dA=0.009644  int_signed_dA=1.705e-11  int_abs_dA=1.752e-11  A_min=0.0004599  max_dA_fwd=-6.593e-06
  [shape] epoch   2000  rmse=0.003593  max_abs_dA=0.008716  int_signed_dA=1.467e-11  int_abs_dA=1.521e-11  A_min=0.0005417  max_dA_fwd=-6.252e-06
  [shape] epoch   2250  rmse=0.003054  max_abs_dA=0.007922  int_signed_dA=1.225e-11  int_abs_dA=1.286e-11  A_min=0.0006015  max_dA_fwd=-5.886e-06
  [shape] epoch   2500  rmse=0.002626  max_abs_dA=0.007249  int_signed_dA=1.042e-11  int_abs_dA=1.106e-11  A_min=0.000715  max_dA_fwd=-5.556e-06
  [shape] epoch   2750  rmse=0.00239  max_abs_dA=0.007086  int_signed_dA=9.228e-12  int_abs_dA=9.887e-12  A_min=0.0008735  max_dA_fwd=-5.201e-06
  [shape] epoch   3000  rmse=0.002183  max_abs_dA=0.006871  int_signed_dA=8.124e-12  int_abs_dA=8.783e-12  A_min=0.000986  max_dA_fwd=-4.916e-06
  [shape] epoch   3250  rmse=0.001991  max_abs_dA=0.006628  int_signed_dA=7.041e-12  int_abs_dA=7.693e-12  A_min=0.00112  max_dA_fwd=-4.638e-06
  [shape] epoch   3500  rmse=0.001937  max_abs_dA=0.006615  int_signed_dA=6.597e-12  int_abs_dA=7.223e-12  A_min=0.001245  max_dA_fwd=-4.422e-06
  [shape] epoch   3750  rmse=0.001814  max_abs_dA=0.006335  int_signed_dA=5.859e-12  int_abs_dA=6.502e-12  A_min=0.001375  max_dA_fwd=-4.23e-06
  [shape] epoch   4000  rmse=0.001716  max_abs_dA=0.006089  int_signed_dA=4.97e-12  int_abs_dA=6.197e-12  A_min=0.001531  max_dA_fwd=-4.034e-06
  [shape] epoch   4250  rmse=0.00175  max_abs_dA=0.006167  int_signed_dA=5.156e-12  int_abs_dA=6.336e-12  A_min=0.001608  max_dA_fwd=-3.948e-06
  [shape] epoch   4500  rmse=0.001717  max_abs_dA=0.005999  int_signed_dA=4.957e-12  int_abs_dA=6.404e-12  A_min=0.001691  max_dA_fwd=-3.9e-06
  [shape] epoch   4750  rmse=0.001688  max_abs_dA=0.00581  int_signed_dA=4.718e-12  int_abs_dA=6.534e-12  A_min=0.001787  max_dA_fwd=-3.854e-06
  [shape] epoch   5000  rmse=0.001685  max_abs_dA=0.005605  int_signed_dA=4.941e-12  int_abs_dA=6.793e-12  A_min=0.001926  max_dA_fwd=-3.831e-06
  [shape] epoch   5250  rmse=0.001624  max_abs_dA=0.005289  int_signed_dA=4.221e-12  int_abs_dA=6.8e-12  A_min=0.001936  max_dA_fwd=-3.824e-06
  [shape] epoch   5500  rmse=0.001582  max_abs_dA=0.004783  int_signed_dA=3.22e-12  int_abs_dA=6.98e-12  A_min=0.001972  max_dA_fwd=-3.822e-06
  [shape] epoch   5750  rmse=0.001585  max_abs_dA=0.004411  int_signed_dA=3.032e-12  int_abs_dA=7.222e-12  A_min=0.002057  max_dA_fwd=-3.846e-06
  [shape] epoch   6000  rmse=0.002852  max_abs_dA=0.007608  int_signed_dA=1.278e-11  int_abs_dA=1.301e-11  A_min=0.002261  max_dA_fwd=-4.392e-06
  [shape] epoch   6250  rmse=0.001713  max_abs_dA=0.004995  int_signed_dA=6.061e-12  int_abs_dA=7.576e-12  A_min=0.002116  max_dA_fwd=-4.136e-06
  [shape] epoch   6500  rmse=0.001806  max_abs_dA=0.005393  int_signed_dA=6.566e-12  int_abs_dA=7.809e-12  A_min=0.002166  max_dA_fwd=-4.135e-06
  [shape] epoch   6750  rmse=0.001685  max_abs_dA=0.004722  int_signed_dA=5.591e-12  int_abs_dA=7.649e-12  A_min=0.00215  max_dA_fwd=-4.167e-06
  [shape] epoch   7000  rmse=0.001684  max_abs_dA=0.004586  int_signed_dA=5.421e-12  int_abs_dA=7.727e-12  A_min=0.002198  max_dA_fwd=-4.153e-06
  [shape] epoch   7250  rmse=0.00159  max_abs_dA=0.003697  int_signed_dA=3.512e-12  int_abs_dA=7.59e-12  A_min=0.002072  max_dA_fwd=-4.208e-06
  [shape] epoch   7500  rmse=0.001811  max_abs_dA=0.00508  int_signed_dA=6.9e-12  int_abs_dA=8.068e-12  A_min=0.002174  max_dA_fwd=-4.331e-06
  [shape] epoch   7750  rmse=0.002225  max_abs_dA=0.006024  int_signed_dA=9.913e-12  int_abs_dA=1.009e-11  A_min=0.002205  max_dA_fwd=-4.55e-06
  [shape] epoch   8000  rmse=0.001733  max_abs_dA=0.003383  int_signed_dA=1.331e-12  int_abs_dA=8.145e-12  A_min=0.00206  max_dA_fwd=-4.198e-06
  [shape] epoch   8250  rmse=0.001713  max_abs_dA=0.004294  int_signed_dA=6.274e-12  int_abs_dA=7.984e-12  A_min=0.00212  max_dA_fwd=-4.478e-06
  [shape] epoch   8500  rmse=0.001673  max_abs_dA=0.004025  int_signed_dA=5.702e-12  int_abs_dA=7.911e-12  A_min=0.002133  max_dA_fwd=-4.442e-06
  [shape] epoch   8750  rmse=0.001631  max_abs_dA=0.003637  int_signed_dA=4.887e-12  int_abs_dA=7.838e-12  A_min=0.002112  max_dA_fwd=-4.433e-06
  [shape] epoch   9000  rmse=0.001685  max_abs_dA=0.003143  int_signed_dA=2.199e-12  int_abs_dA=8.051e-12  A_min=0.002016  max_dA_fwd=-4.401e-06
  [shape] epoch   9250  rmse=0.001646  max_abs_dA=0.003602  int_signed_dA=5.637e-12  int_abs_dA=7.895e-12  A_min=0.002025  max_dA_fwd=-4.619e-06
  [shape] epoch   9500  rmse=0.001642  max_abs_dA=0.003689  int_signed_dA=5.817e-12  int_abs_dA=7.832e-12  A_min=0.001977  max_dA_fwd=-4.649e-06
  [shape] epoch   9750  rmse=0.001601  max_abs_dA=0.003287  int_signed_dA=5.045e-12  int_abs_dA=7.756e-12  A_min=0.001961  max_dA_fwd=-4.633e-06
  [shape] epoch  10000  rmse=0.001635  max_abs_dA=0.003556  int_signed_dA=5.824e-12  int_abs_dA=7.823e-12  A_min=0.001944  max_dA_fwd=-4.687e-06
  [shape] epoch  10250  rmse=0.001646  max_abs_dA=0.003682  int_signed_dA=6.151e-12  int_abs_dA=7.812e-12  A_min=0.001935  max_dA_fwd=-4.687e-06
  [shape] epoch  10500  rmse=0.001677  max_abs_dA=0.003587  int_signed_dA=6.439e-12  int_abs_dA=7.968e-12  A_min=0.001949  max_dA_fwd=-4.737e-06
  [shape] epoch  10750  rmse=0.001544  max_abs_dA=0.003127  int_signed_dA=4.634e-12  int_abs_dA=7.489e-12  A_min=0.001847  max_dA_fwd=-4.648e-06
  [shape] epoch  11000  rmse=0.001561  max_abs_dA=0.003243  int_signed_dA=5.375e-12  int_abs_dA=7.517e-12  A_min=0.001825  max_dA_fwd=-4.704e-06
  [shape] epoch  11250  rmse=0.001567  max_abs_dA=0.003188  int_signed_dA=5.495e-12  int_abs_dA=7.549e-12  A_min=0.00183  max_dA_fwd=-4.701e-06
  [shape] epoch  11500  rmse=0.001507  max_abs_dA=0.002819  int_signed_dA=4.464e-12  int_abs_dA=7.343e-12  A_min=0.001801  max_dA_fwd=-4.629e-06
  [shape] epoch  11750  rmse=0.001563  max_abs_dA=0.003196  int_signed_dA=5.768e-12  int_abs_dA=7.49e-12  A_min=0.001773  max_dA_fwd=-4.727e-06
  [shape] epoch  12000  rmse=0.001695  max_abs_dA=0.003994  int_signed_dA=7.259e-12  int_abs_dA=7.819e-12  A_min=0.001727  max_dA_fwd=-4.779e-06
  [shape] epoch  12250  rmse=0.001444  max_abs_dA=0.002305  int_signed_dA=3.388e-12  int_abs_dA=7.045e-12  A_min=0.001665  max_dA_fwd=-4.6e-06
  [shape] epoch  12500  rmse=0.001419  max_abs_dA=0.002374  int_signed_dA=3.767e-12  int_abs_dA=6.935e-12  A_min=0.001646  max_dA_fwd=-4.604e-06
  [shape] epoch  12750  rmse=0.002084  max_abs_dA=0.004755  int_signed_dA=9.821e-12  int_abs_dA=9.924e-12  A_min=0.001715  max_dA_fwd=-4.859e-06
  [shape] epoch  13000  rmse=0.001398  max_abs_dA=0.00336  int_signed_dA=5.128e-12  int_abs_dA=6.596e-12  A_min=0.001529  max_dA_fwd=-4.61e-06
  [shape] epoch  13250  rmse=0.001392  max_abs_dA=0.003211  int_signed_dA=5.037e-12  int_abs_dA=6.635e-12  A_min=0.001596  max_dA_fwd=-4.539e-06
  [shape] epoch  13500  rmse=0.001394  max_abs_dA=0.002864  int_signed_dA=5.196e-12  int_abs_dA=6.674e-12  A_min=0.001559  max_dA_fwd=-4.585e-06
  [shape] epoch  13750  rmse=0.001375  max_abs_dA=0.002854  int_signed_dA=5.127e-12  int_abs_dA=6.582e-12  A_min=0.001531  max_dA_fwd=-4.567e-06
  [shape] epoch  14000  rmse=0.001324  max_abs_dA=0.002794  int_signed_dA=4.733e-12  int_abs_dA=6.355e-12  A_min=0.001493  max_dA_fwd=-4.524e-06
  [shape] epoch  14250  rmse=0.001291  max_abs_dA=0.002548  int_signed_dA=4.402e-12  int_abs_dA=6.247e-12  A_min=0.00148  max_dA_fwd=-4.49e-06
  [shape] epoch  14500  rmse=0.001278  max_abs_dA=0.00275  int_signed_dA=4.639e-12  int_abs_dA=6.122e-12  A_min=0.001444  max_dA_fwd=-4.465e-06
  [shape] epoch  14750  rmse=0.00123  max_abs_dA=0.002318  int_signed_dA=3.865e-12  int_abs_dA=5.98e-12  A_min=0.001418  max_dA_fwd=-4.433e-06
  [shape] epoch  15000  rmse=0.001224  max_abs_dA=0.002514  int_signed_dA=4.216e-12  int_abs_dA=5.908e-12  A_min=0.001412  max_dA_fwd=-4.402e-06
  [shape] epoch  15250  rmse=0.001162  max_abs_dA=0.00195  int_signed_dA=2.707e-12  int_abs_dA=5.644e-12  A_min=0.001376  max_dA_fwd=-4.303e-06
  [shape] epoch  15500  rmse=0.001256  max_abs_dA=0.002713  int_signed_dA=4.941e-12  int_abs_dA=5.936e-12  A_min=0.001367  max_dA_fwd=-4.402e-06
  [shape] epoch  15750  rmse=0.001129  max_abs_dA=0.002242  int_signed_dA=1.89e-12  int_abs_dA=5.375e-12  A_min=0.001313  max_dA_fwd=-4.22e-06
  [shape] epoch  16000  rmse=0.001177  max_abs_dA=0.002662  int_signed_dA=7.719e-13  int_abs_dA=5.359e-12  A_min=0.001289  max_dA_fwd=-4.129e-06
  [shape] epoch  16250  rmse=0.001482  max_abs_dA=0.003657  int_signed_dA=6.748e-12  int_abs_dA=6.863e-12  A_min=0.001338  max_dA_fwd=-4.373e-06
  [shape] epoch  16500  rmse=0.001061  max_abs_dA=0.002001  int_signed_dA=2.731e-12  int_abs_dA=5.149e-12  A_min=0.001297  max_dA_fwd=-4.182e-06
  [shape] epoch  16750  rmse=0.001045  max_abs_dA=0.002517  int_signed_dA=3.082e-12  int_abs_dA=5.009e-12  A_min=0.001291  max_dA_fwd=-4.135e-06
  [shape] epoch  17000  rmse=0.001157  max_abs_dA=0.002691  int_signed_dA=4.658e-12  int_abs_dA=5.431e-12  A_min=0.001267  max_dA_fwd=-4.248e-06
  [shape] epoch  17250  rmse=0.001035  max_abs_dA=0.002256  int_signed_dA=3.5e-12  int_abs_dA=4.978e-12  A_min=0.001236  max_dA_fwd=-4.169e-06
  [shape] epoch  17500  rmse=0.001032  max_abs_dA=0.002432  int_signed_dA=3.727e-12  int_abs_dA=4.92e-12  A_min=0.001231  max_dA_fwd=-4.14e-06
  [shape] epoch  17750  rmse=0.001251  max_abs_dA=0.003216  int_signed_dA=5.513e-12  int_abs_dA=5.672e-12  A_min=0.001219  max_dA_fwd=-4.198e-06
  [shape] epoch  18000  rmse=0.001003  max_abs_dA=0.002168  int_signed_dA=1.392e-12  int_abs_dA=4.694e-12  A_min=0.0012  max_dA_fwd=-4.02e-06
  [shape] epoch  18250  rmse=0.0009729  max_abs_dA=0.002345  int_signed_dA=3.375e-12  int_abs_dA=4.641e-12  A_min=0.00119  max_dA_fwd=-4.066e-06
  [shape] epoch  18500  rmse=0.0009452  max_abs_dA=0.002108  int_signed_dA=3.089e-12  int_abs_dA=4.552e-12  A_min=0.001185  max_dA_fwd=-4.037e-06
  [shape] epoch  18750  rmse=0.00131  max_abs_dA=0.003465  int_signed_dA=5.908e-12  int_abs_dA=5.98e-12  A_min=0.001192  max_dA_fwd=-4.124e-06
  [shape] epoch  19000  rmse=0.0009273  max_abs_dA=0.002198  int_signed_dA=3.173e-12  int_abs_dA=4.43e-12  A_min=0.001157  max_dA_fwd=-4.011e-06
  [shape] epoch  19250  rmse=0.0009285  max_abs_dA=0.002186  int_signed_dA=3.26e-12  int_abs_dA=4.426e-12  A_min=0.001145  max_dA_fwd=-4.006e-06
  [shape] epoch  19500  rmse=0.0008558  max_abs_dA=0.00171  int_signed_dA=1.679e-12  int_abs_dA=4.052e-12  A_min=0.001105  max_dA_fwd=-3.916e-06
  [shape] epoch  19750  rmse=0.0008743  max_abs_dA=0.001715  int_signed_dA=2.231e-12  int_abs_dA=4.213e-12  A_min=0.001125  max_dA_fwd=-3.945e-06
  [shape] epoch  20000  rmse=0.0009503  max_abs_dA=0.00239  int_signed_dA=3.709e-12  int_abs_dA=4.434e-12  A_min=0.001128  max_dA_fwd=-3.972e-06
  [shape] epoch  20250  rmse=0.0008662  max_abs_dA=0.002111  int_signed_dA=2.965e-12  int_abs_dA=4.121e-12  A_min=0.001104  max_dA_fwd=-3.925e-06
  [shape] epoch  20500  rmse=0.0008494  max_abs_dA=0.001877  int_signed_dA=2.537e-12  int_abs_dA=4.081e-12  A_min=0.001096  max_dA_fwd=-3.913e-06
  [shape] epoch  20750  rmse=0.0008275  max_abs_dA=0.001801  int_signed_dA=2.326e-12  int_abs_dA=3.984e-12  A_min=0.001106  max_dA_fwd=-3.869e-06
  [shape] epoch  21000  rmse=0.0008252  max_abs_dA=0.001771  int_signed_dA=2.413e-12  int_abs_dA=3.966e-12  A_min=0.00108  max_dA_fwd=-3.874e-06
  [shape] epoch  21250  rmse=0.0008272  max_abs_dA=0.002046  int_signed_dA=2.794e-12  int_abs_dA=3.914e-12  A_min=0.00106  max_dA_fwd=-3.875e-06
  [shape] epoch  21500  rmse=0.0008627  max_abs_dA=0.002082  int_signed_dA=3.114e-12  int_abs_dA=4.077e-12  A_min=0.001081  max_dA_fwd=-3.875e-06
  [shape] epoch  21750  rmse=0.0007929  max_abs_dA=0.001714  int_signed_dA=2.079e-12  int_abs_dA=3.796e-12  A_min=0.001068  max_dA_fwd=-3.82e-06
  [shape] epoch  22000  rmse=0.0007909  max_abs_dA=0.001804  int_signed_dA=2.362e-12  int_abs_dA=3.777e-12  A_min=0.001052  max_dA_fwd=-3.824e-06
  [shape] epoch  22250  rmse=0.0008072  max_abs_dA=0.001938  int_signed_dA=2.703e-12  int_abs_dA=3.834e-12  A_min=0.001059  max_dA_fwd=-3.818e-06
  [shape] epoch  22500  rmse=0.0007949  max_abs_dA=0.001832  int_signed_dA=2.51e-12  int_abs_dA=3.802e-12  A_min=0.001064  max_dA_fwd=-3.8e-06
  [shape] epoch  22750  rmse=0.0008833  max_abs_dA=0.002231  int_signed_dA=3.49e-12  int_abs_dA=4.04e-12  A_min=0.001031  max_dA_fwd=-3.838e-06
  [shape] epoch  23000  rmse=0.0008105  max_abs_dA=0.002  int_signed_dA=6.153e-13  int_abs_dA=3.573e-12  A_min=0.001008  max_dA_fwd=-3.725e-06
  [shape] epoch  23250  rmse=0.0007866  max_abs_dA=0.001803  int_signed_dA=2.585e-12  int_abs_dA=3.728e-12  A_min=0.001029  max_dA_fwd=-3.78e-06
  [shape] epoch  23500  rmse=0.0007612  max_abs_dA=0.001805  int_signed_dA=2.455e-12  int_abs_dA=3.595e-12  A_min=0.001011  max_dA_fwd=-3.759e-06
  [shape] epoch  23750  rmse=0.0007865  max_abs_dA=0.001909  int_signed_dA=2.747e-12  int_abs_dA=3.692e-12  A_min=0.001019  max_dA_fwd=-3.76e-06
  [shape] epoch  24000  rmse=0.0007658  max_abs_dA=0.001876  int_signed_dA=2.606e-12  int_abs_dA=3.59e-12  A_min=0.001005  max_dA_fwd=-3.74e-06
  [shape] epoch  24250  rmse=0.0008134  max_abs_dA=0.002082  int_signed_dA=3.085e-12  int_abs_dA=3.715e-12  A_min=0.0009947  max_dA_fwd=-3.749e-06
  [shape] epoch  24500  rmse=0.0008587  max_abs_dA=0.002269  int_signed_dA=-6.323e-15  int_abs_dA=3.536e-12  A_min=0.0009922  max_dA_fwd=-3.646e-06
  [shape] epoch  24750  rmse=0.0008425  max_abs_dA=0.002106  int_signed_dA=3.304e-12  int_abs_dA=3.804e-12  A_min=0.000983  max_dA_fwd=-3.747e-06
  [shape] epoch  25000  rmse=0.000734  max_abs_dA=0.001724  int_signed_dA=2.348e-12  int_abs_dA=3.444e-12  A_min=0.0009865  max_dA_fwd=-3.692e-06
  [shape] epoch  25250  rmse=0.0007572  max_abs_dA=0.00188  int_signed_dA=2.692e-12  int_abs_dA=3.499e-12  A_min=0.0009836  max_dA_fwd=-3.69e-06
  [shape] epoch  25500  rmse=0.0006956  max_abs_dA=0.001473  int_signed_dA=1.78e-12  int_abs_dA=3.268e-12  A_min=0.0009757  max_dA_fwd=-3.65e-06
  [shape] epoch  25750  rmse=0.0006841  max_abs_dA=0.00148  int_signed_dA=1.209e-12  int_abs_dA=3.137e-12  A_min=0.0009554  max_dA_fwd=-3.625e-06
  [shape] epoch  26000  rmse=0.0007181  max_abs_dA=0.001672  int_signed_dA=2.324e-12  int_abs_dA=3.349e-12  A_min=0.0009715  max_dA_fwd=-3.651e-06
  [shape] epoch  26250  rmse=0.0006655  max_abs_dA=0.001517  int_signed_dA=1.064e-12  int_abs_dA=3.01e-12  A_min=0.0009451  max_dA_fwd=-3.592e-06
  [shape] epoch  26500  rmse=0.0006786  max_abs_dA=0.001533  int_signed_dA=1.865e-12  int_abs_dA=3.177e-12  A_min=0.0009706  max_dA_fwd=-3.609e-06
  [shape] epoch  26750  rmse=0.0007557  max_abs_dA=0.001844  int_signed_dA=2.775e-12  int_abs_dA=3.435e-12  A_min=0.0009625  max_dA_fwd=-3.638e-06
  [shape] epoch  27000  rmse=0.000675  max_abs_dA=0.001583  int_signed_dA=1.996e-12  int_abs_dA=3.138e-12  A_min=0.0009548  max_dA_fwd=-3.594e-06
  [shape] epoch  27250  rmse=0.0006564  max_abs_dA=0.00136  int_signed_dA=1.364e-12  int_abs_dA=3.023e-12  A_min=0.0009503  max_dA_fwd=-3.568e-06
  [shape] epoch  27500  rmse=0.0006619  max_abs_dA=0.001483  int_signed_dA=1.868e-12  int_abs_dA=3.073e-12  A_min=0.0009496  max_dA_fwd=-3.573e-06
  [shape] epoch  27750  rmse=0.0006824  max_abs_dA=0.001613  int_signed_dA=2.193e-12  int_abs_dA=3.146e-12  A_min=0.000951  max_dA_fwd=-3.574e-06
  [shape] epoch  28000  rmse=0.0007526  max_abs_dA=0.002129  int_signed_dA=-1.994e-13  int_abs_dA=2.915e-12  A_min=0.0009285  max_dA_fwd=-3.49e-06
  [shape] epoch  28250  rmse=0.0008143  max_abs_dA=0.002077  int_signed_dA=3.273e-12  int_abs_dA=3.566e-12  A_min=0.0009603  max_dA_fwd=-3.59e-06
  [shape] epoch  28500  rmse=0.0006241  max_abs_dA=0.001354  int_signed_dA=1.182e-12  int_abs_dA=2.822e-12  A_min=0.0009297  max_dA_fwd=-3.51e-06
  [shape] epoch  28750  rmse=0.0007533  max_abs_dA=0.001915  int_signed_dA=2.883e-12  int_abs_dA=3.342e-12  A_min=0.0009546  max_dA_fwd=-3.554e-06
  [shape] epoch  29000  rmse=0.0006385  max_abs_dA=0.001426  int_signed_dA=1.124e-12  int_abs_dA=2.875e-12  A_min=0.0009286  max_dA_fwd=-3.506e-06
  [shape] epoch  29250  rmse=0.000624  max_abs_dA=0.001354  int_signed_dA=1.231e-12  int_abs_dA=2.828e-12  A_min=0.0009352  max_dA_fwd=-3.489e-06
  [shape] epoch  29500  rmse=0.000765  max_abs_dA=0.002066  int_signed_dA=2.993e-12  int_abs_dA=3.277e-12  A_min=0.0009194  max_dA_fwd=-3.532e-06
  [shape] epoch  29750  rmse=0.0006142  max_abs_dA=0.001272  int_signed_dA=1.488e-12  int_abs_dA=2.784e-12  A_min=0.0009138  max_dA_fwd=-3.48e-06
  [shape] epoch  30000  rmse=0.0006726  max_abs_dA=0.001592  int_signed_dA=2.27e-12  int_abs_dA=3.02e-12  A_min=0.0009277  max_dA_fwd=-3.497e-06
  [shape] epoch  30250  rmse=0.0008783  max_abs_dA=0.0021  int_signed_dA=3.581e-12  int_abs_dA=3.716e-12  A_min=0.0009242  max_dA_fwd=-3.536e-06
  [shape] epoch  30500  rmse=0.0006017  max_abs_dA=0.001269  int_signed_dA=1.228e-12  int_abs_dA=2.696e-12  A_min=0.0009123  max_dA_fwd=-3.449e-06
  [shape] epoch  30750  rmse=0.0006248  max_abs_dA=0.001486  int_signed_dA=1.911e-12  int_abs_dA=2.8e-12  A_min=0.0009128  max_dA_fwd=-3.454e-06
  [shape] epoch  31000  rmse=0.0005777  max_abs_dA=0.00125  int_signed_dA=1.281e-12  int_abs_dA=2.571e-12  A_min=0.0009013  max_dA_fwd=-3.419e-06
  [shape] epoch  31250  rmse=0.0006275  max_abs_dA=0.00148  int_signed_dA=1.95e-12  int_abs_dA=2.808e-12  A_min=0.0009178  max_dA_fwd=-3.441e-06
  [shape] epoch  31500  rmse=0.0005889  max_abs_dA=0.00121  int_signed_dA=1.258e-12  int_abs_dA=2.62e-12  A_min=0.0009056  max_dA_fwd=-3.415e-06
  [shape] epoch  31750  rmse=0.0006025  max_abs_dA=0.001365  int_signed_dA=1.702e-12  int_abs_dA=2.689e-12  A_min=0.0009074  max_dA_fwd=-3.416e-06
  [shape] epoch  32000  rmse=0.0005771  max_abs_dA=0.001185  int_signed_dA=1.251e-12  int_abs_dA=2.554e-12  A_min=0.0009018  max_dA_fwd=-3.395e-06
  [shape] epoch  32250  rmse=0.0006218  max_abs_dA=0.001347  int_signed_dA=1.854e-12  int_abs_dA=2.76e-12  A_min=0.0009078  max_dA_fwd=-3.413e-06
  [shape] epoch  32500  rmse=0.0007028  max_abs_dA=0.001726  int_signed_dA=2.593e-12  int_abs_dA=3.014e-12  A_min=0.0009171  max_dA_fwd=-3.423e-06
  [shape] epoch  32750  rmse=0.0005886  max_abs_dA=0.001393  int_signed_dA=1.695e-12  int_abs_dA=2.593e-12  A_min=0.000903  max_dA_fwd=-3.378e-06
  [shape] epoch  33000  rmse=0.0005712  max_abs_dA=0.001238  int_signed_dA=1.417e-12  int_abs_dA=2.516e-12  A_min=0.0008998  max_dA_fwd=-3.365e-06
  [shape] epoch  33250  rmse=0.000575  max_abs_dA=0.001266  int_signed_dA=1.473e-12  int_abs_dA=2.529e-12  A_min=0.0008994  max_dA_fwd=-3.364e-06
  [shape] epoch  33500  rmse=0.0005874  max_abs_dA=0.001322  int_signed_dA=1.652e-12  int_abs_dA=2.573e-12  A_min=0.0008988  max_dA_fwd=-3.363e-06
  [shape] epoch  33750  rmse=0.0006026  max_abs_dA=0.001464  int_signed_dA=1.893e-12  int_abs_dA=2.61e-12  A_min=0.0009008  max_dA_fwd=-3.358e-06
  [shape] epoch  34000  rmse=0.0005658  max_abs_dA=0.001412  int_signed_dA=6.481e-13  int_abs_dA=2.346e-12  A_min=0.0008822  max_dA_fwd=-3.327e-06
  [shape] epoch  34250  rmse=0.0005852  max_abs_dA=0.001343  int_signed_dA=1.694e-12  int_abs_dA=2.538e-12  A_min=0.0008954  max_dA_fwd=-3.343e-06
  [shape] epoch  34500  rmse=0.0005904  max_abs_dA=0.001348  int_signed_dA=1.746e-12  int_abs_dA=2.558e-12  A_min=0.0008981  max_dA_fwd=-3.341e-06
  [shape] epoch  34750  rmse=0.000568  max_abs_dA=0.001502  int_signed_dA=5.287e-13  int_abs_dA=2.321e-12  A_min=0.0008935  max_dA_fwd=-3.304e-06
  [shape] epoch  35000  rmse=0.0005908  max_abs_dA=0.001328  int_signed_dA=1.745e-12  int_abs_dA=2.547e-12  A_min=0.0008949  max_dA_fwd=-3.332e-06
  [shape] epoch  35250  rmse=0.0005595  max_abs_dA=0.001267  int_signed_dA=1.478e-12  int_abs_dA=2.412e-12  A_min=0.0008956  max_dA_fwd=-3.309e-06
  [shape] epoch  35500  rmse=0.0005565  max_abs_dA=0.001206  int_signed_dA=1.419e-12  int_abs_dA=2.395e-12  A_min=0.0008938  max_dA_fwd=-3.304e-06
  [shape] epoch  35750  rmse=0.0005658  max_abs_dA=0.001235  int_signed_dA=1.526e-12  int_abs_dA=2.428e-12  A_min=0.0008927  max_dA_fwd=-3.306e-06
  [shape] epoch  36000  rmse=0.0005425  max_abs_dA=0.001174  int_signed_dA=1.272e-12  int_abs_dA=2.32e-12  A_min=0.0008914  max_dA_fwd=-3.29e-06
  [shape] epoch  36250  rmse=0.00053  max_abs_dA=0.001137  int_signed_dA=1.043e-12  int_abs_dA=2.239e-12  A_min=0.0008873  max_dA_fwd=-3.279e-06
  [shape] epoch  36500  rmse=0.0006068  max_abs_dA=0.001436  int_signed_dA=1.966e-12  int_abs_dA=2.534e-12  A_min=0.0008888  max_dA_fwd=-3.303e-06
  [shape] epoch  36750  rmse=0.0005315  max_abs_dA=0.001094  int_signed_dA=1.151e-12  int_abs_dA=2.244e-12  A_min=0.0008857  max_dA_fwd=-3.271e-06
  [shape] epoch  37000  rmse=0.0005732  max_abs_dA=0.001274  int_signed_dA=1.663e-12  int_abs_dA=2.421e-12  A_min=0.0008905  max_dA_fwd=-3.287e-06
  [shape] epoch  37250  rmse=0.0006159  max_abs_dA=0.001379  int_signed_dA=2.006e-12  int_abs_dA=2.581e-12  A_min=0.0008987  max_dA_fwd=-3.296e-06
  [shape] epoch  37500  rmse=0.0005591  max_abs_dA=0.00123  int_signed_dA=1.546e-12  int_abs_dA=2.364e-12  A_min=0.0008926  max_dA_fwd=-3.274e-06
  [shape] epoch  37750  rmse=0.0005623  max_abs_dA=0.001317  int_signed_dA=1.65e-12  int_abs_dA=2.349e-12  A_min=0.00089  max_dA_fwd=-3.266e-06
  [shape] epoch  38000  rmse=0.0005368  max_abs_dA=0.00112  int_signed_dA=1.297e-12  int_abs_dA=2.254e-12  A_min=0.0008863  max_dA_fwd=-3.259e-06
  [shape] epoch  38250  rmse=0.0005369  max_abs_dA=0.001115  int_signed_dA=1.304e-12  int_abs_dA=2.255e-12  A_min=0.0008884  max_dA_fwd=-3.256e-06
  [shape] epoch  38500  rmse=0.0005288  max_abs_dA=0.00105  int_signed_dA=1.149e-12  int_abs_dA=2.219e-12  A_min=0.000892  max_dA_fwd=-3.249e-06
  [shape] epoch  38750  rmse=0.0005584  max_abs_dA=0.00123  int_signed_dA=1.585e-12  int_abs_dA=2.313e-12  A_min=0.0008831  max_dA_fwd=-3.258e-06
  [shape] epoch  39000  rmse=0.0005326  max_abs_dA=0.001068  int_signed_dA=1.253e-12  int_abs_dA=2.225e-12  A_min=0.0008875  max_dA_fwd=-3.248e-06
  [shape] epoch  39250  rmse=0.0005243  max_abs_dA=0.001063  int_signed_dA=1.19e-12  int_abs_dA=2.186e-12  A_min=0.000889  max_dA_fwd=-3.241e-06
  [shape] epoch  39500  rmse=0.0005423  max_abs_dA=0.001194  int_signed_dA=1.469e-12  int_abs_dA=2.252e-12  A_min=0.0008872  max_dA_fwd=-3.247e-06
  [shape] epoch  39750  rmse=0.0005301  max_abs_dA=0.001081  int_signed_dA=1.284e-12  int_abs_dA=2.205e-12  A_min=0.0008884  max_dA_fwd=-3.24e-06
  [shape] epoch  40000  rmse=0.0005153  max_abs_dA=0.001051  int_signed_dA=1.147e-12  int_abs_dA=2.134e-12  A_min=0.0008892  max_dA_fwd=-3.229e-06
  [shape] epoch  40250  rmse=0.0005437  max_abs_dA=0.001186  int_signed_dA=1.5e-12  int_abs_dA=2.256e-12  A_min=0.0008921  max_dA_fwd=-3.242e-06
  [shape] epoch  40500  rmse=0.000522  max_abs_dA=0.001054  int_signed_dA=1.231e-12  int_abs_dA=2.17e-12  A_min=0.0008931  max_dA_fwd=-3.232e-06
  [shape] epoch  40750  rmse=0.0005387  max_abs_dA=0.001218  int_signed_dA=1.516e-12  int_abs_dA=2.225e-12  A_min=0.0008931  max_dA_fwd=-3.235e-06
  [shape] epoch  41000  rmse=0.0005549  max_abs_dA=0.001178  int_signed_dA=1.596e-12  int_abs_dA=2.291e-12  A_min=0.0008932  max_dA_fwd=-3.242e-06
  [shape] epoch  41250  rmse=0.0005386  max_abs_dA=0.001137  int_signed_dA=1.458e-12  int_abs_dA=2.227e-12  A_min=0.0008917  max_dA_fwd=-3.237e-06
  [shape] epoch  41500  rmse=0.0005281  max_abs_dA=0.001106  int_signed_dA=1.371e-12  int_abs_dA=2.184e-12  A_min=0.0008914  max_dA_fwd=-3.233e-06
  [shape] epoch  41750  rmse=0.0005295  max_abs_dA=0.001098  int_signed_dA=1.383e-12  int_abs_dA=2.187e-12  A_min=0.0008915  max_dA_fwd=-3.234e-06
  [shape] epoch  42000  rmse=0.0005239  max_abs_dA=0.001063  int_signed_dA=1.32e-12  int_abs_dA=2.165e-12  A_min=0.0008913  max_dA_fwd=-3.233e-06
  [shape] epoch  42250  rmse=0.0005196  max_abs_dA=0.001058  int_signed_dA=1.3e-12  int_abs_dA=2.147e-12  A_min=0.0008933  max_dA_fwd=-3.23e-06
  [shape] epoch  42500  rmse=0.0005282  max_abs_dA=0.001089  int_signed_dA=1.394e-12  int_abs_dA=2.176e-12  A_min=0.0008897  max_dA_fwd=-3.236e-06
  [shape] epoch  42750  rmse=0.0005204  max_abs_dA=0.001057  int_signed_dA=1.324e-12  int_abs_dA=2.152e-12  A_min=0.0008939  max_dA_fwd=-3.233e-06
  [shape] epoch  43000  rmse=0.0005154  max_abs_dA=0.001047  int_signed_dA=1.286e-12  int_abs_dA=2.13e-12  A_min=0.0008933  max_dA_fwd=-3.233e-06
  [shape] epoch  43250  rmse=0.0005294  max_abs_dA=0.001089  int_signed_dA=1.439e-12  int_abs_dA=2.19e-12  A_min=0.0008973  max_dA_fwd=-3.238e-06
  [shape] epoch  43500  rmse=0.0005223  max_abs_dA=0.001058  int_signed_dA=1.353e-12  int_abs_dA=2.163e-12  A_min=0.0008979  max_dA_fwd=-3.236e-06
  [shape] epoch  43750  rmse=0.0005249  max_abs_dA=0.001128  int_signed_dA=1.46e-12  int_abs_dA=2.177e-12  A_min=0.0009017  max_dA_fwd=-3.238e-06
  [shape] epoch  44000  rmse=0.0005464  max_abs_dA=0.001198  int_signed_dA=1.656e-12  int_abs_dA=2.247e-12  A_min=0.0009003  max_dA_fwd=-3.245e-06
  [shape] epoch  44250  rmse=0.0004957  max_abs_dA=0.001024  int_signed_dA=1.021e-12  int_abs_dA=2.036e-12  A_min=0.0008937  max_dA_fwd=-3.231e-06
  [shape] epoch  44500  rmse=0.0005002  max_abs_dA=0.0009821  int_signed_dA=1.111e-12  int_abs_dA=2.067e-12  A_min=0.0008961  max_dA_fwd=-3.237e-06
  [shape] epoch  44750  rmse=0.0005177  max_abs_dA=0.001054  int_signed_dA=1.367e-12  int_abs_dA=2.147e-12  A_min=0.0008982  max_dA_fwd=-3.246e-06
  [shape] epoch  45000  rmse=0.0005246  max_abs_dA=0.001078  int_signed_dA=1.453e-12  int_abs_dA=2.178e-12  A_min=0.0008998  max_dA_fwd=-3.251e-06
  [shape] epoch  45250  rmse=0.0005336  max_abs_dA=0.00113  int_signed_dA=1.573e-12  int_abs_dA=2.202e-12  A_min=0.0008986  max_dA_fwd=-3.255e-06
  [shape] epoch  45500  rmse=0.0005104  max_abs_dA=0.001032  int_signed_dA=1.319e-12  int_abs_dA=2.125e-12  A_min=0.0008999  max_dA_fwd=-3.251e-06
  [shape] epoch  45750  rmse=0.0005155  max_abs_dA=0.001053  int_signed_dA=1.41e-12  int_abs_dA=2.147e-12  A_min=0.000902  max_dA_fwd=-3.255e-06
  [shape] epoch  46000  rmse=0.0004836  max_abs_dA=0.001116  int_signed_dA=8.412e-13  int_abs_dA=1.977e-12  A_min=0.0008968  max_dA_fwd=-3.243e-06
  [shape] epoch  46250  rmse=0.0005389  max_abs_dA=0.001133  int_signed_dA=1.642e-12  int_abs_dA=2.233e-12  A_min=0.0009019  max_dA_fwd=-3.269e-06
  [shape] epoch  46500  rmse=0.0005073  max_abs_dA=0.001029  int_signed_dA=1.35e-12  int_abs_dA=2.121e-12  A_min=0.0009025  max_dA_fwd=-3.263e-06
  [shape] epoch  46750  rmse=0.000524  max_abs_dA=0.001084  int_signed_dA=1.521e-12  int_abs_dA=2.193e-12  A_min=0.0009053  max_dA_fwd=-3.273e-06
  [shape] epoch  47000  rmse=0.0005112  max_abs_dA=0.001043  int_signed_dA=1.418e-12  int_abs_dA=2.146e-12  A_min=0.0009055  max_dA_fwd=-3.272e-06
  [shape] epoch  47250  rmse=0.0005144  max_abs_dA=0.001056  int_signed_dA=1.434e-12  int_abs_dA=2.156e-12  A_min=0.0009025  max_dA_fwd=-3.278e-06
  [shape] epoch  47500  rmse=0.0005026  max_abs_dA=0.001015  int_signed_dA=1.331e-12  int_abs_dA=2.115e-12  A_min=0.0009044  max_dA_fwd=-3.277e-06
  [shape] epoch  47750  rmse=0.0005034  max_abs_dA=0.001016  int_signed_dA=1.332e-12  int_abs_dA=2.122e-12  A_min=0.0009041  max_dA_fwd=-3.283e-06
  [shape] epoch  48000  rmse=0.0004967  max_abs_dA=0.000992  int_signed_dA=1.282e-12  int_abs_dA=2.097e-12  A_min=0.0009043  max_dA_fwd=-3.284e-06
  [shape] epoch  48250  rmse=0.0005237  max_abs_dA=0.001087  int_signed_dA=1.586e-12  int_abs_dA=2.205e-12  A_min=0.0009072  max_dA_fwd=-3.297e-06
  [shape] epoch  48500  rmse=0.0005236  max_abs_dA=0.001087  int_signed_dA=1.588e-12  int_abs_dA=2.207e-12  A_min=0.0009067  max_dA_fwd=-3.301e-06
  [shape] epoch  48750  rmse=0.0005014  max_abs_dA=0.001014  int_signed_dA=1.373e-12  int_abs_dA=2.127e-12  A_min=0.0009063  max_dA_fwd=-3.299e-06
  [shape] epoch  49000  rmse=0.0004953  max_abs_dA=0.0009925  int_signed_dA=1.317e-12  int_abs_dA=2.104e-12  A_min=0.0009054  max_dA_fwd=-3.301e-06
  [shape] epoch  49250  rmse=0.0004945  max_abs_dA=0.000988  int_signed_dA=1.298e-12  int_abs_dA=2.103e-12  A_min=0.0009051  max_dA_fwd=-3.306e-06
  [shape] epoch  49500  rmse=0.0005002  max_abs_dA=0.001012  int_signed_dA=1.383e-12  int_abs_dA=2.131e-12  A_min=0.0009059  max_dA_fwd=-3.313e-06
  [shape] epoch  49750  rmse=0.0005242  max_abs_dA=0.001089  int_signed_dA=1.629e-12  int_abs_dA=2.224e-12  A_min=0.0009073  max_dA_fwd=-3.325e-06
  [shape] epoch  50000  rmse=0.0005023  max_abs_dA=0.00102  int_signed_dA=1.422e-12  int_abs_dA=2.147e-12  A_min=0.0009065  max_dA_fwd=-3.324e-06
  [shape] epoch  50250  rmse=0.0004916  max_abs_dA=0.000974  int_signed_dA=1.29e-12  int_abs_dA=2.109e-12  A_min=0.000907  max_dA_fwd=-3.325e-06
  [shape] epoch  50500  rmse=0.0004968  max_abs_dA=0.0009997  int_signed_dA=1.383e-12  int_abs_dA=2.132e-12  A_min=0.0009065  max_dA_fwd=-3.332e-06
  [shape] epoch  50750  rmse=0.0005008  max_abs_dA=0.001014  int_signed_dA=1.43e-12  int_abs_dA=2.152e-12  A_min=0.000907  max_dA_fwd=-3.338e-06
  [shape] epoch  51000  rmse=0.000493  max_abs_dA=0.0009885  int_signed_dA=1.374e-12  int_abs_dA=2.122e-12  A_min=0.000906  max_dA_fwd=-3.34e-06
  [shape] epoch  51250  rmse=0.0005051  max_abs_dA=0.001029  int_signed_dA=1.501e-12  int_abs_dA=2.175e-12  A_min=0.0009073  max_dA_fwd=-3.35e-06
  [shape] epoch  51500  rmse=0.0005007  max_abs_dA=0.001015  int_signed_dA=1.467e-12  int_abs_dA=2.161e-12  A_min=0.0009069  max_dA_fwd=-3.353e-06
  [shape] epoch  51750  rmse=0.0004977  max_abs_dA=0.001003  int_signed_dA=1.435e-12  int_abs_dA=2.153e-12  A_min=0.0009068  max_dA_fwd=-3.357e-06
  [shape] epoch  52000  rmse=0.0004959  max_abs_dA=0.0009977  int_signed_dA=1.433e-12  int_abs_dA=2.149e-12  A_min=0.0009066  max_dA_fwd=-3.362e-06
  [shape] epoch  52250  rmse=0.0004926  max_abs_dA=0.0009865  int_signed_dA=1.41e-12  int_abs_dA=2.138e-12  A_min=0.0009059  max_dA_fwd=-3.366e-06
  [shape] epoch  52500  rmse=0.0005063  max_abs_dA=0.001032  int_signed_dA=1.552e-12  int_abs_dA=2.196e-12  A_min=0.0009071  max_dA_fwd=-3.376e-06
  [shape] epoch  52750  rmse=0.0004989  max_abs_dA=0.001008  int_signed_dA=1.491e-12  int_abs_dA=2.17e-12  A_min=0.0009062  max_dA_fwd=-3.378e-06
  [shape] epoch  53000  rmse=0.0005036  max_abs_dA=0.001023  int_signed_dA=1.535e-12  int_abs_dA=2.192e-12  A_min=0.0009061  max_dA_fwd=-3.385e-06
  [shape] epoch  53250  rmse=0.0004954  max_abs_dA=0.0009958  int_signed_dA=1.471e-12  int_abs_dA=2.162e-12  A_min=0.0009053  max_dA_fwd=-3.388e-06
  [shape] epoch  53500  rmse=0.00049  max_abs_dA=0.0009768  int_signed_dA=1.426e-12  int_abs_dA=2.144e-12  A_min=0.0009048  max_dA_fwd=-3.391e-06
  [shape] epoch  53750  rmse=0.0004927  max_abs_dA=0.0009875  int_signed_dA=1.458e-12  int_abs_dA=2.155e-12  A_min=0.0009032  max_dA_fwd=-3.397e-06
  [shape] epoch  54000  rmse=0.0004834  max_abs_dA=0.0009496  int_signed_dA=1.358e-12  int_abs_dA=2.123e-12  A_min=0.000904  max_dA_fwd=-3.399e-06
  [shape] epoch  54250  rmse=0.0005028  max_abs_dA=0.00102  int_signed_dA=1.577e-12  int_abs_dA=2.2e-12  A_min=0.0009038  max_dA_fwd=-3.41e-06
  [shape] epoch  54500  rmse=0.0004833  max_abs_dA=0.0009538  int_signed_dA=1.394e-12  int_abs_dA=2.127e-12  A_min=0.0009022  max_dA_fwd=-3.409e-06
  [shape] epoch  54750  rmse=0.0004841  max_abs_dA=0.0009557  int_signed_dA=1.413e-12  int_abs_dA=2.135e-12  A_min=0.000903  max_dA_fwd=-3.414e-06
  [shape] epoch  55000  rmse=0.0004848  max_abs_dA=0.0009583  int_signed_dA=1.429e-12  int_abs_dA=2.14e-12  A_min=0.0009027  max_dA_fwd=-3.419e-06
  [shape] epoch  55250  rmse=0.0004929  max_abs_dA=0.0009853  int_signed_dA=1.507e-12  int_abs_dA=2.175e-12  A_min=0.0009022  max_dA_fwd=-3.427e-06
  [shape] epoch  55500  rmse=0.0005012  max_abs_dA=0.001011  int_signed_dA=1.589e-12  int_abs_dA=2.21e-12  A_min=0.0009026  max_dA_fwd=-3.435e-06
  [shape] epoch  55750  rmse=0.0004828  max_abs_dA=0.0009509  int_signed_dA=1.426e-12  int_abs_dA=2.139e-12  A_min=0.0009003  max_dA_fwd=-3.434e-06
  [shape] epoch  56000  rmse=0.0005106  max_abs_dA=0.001038  int_signed_dA=1.678e-12  int_abs_dA=2.249e-12  A_min=0.0009016  max_dA_fwd=-3.448e-06
  [shape] epoch  56250  rmse=0.0004905  max_abs_dA=0.0009768  int_signed_dA=1.509e-12  int_abs_dA=2.174e-12  A_min=0.0008994  max_dA_fwd=-3.446e-06
  [shape] epoch  56500  rmse=0.0004908  max_abs_dA=0.0009761  int_signed_dA=1.516e-12  int_abs_dA=2.18e-12  A_min=0.0008997  max_dA_fwd=-3.451e-06
  [shape] epoch  56750  rmse=0.0004877  max_abs_dA=0.0009683  int_signed_dA=1.511e-12  int_abs_dA=2.168e-12  A_min=0.0008984  max_dA_fwd=-3.455e-06
  [shape] epoch  57000  rmse=0.000482  max_abs_dA=0.0009467  int_signed_dA=1.453e-12  int_abs_dA=2.148e-12  A_min=0.000898  max_dA_fwd=-3.458e-06
  [shape] epoch  57250  rmse=0.0004834  max_abs_dA=0.0009488  int_signed_dA=1.458e-12  int_abs_dA=2.157e-12  A_min=0.0008977  max_dA_fwd=-3.463e-06
  [shape] epoch  57500  rmse=0.000485  max_abs_dA=0.0009561  int_signed_dA=1.491e-12  int_abs_dA=2.165e-12  A_min=0.0008968  max_dA_fwd=-3.468e-06
  [shape] epoch  57750  rmse=0.0004824  max_abs_dA=0.000947  int_signed_dA=1.471e-12  int_abs_dA=2.157e-12  A_min=0.0008959  max_dA_fwd=-3.472e-06
  [shape] epoch  58000  rmse=0.0004873  max_abs_dA=0.0009645  int_signed_dA=1.528e-12  int_abs_dA=2.177e-12  A_min=0.000895  max_dA_fwd=-3.479e-06
  [shape] epoch  58250  rmse=0.0004833  max_abs_dA=0.0009491  int_signed_dA=1.487e-12  int_abs_dA=2.165e-12  A_min=0.0008946  max_dA_fwd=-3.482e-06
  [shape] epoch  58500  rmse=0.0004848  max_abs_dA=0.0009544  int_signed_dA=1.516e-12  int_abs_dA=2.173e-12  A_min=0.0008944  max_dA_fwd=-3.487e-06
  [shape] epoch  58750  rmse=0.0004863  max_abs_dA=0.0009592  int_signed_dA=1.535e-12  int_abs_dA=2.18e-12  A_min=0.0008936  max_dA_fwd=-3.492e-06
  [shape] epoch  59000  rmse=0.0004798  max_abs_dA=0.0009387  int_signed_dA=1.496e-12  int_abs_dA=2.157e-12  A_min=0.000893  max_dA_fwd=-3.494e-06
  [shape] epoch  59250  rmse=0.0004809  max_abs_dA=0.0009412  int_signed_dA=1.499e-12  int_abs_dA=2.162e-12  A_min=0.0008917  max_dA_fwd=-3.499e-06
  [shape] epoch  59500  rmse=0.0004818  max_abs_dA=0.0009428  int_signed_dA=1.512e-12  int_abs_dA=2.169e-12  A_min=0.0008917  max_dA_fwd=-3.504e-06
  [shape] epoch  59750  rmse=0.0004862  max_abs_dA=0.0009579  int_signed_dA=1.561e-12  int_abs_dA=2.187e-12  A_min=0.0008908  max_dA_fwd=-3.51e-06
  [shape] epoch  59999  rmse=0.000496  max_abs_dA=0.0009874  int_signed_dA=1.663e-12  int_abs_dA=2.227e-12  A_min=0.0008917  max_dA_fwd=-3.518e-06
[spectral-pn] spn-L1.0-s0: loss 3.927e-02 -> 6.051e-08 (x649025 drop)
[spectral-pn] RMSE=0.0005 max|dA|=0.0010 gamma_eff=1.3351e+09 gamma_ratio=0.9978
[spectral-pn] snapshot=final best_epoch=59999 best_loss=6.051e-08 final_loss=6.051e-08
[spectral-pn-shape] cancel=0.747 int_signed_dA=1.6627e-12 int_abs_dA=2.2267e-12 A_min=8.9173e-04 max_dA_fwd=-3.5175e-06
[spectral-pn] saved: runs/transient/pn_sumrule_adoption/seedrep_L1.0_1d_s0
