[spectral-pn] case: L=0.1 um, Nk=20, L_max=8, run=20260814_005252
[spectral-pn] window t_end=2.335e-10 s (34.9 tau_ref), gamma_dom=2.9978e+10 Hz
[spectral-pn] window mode=n_decay rule=n_decay (t_1% at 0.01*A0: nan s; n_dec=7/gamma_dom: 2.3350e-10 s)
  epoch      0  residual 4.495e-03
  epoch    250  residual 4.779e-05
  epoch    500  residual 1.502e-05
  epoch    750  residual 9.118e-06
  epoch   1000  residual 6.596e-06
  epoch   1250  residual 5.265e-06
  epoch   1500  residual 4.482e-06
  epoch   1750  residual 3.685e-06
  epoch   2000  residual 4.793e-06
  epoch   2250  residual 2.797e-06
  epoch   2500  residual 2.509e-06
  epoch   2750  residual 2.276e-06
  epoch   3000  residual 2.395e-06
  epoch   3250  residual 1.927e-06
  epoch   3500  residual 1.792e-06
  epoch   3750  residual 1.817e-06
  epoch   4000  residual 1.606e-06
  epoch   4250  residual 1.593e-06
  epoch   4500  residual 1.922e-06
  epoch   4750  residual 1.435e-06
  epoch   5000  residual 1.197e-06
  epoch   5250  residual 1.131e-06
  epoch   5500  residual 1.318e-06
  epoch   5750  residual 1.003e-06
  epoch   6000  residual 2.641e-06
  epoch   6250  residual 9.090e-07
  epoch   6500  residual 1.268e-06
  epoch   6750  residual 1.010e-06
  epoch   7000  residual 1.151e-06
  epoch   7250  residual 7.601e-07
  epoch   7500  residual 7.276e-07
  epoch   7750  residual 6.711e-07
  epoch   8000  residual 8.557e-07
  epoch   8250  residual 1.365e-06
  epoch   8500  residual 6.904e-07
  epoch   8750  residual 6.040e-07
  epoch   9000  residual 1.398e-06
  epoch   9250  residual 7.904e-07
  epoch   9500  residual 4.709e-07
  epoch   9750  residual 9.980e-07
  epoch  10000  residual 4.576e-07
  epoch  10250  residual 4.159e-07
  epoch  10500  residual 5.868e-07
  epoch  10750  residual 3.799e-07
  epoch  11000  residual 8.349e-07
  epoch  11250  residual 3.678e-07
  epoch  11500  residual 3.824e-07
  epoch  11750  residual 3.503e-07
  epoch  12000  residual 6.556e-07
  epoch  12250  residual 3.359e-07
  epoch  12500  residual 3.066e-07
  epoch  12750  residual 3.942e-07
  epoch  13000  residual 3.632e-07
  epoch  13250  residual 5.195e-07
  epoch  13500  residual 3.261e-07
  epoch  13750  residual 2.818e-07
  epoch  14000  residual 5.389e-07
  epoch  14250  residual 2.685e-07
  epoch  14500  residual 2.527e-07
  epoch  14750  residual 2.433e-07
  epoch  15000  residual 2.507e-07
  epoch  15250  residual 4.430e-07
  epoch  15500  residual 2.852e-07
  epoch  15750  residual 3.014e-07
  epoch  16000  residual 2.227e-07
  epoch  16250  residual 2.153e-07
  epoch  16500  residual 2.153e-07
  epoch  16750  residual 2.850e-07
  epoch  17000  residual 2.226e-07
  epoch  17250  residual 3.525e-07
  epoch  17500  residual 2.129e-07
  epoch  17750  residual 2.349e-07
  epoch  18000  residual 3.394e-07
  epoch  18250  residual 2.371e-07
  epoch  18500  residual 1.906e-07
  epoch  18750  residual 1.955e-07
  epoch  19000  residual 2.725e-07
  epoch  19250  residual 2.118e-07
  epoch  19500  residual 4.858e-07
  epoch  19750  residual 2.000e-07
  epoch  20000  residual 2.088e-07
  epoch  20250  residual 1.594e-07
  epoch  20500  residual 1.585e-07
  epoch  20750  residual 1.647e-07
  epoch  21000  residual 2.271e-07
  epoch  21250  residual 1.820e-07
  epoch  21500  residual 1.543e-07
  epoch  21750  residual 1.551e-07
  epoch  22000  residual 1.392e-07
  epoch  22250  residual 1.991e-07
  epoch  22500  residual 1.399e-07
  epoch  22750  residual 3.009e-07
  epoch  23000  residual 1.455e-07
  epoch  23250  residual 1.399e-07
  epoch  23500  residual 1.336e-07
  epoch  23750  residual 1.253e-07
  epoch  24000  residual 1.676e-07
  epoch  24250  residual 1.729e-07
  epoch  24500  residual 1.817e-07
  epoch  24750  residual 1.541e-07
  epoch  25000  residual 1.279e-07
  epoch  25250  residual 2.252e-07
  epoch  25500  residual 1.957e-07
  epoch  25750  residual 1.183e-07
  epoch  26000  residual 1.164e-07
  epoch  26250  residual 1.305e-07
  epoch  26500  residual 1.201e-07
  epoch  26750  residual 1.404e-07
  epoch  27000  residual 2.008e-07
  epoch  27250  residual 1.084e-07
  epoch  27500  residual 1.214e-07
  epoch  27750  residual 1.408e-07
  epoch  28000  residual 1.404e-07
  epoch  28250  residual 1.382e-07
  epoch  28500  residual 1.109e-07
  epoch  28750  residual 1.597e-07
  epoch  29000  residual 1.105e-07
  epoch  29250  residual 1.672e-07
  epoch  29500  residual 1.819e-07
  epoch  29750  residual 1.538e-07
  epoch  30000  residual 1.166e-07
  epoch  30250  residual 9.234e-08
  epoch  30500  residual 9.251e-08
  epoch  30750  residual 1.129e-07
  epoch  31000  residual 1.114e-07
  epoch  31250  residual 1.159e-07
  epoch  31500  residual 1.098e-07
  epoch  31750  residual 9.827e-08
  epoch  32000  residual 1.170e-07
  epoch  32250  residual 1.441e-07
  epoch  32500  residual 9.120e-08
  epoch  32750  residual 1.102e-07
  epoch  33000  residual 8.707e-08
  epoch  33250  residual 9.597e-08
  epoch  33500  residual 9.829e-08
  epoch  33750  residual 1.009e-07
  epoch  34000  residual 1.768e-07
  epoch  34250  residual 9.518e-08
  epoch  34500  residual 7.817e-08
  epoch  34750  residual 7.581e-08
  epoch  35000  residual 7.910e-08
  epoch  35250  residual 8.746e-08
  epoch  35500  residual 1.341e-07
  epoch  35750  residual 7.640e-08
  epoch  36000  residual 9.060e-08
  epoch  36250  residual 7.638e-08
  epoch  36500  residual 8.499e-08
  epoch  36750  residual 7.801e-08
  epoch  37000  residual 7.815e-08
  epoch  37250  residual 8.434e-08
  epoch  37500  residual 8.503e-08
  epoch  37750  residual 9.650e-08
  epoch  38000  residual 6.881e-08
  epoch  38250  residual 7.108e-08
  epoch  38500  residual 7.075e-08
  epoch  38750  residual 7.585e-08
  epoch  39000  residual 1.170e-07
  epoch  39250  residual 6.683e-08
  epoch  39500  residual 7.194e-08
  epoch  39750  residual 6.996e-08
  epoch  40000  residual 8.395e-08
  epoch  40250  residual 6.854e-08
  epoch  40500  residual 6.936e-08
  epoch  40750  residual 8.852e-08
  epoch  41000  residual 6.630e-08
  epoch  41250  residual 6.485e-08
  epoch  41500  residual 6.411e-08
  epoch  41750  residual 6.582e-08
  epoch  42000  residual 8.743e-08
  epoch  42250  residual 6.462e-08
  epoch  42500  residual 6.769e-08
  epoch  42750  residual 7.968e-08
  epoch  43000  residual 6.381e-08
  epoch  43250  residual 6.274e-08
  epoch  43500  residual 6.495e-08
  epoch  43750  residual 6.251e-08
  epoch  44000  residual 6.422e-08
  epoch  44250  residual 6.080e-08
  epoch  44500  residual 5.918e-08
  epoch  44750  residual 5.974e-08
  epoch  45000  residual 5.967e-08
  epoch  45250  residual 5.986e-08
  epoch  45500  residual 6.500e-08
  epoch  45750  residual 5.761e-08
  epoch  46000  residual 5.814e-08
  epoch  46250  residual 5.834e-08
  epoch  46500  residual 5.997e-08
  epoch  46750  residual 5.836e-08
  epoch  47000  residual 5.657e-08
  epoch  47250  residual 5.655e-08
  epoch  47500  residual 6.006e-08
  epoch  47750  residual 5.573e-08
  epoch  48000  residual 5.693e-08
  epoch  48250  residual 5.749e-08
  epoch  48500  residual 6.138e-08
  epoch  48750  residual 5.476e-08
  epoch  49000  residual 5.524e-08
  epoch  49250  residual 5.473e-08
  epoch  49500  residual 5.411e-08
  epoch  49750  residual 5.391e-08
  epoch  50000  residual 5.437e-08
  epoch  50250  residual 5.357e-08
  epoch  50500  residual 5.395e-08
  epoch  50750  residual 5.299e-08
  epoch  51000  residual 5.322e-08
  epoch  51250  residual 5.261e-08
  epoch  51500  residual 5.279e-08
  epoch  51750  residual 5.229e-08
  epoch  52000  residual 5.292e-08
  epoch  52250  residual 5.291e-08
  epoch  52500  residual 5.175e-08
  epoch  52750  residual 5.188e-08
  epoch  53000  residual 5.175e-08
  epoch  53250  residual 5.166e-08
  epoch  53500  residual 5.120e-08
  epoch  53750  residual 5.126e-08
  epoch  54000  residual 5.117e-08
  epoch  54250  residual 5.122e-08
  epoch  54500  residual 5.172e-08
  epoch  54750  residual 5.020e-08
  epoch  55000  residual 5.016e-08
  epoch  55250  residual 5.024e-08
  epoch  55500  residual 5.009e-08
  epoch  55750  residual 4.974e-08
  epoch  56000  residual 4.945e-08
  epoch  56250  residual 4.941e-08
  epoch  56500  residual 4.973e-08
  epoch  56750  residual 4.904e-08
  epoch  57000  residual 4.899e-08
  epoch  57250  residual 4.876e-08
  epoch  57500  residual 4.867e-08
  epoch  57750  residual 4.849e-08
  epoch  58000  residual 4.868e-08
  epoch  58250  residual 4.829e-08
  epoch  58500  residual 4.812e-08
  epoch  58750  residual 4.861e-08
  epoch  59000  residual 4.845e-08
  epoch  59250  residual 4.773e-08
  epoch  59500  residual 4.782e-08
  epoch  59750  residual 4.749e-08
  epoch  59999  residual 4.750e-08
  [gamma] epoch      0  gamma_ratio 0.8835  residual 4.495e-03
  [gamma] epoch    250  gamma_ratio 0.8670  residual 4.779e-05
  [gamma] epoch    500  gamma_ratio 0.9313  residual 1.502e-05
  [gamma] epoch    750  gamma_ratio 0.9442  residual 9.118e-06
  [gamma] epoch   1000  gamma_ratio 0.9528  residual 6.596e-06
  [gamma] epoch   1250  gamma_ratio 0.9626  residual 5.265e-06
  [gamma] epoch   1500  gamma_ratio 0.9678  residual 4.482e-06
  [gamma] epoch   1750  gamma_ratio 0.9713  residual 3.685e-06
  [gamma] epoch   2000  gamma_ratio 0.9691  residual 4.793e-06
  [gamma] epoch   2250  gamma_ratio 0.9736  residual 2.797e-06
  [gamma] epoch   2500  gamma_ratio 0.9754  residual 2.509e-06
  [gamma] epoch   2750  gamma_ratio 0.9766  residual 2.276e-06
  [gamma] epoch   3000  gamma_ratio 0.9746  residual 2.395e-06
  [gamma] epoch   3250  gamma_ratio 0.9791  residual 1.927e-06
  [gamma] epoch   3500  gamma_ratio 0.9802  residual 1.792e-06
  [gamma] epoch   3750  gamma_ratio 0.9810  residual 1.817e-06
  [gamma] epoch   4000  gamma_ratio 0.9821  residual 1.606e-06
  [gamma] epoch   4250  gamma_ratio 0.9836  residual 1.593e-06
  [gamma] epoch   4500  gamma_ratio 0.9900  residual 1.922e-06
  [gamma] epoch   4750  gamma_ratio 0.9834  residual 1.435e-06
  [gamma] epoch   5000  gamma_ratio 0.9859  residual 1.197e-06
  [gamma] epoch   5250  gamma_ratio 0.9866  residual 1.131e-06
  [gamma] epoch   5500  gamma_ratio 0.9864  residual 1.318e-06
  [gamma] epoch   5750  gamma_ratio 0.9874  residual 1.003e-06
  [gamma] epoch   6000  gamma_ratio 0.9914  residual 2.641e-06
  [gamma] epoch   6250  gamma_ratio 0.9887  residual 9.090e-07
  [gamma] epoch   6500  gamma_ratio 0.9904  residual 1.268e-06
  [gamma] epoch   6750  gamma_ratio 0.9891  residual 1.010e-06
  [gamma] epoch   7000  gamma_ratio 0.9902  residual 1.151e-06
  [gamma] epoch   7250  gamma_ratio 0.9899  residual 7.601e-07
  [gamma] epoch   7500  gamma_ratio 0.9885  residual 7.276e-07
  [gamma] epoch   7750  gamma_ratio 0.9891  residual 6.711e-07
  [gamma] epoch   8000  gamma_ratio 0.9899  residual 8.557e-07
  [gamma] epoch   8250  gamma_ratio 0.9917  residual 1.365e-06
  [gamma] epoch   8500  gamma_ratio 0.9898  residual 6.904e-07
  [gamma] epoch   8750  gamma_ratio 0.9894  residual 6.040e-07
  [gamma] epoch   9000  gamma_ratio 0.9930  residual 1.398e-06
  [gamma] epoch   9250  gamma_ratio 0.9891  residual 7.904e-07
  [gamma] epoch   9500  gamma_ratio 0.9904  residual 4.709e-07
  [gamma] epoch   9750  gamma_ratio 0.9896  residual 9.980e-07
  [gamma] epoch  10000  gamma_ratio 0.9914  residual 4.576e-07
  [gamma] epoch  10250  gamma_ratio 0.9914  residual 4.159e-07
  [gamma] epoch  10500  gamma_ratio 0.9917  residual 5.868e-07
  [gamma] epoch  10750  gamma_ratio 0.9916  residual 3.799e-07
  [gamma] epoch  11000  gamma_ratio 0.9927  residual 8.349e-07
  [gamma] epoch  11250  gamma_ratio 0.9921  residual 3.678e-07
  [gamma] epoch  11500  gamma_ratio 0.9915  residual 3.824e-07
  [gamma] epoch  11750  gamma_ratio 0.9922  residual 3.503e-07
  [gamma] epoch  12000  gamma_ratio 0.9920  residual 6.556e-07
  [gamma] epoch  12250  gamma_ratio 0.9927  residual 3.359e-07
  [gamma] epoch  12500  gamma_ratio 0.9923  residual 3.066e-07
  [gamma] epoch  12750  gamma_ratio 0.9927  residual 3.942e-07
  [gamma] epoch  13000  gamma_ratio 0.9935  residual 3.632e-07
  [gamma] epoch  13250  gamma_ratio 0.9921  residual 5.195e-07
  [gamma] epoch  13500  gamma_ratio 0.9920  residual 3.261e-07
  [gamma] epoch  13750  gamma_ratio 0.9932  residual 2.818e-07
  [gamma] epoch  14000  gamma_ratio 0.9913  residual 5.389e-07
  [gamma] epoch  14250  gamma_ratio 0.9929  residual 2.685e-07
  [gamma] epoch  14500  gamma_ratio 0.9928  residual 2.527e-07
  [gamma] epoch  14750  gamma_ratio 0.9931  residual 2.433e-07
  [gamma] epoch  15000  gamma_ratio 0.9939  residual 2.507e-07
  [gamma] epoch  15250  gamma_ratio 0.9927  residual 4.430e-07
  [gamma] epoch  15500  gamma_ratio 0.9924  residual 2.852e-07
  [gamma] epoch  15750  gamma_ratio 0.9928  residual 3.014e-07
  [gamma] epoch  16000  gamma_ratio 0.9926  residual 2.227e-07
  [gamma] epoch  16250  gamma_ratio 0.9938  residual 2.153e-07
  [gamma] epoch  16500  gamma_ratio 0.9930  residual 2.153e-07
  [gamma] epoch  16750  gamma_ratio 0.9939  residual 2.850e-07
  [gamma] epoch  17000  gamma_ratio 0.9939  residual 2.226e-07
  [gamma] epoch  17250  gamma_ratio 0.9932  residual 3.525e-07
  [gamma] epoch  17500  gamma_ratio 0.9930  residual 2.129e-07
  [gamma] epoch  17750  gamma_ratio 0.9934  residual 2.349e-07
  [gamma] epoch  18000  gamma_ratio 0.9916  residual 3.394e-07
  [gamma] epoch  18250  gamma_ratio 0.9938  residual 2.371e-07
  [gamma] epoch  18500  gamma_ratio 0.9938  residual 1.906e-07
  [gamma] epoch  18750  gamma_ratio 0.9938  residual 1.955e-07
  [gamma] epoch  19000  gamma_ratio 0.9938  residual 2.725e-07
  [gamma] epoch  19250  gamma_ratio 0.9943  residual 2.118e-07
  [gamma] epoch  19500  gamma_ratio 0.9929  residual 4.858e-07
  [gamma] epoch  19750  gamma_ratio 0.9937  residual 2.000e-07
  [gamma] epoch  20000  gamma_ratio 0.9928  residual 2.088e-07
  [gamma] epoch  20250  gamma_ratio 0.9943  residual 1.594e-07
  [gamma] epoch  20500  gamma_ratio 0.9940  residual 1.585e-07
  [gamma] epoch  20750  gamma_ratio 0.9939  residual 1.647e-07
  [gamma] epoch  21000  gamma_ratio 0.9932  residual 2.271e-07
  [gamma] epoch  21250  gamma_ratio 0.9945  residual 1.820e-07
  [gamma] epoch  21500  gamma_ratio 0.9942  residual 1.543e-07
  [gamma] epoch  21750  gamma_ratio 0.9942  residual 1.551e-07
  [gamma] epoch  22000  gamma_ratio 0.9938  residual 1.392e-07
  [gamma] epoch  22250  gamma_ratio 0.9944  residual 1.991e-07
  [gamma] epoch  22500  gamma_ratio 0.9937  residual 1.399e-07
  [gamma] epoch  22750  gamma_ratio 0.9934  residual 3.009e-07
  [gamma] epoch  23000  gamma_ratio 0.9946  residual 1.455e-07
  [gamma] epoch  23250  gamma_ratio 0.9938  residual 1.399e-07
  [gamma] epoch  23500  gamma_ratio 0.9944  residual 1.336e-07
  [gamma] epoch  23750  gamma_ratio 0.9943  residual 1.253e-07
  [gamma] epoch  24000  gamma_ratio 0.9935  residual 1.676e-07
  [gamma] epoch  24250  gamma_ratio 0.9941  residual 1.729e-07
  [gamma] epoch  24500  gamma_ratio 0.9939  residual 1.817e-07
  [gamma] epoch  24750  gamma_ratio 0.9939  residual 1.541e-07
  [gamma] epoch  25000  gamma_ratio 0.9943  residual 1.279e-07
  [gamma] epoch  25250  gamma_ratio 0.9951  residual 2.252e-07
  [gamma] epoch  25500  gamma_ratio 0.9937  residual 1.957e-07
  [gamma] epoch  25750  gamma_ratio 0.9943  residual 1.183e-07
  [gamma] epoch  26000  gamma_ratio 0.9942  residual 1.164e-07
  [gamma] epoch  26250  gamma_ratio 0.9943  residual 1.305e-07
  [gamma] epoch  26500  gamma_ratio 0.9939  residual 1.201e-07
  [gamma] epoch  26750  gamma_ratio 0.9939  residual 1.404e-07
  [gamma] epoch  27000  gamma_ratio 0.9959  residual 2.008e-07
  [gamma] epoch  27250  gamma_ratio 0.9945  residual 1.084e-07
  [gamma] epoch  27500  gamma_ratio 0.9945  residual 1.214e-07
  [gamma] epoch  27750  gamma_ratio 0.9938  residual 1.408e-07
  [gamma] epoch  28000  gamma_ratio 0.9945  residual 1.404e-07
  [gamma] epoch  28250  gamma_ratio 0.9949  residual 1.382e-07
  [gamma] epoch  28500  gamma_ratio 0.9938  residual 1.109e-07
  [gamma] epoch  28750  gamma_ratio 0.9939  residual 1.597e-07
  [gamma] epoch  29000  gamma_ratio 0.9940  residual 1.105e-07
  [gamma] epoch  29250  gamma_ratio 0.9961  residual 1.672e-07
  [gamma] epoch  29500  gamma_ratio 0.9928  residual 1.819e-07
  [gamma] epoch  29750  gamma_ratio 0.9944  residual 1.538e-07
  [gamma] epoch  30000  gamma_ratio 0.9946  residual 1.166e-07
  [gamma] epoch  30250  gamma_ratio 0.9945  residual 9.234e-08
  [gamma] epoch  30500  gamma_ratio 0.9940  residual 9.251e-08
  [gamma] epoch  30750  gamma_ratio 0.9944  residual 1.129e-07
  [gamma] epoch  31000  gamma_ratio 0.9957  residual 1.114e-07
  [gamma] epoch  31250  gamma_ratio 0.9941  residual 1.159e-07
  [gamma] epoch  31500  gamma_ratio 0.9941  residual 1.098e-07
  [gamma] epoch  31750  gamma_ratio 0.9945  residual 9.827e-08
  [gamma] epoch  32000  gamma_ratio 0.9942  residual 1.170e-07
  [gamma] epoch  32250  gamma_ratio 0.9952  residual 1.441e-07
  [gamma] epoch  32500  gamma_ratio 0.9944  residual 9.120e-08
  [gamma] epoch  32750  gamma_ratio 0.9942  residual 1.102e-07
  [gamma] epoch  33000  gamma_ratio 0.9943  residual 8.707e-08
  [gamma] epoch  33250  gamma_ratio 0.9946  residual 9.597e-08
  [gamma] epoch  33500  gamma_ratio 0.9943  residual 9.829e-08
  [gamma] epoch  33750  gamma_ratio 0.9948  residual 1.009e-07
  [gamma] epoch  34000  gamma_ratio 0.9955  residual 1.768e-07
  [gamma] epoch  34250  gamma_ratio 0.9944  residual 9.518e-08
  [gamma] epoch  34500  gamma_ratio 0.9945  residual 7.817e-08
  [gamma] epoch  34750  gamma_ratio 0.9945  residual 7.581e-08
  [gamma] epoch  35000  gamma_ratio 0.9946  residual 7.910e-08
  [gamma] epoch  35250  gamma_ratio 0.9942  residual 8.746e-08
  [gamma] epoch  35500  gamma_ratio 0.9947  residual 1.341e-07
  [gamma] epoch  35750  gamma_ratio 0.9946  residual 7.640e-08
  [gamma] epoch  36000  gamma_ratio 0.9948  residual 9.060e-08
  [gamma] epoch  36250  gamma_ratio 0.9945  residual 7.638e-08
  [gamma] epoch  36500  gamma_ratio 0.9944  residual 8.499e-08
  [gamma] epoch  36750  gamma_ratio 0.9944  residual 7.801e-08
  [gamma] epoch  37000  gamma_ratio 0.9945  residual 7.815e-08
  [gamma] epoch  37250  gamma_ratio 0.9947  residual 8.434e-08
  [gamma] epoch  37500  gamma_ratio 0.9944  residual 8.503e-08
  [gamma] epoch  37750  gamma_ratio 0.9941  residual 9.650e-08
  [gamma] epoch  38000  gamma_ratio 0.9945  residual 6.881e-08
  [gamma] epoch  38250  gamma_ratio 0.9942  residual 7.108e-08
  [gamma] epoch  38500  gamma_ratio 0.9945  residual 7.075e-08
  [gamma] epoch  38750  gamma_ratio 0.9949  residual 7.585e-08
  [gamma] epoch  39000  gamma_ratio 0.9941  residual 1.170e-07
  [gamma] epoch  39250  gamma_ratio 0.9945  residual 6.683e-08
  [gamma] epoch  39500  gamma_ratio 0.9945  residual 7.194e-08
  [gamma] epoch  39750  gamma_ratio 0.9945  residual 6.996e-08
  [gamma] epoch  40000  gamma_ratio 0.9944  residual 8.395e-08
  [gamma] epoch  40250  gamma_ratio 0.9945  residual 6.854e-08
  [gamma] epoch  40500  gamma_ratio 0.9941  residual 6.936e-08
  [gamma] epoch  40750  gamma_ratio 0.9951  residual 8.852e-08
  [gamma] epoch  41000  gamma_ratio 0.9945  residual 6.630e-08
  [gamma] epoch  41250  gamma_ratio 0.9944  residual 6.485e-08
  [gamma] epoch  41500  gamma_ratio 0.9945  residual 6.411e-08
  [gamma] epoch  41750  gamma_ratio 0.9947  residual 6.582e-08
  [gamma] epoch  42000  gamma_ratio 0.9943  residual 8.743e-08
  [gamma] epoch  42250  gamma_ratio 0.9943  residual 6.462e-08
  [gamma] epoch  42500  gamma_ratio 0.9945  residual 6.769e-08
  [gamma] epoch  42750  gamma_ratio 0.9946  residual 7.968e-08
  [gamma] epoch  43000  gamma_ratio 0.9944  residual 6.381e-08
  [gamma] epoch  43250  gamma_ratio 0.9945  residual 6.274e-08
  [gamma] epoch  43500  gamma_ratio 0.9942  residual 6.495e-08
  [gamma] epoch  43750  gamma_ratio 0.9946  residual 6.251e-08
  [gamma] epoch  44000  gamma_ratio 0.9946  residual 6.422e-08
  [gamma] epoch  44250  gamma_ratio 0.9945  residual 6.080e-08
  [gamma] epoch  44500  gamma_ratio 0.9944  residual 5.918e-08
  [gamma] epoch  44750  gamma_ratio 0.9945  residual 5.974e-08
  [gamma] epoch  45000  gamma_ratio 0.9944  residual 5.967e-08
  [gamma] epoch  45250  gamma_ratio 0.9944  residual 5.986e-08
  [gamma] epoch  45500  gamma_ratio 0.9944  residual 6.500e-08
  [gamma] epoch  45750  gamma_ratio 0.9945  residual 5.761e-08
  [gamma] epoch  46000  gamma_ratio 0.9945  residual 5.814e-08
  [gamma] epoch  46250  gamma_ratio 0.9945  residual 5.834e-08
  [gamma] epoch  46500  gamma_ratio 0.9944  residual 5.997e-08
  [gamma] epoch  46750  gamma_ratio 0.9945  residual 5.836e-08
  [gamma] epoch  47000  gamma_ratio 0.9945  residual 5.657e-08
  [gamma] epoch  47250  gamma_ratio 0.9946  residual 5.655e-08
  [gamma] epoch  47500  gamma_ratio 0.9946  residual 6.006e-08
  [gamma] epoch  47750  gamma_ratio 0.9945  residual 5.573e-08
  [gamma] epoch  48000  gamma_ratio 0.9946  residual 5.693e-08
  [gamma] epoch  48250  gamma_ratio 0.9944  residual 5.749e-08
  [gamma] epoch  48500  gamma_ratio 0.9944  residual 6.138e-08
  [gamma] epoch  48750  gamma_ratio 0.9945  residual 5.476e-08
  [gamma] epoch  49000  gamma_ratio 0.9943  residual 5.524e-08
  [gamma] epoch  49250  gamma_ratio 0.9944  residual 5.473e-08
  [gamma] epoch  49500  gamma_ratio 0.9945  residual 5.411e-08
  [gamma] epoch  49750  gamma_ratio 0.9945  residual 5.391e-08
  [gamma] epoch  50000  gamma_ratio 0.9945  residual 5.437e-08
  [gamma] epoch  50250  gamma_ratio 0.9944  residual 5.357e-08
  [gamma] epoch  50500  gamma_ratio 0.9944  residual 5.395e-08
  [gamma] epoch  50750  gamma_ratio 0.9945  residual 5.299e-08
  [gamma] epoch  51000  gamma_ratio 0.9944  residual 5.322e-08
  [gamma] epoch  51250  gamma_ratio 0.9945  residual 5.261e-08
  [gamma] epoch  51500  gamma_ratio 0.9945  residual 5.279e-08
  [gamma] epoch  51750  gamma_ratio 0.9945  residual 5.229e-08
  [gamma] epoch  52000  gamma_ratio 0.9944  residual 5.292e-08
  [gamma] epoch  52250  gamma_ratio 0.9945  residual 5.291e-08
  [gamma] epoch  52500  gamma_ratio 0.9945  residual 5.175e-08
  [gamma] epoch  52750  gamma_ratio 0.9944  residual 5.188e-08
  [gamma] epoch  53000  gamma_ratio 0.9945  residual 5.175e-08
  [gamma] epoch  53250  gamma_ratio 0.9945  residual 5.166e-08
  [gamma] epoch  53500  gamma_ratio 0.9945  residual 5.120e-08
  [gamma] epoch  53750  gamma_ratio 0.9944  residual 5.126e-08
  [gamma] epoch  54000  gamma_ratio 0.9945  residual 5.117e-08
  [gamma] epoch  54250  gamma_ratio 0.9945  residual 5.122e-08
  [gamma] epoch  54500  gamma_ratio 0.9945  residual 5.172e-08
  [gamma] epoch  54750  gamma_ratio 0.9945  residual 5.020e-08
  [gamma] epoch  55000  gamma_ratio 0.9944  residual 5.016e-08
  [gamma] epoch  55250  gamma_ratio 0.9945  residual 5.024e-08
  [gamma] epoch  55500  gamma_ratio 0.9946  residual 5.009e-08
  [gamma] epoch  55750  gamma_ratio 0.9945  residual 4.974e-08
  [gamma] epoch  56000  gamma_ratio 0.9945  residual 4.945e-08
  [gamma] epoch  56250  gamma_ratio 0.9945  residual 4.941e-08
  [gamma] epoch  56500  gamma_ratio 0.9945  residual 4.973e-08
  [gamma] epoch  56750  gamma_ratio 0.9945  residual 4.904e-08
  [gamma] epoch  57000  gamma_ratio 0.9945  residual 4.899e-08
  [gamma] epoch  57250  gamma_ratio 0.9945  residual 4.876e-08
  [gamma] epoch  57500  gamma_ratio 0.9945  residual 4.867e-08
  [gamma] epoch  57750  gamma_ratio 0.9945  residual 4.849e-08
  [gamma] epoch  58000  gamma_ratio 0.9944  residual 4.868e-08
  [gamma] epoch  58250  gamma_ratio 0.9945  residual 4.829e-08
  [gamma] epoch  58500  gamma_ratio 0.9945  residual 4.812e-08
  [gamma] epoch  58750  gamma_ratio 0.9945  residual 4.861e-08
  [gamma] epoch  59000  gamma_ratio 0.9945  residual 4.845e-08
  [gamma] epoch  59250  gamma_ratio 0.9945  residual 4.773e-08
  [gamma] epoch  59500  gamma_ratio 0.9945  residual 4.782e-08
  [gamma] epoch  59750  gamma_ratio 0.9945  residual 4.749e-08
  [gamma] epoch  59999  gamma_ratio 0.9945  residual 4.750e-08
  [shape] epoch      0  rmse=0.02756  max_abs_dA=0.0591  int_signed_dA=4.392e-12  int_abs_dA=4.806e-12  A_min=0.004831  max_dA_fwd=0.0007652
  [shape] epoch    250  rmse=0.02348  max_abs_dA=0.03337  int_signed_dA=5.11e-12  int_abs_dA=5.11e-12  A_min=0.009337  max_dA_fwd=-1.972e-05
  [shape] epoch    500  rmse=0.01147  max_abs_dA=0.01666  int_signed_dA=2.456e-12  int_abs_dA=2.456e-12  A_min=0.0073  max_dA_fwd=-1.404e-05
  [shape] epoch    750  rmse=0.009426  max_abs_dA=0.01468  int_signed_dA=1.967e-12  int_abs_dA=1.97e-12  A_min=0.005014  max_dA_fwd=-1.228e-05
  [shape] epoch   1000  rmse=0.007861  max_abs_dA=0.01235  int_signed_dA=1.651e-12  int_abs_dA=1.651e-12  A_min=0.004434  max_dA_fwd=-9.734e-06
  [shape] epoch   1250  rmse=0.0062  max_abs_dA=0.009996  int_signed_dA=1.295e-12  int_abs_dA=1.295e-12  A_min=0.003025  max_dA_fwd=-9.288e-06
  [shape] epoch   1500  rmse=0.005328  max_abs_dA=0.008687  int_signed_dA=1.108e-12  int_abs_dA=1.108e-12  A_min=0.002116  max_dA_fwd=-9.786e-06
  [shape] epoch   1750  rmse=0.004656  max_abs_dA=0.007338  int_signed_dA=9.831e-13  int_abs_dA=9.831e-13  A_min=0.00213  max_dA_fwd=-9.894e-06
  [shape] epoch   2000  rmse=0.005122  max_abs_dA=0.008035  int_signed_dA=1.061e-12  int_abs_dA=1.089e-12  A_min=0.002128  max_dA_fwd=-1.041e-05
  [shape] epoch   2250  rmse=0.004292  max_abs_dA=0.006778  int_signed_dA=9.02e-13  int_abs_dA=9.023e-13  A_min=0.001764  max_dA_fwd=-1.032e-05
  [shape] epoch   2500  rmse=0.004034  max_abs_dA=0.006484  int_signed_dA=8.405e-13  int_abs_dA=8.405e-13  A_min=0.001483  max_dA_fwd=-1.013e-05
  [shape] epoch   2750  rmse=0.003876  max_abs_dA=0.006336  int_signed_dA=7.992e-13  int_abs_dA=7.992e-13  A_min=0.001235  max_dA_fwd=-1.001e-05
  [shape] epoch   3000  rmse=0.004268  max_abs_dA=0.007073  int_signed_dA=8.689e-13  int_abs_dA=8.701e-13  A_min=0.001069  max_dA_fwd=-1.005e-05
  [shape] epoch   3250  rmse=0.003595  max_abs_dA=0.006172  int_signed_dA=7.114e-13  int_abs_dA=7.114e-13  A_min=0.0005982  max_dA_fwd=-9.815e-06
  [shape] epoch   3500  rmse=0.003443  max_abs_dA=0.005982  int_signed_dA=6.711e-13  int_abs_dA=6.711e-13  A_min=0.0004729  max_dA_fwd=-9.591e-06
  [shape] epoch   3750  rmse=0.003328  max_abs_dA=0.005822  int_signed_dA=6.444e-13  int_abs_dA=6.444e-13  A_min=0.0003519  max_dA_fwd=-9.322e-06
  [shape] epoch   4000  rmse=0.003246  max_abs_dA=0.005816  int_signed_dA=6.065e-13  int_abs_dA=6.094e-13  A_min=8.587e-05  max_dA_fwd=-9.181e-06
  [shape] epoch   4250  rmse=0.003059  max_abs_dA=0.00557  int_signed_dA=5.545e-13  int_abs_dA=5.661e-13  A_min=-0.0001364  max_dA_fwd=-8.921e-06
  [shape] epoch   4500  rmse=0.002077  max_abs_dA=0.003955  int_signed_dA=3.323e-13  int_abs_dA=3.717e-13  A_min=-0.0004314  max_dA_fwd=-8.469e-06
  [shape] epoch   4750  rmse=0.003022  max_abs_dA=0.005487  int_signed_dA=5.62e-13  int_abs_dA=5.632e-13  A_min=0.0001876  max_dA_fwd=-8.292e-06
  [shape] epoch   5000  rmse=0.002671  max_abs_dA=0.004955  int_signed_dA=4.747e-13  int_abs_dA=4.865e-13  A_min=-8.746e-05  max_dA_fwd=-8.19e-06
  [shape] epoch   5250  rmse=0.002547  max_abs_dA=0.004756  int_signed_dA=4.513e-13  int_abs_dA=4.619e-13  A_min=-4.815e-05  max_dA_fwd=-7.953e-06
  [shape] epoch   5500  rmse=0.002646  max_abs_dA=0.004943  int_signed_dA=4.574e-13  int_abs_dA=4.784e-13  A_min=-0.0001682  max_dA_fwd=-7.946e-06
  [shape] epoch   5750  rmse=0.00238  max_abs_dA=0.004457  int_signed_dA=4.262e-13  int_abs_dA=4.308e-13  A_min=0.0001022  max_dA_fwd=-7.567e-06
  [shape] epoch   6000  rmse=0.001642  max_abs_dA=0.003055  int_signed_dA=2.879e-13  int_abs_dA=2.983e-13  A_min=0.0001217  max_dA_fwd=-7.241e-06
  [shape] epoch   6250  rmse=0.002148  max_abs_dA=0.00409  int_signed_dA=3.791e-13  int_abs_dA=3.839e-13  A_min=0.0001158  max_dA_fwd=-7.225e-06
  [shape] epoch   6500  rmse=0.001973  max_abs_dA=0.003856  int_signed_dA=3.239e-13  int_abs_dA=3.423e-13  A_min=-6.688e-05  max_dA_fwd=-7.133e-06
  [shape] epoch   6750  rmse=0.002024  max_abs_dA=0.003839  int_signed_dA=3.67e-13  int_abs_dA=3.67e-13  A_min=0.0002997  max_dA_fwd=-6.922e-06
  [shape] epoch   7000  rmse=0.002079  max_abs_dA=0.00409  int_signed_dA=3.289e-13  int_abs_dA=3.637e-13  A_min=-0.0001223  max_dA_fwd=-6.987e-06
  [shape] epoch   7250  rmse=0.001969  max_abs_dA=0.003818  int_signed_dA=3.387e-13  int_abs_dA=3.44e-13  A_min=0.0001381  max_dA_fwd=-6.779e-06
  [shape] epoch   7500  rmse=0.002113  max_abs_dA=0.003982  int_signed_dA=3.884e-13  int_abs_dA=3.884e-13  A_min=0.0004107  max_dA_fwd=-6.682e-06
  [shape] epoch   7750  rmse=0.002045  max_abs_dA=0.003899  int_signed_dA=3.675e-13  int_abs_dA=3.675e-13  A_min=0.0003133  max_dA_fwd=-6.633e-06
  [shape] epoch   8000  rmse=0.001961  max_abs_dA=0.003793  int_signed_dA=3.385e-13  int_abs_dA=3.429e-13  A_min=0.000166  max_dA_fwd=-6.597e-06
  [shape] epoch   8250  rmse=0.001479  max_abs_dA=0.002713  int_signed_dA=2.773e-13  int_abs_dA=2.789e-13  A_min=0.0004904  max_dA_fwd=-6.298e-06
  [shape] epoch   8500  rmse=0.001881  max_abs_dA=0.003561  int_signed_dA=3.422e-13  int_abs_dA=3.422e-13  A_min=0.0003706  max_dA_fwd=-6.412e-06
  [shape] epoch   8750  rmse=0.00202  max_abs_dA=0.003849  int_signed_dA=3.573e-13  int_abs_dA=3.581e-13  A_min=0.0002822  max_dA_fwd=-6.501e-06
  [shape] epoch   9000  rmse=0.00161  max_abs_dA=0.003167  int_signed_dA=2.33e-13  int_abs_dA=2.865e-13  A_min=-0.0002014  max_dA_fwd=-6.545e-06
  [shape] epoch   9250  rmse=0.001976  max_abs_dA=0.00366  int_signed_dA=3.661e-13  int_abs_dA=3.661e-13  A_min=0.0004455  max_dA_fwd=-6.452e-06
  [shape] epoch   9500  rmse=0.001832  max_abs_dA=0.003459  int_signed_dA=3.241e-13  int_abs_dA=3.253e-13  A_min=0.0002454  max_dA_fwd=-6.488e-06
  [shape] epoch   9750  rmse=0.001903  max_abs_dA=0.003511  int_signed_dA=3.489e-13  int_abs_dA=3.489e-13  A_min=0.0003239  max_dA_fwd=-6.519e-06
  [shape] epoch  10000  rmse=0.001634  max_abs_dA=0.00305  int_signed_dA=2.889e-13  int_abs_dA=2.918e-13  A_min=0.0002025  max_dA_fwd=-6.487e-06
  [shape] epoch  10250  rmse=0.001646  max_abs_dA=0.003078  int_signed_dA=2.875e-13  int_abs_dA=2.917e-13  A_min=0.0001743  max_dA_fwd=-6.53e-06
  [shape] epoch  10500  rmse=0.001632  max_abs_dA=0.003074  int_signed_dA=2.787e-13  int_abs_dA=2.854e-13  A_min=0.0001509  max_dA_fwd=-6.438e-06
  [shape] epoch  10750  rmse=0.001623  max_abs_dA=0.003018  int_signed_dA=2.837e-13  int_abs_dA=2.878e-13  A_min=0.0001821  max_dA_fwd=-6.456e-06
  [shape] epoch  11000  rmse=0.00131  max_abs_dA=0.002345  int_signed_dA=2.444e-13  int_abs_dA=2.446e-13  A_min=0.0003856  max_dA_fwd=-6.267e-06
  [shape] epoch  11250  rmse=0.001485  max_abs_dA=0.002734  int_signed_dA=2.65e-13  int_abs_dA=2.658e-13  A_min=0.0002652  max_dA_fwd=-6.3e-06
  [shape] epoch  11500  rmse=0.001578  max_abs_dA=0.002881  int_signed_dA=2.866e-13  int_abs_dA=2.866e-13  A_min=0.0003256  max_dA_fwd=-6.299e-06
  [shape] epoch  11750  rmse=0.001471  max_abs_dA=0.002703  int_signed_dA=2.623e-13  int_abs_dA=2.627e-13  A_min=0.0002803  max_dA_fwd=-6.206e-06
  [shape] epoch  12000  rmse=0.001373  max_abs_dA=0.002394  int_signed_dA=2.672e-13  int_abs_dA=2.672e-13  A_min=0.000541  max_dA_fwd=-6.061e-06
  [shape] epoch  12250  rmse=0.001345  max_abs_dA=0.002463  int_signed_dA=2.438e-13  int_abs_dA=2.438e-13  A_min=0.0003826  max_dA_fwd=-5.996e-06
  [shape] epoch  12500  rmse=0.001422  max_abs_dA=0.002598  int_signed_dA=2.593e-13  int_abs_dA=2.593e-13  A_min=0.0004077  max_dA_fwd=-5.954e-06
  [shape] epoch  12750  rmse=0.001325  max_abs_dA=0.002397  int_signed_dA=2.448e-13  int_abs_dA=2.448e-13  A_min=0.0004107  max_dA_fwd=-5.926e-06
  [shape] epoch  13000  rmse=0.001233  max_abs_dA=0.002273  int_signed_dA=2.194e-13  int_abs_dA=2.194e-13  A_min=0.0003588  max_dA_fwd=-5.823e-06
  [shape] epoch  13250  rmse=0.00133  max_abs_dA=0.002299  int_signed_dA=2.653e-13  int_abs_dA=2.653e-13  A_min=0.0007143  max_dA_fwd=-5.68e-06
  [shape] epoch  13500  rmse=0.001454  max_abs_dA=0.002649  int_signed_dA=2.703e-13  int_abs_dA=2.703e-13  A_min=0.0005493  max_dA_fwd=-5.669e-06
  [shape] epoch  13750  rmse=0.001265  max_abs_dA=0.002329  int_signed_dA=2.288e-13  int_abs_dA=2.291e-13  A_min=0.0004535  max_dA_fwd=-5.632e-06
  [shape] epoch  14000  rmse=0.001448  max_abs_dA=0.002479  int_signed_dA=2.933e-13  int_abs_dA=2.933e-13  A_min=0.0008398  max_dA_fwd=-5.546e-06
  [shape] epoch  14250  rmse=0.0013  max_abs_dA=0.002369  int_signed_dA=2.387e-13  int_abs_dA=2.392e-13  A_min=0.0005152  max_dA_fwd=-5.567e-06
  [shape] epoch  14500  rmse=0.001278  max_abs_dA=0.002308  int_signed_dA=2.414e-13  int_abs_dA=2.414e-13  A_min=0.0006079  max_dA_fwd=-5.44e-06
  [shape] epoch  14750  rmse=0.001223  max_abs_dA=0.002203  int_signed_dA=2.309e-13  int_abs_dA=2.309e-13  A_min=0.0006027  max_dA_fwd=-5.416e-06
  [shape] epoch  15000  rmse=0.001101  max_abs_dA=0.002002  int_signed_dA=2.043e-13  int_abs_dA=2.043e-13  A_min=0.000557  max_dA_fwd=-5.385e-06
  [shape] epoch  15250  rmse=0.001354  max_abs_dA=0.002479  int_signed_dA=2.442e-13  int_abs_dA=2.491e-13  A_min=0.0005409  max_dA_fwd=-5.43e-06
  [shape] epoch  15500  rmse=0.001339  max_abs_dA=0.002391  int_signed_dA=2.567e-13  int_abs_dA=2.569e-13  A_min=0.0007238  max_dA_fwd=-5.283e-06
  [shape] epoch  15750  rmse=0.001263  max_abs_dA=0.002239  int_signed_dA=2.429e-13  int_abs_dA=2.43e-13  A_min=0.0006946  max_dA_fwd=-5.288e-06
  [shape] epoch  16000  rmse=0.001241  max_abs_dA=0.002163  int_signed_dA=2.467e-13  int_abs_dA=2.467e-13  A_min=0.0008156  max_dA_fwd=-5.181e-06
  [shape] epoch  16250  rmse=0.001101  max_abs_dA=0.001978  int_signed_dA=2.083e-13  int_abs_dA=2.083e-13  A_min=0.0006334  max_dA_fwd=-5.221e-06
  [shape] epoch  16500  rmse=0.001195  max_abs_dA=0.002102  int_signed_dA=2.335e-13  int_abs_dA=2.335e-13  A_min=0.0007544  max_dA_fwd=-5.194e-06
  [shape] epoch  16750  rmse=0.001076  max_abs_dA=0.001924  int_signed_dA=2.044e-13  int_abs_dA=2.044e-13  A_min=0.000652  max_dA_fwd=-5.146e-06
  [shape] epoch  17000  rmse=0.001091  max_abs_dA=0.001965  int_signed_dA=2.043e-13  int_abs_dA=2.044e-13  A_min=0.0006214  max_dA_fwd=-5.184e-06
  [shape] epoch  17250  rmse=0.001225  max_abs_dA=0.002198  int_signed_dA=2.274e-13  int_abs_dA=2.311e-13  A_min=0.0006534  max_dA_fwd=-5.193e-06
  [shape] epoch  17500  rmse=0.001173  max_abs_dA=0.002031  int_signed_dA=2.334e-13  int_abs_dA=2.334e-13  A_min=0.0008306  max_dA_fwd=-5.106e-06
  [shape] epoch  17750  rmse=0.001109  max_abs_dA=0.001923  int_signed_dA=2.213e-13  int_abs_dA=2.213e-13  A_min=0.0008098  max_dA_fwd=-5.075e-06
  [shape] epoch  18000  rmse=0.001334  max_abs_dA=0.002187  int_signed_dA=2.813e-13  int_abs_dA=2.813e-13  A_min=0.001095  max_dA_fwd=-5.008e-06
  [shape] epoch  18250  rmse=0.001097  max_abs_dA=0.001946  int_signed_dA=2.086e-13  int_abs_dA=2.088e-13  A_min=0.000685  max_dA_fwd=-5.112e-06
  [shape] epoch  18500  rmse=0.001049  max_abs_dA=0.001846  int_signed_dA=2.072e-13  int_abs_dA=2.072e-13  A_min=0.0007692  max_dA_fwd=-5.066e-06
  [shape] epoch  18750  rmse=0.001059  max_abs_dA=0.001855  int_signed_dA=2.094e-13  int_abs_dA=2.094e-13  A_min=0.0007881  max_dA_fwd=-5.074e-06
  [shape] epoch  19000  rmse=0.001045  max_abs_dA=0.001829  int_signed_dA=2.094e-13  int_abs_dA=2.094e-13  A_min=0.0008231  max_dA_fwd=-5.054e-06
  [shape] epoch  19250  rmse=0.0009649  max_abs_dA=0.001703  int_signed_dA=1.914e-13  int_abs_dA=1.914e-13  A_min=0.0007653  max_dA_fwd=-5.048e-06
  [shape] epoch  19500  rmse=0.001112  max_abs_dA=0.001797  int_signed_dA=2.386e-13  int_abs_dA=2.386e-13  A_min=0.001086  max_dA_fwd=-4.991e-06
  [shape] epoch  19750  rmse=0.001068  max_abs_dA=0.001856  int_signed_dA=2.114e-13  int_abs_dA=2.114e-13  A_min=0.0007996  max_dA_fwd=-5.036e-06
  [shape] epoch  20000  rmse=0.001162  max_abs_dA=0.001949  int_signed_dA=2.408e-13  int_abs_dA=2.408e-13  A_min=0.0009793  max_dA_fwd=-4.997e-06
  [shape] epoch  20250  rmse=0.0009632  max_abs_dA=0.001703  int_signed_dA=1.91e-13  int_abs_dA=1.91e-13  A_min=0.0007741  max_dA_fwd=-5.041e-06
  [shape] epoch  20500  rmse=0.001026  max_abs_dA=0.001799  int_signed_dA=2.024e-13  int_abs_dA=2.024e-13  A_min=0.0007757  max_dA_fwd=-5.07e-06
  [shape] epoch  20750  rmse=0.001035  max_abs_dA=0.001801  int_signed_dA=2.047e-13  int_abs_dA=2.047e-13  A_min=0.0007855  max_dA_fwd=-5.062e-06
  [shape] epoch  21000  rmse=0.001108  max_abs_dA=0.001883  int_signed_dA=2.269e-13  int_abs_dA=2.269e-13  A_min=0.0008921  max_dA_fwd=-5.042e-06
  [shape] epoch  21250  rmse=0.0009201  max_abs_dA=0.00163  int_signed_dA=1.828e-13  int_abs_dA=1.828e-13  A_min=0.0007648  max_dA_fwd=-5.031e-06
  [shape] epoch  21500  rmse=0.0009646  max_abs_dA=0.001691  int_signed_dA=1.927e-13  int_abs_dA=1.927e-13  A_min=0.0008005  max_dA_fwd=-5.034e-06
  [shape] epoch  21750  rmse=0.0009573  max_abs_dA=0.001666  int_signed_dA=1.935e-13  int_abs_dA=1.935e-13  A_min=0.0008547  max_dA_fwd=-4.979e-06
  [shape] epoch  22000  rmse=0.001024  max_abs_dA=0.00177  int_signed_dA=2.074e-13  int_abs_dA=2.074e-13  A_min=0.000861  max_dA_fwd=-5.037e-06
  [shape] epoch  22250  rmse=0.000911  max_abs_dA=0.001591  int_signed_dA=1.859e-13  int_abs_dA=1.86e-13  A_min=0.0008661  max_dA_fwd=-5.016e-06
  [shape] epoch  22500  rmse=0.001026  max_abs_dA=0.001745  int_signed_dA=2.111e-13  int_abs_dA=2.111e-13  A_min=0.0009286  max_dA_fwd=-5.008e-06
  [shape] epoch  22750  rmse=0.001099  max_abs_dA=0.001846  int_signed_dA=2.219e-13  int_abs_dA=2.24e-13  A_min=0.0009039  max_dA_fwd=-5.029e-06
  [shape] epoch  23000  rmse=0.0009112  max_abs_dA=0.001618  int_signed_dA=1.814e-13  int_abs_dA=1.814e-13  A_min=0.0007769  max_dA_fwd=-5.048e-06
  [shape] epoch  23250  rmse=0.001013  max_abs_dA=0.001728  int_signed_dA=2.088e-13  int_abs_dA=2.088e-13  A_min=0.0009145  max_dA_fwd=-5.038e-06
  [shape] epoch  23500  rmse=0.0009478  max_abs_dA=0.001675  int_signed_dA=1.886e-13  int_abs_dA=1.886e-13  A_min=0.0007808  max_dA_fwd=-5.073e-06
  [shape] epoch  23750  rmse=0.0009589  max_abs_dA=0.001686  int_signed_dA=1.925e-13  int_abs_dA=1.925e-13  A_min=0.0008004  max_dA_fwd=-5.092e-06
  [shape] epoch  24000  rmse=0.001055  max_abs_dA=0.001801  int_signed_dA=2.162e-13  int_abs_dA=2.162e-13  A_min=0.0008871  max_dA_fwd=-5.085e-06
  [shape] epoch  24250  rmse=0.000988  max_abs_dA=0.001717  int_signed_dA=1.975e-13  int_abs_dA=1.977e-13  A_min=0.0008024  max_dA_fwd=-5.091e-06
  [shape] epoch  24500  rmse=0.000997  max_abs_dA=0.001713  int_signed_dA=2.06e-13  int_abs_dA=2.06e-13  A_min=0.0009113  max_dA_fwd=-5.072e-06
  [shape] epoch  24750  rmse=0.0009964  max_abs_dA=0.001724  int_signed_dA=2.028e-13  int_abs_dA=2.028e-13  A_min=0.0008494  max_dA_fwd=-5.121e-06
  [shape] epoch  25000  rmse=0.0009563  max_abs_dA=0.001676  int_signed_dA=1.923e-13  int_abs_dA=1.923e-13  A_min=0.0007869  max_dA_fwd=-5.136e-06
  [shape] epoch  25250  rmse=0.0008546  max_abs_dA=0.001549  int_signed_dA=1.649e-13  int_abs_dA=1.673e-13  A_min=0.0007179  max_dA_fwd=-5.144e-06
  [shape] epoch  25500  rmse=0.001056  max_abs_dA=0.001814  int_signed_dA=2.11e-13  int_abs_dA=2.135e-13  A_min=0.0008389  max_dA_fwd=-5.149e-06
  [shape] epoch  25750  rmse=0.000947  max_abs_dA=0.001671  int_signed_dA=1.913e-13  int_abs_dA=1.913e-13  A_min=0.0007969  max_dA_fwd=-5.166e-06
  [shape] epoch  26000  rmse=0.0009609  max_abs_dA=0.001691  int_signed_dA=1.938e-13  int_abs_dA=1.938e-13  A_min=0.0007903  max_dA_fwd=-5.163e-06
  [shape] epoch  26250  rmse=0.0009551  max_abs_dA=0.001685  int_signed_dA=1.914e-13  int_abs_dA=1.914e-13  A_min=0.0007727  max_dA_fwd=-5.183e-06
  [shape] epoch  26500  rmse=0.0009958  max_abs_dA=0.001726  int_signed_dA=2.055e-13  int_abs_dA=2.055e-13  A_min=0.0008721  max_dA_fwd=-5.197e-06
  [shape] epoch  26750  rmse=0.0009862  max_abs_dA=0.001708  int_signed_dA=2.045e-13  int_abs_dA=2.045e-13  A_min=0.00089  max_dA_fwd=-5.205e-06
  [shape] epoch  27000  rmse=0.0007975  max_abs_dA=0.001509  int_signed_dA=1.388e-13  int_abs_dA=1.444e-13  A_min=0.0004759  max_dA_fwd=-5.279e-06
  [shape] epoch  27250  rmse=0.00092  max_abs_dA=0.00164  int_signed_dA=1.858e-13  int_abs_dA=1.858e-13  A_min=0.0007785  max_dA_fwd=-5.232e-06
  [shape] epoch  27500  rmse=0.0009223  max_abs_dA=0.001654  int_signed_dA=1.827e-13  int_abs_dA=1.827e-13  A_min=0.0007164  max_dA_fwd=-5.256e-06
  [shape] epoch  27750  rmse=0.001027  max_abs_dA=0.001782  int_signed_dA=2.092e-13  int_abs_dA=2.094e-13  A_min=0.000842  max_dA_fwd=-5.275e-06
  [shape] epoch  28000  rmse=0.0009248  max_abs_dA=0.00167  int_signed_dA=1.827e-13  int_abs_dA=1.827e-13  A_min=0.0007058  max_dA_fwd=-5.316e-06
  [shape] epoch  28250  rmse=0.0008787  max_abs_dA=0.001612  int_signed_dA=1.718e-13  int_abs_dA=1.718e-13  A_min=0.000655  max_dA_fwd=-5.319e-06
  [shape] epoch  28500  rmse=0.001008  max_abs_dA=0.00176  int_signed_dA=2.072e-13  int_abs_dA=2.072e-13  A_min=0.0008566  max_dA_fwd=-5.302e-06
  [shape] epoch  28750  rmse=0.001017  max_abs_dA=0.001781  int_signed_dA=2.047e-13  int_abs_dA=2.053e-13  A_min=0.0007826  max_dA_fwd=-5.342e-06
  [shape] epoch  29000  rmse=0.0009882  max_abs_dA=0.001751  int_signed_dA=1.996e-13  int_abs_dA=1.996e-13  A_min=0.0007766  max_dA_fwd=-5.342e-06
  [shape] epoch  29250  rmse=0.0007244  max_abs_dA=0.001417  int_signed_dA=1.311e-13  int_abs_dA=1.322e-13  A_min=0.000509  max_dA_fwd=-5.399e-06
  [shape] epoch  29500  rmse=0.00113  max_abs_dA=0.001886  int_signed_dA=2.408e-13  int_abs_dA=2.408e-13  A_min=0.001055  max_dA_fwd=-5.329e-06
  [shape] epoch  29750  rmse=0.0009428  max_abs_dA=0.001698  int_signed_dA=1.873e-13  int_abs_dA=1.881e-13  A_min=0.0007268  max_dA_fwd=-5.394e-06
  [shape] epoch  30000  rmse=0.000909  max_abs_dA=0.001656  int_signed_dA=1.817e-13  int_abs_dA=1.817e-13  A_min=0.0007157  max_dA_fwd=-5.405e-06
  [shape] epoch  30250  rmse=0.0009219  max_abs_dA=0.00168  int_signed_dA=1.833e-13  int_abs_dA=1.833e-13  A_min=0.0007017  max_dA_fwd=-5.411e-06
  [shape] epoch  30500  rmse=0.000985  max_abs_dA=0.001754  int_signed_dA=2.002e-13  int_abs_dA=2.002e-13  A_min=0.000795  max_dA_fwd=-5.417e-06
  [shape] epoch  30750  rmse=0.0009432  max_abs_dA=0.001711  int_signed_dA=1.874e-13  int_abs_dA=1.874e-13  A_min=0.000726  max_dA_fwd=-5.434e-06
  [shape] epoch  31000  rmse=0.0007874  max_abs_dA=0.001523  int_signed_dA=1.448e-13  int_abs_dA=1.448e-13  A_min=0.0004969  max_dA_fwd=-5.477e-06
  [shape] epoch  31250  rmse=0.0009794  max_abs_dA=0.001763  int_signed_dA=1.976e-13  int_abs_dA=1.976e-13  A_min=0.0007505  max_dA_fwd=-5.453e-06
  [shape] epoch  31500  rmse=0.0009847  max_abs_dA=0.001766  int_signed_dA=1.987e-13  int_abs_dA=1.987e-13  A_min=0.0007554  max_dA_fwd=-5.466e-06
  [shape] epoch  31750  rmse=0.0009298  max_abs_dA=0.001703  int_signed_dA=1.848e-13  int_abs_dA=1.848e-13  A_min=0.000692  max_dA_fwd=-5.489e-06
  [shape] epoch  32000  rmse=0.000987  max_abs_dA=0.001788  int_signed_dA=1.943e-13  int_abs_dA=1.95e-13  A_min=0.000686  max_dA_fwd=-5.498e-06
  [shape] epoch  32250  rmse=0.0008694  max_abs_dA=0.001647  int_signed_dA=1.614e-13  int_abs_dA=1.636e-13  A_min=0.0005169  max_dA_fwd=-5.527e-06
  [shape] epoch  32500  rmse=0.0009491  max_abs_dA=0.001745  int_signed_dA=1.86e-13  int_abs_dA=1.861e-13  A_min=0.000658  max_dA_fwd=-5.517e-06
  [shape] epoch  32750  rmse=0.0009584  max_abs_dA=0.001739  int_signed_dA=1.935e-13  int_abs_dA=1.935e-13  A_min=0.0007506  max_dA_fwd=-5.506e-06
  [shape] epoch  33000  rmse=0.0009614  max_abs_dA=0.001752  int_signed_dA=1.922e-13  int_abs_dA=1.922e-13  A_min=0.0007247  max_dA_fwd=-5.518e-06
  [shape] epoch  33250  rmse=0.0009218  max_abs_dA=0.001702  int_signed_dA=1.817e-13  int_abs_dA=1.817e-13  A_min=0.0006924  max_dA_fwd=-5.515e-06
  [shape] epoch  33500  rmse=0.0009503  max_abs_dA=0.001734  int_signed_dA=1.912e-13  int_abs_dA=1.912e-13  A_min=0.0007413  max_dA_fwd=-5.531e-06
  [shape] epoch  33750  rmse=0.0008984  max_abs_dA=0.00169  int_signed_dA=1.729e-13  int_abs_dA=1.729e-13  A_min=0.0006202  max_dA_fwd=-5.555e-06
  [shape] epoch  34000  rmse=0.0008064  max_abs_dA=0.001558  int_signed_dA=1.503e-13  int_abs_dA=1.512e-13  A_min=0.0005717  max_dA_fwd=-5.551e-06
  [shape] epoch  34250  rmse=0.0009456  max_abs_dA=0.001741  int_signed_dA=1.863e-13  int_abs_dA=1.864e-13  A_min=0.0006865  max_dA_fwd=-5.544e-06
  [shape] epoch  34500  rmse=0.0009362  max_abs_dA=0.001738  int_signed_dA=1.839e-13  int_abs_dA=1.839e-13  A_min=0.0006617  max_dA_fwd=-5.563e-06
  [shape] epoch  34750  rmse=0.0009401  max_abs_dA=0.001746  int_signed_dA=1.845e-13  int_abs_dA=1.845e-13  A_min=0.0006657  max_dA_fwd=-5.571e-06
  [shape] epoch  35000  rmse=0.0009276  max_abs_dA=0.001732  int_signed_dA=1.812e-13  int_abs_dA=1.812e-13  A_min=0.0006428  max_dA_fwd=-5.566e-06
  [shape] epoch  35250  rmse=0.000976  max_abs_dA=0.001786  int_signed_dA=1.95e-13  int_abs_dA=1.95e-13  A_min=0.0007217  max_dA_fwd=-5.568e-06
  [shape] epoch  35500  rmse=0.0009202  max_abs_dA=0.001718  int_signed_dA=1.785e-13  int_abs_dA=1.795e-13  A_min=0.000646  max_dA_fwd=-5.576e-06
  [shape] epoch  35750  rmse=0.0009213  max_abs_dA=0.001728  int_signed_dA=1.792e-13  int_abs_dA=1.792e-13  A_min=0.0006474  max_dA_fwd=-5.58e-06
  [shape] epoch  36000  rmse=0.0009017  max_abs_dA=0.001706  int_signed_dA=1.729e-13  int_abs_dA=1.729e-13  A_min=0.000602  max_dA_fwd=-5.601e-06
  [shape] epoch  36250  rmse=0.0009444  max_abs_dA=0.001756  int_signed_dA=1.857e-13  int_abs_dA=1.857e-13  A_min=0.0006766  max_dA_fwd=-5.588e-06
  [shape] epoch  36500  rmse=0.0009564  max_abs_dA=0.001769  int_signed_dA=1.892e-13  int_abs_dA=1.892e-13  A_min=0.0007079  max_dA_fwd=-5.589e-06
  [shape] epoch  36750  rmse=0.0009532  max_abs_dA=0.001771  int_signed_dA=1.87e-13  int_abs_dA=1.87e-13  A_min=0.0006841  max_dA_fwd=-5.592e-06
  [shape] epoch  37000  rmse=0.0009468  max_abs_dA=0.001769  int_signed_dA=1.85e-13  int_abs_dA=1.85e-13  A_min=0.0006594  max_dA_fwd=-5.601e-06
  [shape] epoch  37250  rmse=0.0009204  max_abs_dA=0.001733  int_signed_dA=1.79e-13  int_abs_dA=1.79e-13  A_min=0.0006395  max_dA_fwd=-5.617e-06
  [shape] epoch  37500  rmse=0.0009571  max_abs_dA=0.001782  int_signed_dA=1.882e-13  int_abs_dA=1.882e-13  A_min=0.0006753  max_dA_fwd=-5.616e-06
  [shape] epoch  37750  rmse=0.0009867  max_abs_dA=0.001804  int_signed_dA=1.976e-13  int_abs_dA=1.976e-13  A_min=0.0007664  max_dA_fwd=-5.604e-06
  [shape] epoch  38000  rmse=0.000947  max_abs_dA=0.001773  int_signed_dA=1.848e-13  int_abs_dA=1.848e-13  A_min=0.0006614  max_dA_fwd=-5.622e-06
  [shape] epoch  38250  rmse=0.000981  max_abs_dA=0.001812  int_signed_dA=1.945e-13  int_abs_dA=1.945e-13  A_min=0.0007182  max_dA_fwd=-5.612e-06
  [shape] epoch  38500  rmse=0.0009505  max_abs_dA=0.001779  int_signed_dA=1.858e-13  int_abs_dA=1.858e-13  A_min=0.000663  max_dA_fwd=-5.629e-06
  [shape] epoch  38750  rmse=0.0008974  max_abs_dA=0.001713  int_signed_dA=1.716e-13  int_abs_dA=1.716e-13  A_min=0.0006034  max_dA_fwd=-5.64e-06
  [shape] epoch  39000  rmse=0.001011  max_abs_dA=0.001859  int_signed_dA=1.98e-13  int_abs_dA=2e-13  A_min=0.0007179  max_dA_fwd=-5.624e-06
  [shape] epoch  39250  rmse=0.0009462  max_abs_dA=0.001776  int_signed_dA=1.841e-13  int_abs_dA=1.841e-13  A_min=0.0006588  max_dA_fwd=-5.638e-06
  [shape] epoch  39500  rmse=0.0009403  max_abs_dA=0.001765  int_signed_dA=1.835e-13  int_abs_dA=1.835e-13  A_min=0.000667  max_dA_fwd=-5.639e-06
  [shape] epoch  39750  rmse=0.0009427  max_abs_dA=0.001772  int_signed_dA=1.832e-13  int_abs_dA=1.832e-13  A_min=0.000658  max_dA_fwd=-5.642e-06
  [shape] epoch  40000  rmse=0.000956  max_abs_dA=0.001789  int_signed_dA=1.861e-13  int_abs_dA=1.862e-13  A_min=0.000666  max_dA_fwd=-5.642e-06
  [shape] epoch  40250  rmse=0.0009509  max_abs_dA=0.001783  int_signed_dA=1.857e-13  int_abs_dA=1.857e-13  A_min=0.0006716  max_dA_fwd=-5.644e-06
  [shape] epoch  40500  rmse=0.0009943  max_abs_dA=0.001836  int_signed_dA=1.969e-13  int_abs_dA=1.969e-13  A_min=0.0007331  max_dA_fwd=-5.639e-06
  [shape] epoch  40750  rmse=0.0008733  max_abs_dA=0.001696  int_signed_dA=1.631e-13  int_abs_dA=1.631e-13  A_min=0.0005299  max_dA_fwd=-5.682e-06
  [shape] epoch  41000  rmse=0.0009486  max_abs_dA=0.001781  int_signed_dA=1.849e-13  int_abs_dA=1.849e-13  A_min=0.0006747  max_dA_fwd=-5.657e-06
  [shape] epoch  41250  rmse=0.0009607  max_abs_dA=0.001803  int_signed_dA=1.867e-13  int_abs_dA=1.867e-13  A_min=0.0006658  max_dA_fwd=-5.662e-06
  [shape] epoch  41500  rmse=0.0009533  max_abs_dA=0.001792  int_signed_dA=1.854e-13  int_abs_dA=1.854e-13  A_min=0.0006658  max_dA_fwd=-5.663e-06
  [shape] epoch  41750  rmse=0.0009301  max_abs_dA=0.001765  int_signed_dA=1.789e-13  int_abs_dA=1.789e-13  A_min=0.000632  max_dA_fwd=-5.674e-06
  [shape] epoch  42000  rmse=0.000971  max_abs_dA=0.001811  int_signed_dA=1.906e-13  int_abs_dA=1.906e-13  A_min=0.0006939  max_dA_fwd=-5.66e-06
  [shape] epoch  42250  rmse=0.0009765  max_abs_dA=0.001822  int_signed_dA=1.913e-13  int_abs_dA=1.913e-13  A_min=0.0006956  max_dA_fwd=-5.668e-06
  [shape] epoch  42500  rmse=0.0009442  max_abs_dA=0.001781  int_signed_dA=1.831e-13  int_abs_dA=1.831e-13  A_min=0.0006585  max_dA_fwd=-5.675e-06
  [shape] epoch  42750  rmse=0.0009339  max_abs_dA=0.001758  int_signed_dA=1.818e-13  int_abs_dA=1.818e-13  A_min=0.0006871  max_dA_fwd=-5.672e-06
  [shape] epoch  43000  rmse=0.0009603  max_abs_dA=0.001801  int_signed_dA=1.871e-13  int_abs_dA=1.871e-13  A_min=0.0006851  max_dA_fwd=-5.679e-06
  [shape] epoch  43250  rmse=0.0009545  max_abs_dA=0.0018  int_signed_dA=1.847e-13  int_abs_dA=1.847e-13  A_min=0.0006583  max_dA_fwd=-5.684e-06
  [shape] epoch  43500  rmse=0.0009879  max_abs_dA=0.001832  int_signed_dA=1.947e-13  int_abs_dA=1.947e-13  A_min=0.0007329  max_dA_fwd=-5.676e-06
  [shape] epoch  43750  rmse=0.0009441  max_abs_dA=0.001785  int_signed_dA=1.821e-13  int_abs_dA=1.821e-13  A_min=0.0006554  max_dA_fwd=-5.689e-06
  [shape] epoch  44000  rmse=0.0009419  max_abs_dA=0.001788  int_signed_dA=1.807e-13  int_abs_dA=1.807e-13  A_min=0.0006303  max_dA_fwd=-5.698e-06
  [shape] epoch  44250  rmse=0.0009425  max_abs_dA=0.001781  int_signed_dA=1.826e-13  int_abs_dA=1.826e-13  A_min=0.0006612  max_dA_fwd=-5.695e-06
  [shape] epoch  44500  rmse=0.0009575  max_abs_dA=0.001802  int_signed_dA=1.86e-13  int_abs_dA=1.86e-13  A_min=0.0006735  max_dA_fwd=-5.698e-06
  [shape] epoch  44750  rmse=0.0009583  max_abs_dA=0.001805  int_signed_dA=1.859e-13  int_abs_dA=1.859e-13  A_min=0.0006706  max_dA_fwd=-5.702e-06
  [shape] epoch  45000  rmse=0.0009673  max_abs_dA=0.001815  int_signed_dA=1.885e-13  int_abs_dA=1.885e-13  A_min=0.0006846  max_dA_fwd=-5.701e-06
  [shape] epoch  45250  rmse=0.000961  max_abs_dA=0.001804  int_signed_dA=1.875e-13  int_abs_dA=1.875e-13  A_min=0.0006893  max_dA_fwd=-5.704e-06
  [shape] epoch  45500  rmse=0.0009654  max_abs_dA=0.001816  int_signed_dA=1.871e-13  int_abs_dA=1.871e-13  A_min=0.0006714  max_dA_fwd=-5.706e-06
  [shape] epoch  45750  rmse=0.0009549  max_abs_dA=0.001799  int_signed_dA=1.853e-13  int_abs_dA=1.853e-13  A_min=0.0006778  max_dA_fwd=-5.71e-06
  [shape] epoch  46000  rmse=0.000956  max_abs_dA=0.0018  int_signed_dA=1.856e-13  int_abs_dA=1.856e-13  A_min=0.0006811  max_dA_fwd=-5.714e-06
  [shape] epoch  46250  rmse=0.0009432  max_abs_dA=0.001782  int_signed_dA=1.825e-13  int_abs_dA=1.825e-13  A_min=0.0006731  max_dA_fwd=-5.714e-06
  [shape] epoch  46500  rmse=0.0009575  max_abs_dA=0.001798  int_signed_dA=1.864e-13  int_abs_dA=1.864e-13  A_min=0.0006984  max_dA_fwd=-5.714e-06
  [shape] epoch  46750  rmse=0.0009463  max_abs_dA=0.001786  int_signed_dA=1.835e-13  int_abs_dA=1.835e-13  A_min=0.0006783  max_dA_fwd=-5.722e-06
  [shape] epoch  47000  rmse=0.0009573  max_abs_dA=0.001803  int_signed_dA=1.856e-13  int_abs_dA=1.856e-13  A_min=0.0006789  max_dA_fwd=-5.724e-06
  [shape] epoch  47250  rmse=0.0009384  max_abs_dA=0.00178  int_signed_dA=1.805e-13  int_abs_dA=1.805e-13  A_min=0.0006554  max_dA_fwd=-5.731e-06
  [shape] epoch  47500  rmse=0.0009425  max_abs_dA=0.001782  int_signed_dA=1.825e-13  int_abs_dA=1.825e-13  A_min=0.0006708  max_dA_fwd=-5.734e-06
  [shape] epoch  47750  rmse=0.0009569  max_abs_dA=0.001803  int_signed_dA=1.856e-13  int_abs_dA=1.856e-13  A_min=0.0006794  max_dA_fwd=-5.734e-06
  [shape] epoch  48000  rmse=0.000934  max_abs_dA=0.001772  int_signed_dA=1.799e-13  int_abs_dA=1.799e-13  A_min=0.0006602  max_dA_fwd=-5.738e-06
  [shape] epoch  48250  rmse=0.0009641  max_abs_dA=0.001812  int_signed_dA=1.876e-13  int_abs_dA=1.876e-13  A_min=0.0006911  max_dA_fwd=-5.738e-06
  [shape] epoch  48500  rmse=0.0009576  max_abs_dA=0.001803  int_signed_dA=1.863e-13  int_abs_dA=1.863e-13  A_min=0.0006833  max_dA_fwd=-5.742e-06
  [shape] epoch  48750  rmse=0.0009563  max_abs_dA=0.001801  int_signed_dA=1.855e-13  int_abs_dA=1.855e-13  A_min=0.0006836  max_dA_fwd=-5.744e-06
  [shape] epoch  49000  rmse=0.0009722  max_abs_dA=0.001821  int_signed_dA=1.897e-13  int_abs_dA=1.897e-13  A_min=0.0007037  max_dA_fwd=-5.744e-06
  [shape] epoch  49250  rmse=0.0009679  max_abs_dA=0.001815  int_signed_dA=1.885e-13  int_abs_dA=1.885e-13  A_min=0.0007005  max_dA_fwd=-5.747e-06
  [shape] epoch  49500  rmse=0.0009513  max_abs_dA=0.001796  int_signed_dA=1.841e-13  int_abs_dA=1.841e-13  A_min=0.0006749  max_dA_fwd=-5.754e-06
  [shape] epoch  49750  rmse=0.0009483  max_abs_dA=0.001793  int_signed_dA=1.831e-13  int_abs_dA=1.831e-13  A_min=0.00067  max_dA_fwd=-5.757e-06
  [shape] epoch  50000  rmse=0.0009581  max_abs_dA=0.001804  int_signed_dA=1.857e-13  int_abs_dA=1.857e-13  A_min=0.0006868  max_dA_fwd=-5.757e-06
  [shape] epoch  50250  rmse=0.0009587  max_abs_dA=0.001805  int_signed_dA=1.861e-13  int_abs_dA=1.861e-13  A_min=0.0006858  max_dA_fwd=-5.762e-06
  [shape] epoch  50500  rmse=0.0009586  max_abs_dA=0.001804  int_signed_dA=1.86e-13  int_abs_dA=1.86e-13  A_min=0.0006886  max_dA_fwd=-5.764e-06
  [shape] epoch  50750  rmse=0.0009513  max_abs_dA=0.001795  int_signed_dA=1.84e-13  int_abs_dA=1.84e-13  A_min=0.0006793  max_dA_fwd=-5.768e-06
  [shape] epoch  51000  rmse=0.0009628  max_abs_dA=0.001808  int_signed_dA=1.873e-13  int_abs_dA=1.873e-13  A_min=0.0006992  max_dA_fwd=-5.768e-06
  [shape] epoch  51250  rmse=0.0009475  max_abs_dA=0.001791  int_signed_dA=1.83e-13  int_abs_dA=1.83e-13  A_min=0.0006739  max_dA_fwd=-5.775e-06
  [shape] epoch  51500  rmse=0.0009533  max_abs_dA=0.001798  int_signed_dA=1.844e-13  int_abs_dA=1.844e-13  A_min=0.0006793  max_dA_fwd=-5.777e-06
  [shape] epoch  51750  rmse=0.0009546  max_abs_dA=0.001799  int_signed_dA=1.849e-13  int_abs_dA=1.849e-13  A_min=0.0006854  max_dA_fwd=-5.779e-06
  [shape] epoch  52000  rmse=0.0009585  max_abs_dA=0.001803  int_signed_dA=1.861e-13  int_abs_dA=1.861e-13  A_min=0.0006929  max_dA_fwd=-5.781e-06
  [shape] epoch  52250  rmse=0.0009522  max_abs_dA=0.001797  int_signed_dA=1.84e-13  int_abs_dA=1.84e-13  A_min=0.0006807  max_dA_fwd=-5.784e-06
  [shape] epoch  52500  rmse=0.0009553  max_abs_dA=0.0018  int_signed_dA=1.851e-13  int_abs_dA=1.851e-13  A_min=0.0006861  max_dA_fwd=-5.788e-06
  [shape] epoch  52750  rmse=0.0009588  max_abs_dA=0.001805  int_signed_dA=1.86e-13  int_abs_dA=1.86e-13  A_min=0.000689  max_dA_fwd=-5.792e-06
  [shape] epoch  53000  rmse=0.0009546  max_abs_dA=0.001799  int_signed_dA=1.849e-13  int_abs_dA=1.849e-13  A_min=0.0006859  max_dA_fwd=-5.794e-06
  [shape] epoch  53250  rmse=0.000949  max_abs_dA=0.001793  int_signed_dA=1.831e-13  int_abs_dA=1.831e-13  A_min=0.0006748  max_dA_fwd=-5.799e-06
  [shape] epoch  53500  rmse=0.0009563  max_abs_dA=0.001801  int_signed_dA=1.854e-13  int_abs_dA=1.854e-13  A_min=0.0006871  max_dA_fwd=-5.8e-06
  [shape] epoch  53750  rmse=0.00096  max_abs_dA=0.001806  int_signed_dA=1.863e-13  int_abs_dA=1.863e-13  A_min=0.000691  max_dA_fwd=-5.803e-06
  [shape] epoch  54000  rmse=0.000948  max_abs_dA=0.001792  int_signed_dA=1.83e-13  int_abs_dA=1.83e-13  A_min=0.0006709  max_dA_fwd=-5.81e-06
  [shape] epoch  54250  rmse=0.0009556  max_abs_dA=0.001799  int_signed_dA=1.852e-13  int_abs_dA=1.852e-13  A_min=0.0006912  max_dA_fwd=-5.81e-06
  [shape] epoch  54500  rmse=0.0009469  max_abs_dA=0.001789  int_signed_dA=1.828e-13  int_abs_dA=1.828e-13  A_min=0.0006747  max_dA_fwd=-5.816e-06
  [shape] epoch  54750  rmse=0.000952  max_abs_dA=0.001796  int_signed_dA=1.84e-13  int_abs_dA=1.84e-13  A_min=0.0006808  max_dA_fwd=-5.817e-06
  [shape] epoch  55000  rmse=0.0009583  max_abs_dA=0.001802  int_signed_dA=1.86e-13  int_abs_dA=1.86e-13  A_min=0.0006937  max_dA_fwd=-5.818e-06
  [shape] epoch  55250  rmse=0.0009483  max_abs_dA=0.00179  int_signed_dA=1.831e-13  int_abs_dA=1.831e-13  A_min=0.0006783  max_dA_fwd=-5.824e-06
  [shape] epoch  55500  rmse=0.0009442  max_abs_dA=0.001786  int_signed_dA=1.821e-13  int_abs_dA=1.821e-13  A_min=0.000671  max_dA_fwd=-5.828e-06
  [shape] epoch  55750  rmse=0.0009522  max_abs_dA=0.001795  int_signed_dA=1.843e-13  int_abs_dA=1.843e-13  A_min=0.0006849  max_dA_fwd=-5.829e-06
  [shape] epoch  56000  rmse=0.0009541  max_abs_dA=0.001797  int_signed_dA=1.847e-13  int_abs_dA=1.847e-13  A_min=0.000686  max_dA_fwd=-5.831e-06
  [shape] epoch  56250  rmse=0.0009476  max_abs_dA=0.00179  int_signed_dA=1.828e-13  int_abs_dA=1.828e-13  A_min=0.0006744  max_dA_fwd=-5.836e-06
  [shape] epoch  56500  rmse=0.0009545  max_abs_dA=0.001796  int_signed_dA=1.848e-13  int_abs_dA=1.848e-13  A_min=0.0006909  max_dA_fwd=-5.835e-06
  [shape] epoch  56750  rmse=0.0009534  max_abs_dA=0.001796  int_signed_dA=1.845e-13  int_abs_dA=1.845e-13  A_min=0.0006859  max_dA_fwd=-5.84e-06
  [shape] epoch  57000  rmse=0.0009505  max_abs_dA=0.001792  int_signed_dA=1.837e-13  int_abs_dA=1.837e-13  A_min=0.0006814  max_dA_fwd=-5.843e-06
  [shape] epoch  57250  rmse=0.000953  max_abs_dA=0.001795  int_signed_dA=1.844e-13  int_abs_dA=1.844e-13  A_min=0.0006852  max_dA_fwd=-5.846e-06
  [shape] epoch  57500  rmse=0.0009482  max_abs_dA=0.001789  int_signed_dA=1.83e-13  int_abs_dA=1.83e-13  A_min=0.0006782  max_dA_fwd=-5.85e-06
  [shape] epoch  57750  rmse=0.0009515  max_abs_dA=0.001793  int_signed_dA=1.839e-13  int_abs_dA=1.839e-13  A_min=0.0006825  max_dA_fwd=-5.852e-06
  [shape] epoch  58000  rmse=0.000959  max_abs_dA=0.001801  int_signed_dA=1.861e-13  int_abs_dA=1.861e-13  A_min=0.0006971  max_dA_fwd=-5.852e-06
  [shape] epoch  58250  rmse=0.0009539  max_abs_dA=0.001796  int_signed_dA=1.846e-13  int_abs_dA=1.846e-13  A_min=0.0006872  max_dA_fwd=-5.856e-06
  [shape] epoch  58500  rmse=0.0009516  max_abs_dA=0.001793  int_signed_dA=1.839e-13  int_abs_dA=1.839e-13  A_min=0.0006825  max_dA_fwd=-5.86e-06
  [shape] epoch  58750  rmse=0.000948  max_abs_dA=0.00179  int_signed_dA=1.828e-13  int_abs_dA=1.828e-13  A_min=0.0006732  max_dA_fwd=-5.864e-06
  [shape] epoch  59000  rmse=0.00095  max_abs_dA=0.001791  int_signed_dA=1.837e-13  int_abs_dA=1.837e-13  A_min=0.0006808  max_dA_fwd=-5.867e-06
  [shape] epoch  59250  rmse=0.0009531  max_abs_dA=0.001794  int_signed_dA=1.843e-13  int_abs_dA=1.843e-13  A_min=0.0006857  max_dA_fwd=-5.867e-06
  [shape] epoch  59500  rmse=0.0009492  max_abs_dA=0.00179  int_signed_dA=1.832e-13  int_abs_dA=1.832e-13  A_min=0.0006793  max_dA_fwd=-5.871e-06
  [shape] epoch  59750  rmse=0.0009528  max_abs_dA=0.001794  int_signed_dA=1.843e-13  int_abs_dA=1.843e-13  A_min=0.000686  max_dA_fwd=-5.873e-06
  [shape] epoch  59999  rmse=0.0009509  max_abs_dA=0.001792  int_signed_dA=1.838e-13  int_abs_dA=1.838e-13  A_min=0.0006815  max_dA_fwd=-5.876e-06
[spectral-pn] spn-L0.1-s42: loss 4.495e-03 -> 4.750e-08 (x94618 drop)
[spectral-pn] RMSE=0.0010 max|dA|=0.0018 gamma_eff=2.9859e+10 gamma_ratio=0.9945
[spectral-pn] snapshot=final best_epoch=59999 best_loss=4.750e-08 final_loss=4.750e-08
[spectral-pn-shape] cancel=1.000 int_signed_dA=1.8376e-13 int_abs_dA=1.8376e-13 A_min=6.8151e-04 max_dA_fwd=-5.8763e-06
[spectral-pn] saved: runs/transient/pn_corridor_ladder_60k/ladder_L0.1_2d
