[spectral-pn] case: L=100.0 um, Nk=20, L_max=8, run=20260815_172938
[spectral-pn] window t_end=1.985e-05 s (2968470.4 tau_ref), gamma_dom=3.5259e+05 Hz
[spectral-pn] window mode=n_decay rule=n_decay (t_1% at 0.01*A0: nan s; n_dec=7/gamma_dom: 1.9853e-05 s)
  epoch      0  residual 6.171e+02
  epoch    250  residual 5.738e-02
  epoch    500  residual 2.212e-02
  epoch    750  residual 1.206e-02
  epoch   1000  residual 7.829e-03
  epoch   1250  residual 5.345e-03
  epoch   1500  residual 3.776e-03
  epoch   1750  residual 2.728e-03
  epoch   2000  residual 1.988e-03
  epoch   2250  residual 2.761e-03
  epoch   2500  residual 1.181e-03
  epoch   2750  residual 9.652e-04
  epoch   3000  residual 8.117e-04
  epoch   3250  residual 6.978e-04
  epoch   3500  residual 6.057e-04
  epoch   3750  residual 1.608e-03
  epoch   4000  residual 4.542e-04
  epoch   4250  residual 3.904e-04
  epoch   4500  residual 3.365e-04
  epoch   4750  residual 2.891e-04
  epoch   5000  residual 3.460e-04
  epoch   5250  residual 2.083e-04
  epoch   5500  residual 1.770e-04
  epoch   5750  residual 1.508e-04
  epoch   6000  residual 2.087e-04
  epoch   6250  residual 1.105e-04
  epoch   6500  residual 9.848e-05
  epoch   6750  residual 8.635e-05
  epoch   7000  residual 1.021e-03
  epoch   7250  residual 6.881e-05
  epoch   7500  residual 7.220e-05
  epoch   7750  residual 5.547e-05
  epoch   8000  residual 5.754e-05
  epoch   8250  residual 4.469e-05
  epoch   8500  residual 6.067e-05
  epoch   8750  residual 7.527e-05
  epoch   9000  residual 3.253e-05
  epoch   9250  residual 2.827e-05
  epoch   9500  residual 2.514e-05
  epoch   9750  residual 2.153e-05
  epoch  10000  residual 1.993e-05
  epoch  10250  residual 1.743e-05
  epoch  10500  residual 7.664e-04
  epoch  10750  residual 1.672e-05
  epoch  11000  residual 5.683e-05
  epoch  11250  residual 1.245e-05
  epoch  11500  residual 9.560e-06
  epoch  11750  residual 1.988e-05
  epoch  12000  residual 7.221e-06
  epoch  12250  residual 1.164e-05
  epoch  12500  residual 5.198e-06
  epoch  12750  residual 4.599e-06
  epoch  13000  residual 9.183e-06
  epoch  13250  residual 3.969e-06
  epoch  13500  residual 2.896e-06
  epoch  13750  residual 6.360e-06
  epoch  14000  residual 2.779e-06
  epoch  14250  residual 1.581e-05
  epoch  14500  residual 1.035e-05
  epoch  14750  residual 2.351e-06
  epoch  15000  residual 6.720e-06
  epoch  15250  residual 2.221e-06
  epoch  15500  residual 1.602e-05
  epoch  15750  residual 5.831e-06
  epoch  16000  residual 1.678e-06
  epoch  16250  residual 2.154e-06
  epoch  16500  residual 6.005e-05
  epoch  16750  residual 2.044e-05
  epoch  17000  residual 1.444e-06
  epoch  17250  residual 1.313e-06
  epoch  17500  residual 2.068e-05
  epoch  17750  residual 1.467e-06
  epoch  18000  residual 1.416e-06
  epoch  18250  residual 4.183e-06
  epoch  18500  residual 1.135e-06
  epoch  18750  residual 5.104e-06
  epoch  19000  residual 1.068e-06
  epoch  19250  residual 4.474e-06
  epoch  19500  residual 1.369e-05
  epoch  19750  residual 1.885e-06
  epoch  20000  residual 3.314e-05
  epoch  20250  residual 1.646e-05
  epoch  20500  residual 5.522e-05
  epoch  20750  residual 1.766e-05
  epoch  21000  residual 2.757e-06
  epoch  21250  residual 1.419e-05
  epoch  21500  residual 1.156e-05
  epoch  21750  residual 2.028e-06
  epoch  22000  residual 5.956e-06
  epoch  22250  residual 1.104e-06
  epoch  22500  residual 7.117e-06
  epoch  22750  residual 9.045e-07
  epoch  23000  residual 2.332e-06
  epoch  23250  residual 5.021e-06
  epoch  23500  residual 3.653e-06
  epoch  23750  residual 6.878e-06
  epoch  24000  residual 5.369e-06
  epoch  24250  residual 7.946e-07
  epoch  24500  residual 1.369e-06
  epoch  24750  residual 3.387e-06
  epoch  25000  residual 2.771e-06
  epoch  25250  residual 2.634e-05
  epoch  25500  residual 1.447e-05
  epoch  25750  residual 2.275e-06
  epoch  26000  residual 1.451e-06
  epoch  26250  residual 3.240e-06
  epoch  26500  residual 1.827e-05
  epoch  26750  residual 2.355e-05
  epoch  27000  residual 3.528e-06
  epoch  27250  residual 7.199e-06
  epoch  27500  residual 5.870e-06
  epoch  27750  residual 2.891e-05
  epoch  28000  residual 1.064e-05
  epoch  28250  residual 6.444e-06
  epoch  28500  residual 1.839e-06
  epoch  28750  residual 1.961e-06
  epoch  29000  residual 3.782e-06
  epoch  29250  residual 5.734e-06
  epoch  29500  residual 5.821e-06
  epoch  29750  residual 3.604e-06
  epoch  30000  residual 7.474e-07
  epoch  30250  residual 3.074e-06
  epoch  30500  residual 6.730e-06
  epoch  30750  residual 4.544e-06
  epoch  31000  residual 7.568e-07
  epoch  31250  residual 6.667e-07
  epoch  31500  residual 2.270e-06
  epoch  31750  residual 2.080e-05
  epoch  32000  residual 4.406e-06
  epoch  32250  residual 1.437e-05
  epoch  32500  residual 7.194e-07
  epoch  32750  residual 6.862e-07
  epoch  33000  residual 8.480e-07
  epoch  33250  residual 1.901e-05
  epoch  33500  residual 1.478e-06
  epoch  33750  residual 1.208e-06
  epoch  34000  residual 8.983e-07
  epoch  34250  residual 6.032e-07
  epoch  34500  residual 6.131e-06
  epoch  34750  residual 5.725e-07
  epoch  35000  residual 1.492e-06
  epoch  35250  residual 8.593e-07
  epoch  35500  residual 1.268e-06
  epoch  35750  residual 6.739e-07
  epoch  36000  residual 7.791e-07
  epoch  36250  residual 5.004e-06
  epoch  36500  residual 1.867e-06
  epoch  36750  residual 3.820e-06
  epoch  37000  residual 2.057e-06
  epoch  37250  residual 4.768e-07
  epoch  37500  residual 2.355e-06
  epoch  37750  residual 5.624e-07
  epoch  38000  residual 9.210e-06
  epoch  38250  residual 5.859e-06
  epoch  38500  residual 6.831e-07
  epoch  38750  residual 1.047e-06
  epoch  39000  residual 1.520e-05
  epoch  39250  residual 4.855e-07
  epoch  39500  residual 8.515e-06
  epoch  39750  residual 5.419e-07
  epoch  40000  residual 4.096e-07
  epoch  40250  residual 1.260e-06
  epoch  40500  residual 4.104e-07
  epoch  40750  residual 1.972e-06
  epoch  41000  residual 3.861e-07
  epoch  41250  residual 6.898e-07
  epoch  41500  residual 6.561e-07
  epoch  41750  residual 6.884e-06
  epoch  42000  residual 3.702e-07
  epoch  42250  residual 3.884e-07
  epoch  42500  residual 4.004e-07
  epoch  42750  residual 3.872e-07
  epoch  43000  residual 4.207e-07
  epoch  43250  residual 5.958e-07
  epoch  43500  residual 5.371e-07
  epoch  43750  residual 7.288e-07
  epoch  44000  residual 5.434e-07
  epoch  44250  residual 5.104e-07
  epoch  44500  residual 3.025e-07
  epoch  44750  residual 2.940e-07
  epoch  45000  residual 5.535e-07
  epoch  45250  residual 2.592e-07
  epoch  45500  residual 3.153e-07
  epoch  45750  residual 1.826e-06
  epoch  46000  residual 4.124e-07
  epoch  46250  residual 2.335e-07
  epoch  46500  residual 2.324e-07
  epoch  46750  residual 7.584e-07
  epoch  47000  residual 2.444e-07
  epoch  47250  residual 2.200e-07
  epoch  47500  residual 3.143e-07
  epoch  47750  residual 4.790e-07
  epoch  48000  residual 1.266e-06
  epoch  48250  residual 1.791e-07
  epoch  48500  residual 4.037e-07
  epoch  48750  residual 2.213e-07
  epoch  49000  residual 3.839e-07
  epoch  49250  residual 5.528e-07
  epoch  49500  residual 1.548e-07
  epoch  49750  residual 1.752e-07
  epoch  50000  residual 1.661e-07
  epoch  50250  residual 1.463e-07
  epoch  50500  residual 4.125e-07
  epoch  50750  residual 6.258e-07
  epoch  51000  residual 4.651e-07
  epoch  51250  residual 2.345e-07
  epoch  51500  residual 4.105e-07
  epoch  51750  residual 1.165e-07
  epoch  52000  residual 3.468e-07
  epoch  52250  residual 2.882e-07
  epoch  52500  residual 9.311e-08
  epoch  52750  residual 1.555e-06
  epoch  53000  residual 8.041e-07
  epoch  53250  residual 9.159e-08
  epoch  53500  residual 1.305e-07
  epoch  53750  residual 1.121e-06
  epoch  54000  residual 1.856e-07
  epoch  54250  residual 3.695e-07
  epoch  54500  residual 7.689e-08
  epoch  54750  residual 2.256e-07
  epoch  55000  residual 6.275e-08
  epoch  55250  residual 6.738e-08
  epoch  55500  residual 9.886e-08
  epoch  55750  residual 5.640e-08
  epoch  56000  residual 3.201e-07
  epoch  56250  residual 5.364e-08
  epoch  56500  residual 8.819e-08
  epoch  56750  residual 5.628e-08
  epoch  57000  residual 4.700e-08
  epoch  57250  residual 4.444e-08
  epoch  57500  residual 5.104e-08
  epoch  57750  residual 4.258e-08
  epoch  58000  residual 4.634e-08
  epoch  58250  residual 4.354e-08
  epoch  58500  residual 1.083e-07
  epoch  58750  residual 3.812e-08
  epoch  59000  residual 3.806e-08
  epoch  59250  residual 4.378e-08
  epoch  59500  residual 4.330e-08
  epoch  59750  residual 3.531e-08
  epoch  59999  residual 3.450e-08
  [gamma] epoch      0  gamma_ratio 108.0168  residual 6.171e+02
  [gamma] epoch    250  gamma_ratio 1.8972  residual 5.738e-02
  [gamma] epoch    500  gamma_ratio 1.4985  residual 2.212e-02
  [gamma] epoch    750  gamma_ratio 1.3719  residual 1.206e-02
  [gamma] epoch   1000  gamma_ratio 1.3159  residual 7.829e-03
  [gamma] epoch   1250  gamma_ratio 1.2970  residual 5.345e-03
  [gamma] epoch   1500  gamma_ratio 1.2910  residual 3.776e-03
  [gamma] epoch   1750  gamma_ratio 1.2811  residual 2.728e-03
  [gamma] epoch   2000  gamma_ratio 1.2624  residual 1.988e-03
  [gamma] epoch   2250  gamma_ratio 1.2404  residual 2.761e-03
  [gamma] epoch   2500  gamma_ratio 1.2260  residual 1.181e-03
  [gamma] epoch   2750  gamma_ratio 1.2148  residual 9.652e-04
  [gamma] epoch   3000  gamma_ratio 1.2033  residual 8.117e-04
  [gamma] epoch   3250  gamma_ratio 1.1935  residual 6.978e-04
  [gamma] epoch   3500  gamma_ratio 1.1819  residual 6.057e-04
  [gamma] epoch   3750  gamma_ratio 1.1721  residual 1.608e-03
  [gamma] epoch   4000  gamma_ratio 1.1611  residual 4.542e-04
  [gamma] epoch   4250  gamma_ratio 1.1505  residual 3.904e-04
  [gamma] epoch   4500  gamma_ratio 1.1385  residual 3.365e-04
  [gamma] epoch   4750  gamma_ratio 1.1254  residual 2.891e-04
  [gamma] epoch   5000  gamma_ratio 1.1167  residual 3.460e-04
  [gamma] epoch   5250  gamma_ratio 1.1021  residual 2.083e-04
  [gamma] epoch   5500  gamma_ratio 1.0898  residual 1.770e-04
  [gamma] epoch   5750  gamma_ratio 1.0811  residual 1.508e-04
  [gamma] epoch   6000  gamma_ratio 1.0762  residual 2.087e-04
  [gamma] epoch   6250  gamma_ratio 1.0673  residual 1.105e-04
  [gamma] epoch   6500  gamma_ratio 1.0581  residual 9.848e-05
  [gamma] epoch   6750  gamma_ratio 1.0535  residual 8.635e-05
  [gamma] epoch   7000  gamma_ratio 1.0522  residual 1.021e-03
  [gamma] epoch   7250  gamma_ratio 1.0465  residual 6.881e-05
  [gamma] epoch   7500  gamma_ratio 1.0425  residual 7.220e-05
  [gamma] epoch   7750  gamma_ratio 1.0391  residual 5.547e-05
  [gamma] epoch   8000  gamma_ratio 1.0337  residual 5.754e-05
  [gamma] epoch   8250  gamma_ratio 1.0318  residual 4.469e-05
  [gamma] epoch   8500  gamma_ratio 1.0250  residual 6.067e-05
  [gamma] epoch   8750  gamma_ratio 1.0189  residual 7.527e-05
  [gamma] epoch   9000  gamma_ratio 1.0217  residual 3.253e-05
  [gamma] epoch   9250  gamma_ratio 1.0168  residual 2.827e-05
  [gamma] epoch   9500  gamma_ratio 1.0148  residual 2.514e-05
  [gamma] epoch   9750  gamma_ratio 1.0122  residual 2.153e-05
  [gamma] epoch  10000  gamma_ratio 1.0094  residual 1.993e-05
  [gamma] epoch  10250  gamma_ratio 1.0071  residual 1.743e-05
  [gamma] epoch  10500  gamma_ratio 1.0038  residual 7.664e-04
  [gamma] epoch  10750  gamma_ratio 1.0019  residual 1.672e-05
  [gamma] epoch  11000  gamma_ratio 1.0010  residual 5.683e-05
  [gamma] epoch  11250  gamma_ratio 0.9989  residual 1.245e-05
  [gamma] epoch  11500  gamma_ratio 0.9986  residual 9.560e-06
  [gamma] epoch  11750  gamma_ratio 0.9953  residual 1.988e-05
  [gamma] epoch  12000  gamma_ratio 0.9979  residual 7.221e-06
  [gamma] epoch  12250  gamma_ratio 0.9947  residual 1.164e-05
  [gamma] epoch  12500  gamma_ratio 0.9971  residual 5.198e-06
  [gamma] epoch  12750  gamma_ratio 0.9971  residual 4.599e-06
  [gamma] epoch  13000  gamma_ratio 0.9954  residual 9.183e-06
  [gamma] epoch  13250  gamma_ratio 0.9971  residual 3.969e-06
  [gamma] epoch  13500  gamma_ratio 0.9968  residual 2.896e-06
  [gamma] epoch  13750  gamma_ratio 0.9957  residual 6.360e-06
  [gamma] epoch  14000  gamma_ratio 0.9975  residual 2.779e-06
  [gamma] epoch  14250  gamma_ratio 0.9961  residual 1.581e-05
  [gamma] epoch  14500  gamma_ratio 0.9994  residual 1.035e-05
  [gamma] epoch  14750  gamma_ratio 0.9983  residual 2.351e-06
  [gamma] epoch  15000  gamma_ratio 0.9981  residual 6.720e-06
  [gamma] epoch  15250  gamma_ratio 0.9984  residual 2.221e-06
  [gamma] epoch  15500  gamma_ratio 0.9977  residual 1.602e-05
  [gamma] epoch  15750  gamma_ratio 0.9976  residual 5.831e-06
  [gamma] epoch  16000  gamma_ratio 0.9985  residual 1.678e-06
  [gamma] epoch  16250  gamma_ratio 0.9995  residual 2.154e-06
  [gamma] epoch  16500  gamma_ratio 1.0043  residual 6.005e-05
  [gamma] epoch  16750  gamma_ratio 0.9948  residual 2.044e-05
  [gamma] epoch  17000  gamma_ratio 0.9995  residual 1.444e-06
  [gamma] epoch  17250  gamma_ratio 1.0001  residual 1.313e-06
  [gamma] epoch  17500  gamma_ratio 0.9955  residual 2.068e-05
  [gamma] epoch  17750  gamma_ratio 0.9987  residual 1.467e-06
  [gamma] epoch  18000  gamma_ratio 0.9994  residual 1.416e-06
  [gamma] epoch  18250  gamma_ratio 0.9977  residual 4.183e-06
  [gamma] epoch  18500  gamma_ratio 1.0001  residual 1.135e-06
  [gamma] epoch  18750  gamma_ratio 0.9995  residual 5.104e-06
  [gamma] epoch  19000  gamma_ratio 0.9998  residual 1.068e-06
  [gamma] epoch  19250  gamma_ratio 1.0015  residual 4.474e-06
  [gamma] epoch  19500  gamma_ratio 0.9953  residual 1.369e-05
  [gamma] epoch  19750  gamma_ratio 0.9994  residual 1.885e-06
  [gamma] epoch  20000  gamma_ratio 1.0097  residual 3.314e-05
  [gamma] epoch  20250  gamma_ratio 0.9979  residual 1.646e-05
  [gamma] epoch  20500  gamma_ratio 0.9877  residual 5.522e-05
  [gamma] epoch  20750  gamma_ratio 1.0057  residual 1.766e-05
  [gamma] epoch  21000  gamma_ratio 0.9995  residual 2.757e-06
  [gamma] epoch  21250  gamma_ratio 0.9929  residual 1.419e-05
  [gamma] epoch  21500  gamma_ratio 0.9960  residual 1.156e-05
  [gamma] epoch  21750  gamma_ratio 1.0003  residual 2.028e-06
  [gamma] epoch  22000  gamma_ratio 1.0029  residual 5.956e-06
  [gamma] epoch  22250  gamma_ratio 1.0004  residual 1.104e-06
  [gamma] epoch  22500  gamma_ratio 1.0008  residual 7.117e-06
  [gamma] epoch  22750  gamma_ratio 1.0006  residual 9.045e-07
  [gamma] epoch  23000  gamma_ratio 1.0014  residual 2.332e-06
  [gamma] epoch  23250  gamma_ratio 1.0032  residual 5.021e-06
  [gamma] epoch  23500  gamma_ratio 1.0028  residual 3.653e-06
  [gamma] epoch  23750  gamma_ratio 1.0043  residual 6.878e-06
  [gamma] epoch  24000  gamma_ratio 0.9991  residual 5.369e-06
  [gamma] epoch  24250  gamma_ratio 1.0020  residual 7.946e-07
  [gamma] epoch  24500  gamma_ratio 1.0029  residual 1.369e-06
  [gamma] epoch  24750  gamma_ratio 0.9993  residual 3.387e-06
  [gamma] epoch  25000  gamma_ratio 0.9996  residual 2.771e-06
  [gamma] epoch  25250  gamma_ratio 0.9946  residual 2.634e-05
  [gamma] epoch  25500  gamma_ratio 1.0085  residual 1.447e-05
  [gamma] epoch  25750  gamma_ratio 1.0045  residual 2.275e-06
  [gamma] epoch  26000  gamma_ratio 1.0023  residual 1.451e-06
  [gamma] epoch  26250  gamma_ratio 1.0059  residual 3.240e-06
  [gamma] epoch  26500  gamma_ratio 1.0110  residual 1.827e-05
  [gamma] epoch  26750  gamma_ratio 1.0084  residual 2.355e-05
  [gamma] epoch  27000  gamma_ratio 1.0055  residual 3.528e-06
  [gamma] epoch  27250  gamma_ratio 1.0054  residual 7.199e-06
  [gamma] epoch  27500  gamma_ratio 1.0056  residual 5.870e-06
  [gamma] epoch  27750  gamma_ratio 1.0071  residual 2.891e-05
  [gamma] epoch  28000  gamma_ratio 0.9991  residual 1.064e-05
  [gamma] epoch  28250  gamma_ratio 0.9978  residual 6.444e-06
  [gamma] epoch  28500  gamma_ratio 1.0032  residual 1.839e-06
  [gamma] epoch  28750  gamma_ratio 1.0050  residual 1.961e-06
  [gamma] epoch  29000  gamma_ratio 1.0024  residual 3.782e-06
  [gamma] epoch  29250  gamma_ratio 1.0002  residual 5.734e-06
  [gamma] epoch  29500  gamma_ratio 1.0000  residual 5.821e-06
  [gamma] epoch  29750  gamma_ratio 1.0005  residual 3.604e-06
  [gamma] epoch  30000  gamma_ratio 1.0032  residual 7.474e-07
  [gamma] epoch  30250  gamma_ratio 1.0032  residual 3.074e-06
  [gamma] epoch  30500  gamma_ratio 0.9992  residual 6.730e-06
  [gamma] epoch  30750  gamma_ratio 1.0067  residual 4.544e-06
  [gamma] epoch  31000  gamma_ratio 1.0027  residual 7.568e-07
  [gamma] epoch  31250  gamma_ratio 1.0033  residual 6.667e-07
  [gamma] epoch  31500  gamma_ratio 1.0057  residual 2.270e-06
  [gamma] epoch  31750  gamma_ratio 1.0026  residual 2.080e-05
  [gamma] epoch  32000  gamma_ratio 0.9993  residual 4.406e-06
  [gamma] epoch  32250  gamma_ratio 1.0076  residual 1.437e-05
  [gamma] epoch  32500  gamma_ratio 1.0029  residual 7.194e-07
  [gamma] epoch  32750  gamma_ratio 1.0035  residual 6.862e-07
  [gamma] epoch  33000  gamma_ratio 1.0031  residual 8.480e-07
  [gamma] epoch  33250  gamma_ratio 1.0050  residual 1.901e-05
  [gamma] epoch  33500  gamma_ratio 1.0032  residual 1.478e-06
  [gamma] epoch  33750  gamma_ratio 1.0015  residual 1.208e-06
  [gamma] epoch  34000  gamma_ratio 1.0029  residual 8.983e-07
  [gamma] epoch  34250  gamma_ratio 1.0032  residual 6.032e-07
  [gamma] epoch  34500  gamma_ratio 0.9981  residual 6.131e-06
  [gamma] epoch  34750  gamma_ratio 1.0030  residual 5.725e-07
  [gamma] epoch  35000  gamma_ratio 1.0024  residual 1.492e-06
  [gamma] epoch  35250  gamma_ratio 1.0028  residual 8.593e-07
  [gamma] epoch  35500  gamma_ratio 1.0034  residual 1.268e-06
  [gamma] epoch  35750  gamma_ratio 1.0033  residual 6.739e-07
  [gamma] epoch  36000  gamma_ratio 1.0042  residual 7.791e-07
  [gamma] epoch  36250  gamma_ratio 1.0070  residual 5.004e-06
  [gamma] epoch  36500  gamma_ratio 1.0043  residual 1.867e-06
  [gamma] epoch  36750  gamma_ratio 1.0060  residual 3.820e-06
  [gamma] epoch  37000  gamma_ratio 1.0012  residual 2.057e-06
  [gamma] epoch  37250  gamma_ratio 1.0030  residual 4.768e-07
  [gamma] epoch  37500  gamma_ratio 1.0013  residual 2.355e-06
  [gamma] epoch  37750  gamma_ratio 1.0027  residual 5.624e-07
  [gamma] epoch  38000  gamma_ratio 1.0013  residual 9.210e-06
  [gamma] epoch  38250  gamma_ratio 1.0031  residual 5.859e-06
  [gamma] epoch  38500  gamma_ratio 1.0035  residual 6.831e-07
  [gamma] epoch  38750  gamma_ratio 1.0044  residual 1.047e-06
  [gamma] epoch  39000  gamma_ratio 1.0031  residual 1.520e-05
  [gamma] epoch  39250  gamma_ratio 1.0031  residual 4.855e-07
  [gamma] epoch  39500  gamma_ratio 1.0081  residual 8.515e-06
  [gamma] epoch  39750  gamma_ratio 1.0032  residual 5.419e-07
  [gamma] epoch  40000  gamma_ratio 1.0028  residual 4.096e-07
  [gamma] epoch  40250  gamma_ratio 1.0031  residual 1.260e-06
  [gamma] epoch  40500  gamma_ratio 1.0030  residual 4.104e-07
  [gamma] epoch  40750  gamma_ratio 1.0047  residual 1.972e-06
  [gamma] epoch  41000  gamma_ratio 1.0027  residual 3.861e-07
  [gamma] epoch  41250  gamma_ratio 1.0035  residual 6.898e-07
  [gamma] epoch  41500  gamma_ratio 1.0034  residual 6.561e-07
  [gamma] epoch  41750  gamma_ratio 1.0081  residual 6.884e-06
  [gamma] epoch  42000  gamma_ratio 1.0028  residual 3.702e-07
  [gamma] epoch  42250  gamma_ratio 1.0027  residual 3.884e-07
  [gamma] epoch  42500  gamma_ratio 1.0024  residual 4.004e-07
  [gamma] epoch  42750  gamma_ratio 1.0030  residual 3.872e-07
  [gamma] epoch  43000  gamma_ratio 1.0026  residual 4.207e-07
  [gamma] epoch  43250  gamma_ratio 1.0033  residual 5.958e-07
  [gamma] epoch  43500  gamma_ratio 1.0016  residual 5.371e-07
  [gamma] epoch  43750  gamma_ratio 1.0043  residual 7.288e-07
  [gamma] epoch  44000  gamma_ratio 1.0020  residual 5.434e-07
  [gamma] epoch  44250  gamma_ratio 1.0027  residual 5.104e-07
  [gamma] epoch  44500  gamma_ratio 1.0025  residual 3.025e-07
  [gamma] epoch  44750  gamma_ratio 1.0025  residual 2.940e-07
  [gamma] epoch  45000  gamma_ratio 1.0026  residual 5.535e-07
  [gamma] epoch  45250  gamma_ratio 1.0025  residual 2.592e-07
  [gamma] epoch  45500  gamma_ratio 1.0024  residual 3.153e-07
  [gamma] epoch  45750  gamma_ratio 1.0032  residual 1.826e-06
  [gamma] epoch  46000  gamma_ratio 1.0024  residual 4.124e-07
  [gamma] epoch  46250  gamma_ratio 1.0026  residual 2.335e-07
  [gamma] epoch  46500  gamma_ratio 1.0025  residual 2.324e-07
  [gamma] epoch  46750  gamma_ratio 1.0020  residual 7.584e-07
  [gamma] epoch  47000  gamma_ratio 1.0024  residual 2.444e-07
  [gamma] epoch  47250  gamma_ratio 1.0023  residual 2.200e-07
  [gamma] epoch  47500  gamma_ratio 1.0027  residual 3.143e-07
  [gamma] epoch  47750  gamma_ratio 1.0030  residual 4.790e-07
  [gamma] epoch  48000  gamma_ratio 1.0024  residual 1.266e-06
  [gamma] epoch  48250  gamma_ratio 1.0024  residual 1.791e-07
  [gamma] epoch  48500  gamma_ratio 1.0027  residual 4.037e-07
  [gamma] epoch  48750  gamma_ratio 1.0019  residual 2.213e-07
  [gamma] epoch  49000  gamma_ratio 1.0015  residual 3.839e-07
  [gamma] epoch  49250  gamma_ratio 1.0026  residual 5.528e-07
  [gamma] epoch  49500  gamma_ratio 1.0024  residual 1.548e-07
  [gamma] epoch  49750  gamma_ratio 1.0030  residual 1.752e-07
  [gamma] epoch  50000  gamma_ratio 1.0022  residual 1.661e-07
  [gamma] epoch  50250  gamma_ratio 1.0023  residual 1.463e-07
  [gamma] epoch  50500  gamma_ratio 1.0024  residual 4.125e-07
  [gamma] epoch  50750  gamma_ratio 1.0027  residual 6.258e-07
  [gamma] epoch  51000  gamma_ratio 1.0031  residual 4.651e-07
  [gamma] epoch  51250  gamma_ratio 1.0027  residual 2.345e-07
  [gamma] epoch  51500  gamma_ratio 1.0014  residual 4.105e-07
  [gamma] epoch  51750  gamma_ratio 1.0022  residual 1.165e-07
  [gamma] epoch  52000  gamma_ratio 1.0025  residual 3.468e-07
  [gamma] epoch  52250  gamma_ratio 1.0022  residual 2.882e-07
  [gamma] epoch  52500  gamma_ratio 1.0021  residual 9.311e-08
  [gamma] epoch  52750  gamma_ratio 1.0004  residual 1.555e-06
  [gamma] epoch  53000  gamma_ratio 1.0023  residual 8.041e-07
  [gamma] epoch  53250  gamma_ratio 1.0023  residual 9.159e-08
  [gamma] epoch  53500  gamma_ratio 1.0017  residual 1.305e-07
  [gamma] epoch  53750  gamma_ratio 1.0005  residual 1.121e-06
  [gamma] epoch  54000  gamma_ratio 1.0017  residual 1.856e-07
  [gamma] epoch  54250  gamma_ratio 1.0026  residual 3.695e-07
  [gamma] epoch  54500  gamma_ratio 1.0019  residual 7.689e-08
  [gamma] epoch  54750  gamma_ratio 1.0020  residual 2.256e-07
  [gamma] epoch  55000  gamma_ratio 1.0020  residual 6.275e-08
  [gamma] epoch  55250  gamma_ratio 1.0020  residual 6.738e-08
  [gamma] epoch  55500  gamma_ratio 1.0020  residual 9.886e-08
  [gamma] epoch  55750  gamma_ratio 1.0020  residual 5.640e-08
  [gamma] epoch  56000  gamma_ratio 1.0024  residual 3.201e-07
  [gamma] epoch  56250  gamma_ratio 1.0019  residual 5.364e-08
  [gamma] epoch  56500  gamma_ratio 1.0024  residual 8.819e-08
  [gamma] epoch  56750  gamma_ratio 1.0019  residual 5.628e-08
  [gamma] epoch  57000  gamma_ratio 1.0020  residual 4.700e-08
  [gamma] epoch  57250  gamma_ratio 1.0020  residual 4.444e-08
  [gamma] epoch  57500  gamma_ratio 1.0020  residual 5.104e-08
  [gamma] epoch  57750  gamma_ratio 1.0020  residual 4.258e-08
  [gamma] epoch  58000  gamma_ratio 1.0019  residual 4.634e-08
  [gamma] epoch  58250  gamma_ratio 1.0020  residual 4.354e-08
  [gamma] epoch  58500  gamma_ratio 1.0021  residual 1.083e-07
  [gamma] epoch  58750  gamma_ratio 1.0019  residual 3.812e-08
  [gamma] epoch  59000  gamma_ratio 1.0020  residual 3.806e-08
  [gamma] epoch  59250  gamma_ratio 1.0019  residual 4.378e-08
  [gamma] epoch  59500  gamma_ratio 1.0018  residual 4.330e-08
  [gamma] epoch  59750  gamma_ratio 1.0019  residual 3.531e-08
  [gamma] epoch  59999  gamma_ratio 1.0019  residual 3.450e-08
  [shape] epoch      0  rmse=0.2637  max_abs_dA=0.9506  int_signed_dA=-2.808e-06  int_abs_dA=2.808e-06  A_min=-2.903e-05  max_dA_fwd=-3.089e-09
  [shape] epoch    250  rmse=0.1165  max_abs_dA=0.3074  int_signed_dA=-1.34e-06  int_abs_dA=1.372e-06  A_min=0.005476  max_dA_fwd=-4.511e-07
  [shape] epoch    500  rmse=0.0878  max_abs_dA=0.2402  int_signed_dA=-9.424e-07  int_abs_dA=1.008e-06  A_min=0.007374  max_dA_fwd=-1.496e-06
  [shape] epoch    750  rmse=0.07271  max_abs_dA=0.2022  int_signed_dA=-7.68e-07  int_abs_dA=8.337e-07  A_min=0.00747  max_dA_fwd=-1.053e-06
  [shape] epoch   1000  rmse=0.06273  max_abs_dA=0.175  int_signed_dA=-6.801e-07  int_abs_dA=7.332e-07  A_min=0.006957  max_dA_fwd=-3.654e-07
  [shape] epoch   1250  rmse=0.05642  max_abs_dA=0.1538  int_signed_dA=-6.487e-07  int_abs_dA=6.933e-07  A_min=0.006647  max_dA_fwd=1.645e-07
  [shape] epoch   1500  rmse=0.05226  max_abs_dA=0.1366  int_signed_dA=-6.386e-07  int_abs_dA=6.778e-07  A_min=0.006313  max_dA_fwd=3.179e-07
  [shape] epoch   1750  rmse=0.04865  max_abs_dA=0.1215  int_signed_dA=-6.216e-07  int_abs_dA=6.58e-07  A_min=0.006079  max_dA_fwd=3.207e-07
  [shape] epoch   2000  rmse=0.04477  max_abs_dA=0.1078  int_signed_dA=-5.888e-07  int_abs_dA=6.245e-07  A_min=0.006012  max_dA_fwd=2.989e-07
  [shape] epoch   2250  rmse=0.04097  max_abs_dA=0.09595  int_signed_dA=-5.491e-07  int_abs_dA=5.856e-07  A_min=0.006087  max_dA_fwd=2.82e-07
  [shape] epoch   2500  rmse=0.03837  max_abs_dA=0.08661  int_signed_dA=-5.222e-07  int_abs_dA=5.594e-07  A_min=0.006157  max_dA_fwd=2.578e-07
  [shape] epoch   2750  rmse=0.03632  max_abs_dA=0.07903  int_signed_dA=-5.008e-07  int_abs_dA=5.376e-07  A_min=0.006109  max_dA_fwd=2.185e-07
  [shape] epoch   3000  rmse=0.03436  max_abs_dA=0.07274  int_signed_dA=-4.787e-07  int_abs_dA=5.143e-07  A_min=0.006013  max_dA_fwd=1.76e-07
  [shape] epoch   3250  rmse=0.03256  max_abs_dA=0.06738  int_signed_dA=-4.592e-07  int_abs_dA=4.917e-07  A_min=0.005723  max_dA_fwd=1.18e-07
  [shape] epoch   3500  rmse=0.03058  max_abs_dA=0.06256  int_signed_dA=-4.36e-07  int_abs_dA=4.653e-07  A_min=0.005424  max_dA_fwd=7.504e-08
  [shape] epoch   3750  rmse=0.02889  max_abs_dA=0.05857  int_signed_dA=-4.159e-07  int_abs_dA=4.423e-07  A_min=0.005124  max_dA_fwd=1.838e-08
  [shape] epoch   4000  rmse=0.02702  max_abs_dA=0.05483  int_signed_dA=-3.932e-07  int_abs_dA=4.16e-07  A_min=0.004756  max_dA_fwd=-2.838e-08
  [shape] epoch   4250  rmse=0.02523  max_abs_dA=0.05145  int_signed_dA=-3.705e-07  int_abs_dA=3.905e-07  A_min=0.004428  max_dA_fwd=-8.426e-08
  [shape] epoch   4500  rmse=0.02324  max_abs_dA=0.04811  int_signed_dA=-3.447e-07  int_abs_dA=3.616e-07  A_min=0.004072  max_dA_fwd=-1.259e-07
  [shape] epoch   4750  rmse=0.02107  max_abs_dA=0.04491  int_signed_dA=-3.156e-07  int_abs_dA=3.293e-07  A_min=0.003674  max_dA_fwd=-1.796e-07
  [shape] epoch   5000  rmse=0.0195  max_abs_dA=0.04218  int_signed_dA=-2.961e-07  int_abs_dA=3.059e-07  A_min=0.003163  max_dA_fwd=-2.219e-07
  [shape] epoch   5250  rmse=0.01723  max_abs_dA=0.03876  int_signed_dA=-2.625e-07  int_abs_dA=2.711e-07  A_min=0.002984  max_dA_fwd=-2.891e-07
  [shape] epoch   5500  rmse=0.01525  max_abs_dA=0.03591  int_signed_dA=-2.334e-07  int_abs_dA=2.4e-07  A_min=0.002654  max_dA_fwd=-3.775e-07
  [shape] epoch   5750  rmse=0.01381  max_abs_dA=0.03317  int_signed_dA=-2.126e-07  int_abs_dA=2.177e-07  A_min=0.0024  max_dA_fwd=-4.411e-07
  [shape] epoch   6000  rmse=0.01284  max_abs_dA=0.03076  int_signed_dA=-2.005e-07  int_abs_dA=2.035e-07  A_min=0.002005  max_dA_fwd=-5.354e-07
  [shape] epoch   6250  rmse=0.01149  max_abs_dA=0.02828  int_signed_dA=-1.787e-07  int_abs_dA=1.817e-07  A_min=0.00199  max_dA_fwd=-6.442e-07
  [shape] epoch   6500  rmse=0.00997  max_abs_dA=0.02525  int_signed_dA=-1.556e-07  int_abs_dA=1.572e-07  A_min=0.001659  max_dA_fwd=-7.694e-07
  [shape] epoch   6750  rmse=0.009173  max_abs_dA=0.02315  int_signed_dA=-1.438e-07  int_abs_dA=1.45e-07  A_min=0.00154  max_dA_fwd=-8.989e-07
  [shape] epoch   7000  rmse=0.008856  max_abs_dA=0.02156  int_signed_dA=-1.406e-07  int_abs_dA=1.415e-07  A_min=0.001438  max_dA_fwd=-1.004e-06
  [shape] epoch   7250  rmse=0.007928  max_abs_dA=0.0195  int_signed_dA=-1.26e-07  int_abs_dA=1.265e-07  A_min=0.001301  max_dA_fwd=-1.184e-06
  [shape] epoch   7500  rmse=0.007233  max_abs_dA=0.01783  int_signed_dA=-1.155e-07  int_abs_dA=1.157e-07  A_min=0.001132  max_dA_fwd=-1.381e-06
  [shape] epoch   7750  rmse=0.006645  max_abs_dA=0.01608  int_signed_dA=-1.066e-07  int_abs_dA=1.067e-07  A_min=0.00108  max_dA_fwd=-1.576e-06
  [shape] epoch   8000  rmse=0.005794  max_abs_dA=0.01438  int_signed_dA=-9.228e-08  int_abs_dA=9.23e-08  A_min=0.0009701  max_dA_fwd=-1.862e-06
  [shape] epoch   8250  rmse=0.005418  max_abs_dA=0.013  int_signed_dA=-8.733e-08  int_abs_dA=8.733e-08  A_min=0.0009262  max_dA_fwd=-2.1e-06
  [shape] epoch   8500  rmse=0.004404  max_abs_dA=0.01145  int_signed_dA=-6.904e-08  int_abs_dA=6.904e-08  A_min=0.0008454  max_dA_fwd=-2.537e-06
  [shape] epoch   8750  rmse=0.003544  max_abs_dA=0.01005  int_signed_dA=-5.265e-08  int_abs_dA=5.492e-08  A_min=0.0007766  max_dA_fwd=-3.007e-06
  [shape] epoch   9000  rmse=0.003751  max_abs_dA=0.008897  int_signed_dA=-6.029e-08  int_abs_dA=6.029e-08  A_min=0.00083  max_dA_fwd=-3.1e-06
  [shape] epoch   9250  rmse=0.003007  max_abs_dA=0.007957  int_signed_dA=-4.679e-08  int_abs_dA=4.679e-08  A_min=0.0008684  max_dA_fwd=-3.602e-06
  [shape] epoch   9500  rmse=0.002663  max_abs_dA=0.006773  int_signed_dA=-4.139e-08  int_abs_dA=4.15e-08  A_min=0.0008583  max_dA_fwd=-3.904e-06
  [shape] epoch   9750  rmse=0.002243  max_abs_dA=0.006183  int_signed_dA=-3.408e-08  int_abs_dA=3.408e-08  A_min=0.0009219  max_dA_fwd=-4.337e-06
  [shape] epoch  10000  rmse=0.001813  max_abs_dA=0.005029  int_signed_dA=-2.627e-08  int_abs_dA=2.71e-08  A_min=0.0009285  max_dA_fwd=-4.678e-06
  [shape] epoch  10250  rmse=0.001483  max_abs_dA=0.004615  int_signed_dA=-2.01e-08  int_abs_dA=2.081e-08  A_min=0.001002  max_dA_fwd=-5.078e-06
  [shape] epoch  10500  rmse=0.001057  max_abs_dA=0.004034  int_signed_dA=-1.073e-08  int_abs_dA=1.373e-08  A_min=0.001043  max_dA_fwd=-5.489e-06
  [shape] epoch  10750  rmse=0.0008546  max_abs_dA=0.003538  int_signed_dA=-5.246e-09  int_abs_dA=1.135e-08  A_min=0.001103  max_dA_fwd=-5.767e-06
  [shape] epoch  11000  rmse=0.0007711  max_abs_dA=0.003235  int_signed_dA=-2.967e-09  int_abs_dA=1.067e-08  A_min=0.001098  max_dA_fwd=-5.958e-06
  [shape] epoch  11250  rmse=0.0006834  max_abs_dA=0.002548  int_signed_dA=3.24e-09  int_abs_dA=1.056e-08  A_min=0.001136  max_dA_fwd=-6.115e-06
  [shape] epoch  11500  rmse=0.0006648  max_abs_dA=0.002369  int_signed_dA=3.94e-09  int_abs_dA=1.095e-08  A_min=0.001155  max_dA_fwd=-6.259e-06
  [shape] epoch  11750  rmse=0.0009245  max_abs_dA=0.002184  int_signed_dA=1.346e-08  int_abs_dA=1.67e-08  A_min=0.001224  max_dA_fwd=-6.567e-06
  [shape] epoch  12000  rmse=0.0006667  max_abs_dA=0.002009  int_signed_dA=5.932e-09  int_abs_dA=1.154e-08  A_min=0.001171  max_dA_fwd=-6.4e-06
  [shape] epoch  12250  rmse=0.0009461  max_abs_dA=0.001785  int_signed_dA=1.521e-08  int_abs_dA=1.717e-08  A_min=0.001198  max_dA_fwd=-6.622e-06
  [shape] epoch  12500  rmse=0.0006988  max_abs_dA=0.001758  int_signed_dA=8.169e-09  int_abs_dA=1.215e-08  A_min=0.001174  max_dA_fwd=-6.497e-06
  [shape] epoch  12750  rmse=0.000671  max_abs_dA=0.001586  int_signed_dA=8.213e-09  int_abs_dA=1.171e-08  A_min=0.001152  max_dA_fwd=-6.459e-06
  [shape] epoch  13000  rmse=0.00082  max_abs_dA=0.001415  int_signed_dA=1.318e-08  int_abs_dA=1.468e-08  A_min=0.00116  max_dA_fwd=-6.55e-06
  [shape] epoch  13250  rmse=0.0006336  max_abs_dA=0.001302  int_signed_dA=8.282e-09  int_abs_dA=1.109e-08  A_min=0.001122  max_dA_fwd=-6.404e-06
  [shape] epoch  13500  rmse=0.0006642  max_abs_dA=0.001266  int_signed_dA=9.227e-09  int_abs_dA=1.151e-08  A_min=0.001121  max_dA_fwd=-6.436e-06
  [shape] epoch  13750  rmse=0.0007462  max_abs_dA=0.001257  int_signed_dA=1.224e-08  int_abs_dA=1.34e-08  A_min=0.001109  max_dA_fwd=-6.415e-06
  [shape] epoch  14000  rmse=0.0005568  max_abs_dA=0.00106  int_signed_dA=7.216e-09  int_abs_dA=9.741e-09  A_min=0.001072  max_dA_fwd=-6.281e-06
  [shape] epoch  14250  rmse=0.0006744  max_abs_dA=0.00112  int_signed_dA=1.104e-08  int_abs_dA=1.208e-08  A_min=0.001064  max_dA_fwd=-6.301e-06
  [shape] epoch  14500  rmse=0.0004733  max_abs_dA=0.001066  int_signed_dA=1.758e-09  int_abs_dA=8.251e-09  A_min=0.001017  max_dA_fwd=-6.089e-06
  [shape] epoch  14750  rmse=0.0004373  max_abs_dA=0.0008772  int_signed_dA=4.748e-09  int_abs_dA=7.725e-09  A_min=0.001012  max_dA_fwd=-6.082e-06
  [shape] epoch  15000  rmse=0.0004403  max_abs_dA=0.0007809  int_signed_dA=5.372e-09  int_abs_dA=7.701e-09  A_min=0.001003  max_dA_fwd=-6.076e-06
  [shape] epoch  15250  rmse=0.0004154  max_abs_dA=0.0007448  int_signed_dA=4.593e-09  int_abs_dA=7.282e-09  A_min=0.0009901  max_dA_fwd=-6.031e-06
  [shape] epoch  15500  rmse=0.0004553  max_abs_dA=0.0007602  int_signed_dA=6.412e-09  int_abs_dA=7.767e-09  A_min=0.0009884  max_dA_fwd=-6.052e-06
  [shape] epoch  15750  rmse=0.000436  max_abs_dA=0.0007005  int_signed_dA=6.678e-09  int_abs_dA=7.386e-09  A_min=0.0009672  max_dA_fwd=-5.968e-06
  [shape] epoch  16000  rmse=0.0003751  max_abs_dA=0.0006303  int_signed_dA=4.384e-09  int_abs_dA=6.464e-09  A_min=0.0009573  max_dA_fwd=-5.929e-06
  [shape] epoch  16250  rmse=0.0003377  max_abs_dA=0.0006225  int_signed_dA=1.315e-09  int_abs_dA=5.752e-09  A_min=0.0009315  max_dA_fwd=-5.825e-06
  [shape] epoch  16500  rmse=0.0009471  max_abs_dA=0.002063  int_signed_dA=-1.215e-08  int_abs_dA=1.239e-08  A_min=0.0008657  max_dA_fwd=-5.534e-06
  [shape] epoch  16750  rmse=0.000884  max_abs_dA=0.001716  int_signed_dA=1.472e-08  int_abs_dA=1.486e-08  A_min=0.0009397  max_dA_fwd=-5.896e-06
  [shape] epoch  17000  rmse=0.0002738  max_abs_dA=0.000497  int_signed_dA=1.351e-09  int_abs_dA=4.614e-09  A_min=0.0009053  max_dA_fwd=-5.708e-06
  [shape] epoch  17250  rmse=0.0002283  max_abs_dA=0.0005191  int_signed_dA=-3.522e-10  int_abs_dA=3.54e-09  A_min=0.0008754  max_dA_fwd=-5.576e-06
  [shape] epoch  17500  rmse=0.0007862  max_abs_dA=0.001566  int_signed_dA=1.294e-08  int_abs_dA=1.301e-08  A_min=0.0009122  max_dA_fwd=-5.784e-06
  [shape] epoch  17750  rmse=0.0003065  max_abs_dA=0.0005549  int_signed_dA=3.806e-09  int_abs_dA=4.992e-09  A_min=0.0009025  max_dA_fwd=-5.714e-06
  [shape] epoch  18000  rmse=0.0002709  max_abs_dA=0.0004448  int_signed_dA=1.677e-09  int_abs_dA=4.462e-09  A_min=0.0008879  max_dA_fwd=-5.645e-06
  [shape] epoch  18250  rmse=0.0004051  max_abs_dA=0.0006611  int_signed_dA=6.648e-09  int_abs_dA=6.836e-09  A_min=0.0008941  max_dA_fwd=-5.675e-06
  [shape] epoch  18500  rmse=0.0002476  max_abs_dA=0.0005445  int_signed_dA=-1.802e-10  int_abs_dA=3.907e-09  A_min=0.000864  max_dA_fwd=-5.537e-06
  [shape] epoch  18750  rmse=0.0002035  max_abs_dA=0.0003602  int_signed_dA=1.508e-09  int_abs_dA=3.311e-09  A_min=0.0008603  max_dA_fwd=-5.518e-06
  [shape] epoch  19000  rmse=0.0002227  max_abs_dA=0.0004316  int_signed_dA=5.969e-10  int_abs_dA=3.564e-09  A_min=0.0008567  max_dA_fwd=-5.504e-06
  [shape] epoch  19250  rmse=0.0004389  max_abs_dA=0.001057  int_signed_dA=-4.147e-09  int_abs_dA=5.788e-09  A_min=0.0008419  max_dA_fwd=-5.44e-06
  [shape] epoch  19500  rmse=0.0008275  max_abs_dA=0.001326  int_signed_dA=1.329e-08  int_abs_dA=1.338e-08  A_min=0.0008773  max_dA_fwd=-5.619e-06
  [shape] epoch  19750  rmse=0.0001787  max_abs_dA=0.0003493  int_signed_dA=1.622e-09  int_abs_dA=2.847e-09  A_min=0.0008336  max_dA_fwd=-5.401e-06
  [shape] epoch  20000  rmse=0.001811  max_abs_dA=0.003664  int_signed_dA=-2.709e-08  int_abs_dA=2.709e-08  A_min=0.0007498  max_dA_fwd=-4.985e-06
  [shape] epoch  20250  rmse=0.0004055  max_abs_dA=0.000712  int_signed_dA=5.96e-09  int_abs_dA=6.525e-09  A_min=0.0008275  max_dA_fwd=-5.384e-06
  [shape] epoch  20500  rmse=0.002354  max_abs_dA=0.004354  int_signed_dA=3.538e-08  int_abs_dA=3.54e-08  A_min=0.0008892  max_dA_fwd=-5.702e-06
  [shape] epoch  20750  rmse=0.001033  max_abs_dA=0.002129  int_signed_dA=-1.599e-08  int_abs_dA=1.599e-08  A_min=0.0007551  max_dA_fwd=-5.015e-06
  [shape] epoch  21000  rmse=0.0001722  max_abs_dA=0.0003348  int_signed_dA=1.466e-09  int_abs_dA=2.819e-09  A_min=0.0008012  max_dA_fwd=-5.237e-06
  [shape] epoch  21250  rmse=0.001444  max_abs_dA=0.002817  int_signed_dA=2.035e-08  int_abs_dA=2.09e-08  A_min=0.0008196  max_dA_fwd=-5.361e-06
  [shape] epoch  21500  rmse=0.0007918  max_abs_dA=0.001344  int_signed_dA=1.126e-08  int_abs_dA=1.201e-08  A_min=0.0008131  max_dA_fwd=-5.305e-06
  [shape] epoch  21750  rmse=0.0001366  max_abs_dA=0.0002796  int_signed_dA=-9.735e-10  int_abs_dA=2.371e-09  A_min=0.0007694  max_dA_fwd=-5.069e-06
  [shape] epoch  22000  rmse=0.0004719  max_abs_dA=0.000827  int_signed_dA=-8.287e-09  int_abs_dA=8.435e-09  A_min=0.0007288  max_dA_fwd=-4.878e-06
  [shape] epoch  22250  rmse=0.0001355  max_abs_dA=0.0002024  int_signed_dA=-1.141e-09  int_abs_dA=2.419e-09  A_min=0.0007657  max_dA_fwd=-5.047e-06
  [shape] epoch  22500  rmse=0.0002371  max_abs_dA=0.0004977  int_signed_dA=-2.303e-09  int_abs_dA=4.115e-09  A_min=0.0007364  max_dA_fwd=-4.919e-06
  [shape] epoch  22750  rmse=0.0001506  max_abs_dA=0.0002371  int_signed_dA=-1.834e-09  int_abs_dA=2.617e-09  A_min=0.0007548  max_dA_fwd=-4.992e-06
  [shape] epoch  23000  rmse=0.0002181  max_abs_dA=0.0003103  int_signed_dA=-3.843e-09  int_abs_dA=4.03e-09  A_min=0.0007401  max_dA_fwd=-4.91e-06
  [shape] epoch  23250  rmse=0.000495  max_abs_dA=0.0008696  int_signed_dA=-9.134e-09  int_abs_dA=9.134e-09  A_min=0.0007218  max_dA_fwd=-4.817e-06
  [shape] epoch  23500  rmse=0.0004258  max_abs_dA=0.0007006  int_signed_dA=-7.988e-09  int_abs_dA=7.988e-09  A_min=0.0007221  max_dA_fwd=-4.811e-06
  [shape] epoch  23750  rmse=0.0006777  max_abs_dA=0.001217  int_signed_dA=-1.219e-08  int_abs_dA=1.219e-08  A_min=0.0007125  max_dA_fwd=-4.749e-06
  [shape] epoch  24000  rmse=0.0004342  max_abs_dA=0.0009055  int_signed_dA=2.664e-09  int_abs_dA=7.189e-09  A_min=0.0007395  max_dA_fwd=-4.899e-06
  [shape] epoch  24250  rmse=0.0002961  max_abs_dA=0.0004086  int_signed_dA=-5.55e-09  int_abs_dA=5.55e-09  A_min=0.0007232  max_dA_fwd=-4.801e-06
  [shape] epoch  24500  rmse=0.0004234  max_abs_dA=0.0006618  int_signed_dA=-8.062e-09  int_abs_dA=8.062e-09  A_min=0.0007187  max_dA_fwd=-4.767e-06
  [shape] epoch  24750  rmse=0.000432  max_abs_dA=0.0008843  int_signed_dA=1.96e-09  int_abs_dA=7.304e-09  A_min=0.0007313  max_dA_fwd=-4.843e-06
  [shape] epoch  25000  rmse=0.0003885  max_abs_dA=0.0007591  int_signed_dA=1.048e-09  int_abs_dA=6.785e-09  A_min=0.0007294  max_dA_fwd=-4.823e-06
  [shape] epoch  25250  rmse=0.00128  max_abs_dA=0.002562  int_signed_dA=1.538e-08  int_abs_dA=1.808e-08  A_min=0.0007553  max_dA_fwd=-4.973e-06
  [shape] epoch  25500  rmse=0.001407  max_abs_dA=0.002568  int_signed_dA=-2.387e-08  int_abs_dA=2.387e-08  A_min=0.0006777  max_dA_fwd=-4.535e-06
  [shape] epoch  25750  rmse=0.0007002  max_abs_dA=0.001199  int_signed_dA=-1.279e-08  int_abs_dA=1.279e-08  A_min=0.0007049  max_dA_fwd=-4.674e-06
  [shape] epoch  26000  rmse=0.0003478  max_abs_dA=0.0004948  int_signed_dA=-6.413e-09  int_abs_dA=6.438e-09  A_min=0.0007139  max_dA_fwd=-4.718e-06
  [shape] epoch  26250  rmse=0.0009331  max_abs_dA=0.001595  int_signed_dA=-1.668e-08  int_abs_dA=1.668e-08  A_min=0.0006893  max_dA_fwd=-4.591e-06
  [shape] epoch  26500  rmse=0.001849  max_abs_dA=0.003392  int_signed_dA=-3.078e-08  int_abs_dA=3.078e-08  A_min=0.0006608  max_dA_fwd=-4.429e-06
  [shape] epoch  26750  rmse=0.001372  max_abs_dA=0.002446  int_signed_dA=-2.354e-08  int_abs_dA=2.354e-08  A_min=0.0006765  max_dA_fwd=-4.503e-06
  [shape] epoch  27000  rmse=0.0008464  max_abs_dA=0.001374  int_signed_dA=-1.54e-08  int_abs_dA=1.54e-08  A_min=0.0006906  max_dA_fwd=-4.585e-06
  [shape] epoch  27250  rmse=0.0008415  max_abs_dA=0.001339  int_signed_dA=-1.534e-08  int_abs_dA=1.534e-08  A_min=0.0006891  max_dA_fwd=-4.576e-06
  [shape] epoch  27500  rmse=0.0008631  max_abs_dA=0.001362  int_signed_dA=-1.571e-08  int_abs_dA=1.571e-08  A_min=0.0006885  max_dA_fwd=-4.56e-06
  [shape] epoch  27750  rmse=0.001138  max_abs_dA=0.001957  int_signed_dA=-2.001e-08  int_abs_dA=2.001e-08  A_min=0.0006834  max_dA_fwd=-4.534e-06
  [shape] epoch  28000  rmse=0.0005255  max_abs_dA=0.001074  int_signed_dA=2.553e-09  int_abs_dA=8.66e-09  A_min=0.0007311  max_dA_fwd=-4.78e-06
  [shape] epoch  28250  rmse=0.0007345  max_abs_dA=0.001506  int_signed_dA=6.2e-09  int_abs_dA=1.117e-08  A_min=0.0007379  max_dA_fwd=-4.819e-06
  [shape] epoch  28500  rmse=0.0004771  max_abs_dA=0.0006241  int_signed_dA=-9.005e-09  int_abs_dA=9.005e-09  A_min=0.0007077  max_dA_fwd=-4.649e-06
  [shape] epoch  28750  rmse=0.0007682  max_abs_dA=0.001189  int_signed_dA=-1.415e-08  int_abs_dA=1.415e-08  A_min=0.0006976  max_dA_fwd=-4.596e-06
  [shape] epoch  29000  rmse=0.0003849  max_abs_dA=0.0005719  int_signed_dA=-6.705e-09  int_abs_dA=6.934e-09  A_min=0.0007108  max_dA_fwd=-4.668e-06
  [shape] epoch  29250  rmse=0.0003906  max_abs_dA=0.0007275  int_signed_dA=-4.465e-10  int_abs_dA=6.992e-09  A_min=0.0007261  max_dA_fwd=-4.749e-06
  [shape] epoch  29500  rmse=0.0004058  max_abs_dA=0.0007747  int_signed_dA=-1.182e-10  int_abs_dA=7.194e-09  A_min=0.0007273  max_dA_fwd=-4.753e-06
  [shape] epoch  29750  rmse=0.0003656  max_abs_dA=0.0006466  int_signed_dA=-1.337e-09  int_abs_dA=6.638e-09  A_min=0.0007255  max_dA_fwd=-4.739e-06
  [shape] epoch  30000  rmse=0.0004797  max_abs_dA=0.000639  int_signed_dA=-8.978e-09  int_abs_dA=8.978e-09  A_min=0.000711  max_dA_fwd=-4.654e-06
  [shape] epoch  30250  rmse=0.0004914  max_abs_dA=0.0006599  int_signed_dA=-9.122e-09  int_abs_dA=9.122e-09  A_min=0.0007107  max_dA_fwd=-4.646e-06
  [shape] epoch  30500  rmse=0.0005055  max_abs_dA=0.001031  int_signed_dA=2.366e-09  int_abs_dA=8.316e-09  A_min=0.0007442  max_dA_fwd=-4.794e-06
  [shape] epoch  30750  rmse=0.001056  max_abs_dA=0.001707  int_signed_dA=-1.883e-08  int_abs_dA=1.883e-08  A_min=0.0006904  max_dA_fwd=-4.531e-06
  [shape] epoch  31000  rmse=0.0004135  max_abs_dA=0.0005854  int_signed_dA=-7.54e-09  int_abs_dA=7.566e-09  A_min=0.0007189  max_dA_fwd=-4.684e-06
  [shape] epoch  31250  rmse=0.0004931  max_abs_dA=0.0006583  int_signed_dA=-9.196e-09  int_abs_dA=9.196e-09  A_min=0.0007142  max_dA_fwd=-4.656e-06
  [shape] epoch  31500  rmse=0.0008838  max_abs_dA=0.001411  int_signed_dA=-1.597e-08  int_abs_dA=1.597e-08  A_min=0.0007043  max_dA_fwd=-4.599e-06
  [shape] epoch  31750  rmse=0.0004132  max_abs_dA=0.0005913  int_signed_dA=-7.45e-09  int_abs_dA=7.515e-09  A_min=0.0007204  max_dA_fwd=-4.685e-06
  [shape] epoch  32000  rmse=0.0005134  max_abs_dA=0.001079  int_signed_dA=2.072e-09  int_abs_dA=8.431e-09  A_min=0.0007408  max_dA_fwd=-4.792e-06
  [shape] epoch  32250  rmse=0.001214  max_abs_dA=0.002035  int_signed_dA=-2.125e-08  int_abs_dA=2.125e-08  A_min=0.0006919  max_dA_fwd=-4.529e-06
  [shape] epoch  32500  rmse=0.0004471  max_abs_dA=0.0006155  int_signed_dA=-8.249e-09  int_abs_dA=8.249e-09  A_min=0.0007217  max_dA_fwd=-4.686e-06
  [shape] epoch  32750  rmse=0.0005467  max_abs_dA=0.0007533  int_signed_dA=-1e-08  int_abs_dA=1e-08  A_min=0.0007103  max_dA_fwd=-4.621e-06
  [shape] epoch  33000  rmse=0.0004678  max_abs_dA=0.0006321  int_signed_dA=-8.706e-09  int_abs_dA=8.706e-09  A_min=0.0007227  max_dA_fwd=-4.683e-06
  [shape] epoch  33250  rmse=0.0007749  max_abs_dA=0.001144  int_signed_dA=-1.42e-08  int_abs_dA=1.42e-08  A_min=0.0007074  max_dA_fwd=-4.612e-06
  [shape] epoch  33500  rmse=0.0004831  max_abs_dA=0.000642  int_signed_dA=-9.006e-09  int_abs_dA=9.006e-09  A_min=0.0007228  max_dA_fwd=-4.688e-06
  [shape] epoch  33750  rmse=0.0003344  max_abs_dA=0.0005019  int_signed_dA=-4.286e-09  int_abs_dA=5.982e-09  A_min=0.000732  max_dA_fwd=-4.737e-06
  [shape] epoch  34000  rmse=0.0004438  max_abs_dA=0.0006044  int_signed_dA=-8.199e-09  int_abs_dA=8.199e-09  A_min=0.000728  max_dA_fwd=-4.708e-06
  [shape] epoch  34250  rmse=0.0004837  max_abs_dA=0.0006418  int_signed_dA=-9.006e-09  int_abs_dA=9.006e-09  A_min=0.000726  max_dA_fwd=-4.697e-06
  [shape] epoch  34500  rmse=0.0006838  max_abs_dA=0.001477  int_signed_dA=5.248e-09  int_abs_dA=1.029e-08  A_min=0.0007545  max_dA_fwd=-4.852e-06
  [shape] epoch  34750  rmse=0.0004643  max_abs_dA=0.0006284  int_signed_dA=-8.59e-09  int_abs_dA=8.59e-09  A_min=0.0007285  max_dA_fwd=-4.704e-06
  [shape] epoch  35000  rmse=0.0003907  max_abs_dA=0.000567  int_signed_dA=-6.846e-09  int_abs_dA=7.054e-09  A_min=0.0007332  max_dA_fwd=-4.725e-06
  [shape] epoch  35250  rmse=0.000435  max_abs_dA=0.0006013  int_signed_dA=-7.966e-09  int_abs_dA=7.966e-09  A_min=0.0007309  max_dA_fwd=-4.719e-06
  [shape] epoch  35500  rmse=0.0005158  max_abs_dA=0.0006895  int_signed_dA=-9.517e-09  int_abs_dA=9.517e-09  A_min=0.0007271  max_dA_fwd=-4.689e-06
  [shape] epoch  35750  rmse=0.0005048  max_abs_dA=0.0006511  int_signed_dA=-9.429e-09  int_abs_dA=9.429e-09  A_min=0.0007321  max_dA_fwd=-4.714e-06
  [shape] epoch  36000  rmse=0.0006397  max_abs_dA=0.000894  int_signed_dA=-1.185e-08  int_abs_dA=1.185e-08  A_min=0.0007238  max_dA_fwd=-4.678e-06
  [shape] epoch  36250  rmse=0.001127  max_abs_dA=0.001837  int_signed_dA=-1.982e-08  int_abs_dA=1.982e-08  A_min=0.0007033  max_dA_fwd=-4.567e-06
  [shape] epoch  36500  rmse=0.0006574  max_abs_dA=0.0009495  int_signed_dA=-1.213e-08  int_abs_dA=1.213e-08  A_min=0.0007278  max_dA_fwd=-4.689e-06
  [shape] epoch  36750  rmse=0.0009428  max_abs_dA=0.001511  int_signed_dA=-1.682e-08  int_abs_dA=1.682e-08  A_min=0.0007163  max_dA_fwd=-4.631e-06
  [shape] epoch  37000  rmse=0.0003125  max_abs_dA=0.0004548  int_signed_dA=-3.449e-09  int_abs_dA=5.648e-09  A_min=0.0007452  max_dA_fwd=-4.789e-06
  [shape] epoch  37250  rmse=0.0004549  max_abs_dA=0.0006169  int_signed_dA=-8.404e-09  int_abs_dA=8.404e-09  A_min=0.0007351  max_dA_fwd=-4.731e-06
  [shape] epoch  37500  rmse=0.0003139  max_abs_dA=0.0004598  int_signed_dA=-3.626e-09  int_abs_dA=5.666e-09  A_min=0.0007459  max_dA_fwd=-4.789e-06
  [shape] epoch  37750  rmse=0.0004244  max_abs_dA=0.000593  int_signed_dA=-7.714e-09  int_abs_dA=7.719e-09  A_min=0.0007379  max_dA_fwd=-4.741e-06
  [shape] epoch  38000  rmse=0.0003274  max_abs_dA=0.0004745  int_signed_dA=-3.771e-09  int_abs_dA=5.929e-09  A_min=0.0007451  max_dA_fwd=-4.784e-06
  [shape] epoch  38250  rmse=0.0004747  max_abs_dA=0.0006223  int_signed_dA=-8.856e-09  int_abs_dA=8.856e-09  A_min=0.0007381  max_dA_fwd=-4.745e-06
  [shape] epoch  38500  rmse=0.000535  max_abs_dA=0.0006993  int_signed_dA=-9.973e-09  int_abs_dA=9.973e-09  A_min=0.0007361  max_dA_fwd=-4.73e-06
  [shape] epoch  38750  rmse=0.0006758  max_abs_dA=0.0009907  int_signed_dA=-1.242e-08  int_abs_dA=1.242e-08  A_min=0.000732  max_dA_fwd=-4.706e-06
  [shape] epoch  39000  rmse=0.0004738  max_abs_dA=0.0006229  int_signed_dA=-8.838e-09  int_abs_dA=8.838e-09  A_min=0.0007395  max_dA_fwd=-4.75e-06
  [shape] epoch  39250  rmse=0.0004666  max_abs_dA=0.0006106  int_signed_dA=-8.709e-09  int_abs_dA=8.709e-09  A_min=0.0007424  max_dA_fwd=-4.758e-06
  [shape] epoch  39500  rmse=0.001323  max_abs_dA=0.00223  int_signed_dA=-2.28e-08  int_abs_dA=2.28e-08  A_min=0.0007054  max_dA_fwd=-4.568e-06
  [shape] epoch  39750  rmse=0.0004773  max_abs_dA=0.0006133  int_signed_dA=-8.926e-09  int_abs_dA=8.926e-09  A_min=0.0007448  max_dA_fwd=-4.765e-06
  [shape] epoch  40000  rmse=0.0004261  max_abs_dA=0.0005756  int_signed_dA=-7.897e-09  int_abs_dA=7.897e-09  A_min=0.0007452  max_dA_fwd=-4.772e-06
  [shape] epoch  40250  rmse=0.0004798  max_abs_dA=0.0006418  int_signed_dA=-8.873e-09  int_abs_dA=8.873e-09  A_min=0.0007408  max_dA_fwd=-4.75e-06
  [shape] epoch  40500  rmse=0.0004564  max_abs_dA=0.0006052  int_signed_dA=-8.507e-09  int_abs_dA=8.507e-09  A_min=0.0007442  max_dA_fwd=-4.765e-06
  [shape] epoch  40750  rmse=0.0007252  max_abs_dA=0.001102  int_signed_dA=-1.32e-08  int_abs_dA=1.32e-08  A_min=0.0007349  max_dA_fwd=-4.716e-06
  [shape] epoch  41000  rmse=0.0004185  max_abs_dA=0.0005678  int_signed_dA=-7.751e-09  int_abs_dA=7.751e-09  A_min=0.0007475  max_dA_fwd=-4.781e-06
  [shape] epoch  41250  rmse=0.0005316  max_abs_dA=0.0007075  int_signed_dA=-9.904e-09  int_abs_dA=9.904e-09  A_min=0.0007427  max_dA_fwd=-4.756e-06
  [shape] epoch  41500  rmse=0.0005135  max_abs_dA=0.0006751  int_signed_dA=-9.582e-09  int_abs_dA=9.582e-09  A_min=0.0007445  max_dA_fwd=-4.764e-06
  [shape] epoch  41750  rmse=0.00133  max_abs_dA=0.002272  int_signed_dA=-2.276e-08  int_abs_dA=2.276e-08  A_min=0.0007129  max_dA_fwd=-4.602e-06
  [shape] epoch  42000  rmse=0.0004216  max_abs_dA=0.0005708  int_signed_dA=-7.822e-09  int_abs_dA=7.822e-09  A_min=0.0007492  max_dA_fwd=-4.785e-06
  [shape] epoch  42250  rmse=0.0004127  max_abs_dA=0.000559  int_signed_dA=-7.654e-09  int_abs_dA=7.654e-09  A_min=0.0007509  max_dA_fwd=-4.792e-06
  [shape] epoch  42500  rmse=0.0003677  max_abs_dA=0.0005171  int_signed_dA=-6.7e-09  int_abs_dA=6.701e-09  A_min=0.0007531  max_dA_fwd=-4.807e-06
  [shape] epoch  42750  rmse=0.0004548  max_abs_dA=0.000593  int_signed_dA=-8.505e-09  int_abs_dA=8.505e-09  A_min=0.0007498  max_dA_fwd=-4.789e-06
  [shape] epoch  43000  rmse=0.0004053  max_abs_dA=0.0005539  int_signed_dA=-7.486e-09  int_abs_dA=7.486e-09  A_min=0.0007517  max_dA_fwd=-4.798e-06
  [shape] epoch  43250  rmse=0.0005013  max_abs_dA=0.0006566  int_signed_dA=-9.347e-09  int_abs_dA=9.347e-09  A_min=0.0007479  max_dA_fwd=-4.778e-06
  [shape] epoch  43500  rmse=0.0002959  max_abs_dA=0.0004472  int_signed_dA=-4.575e-09  int_abs_dA=5.275e-09  A_min=0.0007592  max_dA_fwd=-4.836e-06
  [shape] epoch  43750  rmse=0.0006588  max_abs_dA=0.0009656  int_signed_dA=-1.204e-08  int_abs_dA=1.204e-08  A_min=0.0007408  max_dA_fwd=-4.74e-06
  [shape] epoch  44000  rmse=0.0003264  max_abs_dA=0.0004777  int_signed_dA=-5.681e-09  int_abs_dA=5.866e-09  A_min=0.000758  max_dA_fwd=-4.83e-06
  [shape] epoch  44250  rmse=0.0004156  max_abs_dA=0.0005532  int_signed_dA=-7.758e-09  int_abs_dA=7.758e-09  A_min=0.0007543  max_dA_fwd=-4.81e-06
  [shape] epoch  44500  rmse=0.0003824  max_abs_dA=0.0005195  int_signed_dA=-7.113e-09  int_abs_dA=7.113e-09  A_min=0.0007573  max_dA_fwd=-4.822e-06
  [shape] epoch  44750  rmse=0.0003747  max_abs_dA=0.0005122  int_signed_dA=-6.954e-09  int_abs_dA=6.954e-09  A_min=0.0007582  max_dA_fwd=-4.826e-06
  [shape] epoch  45000  rmse=0.0004008  max_abs_dA=0.0005391  int_signed_dA=-7.467e-09  int_abs_dA=7.467e-09  A_min=0.0007566  max_dA_fwd=-4.818e-06
  [shape] epoch  45250  rmse=0.0003819  max_abs_dA=0.0005181  int_signed_dA=-7.1e-09  int_abs_dA=7.1e-09  A_min=0.0007583  max_dA_fwd=-4.828e-06
  [shape] epoch  45500  rmse=0.0003589  max_abs_dA=0.0004937  int_signed_dA=-6.65e-09  int_abs_dA=6.65e-09  A_min=0.0007607  max_dA_fwd=-4.838e-06
  [shape] epoch  45750  rmse=0.0004862  max_abs_dA=0.0006452  int_signed_dA=-9.105e-09  int_abs_dA=9.105e-09  A_min=0.0007546  max_dA_fwd=-4.809e-06
  [shape] epoch  46000  rmse=0.0003616  max_abs_dA=0.0005013  int_signed_dA=-6.655e-09  int_abs_dA=6.655e-09  A_min=0.0007602  max_dA_fwd=-4.836e-06
  [shape] epoch  46250  rmse=0.0003875  max_abs_dA=0.0005175  int_signed_dA=-7.241e-09  int_abs_dA=7.241e-09  A_min=0.0007604  max_dA_fwd=-4.836e-06
  [shape] epoch  46500  rmse=0.0003726  max_abs_dA=0.000504  int_signed_dA=-6.942e-09  int_abs_dA=6.942e-09  A_min=0.0007616  max_dA_fwd=-4.841e-06
  [shape] epoch  46750  rmse=0.0003253  max_abs_dA=0.0004717  int_signed_dA=-5.733e-09  int_abs_dA=5.856e-09  A_min=0.0007623  max_dA_fwd=-4.848e-06
  [shape] epoch  47000  rmse=0.0003635  max_abs_dA=0.0004895  int_signed_dA=-6.802e-09  int_abs_dA=6.802e-09  A_min=0.0007638  max_dA_fwd=-4.85e-06
  [shape] epoch  47250  rmse=0.0003532  max_abs_dA=0.0004805  int_signed_dA=-6.587e-09  int_abs_dA=6.587e-09  A_min=0.0007646  max_dA_fwd=-4.854e-06
  [shape] epoch  47500  rmse=0.0004105  max_abs_dA=0.000536  int_signed_dA=-7.7e-09  int_abs_dA=7.7e-09  A_min=0.0007615  max_dA_fwd=-4.838e-06
  [shape] epoch  47750  rmse=0.0004573  max_abs_dA=0.0006008  int_signed_dA=-8.576e-09  int_abs_dA=8.576e-09  A_min=0.0007606  max_dA_fwd=-4.833e-06
  [shape] epoch  48000  rmse=0.0003637  max_abs_dA=0.0004887  int_signed_dA=-6.806e-09  int_abs_dA=6.806e-09  A_min=0.0007653  max_dA_fwd=-4.856e-06
  [shape] epoch  48250  rmse=0.0003563  max_abs_dA=0.0004823  int_signed_dA=-6.654e-09  int_abs_dA=6.654e-09  A_min=0.0007659  max_dA_fwd=-4.859e-06
  [shape] epoch  48500  rmse=0.0004027  max_abs_dA=0.0005308  int_signed_dA=-7.528e-09  int_abs_dA=7.528e-09  A_min=0.0007633  max_dA_fwd=-4.845e-06
  [shape] epoch  48750  rmse=0.0002936  max_abs_dA=0.0004263  int_signed_dA=-5.246e-09  int_abs_dA=5.292e-09  A_min=0.0007705  max_dA_fwd=-4.881e-06
  [shape] epoch  49000  rmse=0.0002633  max_abs_dA=0.0003979  int_signed_dA=-4.132e-09  int_abs_dA=4.688e-09  A_min=0.0007722  max_dA_fwd=-4.892e-06
  [shape] epoch  49250  rmse=0.000384  max_abs_dA=0.0005033  int_signed_dA=-7.216e-09  int_abs_dA=7.216e-09  A_min=0.0007665  max_dA_fwd=-4.86e-06
  [shape] epoch  49500  rmse=0.0003622  max_abs_dA=0.0004796  int_signed_dA=-6.808e-09  int_abs_dA=6.808e-09  A_min=0.0007687  max_dA_fwd=-4.869e-06
  [shape] epoch  49750  rmse=0.0004497  max_abs_dA=0.0005932  int_signed_dA=-8.414e-09  int_abs_dA=8.414e-09  A_min=0.0007641  max_dA_fwd=-4.846e-06
  [shape] epoch  50000  rmse=0.00033  max_abs_dA=0.0004503  int_signed_dA=-6.16e-09  int_abs_dA=6.16e-09  A_min=0.0007713  max_dA_fwd=-4.881e-06
  [shape] epoch  50250  rmse=0.0003532  max_abs_dA=0.0004699  int_signed_dA=-6.634e-09  int_abs_dA=6.634e-09  A_min=0.0007705  max_dA_fwd=-4.877e-06
  [shape] epoch  50500  rmse=0.0003543  max_abs_dA=0.0004699  int_signed_dA=-6.659e-09  int_abs_dA=6.659e-09  A_min=0.000771  max_dA_fwd=-4.878e-06
  [shape] epoch  50750  rmse=0.0004071  max_abs_dA=0.0005223  int_signed_dA=-7.651e-09  int_abs_dA=7.651e-09  A_min=0.0007683  max_dA_fwd=-4.865e-06
  [shape] epoch  51000  rmse=0.0004628  max_abs_dA=0.0006331  int_signed_dA=-8.649e-09  int_abs_dA=8.649e-09  A_min=0.0007673  max_dA_fwd=-4.858e-06
  [shape] epoch  51250  rmse=0.0004092  max_abs_dA=0.0005254  int_signed_dA=-7.702e-09  int_abs_dA=7.702e-09  A_min=0.0007703  max_dA_fwd=-4.872e-06
  [shape] epoch  51500  rmse=0.0002445  max_abs_dA=0.0003708  int_signed_dA=-3.913e-09  int_abs_dA=4.336e-09  A_min=0.0007792  max_dA_fwd=-4.918e-06
  [shape] epoch  51750  rmse=0.0003321  max_abs_dA=0.0004469  int_signed_dA=-6.225e-09  int_abs_dA=6.225e-09  A_min=0.0007746  max_dA_fwd=-4.893e-06
  [shape] epoch  52000  rmse=0.0003735  max_abs_dA=0.0004824  int_signed_dA=-7.038e-09  int_abs_dA=7.038e-09  A_min=0.0007732  max_dA_fwd=-4.884e-06
  [shape] epoch  52250  rmse=0.0003374  max_abs_dA=0.0004458  int_signed_dA=-6.358e-09  int_abs_dA=6.358e-09  A_min=0.0007759  max_dA_fwd=-4.897e-06
  [shape] epoch  52500  rmse=0.0003167  max_abs_dA=0.0004272  int_signed_dA=-5.95e-09  int_abs_dA=5.95e-09  A_min=0.0007774  max_dA_fwd=-4.905e-06
  [shape] epoch  52750  rmse=0.0002381  max_abs_dA=0.0004133  int_signed_dA=-1.222e-09  int_abs_dA=4.326e-09  A_min=0.0007878  max_dA_fwd=-4.959e-06
  [shape] epoch  53000  rmse=0.0003513  max_abs_dA=0.0004546  int_signed_dA=-6.636e-09  int_abs_dA=6.636e-09  A_min=0.0007767  max_dA_fwd=-4.9e-06
  [shape] epoch  53250  rmse=0.0003389  max_abs_dA=0.0004419  int_signed_dA=-6.404e-09  int_abs_dA=6.404e-09  A_min=0.0007779  max_dA_fwd=-4.905e-06
  [shape] epoch  53500  rmse=0.0002688  max_abs_dA=0.0003862  int_signed_dA=-4.892e-09  int_abs_dA=4.892e-09  A_min=0.0007815  max_dA_fwd=-4.924e-06
  [shape] epoch  53750  rmse=0.0002263  max_abs_dA=0.0003708  int_signed_dA=-1.457e-09  int_abs_dA=4.13e-09  A_min=0.0007894  max_dA_fwd=-4.964e-06
  [shape] epoch  54000  rmse=0.0002704  max_abs_dA=0.0003861  int_signed_dA=-4.935e-09  int_abs_dA=4.935e-09  A_min=0.0007823  max_dA_fwd=-4.926e-06
  [shape] epoch  54250  rmse=0.0003934  max_abs_dA=0.0005131  int_signed_dA=-7.419e-09  int_abs_dA=7.419e-09  A_min=0.0007773  max_dA_fwd=-4.899e-06
  [shape] epoch  54500  rmse=0.0002892  max_abs_dA=0.000397  int_signed_dA=-5.413e-09  int_abs_dA=5.413e-09  A_min=0.0007826  max_dA_fwd=-4.926e-06
  [shape] epoch  54750  rmse=0.0003026  max_abs_dA=0.0004055  int_signed_dA=-5.708e-09  int_abs_dA=5.708e-09  A_min=0.0007827  max_dA_fwd=-4.925e-06
  [shape] epoch  55000  rmse=0.0003067  max_abs_dA=0.0004073  int_signed_dA=-5.797e-09  int_abs_dA=5.797e-09  A_min=0.0007829  max_dA_fwd=-4.926e-06
  [shape] epoch  55250  rmse=0.000294  max_abs_dA=0.0003973  int_signed_dA=-5.533e-09  int_abs_dA=5.533e-09  A_min=0.0007838  max_dA_fwd=-4.93e-06
  [shape] epoch  55500  rmse=0.0003058  max_abs_dA=0.0004063  int_signed_dA=-5.776e-09  int_abs_dA=5.776e-09  A_min=0.0007836  max_dA_fwd=-4.928e-06
  [shape] epoch  55750  rmse=0.0003002  max_abs_dA=0.0003995  int_signed_dA=-5.675e-09  int_abs_dA=5.675e-09  A_min=0.0007845  max_dA_fwd=-4.932e-06
  [shape] epoch  56000  rmse=0.0003601  max_abs_dA=0.0004533  int_signed_dA=-6.811e-09  int_abs_dA=6.811e-09  A_min=0.0007817  max_dA_fwd=-4.918e-06
  [shape] epoch  56250  rmse=0.0002897  max_abs_dA=0.0003902  int_signed_dA=-5.463e-09  int_abs_dA=5.463e-09  A_min=0.0007856  max_dA_fwd=-4.937e-06
  [shape] epoch  56500  rmse=0.0003516  max_abs_dA=0.0004406  int_signed_dA=-6.659e-09  int_abs_dA=6.659e-09  A_min=0.0007833  max_dA_fwd=-4.924e-06
  [shape] epoch  56750  rmse=0.0002857  max_abs_dA=0.000385  int_signed_dA=-5.389e-09  int_abs_dA=5.389e-09  A_min=0.0007868  max_dA_fwd=-4.941e-06
  [shape] epoch  57000  rmse=0.0002989  max_abs_dA=0.0003943  int_signed_dA=-5.663e-09  int_abs_dA=5.663e-09  A_min=0.0007865  max_dA_fwd=-4.94e-06
  [shape] epoch  57250  rmse=0.0002933  max_abs_dA=0.0003901  int_signed_dA=-5.548e-09  int_abs_dA=5.548e-09  A_min=0.000787  max_dA_fwd=-4.942e-06
  [shape] epoch  57500  rmse=0.0002971  max_abs_dA=0.0003918  int_signed_dA=-5.63e-09  int_abs_dA=5.63e-09  A_min=0.0007874  max_dA_fwd=-4.943e-06
  [shape] epoch  57750  rmse=0.0002971  max_abs_dA=0.0003901  int_signed_dA=-5.633e-09  int_abs_dA=5.633e-09  A_min=0.0007879  max_dA_fwd=-4.945e-06
  [shape] epoch  58000  rmse=0.0002905  max_abs_dA=0.0003848  int_signed_dA=-5.502e-09  int_abs_dA=5.502e-09  A_min=0.0007884  max_dA_fwd=-4.947e-06
  [shape] epoch  58250  rmse=0.0002983  max_abs_dA=0.0003895  int_signed_dA=-5.663e-09  int_abs_dA=5.663e-09  A_min=0.0007884  max_dA_fwd=-4.947e-06
  [shape] epoch  58500  rmse=0.0003066  max_abs_dA=0.0003945  int_signed_dA=-5.828e-09  int_abs_dA=5.828e-09  A_min=0.0007884  max_dA_fwd=-4.947e-06
  [shape] epoch  58750  rmse=0.0002867  max_abs_dA=0.0003792  int_signed_dA=-5.435e-09  int_abs_dA=5.435e-09  A_min=0.0007897  max_dA_fwd=-4.953e-06
  [shape] epoch  59000  rmse=0.000292  max_abs_dA=0.0003832  int_signed_dA=-5.542e-09  int_abs_dA=5.542e-09  A_min=0.0007896  max_dA_fwd=-4.952e-06
  [shape] epoch  59250  rmse=0.000285  max_abs_dA=0.0003758  int_signed_dA=-5.406e-09  int_abs_dA=5.406e-09  A_min=0.0007907  max_dA_fwd=-4.956e-06
  [shape] epoch  59500  rmse=0.0002694  max_abs_dA=0.0003637  int_signed_dA=-5.088e-09  int_abs_dA=5.088e-09  A_min=0.0007915  max_dA_fwd=-4.961e-06
  [shape] epoch  59750  rmse=0.00028  max_abs_dA=0.0003711  int_signed_dA=-5.309e-09  int_abs_dA=5.309e-09  A_min=0.0007913  max_dA_fwd=-4.959e-06
  [shape] epoch  59999  rmse=0.0002771  max_abs_dA=0.0003681  int_signed_dA=-5.254e-09  int_abs_dA=5.254e-09  A_min=0.0007918  max_dA_fwd=-4.961e-06
[spectral-pn] spn-L100.0-s42: loss 6.171e+02 -> 3.450e-08 (x17885583950 drop)
[spectral-pn] RMSE=0.0003 max|dA|=0.0004 gamma_eff=3.5364e+05 gamma_ratio=1.0019
[spectral-pn] snapshot=final best_epoch=59999 best_loss=3.450e-08 final_loss=3.450e-08
[spectral-pn-shape] cancel=1.000 int_signed_dA=-5.2541e-09 int_abs_dA=5.2541e-09 A_min=7.9183e-04 max_dA_fwd=-4.9615e-06
[spectral-pn] saved: runs/transient/pn_corridor_ladder_60k/ladder_L100.0_1d
