[spectral-pn] case: L=0.5 um, Nk=20, L_max=8, run=20260909_030810
[spectral-pn] window t_end=1.934e-09 s (286.9 tau_ref), gamma_dom=3.6189e+09 Hz
[spectral-pn] window mode=n_decay rule=n_decay (t_1% at 0.01*A0: nan s; n_dec=7/gamma_dom: 1.9343e-09 s)
  epoch      0  residual 2.170e-02
  epoch    250  residual 3.258e-04
  epoch    500  residual 1.472e-04
  epoch    750  residual 8.071e-05
  epoch   1000  residual 5.990e-05
  epoch   1250  residual 3.753e-05
  epoch   1500  residual 5.628e-05
  epoch   1750  residual 2.231e-05
  epoch   2000  residual 2.012e-05
  epoch   2250  residual 1.519e-05
  epoch   2500  residual 1.923e-04
  epoch   2750  residual 1.178e-05
  epoch   3000  residual 1.361e-05
  epoch   3250  residual 8.403e-06
  epoch   3500  residual 7.266e-06
  epoch   3750  residual 1.533e-05
  epoch   4000  residual 5.794e-06
  epoch   4250  residual 5.212e-06
  epoch   4500  residual 4.691e-06
  epoch   4750  residual 1.589e-05
  epoch   5000  residual 4.007e-06
  epoch   5250  residual 8.864e-06
  epoch   5500  residual 9.145e-06
  epoch   5750  residual 3.222e-06
  epoch   6000  residual 2.968e-06
  epoch   6250  residual 7.228e-06
  epoch   6500  residual 2.748e-06
  epoch   6750  residual 2.847e-06
  epoch   7000  residual 9.777e-06
  epoch   7250  residual 2.756e-06
  epoch   7500  residual 2.144e-06
  epoch   7750  residual 9.568e-06
  epoch   8000  residual 1.945e-06
  epoch   8250  residual 5.788e-06
  epoch   8500  residual 1.734e-06
  epoch   8750  residual 1.695e-06
  epoch   9000  residual 3.647e-06
  epoch   9250  residual 1.505e-06
  epoch   9500  residual 1.515e-06
  epoch   9750  residual 8.266e-06
  epoch  10000  residual 9.201e-06
  epoch  10250  residual 1.123e-05
  epoch  10500  residual 5.339e-06
  epoch  10750  residual 2.236e-06
  epoch  11000  residual 4.371e-06
  epoch  11250  residual 1.107e-06
  epoch  11500  residual 2.213e-06
  epoch  11750  residual 1.862e-05
  epoch  12000  residual 2.558e-06
  epoch  12250  residual 1.913e-06
  epoch  12500  residual 4.237e-06
  epoch  12750  residual 1.052e-06
  epoch  13000  residual 8.712e-07
  epoch  13250  residual 9.592e-07
  epoch  13500  residual 1.577e-05
  epoch  13750  residual 9.489e-07
  epoch  14000  residual 8.035e-07
  epoch  14250  residual 1.018e-06
  epoch  14500  residual 5.948e-06
  epoch  14750  residual 7.585e-07
  epoch  15000  residual 9.847e-07
  epoch  15250  residual 6.584e-07
  epoch  15500  residual 7.230e-07
  epoch  15750  residual 6.812e-07
  epoch  16000  residual 1.179e-06
  epoch  16250  residual 4.591e-06
  epoch  16500  residual 4.364e-06
  epoch  16750  residual 5.685e-07
  epoch  17000  residual 5.470e-07
  epoch  17250  residual 5.681e-07
  epoch  17500  residual 1.981e-06
  epoch  17750  residual 5.201e-07
  epoch  18000  residual 6.853e-07
  epoch  18250  residual 5.766e-07
  epoch  18500  residual 1.326e-06
  epoch  18750  residual 1.129e-06
  epoch  19000  residual 4.926e-07
  epoch  19250  residual 6.923e-07
  epoch  19500  residual 5.403e-07
  epoch  19750  residual 7.115e-07
  epoch  20000  residual 1.404e-06
  epoch  20250  residual 5.284e-07
  epoch  20500  residual 4.334e-07
  epoch  20750  residual 5.731e-06
  epoch  21000  residual 4.192e-07
  epoch  21250  residual 5.888e-07
  epoch  21500  residual 1.425e-06
  epoch  21750  residual 8.473e-07
  epoch  22000  residual 9.860e-07
  epoch  22250  residual 7.700e-07
  epoch  22500  residual 4.043e-07
  epoch  22750  residual 1.579e-06
  epoch  23000  residual 3.075e-06
  epoch  23250  residual 4.107e-07
  epoch  23500  residual 3.657e-07
  epoch  23750  residual 5.412e-07
  epoch  24000  residual 5.790e-07
  epoch  24250  residual 3.298e-07
  epoch  24500  residual 5.426e-07
  epoch  24750  residual 1.090e-06
  epoch  25000  residual 3.665e-06
  epoch  25250  residual 3.102e-07
  epoch  25500  residual 5.487e-07
  epoch  25750  residual 1.996e-06
  epoch  26000  residual 3.308e-07
  epoch  26250  residual 3.192e-07
  epoch  26500  residual 3.437e-07
  epoch  26750  residual 8.727e-07
  epoch  27000  residual 1.466e-06
  epoch  27250  residual 2.675e-07
  epoch  27500  residual 7.541e-07
  epoch  27750  residual 6.678e-07
  epoch  28000  residual 4.626e-07
  epoch  28250  residual 4.835e-07
  epoch  28500  residual 5.100e-07
  epoch  28750  residual 2.742e-07
  epoch  29000  residual 1.178e-06
  epoch  29250  residual 6.324e-07
  epoch  29500  residual 8.201e-07
  epoch  29750  residual 3.772e-07
  epoch  30000  residual 6.536e-07
  epoch  30250  residual 6.250e-07
  epoch  30500  residual 2.606e-07
  epoch  30750  residual 1.199e-06
  epoch  31000  residual 5.090e-07
  epoch  31250  residual 3.998e-07
  epoch  31500  residual 2.737e-07
  epoch  31750  residual 2.262e-07
  epoch  32000  residual 2.111e-07
  epoch  32250  residual 6.714e-07
  epoch  32500  residual 3.238e-07
  epoch  32750  residual 3.079e-07
  epoch  33000  residual 2.268e-07
  epoch  33250  residual 5.546e-07
  epoch  33500  residual 2.046e-07
  epoch  33750  residual 2.007e-07
  epoch  34000  residual 3.511e-07
  epoch  34250  residual 4.475e-07
  epoch  34500  residual 5.969e-07
  epoch  34750  residual 1.967e-07
  epoch  35000  residual 3.939e-07
  epoch  35250  residual 2.062e-07
  epoch  35500  residual 2.515e-07
  epoch  35750  residual 2.473e-07
  epoch  36000  residual 7.657e-07
  epoch  36250  residual 2.165e-07
  epoch  36500  residual 3.282e-07
  epoch  36750  residual 2.053e-07
  epoch  37000  residual 1.824e-07
  epoch  37250  residual 1.948e-07
  epoch  37500  residual 1.733e-07
  epoch  37750  residual 2.026e-07
  epoch  38000  residual 1.621e-07
  epoch  38250  residual 1.850e-07
  epoch  38500  residual 1.607e-07
  epoch  38750  residual 2.071e-07
  epoch  39000  residual 2.680e-07
  epoch  39250  residual 4.286e-07
  epoch  39500  residual 4.155e-07
  epoch  39750  residual 2.005e-07
  epoch  40000  residual 1.551e-07
  epoch  40250  residual 2.918e-07
  epoch  40500  residual 3.824e-07
  epoch  40750  residual 1.827e-07
  epoch  41000  residual 1.497e-07
  epoch  41250  residual 1.649e-07
  epoch  41500  residual 1.877e-07
  epoch  41750  residual 2.042e-07
  epoch  42000  residual 1.547e-07
  epoch  42250  residual 4.436e-07
  epoch  42500  residual 1.747e-07
  epoch  42750  residual 1.565e-07
  epoch  43000  residual 1.488e-07
  epoch  43250  residual 1.367e-07
  epoch  43500  residual 1.397e-07
  epoch  43750  residual 2.073e-07
  epoch  44000  residual 2.348e-07
  epoch  44250  residual 1.446e-07
  epoch  44500  residual 1.429e-07
  epoch  44750  residual 4.154e-07
  epoch  45000  residual 1.911e-07
  epoch  45250  residual 1.396e-07
  epoch  45500  residual 1.515e-07
  epoch  45750  residual 1.611e-07
  epoch  46000  residual 1.296e-07
  epoch  46250  residual 1.354e-07
  epoch  46500  residual 1.258e-07
  epoch  46750  residual 1.557e-07
  epoch  47000  residual 1.232e-07
  epoch  47250  residual 1.235e-07
  epoch  47500  residual 1.243e-07
  epoch  47750  residual 1.213e-07
  epoch  48000  residual 1.219e-07
  epoch  48250  residual 1.238e-07
  epoch  48500  residual 1.661e-07
  epoch  48750  residual 1.301e-07
  epoch  49000  residual 1.385e-07
  epoch  49250  residual 1.383e-07
  epoch  49500  residual 1.192e-07
  epoch  49750  residual 1.384e-07
  epoch  50000  residual 1.355e-07
  epoch  50250  residual 1.272e-07
  epoch  50500  residual 1.150e-07
  epoch  50750  residual 1.768e-07
  epoch  51000  residual 1.536e-07
  epoch  51250  residual 1.154e-07
  epoch  51500  residual 1.164e-07
  epoch  51750  residual 1.102e-07
  epoch  52000  residual 1.145e-07
  epoch  52250  residual 1.160e-07
  epoch  52500  residual 1.089e-07
  epoch  52750  residual 1.135e-07
  epoch  53000  residual 1.117e-07
  epoch  53250  residual 1.126e-07
  epoch  53500  residual 1.069e-07
  epoch  53750  residual 1.074e-07
  epoch  54000  residual 1.064e-07
  epoch  54250  residual 1.131e-07
  epoch  54500  residual 1.060e-07
  epoch  54750  residual 1.047e-07
  epoch  55000  residual 1.057e-07
  epoch  55250  residual 1.088e-07
  epoch  55500  residual 1.025e-07
  epoch  55750  residual 1.020e-07
  epoch  56000  residual 1.049e-07
  epoch  56250  residual 1.018e-07
  epoch  56500  residual 1.108e-07
  epoch  56750  residual 1.056e-07
  epoch  57000  residual 9.981e-08
  epoch  57250  residual 9.948e-08
  epoch  57500  residual 1.003e-07
  epoch  57750  residual 1.086e-07
  epoch  58000  residual 9.842e-08
  epoch  58250  residual 9.794e-08
  epoch  58500  residual 1.041e-07
  epoch  58750  residual 9.852e-08
  epoch  59000  residual 9.995e-08
  epoch  59250  residual 9.619e-08
  epoch  59500  residual 9.842e-08
  epoch  59750  residual 9.604e-08
  epoch  59999  residual 9.478e-08
  [gamma] epoch      0  gamma_ratio 2.0861  residual 2.170e-02
  [gamma] epoch    250  gamma_ratio 0.8703  residual 3.258e-04
  [gamma] epoch    500  gamma_ratio 0.9426  residual 1.472e-04
  [gamma] epoch    750  gamma_ratio 0.9382  residual 8.071e-05
  [gamma] epoch   1000  gamma_ratio 0.9567  residual 5.990e-05
  [gamma] epoch   1250  gamma_ratio 0.9459  residual 3.753e-05
  [gamma] epoch   1500  gamma_ratio 0.9514  residual 5.628e-05
  [gamma] epoch   1750  gamma_ratio 0.9450  residual 2.231e-05
  [gamma] epoch   2000  gamma_ratio 0.9439  residual 2.012e-05
  [gamma] epoch   2250  gamma_ratio 0.9415  residual 1.519e-05
  [gamma] epoch   2500  gamma_ratio 0.9606  residual 1.923e-04
  [gamma] epoch   2750  gamma_ratio 0.9473  residual 1.178e-05
  [gamma] epoch   3000  gamma_ratio 0.9663  residual 1.361e-05
  [gamma] epoch   3250  gamma_ratio 0.9501  residual 8.403e-06
  [gamma] epoch   3500  gamma_ratio 0.9565  residual 7.266e-06
  [gamma] epoch   3750  gamma_ratio 0.9869  residual 1.533e-05
  [gamma] epoch   4000  gamma_ratio 0.9628  residual 5.794e-06
  [gamma] epoch   4250  gamma_ratio 0.9646  residual 5.212e-06
  [gamma] epoch   4500  gamma_ratio 0.9678  residual 4.691e-06
  [gamma] epoch   4750  gamma_ratio 0.9916  residual 1.589e-05
  [gamma] epoch   5000  gamma_ratio 0.9685  residual 4.007e-06
  [gamma] epoch   5250  gamma_ratio 0.9973  residual 8.864e-06
  [gamma] epoch   5500  gamma_ratio 0.9784  residual 9.145e-06
  [gamma] epoch   5750  gamma_ratio 0.9732  residual 3.222e-06
  [gamma] epoch   6000  gamma_ratio 0.9759  residual 2.968e-06
  [gamma] epoch   6250  gamma_ratio 0.9845  residual 7.228e-06
  [gamma] epoch   6500  gamma_ratio 0.9747  residual 2.748e-06
  [gamma] epoch   6750  gamma_ratio 0.9757  residual 2.847e-06
  [gamma] epoch   7000  gamma_ratio 0.9757  residual 9.777e-06
  [gamma] epoch   7250  gamma_ratio 0.9816  residual 2.756e-06
  [gamma] epoch   7500  gamma_ratio 0.9791  residual 2.144e-06
  [gamma] epoch   7750  gamma_ratio 0.9804  residual 9.568e-06
  [gamma] epoch   8000  gamma_ratio 0.9802  residual 1.945e-06
  [gamma] epoch   8250  gamma_ratio 0.9819  residual 5.788e-06
  [gamma] epoch   8500  gamma_ratio 0.9818  residual 1.734e-06
  [gamma] epoch   8750  gamma_ratio 0.9827  residual 1.695e-06
  [gamma] epoch   9000  gamma_ratio 0.9835  residual 3.647e-06
  [gamma] epoch   9250  gamma_ratio 0.9834  residual 1.505e-06
  [gamma] epoch   9500  gamma_ratio 0.9825  residual 1.515e-06
  [gamma] epoch   9750  gamma_ratio 0.9865  residual 8.266e-06
  [gamma] epoch  10000  gamma_ratio 0.9816  residual 9.201e-06
  [gamma] epoch  10250  gamma_ratio 0.9892  residual 1.123e-05
  [gamma] epoch  10500  gamma_ratio 0.9832  residual 5.339e-06
  [gamma] epoch  10750  gamma_ratio 0.9856  residual 2.236e-06
  [gamma] epoch  11000  gamma_ratio 0.9875  residual 4.371e-06
  [gamma] epoch  11250  gamma_ratio 0.9856  residual 1.107e-06
  [gamma] epoch  11500  gamma_ratio 0.9829  residual 2.213e-06
  [gamma] epoch  11750  gamma_ratio 0.9889  residual 1.862e-05
  [gamma] epoch  12000  gamma_ratio 0.9893  residual 2.558e-06
  [gamma] epoch  12250  gamma_ratio 0.9861  residual 1.913e-06
  [gamma] epoch  12500  gamma_ratio 0.9896  residual 4.237e-06
  [gamma] epoch  12750  gamma_ratio 0.9866  residual 1.052e-06
  [gamma] epoch  13000  gamma_ratio 0.9875  residual 8.712e-07
  [gamma] epoch  13250  gamma_ratio 0.9874  residual 9.592e-07
  [gamma] epoch  13500  gamma_ratio 0.9915  residual 1.577e-05
  [gamma] epoch  13750  gamma_ratio 0.9870  residual 9.489e-07
  [gamma] epoch  14000  gamma_ratio 0.9863  residual 8.035e-07
  [gamma] epoch  14250  gamma_ratio 0.9891  residual 1.018e-06
  [gamma] epoch  14500  gamma_ratio 0.9875  residual 5.948e-06
  [gamma] epoch  14750  gamma_ratio 0.9885  residual 7.585e-07
  [gamma] epoch  15000  gamma_ratio 0.9870  residual 9.847e-07
  [gamma] epoch  15250  gamma_ratio 0.9894  residual 6.584e-07
  [gamma] epoch  15500  gamma_ratio 0.9890  residual 7.230e-07
  [gamma] epoch  15750  gamma_ratio 0.9893  residual 6.812e-07
  [gamma] epoch  16000  gamma_ratio 0.9867  residual 1.179e-06
  [gamma] epoch  16250  gamma_ratio 0.9873  residual 4.591e-06
  [gamma] epoch  16500  gamma_ratio 0.9896  residual 4.364e-06
  [gamma] epoch  16750  gamma_ratio 0.9906  residual 5.685e-07
  [gamma] epoch  17000  gamma_ratio 0.9906  residual 5.470e-07
  [gamma] epoch  17250  gamma_ratio 0.9908  residual 5.681e-07
  [gamma] epoch  17500  gamma_ratio 0.9920  residual 1.981e-06
  [gamma] epoch  17750  gamma_ratio 0.9908  residual 5.201e-07
  [gamma] epoch  18000  gamma_ratio 0.9903  residual 6.853e-07
  [gamma] epoch  18250  gamma_ratio 0.9909  residual 5.766e-07
  [gamma] epoch  18500  gamma_ratio 0.9896  residual 1.326e-06
  [gamma] epoch  18750  gamma_ratio 0.9930  residual 1.129e-06
  [gamma] epoch  19000  gamma_ratio 0.9917  residual 4.926e-07
  [gamma] epoch  19250  gamma_ratio 0.9914  residual 6.923e-07
  [gamma] epoch  19500  gamma_ratio 0.9904  residual 5.403e-07
  [gamma] epoch  19750  gamma_ratio 0.9924  residual 7.115e-07
  [gamma] epoch  20000  gamma_ratio 0.9882  residual 1.404e-06
  [gamma] epoch  20250  gamma_ratio 0.9919  residual 5.284e-07
  [gamma] epoch  20500  gamma_ratio 0.9927  residual 4.334e-07
  [gamma] epoch  20750  gamma_ratio 0.9939  residual 5.731e-06
  [gamma] epoch  21000  gamma_ratio 0.9927  residual 4.192e-07
  [gamma] epoch  21250  gamma_ratio 0.9937  residual 5.888e-07
  [gamma] epoch  21500  gamma_ratio 0.9915  residual 1.425e-06
  [gamma] epoch  21750  gamma_ratio 0.9922  residual 8.473e-07
  [gamma] epoch  22000  gamma_ratio 0.9961  residual 9.860e-07
  [gamma] epoch  22250  gamma_ratio 0.9910  residual 7.700e-07
  [gamma] epoch  22500  gamma_ratio 0.9932  residual 4.043e-07
  [gamma] epoch  22750  gamma_ratio 0.9952  residual 1.579e-06
  [gamma] epoch  23000  gamma_ratio 0.9954  residual 3.075e-06
  [gamma] epoch  23250  gamma_ratio 0.9935  residual 4.107e-07
  [gamma] epoch  23500  gamma_ratio 0.9931  residual 3.657e-07
  [gamma] epoch  23750  gamma_ratio 0.9937  residual 5.412e-07
  [gamma] epoch  24000  gamma_ratio 0.9958  residual 5.790e-07
  [gamma] epoch  24250  gamma_ratio 0.9933  residual 3.298e-07
  [gamma] epoch  24500  gamma_ratio 0.9917  residual 5.426e-07
  [gamma] epoch  24750  gamma_ratio 0.9928  residual 1.090e-06
  [gamma] epoch  25000  gamma_ratio 0.9940  residual 3.665e-06
  [gamma] epoch  25250  gamma_ratio 0.9938  residual 3.102e-07
  [gamma] epoch  25500  gamma_ratio 0.9933  residual 5.487e-07
  [gamma] epoch  25750  gamma_ratio 0.9936  residual 1.996e-06
  [gamma] epoch  26000  gamma_ratio 0.9942  residual 3.308e-07
  [gamma] epoch  26250  gamma_ratio 0.9933  residual 3.192e-07
  [gamma] epoch  26500  gamma_ratio 0.9947  residual 3.437e-07
  [gamma] epoch  26750  gamma_ratio 0.9923  residual 8.727e-07
  [gamma] epoch  27000  gamma_ratio 0.9937  residual 1.466e-06
  [gamma] epoch  27250  gamma_ratio 0.9940  residual 2.675e-07
  [gamma] epoch  27500  gamma_ratio 0.9936  residual 7.541e-07
  [gamma] epoch  27750  gamma_ratio 0.9933  residual 6.678e-07
  [gamma] epoch  28000  gamma_ratio 0.9935  residual 4.626e-07
  [gamma] epoch  28250  gamma_ratio 0.9944  residual 4.835e-07
  [gamma] epoch  28500  gamma_ratio 0.9940  residual 5.100e-07
  [gamma] epoch  28750  gamma_ratio 0.9941  residual 2.742e-07
  [gamma] epoch  29000  gamma_ratio 0.9925  residual 1.178e-06
  [gamma] epoch  29250  gamma_ratio 0.9921  residual 6.324e-07
  [gamma] epoch  29500  gamma_ratio 0.9928  residual 8.201e-07
  [gamma] epoch  29750  gamma_ratio 0.9944  residual 3.772e-07
  [gamma] epoch  30000  gamma_ratio 0.9955  residual 6.536e-07
  [gamma] epoch  30250  gamma_ratio 0.9932  residual 6.250e-07
  [gamma] epoch  30500  gamma_ratio 0.9944  residual 2.606e-07
  [gamma] epoch  30750  gamma_ratio 0.9941  residual 1.199e-06
  [gamma] epoch  31000  gamma_ratio 0.9964  residual 5.090e-07
  [gamma] epoch  31250  gamma_ratio 0.9939  residual 3.998e-07
  [gamma] epoch  31500  gamma_ratio 0.9940  residual 2.737e-07
  [gamma] epoch  31750  gamma_ratio 0.9941  residual 2.262e-07
  [gamma] epoch  32000  gamma_ratio 0.9943  residual 2.111e-07
  [gamma] epoch  32250  gamma_ratio 0.9934  residual 6.714e-07
  [gamma] epoch  32500  gamma_ratio 0.9945  residual 3.238e-07
  [gamma] epoch  32750  gamma_ratio 0.9940  residual 3.079e-07
  [gamma] epoch  33000  gamma_ratio 0.9940  residual 2.268e-07
  [gamma] epoch  33250  gamma_ratio 0.9946  residual 5.546e-07
  [gamma] epoch  33500  gamma_ratio 0.9943  residual 2.046e-07
  [gamma] epoch  33750  gamma_ratio 0.9945  residual 2.007e-07
  [gamma] epoch  34000  gamma_ratio 0.9944  residual 3.511e-07
  [gamma] epoch  34250  gamma_ratio 0.9945  residual 4.475e-07
  [gamma] epoch  34500  gamma_ratio 0.9953  residual 5.969e-07
  [gamma] epoch  34750  gamma_ratio 0.9944  residual 1.967e-07
  [gamma] epoch  35000  gamma_ratio 0.9945  residual 3.939e-07
  [gamma] epoch  35250  gamma_ratio 0.9943  residual 2.062e-07
  [gamma] epoch  35500  gamma_ratio 0.9943  residual 2.515e-07
  [gamma] epoch  35750  gamma_ratio 0.9943  residual 2.473e-07
  [gamma] epoch  36000  gamma_ratio 0.9948  residual 7.657e-07
  [gamma] epoch  36250  gamma_ratio 0.9945  residual 2.165e-07
  [gamma] epoch  36500  gamma_ratio 0.9933  residual 3.282e-07
  [gamma] epoch  36750  gamma_ratio 0.9940  residual 2.053e-07
  [gamma] epoch  37000  gamma_ratio 0.9944  residual 1.824e-07
  [gamma] epoch  37250  gamma_ratio 0.9951  residual 1.948e-07
  [gamma] epoch  37500  gamma_ratio 0.9943  residual 1.733e-07
  [gamma] epoch  37750  gamma_ratio 0.9950  residual 2.026e-07
  [gamma] epoch  38000  gamma_ratio 0.9943  residual 1.621e-07
  [gamma] epoch  38250  gamma_ratio 0.9945  residual 1.850e-07
  [gamma] epoch  38500  gamma_ratio 0.9944  residual 1.607e-07
  [gamma] epoch  38750  gamma_ratio 0.9939  residual 2.071e-07
  [gamma] epoch  39000  gamma_ratio 0.9943  residual 2.680e-07
  [gamma] epoch  39250  gamma_ratio 0.9955  residual 4.286e-07
  [gamma] epoch  39500  gamma_ratio 0.9945  residual 4.155e-07
  [gamma] epoch  39750  gamma_ratio 0.9946  residual 2.005e-07
  [gamma] epoch  40000  gamma_ratio 0.9944  residual 1.551e-07
  [gamma] epoch  40250  gamma_ratio 0.9951  residual 2.918e-07
  [gamma] epoch  40500  gamma_ratio 0.9934  residual 3.824e-07
  [gamma] epoch  40750  gamma_ratio 0.9944  residual 1.827e-07
  [gamma] epoch  41000  gamma_ratio 0.9943  residual 1.497e-07
  [gamma] epoch  41250  gamma_ratio 0.9946  residual 1.649e-07
  [gamma] epoch  41500  gamma_ratio 0.9947  residual 1.877e-07
  [gamma] epoch  41750  gamma_ratio 0.9948  residual 2.042e-07
  [gamma] epoch  42000  gamma_ratio 0.9942  residual 1.547e-07
  [gamma] epoch  42250  gamma_ratio 0.9952  residual 4.436e-07
  [gamma] epoch  42500  gamma_ratio 0.9946  residual 1.747e-07
  [gamma] epoch  42750  gamma_ratio 0.9941  residual 1.565e-07
  [gamma] epoch  43000  gamma_ratio 0.9944  residual 1.488e-07
  [gamma] epoch  43250  gamma_ratio 0.9945  residual 1.367e-07
  [gamma] epoch  43500  gamma_ratio 0.9945  residual 1.397e-07
  [gamma] epoch  43750  gamma_ratio 0.9942  residual 2.073e-07
  [gamma] epoch  44000  gamma_ratio 0.9941  residual 2.348e-07
  [gamma] epoch  44250  gamma_ratio 0.9949  residual 1.446e-07
  [gamma] epoch  44500  gamma_ratio 0.9943  residual 1.429e-07
  [gamma] epoch  44750  gamma_ratio 0.9943  residual 4.154e-07
  [gamma] epoch  45000  gamma_ratio 0.9949  residual 1.911e-07
  [gamma] epoch  45250  gamma_ratio 0.9945  residual 1.396e-07
  [gamma] epoch  45500  gamma_ratio 0.9946  residual 1.515e-07
  [gamma] epoch  45750  gamma_ratio 0.9939  residual 1.611e-07
  [gamma] epoch  46000  gamma_ratio 0.9945  residual 1.296e-07
  [gamma] epoch  46250  gamma_ratio 0.9944  residual 1.354e-07
  [gamma] epoch  46500  gamma_ratio 0.9945  residual 1.258e-07
  [gamma] epoch  46750  gamma_ratio 0.9945  residual 1.557e-07
  [gamma] epoch  47000  gamma_ratio 0.9945  residual 1.232e-07
  [gamma] epoch  47250  gamma_ratio 0.9945  residual 1.235e-07
  [gamma] epoch  47500  gamma_ratio 0.9944  residual 1.243e-07
  [gamma] epoch  47750  gamma_ratio 0.9946  residual 1.213e-07
  [gamma] epoch  48000  gamma_ratio 0.9945  residual 1.219e-07
  [gamma] epoch  48250  gamma_ratio 0.9945  residual 1.238e-07
  [gamma] epoch  48500  gamma_ratio 0.9946  residual 1.661e-07
  [gamma] epoch  48750  gamma_ratio 0.9944  residual 1.301e-07
  [gamma] epoch  49000  gamma_ratio 0.9941  residual 1.385e-07
  [gamma] epoch  49250  gamma_ratio 0.9948  residual 1.383e-07
  [gamma] epoch  49500  gamma_ratio 0.9945  residual 1.192e-07
  [gamma] epoch  49750  gamma_ratio 0.9943  residual 1.384e-07
  [gamma] epoch  50000  gamma_ratio 0.9947  residual 1.355e-07
  [gamma] epoch  50250  gamma_ratio 0.9945  residual 1.272e-07
  [gamma] epoch  50500  gamma_ratio 0.9945  residual 1.150e-07
  [gamma] epoch  50750  gamma_ratio 0.9948  residual 1.768e-07
  [gamma] epoch  51000  gamma_ratio 0.9944  residual 1.536e-07
  [gamma] epoch  51250  gamma_ratio 0.9947  residual 1.154e-07
  [gamma] epoch  51500  gamma_ratio 0.9943  residual 1.164e-07
  [gamma] epoch  51750  gamma_ratio 0.9945  residual 1.102e-07
  [gamma] epoch  52000  gamma_ratio 0.9946  residual 1.145e-07
  [gamma] epoch  52250  gamma_ratio 0.9946  residual 1.160e-07
  [gamma] epoch  52500  gamma_ratio 0.9946  residual 1.089e-07
  [gamma] epoch  52750  gamma_ratio 0.9945  residual 1.135e-07
  [gamma] epoch  53000  gamma_ratio 0.9945  residual 1.117e-07
  [gamma] epoch  53250  gamma_ratio 0.9947  residual 1.126e-07
  [gamma] epoch  53500  gamma_ratio 0.9946  residual 1.069e-07
  [gamma] epoch  53750  gamma_ratio 0.9946  residual 1.074e-07
  [gamma] epoch  54000  gamma_ratio 0.9945  residual 1.064e-07
  [gamma] epoch  54250  gamma_ratio 0.9943  residual 1.131e-07
  [gamma] epoch  54500  gamma_ratio 0.9947  residual 1.060e-07
  [gamma] epoch  54750  gamma_ratio 0.9945  residual 1.047e-07
  [gamma] epoch  55000  gamma_ratio 0.9946  residual 1.057e-07
  [gamma] epoch  55250  gamma_ratio 0.9945  residual 1.088e-07
  [gamma] epoch  55500  gamma_ratio 0.9946  residual 1.025e-07
  [gamma] epoch  55750  gamma_ratio 0.9946  residual 1.020e-07
  [gamma] epoch  56000  gamma_ratio 0.9944  residual 1.049e-07
  [gamma] epoch  56250  gamma_ratio 0.9945  residual 1.018e-07
  [gamma] epoch  56500  gamma_ratio 0.9947  residual 1.108e-07
  [gamma] epoch  56750  gamma_ratio 0.9947  residual 1.056e-07
  [gamma] epoch  57000  gamma_ratio 0.9946  residual 9.981e-08
  [gamma] epoch  57250  gamma_ratio 0.9945  residual 9.948e-08
  [gamma] epoch  57500  gamma_ratio 0.9946  residual 1.003e-07
  [gamma] epoch  57750  gamma_ratio 0.9946  residual 1.086e-07
  [gamma] epoch  58000  gamma_ratio 0.9946  residual 9.842e-08
  [gamma] epoch  58250  gamma_ratio 0.9945  residual 9.794e-08
  [gamma] epoch  58500  gamma_ratio 0.9945  residual 1.041e-07
  [gamma] epoch  58750  gamma_ratio 0.9946  residual 9.852e-08
  [gamma] epoch  59000  gamma_ratio 0.9947  residual 9.995e-08
  [gamma] epoch  59250  gamma_ratio 0.9946  residual 9.619e-08
  [gamma] epoch  59500  gamma_ratio 0.9946  residual 9.842e-08
  [gamma] epoch  59750  gamma_ratio 0.9945  residual 9.604e-08
  [gamma] epoch  59999  gamma_ratio 0.9946  residual 9.478e-08
  [shape] epoch      0  rmse=0.125  max_abs_dA=0.308  int_signed_dA=-1.44e-10  int_abs_dA=1.474e-10  A_min=0.00525  max_dA_fwd=0.005789
  [shape] epoch    250  rmse=0.03531  max_abs_dA=0.0458  int_signed_dA=4.121e-11  int_abs_dA=6.444e-11  A_min=0.03814  max_dA_fwd=-1.617e-05
  [shape] epoch    500  rmse=0.01543  max_abs_dA=0.01946  int_signed_dA=1.686e-11  int_abs_dA=2.773e-11  A_min=0.01897  max_dA_fwd=-9.219e-06
  [shape] epoch    750  rmse=0.01296  max_abs_dA=0.01806  int_signed_dA=1.822e-11  int_abs_dA=2.162e-11  A_min=0.01794  max_dA_fwd=-8.981e-06
  [shape] epoch   1000  rmse=0.01265  max_abs_dA=0.01738  int_signed_dA=1.252e-11  int_abs_dA=2.203e-11  A_min=0.01728  max_dA_fwd=-9.497e-06
  [shape] epoch   1250  rmse=0.01256  max_abs_dA=0.01777  int_signed_dA=1.582e-11  int_abs_dA=2.118e-11  A_min=0.01745  max_dA_fwd=-1.024e-05
  [shape] epoch   1500  rmse=0.01494  max_abs_dA=0.02027  int_signed_dA=1.412e-11  int_abs_dA=2.614e-11  A_min=0.02006  max_dA_fwd=-1.013e-05
  [shape] epoch   1750  rmse=0.01238  max_abs_dA=0.01766  int_signed_dA=1.61e-11  int_abs_dA=2.065e-11  A_min=0.01729  max_dA_fwd=-1.044e-05
  [shape] epoch   2000  rmse=0.01242  max_abs_dA=0.01774  int_signed_dA=1.643e-11  int_abs_dA=2.061e-11  A_min=0.01735  max_dA_fwd=-1.045e-05
  [shape] epoch   2250  rmse=0.01192  max_abs_dA=0.01706  int_signed_dA=1.719e-11  int_abs_dA=1.929e-11  A_min=0.01662  max_dA_fwd=-1.048e-05
  [shape] epoch   2500  rmse=0.009912  max_abs_dA=0.01412  int_signed_dA=1.135e-11  int_abs_dA=1.685e-11  A_min=0.01387  max_dA_fwd=-9.764e-06
  [shape] epoch   2750  rmse=0.01145  max_abs_dA=0.01642  int_signed_dA=1.538e-11  int_abs_dA=1.886e-11  A_min=0.01595  max_dA_fwd=-1.056e-05
  [shape] epoch   3000  rmse=0.01193  max_abs_dA=0.01584  int_signed_dA=9.658e-12  int_abs_dA=2.107e-11  A_min=0.0154  max_dA_fwd=-1.068e-05
  [shape] epoch   3250  rmse=0.01007  max_abs_dA=0.01453  int_signed_dA=1.452e-11  int_abs_dA=1.615e-11  A_min=0.01386  max_dA_fwd=-1.089e-05
  [shape] epoch   3500  rmse=0.008196  max_abs_dA=0.01178  int_signed_dA=1.259e-11  int_abs_dA=1.289e-11  A_min=0.01106  max_dA_fwd=-1.056e-05
  [shape] epoch   3750  rmse=0.009005  max_abs_dA=0.01273  int_signed_dA=3.658e-12  int_abs_dA=1.602e-11  A_min=0.01051  max_dA_fwd=-1.006e-05
  [shape] epoch   4000  rmse=0.006912  max_abs_dA=0.01  int_signed_dA=1.068e-11  int_abs_dA=1.091e-11  A_min=0.009231  max_dA_fwd=-1.046e-05
  [shape] epoch   4250  rmse=0.006795  max_abs_dA=0.009927  int_signed_dA=1.015e-11  int_abs_dA=1.075e-11  A_min=0.009159  max_dA_fwd=-1.061e-05
  [shape] epoch   4500  rmse=0.005865  max_abs_dA=0.008518  int_signed_dA=9.2e-12  int_abs_dA=9.321e-12  A_min=0.007677  max_dA_fwd=-1.037e-05
  [shape] epoch   4750  rmse=0.006658  max_abs_dA=0.00971  int_signed_dA=2.352e-12  int_abs_dA=1.182e-11  A_min=0.007616  max_dA_fwd=-9.873e-06
  [shape] epoch   5000  rmse=0.00588  max_abs_dA=0.008586  int_signed_dA=8.987e-12  int_abs_dA=9.232e-12  A_min=0.007632  max_dA_fwd=-1.072e-05
  [shape] epoch   5250  rmse=0.005766  max_abs_dA=0.008995  int_signed_dA=7.461e-13  int_abs_dA=1.023e-11  A_min=0.005998  max_dA_fwd=-9.532e-06
  [shape] epoch   5500  rmse=0.005189  max_abs_dA=0.007565  int_signed_dA=6.094e-12  int_abs_dA=8.755e-12  A_min=0.006771  max_dA_fwd=-1.043e-05
  [shape] epoch   5750  rmse=0.005306  max_abs_dA=0.007867  int_signed_dA=7.629e-12  int_abs_dA=8.396e-12  A_min=0.006896  max_dA_fwd=-1.086e-05
  [shape] epoch   6000  rmse=0.004507  max_abs_dA=0.006684  int_signed_dA=6.832e-12  int_abs_dA=7.112e-12  A_min=0.00565  max_dA_fwd=-1.056e-05
  [shape] epoch   6250  rmse=0.004851  max_abs_dA=0.006763  int_signed_dA=4.36e-12  int_abs_dA=8.578e-12  A_min=0.005854  max_dA_fwd=-1.059e-05
  [shape] epoch   6500  rmse=0.005017  max_abs_dA=0.007462  int_signed_dA=7.192e-12  int_abs_dA=7.947e-12  A_min=0.006383  max_dA_fwd=-1.102e-05
  [shape] epoch   6750  rmse=0.004577  max_abs_dA=0.006794  int_signed_dA=6.889e-12  int_abs_dA=7.213e-12  A_min=0.005535  max_dA_fwd=-1.103e-05
  [shape] epoch   7000  rmse=0.004232  max_abs_dA=0.006232  int_signed_dA=6.888e-12  int_abs_dA=6.889e-12  A_min=0.004871  max_dA_fwd=-1.091e-05
  [shape] epoch   7250  rmse=0.00408  max_abs_dA=0.006049  int_signed_dA=5.182e-12  int_abs_dA=6.846e-12  A_min=0.00484  max_dA_fwd=-1.082e-05
  [shape] epoch   7500  rmse=0.004037  max_abs_dA=0.006059  int_signed_dA=5.896e-12  int_abs_dA=6.435e-12  A_min=0.004712  max_dA_fwd=-1.104e-05
  [shape] epoch   7750  rmse=0.00348  max_abs_dA=0.005229  int_signed_dA=5.518e-12  int_abs_dA=5.652e-12  A_min=0.003757  max_dA_fwd=-1.083e-05
  [shape] epoch   8000  rmse=0.003802  max_abs_dA=0.005737  int_signed_dA=5.583e-12  int_abs_dA=6.078e-12  A_min=0.004238  max_dA_fwd=-1.116e-05
  [shape] epoch   8250  rmse=0.004255  max_abs_dA=0.006261  int_signed_dA=5.088e-12  int_abs_dA=7.28e-12  A_min=0.004827  max_dA_fwd=-1.137e-05
  [shape] epoch   8500  rmse=0.003506  max_abs_dA=0.005337  int_signed_dA=5.137e-12  int_abs_dA=5.619e-12  A_min=0.00375  max_dA_fwd=-1.116e-05
  [shape] epoch   8750  rmse=0.003285  max_abs_dA=0.005025  int_signed_dA=4.871e-12  int_abs_dA=5.264e-12  A_min=0.003372  max_dA_fwd=-1.105e-05
  [shape] epoch   9000  rmse=0.003239  max_abs_dA=0.00497  int_signed_dA=4.629e-12  int_abs_dA=5.256e-12  A_min=0.003336  max_dA_fwd=-1.11e-05
  [shape] epoch   9250  rmse=0.003211  max_abs_dA=0.004939  int_signed_dA=4.657e-12  int_abs_dA=5.179e-12  A_min=0.003241  max_dA_fwd=-1.115e-05
  [shape] epoch   9500  rmse=0.003373  max_abs_dA=0.005172  int_signed_dA=4.917e-12  int_abs_dA=5.442e-12  A_min=0.003373  max_dA_fwd=-1.135e-05
  [shape] epoch   9750  rmse=0.002985  max_abs_dA=0.004585  int_signed_dA=3.798e-12  int_abs_dA=5.058e-12  A_min=0.002894  max_dA_fwd=-1.107e-05
  [shape] epoch  10000  rmse=0.00324  max_abs_dA=0.004971  int_signed_dA=5.192e-12  int_abs_dA=5.237e-12  A_min=0.002988  max_dA_fwd=-1.139e-05
  [shape] epoch  10250  rmse=0.00316  max_abs_dA=0.004612  int_signed_dA=3.017e-12  int_abs_dA=5.61e-12  A_min=0.002889  max_dA_fwd=-1.122e-05
  [shape] epoch  10500  rmse=0.002976  max_abs_dA=0.004621  int_signed_dA=4.728e-12  int_abs_dA=4.843e-12  A_min=0.002604  max_dA_fwd=-1.121e-05
  [shape] epoch  10750  rmse=0.002918  max_abs_dA=0.004557  int_signed_dA=4.033e-12  int_abs_dA=4.808e-12  A_min=0.002562  max_dA_fwd=-1.126e-05
  [shape] epoch  11000  rmse=0.002787  max_abs_dA=0.004343  int_signed_dA=3.502e-12  int_abs_dA=4.728e-12  A_min=0.002426  max_dA_fwd=-1.119e-05
  [shape] epoch  11250  rmse=0.002842  max_abs_dA=0.004478  int_signed_dA=4.045e-12  int_abs_dA=4.64e-12  A_min=0.002363  max_dA_fwd=-1.128e-05
  [shape] epoch  11500  rmse=0.003242  max_abs_dA=0.005046  int_signed_dA=4.816e-12  int_abs_dA=5.237e-12  A_min=0.002827  max_dA_fwd=-1.171e-05
  [shape] epoch  11750  rmse=0.002998  max_abs_dA=0.004489  int_signed_dA=3.091e-12  int_abs_dA=5.295e-12  A_min=0.002449  max_dA_fwd=-1.139e-05
  [shape] epoch  12000  rmse=0.002603  max_abs_dA=0.004069  int_signed_dA=3.002e-12  int_abs_dA=4.487e-12  A_min=0.002012  max_dA_fwd=-1.12e-05
  [shape] epoch  12250  rmse=0.002821  max_abs_dA=0.004476  int_signed_dA=3.908e-12  int_abs_dA=4.647e-12  A_min=0.002188  max_dA_fwd=-1.144e-05
  [shape] epoch  12500  rmse=0.002837  max_abs_dA=0.004305  int_signed_dA=2.914e-12  int_abs_dA=4.986e-12  A_min=0.002145  max_dA_fwd=-1.141e-05
  [shape] epoch  12750  rmse=0.002632  max_abs_dA=0.004241  int_signed_dA=3.76e-12  int_abs_dA=4.263e-12  A_min=0.001855  max_dA_fwd=-1.133e-05
  [shape] epoch  13000  rmse=0.002545  max_abs_dA=0.004115  int_signed_dA=3.509e-12  int_abs_dA=4.165e-12  A_min=0.001757  max_dA_fwd=-1.125e-05
  [shape] epoch  13250  rmse=0.002581  max_abs_dA=0.00417  int_signed_dA=3.516e-12  int_abs_dA=4.237e-12  A_min=0.001792  max_dA_fwd=-1.134e-05
  [shape] epoch  13500  rmse=0.002339  max_abs_dA=0.003677  int_signed_dA=2.362e-12  int_abs_dA=4.064e-12  A_min=0.001413  max_dA_fwd=-1.105e-05
  [shape] epoch  13750  rmse=0.002589  max_abs_dA=0.004212  int_signed_dA=3.638e-12  int_abs_dA=4.201e-12  A_min=0.001692  max_dA_fwd=-1.142e-05
  [shape] epoch  14000  rmse=0.00272  max_abs_dA=0.004407  int_signed_dA=3.851e-12  int_abs_dA=4.419e-12  A_min=0.001791  max_dA_fwd=-1.156e-05
  [shape] epoch  14250  rmse=0.002309  max_abs_dA=0.003817  int_signed_dA=3.038e-12  int_abs_dA=3.782e-12  A_min=0.001287  max_dA_fwd=-1.112e-05
  [shape] epoch  14500  rmse=0.002404  max_abs_dA=0.003956  int_signed_dA=3.502e-12  int_abs_dA=3.831e-12  A_min=0.0013  max_dA_fwd=-1.116e-05
  [shape] epoch  14750  rmse=0.002429  max_abs_dA=0.004002  int_signed_dA=3.219e-12  int_abs_dA=3.981e-12  A_min=0.00139  max_dA_fwd=-1.127e-05
  [shape] epoch  15000  rmse=0.002535  max_abs_dA=0.004178  int_signed_dA=3.631e-12  int_abs_dA=4.059e-12  A_min=0.001417  max_dA_fwd=-1.134e-05
  [shape] epoch  15250  rmse=0.002255  max_abs_dA=0.003765  int_signed_dA=2.972e-12  int_abs_dA=3.661e-12  A_min=0.001156  max_dA_fwd=-1.103e-05
  [shape] epoch  15500  rmse=0.002201  max_abs_dA=0.003712  int_signed_dA=3.066e-12  int_abs_dA=3.507e-12  A_min=0.001041  max_dA_fwd=-1.096e-05
  [shape] epoch  15750  rmse=0.00222  max_abs_dA=0.003732  int_signed_dA=2.983e-12  int_abs_dA=3.565e-12  A_min=0.001079  max_dA_fwd=-1.094e-05
  [shape] epoch  16000  rmse=0.002469  max_abs_dA=0.004115  int_signed_dA=3.725e-12  int_abs_dA=3.892e-12  A_min=0.001186  max_dA_fwd=-1.12e-05
  [shape] epoch  16250  rmse=0.002315  max_abs_dA=0.00394  int_signed_dA=3.557e-12  int_abs_dA=3.63e-12  A_min=0.0009636  max_dA_fwd=-1.095e-05
  [shape] epoch  16500  rmse=0.002197  max_abs_dA=0.003711  int_signed_dA=2.916e-12  int_abs_dA=3.517e-12  A_min=0.0009592  max_dA_fwd=-1.075e-05
  [shape] epoch  16750  rmse=0.002027  max_abs_dA=0.003465  int_signed_dA=2.632e-12  int_abs_dA=3.228e-12  A_min=0.0008063  max_dA_fwd=-1.059e-05
  [shape] epoch  17000  rmse=0.00201  max_abs_dA=0.003451  int_signed_dA=2.631e-12  int_abs_dA=3.188e-12  A_min=0.0007764  max_dA_fwd=-1.056e-05
  [shape] epoch  17250  rmse=0.00197  max_abs_dA=0.003396  int_signed_dA=2.557e-12  int_abs_dA=3.114e-12  A_min=0.0007137  max_dA_fwd=-1.049e-05
  [shape] epoch  17500  rmse=0.002006  max_abs_dA=0.00338  int_signed_dA=2.22e-12  int_abs_dA=3.313e-12  A_min=0.0007282  max_dA_fwd=-1.045e-05
  [shape] epoch  17750  rmse=0.001942  max_abs_dA=0.003363  int_signed_dA=2.556e-12  int_abs_dA=3.049e-12  A_min=0.0006829  max_dA_fwd=-1.036e-05
  [shape] epoch  18000  rmse=0.001967  max_abs_dA=0.003409  int_signed_dA=2.705e-12  int_abs_dA=3.058e-12  A_min=0.0006838  max_dA_fwd=-1.032e-05
  [shape] epoch  18250  rmse=0.001896  max_abs_dA=0.003305  int_signed_dA=2.536e-12  int_abs_dA=2.947e-12  A_min=0.0006087  max_dA_fwd=-1.025e-05
  [shape] epoch  18500  rmse=0.002004  max_abs_dA=0.003468  int_signed_dA=2.917e-12  int_abs_dA=3.086e-12  A_min=0.0006733  max_dA_fwd=-1.027e-05
  [shape] epoch  18750  rmse=0.001695  max_abs_dA=0.002964  int_signed_dA=1.959e-12  int_abs_dA=2.69e-12  A_min=0.0004623  max_dA_fwd=-9.887e-06
  [shape] epoch  19000  rmse=0.001788  max_abs_dA=0.003142  int_signed_dA=2.31e-12  int_abs_dA=2.774e-12  A_min=0.0005217  max_dA_fwd=-9.976e-06
  [shape] epoch  19250  rmse=0.001835  max_abs_dA=0.003213  int_signed_dA=2.407e-12  int_abs_dA=2.842e-12  A_min=0.0005745  max_dA_fwd=-9.946e-06
  [shape] epoch  19500  rmse=0.001879  max_abs_dA=0.00329  int_signed_dA=2.675e-12  int_abs_dA=2.874e-12  A_min=0.0005802  max_dA_fwd=-9.983e-06
  [shape] epoch  19750  rmse=0.001773  max_abs_dA=0.003096  int_signed_dA=2.118e-12  int_abs_dA=2.804e-12  A_min=0.000531  max_dA_fwd=-9.792e-06
  [shape] epoch  20000  rmse=0.002072  max_abs_dA=0.003532  int_signed_dA=3.295e-12  int_abs_dA=3.295e-12  A_min=0.0006369  max_dA_fwd=-1.004e-05
  [shape] epoch  20250  rmse=0.001696  max_abs_dA=0.003012  int_signed_dA=2.251e-12  int_abs_dA=2.593e-12  A_min=0.0004483  max_dA_fwd=-9.643e-06
  [shape] epoch  20500  rmse=0.001607  max_abs_dA=0.002871  int_signed_dA=2.038e-12  int_abs_dA=2.462e-12  A_min=0.0003782  max_dA_fwd=-9.514e-06
  [shape] epoch  20750  rmse=0.001555  max_abs_dA=0.002749  int_signed_dA=1.7e-12  int_abs_dA=2.455e-12  A_min=0.000331  max_dA_fwd=-9.355e-06
  [shape] epoch  21000  rmse=0.001597  max_abs_dA=0.002857  int_signed_dA=2.045e-12  int_abs_dA=2.439e-12  A_min=0.000391  max_dA_fwd=-9.394e-06
  [shape] epoch  21250  rmse=0.00146  max_abs_dA=0.002632  int_signed_dA=1.748e-12  int_abs_dA=2.245e-12  A_min=0.0002808  max_dA_fwd=-9.216e-06
  [shape] epoch  21500  rmse=0.001654  max_abs_dA=0.002943  int_signed_dA=2.385e-12  int_abs_dA=2.502e-12  A_min=0.0003995  max_dA_fwd=-9.373e-06
  [shape] epoch  21750  rmse=0.001602  max_abs_dA=0.00287  int_signed_dA=2.171e-12  int_abs_dA=2.421e-12  A_min=0.0003893  max_dA_fwd=-9.318e-06
  [shape] epoch  22000  rmse=0.001317  max_abs_dA=0.002287  int_signed_dA=1.076e-12  int_abs_dA=2.148e-12  A_min=0.0001907  max_dA_fwd=-8.848e-06
  [shape] epoch  22250  rmse=0.001707  max_abs_dA=0.003019  int_signed_dA=2.524e-12  int_abs_dA=2.568e-12  A_min=0.0004469  max_dA_fwd=-9.323e-06
  [shape] epoch  22500  rmse=0.001468  max_abs_dA=0.002661  int_signed_dA=1.895e-12  int_abs_dA=2.211e-12  A_min=0.0002984  max_dA_fwd=-9.064e-06
  [shape] epoch  22750  rmse=0.001262  max_abs_dA=0.002295  int_signed_dA=1.346e-12  int_abs_dA=1.968e-12  A_min=0.0001429  max_dA_fwd=-8.803e-06
  [shape] epoch  23000  rmse=0.001297  max_abs_dA=0.002323  int_signed_dA=1.277e-12  int_abs_dA=2.069e-12  A_min=0.0001797  max_dA_fwd=-8.807e-06
  [shape] epoch  23250  rmse=0.001418  max_abs_dA=0.002582  int_signed_dA=1.808e-12  int_abs_dA=2.13e-12  A_min=0.0002734  max_dA_fwd=-8.942e-06
  [shape] epoch  23500  rmse=0.001447  max_abs_dA=0.002629  int_signed_dA=1.92e-12  int_abs_dA=2.155e-12  A_min=0.0002905  max_dA_fwd=-8.948e-06
  [shape] epoch  23750  rmse=0.001426  max_abs_dA=0.002585  int_signed_dA=1.748e-12  int_abs_dA=2.156e-12  A_min=0.0002955  max_dA_fwd=-8.883e-06
  [shape] epoch  24000  rmse=0.001265  max_abs_dA=0.002262  int_signed_dA=1.177e-12  int_abs_dA=2.022e-12  A_min=0.0001926  max_dA_fwd=-8.624e-06
  [shape] epoch  24250  rmse=0.001382  max_abs_dA=0.002522  int_signed_dA=1.859e-12  int_abs_dA=2.048e-12  A_min=0.0002571  max_dA_fwd=-8.794e-06
  [shape] epoch  24500  rmse=0.001527  max_abs_dA=0.002718  int_signed_dA=2.303e-12  int_abs_dA=2.34e-12  A_min=0.0003029  max_dA_fwd=-8.928e-06
  [shape] epoch  24750  rmse=0.001483  max_abs_dA=0.002675  int_signed_dA=1.993e-12  int_abs_dA=2.195e-12  A_min=0.0003428  max_dA_fwd=-8.853e-06
  [shape] epoch  25000  rmse=0.001314  max_abs_dA=0.002413  int_signed_dA=1.67e-12  int_abs_dA=1.949e-12  A_min=0.000215  max_dA_fwd=-8.675e-06
  [shape] epoch  25250  rmse=0.001318  max_abs_dA=0.002418  int_signed_dA=1.735e-12  int_abs_dA=1.948e-12  A_min=0.0002403  max_dA_fwd=-8.671e-06
  [shape] epoch  25500  rmse=0.00135  max_abs_dA=0.002465  int_signed_dA=1.852e-12  int_abs_dA=1.989e-12  A_min=0.0002657  max_dA_fwd=-8.663e-06
  [shape] epoch  25750  rmse=0.0013  max_abs_dA=0.002384  int_signed_dA=1.774e-12  int_abs_dA=1.906e-12  A_min=0.0002084  max_dA_fwd=-8.602e-06
  [shape] epoch  26000  rmse=0.001256  max_abs_dA=0.002316  int_signed_dA=1.627e-12  int_abs_dA=1.858e-12  A_min=0.0002219  max_dA_fwd=-8.563e-06
  [shape] epoch  26250  rmse=0.001331  max_abs_dA=0.002427  int_signed_dA=1.861e-12  int_abs_dA=1.951e-12  A_min=0.0002628  max_dA_fwd=-8.618e-06
  [shape] epoch  26500  rmse=0.001197  max_abs_dA=0.002217  int_signed_dA=1.473e-12  int_abs_dA=1.779e-12  A_min=0.0001959  max_dA_fwd=-8.476e-06
  [shape] epoch  26750  rmse=0.001453  max_abs_dA=0.002594  int_signed_dA=2.151e-12  int_abs_dA=2.197e-12  A_min=0.0003351  max_dA_fwd=-8.687e-06
  [shape] epoch  27000  rmse=0.001261  max_abs_dA=0.002308  int_signed_dA=1.761e-12  int_abs_dA=1.862e-12  A_min=0.0002281  max_dA_fwd=-8.518e-06
  [shape] epoch  27250  rmse=0.001249  max_abs_dA=0.002296  int_signed_dA=1.683e-12  int_abs_dA=1.825e-12  A_min=0.0002426  max_dA_fwd=-8.506e-06
  [shape] epoch  27500  rmse=0.001283  max_abs_dA=0.002344  int_signed_dA=1.773e-12  int_abs_dA=1.868e-12  A_min=0.0002749  max_dA_fwd=-8.499e-06
  [shape] epoch  27750  rmse=0.001287  max_abs_dA=0.002339  int_signed_dA=1.852e-12  int_abs_dA=1.9e-12  A_min=0.0002739  max_dA_fwd=-8.508e-06
  [shape] epoch  28000  rmse=0.001269  max_abs_dA=0.002315  int_signed_dA=1.799e-12  int_abs_dA=1.857e-12  A_min=0.0002403  max_dA_fwd=-8.517e-06
  [shape] epoch  28250  rmse=0.001177  max_abs_dA=0.002175  int_signed_dA=1.562e-12  int_abs_dA=1.725e-12  A_min=0.000223  max_dA_fwd=-8.403e-06
  [shape] epoch  28500  rmse=0.00124  max_abs_dA=0.002272  int_signed_dA=1.679e-12  int_abs_dA=1.808e-12  A_min=0.0002805  max_dA_fwd=-8.468e-06
  [shape] epoch  28750  rmse=0.001206  max_abs_dA=0.002217  int_signed_dA=1.644e-12  int_abs_dA=1.752e-12  A_min=0.0002587  max_dA_fwd=-8.41e-06
  [shape] epoch  29000  rmse=0.001323  max_abs_dA=0.00231  int_signed_dA=2.086e-12  int_abs_dA=2.15e-12  A_min=0.0002089  max_dA_fwd=-8.542e-06
  [shape] epoch  29250  rmse=0.001393  max_abs_dA=0.002443  int_signed_dA=2.192e-12  int_abs_dA=2.223e-12  A_min=0.0003467  max_dA_fwd=-8.563e-06
  [shape] epoch  29500  rmse=0.001308  max_abs_dA=0.002329  int_signed_dA=2.003e-12  int_abs_dA=2.048e-12  A_min=0.0002844  max_dA_fwd=-8.504e-06
  [shape] epoch  29750  rmse=0.001211  max_abs_dA=0.002218  int_signed_dA=1.558e-12  int_abs_dA=1.778e-12  A_min=0.0003083  max_dA_fwd=-8.431e-06
  [shape] epoch  30000  rmse=0.001169  max_abs_dA=0.002114  int_signed_dA=1.24e-12  int_abs_dA=1.834e-12  A_min=0.000302  max_dA_fwd=-8.342e-06
  [shape] epoch  30250  rmse=0.001347  max_abs_dA=0.002414  int_signed_dA=1.882e-12  int_abs_dA=1.977e-12  A_min=0.00043  max_dA_fwd=-8.49e-06
  [shape] epoch  30500  rmse=0.001168  max_abs_dA=0.002147  int_signed_dA=1.548e-12  int_abs_dA=1.7e-12  A_min=0.0003001  max_dA_fwd=-8.38e-06
  [shape] epoch  30750  rmse=0.001144  max_abs_dA=0.002091  int_signed_dA=1.647e-12  int_abs_dA=1.71e-12  A_min=0.0002273  max_dA_fwd=-8.348e-06
  [shape] epoch  31000  rmse=0.001121  max_abs_dA=0.001983  int_signed_dA=1.004e-12  int_abs_dA=1.82e-12  A_min=0.00031  max_dA_fwd=-8.231e-06
  [shape] epoch  31250  rmse=0.001215  max_abs_dA=0.002212  int_signed_dA=1.695e-12  int_abs_dA=1.754e-12  A_min=0.0003306  max_dA_fwd=-8.415e-06
  [shape] epoch  31500  rmse=0.00119  max_abs_dA=0.00217  int_signed_dA=1.675e-12  int_abs_dA=1.732e-12  A_min=0.0003395  max_dA_fwd=-8.387e-06
  [shape] epoch  31750  rmse=0.001184  max_abs_dA=0.002162  int_signed_dA=1.634e-12  int_abs_dA=1.712e-12  A_min=0.0003407  max_dA_fwd=-8.382e-06
  [shape] epoch  32000  rmse=0.001161  max_abs_dA=0.002126  int_signed_dA=1.591e-12  int_abs_dA=1.684e-12  A_min=0.0003388  max_dA_fwd=-8.354e-06
  [shape] epoch  32250  rmse=0.001178  max_abs_dA=0.002078  int_signed_dA=1.83e-12  int_abs_dA=1.88e-12  A_min=0.0002733  max_dA_fwd=-8.344e-06
  [shape] epoch  32500  rmse=0.00115  max_abs_dA=0.002105  int_signed_dA=1.538e-12  int_abs_dA=1.672e-12  A_min=0.0003573  max_dA_fwd=-8.335e-06
  [shape] epoch  32750  rmse=0.001181  max_abs_dA=0.002149  int_signed_dA=1.661e-12  int_abs_dA=1.709e-12  A_min=0.0003589  max_dA_fwd=-8.372e-06
  [shape] epoch  33000  rmse=0.001179  max_abs_dA=0.002143  int_signed_dA=1.671e-12  int_abs_dA=1.711e-12  A_min=0.0003642  max_dA_fwd=-8.372e-06
  [shape] epoch  33250  rmse=0.001157  max_abs_dA=0.00211  int_signed_dA=1.515e-12  int_abs_dA=1.702e-12  A_min=0.0003904  max_dA_fwd=-8.335e-06
  [shape] epoch  33500  rmse=0.001162  max_abs_dA=0.002117  int_signed_dA=1.583e-12  int_abs_dA=1.683e-12  A_min=0.0003864  max_dA_fwd=-8.34e-06
  [shape] epoch  33750  rmse=0.001116  max_abs_dA=0.002045  int_signed_dA=1.521e-12  int_abs_dA=1.628e-12  A_min=0.0003554  max_dA_fwd=-8.302e-06
  [shape] epoch  34000  rmse=0.00113  max_abs_dA=0.002067  int_signed_dA=1.544e-12  int_abs_dA=1.635e-12  A_min=0.0003627  max_dA_fwd=-8.322e-06
  [shape] epoch  34250  rmse=0.001146  max_abs_dA=0.002087  int_signed_dA=1.543e-12  int_abs_dA=1.672e-12  A_min=0.0004095  max_dA_fwd=-8.313e-06
  [shape] epoch  34500  rmse=0.001112  max_abs_dA=0.002016  int_signed_dA=1.294e-12  int_abs_dA=1.706e-12  A_min=0.0004023  max_dA_fwd=-8.26e-06
  [shape] epoch  34750  rmse=0.001135  max_abs_dA=0.002068  int_signed_dA=1.569e-12  int_abs_dA=1.65e-12  A_min=0.0003967  max_dA_fwd=-8.305e-06
  [shape] epoch  35000  rmse=0.001135  max_abs_dA=0.002069  int_signed_dA=1.529e-12  int_abs_dA=1.648e-12  A_min=0.0004111  max_dA_fwd=-8.297e-06
  [shape] epoch  35250  rmse=0.001147  max_abs_dA=0.002085  int_signed_dA=1.576e-12  int_abs_dA=1.66e-12  A_min=0.0004201  max_dA_fwd=-8.307e-06
  [shape] epoch  35500  rmse=0.001154  max_abs_dA=0.002094  int_signed_dA=1.591e-12  int_abs_dA=1.675e-12  A_min=0.0004313  max_dA_fwd=-8.313e-06
  [shape] epoch  35750  rmse=0.001117  max_abs_dA=0.002031  int_signed_dA=1.588e-12  int_abs_dA=1.638e-12  A_min=0.0003879  max_dA_fwd=-8.286e-06
  [shape] epoch  36000  rmse=0.001091  max_abs_dA=0.001993  int_signed_dA=1.447e-12  int_abs_dA=1.607e-12  A_min=0.0004171  max_dA_fwd=-8.238e-06
  [shape] epoch  36250  rmse=0.001135  max_abs_dA=0.002062  int_signed_dA=1.538e-12  int_abs_dA=1.652e-12  A_min=0.0004464  max_dA_fwd=-8.278e-06
  [shape] epoch  36500  rmse=0.001212  max_abs_dA=0.002152  int_signed_dA=1.858e-12  int_abs_dA=1.872e-12  A_min=0.0004458  max_dA_fwd=-8.348e-06
  [shape] epoch  36750  rmse=0.00118  max_abs_dA=0.002124  int_signed_dA=1.678e-12  int_abs_dA=1.714e-12  A_min=0.0004766  max_dA_fwd=-8.318e-06
  [shape] epoch  37000  rmse=0.00114  max_abs_dA=0.002067  int_signed_dA=1.565e-12  int_abs_dA=1.657e-12  A_min=0.0004578  max_dA_fwd=-8.28e-06
  [shape] epoch  37250  rmse=0.001064  max_abs_dA=0.001946  int_signed_dA=1.367e-12  int_abs_dA=1.562e-12  A_min=0.0004172  max_dA_fwd=-8.201e-06
  [shape] epoch  37500  rmse=0.001126  max_abs_dA=0.00204  int_signed_dA=1.58e-12  int_abs_dA=1.642e-12  A_min=0.0004533  max_dA_fwd=-8.255e-06
  [shape] epoch  37750  rmse=0.001079  max_abs_dA=0.001966  int_signed_dA=1.38e-12  int_abs_dA=1.593e-12  A_min=0.0004437  max_dA_fwd=-8.2e-06
  [shape] epoch  38000  rmse=0.001121  max_abs_dA=0.002031  int_signed_dA=1.577e-12  int_abs_dA=1.636e-12  A_min=0.0004574  max_dA_fwd=-8.245e-06
  [shape] epoch  38250  rmse=0.001122  max_abs_dA=0.002033  int_signed_dA=1.522e-12  int_abs_dA=1.635e-12  A_min=0.0004725  max_dA_fwd=-8.241e-06
  [shape] epoch  38500  rmse=0.001124  max_abs_dA=0.002034  int_signed_dA=1.562e-12  int_abs_dA=1.636e-12  A_min=0.0004726  max_dA_fwd=-8.238e-06
  [shape] epoch  38750  rmse=0.001172  max_abs_dA=0.002101  int_signed_dA=1.702e-12  int_abs_dA=1.719e-12  A_min=0.0004937  max_dA_fwd=-8.282e-06
  [shape] epoch  39000  rmse=0.001135  max_abs_dA=0.002047  int_signed_dA=1.595e-12  int_abs_dA=1.649e-12  A_min=0.0004874  max_dA_fwd=-8.235e-06
  [shape] epoch  39250  rmse=0.001014  max_abs_dA=0.001855  int_signed_dA=1.26e-12  int_abs_dA=1.511e-12  A_min=0.0004254  max_dA_fwd=-8.113e-06
  [shape] epoch  39500  rmse=0.001098  max_abs_dA=0.001991  int_signed_dA=1.518e-12  int_abs_dA=1.61e-12  A_min=0.0004692  max_dA_fwd=-8.205e-06
  [shape] epoch  39750  rmse=0.001104  max_abs_dA=0.002  int_signed_dA=1.514e-12  int_abs_dA=1.608e-12  A_min=0.0004786  max_dA_fwd=-8.202e-06
  [shape] epoch  40000  rmse=0.001107  max_abs_dA=0.002003  int_signed_dA=1.551e-12  int_abs_dA=1.618e-12  A_min=0.0004827  max_dA_fwd=-8.2e-06
  [shape] epoch  40250  rmse=0.001035  max_abs_dA=0.00189  int_signed_dA=1.376e-12  int_abs_dA=1.532e-12  A_min=0.0004407  max_dA_fwd=-8.131e-06
  [shape] epoch  40500  rmse=0.00116  max_abs_dA=0.00203  int_signed_dA=1.838e-12  int_abs_dA=1.851e-12  A_min=0.0004613  max_dA_fwd=-8.23e-06
  [shape] epoch  40750  rmse=0.001113  max_abs_dA=0.002008  int_signed_dA=1.561e-12  int_abs_dA=1.625e-12  A_min=0.0004984  max_dA_fwd=-8.191e-06
  [shape] epoch  41000  rmse=0.001116  max_abs_dA=0.002012  int_signed_dA=1.581e-12  int_abs_dA=1.631e-12  A_min=0.0005013  max_dA_fwd=-8.189e-06
  [shape] epoch  41250  rmse=0.001104  max_abs_dA=0.001994  int_signed_dA=1.513e-12  int_abs_dA=1.611e-12  A_min=0.0005071  max_dA_fwd=-8.167e-06
  [shape] epoch  41500  rmse=0.001113  max_abs_dA=0.002005  int_signed_dA=1.465e-12  int_abs_dA=1.649e-12  A_min=0.0005268  max_dA_fwd=-8.165e-06
  [shape] epoch  41750  rmse=0.001067  max_abs_dA=0.001937  int_signed_dA=1.434e-12  int_abs_dA=1.565e-12  A_min=0.0004869  max_dA_fwd=-8.13e-06
  [shape] epoch  42000  rmse=0.00113  max_abs_dA=0.002028  int_signed_dA=1.622e-12  int_abs_dA=1.653e-12  A_min=0.0005215  max_dA_fwd=-8.183e-06
  [shape] epoch  42250  rmse=0.001039  max_abs_dA=0.001886  int_signed_dA=1.32e-12  int_abs_dA=1.547e-12  A_min=0.0004897  max_dA_fwd=-8.083e-06
  [shape] epoch  42500  rmse=0.001084  max_abs_dA=0.00196  int_signed_dA=1.506e-12  int_abs_dA=1.591e-12  A_min=0.0005049  max_dA_fwd=-8.132e-06
  [shape] epoch  42750  rmse=0.001143  max_abs_dA=0.002046  int_signed_dA=1.641e-12  int_abs_dA=1.67e-12  A_min=0.0005386  max_dA_fwd=-8.181e-06
  [shape] epoch  43000  rmse=0.001105  max_abs_dA=0.00199  int_signed_dA=1.564e-12  int_abs_dA=1.618e-12  A_min=0.0005214  max_dA_fwd=-8.141e-06
  [shape] epoch  43250  rmse=0.001095  max_abs_dA=0.001976  int_signed_dA=1.527e-12  int_abs_dA=1.603e-12  A_min=0.0005193  max_dA_fwd=-8.129e-06
  [shape] epoch  43500  rmse=0.001093  max_abs_dA=0.001969  int_signed_dA=1.544e-12  int_abs_dA=1.604e-12  A_min=0.0005181  max_dA_fwd=-8.121e-06
  [shape] epoch  43750  rmse=0.00112  max_abs_dA=0.002009  int_signed_dA=1.6e-12  int_abs_dA=1.634e-12  A_min=0.0005278  max_dA_fwd=-8.147e-06
  [shape] epoch  44000  rmse=0.001131  max_abs_dA=0.002024  int_signed_dA=1.645e-12  int_abs_dA=1.661e-12  A_min=0.000537  max_dA_fwd=-8.15e-06
  [shape] epoch  44250  rmse=0.001061  max_abs_dA=0.00192  int_signed_dA=1.424e-12  int_abs_dA=1.559e-12  A_min=0.0005144  max_dA_fwd=-8.075e-06
  [shape] epoch  44500  rmse=0.001108  max_abs_dA=0.001988  int_signed_dA=1.599e-12  int_abs_dA=1.629e-12  A_min=0.0005328  max_dA_fwd=-8.118e-06
  [shape] epoch  44750  rmse=0.001106  max_abs_dA=0.001986  int_signed_dA=1.592e-12  int_abs_dA=1.617e-12  A_min=0.0005269  max_dA_fwd=-8.115e-06
  [shape] epoch  45000  rmse=0.001069  max_abs_dA=0.001929  int_signed_dA=1.419e-12  int_abs_dA=1.577e-12  A_min=0.0005376  max_dA_fwd=-8.059e-06
  [shape] epoch  45250  rmse=0.001084  max_abs_dA=0.001952  int_signed_dA=1.523e-12  int_abs_dA=1.592e-12  A_min=0.0005321  max_dA_fwd=-8.08e-06
  [shape] epoch  45500  rmse=0.001084  max_abs_dA=0.001953  int_signed_dA=1.5e-12  int_abs_dA=1.591e-12  A_min=0.0005393  max_dA_fwd=-8.074e-06
  [shape] epoch  45750  rmse=0.001132  max_abs_dA=0.002011  int_signed_dA=1.711e-12  int_abs_dA=1.715e-12  A_min=0.0005434  max_dA_fwd=-8.115e-06
  [shape] epoch  46000  rmse=0.001086  max_abs_dA=0.001953  int_signed_dA=1.538e-12  int_abs_dA=1.595e-12  A_min=0.0005381  max_dA_fwd=-8.067e-06
  [shape] epoch  46250  rmse=0.001095  max_abs_dA=0.001966  int_signed_dA=1.557e-12  int_abs_dA=1.609e-12  A_min=0.0005477  max_dA_fwd=-8.07e-06
  [shape] epoch  46500  rmse=0.00109  max_abs_dA=0.001959  int_signed_dA=1.536e-12  int_abs_dA=1.6e-12  A_min=0.0005495  max_dA_fwd=-8.06e-06
  [shape] epoch  46750  rmse=0.001091  max_abs_dA=0.00196  int_signed_dA=1.535e-12  int_abs_dA=1.597e-12  A_min=0.0005475  max_dA_fwd=-8.058e-06
  [shape] epoch  47000  rmse=0.001085  max_abs_dA=0.001951  int_signed_dA=1.524e-12  int_abs_dA=1.593e-12  A_min=0.0005501  max_dA_fwd=-8.046e-06
  [shape] epoch  47250  rmse=0.001088  max_abs_dA=0.001954  int_signed_dA=1.534e-12  int_abs_dA=1.597e-12  A_min=0.0005539  max_dA_fwd=-8.043e-06
  [shape] epoch  47500  rmse=0.001092  max_abs_dA=0.001959  int_signed_dA=1.564e-12  int_abs_dA=1.604e-12  A_min=0.0005525  max_dA_fwd=-8.045e-06
  [shape] epoch  47750  rmse=0.001077  max_abs_dA=0.001937  int_signed_dA=1.499e-12  int_abs_dA=1.581e-12  A_min=0.0005525  max_dA_fwd=-8.023e-06
  [shape] epoch  48000  rmse=0.001082  max_abs_dA=0.001944  int_signed_dA=1.516e-12  int_abs_dA=1.587e-12  A_min=0.0005553  max_dA_fwd=-8.024e-06
  [shape] epoch  48250  rmse=0.001078  max_abs_dA=0.001938  int_signed_dA=1.518e-12  int_abs_dA=1.584e-12  A_min=0.0005547  max_dA_fwd=-8.016e-06
  [shape] epoch  48500  rmse=0.001083  max_abs_dA=0.001944  int_signed_dA=1.516e-12  int_abs_dA=1.585e-12  A_min=0.0005578  max_dA_fwd=-8.015e-06
  [shape] epoch  48750  rmse=0.001088  max_abs_dA=0.00195  int_signed_dA=1.544e-12  int_abs_dA=1.598e-12  A_min=0.0005644  max_dA_fwd=-8.013e-06
  [shape] epoch  49000  rmse=0.001108  max_abs_dA=0.001972  int_signed_dA=1.653e-12  int_abs_dA=1.658e-12  A_min=0.0005614  max_dA_fwd=-8.028e-06
  [shape] epoch  49250  rmse=0.001055  max_abs_dA=0.001902  int_signed_dA=1.446e-12  int_abs_dA=1.551e-12  A_min=0.00055  max_dA_fwd=-7.974e-06
  [shape] epoch  49500  rmse=0.001083  max_abs_dA=0.001942  int_signed_dA=1.532e-12  int_abs_dA=1.591e-12  A_min=0.0005671  max_dA_fwd=-7.994e-06
  [shape] epoch  49750  rmse=0.001092  max_abs_dA=0.001953  int_signed_dA=1.586e-12  int_abs_dA=1.609e-12  A_min=0.0005674  max_dA_fwd=-7.998e-06
  [shape] epoch  50000  rmse=0.001063  max_abs_dA=0.001912  int_signed_dA=1.469e-12  int_abs_dA=1.564e-12  A_min=0.0005634  max_dA_fwd=-7.964e-06
  [shape] epoch  50250  rmse=0.001085  max_abs_dA=0.001944  int_signed_dA=1.537e-12  int_abs_dA=1.595e-12  A_min=0.0005745  max_dA_fwd=-7.981e-06
  [shape] epoch  50500  rmse=0.001081  max_abs_dA=0.001937  int_signed_dA=1.531e-12  int_abs_dA=1.589e-12  A_min=0.0005744  max_dA_fwd=-7.971e-06
  [shape] epoch  50750  rmse=0.001044  max_abs_dA=0.001882  int_signed_dA=1.435e-12  int_abs_dA=1.536e-12  A_min=0.0005509  max_dA_fwd=-7.936e-06
  [shape] epoch  51000  rmse=0.001088  max_abs_dA=0.001946  int_signed_dA=1.559e-12  int_abs_dA=1.597e-12  A_min=0.0005745  max_dA_fwd=-7.971e-06
  [shape] epoch  51250  rmse=0.001067  max_abs_dA=0.001916  int_signed_dA=1.473e-12  int_abs_dA=1.568e-12  A_min=0.0005744  max_dA_fwd=-7.942e-06
  [shape] epoch  51500  rmse=0.00109  max_abs_dA=0.001947  int_signed_dA=1.585e-12  int_abs_dA=1.607e-12  A_min=0.0005772  max_dA_fwd=-7.962e-06
  [shape] epoch  51750  rmse=0.001075  max_abs_dA=0.001926  int_signed_dA=1.524e-12  int_abs_dA=1.581e-12  A_min=0.0005774  max_dA_fwd=-7.941e-06
  [shape] epoch  52000  rmse=0.001071  max_abs_dA=0.001921  int_signed_dA=1.515e-12  int_abs_dA=1.575e-12  A_min=0.000576  max_dA_fwd=-7.934e-06
  [shape] epoch  52250  rmse=0.001072  max_abs_dA=0.001921  int_signed_dA=1.513e-12  int_abs_dA=1.577e-12  A_min=0.0005808  max_dA_fwd=-7.929e-06
  [shape] epoch  52500  rmse=0.001066  max_abs_dA=0.001913  int_signed_dA=1.508e-12  int_abs_dA=1.569e-12  A_min=0.0005765  max_dA_fwd=-7.919e-06
  [shape] epoch  52750  rmse=0.001074  max_abs_dA=0.001923  int_signed_dA=1.524e-12  int_abs_dA=1.58e-12  A_min=0.000584  max_dA_fwd=-7.92e-06
  [shape] epoch  53000  rmse=0.001078  max_abs_dA=0.001929  int_signed_dA=1.517e-12  int_abs_dA=1.583e-12  A_min=0.0005892  max_dA_fwd=-7.919e-06
  [shape] epoch  53250  rmse=0.001066  max_abs_dA=0.001911  int_signed_dA=1.482e-12  int_abs_dA=1.567e-12  A_min=0.0005851  max_dA_fwd=-7.903e-06
  [shape] epoch  53500  rmse=0.001067  max_abs_dA=0.001912  int_signed_dA=1.511e-12  int_abs_dA=1.57e-12  A_min=0.0005833  max_dA_fwd=-7.9e-06
  [shape] epoch  53750  rmse=0.001069  max_abs_dA=0.001915  int_signed_dA=1.503e-12  int_abs_dA=1.573e-12  A_min=0.0005898  max_dA_fwd=-7.895e-06
  [shape] epoch  54000  rmse=0.001075  max_abs_dA=0.001922  int_signed_dA=1.531e-12  int_abs_dA=1.581e-12  A_min=0.0005912  max_dA_fwd=-7.896e-06
  [shape] epoch  54250  rmse=0.001087  max_abs_dA=0.001938  int_signed_dA=1.59e-12  int_abs_dA=1.605e-12  A_min=0.0005909  max_dA_fwd=-7.905e-06
  [shape] epoch  54500  rmse=0.001053  max_abs_dA=0.001889  int_signed_dA=1.482e-12  int_abs_dA=1.551e-12  A_min=0.0005813  max_dA_fwd=-7.867e-06
  [shape] epoch  54750  rmse=0.001071  max_abs_dA=0.001916  int_signed_dA=1.52e-12  int_abs_dA=1.576e-12  A_min=0.0005938  max_dA_fwd=-7.878e-06
  [shape] epoch  55000  rmse=0.00106  max_abs_dA=0.001898  int_signed_dA=1.503e-12  int_abs_dA=1.559e-12  A_min=0.0005855  max_dA_fwd=-7.865e-06
  [shape] epoch  55250  rmse=0.001071  max_abs_dA=0.001915  int_signed_dA=1.525e-12  int_abs_dA=1.576e-12  A_min=0.0005956  max_dA_fwd=-7.868e-06
  [shape] epoch  55500  rmse=0.001065  max_abs_dA=0.001906  int_signed_dA=1.515e-12  int_abs_dA=1.568e-12  A_min=0.0005935  max_dA_fwd=-7.859e-06
  [shape] epoch  55750  rmse=0.001065  max_abs_dA=0.001905  int_signed_dA=1.514e-12  int_abs_dA=1.568e-12  A_min=0.0005949  max_dA_fwd=-7.853e-06
  [shape] epoch  56000  rmse=0.001072  max_abs_dA=0.001913  int_signed_dA=1.551e-12  int_abs_dA=1.58e-12  A_min=0.0005955  max_dA_fwd=-7.856e-06
  [shape] epoch  56250  rmse=0.001067  max_abs_dA=0.001907  int_signed_dA=1.519e-12  int_abs_dA=1.57e-12  A_min=0.0005983  max_dA_fwd=-7.845e-06
  [shape] epoch  56500  rmse=0.001057  max_abs_dA=0.001893  int_signed_dA=1.488e-12  int_abs_dA=1.558e-12  A_min=0.000598  max_dA_fwd=-7.83e-06
  [shape] epoch  56750  rmse=0.001049  max_abs_dA=0.00188  int_signed_dA=1.475e-12  int_abs_dA=1.544e-12  A_min=0.0005902  max_dA_fwd=-7.82e-06
  [shape] epoch  57000  rmse=0.00106  max_abs_dA=0.001896  int_signed_dA=1.505e-12  int_abs_dA=1.56e-12  A_min=0.0005984  max_dA_fwd=-7.825e-06
  [shape] epoch  57250  rmse=0.001065  max_abs_dA=0.001903  int_signed_dA=1.518e-12  int_abs_dA=1.568e-12  A_min=0.0006029  max_dA_fwd=-7.824e-06
  [shape] epoch  57500  rmse=0.001061  max_abs_dA=0.001897  int_signed_dA=1.503e-12  int_abs_dA=1.561e-12  A_min=0.0006023  max_dA_fwd=-7.816e-06
  [shape] epoch  57750  rmse=0.001058  max_abs_dA=0.001892  int_signed_dA=1.504e-12  int_abs_dA=1.559e-12  A_min=0.0006025  max_dA_fwd=-7.808e-06
  [shape] epoch  58000  rmse=0.001058  max_abs_dA=0.001892  int_signed_dA=1.498e-12  int_abs_dA=1.557e-12  A_min=0.000603  max_dA_fwd=-7.804e-06
  [shape] epoch  58250  rmse=0.001063  max_abs_dA=0.001898  int_signed_dA=1.521e-12  int_abs_dA=1.565e-12  A_min=0.0006045  max_dA_fwd=-7.804e-06
  [shape] epoch  58500  rmse=0.00107  max_abs_dA=0.001909  int_signed_dA=1.532e-12  int_abs_dA=1.573e-12  A_min=0.0006097  max_dA_fwd=-7.806e-06
  [shape] epoch  58750  rmse=0.001055  max_abs_dA=0.001887  int_signed_dA=1.49e-12  int_abs_dA=1.554e-12  A_min=0.0006066  max_dA_fwd=-7.787e-06
  [shape] epoch  59000  rmse=0.001056  max_abs_dA=0.001887  int_signed_dA=1.488e-12  int_abs_dA=1.553e-12  A_min=0.0006071  max_dA_fwd=-7.783e-06
  [shape] epoch  59250  rmse=0.001058  max_abs_dA=0.00189  int_signed_dA=1.5e-12  int_abs_dA=1.557e-12  A_min=0.0006092  max_dA_fwd=-7.78e-06
  [shape] epoch  59500  rmse=0.001058  max_abs_dA=0.001889  int_signed_dA=1.507e-12  int_abs_dA=1.558e-12  A_min=0.00061  max_dA_fwd=-7.775e-06
  [shape] epoch  59750  rmse=0.001061  max_abs_dA=0.001893  int_signed_dA=1.518e-12  int_abs_dA=1.562e-12  A_min=0.0006113  max_dA_fwd=-7.775e-06
  [shape] epoch  59999  rmse=0.001058  max_abs_dA=0.001888  int_signed_dA=1.511e-12  int_abs_dA=1.557e-12  A_min=0.0006108  max_dA_fwd=-7.767e-06
[spectral-pn] spn-L0.5-s42: loss 2.170e-02 -> 9.478e-08 (x229001 drop)
[spectral-pn] RMSE=0.0011 max|dA|=0.0019 gamma_eff=3.5956e+09 gamma_ratio=0.9946
[spectral-pn] snapshot=final best_epoch=59999 best_loss=9.478e-08 final_loss=9.478e-08
[spectral-pn-shape] cancel=0.970 int_signed_dA=1.5111e-12 int_abs_dA=1.5574e-12 A_min=6.1084e-04 max_dA_fwd=-7.7671e-06
[spectral-pn] saved: runs/transient/pn_sumrule_ladder_2d/ladder_L0.5_2d
