PINN-BTE Training Log
Run ID: 20260805_141042
Started: 2026-08-05T14:10:46.503527
======================================================================

                    INFO     Logging to:                                        
                             runs/transient/1d_nongray_large_dt_0.01um_100K/2026
                             0805_141042/training_20260805_141042.log           
                    INFO     Logging to:                                        
                             runs/transient/1d_nongray_large_dt_0.01um_100K/2026
                             0805_141042/training_20260805_141042.log           
[08/05/26 14:10:47] INFO     Started W&B run: tr_1d_ng_L0.01um_dT100K ·         
                             20260805_141042 (gff6yk9m)                         
[08/05/26 14:10:47] INFO     Started W&B run: tr_1d_ng_L0.01um_dT100K ·         
                             20260805_141042 (gff6yk9m)                         

Phase 1: Pretraining β-network
  Temperature range: [250K, 350K]
  Epochs: 200
     0.1s | Epoch     0 | β Loss = 3.15e+00
  β pretraining complete! Final loss: 6.90e-01
╭───────────────────────────── Starting Training ──────────────────────────────╮
│   Mode      Transient_Nongray_LargeDT                                        │
│   Epochs    15000                                                            │
│   Device    cuda                                                             │
│   Run ID    20260805_141042                                                  │
╰──────────────────────────────────────────────────────────────────────────────╯

Phase 2: BTE Training
  L = 0.0 μm, ΔT = 100.0K
  T range: [250K, 350K]
  Kn_eff = 10.1522
  τ(T) model = holland (full branch-resolved Holland--Callaway)
  Waypoints: 5 (uniform), weight=0.0
  ALL 60 modes × ALL 16 angles (vectorized)
  Epochs: 15000
     0.3s | Epoch     0 | BTE=7.11e+00 | Energy=3.05e+01 | BC=2.99e-04 | 
IC_n=6.59e-04 | IC_T=0.00e+00 | dT=0.00e+00 | WP=1.09e+01 | GE=4.13e-04 | 
Amp=0.00e+00 | Total=4.85e+01
    31.5s | Epoch   200 | BTE=8.68e+00 | Energy=1.14e+00 | BC=7.38e-04 | 
IC_n=1.06e-03 | IC_T=0.00e+00 | dT=0.00e+00 | WP=2.00e+01 | GE=2.59e-04 | 
Amp=0.00e+00 | Total=2.98e+01
    62.6s | Epoch   400 | BTE=6.72e+00 | Energy=1.25e+00 | BC=1.17e-03 | 
IC_n=1.45e-03 | IC_T=0.00e+00 | dT=0.00e+00 | WP=1.96e+01 | GE=5.76e-05 | 
Amp=0.00e+00 | Total=2.75e+01
    93.8s | Epoch   600 | BTE=5.18e+00 | Energy=1.06e+00 | BC=1.16e-03 | 
IC_n=2.55e-03 | IC_T=0.00e+00 | dT=0.00e+00 | WP=2.02e+01 | GE=1.88e-03 | 
Amp=0.00e+00 | Total=2.65e+01
   124.8s | Epoch   800 | BTE=3.33e+00 | Energy=5.28e-01 | BC=6.15e-04 | 
IC_n=3.41e-03 | IC_T=0.00e+00 | dT=0.00e+00 | WP=2.16e+01 | GE=1.60e-04 | 
Amp=0.00e+00 | Total=2.55e+01
   156.0s | Epoch  1000 | BTE=2.51e+00 | Energy=2.60e-01 | BC=2.58e-04 | 
IC_n=3.43e-03 | IC_T=0.00e+00 | dT=0.00e+00 | WP=2.26e+01 | GE=2.90e-05 | 
Amp=0.00e+00 | Total=2.54e+01
   187.2s | Epoch  1200 | BTE=2.07e+00 | Energy=3.67e-01 | BC=2.03e-04 | 
IC_n=3.17e-03 | IC_T=0.00e+00 | dT=0.00e+00 | WP=2.31e+01 | GE=3.75e-05 | 
Amp=0.00e+00 | Total=2.55e+01
   218.6s | Epoch  1400 | BTE=1.75e+00 | Energy=1.20e-01 | BC=1.38e-04 | 
IC_n=3.53e-03 | IC_T=0.00e+00 | dT=0.00e+00 | WP=2.33e+01 | GE=4.73e-04 | 
Amp=0.00e+00 | Total=2.52e+01
   250.0s | Epoch  1600 | BTE=1.63e+00 | Energy=1.35e-01 | BC=1.09e-04 | 
IC_n=3.35e-03 | IC_T=0.00e+00 | dT=0.00e+00 | WP=2.34e+01 | GE=4.62e-04 | 
Amp=0.00e+00 | Total=2.52e+01
   281.4s | Epoch  1800 | BTE=1.53e+00 | Energy=9.56e-02 | BC=7.66e-05 | 
IC_n=4.06e-03 | IC_T=0.00e+00 | dT=0.00e+00 | WP=2.35e+01 | GE=8.26e-05 | 
Amp=0.00e+00 | Total=2.51e+01
   312.8s | Epoch  2000 | BTE=1.51e+00 | Energy=8.54e-02 | BC=6.09e-05 | 
IC_n=3.34e-03 | IC_T=0.00e+00 | dT=0.00e+00 | WP=2.35e+01 | GE=3.29e-04 | 
Amp=0.00e+00 | Total=2.51e+01
   344.2s | Epoch  2200 | BTE=1.43e+00 | Energy=8.86e-02 | BC=5.34e-05 | 
IC_n=3.42e-03 | IC_T=0.00e+00 | dT=0.00e+00 | WP=2.35e+01 | GE=3.64e-04 | 
Amp=0.00e+00 | Total=2.50e+01
   375.6s | Epoch  2400 | BTE=1.33e+00 | Energy=9.17e-02 | BC=4.84e-05 | 
IC_n=4.12e-03 | IC_T=0.00e+00 | dT=0.00e+00 | WP=2.34e+01 | GE=2.37e-05 | 
Amp=0.00e+00 | Total=2.49e+01
   406.7s | Epoch  2600 | BTE=1.30e+00 | Energy=8.20e-02 | BC=3.97e-05 | 
IC_n=4.23e-03 | IC_T=0.00e+00 | dT=0.00e+00 | WP=2.35e+01 | GE=8.31e-05 | 
Amp=0.00e+00 | Total=2.49e+01
   438.1s | Epoch  2800 | BTE=1.28e+00 | Energy=7.75e-02 | BC=4.39e-05 | 
IC_n=3.47e-03 | IC_T=0.00e+00 | dT=0.00e+00 | WP=2.36e+01 | GE=9.75e-05 | 
Amp=0.00e+00 | Total=2.49e+01
   469.4s | Epoch  3000 | BTE=1.16e+00 | Energy=8.12e-02 | BC=4.69e-05 | 
IC_n=4.33e-03 | IC_T=0.00e+00 | dT=0.00e+00 | WP=2.35e+01 | GE=2.76e-04 | 
Amp=0.00e+00 | Total=2.48e+01
   500.9s | Epoch  3200 | BTE=1.16e+00 | Energy=7.44e-02 | BC=5.11e-05 | 
IC_n=3.81e-03 | IC_T=0.00e+00 | dT=0.00e+00 | WP=2.35e+01 | GE=4.26e-08 | 
Amp=0.00e+00 | Total=2.47e+01
   532.2s | Epoch  3400 | BTE=1.13e+00 | Energy=7.56e-02 | BC=5.50e-05 | 
IC_n=4.37e-03 | IC_T=0.00e+00 | dT=0.00e+00 | WP=2.35e+01 | GE=1.07e-03 | 
Amp=0.00e+00 | Total=2.47e+01
   563.5s | Epoch  3600 | BTE=1.08e+00 | Energy=7.21e-02 | BC=5.59e-05 | 
IC_n=4.36e-03 | IC_T=0.00e+00 | dT=0.00e+00 | WP=2.34e+01 | GE=8.99e-04 | 
Amp=0.00e+00 | Total=2.46e+01
   594.8s | Epoch  3800 | BTE=1.03e+00 | Energy=7.77e-02 | BC=6.00e-05 | 
IC_n=4.08e-03 | IC_T=0.00e+00 | dT=0.00e+00 | WP=2.33e+01 | GE=6.49e-04 | 
Amp=0.00e+00 | Total=2.44e+01
   625.5s | Epoch  4000 | BTE=9.99e-01 | Energy=8.08e-02 | BC=6.35e-05 | 
IC_n=4.12e-03 | IC_T=0.00e+00 | dT=0.00e+00 | WP=2.32e+01 | GE=5.19e-04 | 
Amp=0.00e+00 | Total=2.43e+01
   655.8s | Epoch  4200 | BTE=9.96e-01 | Energy=8.02e-02 | BC=6.98e-05 | 
IC_n=3.94e-03 | IC_T=0.00e+00 | dT=0.00e+00 | WP=2.31e+01 | GE=1.10e-03 | 
Amp=0.00e+00 | Total=2.42e+01
   686.2s | Epoch  4400 | BTE=9.14e-01 | Energy=7.73e-02 | BC=7.87e-05 | 
IC_n=3.97e-03 | IC_T=0.00e+00 | dT=0.00e+00 | WP=2.29e+01 | GE=1.92e-05 | 
Amp=0.00e+00 | Total=2.39e+01
   717.6s | Epoch  4600 | BTE=8.89e-01 | Energy=8.24e-02 | BC=8.12e-05 | 
IC_n=4.35e-03 | IC_T=0.00e+00 | dT=0.00e+00 | WP=2.28e+01 | GE=2.94e-04 | 
Amp=0.00e+00 | Total=2.38e+01
   748.7s | Epoch  4800 | BTE=8.68e-01 | Energy=8.23e-02 | BC=8.32e-05 | 
IC_n=3.82e-03 | IC_T=0.00e+00 | dT=0.00e+00 | WP=2.26e+01 | GE=3.21e-04 | 
Amp=0.00e+00 | Total=2.36e+01
   779.3s | Epoch  5000 | BTE=8.34e-01 | Energy=8.32e-02 | BC=9.00e-05 | 
IC_n=3.75e-03 | IC_T=0.00e+00 | dT=0.00e+00 | WP=2.25e+01 | GE=1.76e-04 | 
Amp=0.00e+00 | Total=2.34e+01
   810.4s | Epoch  5200 | BTE=8.22e-01 | Energy=8.93e-02 | BC=9.38e-05 | 
IC_n=3.72e-03 | IC_T=0.00e+00 | dT=0.00e+00 | WP=2.23e+01 | GE=8.96e-04 | 
Amp=0.00e+00 | Total=2.32e+01
   841.8s | Epoch  5400 | BTE=7.77e-01 | Energy=9.41e-02 | BC=1.05e-04 | 
IC_n=3.84e-03 | IC_T=0.00e+00 | dT=0.00e+00 | WP=2.22e+01 | GE=1.29e-04 | 
Amp=0.00e+00 | Total=2.31e+01
   873.0s | Epoch  5600 | BTE=7.53e-01 | Energy=8.52e-02 | BC=1.12e-04 | 
IC_n=4.09e-03 | IC_T=0.00e+00 | dT=0.00e+00 | WP=2.20e+01 | GE=1.69e-04 | 
Amp=0.00e+00 | Total=2.28e+01
   904.4s | Epoch  5800 | BTE=7.36e-01 | Energy=8.80e-02 | BC=1.21e-04 | 
IC_n=3.73e-03 | IC_T=0.00e+00 | dT=0.00e+00 | WP=2.18e+01 | GE=2.60e-04 | 
Amp=0.00e+00 | Total=2.26e+01
   935.8s | Epoch  6000 | BTE=7.11e-01 | Energy=8.70e-02 | BC=1.39e-04 | 
IC_n=3.98e-03 | IC_T=0.00e+00 | dT=0.00e+00 | WP=2.16e+01 | GE=1.07e-03 | 
Amp=0.00e+00 | Total=2.24e+01
   967.2s | Epoch  6200 | BTE=6.85e-01 | Energy=8.92e-02 | BC=1.50e-04 | 
IC_n=3.75e-03 | IC_T=0.00e+00 | dT=0.00e+00 | WP=2.14e+01 | GE=1.53e-05 | 
Amp=0.00e+00 | Total=2.21e+01
   998.6s | Epoch  6400 | BTE=6.81e-01 | Energy=8.72e-02 | BC=1.73e-04 | 
IC_n=3.96e-03 | IC_T=0.00e+00 | dT=0.00e+00 | WP=2.12e+01 | GE=5.04e-08 | 
Amp=0.00e+00 | Total=2.19e+01
  1029.7s | Epoch  6600 | BTE=6.49e-01 | Energy=9.34e-02 | BC=1.80e-04 | 
IC_n=3.71e-03 | IC_T=0.00e+00 | dT=0.00e+00 | WP=2.09e+01 | GE=3.63e-04 | 
Amp=0.00e+00 | Total=2.17e+01
  1060.2s | Epoch  6800 | BTE=6.46e-01 | Energy=9.49e-02 | BC=2.23e-04 | 
IC_n=3.82e-03 | IC_T=0.00e+00 | dT=0.00e+00 | WP=2.08e+01 | GE=8.18e-05 | 
Amp=0.00e+00 | Total=2.15e+01
  1091.4s | Epoch  7000 | BTE=6.28e-01 | Energy=1.00e-01 | BC=2.47e-04 | 
IC_n=3.67e-03 | IC_T=0.00e+00 | dT=0.00e+00 | WP=2.05e+01 | GE=4.43e-05 | 
Amp=0.00e+00 | Total=2.13e+01
  1122.6s | Epoch  7200 | BTE=6.08e-01 | Energy=9.07e-02 | BC=2.89e-04 | 
IC_n=3.75e-03 | IC_T=0.00e+00 | dT=0.00e+00 | WP=2.04e+01 | GE=1.62e-04 | 
Amp=0.00e+00 | Total=2.11e+01
  1154.0s | Epoch  7400 | BTE=5.96e-01 | Energy=8.75e-02 | BC=3.19e-04 | 
IC_n=3.78e-03 | IC_T=0.00e+00 | dT=0.00e+00 | WP=2.01e+01 | GE=1.05e-03 | 
Amp=0.00e+00 | Total=2.08e+01
  1185.2s | Epoch  7600 | BTE=5.81e-01 | Energy=8.61e-02 | BC=3.38e-04 | 
IC_n=3.70e-03 | IC_T=0.00e+00 | dT=0.00e+00 | WP=1.99e+01 | GE=5.19e-04 | 
Amp=0.00e+00 | Total=2.06e+01
  1216.6s | Epoch  7800 | BTE=5.75e-01 | Energy=8.58e-02 | BC=4.02e-04 | 
IC_n=3.58e-03 | IC_T=0.00e+00 | dT=0.00e+00 | WP=1.97e+01 | GE=2.12e-03 | 
Amp=0.00e+00 | Total=2.04e+01
  1247.4s | Epoch  8000 | BTE=5.80e-01 | Energy=8.01e-02 | BC=4.58e-04 | 
IC_n=3.57e-03 | IC_T=0.00e+00 | dT=0.00e+00 | WP=1.95e+01 | GE=3.33e-04 | 
Amp=0.00e+00 | Total=2.02e+01
  1278.7s | Epoch  8200 | BTE=5.53e-01 | Energy=8.56e-02 | BC=4.90e-04 | 
IC_n=3.61e-03 | IC_T=0.00e+00 | dT=0.00e+00 | WP=1.93e+01 | GE=3.24e-04 | 
Amp=0.00e+00 | Total=1.99e+01
  1309.4s | Epoch  8400 | BTE=5.45e-01 | Energy=7.87e-02 | BC=5.30e-04 | 
IC_n=3.59e-03 | IC_T=0.00e+00 | dT=0.00e+00 | WP=1.91e+01 | GE=5.95e-04 | 
Amp=0.00e+00 | Total=1.97e+01
  1340.2s | Epoch  8600 | BTE=5.41e-01 | Energy=7.88e-02 | BC=6.20e-04 | 
IC_n=3.66e-03 | IC_T=0.00e+00 | dT=0.00e+00 | WP=1.89e+01 | GE=3.68e-06 | 
Amp=0.00e+00 | Total=1.96e+01
  1371.1s | Epoch  8800 | BTE=5.21e-01 | Energy=7.62e-02 | BC=6.50e-04 | 
IC_n=3.58e-03 | IC_T=0.00e+00 | dT=0.00e+00 | WP=1.87e+01 | GE=1.07e-03 | 
Amp=0.00e+00 | Total=1.93e+01
  1401.6s | Epoch  9000 | BTE=5.15e-01 | Energy=7.43e-02 | BC=7.28e-04 | 
IC_n=3.60e-03 | IC_T=0.00e+00 | dT=0.00e+00 | WP=1.85e+01 | GE=5.62e-04 | 
Amp=0.00e+00 | Total=1.91e+01
  1432.6s | Epoch  9200 | BTE=5.17e-01 | Energy=7.40e-02 | BC=7.48e-04 | 
IC_n=3.47e-03 | IC_T=0.00e+00 | dT=0.00e+00 | WP=1.84e+01 | GE=9.40e-04 | 
Amp=0.00e+00 | Total=1.90e+01
  1463.8s | Epoch  9400 | BTE=5.08e-01 | Energy=7.24e-02 | BC=8.62e-04 | 
IC_n=3.49e-03 | IC_T=0.00e+00 | dT=0.00e+00 | WP=1.83e+01 | GE=2.41e-04 | 
Amp=0.00e+00 | Total=1.88e+01
  1495.0s | Epoch  9600 | BTE=5.01e-01 | Energy=7.82e-02 | BC=9.04e-04 | 
IC_n=3.53e-03 | IC_T=0.00e+00 | dT=0.00e+00 | WP=1.82e+01 | GE=7.21e-05 | 
Amp=0.00e+00 | Total=1.88e+01
  1526.0s | Epoch  9800 | BTE=4.88e-01 | Energy=7.39e-02 | BC=9.65e-04 | 
IC_n=3.53e-03 | IC_T=0.00e+00 | dT=0.00e+00 | WP=1.80e+01 | GE=1.42e-04 | 
Amp=0.00e+00 | Total=1.86e+01
  1557.0s | Epoch 10000 | BTE=4.98e-01 | Energy=7.12e-02 | BC=1.01e-03 | 
IC_n=3.58e-03 | IC_T=0.00e+00 | dT=0.00e+00 | WP=1.79e+01 | GE=3.48e-04 | 
Amp=0.00e+00 | Total=1.85e+01
  1588.3s | Epoch 10200 | BTE=4.81e-01 | Energy=7.30e-02 | BC=1.04e-03 | 
IC_n=3.40e-03 | IC_T=0.00e+00 | dT=0.00e+00 | WP=1.77e+01 | GE=8.02e-04 | 
Amp=0.00e+00 | Total=1.83e+01
  1619.5s | Epoch 10400 | BTE=4.84e-01 | Energy=6.83e-02 | BC=1.11e-03 | 
IC_n=3.27e-03 | IC_T=0.00e+00 | dT=0.00e+00 | WP=1.76e+01 | GE=8.50e-05 | 
Amp=0.00e+00 | Total=1.82e+01
  1650.7s | Epoch 10600 | BTE=4.73e-01 | Energy=6.62e-02 | BC=1.14e-03 | 
IC_n=3.37e-03 | IC_T=0.00e+00 | dT=0.00e+00 | WP=1.76e+01 | GE=5.42e-04 | 
Amp=0.00e+00 | Total=1.81e+01
  1682.0s | Epoch 10800 | BTE=4.72e-01 | Energy=6.69e-02 | BC=1.19e-03 | 
IC_n=3.30e-03 | IC_T=0.00e+00 | dT=0.00e+00 | WP=1.75e+01 | GE=1.90e-04 | 
Amp=0.00e+00 | Total=1.80e+01
  1712.9s | Epoch 11000 | BTE=4.62e-01 | Energy=6.66e-02 | BC=1.26e-03 | 
IC_n=3.23e-03 | IC_T=0.00e+00 | dT=0.00e+00 | WP=1.74e+01 | GE=1.34e-03 | 
Amp=0.00e+00 | Total=1.79e+01
  1744.2s | Epoch 11200 | BTE=4.58e-01 | Energy=6.46e-02 | BC=1.30e-03 | 
IC_n=3.29e-03 | IC_T=0.00e+00 | dT=0.00e+00 | WP=1.73e+01 | GE=1.77e-05 | 
Amp=0.00e+00 | Total=1.78e+01
  1775.3s | Epoch 11400 | BTE=4.58e-01 | Energy=6.61e-02 | BC=1.35e-03 | 
IC_n=3.22e-03 | IC_T=0.00e+00 | dT=0.00e+00 | WP=1.72e+01 | GE=4.57e-06 | 
Amp=0.00e+00 | Total=1.77e+01
  1806.5s | Epoch 11600 | BTE=4.60e-01 | Energy=6.35e-02 | BC=1.40e-03 | 
IC_n=3.29e-03 | IC_T=0.00e+00 | dT=0.00e+00 | WP=1.72e+01 | GE=5.29e-04 | 
Amp=0.00e+00 | Total=1.77e+01
  1837.8s | Epoch 11800 | BTE=4.61e-01 | Energy=6.62e-02 | BC=1.49e-03 | 
IC_n=3.17e-03 | IC_T=0.00e+00 | dT=0.00e+00 | WP=1.71e+01 | GE=1.28e-04 | 
Amp=0.00e+00 | Total=1.76e+01
  1869.2s | Epoch 12000 | BTE=4.51e-01 | Energy=6.37e-02 | BC=1.51e-03 | 
IC_n=3.19e-03 | IC_T=0.00e+00 | dT=0.00e+00 | WP=1.71e+01 | GE=1.26e-04 | 
Amp=0.00e+00 | Total=1.76e+01
  1900.5s | Epoch 12200 | BTE=4.44e-01 | Energy=6.76e-02 | BC=1.52e-03 | 
IC_n=3.19e-03 | IC_T=0.00e+00 | dT=0.00e+00 | WP=1.70e+01 | GE=6.57e-04 | 
Amp=0.00e+00 | Total=1.75e+01
  1931.9s | Epoch 12400 | BTE=4.38e-01 | Energy=6.45e-02 | BC=1.59e-03 | 
IC_n=3.11e-03 | IC_T=0.00e+00 | dT=0.00e+00 | WP=1.70e+01 | GE=1.88e-04 | 
Amp=0.00e+00 | Total=1.75e+01
  1963.0s | Epoch 12600 | BTE=4.34e-01 | Energy=6.21e-02 | BC=1.57e-03 | 
IC_n=3.15e-03 | IC_T=0.00e+00 | dT=0.00e+00 | WP=1.70e+01 | GE=7.00e-07 | 
Amp=0.00e+00 | Total=1.75e+01
  1994.2s | Epoch 12800 | BTE=4.38e-01 | Energy=6.27e-02 | BC=1.58e-03 | 
IC_n=3.13e-03 | IC_T=0.00e+00 | dT=0.00e+00 | WP=1.69e+01 | GE=8.81e-04 | 
Amp=0.00e+00 | Total=1.74e+01
  2025.6s | Epoch 13000 | BTE=4.38e-01 | Energy=6.30e-02 | BC=1.61e-03 | 
IC_n=3.11e-03 | IC_T=0.00e+00 | dT=0.00e+00 | WP=1.69e+01 | GE=5.46e-06 | 
Amp=0.00e+00 | Total=1.74e+01
  2057.1s | Epoch 13200 | BTE=4.37e-01 | Energy=6.24e-02 | BC=1.62e-03 | 
IC_n=3.15e-03 | IC_T=0.00e+00 | dT=0.00e+00 | WP=1.69e+01 | GE=1.31e-03 | 
Amp=0.00e+00 | Total=1.74e+01
  2088.3s | Epoch 13400 | BTE=4.31e-01 | Energy=6.16e-02 | BC=1.66e-03 | 
IC_n=3.18e-03 | IC_T=0.00e+00 | dT=0.00e+00 | WP=1.68e+01 | GE=1.81e-03 | 
Amp=0.00e+00 | Total=1.73e+01
  2119.6s | Epoch 13600 | BTE=4.40e-01 | Energy=6.06e-02 | BC=1.65e-03 | 
IC_n=3.15e-03 | IC_T=0.00e+00 | dT=0.00e+00 | WP=1.68e+01 | GE=9.15e-05 | 
Amp=0.00e+00 | Total=1.73e+01
  2150.4s | Epoch 13800 | BTE=4.43e-01 | Energy=6.08e-02 | BC=1.69e-03 | 
IC_n=3.21e-03 | IC_T=0.00e+00 | dT=0.00e+00 | WP=1.68e+01 | GE=7.86e-06 | 
Amp=0.00e+00 | Total=1.73e+01
  2181.0s | Epoch 14000 | BTE=4.34e-01 | Energy=6.15e-02 | BC=1.68e-03 | 
IC_n=3.19e-03 | IC_T=0.00e+00 | dT=0.00e+00 | WP=1.68e+01 | GE=1.74e-04 | 
Amp=0.00e+00 | Total=1.73e+01
  2212.2s | Epoch 14200 | BTE=4.35e-01 | Energy=6.17e-02 | BC=1.69e-03 | 
IC_n=3.17e-03 | IC_T=0.00e+00 | dT=0.00e+00 | WP=1.68e+01 | GE=6.67e-04 | 
Amp=0.00e+00 | Total=1.73e+01
  2243.2s | Epoch 14400 | BTE=4.33e-01 | Energy=6.18e-02 | BC=1.71e-03 | 
IC_n=3.19e-03 | IC_T=0.00e+00 | dT=0.00e+00 | WP=1.68e+01 | GE=2.05e-04 | 
Amp=0.00e+00 | Total=1.73e+01
  2274.3s | Epoch 14600 | BTE=4.37e-01 | Energy=6.35e-02 | BC=1.69e-03 | 
IC_n=3.09e-03 | IC_T=0.00e+00 | dT=0.00e+00 | WP=1.68e+01 | GE=1.47e-03 | 
Amp=0.00e+00 | Total=1.73e+01
  2305.5s | Epoch 14800 | BTE=4.40e-01 | Energy=6.12e-02 | BC=1.72e-03 | 
IC_n=3.13e-03 | IC_T=0.00e+00 | dT=0.00e+00 | WP=1.68e+01 | GE=6.22e-04 | 
Amp=0.00e+00 | Total=1.73e+01
╭───────────────────────────── Training Complete ──────────────────────────────╮
│   Time      2346.45s                                                         │
│   Output    runs/transient/1d_nongray_large_dt_0.01um_100K/20260805_141042   │
│   Saved     net_T_20260805_141042.pt                                         │
│   Saved     net_n_20260805_141042.pt                                         │
│   Saved     net_beta_20260805_141042.pt                                      │
╰──────────────────────────────────────────────────────────────────────────────╯
[08/05/26 14:49:54] INFO     DOM shape curve: 12001 pts over 1.535e-11s, min    
                             A/A0 = +0.0173 (non-monotone at ballistic L)       
[08/05/26 14:49:54] INFO     DOM shape curve: 12001 pts over 1.535e-11s, min    
                             A/A0 = +0.0173 (non-monotone at ballistic L)       
Results saved to: 
runs/transient/1d_nongray_large_dt_0.01um_100K/20260805_141042/20260805_141042_r
esults.npz
  Generating visualizations...
  Amplitude: A(0)=50.0000, A(end)=34.7903 (30.4% decay)
  Energy drift: 0.4979
  ⚠ Drift: mean(T)=0.498
  Saved: 
runs/transient/1d_nongray_large_dt_0.01um_100K/20260805_141042/amplitude_decay_2
0260805_141042.png

Done!
