[spectral-pn] case: L=0.1 um, Nk=20, L_max=8, run=20260817_183808
[spectral-pn] window t_end=2.335e-10 s (34.9 tau_ref), gamma_dom=2.9984e+10 Hz
[spectral-pn] window mode=n_decay rule=n_decay (t_1% at 0.01*A0: nan s; n_dec=7/gamma_dom: 2.3346e-10 s)
  epoch      0  residual 5.816e-03
  epoch    250  residual 6.038e-05
  epoch    500  residual 1.649e-05
  epoch    750  residual 8.366e-06
  epoch   1000  residual 6.240e-06
  epoch   1250  residual 5.340e-06
  epoch   1500  residual 4.371e-06
  epoch   1750  residual 3.849e-06
  epoch   2000  residual 4.718e-06
  epoch   2250  residual 3.027e-06
  epoch   2500  residual 2.790e-06
  epoch   2750  residual 2.556e-06
  epoch   3000  residual 2.332e-06
  epoch   3250  residual 2.254e-06
  epoch   3500  residual 1.940e-06
  epoch   3750  residual 1.744e-06
  epoch   4000  residual 3.767e-06
  epoch   4250  residual 1.457e-06
  epoch   4500  residual 1.856e-06
  epoch   4750  residual 1.769e-06
  epoch   5000  residual 1.910e-06
  epoch   5250  residual 1.085e-06
  epoch   5500  residual 1.118e-06
  epoch   5750  residual 9.692e-07
  epoch   6000  residual 1.257e-06
  epoch   6250  residual 8.717e-07
  epoch   6500  residual 8.576e-07
  epoch   6750  residual 7.978e-07
  epoch   7000  residual 7.943e-07
  epoch   7250  residual 7.412e-07
  epoch   7500  residual 7.156e-07
  epoch   7750  residual 9.518e-07
  epoch   8000  residual 6.605e-07
  epoch   8250  residual 6.452e-07
  epoch   8500  residual 6.161e-07
  epoch   8750  residual 6.639e-07
  epoch   9000  residual 6.245e-07
  epoch   9250  residual 2.609e-06
  epoch   9500  residual 2.056e-06
  epoch   9750  residual 5.126e-07
  epoch  10000  residual 6.225e-07
  epoch  10250  residual 6.096e-07
  epoch  10500  residual 5.432e-07
  epoch  10750  residual 5.188e-07
  epoch  11000  residual 1.269e-06
  epoch  11250  residual 5.107e-07
  epoch  11500  residual 4.645e-07
  epoch  11750  residual 4.076e-07
  epoch  12000  residual 6.416e-07
  epoch  12250  residual 4.271e-07
  epoch  12500  residual 7.438e-07
  epoch  12750  residual 5.615e-07
  epoch  13000  residual 4.348e-07
  epoch  13250  residual 3.091e-07
  epoch  13500  residual 3.188e-07
  epoch  13750  residual 3.082e-07
  epoch  14000  residual 3.928e-07
  epoch  14250  residual 2.843e-07
  epoch  14500  residual 2.955e-07
  epoch  14750  residual 5.039e-07
  epoch  15000  residual 2.784e-07
  epoch  15250  residual 3.951e-07
  epoch  15500  residual 3.068e-07
  epoch  15750  residual 2.423e-07
  epoch  16000  residual 3.315e-07
  epoch  16250  residual 2.441e-07
  epoch  16500  residual 2.671e-07
  epoch  16750  residual 2.492e-07
  epoch  17000  residual 2.695e-07
  epoch  17250  residual 2.289e-07
  epoch  17500  residual 2.218e-07
  epoch  17750  residual 2.352e-07
  epoch  18000  residual 3.041e-07
  epoch  18250  residual 2.492e-07
  epoch  18500  residual 2.104e-07
  epoch  18750  residual 2.449e-07
  epoch  19000  residual 2.041e-07
  epoch  19250  residual 2.247e-07
  epoch  19500  residual 2.517e-07
  epoch  19750  residual 2.063e-07
  epoch  20000  residual 2.036e-07
  epoch  20250  residual 1.791e-07
  epoch  20500  residual 2.088e-07
  epoch  20750  residual 2.114e-07
  epoch  21000  residual 1.928e-07
  epoch  21250  residual 1.614e-07
  epoch  21500  residual 1.597e-07
  epoch  21750  residual 3.706e-07
  epoch  22000  residual 1.557e-07
  epoch  22250  residual 1.515e-07
  epoch  22500  residual 1.848e-07
  epoch  22750  residual 1.542e-07
  epoch  23000  residual 2.676e-07
  epoch  23250  residual 1.881e-07
  epoch  23500  residual 1.450e-07
  epoch  23750  residual 1.450e-07
  epoch  24000  residual 1.363e-07
  epoch  24250  residual 1.600e-07
  epoch  24500  residual 1.650e-07
  epoch  24750  residual 1.731e-07
  epoch  25000  residual 1.706e-07
  epoch  25250  residual 1.269e-07
  epoch  25500  residual 1.315e-07
  epoch  25750  residual 1.322e-07
  epoch  26000  residual 1.353e-07
  epoch  26250  residual 1.300e-07
  epoch  26500  residual 1.457e-07
  epoch  26750  residual 1.800e-07
  epoch  27000  residual 1.287e-07
  epoch  27250  residual 1.439e-07
  epoch  27500  residual 1.820e-07
  epoch  27750  residual 1.153e-07
  epoch  28000  residual 1.246e-07
  epoch  28250  residual 1.306e-07
  epoch  28500  residual 1.493e-07
  epoch  28750  residual 1.361e-07
  epoch  29000  residual 1.234e-07
  epoch  29250  residual 1.089e-07
  epoch  29500  residual 1.221e-07
  epoch  29750  residual 1.041e-07
  epoch  30000  residual 1.403e-07
  epoch  30250  residual 1.145e-07
  epoch  30500  residual 1.098e-07
  epoch  30750  residual 1.400e-07
  epoch  31000  residual 1.264e-07
  epoch  31250  residual 1.447e-07
  epoch  31500  residual 2.354e-07
  epoch  31750  residual 1.069e-07
  epoch  32000  residual 9.545e-08
  epoch  32250  residual 9.714e-08
  epoch  32500  residual 1.281e-07
  epoch  32750  residual 1.268e-07
  epoch  33000  residual 1.046e-07
  epoch  33250  residual 1.079e-07
  epoch  33500  residual 1.125e-07
  epoch  33750  residual 1.254e-07
  epoch  34000  residual 9.790e-08
  epoch  34250  residual 1.251e-07
  epoch  34500  residual 1.046e-07
  epoch  34750  residual 9.525e-08
  epoch  35000  residual 1.074e-07
  epoch  35250  residual 8.595e-08
  epoch  35500  residual 9.754e-08
  epoch  35750  residual 1.035e-07
  epoch  36000  residual 8.553e-08
  epoch  36250  residual 8.729e-08
  epoch  36500  residual 1.009e-07
  epoch  36750  residual 8.798e-08
  epoch  37000  residual 8.421e-08
  epoch  37250  residual 8.853e-08
  epoch  37500  residual 9.069e-08
  epoch  37750  residual 7.917e-08
  epoch  38000  residual 8.725e-08
  epoch  38250  residual 7.830e-08
  epoch  38500  residual 8.968e-08
  epoch  38750  residual 7.661e-08
  epoch  39000  residual 8.466e-08
  epoch  39250  residual 1.010e-07
  epoch  39500  residual 7.849e-08
  epoch  39750  residual 8.478e-08
  epoch  40000  residual 8.822e-08
  epoch  40250  residual 7.961e-08
  epoch  40500  residual 8.035e-08
  epoch  40750  residual 7.414e-08
  epoch  41000  residual 7.556e-08
  epoch  41250  residual 7.311e-08
  epoch  41500  residual 7.266e-08
  epoch  41750  residual 7.472e-08
  epoch  42000  residual 7.048e-08
  epoch  42250  residual 7.076e-08
  epoch  42500  residual 7.093e-08
  epoch  42750  residual 7.963e-08
  epoch  43000  residual 7.170e-08
  epoch  43250  residual 6.887e-08
  epoch  43500  residual 6.817e-08
  epoch  43750  residual 6.805e-08
  epoch  44000  residual 7.351e-08
  epoch  44250  residual 7.243e-08
  epoch  44500  residual 6.735e-08
  epoch  44750  residual 7.114e-08
  epoch  45000  residual 6.611e-08
  epoch  45250  residual 6.611e-08
  epoch  45500  residual 7.011e-08
  epoch  45750  residual 6.976e-08
  epoch  46000  residual 6.514e-08
  epoch  46250  residual 6.491e-08
  epoch  46500  residual 6.540e-08
  epoch  46750  residual 6.609e-08
  epoch  47000  residual 6.624e-08
  epoch  47250  residual 6.372e-08
  epoch  47500  residual 6.323e-08
  epoch  47750  residual 6.397e-08
  epoch  48000  residual 6.399e-08
  epoch  48250  residual 6.247e-08
  epoch  48500  residual 6.184e-08
  epoch  48750  residual 6.285e-08
  epoch  49000  residual 6.501e-08
  epoch  49250  residual 6.577e-08
  epoch  49500  residual 6.074e-08
  epoch  49750  residual 6.075e-08
  epoch  50000  residual 6.044e-08
  epoch  50250  residual 6.067e-08
  epoch  50500  residual 5.972e-08
  epoch  50750  residual 6.376e-08
  epoch  51000  residual 6.030e-08
  epoch  51250  residual 6.103e-08
  epoch  51500  residual 5.941e-08
  epoch  51750  residual 5.906e-08
  epoch  52000  residual 5.932e-08
  epoch  52250  residual 5.804e-08
  epoch  52500  residual 5.787e-08
  epoch  52750  residual 5.766e-08
  epoch  53000  residual 5.745e-08
  epoch  53250  residual 5.764e-08
  epoch  53500  residual 5.709e-08
  epoch  53750  residual 5.786e-08
  epoch  54000  residual 5.665e-08
  epoch  54250  residual 5.678e-08
  epoch  54500  residual 5.649e-08
  epoch  54750  residual 5.613e-08
  epoch  55000  residual 5.621e-08
  epoch  55250  residual 5.598e-08
  epoch  55500  residual 5.555e-08
  epoch  55750  residual 5.539e-08
  epoch  56000  residual 5.524e-08
  epoch  56250  residual 5.613e-08
  epoch  56500  residual 5.492e-08
  epoch  56750  residual 5.471e-08
  epoch  57000  residual 5.605e-08
  epoch  57250  residual 5.439e-08
  epoch  57500  residual 5.600e-08
  epoch  57750  residual 5.406e-08
  epoch  58000  residual 5.430e-08
  epoch  58250  residual 5.522e-08
  epoch  58500  residual 5.364e-08
  epoch  58750  residual 5.364e-08
  epoch  59000  residual 5.334e-08
  epoch  59250  residual 5.331e-08
  epoch  59500  residual 5.301e-08
  epoch  59750  residual 5.322e-08
  epoch  59999  residual 5.394e-08
  [gamma] epoch      0  gamma_ratio 0.4399  residual 5.816e-03
  [gamma] epoch    250  gamma_ratio 0.8649  residual 6.038e-05
  [gamma] epoch    500  gamma_ratio 0.9257  residual 1.649e-05
  [gamma] epoch    750  gamma_ratio 0.9324  residual 8.366e-06
  [gamma] epoch   1000  gamma_ratio 0.9427  residual 6.240e-06
  [gamma] epoch   1250  gamma_ratio 0.9481  residual 5.340e-06
  [gamma] epoch   1500  gamma_ratio 0.9579  residual 4.371e-06
  [gamma] epoch   1750  gamma_ratio 0.9635  residual 3.849e-06
  [gamma] epoch   2000  gamma_ratio 0.9665  residual 4.718e-06
  [gamma] epoch   2250  gamma_ratio 0.9712  residual 3.027e-06
  [gamma] epoch   2500  gamma_ratio 0.9731  residual 2.790e-06
  [gamma] epoch   2750  gamma_ratio 0.9744  residual 2.556e-06
  [gamma] epoch   3000  gamma_ratio 0.9762  residual 2.332e-06
  [gamma] epoch   3250  gamma_ratio 0.9786  residual 2.254e-06
  [gamma] epoch   3500  gamma_ratio 0.9787  residual 1.940e-06
  [gamma] epoch   3750  gamma_ratio 0.9792  residual 1.744e-06
  [gamma] epoch   4000  gamma_ratio 0.9752  residual 3.767e-06
  [gamma] epoch   4250  gamma_ratio 0.9819  residual 1.457e-06
  [gamma] epoch   4500  gamma_ratio 0.9822  residual 1.856e-06
  [gamma] epoch   4750  gamma_ratio 0.9848  residual 1.769e-06
  [gamma] epoch   5000  gamma_ratio 0.9811  residual 1.910e-06
  [gamma] epoch   5250  gamma_ratio 0.9865  residual 1.085e-06
  [gamma] epoch   5500  gamma_ratio 0.9881  residual 1.118e-06
  [gamma] epoch   5750  gamma_ratio 0.9881  residual 9.692e-07
  [gamma] epoch   6000  gamma_ratio 0.9872  residual 1.257e-06
  [gamma] epoch   6250  gamma_ratio 0.9893  residual 8.717e-07
  [gamma] epoch   6500  gamma_ratio 0.9905  residual 8.576e-07
  [gamma] epoch   6750  gamma_ratio 0.9901  residual 7.978e-07
  [gamma] epoch   7000  gamma_ratio 0.9887  residual 7.943e-07
  [gamma] epoch   7250  gamma_ratio 0.9893  residual 7.412e-07
  [gamma] epoch   7500  gamma_ratio 0.9903  residual 7.156e-07
  [gamma] epoch   7750  gamma_ratio 0.9890  residual 9.518e-07
  [gamma] epoch   8000  gamma_ratio 0.9892  residual 6.605e-07
  [gamma] epoch   8250  gamma_ratio 0.9886  residual 6.452e-07
  [gamma] epoch   8500  gamma_ratio 0.9904  residual 6.161e-07
  [gamma] epoch   8750  gamma_ratio 0.9909  residual 6.639e-07
  [gamma] epoch   9000  gamma_ratio 0.9891  residual 6.245e-07
  [gamma] epoch   9250  gamma_ratio 0.9952  residual 2.609e-06
  [gamma] epoch   9500  gamma_ratio 0.9873  residual 2.056e-06
  [gamma] epoch   9750  gamma_ratio 0.9916  residual 5.126e-07
  [gamma] epoch  10000  gamma_ratio 0.9908  residual 6.225e-07
  [gamma] epoch  10250  gamma_ratio 0.9903  residual 6.096e-07
  [gamma] epoch  10500  gamma_ratio 0.9901  residual 5.432e-07
  [gamma] epoch  10750  gamma_ratio 0.9915  residual 5.188e-07
  [gamma] epoch  11000  gamma_ratio 0.9872  residual 1.269e-06
  [gamma] epoch  11250  gamma_ratio 0.9912  residual 5.107e-07
  [gamma] epoch  11500  gamma_ratio 0.9921  residual 4.645e-07
  [gamma] epoch  11750  gamma_ratio 0.9934  residual 4.076e-07
  [gamma] epoch  12000  gamma_ratio 0.9926  residual 6.416e-07
  [gamma] epoch  12250  gamma_ratio 0.9913  residual 4.271e-07
  [gamma] epoch  12500  gamma_ratio 0.9933  residual 7.438e-07
  [gamma] epoch  12750  gamma_ratio 0.9932  residual 5.615e-07
  [gamma] epoch  13000  gamma_ratio 0.9918  residual 4.348e-07
  [gamma] epoch  13250  gamma_ratio 0.9924  residual 3.091e-07
  [gamma] epoch  13500  gamma_ratio 0.9928  residual 3.188e-07
  [gamma] epoch  13750  gamma_ratio 0.9928  residual 3.082e-07
  [gamma] epoch  14000  gamma_ratio 0.9926  residual 3.928e-07
  [gamma] epoch  14250  gamma_ratio 0.9922  residual 2.843e-07
  [gamma] epoch  14500  gamma_ratio 0.9926  residual 2.955e-07
  [gamma] epoch  14750  gamma_ratio 0.9918  residual 5.039e-07
  [gamma] epoch  15000  gamma_ratio 0.9927  residual 2.784e-07
  [gamma] epoch  15250  gamma_ratio 0.9935  residual 3.951e-07
  [gamma] epoch  15500  gamma_ratio 0.9921  residual 3.068e-07
  [gamma] epoch  15750  gamma_ratio 0.9928  residual 2.423e-07
  [gamma] epoch  16000  gamma_ratio 0.9931  residual 3.315e-07
  [gamma] epoch  16250  gamma_ratio 0.9923  residual 2.441e-07
  [gamma] epoch  16500  gamma_ratio 0.9923  residual 2.671e-07
  [gamma] epoch  16750  gamma_ratio 0.9928  residual 2.492e-07
  [gamma] epoch  17000  gamma_ratio 0.9926  residual 2.695e-07
  [gamma] epoch  17250  gamma_ratio 0.9924  residual 2.289e-07
  [gamma] epoch  17500  gamma_ratio 0.9928  residual 2.218e-07
  [gamma] epoch  17750  gamma_ratio 0.9928  residual 2.352e-07
  [gamma] epoch  18000  gamma_ratio 0.9933  residual 3.041e-07
  [gamma] epoch  18250  gamma_ratio 0.9928  residual 2.492e-07
  [gamma] epoch  18500  gamma_ratio 0.9925  residual 2.104e-07
  [gamma] epoch  18750  gamma_ratio 0.9931  residual 2.449e-07
  [gamma] epoch  19000  gamma_ratio 0.9928  residual 2.041e-07
  [gamma] epoch  19250  gamma_ratio 0.9926  residual 2.247e-07
  [gamma] epoch  19500  gamma_ratio 0.9937  residual 2.517e-07
  [gamma] epoch  19750  gamma_ratio 0.9929  residual 2.063e-07
  [gamma] epoch  20000  gamma_ratio 0.9927  residual 2.036e-07
  [gamma] epoch  20250  gamma_ratio 0.9929  residual 1.791e-07
  [gamma] epoch  20500  gamma_ratio 0.9938  residual 2.088e-07
  [gamma] epoch  20750  gamma_ratio 0.9941  residual 2.114e-07
  [gamma] epoch  21000  gamma_ratio 0.9925  residual 1.928e-07
  [gamma] epoch  21250  gamma_ratio 0.9925  residual 1.614e-07
  [gamma] epoch  21500  gamma_ratio 0.9927  residual 1.597e-07
  [gamma] epoch  21750  gamma_ratio 0.9951  residual 3.706e-07
  [gamma] epoch  22000  gamma_ratio 0.9934  residual 1.557e-07
  [gamma] epoch  22250  gamma_ratio 0.9936  residual 1.515e-07
  [gamma] epoch  22500  gamma_ratio 0.9935  residual 1.848e-07
  [gamma] epoch  22750  gamma_ratio 0.9928  residual 1.542e-07
  [gamma] epoch  23000  gamma_ratio 0.9936  residual 2.676e-07
  [gamma] epoch  23250  gamma_ratio 0.9937  residual 1.881e-07
  [gamma] epoch  23500  gamma_ratio 0.9939  residual 1.450e-07
  [gamma] epoch  23750  gamma_ratio 0.9929  residual 1.450e-07
  [gamma] epoch  24000  gamma_ratio 0.9929  residual 1.363e-07
  [gamma] epoch  24250  gamma_ratio 0.9936  residual 1.600e-07
  [gamma] epoch  24500  gamma_ratio 0.9936  residual 1.650e-07
  [gamma] epoch  24750  gamma_ratio 0.9940  residual 1.731e-07
  [gamma] epoch  25000  gamma_ratio 0.9941  residual 1.706e-07
  [gamma] epoch  25250  gamma_ratio 0.9934  residual 1.269e-07
  [gamma] epoch  25500  gamma_ratio 0.9931  residual 1.315e-07
  [gamma] epoch  25750  gamma_ratio 0.9936  residual 1.322e-07
  [gamma] epoch  26000  gamma_ratio 0.9931  residual 1.353e-07
  [gamma] epoch  26250  gamma_ratio 0.9934  residual 1.300e-07
  [gamma] epoch  26500  gamma_ratio 0.9940  residual 1.457e-07
  [gamma] epoch  26750  gamma_ratio 0.9934  residual 1.800e-07
  [gamma] epoch  27000  gamma_ratio 0.9941  residual 1.287e-07
  [gamma] epoch  27250  gamma_ratio 0.9937  residual 1.439e-07
  [gamma] epoch  27500  gamma_ratio 0.9936  residual 1.820e-07
  [gamma] epoch  27750  gamma_ratio 0.9935  residual 1.153e-07
  [gamma] epoch  28000  gamma_ratio 0.9938  residual 1.246e-07
  [gamma] epoch  28250  gamma_ratio 0.9936  residual 1.306e-07
  [gamma] epoch  28500  gamma_ratio 0.9935  residual 1.493e-07
  [gamma] epoch  28750  gamma_ratio 0.9939  residual 1.361e-07
  [gamma] epoch  29000  gamma_ratio 0.9939  residual 1.234e-07
  [gamma] epoch  29250  gamma_ratio 0.9937  residual 1.089e-07
  [gamma] epoch  29500  gamma_ratio 0.9933  residual 1.221e-07
  [gamma] epoch  29750  gamma_ratio 0.9937  residual 1.041e-07
  [gamma] epoch  30000  gamma_ratio 0.9940  residual 1.403e-07
  [gamma] epoch  30250  gamma_ratio 0.9942  residual 1.145e-07
  [gamma] epoch  30500  gamma_ratio 0.9931  residual 1.098e-07
  [gamma] epoch  30750  gamma_ratio 0.9940  residual 1.400e-07
  [gamma] epoch  31000  gamma_ratio 0.9934  residual 1.264e-07
  [gamma] epoch  31250  gamma_ratio 0.9942  residual 1.447e-07
  [gamma] epoch  31500  gamma_ratio 0.9945  residual 2.354e-07
  [gamma] epoch  31750  gamma_ratio 0.9929  residual 1.069e-07
  [gamma] epoch  32000  gamma_ratio 0.9938  residual 9.545e-08
  [gamma] epoch  32250  gamma_ratio 0.9940  residual 9.714e-08
  [gamma] epoch  32500  gamma_ratio 0.9943  residual 1.281e-07
  [gamma] epoch  32750  gamma_ratio 0.9937  residual 1.268e-07
  [gamma] epoch  33000  gamma_ratio 0.9938  residual 1.046e-07
  [gamma] epoch  33250  gamma_ratio 0.9940  residual 1.079e-07
  [gamma] epoch  33500  gamma_ratio 0.9933  residual 1.125e-07
  [gamma] epoch  33750  gamma_ratio 0.9937  residual 1.254e-07
  [gamma] epoch  34000  gamma_ratio 0.9938  residual 9.790e-08
  [gamma] epoch  34250  gamma_ratio 0.9939  residual 1.251e-07
  [gamma] epoch  34500  gamma_ratio 0.9941  residual 1.046e-07
  [gamma] epoch  34750  gamma_ratio 0.9940  residual 9.525e-08
  [gamma] epoch  35000  gamma_ratio 0.9942  residual 1.074e-07
  [gamma] epoch  35250  gamma_ratio 0.9936  residual 8.595e-08
  [gamma] epoch  35500  gamma_ratio 0.9940  residual 9.754e-08
  [gamma] epoch  35750  gamma_ratio 0.9939  residual 1.035e-07
  [gamma] epoch  36000  gamma_ratio 0.9938  residual 8.553e-08
  [gamma] epoch  36250  gamma_ratio 0.9939  residual 8.729e-08
  [gamma] epoch  36500  gamma_ratio 0.9944  residual 1.009e-07
  [gamma] epoch  36750  gamma_ratio 0.9935  residual 8.798e-08
  [gamma] epoch  37000  gamma_ratio 0.9937  residual 8.421e-08
  [gamma] epoch  37250  gamma_ratio 0.9939  residual 8.853e-08
  [gamma] epoch  37500  gamma_ratio 0.9937  residual 9.069e-08
  [gamma] epoch  37750  gamma_ratio 0.9939  residual 7.917e-08
  [gamma] epoch  38000  gamma_ratio 0.9935  residual 8.725e-08
  [gamma] epoch  38250  gamma_ratio 0.9940  residual 7.830e-08
  [gamma] epoch  38500  gamma_ratio 0.9940  residual 8.968e-08
  [gamma] epoch  38750  gamma_ratio 0.9939  residual 7.661e-08
  [gamma] epoch  39000  gamma_ratio 0.9942  residual 8.466e-08
  [gamma] epoch  39250  gamma_ratio 0.9937  residual 1.010e-07
  [gamma] epoch  39500  gamma_ratio 0.9937  residual 7.849e-08
  [gamma] epoch  39750  gamma_ratio 0.9937  residual 8.478e-08
  [gamma] epoch  40000  gamma_ratio 0.9942  residual 8.822e-08
  [gamma] epoch  40250  gamma_ratio 0.9941  residual 7.961e-08
  [gamma] epoch  40500  gamma_ratio 0.9941  residual 8.035e-08
  [gamma] epoch  40750  gamma_ratio 0.9938  residual 7.414e-08
  [gamma] epoch  41000  gamma_ratio 0.9937  residual 7.556e-08
  [gamma] epoch  41250  gamma_ratio 0.9940  residual 7.311e-08
  [gamma] epoch  41500  gamma_ratio 0.9941  residual 7.266e-08
  [gamma] epoch  41750  gamma_ratio 0.9939  residual 7.472e-08
  [gamma] epoch  42000  gamma_ratio 0.9940  residual 7.048e-08
  [gamma] epoch  42250  gamma_ratio 0.9939  residual 7.076e-08
  [gamma] epoch  42500  gamma_ratio 0.9941  residual 7.093e-08
  [gamma] epoch  42750  gamma_ratio 0.9943  residual 7.963e-08
  [gamma] epoch  43000  gamma_ratio 0.9940  residual 7.170e-08
  [gamma] epoch  43250  gamma_ratio 0.9940  residual 6.887e-08
  [gamma] epoch  43500  gamma_ratio 0.9940  residual 6.817e-08
  [gamma] epoch  43750  gamma_ratio 0.9940  residual 6.805e-08
  [gamma] epoch  44000  gamma_ratio 0.9940  residual 7.351e-08
  [gamma] epoch  44250  gamma_ratio 0.9941  residual 7.243e-08
  [gamma] epoch  44500  gamma_ratio 0.9940  residual 6.735e-08
  [gamma] epoch  44750  gamma_ratio 0.9941  residual 7.114e-08
  [gamma] epoch  45000  gamma_ratio 0.9940  residual 6.611e-08
  [gamma] epoch  45250  gamma_ratio 0.9940  residual 6.611e-08
  [gamma] epoch  45500  gamma_ratio 0.9939  residual 7.011e-08
  [gamma] epoch  45750  gamma_ratio 0.9941  residual 6.976e-08
  [gamma] epoch  46000  gamma_ratio 0.9939  residual 6.514e-08
  [gamma] epoch  46250  gamma_ratio 0.9940  residual 6.491e-08
  [gamma] epoch  46500  gamma_ratio 0.9939  residual 6.540e-08
  [gamma] epoch  46750  gamma_ratio 0.9942  residual 6.609e-08
  [gamma] epoch  47000  gamma_ratio 0.9940  residual 6.624e-08
  [gamma] epoch  47250  gamma_ratio 0.9941  residual 6.372e-08
  [gamma] epoch  47500  gamma_ratio 0.9940  residual 6.323e-08
  [gamma] epoch  47750  gamma_ratio 0.9942  residual 6.397e-08
  [gamma] epoch  48000  gamma_ratio 0.9941  residual 6.399e-08
  [gamma] epoch  48250  gamma_ratio 0.9940  residual 6.247e-08
  [gamma] epoch  48500  gamma_ratio 0.9940  residual 6.184e-08
  [gamma] epoch  48750  gamma_ratio 0.9940  residual 6.285e-08
  [gamma] epoch  49000  gamma_ratio 0.9938  residual 6.501e-08
  [gamma] epoch  49250  gamma_ratio 0.9941  residual 6.577e-08
  [gamma] epoch  49500  gamma_ratio 0.9940  residual 6.074e-08
  [gamma] epoch  49750  gamma_ratio 0.9941  residual 6.075e-08
  [gamma] epoch  50000  gamma_ratio 0.9941  residual 6.044e-08
  [gamma] epoch  50250  gamma_ratio 0.9940  residual 6.067e-08
  [gamma] epoch  50500  gamma_ratio 0.9940  residual 5.972e-08
  [gamma] epoch  50750  gamma_ratio 0.9938  residual 6.376e-08
  [gamma] epoch  51000  gamma_ratio 0.9941  residual 6.030e-08
  [gamma] epoch  51250  gamma_ratio 0.9939  residual 6.103e-08
  [gamma] epoch  51500  gamma_ratio 0.9941  residual 5.941e-08
  [gamma] epoch  51750  gamma_ratio 0.9940  residual 5.906e-08
  [gamma] epoch  52000  gamma_ratio 0.9940  residual 5.932e-08
  [gamma] epoch  52250  gamma_ratio 0.9940  residual 5.804e-08
  [gamma] epoch  52500  gamma_ratio 0.9940  residual 5.787e-08
  [gamma] epoch  52750  gamma_ratio 0.9940  residual 5.766e-08
  [gamma] epoch  53000  gamma_ratio 0.9940  residual 5.745e-08
  [gamma] epoch  53250  gamma_ratio 0.9940  residual 5.764e-08
  [gamma] epoch  53500  gamma_ratio 0.9940  residual 5.709e-08
  [gamma] epoch  53750  gamma_ratio 0.9940  residual 5.786e-08
  [gamma] epoch  54000  gamma_ratio 0.9940  residual 5.665e-08
  [gamma] epoch  54250  gamma_ratio 0.9940  residual 5.678e-08
  [gamma] epoch  54500  gamma_ratio 0.9940  residual 5.649e-08
  [gamma] epoch  54750  gamma_ratio 0.9941  residual 5.613e-08
  [gamma] epoch  55000  gamma_ratio 0.9941  residual 5.621e-08
  [gamma] epoch  55250  gamma_ratio 0.9940  residual 5.598e-08
  [gamma] epoch  55500  gamma_ratio 0.9940  residual 5.555e-08
  [gamma] epoch  55750  gamma_ratio 0.9941  residual 5.539e-08
  [gamma] epoch  56000  gamma_ratio 0.9940  residual 5.524e-08
  [gamma] epoch  56250  gamma_ratio 0.9940  residual 5.613e-08
  [gamma] epoch  56500  gamma_ratio 0.9940  residual 5.492e-08
  [gamma] epoch  56750  gamma_ratio 0.9940  residual 5.471e-08
  [gamma] epoch  57000  gamma_ratio 0.9942  residual 5.605e-08
  [gamma] epoch  57250  gamma_ratio 0.9941  residual 5.439e-08
  [gamma] epoch  57500  gamma_ratio 0.9940  residual 5.600e-08
  [gamma] epoch  57750  gamma_ratio 0.9941  residual 5.406e-08
  [gamma] epoch  58000  gamma_ratio 0.9940  residual 5.430e-08
  [gamma] epoch  58250  gamma_ratio 0.9940  residual 5.522e-08
  [gamma] epoch  58500  gamma_ratio 0.9941  residual 5.364e-08
  [gamma] epoch  58750  gamma_ratio 0.9940  residual 5.364e-08
  [gamma] epoch  59000  gamma_ratio 0.9941  residual 5.334e-08
  [gamma] epoch  59250  gamma_ratio 0.9941  residual 5.331e-08
  [gamma] epoch  59500  gamma_ratio 0.9941  residual 5.301e-08
  [gamma] epoch  59750  gamma_ratio 0.9941  residual 5.322e-08
  [gamma] epoch  59999  gamma_ratio 0.9940  residual 5.394e-08
  [shape] epoch      0  rmse=0.1999  max_abs_dA=0.2744  int_signed_dA=4.241e-11  int_abs_dA=4.397e-11  A_min=0.1138  max_dA_fwd=-0.0001625
  [shape] epoch    250  rmse=0.02396  max_abs_dA=0.03528  int_signed_dA=5.202e-12  int_abs_dA=5.203e-12  A_min=0.01181  max_dA_fwd=-1.307e-05
  [shape] epoch    500  rmse=0.01179  max_abs_dA=0.01651  int_signed_dA=2.675e-12  int_abs_dA=2.675e-12  A_min=0.008689  max_dA_fwd=-1.074e-05
  [shape] epoch    750  rmse=0.01124  max_abs_dA=0.01707  int_signed_dA=2.415e-12  int_abs_dA=2.415e-12  A_min=0.006568  max_dA_fwd=-1.101e-05
  [shape] epoch   1000  rmse=0.009634  max_abs_dA=0.01528  int_signed_dA=2.024e-12  int_abs_dA=2.024e-12  A_min=0.004616  max_dA_fwd=-1.133e-05
  [shape] epoch   1250  rmse=0.00888  max_abs_dA=0.01455  int_signed_dA=1.822e-12  int_abs_dA=1.826e-12  A_min=0.003322  max_dA_fwd=-1.162e-05
  [shape] epoch   1500  rmse=0.007312  max_abs_dA=0.01245  int_signed_dA=1.462e-12  int_abs_dA=1.462e-12  A_min=0.001646  max_dA_fwd=-1.141e-05
  [shape] epoch   1750  rmse=0.006393  max_abs_dA=0.01099  int_signed_dA=1.263e-12  int_abs_dA=1.263e-12  A_min=0.001007  max_dA_fwd=-1.119e-05
  [shape] epoch   2000  rmse=0.005989  max_abs_dA=0.0103  int_signed_dA=1.154e-12  int_abs_dA=1.185e-12  A_min=0.000994  max_dA_fwd=-1.13e-05
  [shape] epoch   2250  rmse=0.005212  max_abs_dA=0.009191  int_signed_dA=9.885e-13  int_abs_dA=9.911e-13  A_min=4.559e-05  max_dA_fwd=-1.138e-05
  [shape] epoch   2500  rmse=0.004905  max_abs_dA=0.008708  int_signed_dA=9.188e-13  int_abs_dA=9.251e-13  A_min=-0.0001147  max_dA_fwd=-1.152e-05
  [shape] epoch   2750  rmse=0.004703  max_abs_dA=0.008376  int_signed_dA=8.75e-13  int_abs_dA=8.838e-13  A_min=-0.0002013  max_dA_fwd=-1.158e-05
  [shape] epoch   3000  rmse=0.004469  max_abs_dA=0.00807  int_signed_dA=8.087e-13  int_abs_dA=8.27e-13  A_min=-0.0004471  max_dA_fwd=-1.162e-05
  [shape] epoch   3250  rmse=0.004122  max_abs_dA=0.007549  int_signed_dA=7.194e-13  int_abs_dA=7.561e-13  A_min=-0.0007731  max_dA_fwd=-1.141e-05
  [shape] epoch   3500  rmse=0.00412  max_abs_dA=0.007572  int_signed_dA=7.163e-13  int_abs_dA=7.542e-13  A_min=-0.0007804  max_dA_fwd=-1.129e-05
  [shape] epoch   3750  rmse=0.004085  max_abs_dA=0.007578  int_signed_dA=6.907e-13  int_abs_dA=7.47e-13  A_min=-0.001025  max_dA_fwd=-1.112e-05
  [shape] epoch   4000  rmse=0.004745  max_abs_dA=0.008586  int_signed_dA=8.373e-13  int_abs_dA=8.813e-13  A_min=-0.0007924  max_dA_fwd=-1.103e-05
  [shape] epoch   4250  rmse=0.003703  max_abs_dA=0.006994  int_signed_dA=5.889e-13  int_abs_dA=6.757e-13  A_min=-0.001275  max_dA_fwd=-1.034e-05
  [shape] epoch   4500  rmse=0.003554  max_abs_dA=0.006687  int_signed_dA=5.869e-13  int_abs_dA=6.485e-13  A_min=-0.0009282  max_dA_fwd=-9.794e-06
  [shape] epoch   4750  rmse=0.003424  max_abs_dA=0.006528  int_signed_dA=4.63e-13  int_abs_dA=6.399e-13  A_min=-0.001805  max_dA_fwd=-9.796e-06
  [shape] epoch   5000  rmse=0.003703  max_abs_dA=0.006871  int_signed_dA=6.296e-13  int_abs_dA=6.839e-13  A_min=-0.0007607  max_dA_fwd=-9.107e-06
  [shape] epoch   5250  rmse=0.002994  max_abs_dA=0.005803  int_signed_dA=4.197e-13  int_abs_dA=5.481e-13  A_min=-0.00139  max_dA_fwd=-8.884e-06
  [shape] epoch   5500  rmse=0.002766  max_abs_dA=0.005404  int_signed_dA=3.631e-13  int_abs_dA=5.06e-13  A_min=-0.001442  max_dA_fwd=-8.628e-06
  [shape] epoch   5750  rmse=0.002698  max_abs_dA=0.005257  int_signed_dA=3.692e-13  int_abs_dA=4.939e-13  A_min=-0.001256  max_dA_fwd=-8.443e-06
  [shape] epoch   6000  rmse=0.002911  max_abs_dA=0.005616  int_signed_dA=3.995e-13  int_abs_dA=5.373e-13  A_min=-0.001292  max_dA_fwd=-8.408e-06
  [shape] epoch   6250  rmse=0.002404  max_abs_dA=0.004705  int_signed_dA=3.445e-13  int_abs_dA=4.356e-13  A_min=-0.0008885  max_dA_fwd=-7.99e-06
  [shape] epoch   6500  rmse=0.002144  max_abs_dA=0.00423  int_signed_dA=3.101e-13  int_abs_dA=3.823e-13  A_min=-0.0006867  max_dA_fwd=-7.787e-06
  [shape] epoch   6750  rmse=0.002142  max_abs_dA=0.004196  int_signed_dA=3.258e-13  int_abs_dA=3.815e-13  A_min=-0.0005244  max_dA_fwd=-7.692e-06
  [shape] epoch   7000  rmse=0.002272  max_abs_dA=0.004367  int_signed_dA=3.782e-13  int_abs_dA=4.056e-13  A_min=-0.0002302  max_dA_fwd=-7.588e-06
  [shape] epoch   7250  rmse=0.002133  max_abs_dA=0.004116  int_signed_dA=3.606e-13  int_abs_dA=3.777e-13  A_min=-8.532e-05  max_dA_fwd=-7.424e-06
  [shape] epoch   7500  rmse=0.001915  max_abs_dA=0.003695  int_signed_dA=3.274e-13  int_abs_dA=3.378e-13  A_min=2.258e-05  max_dA_fwd=-7.327e-06
  [shape] epoch   7750  rmse=0.001975  max_abs_dA=0.003686  int_signed_dA=3.694e-13  int_abs_dA=3.694e-13  A_min=0.0004188  max_dA_fwd=-7.176e-06
  [shape] epoch   8000  rmse=0.002003  max_abs_dA=0.003791  int_signed_dA=3.636e-13  int_abs_dA=3.637e-13  A_min=0.0002967  max_dA_fwd=-7.157e-06
  [shape] epoch   8250  rmse=0.00206  max_abs_dA=0.00385  int_signed_dA=3.848e-13  int_abs_dA=3.848e-13  A_min=0.0004616  max_dA_fwd=-7.081e-06
  [shape] epoch   8500  rmse=0.001729  max_abs_dA=0.003257  int_signed_dA=3.231e-13  int_abs_dA=3.231e-13  A_min=0.000468  max_dA_fwd=-6.908e-06
  [shape] epoch   8750  rmse=0.001568  max_abs_dA=0.002865  int_signed_dA=3.072e-13  int_abs_dA=3.075e-13  A_min=0.0007187  max_dA_fwd=-6.75e-06
  [shape] epoch   9000  rmse=0.001911  max_abs_dA=0.003546  int_signed_dA=3.679e-13  int_abs_dA=3.682e-13  A_min=0.0006735  max_dA_fwd=-6.806e-06
  [shape] epoch   9250  rmse=0.0009924  max_abs_dA=0.002134  int_signed_dA=1.607e-13  int_abs_dA=2.146e-13  A_min=0.0008523  max_dA_fwd=5.654e-05
  [shape] epoch   9500  rmse=0.001962  max_abs_dA=0.002844  int_signed_dA=4.294e-13  int_abs_dA=4.312e-13  A_min=0.001869  max_dA_fwd=0.0001149
  [shape] epoch   9750  rmse=0.001454  max_abs_dA=0.002724  int_signed_dA=2.838e-13  int_abs_dA=2.838e-13  A_min=0.0007436  max_dA_fwd=-6.486e-06
  [shape] epoch  10000  rmse=0.001604  max_abs_dA=0.003037  int_signed_dA=3.1e-13  int_abs_dA=3.1e-13  A_min=0.0007151  max_dA_fwd=-6.477e-06
  [shape] epoch  10250  rmse=0.001602  max_abs_dA=0.002914  int_signed_dA=3.272e-13  int_abs_dA=3.272e-13  A_min=0.0009508  max_dA_fwd=-6.372e-06
  [shape] epoch  10500  rmse=0.001739  max_abs_dA=0.003349  int_signed_dA=3.339e-13  int_abs_dA=3.339e-13  A_min=0.0007343  max_dA_fwd=-6.422e-06
  [shape] epoch  10750  rmse=0.001387  max_abs_dA=0.002492  int_signed_dA=2.854e-13  int_abs_dA=2.854e-13  A_min=0.001002  max_dA_fwd=-6.275e-06
  [shape] epoch  11000  rmse=0.002101  max_abs_dA=0.00378  int_signed_dA=4.314e-13  int_abs_dA=4.314e-13  A_min=0.001225  max_dA_fwd=-6.396e-06
  [shape] epoch  11250  rmse=0.001528  max_abs_dA=0.002959  int_signed_dA=2.952e-13  int_abs_dA=2.952e-13  A_min=0.0007082  max_dA_fwd=-6.407e-06
  [shape] epoch  11500  rmse=0.001416  max_abs_dA=0.002805  int_signed_dA=2.654e-13  int_abs_dA=2.658e-13  A_min=0.0006195  max_dA_fwd=-6.432e-06
  [shape] epoch  11750  rmse=0.001173  max_abs_dA=0.002322  int_signed_dA=2.221e-13  int_abs_dA=2.221e-13  A_min=0.0006458  max_dA_fwd=-6.357e-06
  [shape] epoch  12000  rmse=0.001206  max_abs_dA=0.002131  int_signed_dA=2.47e-13  int_abs_dA=2.49e-13  A_min=0.0009884  max_dA_fwd=-6.343e-06
  [shape] epoch  12250  rmse=0.001453  max_abs_dA=0.002705  int_signed_dA=2.928e-13  int_abs_dA=2.928e-13  A_min=0.0008866  max_dA_fwd=-6.46e-06
  [shape] epoch  12500  rmse=0.001108  max_abs_dA=0.001999  int_signed_dA=2.25e-13  int_abs_dA=2.282e-13  A_min=0.0008834  max_dA_fwd=-6.344e-06
  [shape] epoch  12750  rmse=0.001236  max_abs_dA=0.002467  int_signed_dA=2.284e-13  int_abs_dA=2.334e-13  A_min=0.0005455  max_dA_fwd=-6.548e-06
  [shape] epoch  13000  rmse=0.001345  max_abs_dA=0.002431  int_signed_dA=2.764e-13  int_abs_dA=2.764e-13  A_min=0.0009018  max_dA_fwd=-6.504e-06
  [shape] epoch  13250  rmse=0.001277  max_abs_dA=0.002404  int_signed_dA=2.553e-13  int_abs_dA=2.553e-13  A_min=0.0007738  max_dA_fwd=-6.529e-06
  [shape] epoch  13500  rmse=0.00121  max_abs_dA=0.002268  int_signed_dA=2.421e-13  int_abs_dA=2.421e-13  A_min=0.0007219  max_dA_fwd=-6.58e-06
  [shape] epoch  13750  rmse=0.001197  max_abs_dA=0.002229  int_signed_dA=2.406e-13  int_abs_dA=2.406e-13  A_min=0.0007563  max_dA_fwd=-6.569e-06
  [shape] epoch  14000  rmse=0.001229  max_abs_dA=0.002281  int_signed_dA=2.477e-13  int_abs_dA=2.477e-13  A_min=0.0007458  max_dA_fwd=-6.632e-06
  [shape] epoch  14250  rmse=0.001287  max_abs_dA=0.002352  int_signed_dA=2.611e-13  int_abs_dA=2.611e-13  A_min=0.0007881  max_dA_fwd=-6.652e-06
  [shape] epoch  14500  rmse=0.001198  max_abs_dA=0.002093  int_signed_dA=2.495e-13  int_abs_dA=2.495e-13  A_min=0.0008697  max_dA_fwd=-6.626e-06
  [shape] epoch  14750  rmse=0.001271  max_abs_dA=0.002002  int_signed_dA=2.742e-13  int_abs_dA=2.753e-13  A_min=0.001106  max_dA_fwd=-6.605e-06
  [shape] epoch  15000  rmse=0.00118  max_abs_dA=0.002085  int_signed_dA=2.45e-13  int_abs_dA=2.45e-13  A_min=0.0008219  max_dA_fwd=-6.653e-06
  [shape] epoch  15250  rmse=0.001124  max_abs_dA=0.002118  int_signed_dA=2.183e-13  int_abs_dA=2.207e-13  A_min=0.0006025  max_dA_fwd=-6.739e-06
  [shape] epoch  15500  rmse=0.001297  max_abs_dA=0.002343  int_signed_dA=2.64e-13  int_abs_dA=2.646e-13  A_min=0.0007558  max_dA_fwd=-6.743e-06
  [shape] epoch  15750  rmse=0.001166  max_abs_dA=0.002007  int_signed_dA=2.428e-13  int_abs_dA=2.428e-13  A_min=0.000818  max_dA_fwd=-6.742e-06
  [shape] epoch  16000  rmse=0.001132  max_abs_dA=0.002013  int_signed_dA=2.3e-13  int_abs_dA=2.31e-13  A_min=0.000714  max_dA_fwd=-6.786e-06
  [shape] epoch  16250  rmse=0.001237  max_abs_dA=0.002096  int_signed_dA=2.595e-13  int_abs_dA=2.595e-13  A_min=0.0008777  max_dA_fwd=-6.771e-06
  [shape] epoch  16500  rmse=0.001206  max_abs_dA=0.001946  int_signed_dA=2.577e-13  int_abs_dA=2.577e-13  A_min=0.0009236  max_dA_fwd=-6.807e-06
  [shape] epoch  16750  rmse=0.001134  max_abs_dA=0.001841  int_signed_dA=2.425e-13  int_abs_dA=2.425e-13  A_min=0.0008731  max_dA_fwd=-6.783e-06
  [shape] epoch  17000  rmse=0.001134  max_abs_dA=0.00167  int_signed_dA=2.469e-13  int_abs_dA=2.476e-13  A_min=0.001023  max_dA_fwd=-6.773e-06
  [shape] epoch  17250  rmse=0.001193  max_abs_dA=0.001935  int_signed_dA=2.539e-13  int_abs_dA=2.539e-13  A_min=0.0008807  max_dA_fwd=-6.847e-06
  [shape] epoch  17500  rmse=0.001145  max_abs_dA=0.001864  int_signed_dA=2.416e-13  int_abs_dA=2.416e-13  A_min=0.0008196  max_dA_fwd=-6.903e-06
  [shape] epoch  17750  rmse=0.001123  max_abs_dA=0.001737  int_signed_dA=2.413e-13  int_abs_dA=2.413e-13  A_min=0.0008961  max_dA_fwd=-6.901e-06
  [shape] epoch  18000  rmse=0.00105  max_abs_dA=0.0015  int_signed_dA=2.255e-13  int_abs_dA=2.277e-13  A_min=0.000931  max_dA_fwd=-6.935e-06
  [shape] epoch  18250  rmse=0.001118  max_abs_dA=0.001712  int_signed_dA=2.399e-13  int_abs_dA=2.399e-13  A_min=0.0008321  max_dA_fwd=-7.012e-06
  [shape] epoch  18500  rmse=0.001151  max_abs_dA=0.001615  int_signed_dA=2.512e-13  int_abs_dA=2.512e-13  A_min=0.0009733  max_dA_fwd=-7.03e-06
  [shape] epoch  18750  rmse=0.00109  max_abs_dA=0.001508  int_signed_dA=2.328e-13  int_abs_dA=2.343e-13  A_min=0.0009719  max_dA_fwd=-7.041e-06
  [shape] epoch  19000  rmse=0.001101  max_abs_dA=0.001503  int_signed_dA=2.409e-13  int_abs_dA=2.409e-13  A_min=0.0009379  max_dA_fwd=-7.146e-06
  [shape] epoch  19250  rmse=0.001125  max_abs_dA=0.001427  int_signed_dA=2.482e-13  int_abs_dA=2.482e-13  A_min=0.001105  max_dA_fwd=-7.161e-06
  [shape] epoch  19500  rmse=0.000959  max_abs_dA=0.001211  int_signed_dA=2.1e-13  int_abs_dA=2.108e-13  A_min=0.00102  max_dA_fwd=-7.206e-06
  [shape] epoch  19750  rmse=0.001069  max_abs_dA=0.001318  int_signed_dA=2.376e-13  int_abs_dA=2.376e-13  A_min=0.001073  max_dA_fwd=-7.269e-06
  [shape] epoch  20000  rmse=0.001102  max_abs_dA=0.001367  int_signed_dA=2.462e-13  int_abs_dA=2.462e-13  A_min=0.001169  max_dA_fwd=-7.267e-06
  [shape] epoch  20250  rmse=0.001069  max_abs_dA=0.001308  int_signed_dA=2.379e-13  int_abs_dA=2.379e-13  A_min=0.001063  max_dA_fwd=-7.292e-06
  [shape] epoch  20500  rmse=0.0009295  max_abs_dA=0.001179  int_signed_dA=2.064e-13  int_abs_dA=2.066e-13  A_min=0.0009562  max_dA_fwd=-7.332e-06
  [shape] epoch  20750  rmse=0.0009082  max_abs_dA=0.001127  int_signed_dA=1.977e-13  int_abs_dA=1.991e-13  A_min=0.0008474  max_dA_fwd=-7.339e-06
  [shape] epoch  21000  rmse=0.001136  max_abs_dA=0.001369  int_signed_dA=2.534e-13  int_abs_dA=2.534e-13  A_min=0.001081  max_dA_fwd=-7.332e-06
  [shape] epoch  21250  rmse=0.001132  max_abs_dA=0.001414  int_signed_dA=2.532e-13  int_abs_dA=2.532e-13  A_min=0.001027  max_dA_fwd=-7.316e-06
  [shape] epoch  21500  rmse=0.001107  max_abs_dA=0.001421  int_signed_dA=2.462e-13  int_abs_dA=2.462e-13  A_min=0.0009995  max_dA_fwd=-7.265e-06
  [shape] epoch  21750  rmse=0.0007753  max_abs_dA=0.001039  int_signed_dA=1.635e-13  int_abs_dA=1.69e-13  A_min=0.0008397  max_dA_fwd=-7.322e-06
  [shape] epoch  22000  rmse=0.0009942  max_abs_dA=0.001222  int_signed_dA=2.207e-13  int_abs_dA=2.207e-13  A_min=0.0009434  max_dA_fwd=-7.267e-06
  [shape] epoch  22250  rmse=0.0009683  max_abs_dA=0.001193  int_signed_dA=2.151e-13  int_abs_dA=2.151e-13  A_min=0.0008773  max_dA_fwd=-7.298e-06
  [shape] epoch  22500  rmse=0.0009766  max_abs_dA=0.001205  int_signed_dA=2.187e-13  int_abs_dA=2.187e-13  A_min=0.0009247  max_dA_fwd=-7.268e-06
  [shape] epoch  22750  rmse=0.001086  max_abs_dA=0.001396  int_signed_dA=2.41e-13  int_abs_dA=2.41e-13  A_min=0.0009476  max_dA_fwd=-7.284e-06
  [shape] epoch  23000  rmse=0.0009738  max_abs_dA=0.0012  int_signed_dA=2.148e-13  int_abs_dA=2.152e-13  A_min=0.0008908  max_dA_fwd=-7.288e-06
  [shape] epoch  23250  rmse=0.0009465  max_abs_dA=0.001195  int_signed_dA=2.107e-13  int_abs_dA=2.108e-13  A_min=0.0009223  max_dA_fwd=-7.24e-06
  [shape] epoch  23500  rmse=0.0009279  max_abs_dA=0.001169  int_signed_dA=2.047e-13  int_abs_dA=2.047e-13  A_min=0.0008234  max_dA_fwd=-7.289e-06
  [shape] epoch  23750  rmse=0.001076  max_abs_dA=0.001368  int_signed_dA=2.396e-13  int_abs_dA=2.396e-13  A_min=0.0009199  max_dA_fwd=-7.27e-06
  [shape] epoch  24000  rmse=0.001076  max_abs_dA=0.001401  int_signed_dA=2.391e-13  int_abs_dA=2.391e-13  A_min=0.0009  max_dA_fwd=-7.258e-06
  [shape] epoch  24250  rmse=0.0009693  max_abs_dA=0.001222  int_signed_dA=2.149e-13  int_abs_dA=2.149e-13  A_min=0.0009027  max_dA_fwd=-7.225e-06
  [shape] epoch  24500  rmse=0.0009634  max_abs_dA=0.001217  int_signed_dA=2.145e-13  int_abs_dA=2.145e-13  A_min=0.0009023  max_dA_fwd=-7.198e-06
  [shape] epoch  24750  rmse=0.0009139  max_abs_dA=0.001173  int_signed_dA=2.013e-13  int_abs_dA=2.015e-13  A_min=0.0008593  max_dA_fwd=-7.214e-06
  [shape] epoch  25000  rmse=0.0008956  max_abs_dA=0.00115  int_signed_dA=1.975e-13  int_abs_dA=1.975e-13  A_min=0.000817  max_dA_fwd=-7.202e-06
  [shape] epoch  25250  rmse=0.0009997  max_abs_dA=0.001294  int_signed_dA=2.211e-13  int_abs_dA=2.211e-13  A_min=0.0008641  max_dA_fwd=-7.191e-06
  [shape] epoch  25500  rmse=0.001052  max_abs_dA=0.001363  int_signed_dA=2.319e-13  int_abs_dA=2.319e-13  A_min=0.0008989  max_dA_fwd=-7.174e-06
  [shape] epoch  25750  rmse=0.0009692  max_abs_dA=0.001256  int_signed_dA=2.144e-13  int_abs_dA=2.144e-13  A_min=0.0008181  max_dA_fwd=-7.209e-06
  [shape] epoch  26000  rmse=0.00105  max_abs_dA=0.001375  int_signed_dA=2.32e-13  int_abs_dA=2.32e-13  A_min=0.0008784  max_dA_fwd=-7.209e-06
  [shape] epoch  26250  rmse=0.001016  max_abs_dA=0.001348  int_signed_dA=2.218e-13  int_abs_dA=2.218e-13  A_min=0.0008225  max_dA_fwd=-7.215e-06
  [shape] epoch  26500  rmse=0.0009244  max_abs_dA=0.001209  int_signed_dA=2.027e-13  int_abs_dA=2.027e-13  A_min=0.000836  max_dA_fwd=-7.169e-06
  [shape] epoch  26750  rmse=0.001008  max_abs_dA=0.001341  int_signed_dA=2.216e-13  int_abs_dA=2.216e-13  A_min=0.0007959  max_dA_fwd=-7.203e-06
  [shape] epoch  27000  rmse=0.0009035  max_abs_dA=0.001207  int_signed_dA=1.977e-13  int_abs_dA=1.977e-13  A_min=0.0007492  max_dA_fwd=-7.193e-06
  [shape] epoch  27250  rmse=0.0009581  max_abs_dA=0.001268  int_signed_dA=2.096e-13  int_abs_dA=2.096e-13  A_min=0.0008305  max_dA_fwd=-7.181e-06
  [shape] epoch  27500  rmse=0.0009786  max_abs_dA=0.001283  int_signed_dA=2.148e-13  int_abs_dA=2.15e-13  A_min=0.0009217  max_dA_fwd=-7.169e-06
  [shape] epoch  27750  rmse=0.0009901  max_abs_dA=0.001324  int_signed_dA=2.166e-13  int_abs_dA=2.166e-13  A_min=0.0008424  max_dA_fwd=-7.164e-06
  [shape] epoch  28000  rmse=0.0009517  max_abs_dA=0.001287  int_signed_dA=2.073e-13  int_abs_dA=2.073e-13  A_min=0.0007683  max_dA_fwd=-7.195e-06
  [shape] epoch  28250  rmse=0.0009775  max_abs_dA=0.001324  int_signed_dA=2.139e-13  int_abs_dA=2.139e-13  A_min=0.0007927  max_dA_fwd=-7.16e-06
  [shape] epoch  28500  rmse=0.0009964  max_abs_dA=0.001355  int_signed_dA=2.181e-13  int_abs_dA=2.181e-13  A_min=0.0007826  max_dA_fwd=-7.174e-06
  [shape] epoch  28750  rmse=0.0009485  max_abs_dA=0.001295  int_signed_dA=2.059e-13  int_abs_dA=2.059e-13  A_min=0.0007749  max_dA_fwd=-7.183e-06
  [shape] epoch  29000  rmse=0.0009444  max_abs_dA=0.001294  int_signed_dA=2.045e-13  int_abs_dA=2.045e-13  A_min=0.0007508  max_dA_fwd=-7.196e-06
  [shape] epoch  29250  rmse=0.0009649  max_abs_dA=0.001334  int_signed_dA=2.095e-13  int_abs_dA=2.095e-13  A_min=0.0007552  max_dA_fwd=-7.186e-06
  [shape] epoch  29500  rmse=0.001026  max_abs_dA=0.001411  int_signed_dA=2.243e-13  int_abs_dA=2.243e-13  A_min=0.0007999  max_dA_fwd=-7.167e-06
  [shape] epoch  29750  rmse=0.0009641  max_abs_dA=0.001324  int_signed_dA=2.099e-13  int_abs_dA=2.099e-13  A_min=0.0007953  max_dA_fwd=-7.151e-06
  [shape] epoch  30000  rmse=0.0009444  max_abs_dA=0.001323  int_signed_dA=2.013e-13  int_abs_dA=2.015e-13  A_min=0.0007256  max_dA_fwd=-7.199e-06
  [shape] epoch  30250  rmse=0.0008969  max_abs_dA=0.001255  int_signed_dA=1.929e-13  int_abs_dA=1.929e-13  A_min=0.0007221  max_dA_fwd=-7.18e-06
  [shape] epoch  30500  rmse=0.001056  max_abs_dA=0.001446  int_signed_dA=2.309e-13  int_abs_dA=2.309e-13  A_min=0.0008383  max_dA_fwd=-7.178e-06
  [shape] epoch  30750  rmse=0.0009505  max_abs_dA=0.00134  int_signed_dA=2.025e-13  int_abs_dA=2.039e-13  A_min=0.0007023  max_dA_fwd=-7.177e-06
  [shape] epoch  31000  rmse=0.001005  max_abs_dA=0.001383  int_signed_dA=2.201e-13  int_abs_dA=2.201e-13  A_min=0.0008455  max_dA_fwd=-7.157e-06
  [shape] epoch  31250  rmse=0.0009164  max_abs_dA=0.001317  int_signed_dA=1.944e-13  int_abs_dA=1.948e-13  A_min=0.0006379  max_dA_fwd=-7.199e-06
  [shape] epoch  31500  rmse=0.0009027  max_abs_dA=0.001315  int_signed_dA=1.83e-13  int_abs_dA=1.928e-13  A_min=0.0005342  max_dA_fwd=-7.21e-06
  [shape] epoch  31750  rmse=0.001083  max_abs_dA=0.001499  int_signed_dA=2.366e-13  int_abs_dA=2.366e-13  A_min=0.0008606  max_dA_fwd=-7.178e-06
  [shape] epoch  32000  rmse=0.0009635  max_abs_dA=0.001362  int_signed_dA=2.082e-13  int_abs_dA=2.082e-13  A_min=0.0007587  max_dA_fwd=-7.166e-06
  [shape] epoch  32250  rmse=0.0009444  max_abs_dA=0.001355  int_signed_dA=2.018e-13  int_abs_dA=2.018e-13  A_min=0.0007056  max_dA_fwd=-7.186e-06
  [shape] epoch  32500  rmse=0.0009158  max_abs_dA=0.001335  int_signed_dA=1.926e-13  int_abs_dA=1.946e-13  A_min=0.0006271  max_dA_fwd=-7.173e-06
  [shape] epoch  32750  rmse=0.0009704  max_abs_dA=0.001389  int_signed_dA=2.107e-13  int_abs_dA=2.107e-13  A_min=0.0007128  max_dA_fwd=-7.202e-06
  [shape] epoch  33000  rmse=0.0009674  max_abs_dA=0.001393  int_signed_dA=2.075e-13  int_abs_dA=2.075e-13  A_min=0.0007065  max_dA_fwd=-7.166e-06
  [shape] epoch  33250  rmse=0.0009442  max_abs_dA=0.001374  int_signed_dA=2.001e-13  int_abs_dA=2.008e-13  A_min=0.0006577  max_dA_fwd=-7.201e-06
  [shape] epoch  33500  rmse=0.00104  max_abs_dA=0.001491  int_signed_dA=2.245e-13  int_abs_dA=2.245e-13  A_min=0.0007437  max_dA_fwd=-7.18e-06
  [shape] epoch  33750  rmse=0.0009827  max_abs_dA=0.001391  int_signed_dA=2.121e-13  int_abs_dA=2.123e-13  A_min=0.0008273  max_dA_fwd=-7.142e-06
  [shape] epoch  34000  rmse=0.0009803  max_abs_dA=0.001428  int_signed_dA=2.085e-13  int_abs_dA=2.085e-13  A_min=0.0007038  max_dA_fwd=-7.176e-06
  [shape] epoch  34250  rmse=0.0009632  max_abs_dA=0.001421  int_signed_dA=2.032e-13  int_abs_dA=2.042e-13  A_min=0.0006199  max_dA_fwd=-7.208e-06
  [shape] epoch  34500  rmse=0.0009228  max_abs_dA=0.00135  int_signed_dA=1.965e-13  int_abs_dA=1.965e-13  A_min=0.0006984  max_dA_fwd=-7.181e-06
  [shape] epoch  34750  rmse=0.0009536  max_abs_dA=0.001402  int_signed_dA=2.019e-13  int_abs_dA=2.019e-13  A_min=0.0006905  max_dA_fwd=-7.175e-06
  [shape] epoch  35000  rmse=0.0009261  max_abs_dA=0.00138  int_signed_dA=1.94e-13  int_abs_dA=1.946e-13  A_min=0.0006269  max_dA_fwd=-7.19e-06
  [shape] epoch  35250  rmse=0.0009976  max_abs_dA=0.001462  int_signed_dA=2.131e-13  int_abs_dA=2.131e-13  A_min=0.0007123  max_dA_fwd=-7.178e-06
  [shape] epoch  35500  rmse=0.0009613  max_abs_dA=0.001437  int_signed_dA=2.02e-13  int_abs_dA=2.02e-13  A_min=0.0006476  max_dA_fwd=-7.195e-06
  [shape] epoch  35750  rmse=0.0009644  max_abs_dA=0.00142  int_signed_dA=2.061e-13  int_abs_dA=2.061e-13  A_min=0.000714  max_dA_fwd=-7.179e-06
  [shape] epoch  36000  rmse=0.0009823  max_abs_dA=0.001463  int_signed_dA=2.079e-13  int_abs_dA=2.079e-13  A_min=0.0006706  max_dA_fwd=-7.183e-06
  [shape] epoch  36250  rmse=0.000961  max_abs_dA=0.001433  int_signed_dA=2.041e-13  int_abs_dA=2.041e-13  A_min=0.0006692  max_dA_fwd=-7.183e-06
  [shape] epoch  36500  rmse=0.0009082  max_abs_dA=0.001382  int_signed_dA=1.889e-13  int_abs_dA=1.889e-13  A_min=0.000587  max_dA_fwd=-7.186e-06
  [shape] epoch  36750  rmse=0.001013  max_abs_dA=0.001497  int_signed_dA=2.17e-13  int_abs_dA=2.17e-13  A_min=0.000726  max_dA_fwd=-7.169e-06
  [shape] epoch  37000  rmse=0.000999  max_abs_dA=0.001496  int_signed_dA=2.12e-13  int_abs_dA=2.12e-13  A_min=0.0006642  max_dA_fwd=-7.182e-06
  [shape] epoch  37250  rmse=0.0009797  max_abs_dA=0.00148  int_signed_dA=2.055e-13  int_abs_dA=2.055e-13  A_min=0.0006374  max_dA_fwd=-7.195e-06
  [shape] epoch  37500  rmse=0.001001  max_abs_dA=0.001509  int_signed_dA=2.114e-13  int_abs_dA=2.114e-13  A_min=0.0006339  max_dA_fwd=-7.198e-06
  [shape] epoch  37750  rmse=0.0009721  max_abs_dA=0.001468  int_signed_dA=2.054e-13  int_abs_dA=2.054e-13  A_min=0.0006542  max_dA_fwd=-7.172e-06
  [shape] epoch  38000  rmse=0.001021  max_abs_dA=0.001533  int_signed_dA=2.167e-13  int_abs_dA=2.167e-13  A_min=0.0006794  max_dA_fwd=-7.178e-06
  [shape] epoch  38250  rmse=0.0009627  max_abs_dA=0.001468  int_signed_dA=2.02e-13  int_abs_dA=2.02e-13  A_min=0.0006232  max_dA_fwd=-7.177e-06
  [shape] epoch  38500  rmse=0.0009603  max_abs_dA=0.001468  int_signed_dA=2.022e-13  int_abs_dA=2.022e-13  A_min=0.000618  max_dA_fwd=-7.171e-06
  [shape] epoch  38750  rmse=0.0009703  max_abs_dA=0.001483  int_signed_dA=2.032e-13  int_abs_dA=2.032e-13  A_min=0.0006329  max_dA_fwd=-7.179e-06
  [shape] epoch  39000  rmse=0.0009394  max_abs_dA=0.001458  int_signed_dA=1.94e-13  int_abs_dA=1.943e-13  A_min=0.0005534  max_dA_fwd=-7.197e-06
  [shape] epoch  39250  rmse=0.0009915  max_abs_dA=0.00151  int_signed_dA=2.1e-13  int_abs_dA=2.1e-13  A_min=0.0006469  max_dA_fwd=-7.177e-06
  [shape] epoch  39500  rmse=0.001003  max_abs_dA=0.001531  int_signed_dA=2.111e-13  int_abs_dA=2.111e-13  A_min=0.0006492  max_dA_fwd=-7.173e-06
  [shape] epoch  39750  rmse=0.001001  max_abs_dA=0.001534  int_signed_dA=2.104e-13  int_abs_dA=2.104e-13  A_min=0.0006324  max_dA_fwd=-7.169e-06
  [shape] epoch  40000  rmse=0.0009436  max_abs_dA=0.001468  int_signed_dA=1.957e-13  int_abs_dA=1.957e-13  A_min=0.0005802  max_dA_fwd=-7.185e-06
  [shape] epoch  40250  rmse=0.0009562  max_abs_dA=0.001493  int_signed_dA=1.971e-13  int_abs_dA=1.971e-13  A_min=0.0005642  max_dA_fwd=-7.193e-06
  [shape] epoch  40500  rmse=0.0009531  max_abs_dA=0.00149  int_signed_dA=1.972e-13  int_abs_dA=1.972e-13  A_min=0.0005572  max_dA_fwd=-7.178e-06
  [shape] epoch  40750  rmse=0.000998  max_abs_dA=0.001545  int_signed_dA=2.081e-13  int_abs_dA=2.081e-13  A_min=0.0006172  max_dA_fwd=-7.169e-06
  [shape] epoch  41000  rmse=0.001006  max_abs_dA=0.001558  int_signed_dA=2.099e-13  int_abs_dA=2.099e-13  A_min=0.0006245  max_dA_fwd=-7.172e-06
  [shape] epoch  41250  rmse=0.0009692  max_abs_dA=0.001513  int_signed_dA=2.013e-13  int_abs_dA=2.013e-13  A_min=0.0005913  max_dA_fwd=-7.169e-06
  [shape] epoch  41500  rmse=0.0009642  max_abs_dA=0.001514  int_signed_dA=1.993e-13  int_abs_dA=1.993e-13  A_min=0.0005745  max_dA_fwd=-7.173e-06
  [shape] epoch  41750  rmse=0.0009829  max_abs_dA=0.001536  int_signed_dA=2.044e-13  int_abs_dA=2.044e-13  A_min=0.000601  max_dA_fwd=-7.171e-06
  [shape] epoch  42000  rmse=0.000973  max_abs_dA=0.00153  int_signed_dA=2.009e-13  int_abs_dA=2.009e-13  A_min=0.0005763  max_dA_fwd=-7.168e-06
  [shape] epoch  42250  rmse=0.0009824  max_abs_dA=0.001544  int_signed_dA=2.033e-13  int_abs_dA=2.033e-13  A_min=0.0005797  max_dA_fwd=-7.168e-06
  [shape] epoch  42500  rmse=0.0009632  max_abs_dA=0.001525  int_signed_dA=1.976e-13  int_abs_dA=1.976e-13  A_min=0.0005518  max_dA_fwd=-7.173e-06
  [shape] epoch  42750  rmse=0.0009424  max_abs_dA=0.001506  int_signed_dA=1.911e-13  int_abs_dA=1.915e-13  A_min=0.0005054  max_dA_fwd=-7.181e-06
  [shape] epoch  43000  rmse=0.0009799  max_abs_dA=0.001548  int_signed_dA=2.022e-13  int_abs_dA=2.022e-13  A_min=0.0005724  max_dA_fwd=-7.169e-06
  [shape] epoch  43250  rmse=0.00098  max_abs_dA=0.001554  int_signed_dA=2.015e-13  int_abs_dA=2.015e-13  A_min=0.000554  max_dA_fwd=-7.169e-06
  [shape] epoch  43500  rmse=0.0009724  max_abs_dA=0.001547  int_signed_dA=1.994e-13  int_abs_dA=1.994e-13  A_min=0.0005494  max_dA_fwd=-7.171e-06
  [shape] epoch  43750  rmse=0.00098  max_abs_dA=0.001557  int_signed_dA=2.013e-13  int_abs_dA=2.013e-13  A_min=0.0005591  max_dA_fwd=-7.167e-06
  [shape] epoch  44000  rmse=0.0009831  max_abs_dA=0.001562  int_signed_dA=2.019e-13  int_abs_dA=2.019e-13  A_min=0.0005711  max_dA_fwd=-7.165e-06
  [shape] epoch  44250  rmse=0.000968  max_abs_dA=0.001553  int_signed_dA=1.965e-13  int_abs_dA=1.965e-13  A_min=0.000513  max_dA_fwd=-7.177e-06
  [shape] epoch  44500  rmse=0.0009869  max_abs_dA=0.001575  int_signed_dA=2.023e-13  int_abs_dA=2.023e-13  A_min=0.0005444  max_dA_fwd=-7.165e-06
  [shape] epoch  44750  rmse=0.000976  max_abs_dA=0.001568  int_signed_dA=1.986e-13  int_abs_dA=1.986e-13  A_min=0.0005044  max_dA_fwd=-7.173e-06
  [shape] epoch  45000  rmse=0.0009794  max_abs_dA=0.00157  int_signed_dA=2e-13  int_abs_dA=2e-13  A_min=0.0005346  max_dA_fwd=-7.168e-06
  [shape] epoch  45250  rmse=0.0009887  max_abs_dA=0.001584  int_signed_dA=2.022e-13  int_abs_dA=2.022e-13  A_min=0.0005401  max_dA_fwd=-7.168e-06
  [shape] epoch  45500  rmse=0.0009949  max_abs_dA=0.00159  int_signed_dA=2.042e-13  int_abs_dA=2.042e-13  A_min=0.0005623  max_dA_fwd=-7.156e-06
  [shape] epoch  45750  rmse=0.0009742  max_abs_dA=0.001572  int_signed_dA=1.978e-13  int_abs_dA=1.978e-13  A_min=0.0005064  max_dA_fwd=-7.173e-06
  [shape] epoch  46000  rmse=0.0009957  max_abs_dA=0.001599  int_signed_dA=2.032e-13  int_abs_dA=2.032e-13  A_min=0.0005364  max_dA_fwd=-7.167e-06
  [shape] epoch  46250  rmse=0.0009896  max_abs_dA=0.001593  int_signed_dA=2.016e-13  int_abs_dA=2.016e-13  A_min=0.0005349  max_dA_fwd=-7.168e-06
  [shape] epoch  46500  rmse=0.0009974  max_abs_dA=0.001602  int_signed_dA=2.039e-13  int_abs_dA=2.039e-13  A_min=0.0005503  max_dA_fwd=-7.162e-06
  [shape] epoch  46750  rmse=0.0009666  max_abs_dA=0.001567  int_signed_dA=1.96e-13  int_abs_dA=1.96e-13  A_min=0.0005068  max_dA_fwd=-7.165e-06
  [shape] epoch  47000  rmse=0.0009887  max_abs_dA=0.001601  int_signed_dA=2.005e-13  int_abs_dA=2.005e-13  A_min=0.0005007  max_dA_fwd=-7.174e-06
  [shape] epoch  47250  rmse=0.000984  max_abs_dA=0.001596  int_signed_dA=1.992e-13  int_abs_dA=1.992e-13  A_min=0.0005044  max_dA_fwd=-7.168e-06
  [shape] epoch  47500  rmse=0.0009894  max_abs_dA=0.001602  int_signed_dA=2.006e-13  int_abs_dA=2.006e-13  A_min=0.0005206  max_dA_fwd=-7.167e-06
  [shape] epoch  47750  rmse=0.0009706  max_abs_dA=0.001582  int_signed_dA=1.954e-13  int_abs_dA=1.954e-13  A_min=0.0004935  max_dA_fwd=-7.173e-06
  [shape] epoch  48000  rmse=0.0009855  max_abs_dA=0.001602  int_signed_dA=1.993e-13  int_abs_dA=1.993e-13  A_min=0.0005053  max_dA_fwd=-7.17e-06
  [shape] epoch  48250  rmse=0.0009925  max_abs_dA=0.001612  int_signed_dA=2.009e-13  int_abs_dA=2.009e-13  A_min=0.000506  max_dA_fwd=-7.17e-06
  [shape] epoch  48500  rmse=0.0009915  max_abs_dA=0.001611  int_signed_dA=2.007e-13  int_abs_dA=2.007e-13  A_min=0.0005131  max_dA_fwd=-7.167e-06
  [shape] epoch  48750  rmse=0.0009897  max_abs_dA=0.001613  int_signed_dA=1.996e-13  int_abs_dA=1.996e-13  A_min=0.0004968  max_dA_fwd=-7.172e-06
  [shape] epoch  49000  rmse=0.001012  max_abs_dA=0.001638  int_signed_dA=2.061e-13  int_abs_dA=2.061e-13  A_min=0.0005368  max_dA_fwd=-7.164e-06
  [shape] epoch  49250  rmse=0.0009881  max_abs_dA=0.001616  int_signed_dA=1.981e-13  int_abs_dA=1.981e-13  A_min=0.0004761  max_dA_fwd=-7.174e-06
  [shape] epoch  49500  rmse=0.0009985  max_abs_dA=0.001626  int_signed_dA=2.02e-13  int_abs_dA=2.02e-13  A_min=0.0005102  max_dA_fwd=-7.166e-06
  [shape] epoch  49750  rmse=0.0009858  max_abs_dA=0.001613  int_signed_dA=1.983e-13  int_abs_dA=1.983e-13  A_min=0.0004876  max_dA_fwd=-7.171e-06
  [shape] epoch  50000  rmse=0.0009886  max_abs_dA=0.001619  int_signed_dA=1.986e-13  int_abs_dA=1.986e-13  A_min=0.0004863  max_dA_fwd=-7.172e-06
  [shape] epoch  50250  rmse=0.000993  max_abs_dA=0.001624  int_signed_dA=2.001e-13  int_abs_dA=2.001e-13  A_min=0.0004945  max_dA_fwd=-7.168e-06
  [shape] epoch  50500  rmse=0.0009924  max_abs_dA=0.001625  int_signed_dA=1.995e-13  int_abs_dA=1.995e-13  A_min=0.0004891  max_dA_fwd=-7.171e-06
  [shape] epoch  50750  rmse=0.001022  max_abs_dA=0.001662  int_signed_dA=2.07e-13  int_abs_dA=2.07e-13  A_min=0.0005254  max_dA_fwd=-7.165e-06
  [shape] epoch  51000  rmse=0.0009869  max_abs_dA=0.001622  int_signed_dA=1.975e-13  int_abs_dA=1.975e-13  A_min=0.0004681  max_dA_fwd=-7.174e-06
  [shape] epoch  51250  rmse=0.001005  max_abs_dA=0.00164  int_signed_dA=2.029e-13  int_abs_dA=2.029e-13  A_min=0.0005176  max_dA_fwd=-7.164e-06
  [shape] epoch  51500  rmse=0.0009878  max_abs_dA=0.001625  int_signed_dA=1.976e-13  int_abs_dA=1.976e-13  A_min=0.0004713  max_dA_fwd=-7.174e-06
  [shape] epoch  51750  rmse=0.000994  max_abs_dA=0.001631  int_signed_dA=1.994e-13  int_abs_dA=1.994e-13  A_min=0.0004931  max_dA_fwd=-7.17e-06
  [shape] epoch  52000  rmse=0.001001  max_abs_dA=0.001638  int_signed_dA=2.018e-13  int_abs_dA=2.018e-13  A_min=0.0005048  max_dA_fwd=-7.166e-06
  [shape] epoch  52250  rmse=0.0009946  max_abs_dA=0.001634  int_signed_dA=1.995e-13  int_abs_dA=1.995e-13  A_min=0.0004855  max_dA_fwd=-7.171e-06
  [shape] epoch  52500  rmse=0.0009967  max_abs_dA=0.001638  int_signed_dA=1.999e-13  int_abs_dA=1.999e-13  A_min=0.000486  max_dA_fwd=-7.17e-06
  [shape] epoch  52750  rmse=0.0009964  max_abs_dA=0.001639  int_signed_dA=1.998e-13  int_abs_dA=1.998e-13  A_min=0.0004854  max_dA_fwd=-7.171e-06
  [shape] epoch  53000  rmse=0.0009959  max_abs_dA=0.001639  int_signed_dA=1.995e-13  int_abs_dA=1.995e-13  A_min=0.0004814  max_dA_fwd=-7.171e-06
  [shape] epoch  53250  rmse=0.001002  max_abs_dA=0.001647  int_signed_dA=2.013e-13  int_abs_dA=2.013e-13  A_min=0.0004931  max_dA_fwd=-7.169e-06
  [shape] epoch  53500  rmse=0.001001  max_abs_dA=0.001647  int_signed_dA=2.005e-13  int_abs_dA=2.005e-13  A_min=0.0004837  max_dA_fwd=-7.171e-06
  [shape] epoch  53750  rmse=0.001007  max_abs_dA=0.001653  int_signed_dA=2.026e-13  int_abs_dA=2.026e-13  A_min=0.000504  max_dA_fwd=-7.167e-06
  [shape] epoch  54000  rmse=0.0009974  max_abs_dA=0.001644  int_signed_dA=1.995e-13  int_abs_dA=1.995e-13  A_min=0.0004792  max_dA_fwd=-7.172e-06
  [shape] epoch  54250  rmse=0.0009993  max_abs_dA=0.001647  int_signed_dA=1.999e-13  int_abs_dA=1.999e-13  A_min=0.0004788  max_dA_fwd=-7.173e-06
  [shape] epoch  54500  rmse=0.0009975  max_abs_dA=0.001646  int_signed_dA=1.994e-13  int_abs_dA=1.994e-13  A_min=0.0004734  max_dA_fwd=-7.173e-06
  [shape] epoch  54750  rmse=0.000997  max_abs_dA=0.001646  int_signed_dA=1.992e-13  int_abs_dA=1.992e-13  A_min=0.0004749  max_dA_fwd=-7.173e-06
  [shape] epoch  55000  rmse=0.0009954  max_abs_dA=0.001645  int_signed_dA=1.987e-13  int_abs_dA=1.987e-13  A_min=0.0004713  max_dA_fwd=-7.173e-06
  [shape] epoch  55250  rmse=0.001  max_abs_dA=0.001651  int_signed_dA=1.997e-13  int_abs_dA=1.997e-13  A_min=0.0004787  max_dA_fwd=-7.173e-06
  [shape] epoch  55500  rmse=0.0009988  max_abs_dA=0.00165  int_signed_dA=1.994e-13  int_abs_dA=1.994e-13  A_min=0.0004748  max_dA_fwd=-7.173e-06
  [shape] epoch  55750  rmse=0.0009991  max_abs_dA=0.001652  int_signed_dA=1.993e-13  int_abs_dA=1.993e-13  A_min=0.0004739  max_dA_fwd=-7.173e-06
  [shape] epoch  56000  rmse=0.001  max_abs_dA=0.001654  int_signed_dA=1.995e-13  int_abs_dA=1.995e-13  A_min=0.0004743  max_dA_fwd=-7.173e-06
  [shape] epoch  56250  rmse=0.00101  max_abs_dA=0.001664  int_signed_dA=2.025e-13  int_abs_dA=2.025e-13  A_min=0.0004968  max_dA_fwd=-7.167e-06
  [shape] epoch  56500  rmse=0.001001  max_abs_dA=0.001656  int_signed_dA=1.998e-13  int_abs_dA=1.998e-13  A_min=0.0004726  max_dA_fwd=-7.173e-06
  [shape] epoch  56750  rmse=0.001001  max_abs_dA=0.001656  int_signed_dA=1.995e-13  int_abs_dA=1.995e-13  A_min=0.0004731  max_dA_fwd=-7.173e-06
  [shape] epoch  57000  rmse=0.0009879  max_abs_dA=0.001643  int_signed_dA=1.955e-13  int_abs_dA=1.955e-13  A_min=0.0004425  max_dA_fwd=-7.178e-06
  [shape] epoch  57250  rmse=0.0009991  max_abs_dA=0.001655  int_signed_dA=1.99e-13  int_abs_dA=1.99e-13  A_min=0.0004693  max_dA_fwd=-7.174e-06
  [shape] epoch  57500  rmse=0.001003  max_abs_dA=0.001659  int_signed_dA=2.002e-13  int_abs_dA=2.002e-13  A_min=0.0004749  max_dA_fwd=-7.17e-06
  [shape] epoch  57750  rmse=0.001001  max_abs_dA=0.001658  int_signed_dA=1.992e-13  int_abs_dA=1.992e-13  A_min=0.0004702  max_dA_fwd=-7.173e-06
  [shape] epoch  58000  rmse=0.001005  max_abs_dA=0.001664  int_signed_dA=2.003e-13  int_abs_dA=2.003e-13  A_min=0.000474  max_dA_fwd=-7.173e-06
  [shape] epoch  58250  rmse=0.001005  max_abs_dA=0.001664  int_signed_dA=2.005e-13  int_abs_dA=2.005e-13  A_min=0.0004814  max_dA_fwd=-7.173e-06
  [shape] epoch  58500  rmse=0.000999  max_abs_dA=0.001658  int_signed_dA=1.986e-13  int_abs_dA=1.986e-13  A_min=0.0004646  max_dA_fwd=-7.174e-06
  [shape] epoch  58750  rmse=0.001002  max_abs_dA=0.001661  int_signed_dA=1.996e-13  int_abs_dA=1.996e-13  A_min=0.0004739  max_dA_fwd=-7.172e-06
  [shape] epoch  59000  rmse=0.001  max_abs_dA=0.00166  int_signed_dA=1.988e-13  int_abs_dA=1.988e-13  A_min=0.0004659  max_dA_fwd=-7.173e-06
  [shape] epoch  59250  rmse=0.000999  max_abs_dA=0.001659  int_signed_dA=1.984e-13  int_abs_dA=1.984e-13  A_min=0.0004652  max_dA_fwd=-7.173e-06
  [shape] epoch  59500  rmse=0.001001  max_abs_dA=0.001662  int_signed_dA=1.99e-13  int_abs_dA=1.99e-13  A_min=0.0004671  max_dA_fwd=-7.172e-06
  [shape] epoch  59750  rmse=0.001003  max_abs_dA=0.001665  int_signed_dA=1.993e-13  int_abs_dA=1.993e-13  A_min=0.0004675  max_dA_fwd=-7.173e-06
  [shape] epoch  59999  rmse=0.001014  max_abs_dA=0.001676  int_signed_dA=2.025e-13  int_abs_dA=2.025e-13  A_min=0.0004926  max_dA_fwd=-7.167e-06
[spectral-pn] spn-L0.1-s1: loss 5.816e-03 -> 5.394e-08 (x107825 drop)
[spectral-pn] RMSE=0.0010 max|dA|=0.0017 gamma_eff=2.9842e+10 gamma_ratio=0.9940
[spectral-pn] snapshot=final best_epoch=59999 best_loss=5.394e-08 final_loss=5.394e-08
[spectral-pn-shape] cancel=1.000 int_signed_dA=2.0249e-13 int_abs_dA=2.0253e-13 A_min=4.9264e-04 max_dA_fwd=-7.1670e-06
[spectral-pn] saved: runs/transient/pn_corridor_seedrep_L0.1/seedrep_L0.1_1d_s1
