PINN-BTE Training Log
Run ID: gray1d_20260816_182033
Started: 2026-08-16T18:20:33.922356
======================================================================

[08/16/26 18:20:33] INFO     Logging to:                                        
                             runs/transient/p136_gray_ttg_control/A2_xi4/trainin
                             g_gray1d_20260816_182033.log                       
                    INFO     Logging to:                                        
                             runs/transient/p136_gray_ttg_control/A2_xi4/trainin
                             g_gray1d_20260816_182033.log                       
[08/16/26 18:20:35] INFO     Started W&B run: tr_1d_gray_Kn0.637_eta4.0 ·       
                             gray1d_20260816_182033 (4zmx3ipq)                  
[08/16/26 18:20:35] INFO     Started W&B run: tr_1d_gray_Kn0.637_eta4.0 ·       
                             gray1d_20260816_182033 (4zmx3ipq)                  
╭───────────────────────────── Starting Training ──────────────────────────────╮
│   Mode      Transient1D_Gray                                                 │
│   Epochs    20000                                                            │
│   Device    cuda                                                             │
│   Run ID    gray1d_20260816_182033                                           │
╰──────────────────────────────────────────────────────────────────────────────╯

Transient 1D Gray BTE Training
  η = 4.0, L = 1.571, Lt = 1.75
  Kn = 0.637
  Mesh: Nx=60, Nt=60, Ns=16

      0.2s | Epoch     0 | BTE=4.75e-01 | Flux=8.20e-01 | BC=1.22e+00 | 
IC_n=4.03e-03 | IC_T=8.85e-01 | Total=3.40e+00
      1.9s | Epoch   200 | BTE=4.40e-02 | Flux=7.52e-03 | BC=1.11e-02 | 
IC_n=3.35e-03 | IC_T=2.73e-01 | Total=3.39e-01
      3.5s | Epoch   400 | BTE=3.09e-02 | Flux=3.34e-03 | BC=1.83e-02 | 
IC_n=1.46e-02 | IC_T=1.55e-02 | Total=8.26e-02
      5.1s | Epoch   600 | BTE=1.84e-02 | Flux=1.10e-03 | BC=8.59e-03 | 
IC_n=3.10e-03 | IC_T=3.80e-03 | Total=3.50e-02
      6.6s | Epoch   800 | BTE=1.20e-02 | Flux=5.24e-03 | BC=6.07e-03 | 
IC_n=1.43e-03 | IC_T=1.58e-03 | Total=2.63e-02
      8.2s | Epoch  1000 | BTE=7.58e-03 | Flux=1.92e-03 | BC=2.58e-03 | 
IC_n=1.04e-03 | IC_T=6.25e-04 | Total=1.37e-02
      9.7s | Epoch  1200 | BTE=4.13e-03 | Flux=4.01e-04 | BC=1.61e-03 | 
IC_n=7.90e-04 | IC_T=2.46e-04 | Total=7.17e-03
     11.2s | Epoch  1400 | BTE=2.77e-03 | Flux=3.35e-04 | BC=1.26e-03 | 
IC_n=6.17e-04 | IC_T=1.46e-04 | Total=5.13e-03
     12.7s | Epoch  1600 | BTE=2.08e-03 | Flux=3.62e-04 | BC=1.09e-03 | 
IC_n=4.97e-04 | IC_T=1.05e-04 | Total=4.13e-03
     14.2s | Epoch  1800 | BTE=1.71e-03 | Flux=4.94e-04 | BC=9.66e-04 | 
IC_n=4.18e-04 | IC_T=9.09e-05 | Total=3.68e-03
     15.7s | Epoch  2000 | BTE=1.76e-03 | Flux=8.04e-04 | BC=9.04e-04 | 
IC_n=3.54e-04 | IC_T=9.40e-05 | Total=3.91e-03
     17.3s | Epoch  2200 | BTE=1.21e-03 | Flux=2.56e-04 | BC=7.54e-04 | 
IC_n=3.18e-04 | IC_T=5.34e-05 | Total=2.60e-03
     18.7s | Epoch  2400 | BTE=1.15e-03 | Flux=5.82e-04 | BC=7.42e-04 | 
IC_n=2.86e-04 | IC_T=7.14e-05 | Total=2.84e-03
     20.2s | Epoch  2600 | BTE=1.18e-03 | Flux=8.43e-04 | BC=7.24e-04 | 
IC_n=2.62e-04 | IC_T=7.21e-05 | Total=3.09e-03
     21.7s | Epoch  2800 | BTE=1.15e-03 | Flux=1.31e-03 | BC=7.54e-04 | 
IC_n=2.37e-04 | IC_T=1.08e-04 | Total=3.55e-03
     23.2s | Epoch  3000 | BTE=7.94e-04 | Flux=2.10e-04 | BC=5.45e-04 | 
IC_n=2.12e-04 | IC_T=4.09e-05 | Total=1.80e-03
     24.7s | Epoch  3200 | BTE=7.20e-04 | Flux=1.13e-04 | BC=4.88e-04 | 
IC_n=1.95e-04 | IC_T=2.96e-05 | Total=1.55e-03
     26.2s | Epoch  3400 | BTE=1.11e-03 | Flux=1.45e-03 | BC=6.34e-04 | 
IC_n=1.76e-04 | IC_T=9.50e-05 | Total=3.46e-03
     27.7s | Epoch  3600 | BTE=6.23e-04 | Flux=1.46e-04 | BC=4.37e-04 | 
IC_n=1.62e-04 | IC_T=2.86e-05 | Total=1.40e-03
     29.1s | Epoch  3800 | BTE=7.00e-04 | Flux=5.00e-04 | BC=4.35e-04 | 
IC_n=1.48e-04 | IC_T=4.99e-05 | Total=1.83e-03
     30.6s | Epoch  4000 | BTE=5.57e-04 | Flux=1.67e-04 | BC=3.92e-04 | 
IC_n=1.38e-04 | IC_T=2.82e-05 | Total=1.28e-03
     32.1s | Epoch  4200 | BTE=5.49e-04 | Flux=2.38e-04 | BC=3.87e-04 | 
IC_n=1.24e-04 | IC_T=3.15e-05 | Total=1.33e-03
     33.5s | Epoch  4400 | BTE=5.97e-04 | Flux=4.44e-04 | BC=3.83e-04 | 
IC_n=1.12e-04 | IC_T=4.76e-05 | Total=1.58e-03
     35.0s | Epoch  4600 | BTE=7.85e-04 | Flux=5.38e-04 | BC=3.89e-04 | 
IC_n=1.05e-04 | IC_T=2.78e-05 | Total=1.85e-03
     36.5s | Epoch  4800 | BTE=6.57e-04 | Flux=1.06e-03 | BC=3.46e-04 | 
IC_n=9.64e-05 | IC_T=7.55e-05 | Total=2.23e-03
     38.0s | Epoch  5000 | BTE=6.68e-04 | Flux=1.02e-03 | BC=2.91e-04 | 
IC_n=8.83e-05 | IC_T=6.82e-05 | Total=2.14e-03
     39.5s | Epoch  5200 | BTE=4.98e-04 | Flux=5.48e-04 | BC=2.76e-04 | 
IC_n=8.15e-05 | IC_T=3.99e-05 | Total=1.44e-03
     41.0s | Epoch  5400 | BTE=4.72e-04 | Flux=4.36e-04 | BC=3.03e-04 | 
IC_n=7.30e-05 | IC_T=3.95e-05 | Total=1.32e-03
     42.5s | Epoch  5600 | BTE=3.39e-04 | Flux=6.99e-05 | BC=2.32e-04 | 
IC_n=6.96e-05 | IC_T=1.72e-05 | Total=7.28e-04
     43.9s | Epoch  5800 | BTE=3.80e-04 | Flux=1.88e-04 | BC=2.34e-04 | 
IC_n=6.35e-05 | IC_T=2.54e-05 | Total=8.90e-04
     45.4s | Epoch  6000 | BTE=8.70e-04 | Flux=1.92e-03 | BC=4.39e-04 | 
IC_n=6.10e-05 | IC_T=1.11e-04 | Total=3.40e-03
     46.9s | Epoch  6200 | BTE=4.05e-04 | Flux=3.69e-04 | BC=2.14e-04 | 
IC_n=5.44e-05 | IC_T=3.08e-05 | Total=1.07e-03
     48.3s | Epoch  6400 | BTE=3.89e-04 | Flux=4.31e-04 | BC=2.07e-04 | 
IC_n=5.08e-05 | IC_T=3.35e-05 | Total=1.11e-03
     49.8s | Epoch  6600 | BTE=6.06e-04 | Flux=1.15e-03 | BC=3.15e-04 | 
IC_n=4.79e-05 | IC_T=7.45e-05 | Total=2.20e-03
     51.3s | Epoch  6800 | BTE=3.71e-04 | Flux=4.21e-04 | BC=2.29e-04 | 
IC_n=4.41e-05 | IC_T=3.51e-05 | Total=1.10e-03
     52.7s | Epoch  7000 | BTE=4.10e-04 | Flux=3.43e-04 | BC=1.85e-04 | 
IC_n=4.25e-05 | IC_T=1.57e-05 | Total=9.96e-04
     54.2s | Epoch  7200 | BTE=3.53e-04 | Flux=4.61e-04 | BC=1.73e-04 | 
IC_n=3.92e-05 | IC_T=3.07e-05 | Total=1.06e-03
     55.7s | Epoch  7400 | BTE=3.16e-04 | Flux=2.79e-04 | BC=1.54e-04 | 
IC_n=3.73e-05 | IC_T=1.96e-05 | Total=8.07e-04
     57.2s | Epoch  7600 | BTE=2.77e-04 | Flux=2.61e-04 | BC=1.34e-04 | 
IC_n=3.46e-05 | IC_T=1.67e-05 | Total=7.23e-04
     58.7s | Epoch  7800 | BTE=2.47e-04 | Flux=1.76e-04 | BC=1.55e-04 | 
IC_n=3.25e-05 | IC_T=1.53e-05 | Total=6.26e-04
     60.2s | Epoch  8000 | BTE=2.16e-04 | Flux=1.09e-04 | BC=1.32e-04 | 
IC_n=3.15e-05 | IC_T=1.01e-05 | Total=4.98e-04
     61.7s | Epoch  8200 | BTE=1.98e-04 | Flux=6.47e-05 | BC=1.14e-04 | 
IC_n=2.99e-05 | IC_T=9.23e-06 | Total=4.16e-04
     63.2s | Epoch  8400 | BTE=2.87e-04 | Flux=3.52e-04 | BC=1.20e-04 | 
IC_n=2.87e-05 | IC_T=1.15e-05 | Total=8.00e-04
     64.6s | Epoch  8600 | BTE=2.45e-04 | Flux=2.07e-04 | BC=1.11e-04 | 
IC_n=2.72e-05 | IC_T=1.20e-05 | Total=6.03e-04
     66.1s | Epoch  8800 | BTE=3.59e-04 | Flux=4.45e-04 | BC=1.70e-04 | 
IC_n=2.70e-05 | IC_T=2.55e-05 | Total=1.03e-03
     67.6s | Epoch  9000 | BTE=2.55e-04 | Flux=3.37e-04 | BC=1.50e-04 | 
IC_n=2.51e-05 | IC_T=2.22e-05 | Total=7.89e-04
     69.1s | Epoch  9200 | BTE=2.08e-04 | Flux=1.40e-04 | BC=9.90e-05 | 
IC_n=2.39e-05 | IC_T=1.04e-05 | Total=4.82e-04
     70.6s | Epoch  9400 | BTE=1.64e-04 | Flux=5.05e-05 | BC=9.02e-05 | 
IC_n=2.27e-05 | IC_T=6.18e-06 | Total=3.34e-04
     72.1s | Epoch  9600 | BTE=7.65e-04 | Flux=2.03e-03 | BC=2.97e-04 | 
IC_n=2.27e-05 | IC_T=1.03e-04 | Total=3.22e-03
     73.6s | Epoch  9800 | BTE=7.07e-04 | Flux=1.97e-03 | BC=2.46e-04 | 
IC_n=2.20e-05 | IC_T=9.64e-05 | Total=3.04e-03
     75.0s | Epoch 10000 | BTE=1.56e-04 | Flux=5.85e-05 | BC=8.28e-05 | 
IC_n=2.02e-05 | IC_T=5.63e-06 | Total=3.23e-04
     76.5s | Epoch 10200 | BTE=2.36e-04 | Flux=3.37e-04 | BC=9.73e-05 | 
IC_n=2.00e-05 | IC_T=1.23e-05 | Total=7.03e-04
     78.0s | Epoch 10400 | BTE=1.83e-04 | Flux=1.81e-04 | BC=7.93e-05 | 
IC_n=1.90e-05 | IC_T=1.15e-05 | Total=4.74e-04
     79.5s | Epoch 10600 | BTE=1.37e-04 | Flux=4.98e-05 | BC=7.52e-05 | 
IC_n=1.84e-05 | IC_T=4.56e-06 | Total=2.85e-04
     81.0s | Epoch 10800 | BTE=6.59e-04 | Flux=9.52e-04 | BC=1.90e-04 | 
IC_n=2.09e-05 | IC_T=1.44e-05 | Total=1.84e-03
     82.5s | Epoch 11000 | BTE=6.01e-04 | Flux=1.68e-03 | BC=2.70e-04 | 
IC_n=1.81e-05 | IC_T=8.07e-05 | Total=2.65e-03
     84.0s | Epoch 11200 | BTE=1.53e-04 | Flux=9.42e-05 | BC=7.23e-05 | 
IC_n=1.69e-05 | IC_T=5.25e-06 | Total=3.42e-04
     85.4s | Epoch 11400 | BTE=2.20e-04 | Flux=3.70e-04 | BC=7.45e-05 | 
IC_n=1.71e-05 | IC_T=1.58e-05 | Total=6.97e-04
     86.9s | Epoch 11600 | BTE=1.98e-04 | Flux=2.96e-04 | BC=7.42e-05 | 
IC_n=1.61e-05 | IC_T=1.57e-05 | Total=6.00e-04
     88.4s | Epoch 11800 | BTE=1.53e-04 | Flux=1.29e-04 | BC=6.05e-05 | 
IC_n=1.55e-05 | IC_T=3.99e-06 | Total=3.62e-04
     89.9s | Epoch 12000 | BTE=1.81e-04 | Flux=1.33e-04 | BC=6.93e-05 | 
IC_n=1.56e-05 | IC_T=3.69e-06 | Total=4.03e-04
     91.4s | Epoch 12200 | BTE=2.29e-04 | Flux=4.47e-04 | BC=1.34e-04 | 
IC_n=1.52e-05 | IC_T=2.72e-05 | Total=8.52e-04
     92.9s | Epoch 12400 | BTE=4.39e-04 | Flux=8.40e-04 | BC=1.15e-04 | 
IC_n=1.60e-05 | IC_T=1.91e-05 | Total=1.43e-03
     94.3s | Epoch 12600 | BTE=1.35e-04 | Flux=8.16e-05 | BC=5.67e-05 | 
IC_n=1.41e-05 | IC_T=2.93e-06 | Total=2.90e-04
     95.8s | Epoch 12800 | BTE=1.02e-04 | Flux=2.81e-05 | BC=5.06e-05 | 
IC_n=1.37e-05 | IC_T=2.62e-06 | Total=1.97e-04
     97.3s | Epoch 13000 | BTE=2.09e-04 | Flux=2.31e-04 | BC=7.27e-05 | 
IC_n=1.40e-05 | IC_T=5.42e-06 | Total=5.32e-04
     98.7s | Epoch 13200 | BTE=1.13e-04 | Flux=4.46e-05 | BC=5.27e-05 | 
IC_n=1.31e-05 | IC_T=2.31e-06 | Total=2.26e-04
    100.2s | Epoch 13400 | BTE=1.51e-04 | Flux=2.18e-04 | BC=5.25e-05 | 
IC_n=1.31e-05 | IC_T=8.63e-06 | Total=4.43e-04
    101.6s | Epoch 13600 | BTE=2.19e-04 | Flux=2.60e-04 | BC=8.02e-05 | 
IC_n=1.29e-05 | IC_T=4.17e-06 | Total=5.76e-04
    103.1s | Epoch 13800 | BTE=1.31e-04 | Flux=8.11e-05 | BC=5.37e-05 | 
IC_n=1.28e-05 | IC_T=2.53e-06 | Total=2.82e-04
    104.6s | Epoch 14000 | BTE=2.43e-04 | Flux=4.37e-04 | BC=9.31e-05 | 
IC_n=1.25e-05 | IC_T=2.10e-05 | Total=8.06e-04
    106.0s | Epoch 14200 | BTE=1.59e-04 | Flux=1.91e-04 | BC=7.41e-05 | 
IC_n=1.18e-05 | IC_T=3.02e-06 | Total=4.38e-04
    107.5s | Epoch 14400 | BTE=2.46e-04 | Flux=4.60e-04 | BC=9.53e-05 | 
IC_n=1.16e-05 | IC_T=2.05e-05 | Total=8.33e-04
    109.0s | Epoch 14600 | BTE=3.70e-04 | Flux=7.72e-04 | BC=1.80e-04 | 
IC_n=1.22e-05 | IC_T=3.15e-05 | Total=1.37e-03
    110.4s | Epoch 14800 | BTE=9.20e-05 | Flux=5.12e-05 | BC=4.83e-05 | 
IC_n=1.11e-05 | IC_T=2.74e-06 | Total=2.05e-04
    111.9s | Epoch 15000 | BTE=9.73e-05 | Flux=8.79e-05 | BC=4.16e-05 | 
IC_n=1.12e-05 | IC_T=3.52e-06 | Total=2.42e-04
    113.4s | Epoch 15200 | BTE=9.90e-05 | Flux=5.69e-05 | BC=4.66e-05 | 
IC_n=1.08e-05 | IC_T=2.55e-06 | Total=2.16e-04
    114.9s | Epoch 15400 | BTE=3.29e-04 | Flux=6.84e-04 | BC=1.07e-04 | 
IC_n=1.37e-05 | IC_T=1.34e-05 | Total=1.15e-03
    116.4s | Epoch 15600 | BTE=3.85e-04 | Flux=7.71e-04 | BC=1.72e-04 | 
IC_n=1.15e-05 | IC_T=2.91e-05 | Total=1.37e-03
    117.8s | Epoch 15800 | BTE=1.04e-04 | Flux=1.08e-04 | BC=5.33e-05 | 
IC_n=1.08e-05 | IC_T=5.49e-06 | Total=2.81e-04
    119.3s | Epoch 16000 | BTE=1.06e-04 | Flux=9.41e-05 | BC=4.81e-05 | 
IC_n=1.09e-05 | IC_T=4.33e-06 | Total=2.64e-04
    120.8s | Epoch 16200 | BTE=7.52e-05 | Flux=2.93e-05 | BC=3.63e-05 | 
IC_n=9.84e-06 | IC_T=1.73e-06 | Total=1.52e-04
    122.3s | Epoch 16400 | BTE=7.00e-05 | Flux=1.90e-05 | BC=3.47e-05 | 
IC_n=9.69e-06 | IC_T=1.22e-06 | Total=1.35e-04
    123.8s | Epoch 16600 | BTE=1.75e-04 | Flux=2.61e-04 | BC=6.31e-05 | 
IC_n=1.07e-05 | IC_T=5.09e-06 | Total=5.15e-04
    125.3s | Epoch 16800 | BTE=1.09e-04 | Flux=9.06e-05 | BC=4.68e-05 | 
IC_n=9.98e-06 | IC_T=2.52e-06 | Total=2.59e-04
    126.8s | Epoch 17000 | BTE=1.54e-04 | Flux=2.59e-04 | BC=8.60e-05 | 
IC_n=9.82e-06 | IC_T=1.01e-05 | Total=5.19e-04
    128.3s | Epoch 17200 | BTE=1.13e-04 | Flux=1.34e-04 | BC=5.59e-05 | 
IC_n=9.12e-06 | IC_T=4.76e-06 | Total=3.16e-04
    129.7s | Epoch 17400 | BTE=1.22e-04 | Flux=1.77e-04 | BC=5.15e-05 | 
IC_n=9.65e-06 | IC_T=4.98e-06 | Total=3.65e-04
    131.2s | Epoch 17600 | BTE=8.58e-05 | Flux=8.37e-05 | BC=3.93e-05 | 
IC_n=8.84e-06 | IC_T=3.89e-06 | Total=2.22e-04
    132.7s | Epoch 17800 | BTE=9.72e-05 | Flux=6.90e-05 | BC=4.01e-05 | 
IC_n=9.49e-06 | IC_T=1.30e-06 | Total=2.17e-04
    134.2s | Epoch 18000 | BTE=1.00e-04 | Flux=1.33e-04 | BC=3.28e-05 | 
IC_n=8.71e-06 | IC_T=3.03e-06 | Total=2.77e-04
    135.7s | Epoch 18200 | BTE=6.59e-05 | Flux=3.34e-05 | BC=3.25e-05 | 
IC_n=8.59e-06 | IC_T=1.08e-06 | Total=1.41e-04
    137.2s | Epoch 18400 | BTE=5.70e-05 | Flux=1.01e-05 | BC=2.87e-05 | 
IC_n=8.37e-06 | IC_T=8.26e-07 | Total=1.05e-04
    138.7s | Epoch 18600 | BTE=1.40e-04 | Flux=2.87e-04 | BC=4.48e-05 | 
IC_n=8.90e-06 | IC_T=9.03e-06 | Total=4.89e-04
    140.2s | Epoch 18800 | BTE=1.43e-04 | Flux=1.65e-04 | BC=4.59e-05 | 
IC_n=9.98e-06 | IC_T=2.42e-06 | Total=3.67e-04
    141.7s | Epoch 19000 | BTE=3.18e-04 | Flux=6.82e-04 | BC=1.68e-04 | 
IC_n=9.69e-06 | IC_T=2.02e-05 | Total=1.20e-03
    143.2s | Epoch 19200 | BTE=9.54e-05 | Flux=1.39e-04 | BC=4.40e-05 | 
IC_n=7.89e-06 | IC_T=6.28e-06 | Total=2.93e-04
    144.7s | Epoch 19400 | BTE=1.59e-04 | Flux=1.82e-04 | BC=5.41e-05 | 
IC_n=8.81e-06 | IC_T=2.86e-06 | Total=4.07e-04
    146.1s | Epoch 19600 | BTE=5.39e-05 | Flux=1.44e-05 | BC=2.69e-05 | 
IC_n=7.86e-06 | IC_T=7.86e-07 | Total=1.04e-04
    147.6s | Epoch 19800 | BTE=7.78e-05 | Flux=9.58e-05 | BC=3.14e-05 | 
IC_n=8.83e-06 | IC_T=2.12e-06 | Total=2.16e-04
╭───────────────────────────── Training Complete ──────────────────────────────╮
│   Time      149.10s                                                          │
│   Output    runs/transient/p136_gray_ttg_control/A2_xi4                      │
│   Saved     model0_gray1d_20260816_182033.pt                                 │
│   Saved     model1_gray1d_20260816_182033.pt                                 │
╰──────────────────────────────────────────────────────────────────────────────╯
