[spectral-pn] case: L=0.1 um, Nk=20, L_max=8, run=20260817_124844
[spectral-pn] window t_end=2.335e-10 s (34.9 tau_ref), gamma_dom=2.9978e+10 Hz
[spectral-pn] window mode=n_decay rule=n_decay (t_1% at 0.01*A0: nan s; n_dec=7/gamma_dom: 2.3350e-10 s)
  epoch      0  residual 3.568e-03
  epoch    250  residual 5.290e-05
  epoch    500  residual 1.403e-05
  epoch    750  residual 9.014e-06
  epoch   1000  residual 6.020e-06
  epoch   1250  residual 4.424e-06
  epoch   1500  residual 3.465e-06
  epoch   1750  residual 2.841e-06
  epoch   2000  residual 2.689e-06
  epoch   2250  residual 2.086e-06
  epoch   2500  residual 2.204e-06
  epoch   2750  residual 1.647e-06
  epoch   3000  residual 1.516e-06
  epoch   3250  residual 1.352e-06
  epoch   3500  residual 1.267e-06
  epoch   3750  residual 1.188e-06
  epoch   4000  residual 3.554e-06
  epoch   4250  residual 1.200e-06
  epoch   4500  residual 1.179e-06
  epoch   4750  residual 8.846e-07
  epoch   5000  residual 8.236e-07
  epoch   5250  residual 7.840e-07
  epoch   5500  residual 1.051e-06
  epoch   5750  residual 8.567e-07
  epoch   6000  residual 6.815e-07
  epoch   6250  residual 8.167e-07
  epoch   6500  residual 6.401e-07
  epoch   6750  residual 6.138e-07
  epoch   7000  residual 1.597e-06
  epoch   7250  residual 8.496e-07
  epoch   7500  residual 5.343e-07
  epoch   7750  residual 6.391e-07
  epoch   8000  residual 5.579e-07
  epoch   8250  residual 5.207e-07
  epoch   8500  residual 4.778e-07
  epoch   8750  residual 4.463e-07
  epoch   9000  residual 7.394e-07
  epoch   9250  residual 4.833e-07
  epoch   9500  residual 1.072e-06
  epoch   9750  residual 7.689e-07
  epoch  10000  residual 5.530e-07
  epoch  10250  residual 3.734e-07
  epoch  10500  residual 3.614e-07
  epoch  10750  residual 5.121e-07
  epoch  11000  residual 3.989e-07
  epoch  11250  residual 4.875e-07
  epoch  11500  residual 3.338e-07
  epoch  11750  residual 4.431e-07
  epoch  12000  residual 3.113e-07
  epoch  12250  residual 3.131e-07
  epoch  12500  residual 3.712e-07
  epoch  12750  residual 5.540e-07
  epoch  13000  residual 4.294e-07
  epoch  13250  residual 2.746e-07
  epoch  13500  residual 4.865e-07
  epoch  13750  residual 2.676e-07
  epoch  14000  residual 2.709e-07
  epoch  14250  residual 3.799e-07
  epoch  14500  residual 2.418e-07
  epoch  14750  residual 3.962e-07
  epoch  15000  residual 2.261e-07
  epoch  15250  residual 2.539e-07
  epoch  15500  residual 2.351e-07
  epoch  15750  residual 6.698e-07
  epoch  16000  residual 2.183e-07
  epoch  16250  residual 4.519e-07
  epoch  16500  residual 2.391e-07
  epoch  16750  residual 3.237e-07
  epoch  17000  residual 3.663e-07
  epoch  17250  residual 2.965e-07
  epoch  17500  residual 2.882e-07
  epoch  17750  residual 1.860e-07
  epoch  18000  residual 1.871e-07
  epoch  18250  residual 2.826e-07
  epoch  18500  residual 1.959e-07
  epoch  18750  residual 1.822e-07
  epoch  19000  residual 4.854e-07
  epoch  19250  residual 1.951e-07
  epoch  19500  residual 1.665e-07
  epoch  19750  residual 1.557e-07
  epoch  20000  residual 2.662e-07
  epoch  20250  residual 1.689e-07
  epoch  20500  residual 1.893e-07
  epoch  20750  residual 1.649e-07
  epoch  21000  residual 2.810e-07
  epoch  21250  residual 1.774e-07
  epoch  21500  residual 1.771e-07
  epoch  21750  residual 1.288e-07
  epoch  22000  residual 1.701e-07
  epoch  22250  residual 3.131e-07
  epoch  22500  residual 1.437e-07
  epoch  22750  residual 2.268e-07
  epoch  23000  residual 1.860e-07
  epoch  23250  residual 1.465e-07
  epoch  23500  residual 1.162e-07
  epoch  23750  residual 1.148e-07
  epoch  24000  residual 2.321e-07
  epoch  24250  residual 1.260e-07
  epoch  24500  residual 1.923e-07
  epoch  24750  residual 1.275e-07
  epoch  25000  residual 1.402e-07
  epoch  25250  residual 1.470e-07
  epoch  25500  residual 1.574e-07
  epoch  25750  residual 1.843e-07
  epoch  26000  residual 1.375e-07
  epoch  26250  residual 1.377e-07
  epoch  26500  residual 1.813e-07
  epoch  26750  residual 1.029e-07
  epoch  27000  residual 1.121e-07
  epoch  27250  residual 1.627e-07
  epoch  27500  residual 9.578e-08
  epoch  27750  residual 1.610e-07
  epoch  28000  residual 1.320e-07
  epoch  28250  residual 1.085e-07
  epoch  28500  residual 9.822e-08
  epoch  28750  residual 9.469e-08
  epoch  29000  residual 2.000e-07
  epoch  29250  residual 9.160e-08
  epoch  29500  residual 9.641e-08
  epoch  29750  residual 8.708e-08
  epoch  30000  residual 1.029e-07
  epoch  30250  residual 1.228e-07
  epoch  30500  residual 1.133e-07
  epoch  30750  residual 8.335e-08
  epoch  31000  residual 8.292e-08
  epoch  31250  residual 9.146e-08
  epoch  31500  residual 8.566e-08
  epoch  31750  residual 9.976e-08
  epoch  32000  residual 1.506e-07
  epoch  32250  residual 8.498e-08
  epoch  32500  residual 8.212e-08
  epoch  32750  residual 7.609e-08
  epoch  33000  residual 8.304e-08
  epoch  33250  residual 8.729e-08
  epoch  33500  residual 1.154e-07
  epoch  33750  residual 7.457e-08
  epoch  34000  residual 7.399e-08
  epoch  34250  residual 1.225e-07
  epoch  34500  residual 7.242e-08
  epoch  34750  residual 6.967e-08
  epoch  35000  residual 9.270e-08
  epoch  35250  residual 8.992e-08
  epoch  35500  residual 8.268e-08
  epoch  35750  residual 6.933e-08
  epoch  36000  residual 6.933e-08
  epoch  36250  residual 8.480e-08
  epoch  36500  residual 6.707e-08
  epoch  36750  residual 7.297e-08
  epoch  37000  residual 6.640e-08
  epoch  37250  residual 6.856e-08
  epoch  37500  residual 6.792e-08
  epoch  37750  residual 8.349e-08
  epoch  38000  residual 1.120e-07
  epoch  38250  residual 7.315e-08
  epoch  38500  residual 6.277e-08
  epoch  38750  residual 8.676e-08
  epoch  39000  residual 6.552e-08
  epoch  39250  residual 6.153e-08
  epoch  39500  residual 6.072e-08
  epoch  39750  residual 6.143e-08
  epoch  40000  residual 6.190e-08
  epoch  40250  residual 6.214e-08
  epoch  40500  residual 6.730e-08
  epoch  40750  residual 6.311e-08
  epoch  41000  residual 6.710e-08
  epoch  41250  residual 6.316e-08
  epoch  41500  residual 8.636e-08
  epoch  41750  residual 6.351e-08
  epoch  42000  residual 5.803e-08
  epoch  42250  residual 5.890e-08
  epoch  42500  residual 6.524e-08
  epoch  42750  residual 6.367e-08
  epoch  43000  residual 5.834e-08
  epoch  43250  residual 6.328e-08
  epoch  43500  residual 5.549e-08
  epoch  43750  residual 5.567e-08
  epoch  44000  residual 5.805e-08
  epoch  44250  residual 5.438e-08
  epoch  44500  residual 5.618e-08
  epoch  44750  residual 6.234e-08
  epoch  45000  residual 5.341e-08
  epoch  45250  residual 5.358e-08
  epoch  45500  residual 5.313e-08
  epoch  45750  residual 6.738e-08
  epoch  46000  residual 5.235e-08
  epoch  46250  residual 5.295e-08
  epoch  46500  residual 5.152e-08
  epoch  46750  residual 5.226e-08
  epoch  47000  residual 5.264e-08
  epoch  47250  residual 5.655e-08
  epoch  47500  residual 5.294e-08
  epoch  47750  residual 5.281e-08
  epoch  48000  residual 5.057e-08
  epoch  48250  residual 5.036e-08
  epoch  48500  residual 5.038e-08
  epoch  48750  residual 5.135e-08
  epoch  49000  residual 5.053e-08
  epoch  49250  residual 4.988e-08
  epoch  49500  residual 4.913e-08
  epoch  49750  residual 5.085e-08
  epoch  50000  residual 5.335e-08
  epoch  50250  residual 4.892e-08
  epoch  50500  residual 4.863e-08
  epoch  50750  residual 4.850e-08
  epoch  51000  residual 4.846e-08
  epoch  51250  residual 4.780e-08
  epoch  51500  residual 4.906e-08
  epoch  51750  residual 4.724e-08
  epoch  52000  residual 4.765e-08
  epoch  52250  residual 4.762e-08
  epoch  52500  residual 4.812e-08
  epoch  52750  residual 4.669e-08
  epoch  53000  residual 4.644e-08
  epoch  53250  residual 4.744e-08
  epoch  53500  residual 4.614e-08
  epoch  53750  residual 4.630e-08
  epoch  54000  residual 4.591e-08
  epoch  54250  residual 4.568e-08
  epoch  54500  residual 4.578e-08
  epoch  54750  residual 4.541e-08
  epoch  55000  residual 4.526e-08
  epoch  55250  residual 4.511e-08
  epoch  55500  residual 4.674e-08
  epoch  55750  residual 4.508e-08
  epoch  56000  residual 4.474e-08
  epoch  56250  residual 4.462e-08
  epoch  56500  residual 4.463e-08
  epoch  56750  residual 4.451e-08
  epoch  57000  residual 4.474e-08
  epoch  57250  residual 4.412e-08
  epoch  57500  residual 4.400e-08
  epoch  57750  residual 4.487e-08
  epoch  58000  residual 4.379e-08
  epoch  58250  residual 4.368e-08
  epoch  58500  residual 4.407e-08
  epoch  58750  residual 4.344e-08
  epoch  59000  residual 4.332e-08
  epoch  59250  residual 4.331e-08
  epoch  59500  residual 4.340e-08
  epoch  59750  residual 4.309e-08
  epoch  59999  residual 4.296e-08
  [gamma] epoch      0  gamma_ratio 0.6785  residual 3.568e-03
  [gamma] epoch    250  gamma_ratio 0.8435  residual 5.290e-05
  [gamma] epoch    500  gamma_ratio 0.9204  residual 1.403e-05
  [gamma] epoch    750  gamma_ratio 0.9485  residual 9.014e-06
  [gamma] epoch   1000  gamma_ratio 0.9598  residual 6.020e-06
  [gamma] epoch   1250  gamma_ratio 0.9701  residual 4.424e-06
  [gamma] epoch   1500  gamma_ratio 0.9758  residual 3.465e-06
  [gamma] epoch   1750  gamma_ratio 0.9806  residual 2.841e-06
  [gamma] epoch   2000  gamma_ratio 0.9833  residual 2.689e-06
  [gamma] epoch   2250  gamma_ratio 0.9846  residual 2.086e-06
  [gamma] epoch   2500  gamma_ratio 0.9984  residual 2.204e-06
  [gamma] epoch   2750  gamma_ratio 0.9860  residual 1.647e-06
  [gamma] epoch   3000  gamma_ratio 0.9865  residual 1.516e-06
  [gamma] epoch   3250  gamma_ratio 0.9865  residual 1.352e-06
  [gamma] epoch   3500  gamma_ratio 0.9869  residual 1.267e-06
  [gamma] epoch   3750  gamma_ratio 0.9866  residual 1.188e-06
  [gamma] epoch   4000  gamma_ratio 0.9868  residual 3.554e-06
  [gamma] epoch   4250  gamma_ratio 0.9831  residual 1.200e-06
  [gamma] epoch   4500  gamma_ratio 0.9871  residual 1.179e-06
  [gamma] epoch   4750  gamma_ratio 0.9877  residual 8.846e-07
  [gamma] epoch   5000  gamma_ratio 0.9892  residual 8.236e-07
  [gamma] epoch   5250  gamma_ratio 0.9898  residual 7.840e-07
  [gamma] epoch   5500  gamma_ratio 0.9903  residual 1.051e-06
  [gamma] epoch   5750  gamma_ratio 0.9905  residual 8.567e-07
  [gamma] epoch   6000  gamma_ratio 0.9901  residual 6.815e-07
  [gamma] epoch   6250  gamma_ratio 0.9890  residual 8.167e-07
  [gamma] epoch   6500  gamma_ratio 0.9899  residual 6.401e-07
  [gamma] epoch   6750  gamma_ratio 0.9902  residual 6.138e-07
  [gamma] epoch   7000  gamma_ratio 0.9939  residual 1.597e-06
  [gamma] epoch   7250  gamma_ratio 0.9882  residual 8.496e-07
  [gamma] epoch   7500  gamma_ratio 0.9910  residual 5.343e-07
  [gamma] epoch   7750  gamma_ratio 0.9914  residual 6.391e-07
  [gamma] epoch   8000  gamma_ratio 0.9922  residual 5.579e-07
  [gamma] epoch   8250  gamma_ratio 0.9901  residual 5.207e-07
  [gamma] epoch   8500  gamma_ratio 0.9912  residual 4.778e-07
  [gamma] epoch   8750  gamma_ratio 0.9908  residual 4.463e-07
  [gamma] epoch   9000  gamma_ratio 0.9943  residual 7.394e-07
  [gamma] epoch   9250  gamma_ratio 0.9914  residual 4.833e-07
  [gamma] epoch   9500  gamma_ratio 0.9905  residual 1.072e-06
  [gamma] epoch   9750  gamma_ratio 0.9934  residual 7.689e-07
  [gamma] epoch  10000  gamma_ratio 0.9900  residual 5.530e-07
  [gamma] epoch  10250  gamma_ratio 0.9920  residual 3.734e-07
  [gamma] epoch  10500  gamma_ratio 0.9919  residual 3.614e-07
  [gamma] epoch  10750  gamma_ratio 0.9929  residual 5.121e-07
  [gamma] epoch  11000  gamma_ratio 0.9934  residual 3.989e-07
  [gamma] epoch  11250  gamma_ratio 0.9891  residual 4.875e-07
  [gamma] epoch  11500  gamma_ratio 0.9917  residual 3.338e-07
  [gamma] epoch  11750  gamma_ratio 0.9917  residual 4.431e-07
  [gamma] epoch  12000  gamma_ratio 0.9925  residual 3.113e-07
  [gamma] epoch  12250  gamma_ratio 0.9925  residual 3.131e-07
  [gamma] epoch  12500  gamma_ratio 0.9928  residual 3.712e-07
  [gamma] epoch  12750  gamma_ratio 0.9951  residual 5.540e-07
  [gamma] epoch  13000  gamma_ratio 0.9955  residual 4.294e-07
  [gamma] epoch  13250  gamma_ratio 0.9932  residual 2.746e-07
  [gamma] epoch  13500  gamma_ratio 0.9958  residual 4.865e-07
  [gamma] epoch  13750  gamma_ratio 0.9929  residual 2.676e-07
  [gamma] epoch  14000  gamma_ratio 0.9934  residual 2.709e-07
  [gamma] epoch  14250  gamma_ratio 0.9936  residual 3.799e-07
  [gamma] epoch  14500  gamma_ratio 0.9929  residual 2.418e-07
  [gamma] epoch  14750  gamma_ratio 0.9942  residual 3.962e-07
  [gamma] epoch  15000  gamma_ratio 0.9930  residual 2.261e-07
  [gamma] epoch  15250  gamma_ratio 0.9931  residual 2.539e-07
  [gamma] epoch  15500  gamma_ratio 0.9930  residual 2.351e-07
  [gamma] epoch  15750  gamma_ratio 0.9957  residual 6.698e-07
  [gamma] epoch  16000  gamma_ratio 0.9935  residual 2.183e-07
  [gamma] epoch  16250  gamma_ratio 0.9951  residual 4.519e-07
  [gamma] epoch  16500  gamma_ratio 0.9942  residual 2.391e-07
  [gamma] epoch  16750  gamma_ratio 0.9928  residual 3.237e-07
  [gamma] epoch  17000  gamma_ratio 0.9930  residual 3.663e-07
  [gamma] epoch  17250  gamma_ratio 0.9914  residual 2.965e-07
  [gamma] epoch  17500  gamma_ratio 0.9941  residual 2.882e-07
  [gamma] epoch  17750  gamma_ratio 0.9940  residual 1.860e-07
  [gamma] epoch  18000  gamma_ratio 0.9939  residual 1.871e-07
  [gamma] epoch  18250  gamma_ratio 0.9943  residual 2.826e-07
  [gamma] epoch  18500  gamma_ratio 0.9940  residual 1.959e-07
  [gamma] epoch  18750  gamma_ratio 0.9933  residual 1.822e-07
  [gamma] epoch  19000  gamma_ratio 0.9930  residual 4.854e-07
  [gamma] epoch  19250  gamma_ratio 0.9934  residual 1.951e-07
  [gamma] epoch  19500  gamma_ratio 0.9939  residual 1.665e-07
  [gamma] epoch  19750  gamma_ratio 0.9938  residual 1.557e-07
  [gamma] epoch  20000  gamma_ratio 0.9925  residual 2.662e-07
  [gamma] epoch  20250  gamma_ratio 0.9938  residual 1.689e-07
  [gamma] epoch  20500  gamma_ratio 0.9940  residual 1.893e-07
  [gamma] epoch  20750  gamma_ratio 0.9940  residual 1.649e-07
  [gamma] epoch  21000  gamma_ratio 0.9965  residual 2.810e-07
  [gamma] epoch  21250  gamma_ratio 0.9938  residual 1.774e-07
  [gamma] epoch  21500  gamma_ratio 0.9937  residual 1.771e-07
  [gamma] epoch  21750  gamma_ratio 0.9939  residual 1.288e-07
  [gamma] epoch  22000  gamma_ratio 0.9941  residual 1.701e-07
  [gamma] epoch  22250  gamma_ratio 0.9926  residual 3.131e-07
  [gamma] epoch  22500  gamma_ratio 0.9939  residual 1.437e-07
  [gamma] epoch  22750  gamma_ratio 0.9938  residual 2.268e-07
  [gamma] epoch  23000  gamma_ratio 0.9941  residual 1.860e-07
  [gamma] epoch  23250  gamma_ratio 0.9951  residual 1.465e-07
  [gamma] epoch  23500  gamma_ratio 0.9943  residual 1.162e-07
  [gamma] epoch  23750  gamma_ratio 0.9941  residual 1.148e-07
  [gamma] epoch  24000  gamma_ratio 0.9936  residual 2.321e-07
  [gamma] epoch  24250  gamma_ratio 0.9945  residual 1.260e-07
  [gamma] epoch  24500  gamma_ratio 0.9948  residual 1.923e-07
  [gamma] epoch  24750  gamma_ratio 0.9943  residual 1.275e-07
  [gamma] epoch  25000  gamma_ratio 0.9936  residual 1.402e-07
  [gamma] epoch  25250  gamma_ratio 0.9939  residual 1.470e-07
  [gamma] epoch  25500  gamma_ratio 0.9935  residual 1.574e-07
  [gamma] epoch  25750  gamma_ratio 0.9950  residual 1.843e-07
  [gamma] epoch  26000  gamma_ratio 0.9939  residual 1.375e-07
  [gamma] epoch  26250  gamma_ratio 0.9940  residual 1.377e-07
  [gamma] epoch  26500  gamma_ratio 0.9930  residual 1.813e-07
  [gamma] epoch  26750  gamma_ratio 0.9940  residual 1.029e-07
  [gamma] epoch  27000  gamma_ratio 0.9948  residual 1.121e-07
  [gamma] epoch  27250  gamma_ratio 0.9940  residual 1.627e-07
  [gamma] epoch  27500  gamma_ratio 0.9943  residual 9.578e-08
  [gamma] epoch  27750  gamma_ratio 0.9944  residual 1.610e-07
  [gamma] epoch  28000  gamma_ratio 0.9947  residual 1.320e-07
  [gamma] epoch  28250  gamma_ratio 0.9937  residual 1.085e-07
  [gamma] epoch  28500  gamma_ratio 0.9944  residual 9.822e-08
  [gamma] epoch  28750  gamma_ratio 0.9947  residual 9.469e-08
  [gamma] epoch  29000  gamma_ratio 0.9943  residual 2.000e-07
  [gamma] epoch  29250  gamma_ratio 0.9945  residual 9.160e-08
  [gamma] epoch  29500  gamma_ratio 0.9938  residual 9.641e-08
  [gamma] epoch  29750  gamma_ratio 0.9946  residual 8.708e-08
  [gamma] epoch  30000  gamma_ratio 0.9945  residual 1.029e-07
  [gamma] epoch  30250  gamma_ratio 0.9945  residual 1.228e-07
  [gamma] epoch  30500  gamma_ratio 0.9940  residual 1.133e-07
  [gamma] epoch  30750  gamma_ratio 0.9945  residual 8.335e-08
  [gamma] epoch  31000  gamma_ratio 0.9942  residual 8.292e-08
  [gamma] epoch  31250  gamma_ratio 0.9948  residual 9.146e-08
  [gamma] epoch  31500  gamma_ratio 0.9948  residual 8.566e-08
  [gamma] epoch  31750  gamma_ratio 0.9944  residual 9.976e-08
  [gamma] epoch  32000  gamma_ratio 0.9943  residual 1.506e-07
  [gamma] epoch  32250  gamma_ratio 0.9947  residual 8.498e-08
  [gamma] epoch  32500  gamma_ratio 0.9948  residual 8.212e-08
  [gamma] epoch  32750  gamma_ratio 0.9947  residual 7.609e-08
  [gamma] epoch  33000  gamma_ratio 0.9945  residual 8.304e-08
  [gamma] epoch  33250  gamma_ratio 0.9947  residual 8.729e-08
  [gamma] epoch  33500  gamma_ratio 0.9943  residual 1.154e-07
  [gamma] epoch  33750  gamma_ratio 0.9945  residual 7.457e-08
  [gamma] epoch  34000  gamma_ratio 0.9947  residual 7.399e-08
  [gamma] epoch  34250  gamma_ratio 0.9947  residual 1.225e-07
  [gamma] epoch  34500  gamma_ratio 0.9944  residual 7.242e-08
  [gamma] epoch  34750  gamma_ratio 0.9946  residual 6.967e-08
  [gamma] epoch  35000  gamma_ratio 0.9937  residual 9.270e-08
  [gamma] epoch  35250  gamma_ratio 0.9940  residual 8.992e-08
  [gamma] epoch  35500  gamma_ratio 0.9941  residual 8.268e-08
  [gamma] epoch  35750  gamma_ratio 0.9946  residual 6.933e-08
  [gamma] epoch  36000  gamma_ratio 0.9945  residual 6.933e-08
  [gamma] epoch  36250  gamma_ratio 0.9947  residual 8.480e-08
  [gamma] epoch  36500  gamma_ratio 0.9946  residual 6.707e-08
  [gamma] epoch  36750  gamma_ratio 0.9946  residual 7.297e-08
  [gamma] epoch  37000  gamma_ratio 0.9944  residual 6.640e-08
  [gamma] epoch  37250  gamma_ratio 0.9945  residual 6.856e-08
  [gamma] epoch  37500  gamma_ratio 0.9943  residual 6.792e-08
  [gamma] epoch  37750  gamma_ratio 0.9946  residual 8.349e-08
  [gamma] epoch  38000  gamma_ratio 0.9941  residual 1.120e-07
  [gamma] epoch  38250  gamma_ratio 0.9944  residual 7.315e-08
  [gamma] epoch  38500  gamma_ratio 0.9946  residual 6.277e-08
  [gamma] epoch  38750  gamma_ratio 0.9943  residual 8.676e-08
  [gamma] epoch  39000  gamma_ratio 0.9944  residual 6.552e-08
  [gamma] epoch  39250  gamma_ratio 0.9945  residual 6.153e-08
  [gamma] epoch  39500  gamma_ratio 0.9946  residual 6.072e-08
  [gamma] epoch  39750  gamma_ratio 0.9947  residual 6.143e-08
  [gamma] epoch  40000  gamma_ratio 0.9946  residual 6.190e-08
  [gamma] epoch  40250  gamma_ratio 0.9948  residual 6.214e-08
  [gamma] epoch  40500  gamma_ratio 0.9943  residual 6.730e-08
  [gamma] epoch  40750  gamma_ratio 0.9944  residual 6.311e-08
  [gamma] epoch  41000  gamma_ratio 0.9945  residual 6.710e-08
  [gamma] epoch  41250  gamma_ratio 0.9945  residual 6.316e-08
  [gamma] epoch  41500  gamma_ratio 0.9942  residual 8.636e-08
  [gamma] epoch  41750  gamma_ratio 0.9945  residual 6.351e-08
  [gamma] epoch  42000  gamma_ratio 0.9945  residual 5.803e-08
  [gamma] epoch  42250  gamma_ratio 0.9947  residual 5.890e-08
  [gamma] epoch  42500  gamma_ratio 0.9943  residual 6.524e-08
  [gamma] epoch  42750  gamma_ratio 0.9944  residual 6.367e-08
  [gamma] epoch  43000  gamma_ratio 0.9945  residual 5.834e-08
  [gamma] epoch  43250  gamma_ratio 0.9947  residual 6.328e-08
  [gamma] epoch  43500  gamma_ratio 0.9945  residual 5.549e-08
  [gamma] epoch  43750  gamma_ratio 0.9947  residual 5.567e-08
  [gamma] epoch  44000  gamma_ratio 0.9948  residual 5.805e-08
  [gamma] epoch  44250  gamma_ratio 0.9945  residual 5.438e-08
  [gamma] epoch  44500  gamma_ratio 0.9945  residual 5.618e-08
  [gamma] epoch  44750  gamma_ratio 0.9945  residual 6.234e-08
  [gamma] epoch  45000  gamma_ratio 0.9946  residual 5.341e-08
  [gamma] epoch  45250  gamma_ratio 0.9946  residual 5.358e-08
  [gamma] epoch  45500  gamma_ratio 0.9945  residual 5.313e-08
  [gamma] epoch  45750  gamma_ratio 0.9946  residual 6.738e-08
  [gamma] epoch  46000  gamma_ratio 0.9946  residual 5.235e-08
  [gamma] epoch  46250  gamma_ratio 0.9945  residual 5.295e-08
  [gamma] epoch  46500  gamma_ratio 0.9945  residual 5.152e-08
  [gamma] epoch  46750  gamma_ratio 0.9946  residual 5.226e-08
  [gamma] epoch  47000  gamma_ratio 0.9946  residual 5.264e-08
  [gamma] epoch  47250  gamma_ratio 0.9946  residual 5.655e-08
  [gamma] epoch  47500  gamma_ratio 0.9943  residual 5.294e-08
  [gamma] epoch  47750  gamma_ratio 0.9945  residual 5.281e-08
  [gamma] epoch  48000  gamma_ratio 0.9944  residual 5.057e-08
  [gamma] epoch  48250  gamma_ratio 0.9946  residual 5.036e-08
  [gamma] epoch  48500  gamma_ratio 0.9945  residual 5.038e-08
  [gamma] epoch  48750  gamma_ratio 0.9945  residual 5.135e-08
  [gamma] epoch  49000  gamma_ratio 0.9945  residual 5.053e-08
  [gamma] epoch  49250  gamma_ratio 0.9945  residual 4.988e-08
  [gamma] epoch  49500  gamma_ratio 0.9945  residual 4.913e-08
  [gamma] epoch  49750  gamma_ratio 0.9945  residual 5.085e-08
  [gamma] epoch  50000  gamma_ratio 0.9946  residual 5.335e-08
  [gamma] epoch  50250  gamma_ratio 0.9945  residual 4.892e-08
  [gamma] epoch  50500  gamma_ratio 0.9946  residual 4.863e-08
  [gamma] epoch  50750  gamma_ratio 0.9945  residual 4.850e-08
  [gamma] epoch  51000  gamma_ratio 0.9945  residual 4.846e-08
  [gamma] epoch  51250  gamma_ratio 0.9944  residual 4.780e-08
  [gamma] epoch  51500  gamma_ratio 0.9945  residual 4.906e-08
  [gamma] epoch  51750  gamma_ratio 0.9945  residual 4.724e-08
  [gamma] epoch  52000  gamma_ratio 0.9945  residual 4.765e-08
  [gamma] epoch  52250  gamma_ratio 0.9945  residual 4.762e-08
  [gamma] epoch  52500  gamma_ratio 0.9944  residual 4.812e-08
  [gamma] epoch  52750  gamma_ratio 0.9945  residual 4.669e-08
  [gamma] epoch  53000  gamma_ratio 0.9944  residual 4.644e-08
  [gamma] epoch  53250  gamma_ratio 0.9944  residual 4.744e-08
  [gamma] epoch  53500  gamma_ratio 0.9945  residual 4.614e-08
  [gamma] epoch  53750  gamma_ratio 0.9945  residual 4.630e-08
  [gamma] epoch  54000  gamma_ratio 0.9945  residual 4.591e-08
  [gamma] epoch  54250  gamma_ratio 0.9945  residual 4.568e-08
  [gamma] epoch  54500  gamma_ratio 0.9944  residual 4.578e-08
  [gamma] epoch  54750  gamma_ratio 0.9945  residual 4.541e-08
  [gamma] epoch  55000  gamma_ratio 0.9944  residual 4.526e-08
  [gamma] epoch  55250  gamma_ratio 0.9945  residual 4.511e-08
  [gamma] epoch  55500  gamma_ratio 0.9946  residual 4.674e-08
  [gamma] epoch  55750  gamma_ratio 0.9944  residual 4.508e-08
  [gamma] epoch  56000  gamma_ratio 0.9944  residual 4.474e-08
  [gamma] epoch  56250  gamma_ratio 0.9944  residual 4.462e-08
  [gamma] epoch  56500  gamma_ratio 0.9945  residual 4.463e-08
  [gamma] epoch  56750  gamma_ratio 0.9944  residual 4.451e-08
  [gamma] epoch  57000  gamma_ratio 0.9945  residual 4.474e-08
  [gamma] epoch  57250  gamma_ratio 0.9944  residual 4.412e-08
  [gamma] epoch  57500  gamma_ratio 0.9944  residual 4.400e-08
  [gamma] epoch  57750  gamma_ratio 0.9944  residual 4.487e-08
  [gamma] epoch  58000  gamma_ratio 0.9944  residual 4.379e-08
  [gamma] epoch  58250  gamma_ratio 0.9945  residual 4.368e-08
  [gamma] epoch  58500  gamma_ratio 0.9945  residual 4.407e-08
  [gamma] epoch  58750  gamma_ratio 0.9944  residual 4.344e-08
  [gamma] epoch  59000  gamma_ratio 0.9944  residual 4.332e-08
  [gamma] epoch  59250  gamma_ratio 0.9944  residual 4.331e-08
  [gamma] epoch  59500  gamma_ratio 0.9945  residual 4.340e-08
  [gamma] epoch  59750  gamma_ratio 0.9944  residual 4.309e-08
  [gamma] epoch  59999  gamma_ratio 0.9944  residual 4.296e-08
  [shape] epoch      0  rmse=0.07636  max_abs_dA=0.1452  int_signed_dA=1.578e-11  int_abs_dA=1.578e-11  A_min=0.0444  max_dA_fwd=0.002016
  [shape] epoch    250  rmse=0.02868  max_abs_dA=0.0422  int_signed_dA=6.179e-12  int_abs_dA=6.179e-12  A_min=0.009866  max_dA_fwd=-2.391e-05
  [shape] epoch    500  rmse=0.01421  max_abs_dA=0.02248  int_signed_dA=2.879e-12  int_abs_dA=2.914e-12  A_min=0.005684  max_dA_fwd=-2.086e-05
  [shape] epoch    750  rmse=0.008897  max_abs_dA=0.01443  int_signed_dA=1.809e-12  int_abs_dA=1.812e-12  A_min=0.002875  max_dA_fwd=2.326e-05
  [shape] epoch   1000  rmse=0.007479  max_abs_dA=0.01309  int_signed_dA=1.395e-12  int_abs_dA=1.403e-12  A_min=-0.0003561  max_dA_fwd=-1.617e-05
  [shape] epoch   1250  rmse=0.005726  max_abs_dA=0.01029  int_signed_dA=1.003e-12  int_abs_dA=1.059e-12  A_min=-0.001382  max_dA_fwd=-1.455e-05
  [shape] epoch   1500  rmse=0.004613  max_abs_dA=0.008302  int_signed_dA=8.147e-13  int_abs_dA=8.493e-13  A_min=-0.0008232  max_dA_fwd=-1.228e-05
  [shape] epoch   1750  rmse=0.003722  max_abs_dA=0.006747  int_signed_dA=6.521e-13  int_abs_dA=6.811e-13  A_min=-0.0005598  max_dA_fwd=-1.061e-05
  [shape] epoch   2000  rmse=0.003253  max_abs_dA=0.00589  int_signed_dA=5.535e-13  int_abs_dA=6.05e-13  A_min=-0.0007693  max_dA_fwd=-9.568e-06
  [shape] epoch   2250  rmse=0.00299  max_abs_dA=0.005477  int_signed_dA=5.146e-13  int_abs_dA=5.516e-13  A_min=-0.0005466  max_dA_fwd=-8.923e-06
  [shape] epoch   2500  rmse=0.001385  max_abs_dA=0.002218  int_signed_dA=1.077e-14  int_abs_dA=2.84e-13  A_min=-0.001514  max_dA_fwd=-8.119e-06
  [shape] epoch   2750  rmse=0.00282  max_abs_dA=0.005261  int_signed_dA=4.624e-13  int_abs_dA=5.163e-13  A_min=-0.0007108  max_dA_fwd=-8.722e-06
  [shape] epoch   3000  rmse=0.002708  max_abs_dA=0.005037  int_signed_dA=4.449e-13  int_abs_dA=4.975e-13  A_min=-0.0007026  max_dA_fwd=-8.834e-06
  [shape] epoch   3250  rmse=0.002702  max_abs_dA=0.005004  int_signed_dA=4.485e-13  int_abs_dA=4.974e-13  A_min=-0.0006766  max_dA_fwd=-9.001e-06
  [shape] epoch   3500  rmse=0.002569  max_abs_dA=0.004687  int_signed_dA=4.331e-13  int_abs_dA=4.788e-13  A_min=-0.000631  max_dA_fwd=-8.992e-06
  [shape] epoch   3750  rmse=0.002612  max_abs_dA=0.004769  int_signed_dA=4.465e-13  int_abs_dA=4.841e-13  A_min=-0.0005506  max_dA_fwd=-9.144e-06
  [shape] epoch   4000  rmse=0.002727  max_abs_dA=0.004881  int_signed_dA=4.35e-13  int_abs_dA=5.175e-13  A_min=-0.000789  max_dA_fwd=-9.093e-06
  [shape] epoch   4250  rmse=0.003093  max_abs_dA=0.00543  int_signed_dA=5.713e-13  int_abs_dA=5.843e-13  A_min=-0.0001841  max_dA_fwd=-9.219e-06
  [shape] epoch   4500  rmse=0.002385  max_abs_dA=0.004262  int_signed_dA=4.337e-13  int_abs_dA=4.477e-13  A_min=-0.0001795  max_dA_fwd=-8.908e-06
  [shape] epoch   4750  rmse=0.00231  max_abs_dA=0.004153  int_signed_dA=4.136e-13  int_abs_dA=4.319e-13  A_min=-0.000244  max_dA_fwd=-8.799e-06
  [shape] epoch   5000  rmse=0.002046  max_abs_dA=0.003722  int_signed_dA=3.612e-13  int_abs_dA=3.781e-13  A_min=-0.0001988  max_dA_fwd=-8.54e-06
  [shape] epoch   5250  rmse=0.00195  max_abs_dA=0.003549  int_signed_dA=3.408e-13  int_abs_dA=3.61e-13  A_min=-0.0002354  max_dA_fwd=-8.395e-06
  [shape] epoch   5500  rmse=0.001907  max_abs_dA=0.003464  int_signed_dA=3.242e-13  int_abs_dA=3.541e-13  A_min=-0.0003405  max_dA_fwd=-8.258e-06
  [shape] epoch   5750  rmse=0.001697  max_abs_dA=0.003011  int_signed_dA=3.182e-13  int_abs_dA=3.238e-13  A_min=0.0003229  max_dA_fwd=-7.833e-06
  [shape] epoch   6000  rmse=0.001795  max_abs_dA=0.003217  int_signed_dA=3.327e-13  int_abs_dA=3.364e-13  A_min=0.0001174  max_dA_fwd=-7.754e-06
  [shape] epoch   6250  rmse=0.001941  max_abs_dA=0.003426  int_signed_dA=3.701e-13  int_abs_dA=3.702e-13  A_min=0.0002813  max_dA_fwd=-7.593e-06
  [shape] epoch   6500  rmse=0.001789  max_abs_dA=0.003185  int_signed_dA=3.411e-13  int_abs_dA=3.411e-13  A_min=0.0003595  max_dA_fwd=-7.351e-06
  [shape] epoch   6750  rmse=0.001782  max_abs_dA=0.00321  int_signed_dA=3.301e-13  int_abs_dA=3.312e-13  A_min=0.0002266  max_dA_fwd=-7.24e-06
  [shape] epoch   7000  rmse=0.001149  max_abs_dA=0.002089  int_signed_dA=2.034e-13  int_abs_dA=2.168e-13  A_min=0.0003154  max_dA_fwd=-6.849e-06
  [shape] epoch   7250  rmse=0.002091  max_abs_dA=0.003694  int_signed_dA=3.973e-13  int_abs_dA=3.975e-13  A_min=0.0003698  max_dA_fwd=-7.024e-06
  [shape] epoch   7500  rmse=0.001615  max_abs_dA=0.00293  int_signed_dA=3.038e-13  int_abs_dA=3.038e-13  A_min=0.0004055  max_dA_fwd=-6.788e-06
  [shape] epoch   7750  rmse=0.001517  max_abs_dA=0.002726  int_signed_dA=2.896e-13  int_abs_dA=2.904e-13  A_min=0.0005466  max_dA_fwd=-6.567e-06
  [shape] epoch   8000  rmse=0.001401  max_abs_dA=0.002575  int_signed_dA=2.602e-13  int_abs_dA=2.618e-13  A_min=0.0004485  max_dA_fwd=-6.499e-06
  [shape] epoch   8250  rmse=0.001753  max_abs_dA=0.003175  int_signed_dA=3.322e-13  int_abs_dA=3.324e-13  A_min=0.0005053  max_dA_fwd=-6.47e-06
  [shape] epoch   8500  rmse=0.001543  max_abs_dA=0.0028  int_signed_dA=2.958e-13  int_abs_dA=2.958e-13  A_min=0.000618  max_dA_fwd=-6.292e-06
  [shape] epoch   8750  rmse=0.001611  max_abs_dA=0.002936  int_signed_dA=3.081e-13  int_abs_dA=3.081e-13  A_min=0.0006215  max_dA_fwd=-6.199e-06
  [shape] epoch   9000  rmse=0.001126  max_abs_dA=0.002167  int_signed_dA=1.898e-13  int_abs_dA=1.933e-13  A_min=0.0002579  max_dA_fwd=-6.077e-06
  [shape] epoch   9250  rmse=0.001468  max_abs_dA=0.002637  int_signed_dA=2.883e-13  int_abs_dA=2.886e-13  A_min=0.0008033  max_dA_fwd=-5.906e-06
  [shape] epoch   9500  rmse=0.001712  max_abs_dA=0.003191  int_signed_dA=3.191e-13  int_abs_dA=3.191e-13  A_min=0.0005951  max_dA_fwd=-6.003e-06
  [shape] epoch   9750  rmse=0.001239  max_abs_dA=0.002368  int_signed_dA=2.229e-13  int_abs_dA=2.239e-13  A_min=0.0005108  max_dA_fwd=-5.749e-06
  [shape] epoch  10000  rmse=0.001723  max_abs_dA=0.003129  int_signed_dA=3.38e-13  int_abs_dA=3.38e-13  A_min=0.0007993  max_dA_fwd=-5.755e-06
  [shape] epoch  10250  rmse=0.00142  max_abs_dA=0.002668  int_signed_dA=2.674e-13  int_abs_dA=2.674e-13  A_min=0.0006835  max_dA_fwd=-5.608e-06
  [shape] epoch  10500  rmse=0.001421  max_abs_dA=0.002655  int_signed_dA=2.712e-13  int_abs_dA=2.712e-13  A_min=0.0007778  max_dA_fwd=-5.513e-06
  [shape] epoch  10750  rmse=0.001317  max_abs_dA=0.002547  int_signed_dA=2.385e-13  int_abs_dA=2.385e-13  A_min=0.000584  max_dA_fwd=-5.483e-06
  [shape] epoch  11000  rmse=0.001191  max_abs_dA=0.002278  int_signed_dA=2.2e-13  int_abs_dA=2.226e-13  A_min=0.0007255  max_dA_fwd=-5.357e-06
  [shape] epoch  11250  rmse=0.001856  max_abs_dA=0.003374  int_signed_dA=3.685e-13  int_abs_dA=3.685e-13  A_min=0.0009829  max_dA_fwd=-5.472e-06
  [shape] epoch  11500  rmse=0.001455  max_abs_dA=0.002725  int_signed_dA=2.804e-13  int_abs_dA=2.804e-13  A_min=0.0008746  max_dA_fwd=-5.338e-06
  [shape] epoch  11750  rmse=0.001416  max_abs_dA=0.002607  int_signed_dA=2.791e-13  int_abs_dA=2.791e-13  A_min=0.0009663  max_dA_fwd=-5.282e-06
  [shape] epoch  12000  rmse=0.001327  max_abs_dA=0.002522  int_signed_dA=2.524e-13  int_abs_dA=2.524e-13  A_min=0.0008416  max_dA_fwd=-5.251e-06
  [shape] epoch  12250  rmse=0.001316  max_abs_dA=0.00249  int_signed_dA=2.527e-13  int_abs_dA=2.531e-13  A_min=0.0008676  max_dA_fwd=-5.244e-06
  [shape] epoch  12500  rmse=0.001307  max_abs_dA=0.00253  int_signed_dA=2.427e-13  int_abs_dA=2.448e-13  A_min=0.0008098  max_dA_fwd=-5.194e-06
  [shape] epoch  12750  rmse=0.0009246  max_abs_dA=0.001839  int_signed_dA=1.634e-13  int_abs_dA=1.673e-13  A_min=0.0006452  max_dA_fwd=-5.116e-06
  [shape] epoch  13000  rmse=0.0008564  max_abs_dA=0.001706  int_signed_dA=1.504e-13  int_abs_dA=1.56e-13  A_min=0.0006549  max_dA_fwd=-5.065e-06
  [shape] epoch  13250  rmse=0.001236  max_abs_dA=0.002422  int_signed_dA=2.29e-13  int_abs_dA=2.29e-13  A_min=0.0007416  max_dA_fwd=-5.206e-06
  [shape] epoch  13500  rmse=0.0007792  max_abs_dA=0.001524  int_signed_dA=1.406e-13  int_abs_dA=1.487e-13  A_min=0.0007993  max_dA_fwd=-4.943e-06
  [shape] epoch  13750  rmse=0.001238  max_abs_dA=0.002365  int_signed_dA=2.39e-13  int_abs_dA=2.391e-13  A_min=0.0009317  max_dA_fwd=-5.049e-06
  [shape] epoch  14000  rmse=0.001198  max_abs_dA=0.002382  int_signed_dA=2.204e-13  int_abs_dA=2.205e-13  A_min=0.0007712  max_dA_fwd=-5.078e-06
  [shape] epoch  14250  rmse=0.001093  max_abs_dA=0.002092  int_signed_dA=2.13e-13  int_abs_dA=2.132e-13  A_min=0.0009392  max_dA_fwd=-4.969e-06
  [shape] epoch  14500  rmse=0.001235  max_abs_dA=0.002379  int_signed_dA=2.387e-13  int_abs_dA=2.387e-13  A_min=0.0009295  max_dA_fwd=-5.017e-06
  [shape] epoch  14750  rmse=0.0009909  max_abs_dA=0.001825  int_signed_dA=1.94e-13  int_abs_dA=2.005e-13  A_min=0.001002  max_dA_fwd=-4.933e-06
  [shape] epoch  15000  rmse=0.001222  max_abs_dA=0.002368  int_signed_dA=2.342e-13  int_abs_dA=2.343e-13  A_min=0.0009257  max_dA_fwd=-5.002e-06
  [shape] epoch  15250  rmse=0.00119  max_abs_dA=0.002298  int_signed_dA=2.299e-13  int_abs_dA=2.3e-13  A_min=0.0009444  max_dA_fwd=-4.936e-06
  [shape] epoch  15500  rmse=0.001205  max_abs_dA=0.002301  int_signed_dA=2.352e-13  int_abs_dA=2.355e-13  A_min=0.001003  max_dA_fwd=-4.915e-06
  [shape] epoch  15750  rmse=0.000789  max_abs_dA=0.001497  int_signed_dA=1.429e-13  int_abs_dA=1.561e-13  A_min=0.0008498  max_dA_fwd=-4.892e-06
  [shape] epoch  16000  rmse=0.001131  max_abs_dA=0.002175  int_signed_dA=2.188e-13  int_abs_dA=2.201e-13  A_min=0.0009817  max_dA_fwd=-4.902e-06
  [shape] epoch  16250  rmse=0.0008571  max_abs_dA=0.00147  int_signed_dA=1.635e-13  int_abs_dA=1.808e-13  A_min=0.001076  max_dA_fwd=-4.81e-06
  [shape] epoch  16500  rmse=0.001033  max_abs_dA=0.002032  int_signed_dA=1.949e-13  int_abs_dA=1.972e-13  A_min=0.0009083  max_dA_fwd=-4.842e-06
  [shape] epoch  16750  rmse=0.00119  max_abs_dA=0.00214  int_signed_dA=2.421e-13  int_abs_dA=2.446e-13  A_min=0.001164  max_dA_fwd=-4.869e-06
  [shape] epoch  17000  rmse=0.001159  max_abs_dA=0.002089  int_signed_dA=2.357e-13  int_abs_dA=2.383e-13  A_min=0.001138  max_dA_fwd=-4.866e-06
  [shape] epoch  17250  rmse=0.001463  max_abs_dA=0.002787  int_signed_dA=2.889e-13  int_abs_dA=2.89e-13  A_min=0.001063  max_dA_fwd=-4.951e-06
  [shape] epoch  17500  rmse=0.001002  max_abs_dA=0.001917  int_signed_dA=1.969e-13  int_abs_dA=1.981e-13  A_min=0.0009584  max_dA_fwd=-4.85e-06
  [shape] epoch  17750  rmse=0.00106  max_abs_dA=0.002086  int_signed_dA=2.015e-13  int_abs_dA=2.024e-13  A_min=0.0008995  max_dA_fwd=-4.886e-06
  [shape] epoch  18000  rmse=0.001066  max_abs_dA=0.002089  int_signed_dA=2.038e-13  int_abs_dA=2.043e-13  A_min=0.000898  max_dA_fwd=-4.912e-06
  [shape] epoch  18250  rmse=0.0009771  max_abs_dA=0.001913  int_signed_dA=1.896e-13  int_abs_dA=1.901e-13  A_min=0.0009283  max_dA_fwd=-4.845e-06
  [shape] epoch  18500  rmse=0.00107  max_abs_dA=0.002122  int_signed_dA=2.02e-13  int_abs_dA=2.026e-13  A_min=0.0008621  max_dA_fwd=-4.92e-06
  [shape] epoch  18750  rmse=0.001123  max_abs_dA=0.002086  int_signed_dA=2.249e-13  int_abs_dA=2.258e-13  A_min=0.001084  max_dA_fwd=-4.866e-06
  [shape] epoch  19000  rmse=0.001242  max_abs_dA=0.002463  int_signed_dA=2.34e-13  int_abs_dA=2.367e-13  A_min=0.0008454  max_dA_fwd=-4.958e-06
  [shape] epoch  19250  rmse=0.001135  max_abs_dA=0.00217  int_signed_dA=2.219e-13  int_abs_dA=2.22e-13  A_min=0.0009666  max_dA_fwd=-4.947e-06
  [shape] epoch  19500  rmse=0.001042  max_abs_dA=0.00198  int_signed_dA=2.039e-13  int_abs_dA=2.051e-13  A_min=0.000959  max_dA_fwd=-4.941e-06
  [shape] epoch  19750  rmse=0.001066  max_abs_dA=0.002045  int_signed_dA=2.078e-13  int_abs_dA=2.082e-13  A_min=0.0009475  max_dA_fwd=-4.931e-06
  [shape] epoch  20000  rmse=0.001275  max_abs_dA=0.00243  int_signed_dA=2.519e-13  int_abs_dA=2.519e-13  A_min=0.000971  max_dA_fwd=-5.022e-06
  [shape] epoch  20250  rmse=0.001065  max_abs_dA=0.002053  int_signed_dA=2.062e-13  int_abs_dA=2.067e-13  A_min=0.0009343  max_dA_fwd=-4.965e-06
  [shape] epoch  20500  rmse=0.001044  max_abs_dA=0.002037  int_signed_dA=2.004e-13  int_abs_dA=2.006e-13  A_min=0.0008738  max_dA_fwd=-4.998e-06
  [shape] epoch  20750  rmse=0.001022  max_abs_dA=0.001943  int_signed_dA=2.016e-13  int_abs_dA=2.019e-13  A_min=0.0009378  max_dA_fwd=-4.973e-06
  [shape] epoch  21000  rmse=0.0006469  max_abs_dA=0.001168  int_signed_dA=1.159e-13  int_abs_dA=1.31e-13  A_min=0.0008606  max_dA_fwd=-4.894e-06
  [shape] epoch  21250  rmse=0.001015  max_abs_dA=0.001828  int_signed_dA=2.07e-13  int_abs_dA=2.085e-13  A_min=0.001078  max_dA_fwd=-4.936e-06
  [shape] epoch  21500  rmse=0.001053  max_abs_dA=0.001974  int_signed_dA=2.096e-13  int_abs_dA=2.103e-13  A_min=0.0009831  max_dA_fwd=-5.007e-06
  [shape] epoch  21750  rmse=0.001032  max_abs_dA=0.001926  int_signed_dA=2.054e-13  int_abs_dA=2.062e-13  A_min=0.0009865  max_dA_fwd=-5.001e-06
  [shape] epoch  22000  rmse=0.001009  max_abs_dA=0.001947  int_signed_dA=1.971e-13  int_abs_dA=1.982e-13  A_min=0.0009195  max_dA_fwd=-5.004e-06
  [shape] epoch  22250  rmse=0.001269  max_abs_dA=0.002466  int_signed_dA=2.47e-13  int_abs_dA=2.473e-13  A_min=0.0009046  max_dA_fwd=-5.091e-06
  [shape] epoch  22500  rmse=0.001041  max_abs_dA=0.001996  int_signed_dA=2.04e-13  int_abs_dA=2.04e-13  A_min=0.0009139  max_dA_fwd=-5.043e-06
  [shape] epoch  22750  rmse=0.00103  max_abs_dA=0.001894  int_signed_dA=2.086e-13  int_abs_dA=2.088e-13  A_min=0.001006  max_dA_fwd=-5.022e-06
  [shape] epoch  23000  rmse=0.0009814  max_abs_dA=0.001807  int_signed_dA=1.981e-13  int_abs_dA=1.988e-13  A_min=0.001006  max_dA_fwd=-5.009e-06
  [shape] epoch  23250  rmse=0.000818  max_abs_dA=0.001485  int_signed_dA=1.626e-13  int_abs_dA=1.673e-13  A_min=0.0009514  max_dA_fwd=-4.994e-06
  [shape] epoch  23500  rmse=0.0009538  max_abs_dA=0.001757  int_signed_dA=1.905e-13  int_abs_dA=1.925e-13  A_min=0.0009793  max_dA_fwd=-5.021e-06
  [shape] epoch  23750  rmse=0.000983  max_abs_dA=0.001805  int_signed_dA=1.974e-13  int_abs_dA=1.988e-13  A_min=0.0009896  max_dA_fwd=-5.051e-06
  [shape] epoch  24000  rmse=0.00112  max_abs_dA=0.002183  int_signed_dA=2.152e-13  int_abs_dA=2.191e-13  A_min=0.0008761  max_dA_fwd=-5.086e-06
  [shape] epoch  24250  rmse=0.0009209  max_abs_dA=0.001714  int_signed_dA=1.845e-13  int_abs_dA=1.858e-13  A_min=0.0009334  max_dA_fwd=-5.067e-06
  [shape] epoch  24500  rmse=0.0008592  max_abs_dA=0.001449  int_signed_dA=1.739e-13  int_abs_dA=1.807e-13  A_min=0.001034  max_dA_fwd=-5.037e-06
  [shape] epoch  24750  rmse=0.0009412  max_abs_dA=0.001703  int_signed_dA=1.903e-13  int_abs_dA=1.925e-13  A_min=0.0009809  max_dA_fwd=-5.062e-06
  [shape] epoch  25000  rmse=0.001048  max_abs_dA=0.001878  int_signed_dA=2.151e-13  int_abs_dA=2.156e-13  A_min=0.00106  max_dA_fwd=-5.073e-06
  [shape] epoch  25250  rmse=0.001053  max_abs_dA=0.00202  int_signed_dA=2.057e-13  int_abs_dA=2.071e-13  A_min=0.0008952  max_dA_fwd=-5.11e-06
  [shape] epoch  25500  rmse=0.001056  max_abs_dA=0.001869  int_signed_dA=2.166e-13  int_abs_dA=2.173e-13  A_min=0.001081  max_dA_fwd=-5.083e-06
  [shape] epoch  25750  rmse=0.000839  max_abs_dA=0.001502  int_signed_dA=1.689e-13  int_abs_dA=1.721e-13  A_min=0.0009594  max_dA_fwd=-5.043e-06
  [shape] epoch  26000  rmse=0.001005  max_abs_dA=0.001803  int_signed_dA=2.051e-13  int_abs_dA=2.059e-13  A_min=0.001018  max_dA_fwd=-5.093e-06
  [shape] epoch  26250  rmse=0.0009867  max_abs_dA=0.001821  int_signed_dA=1.994e-13  int_abs_dA=1.995e-13  A_min=0.0009495  max_dA_fwd=-5.109e-06
  [shape] epoch  26500  rmse=0.001159  max_abs_dA=0.002152  int_signed_dA=2.331e-13  int_abs_dA=2.331e-13  A_min=0.0009884  max_dA_fwd=-5.14e-06
  [shape] epoch  26750  rmse=0.0009929  max_abs_dA=0.001805  int_signed_dA=2.008e-13  int_abs_dA=2.014e-13  A_min=0.0009807  max_dA_fwd=-5.106e-06
  [shape] epoch  27000  rmse=0.0008667  max_abs_dA=0.001568  int_signed_dA=1.728e-13  int_abs_dA=1.762e-13  A_min=0.0009309  max_dA_fwd=-5.097e-06
  [shape] epoch  27250  rmse=0.0009912  max_abs_dA=0.001815  int_signed_dA=2.011e-13  int_abs_dA=2.019e-13  A_min=0.0009808  max_dA_fwd=-5.076e-06
  [shape] epoch  27500  rmse=0.0009461  max_abs_dA=0.001698  int_signed_dA=1.911e-13  int_abs_dA=1.928e-13  A_min=0.0009771  max_dA_fwd=-5.099e-06
  [shape] epoch  27750  rmse=0.0009314  max_abs_dA=0.001687  int_signed_dA=1.886e-13  int_abs_dA=1.9e-13  A_min=0.000958  max_dA_fwd=-5.112e-06
  [shape] epoch  28000  rmse=0.0008707  max_abs_dA=0.001451  int_signed_dA=1.782e-13  int_abs_dA=1.839e-13  A_min=0.001035  max_dA_fwd=-5.077e-06
  [shape] epoch  28250  rmse=0.001026  max_abs_dA=0.001821  int_signed_dA=2.104e-13  int_abs_dA=2.108e-13  A_min=0.001027  max_dA_fwd=-5.117e-06
  [shape] epoch  28500  rmse=0.0009264  max_abs_dA=0.00164  int_signed_dA=1.877e-13  int_abs_dA=1.899e-13  A_min=0.0009678  max_dA_fwd=-5.117e-06
  [shape] epoch  28750  rmse=0.0008823  max_abs_dA=0.001531  int_signed_dA=1.791e-13  int_abs_dA=1.826e-13  A_min=0.0009798  max_dA_fwd=-5.1e-06
  [shape] epoch  29000  rmse=0.0009232  max_abs_dA=0.001541  int_signed_dA=1.913e-13  int_abs_dA=1.948e-13  A_min=0.001041  max_dA_fwd=-5.115e-06
  [shape] epoch  29250  rmse=0.0009101  max_abs_dA=0.001633  int_signed_dA=1.833e-13  int_abs_dA=1.849e-13  A_min=0.0009436  max_dA_fwd=-5.112e-06
  [shape] epoch  29500  rmse=0.001012  max_abs_dA=0.001792  int_signed_dA=2.066e-13  int_abs_dA=2.071e-13  A_min=0.0009963  max_dA_fwd=-5.139e-06
  [shape] epoch  29750  rmse=0.0008869  max_abs_dA=0.001554  int_signed_dA=1.794e-13  int_abs_dA=1.821e-13  A_min=0.0009484  max_dA_fwd=-5.119e-06
  [shape] epoch  30000  rmse=0.0009037  max_abs_dA=0.001593  int_signed_dA=1.833e-13  int_abs_dA=1.848e-13  A_min=0.0009637  max_dA_fwd=-5.101e-06
  [shape] epoch  30250  rmse=0.0009249  max_abs_dA=0.001698  int_signed_dA=1.829e-13  int_abs_dA=1.855e-13  A_min=0.0009036  max_dA_fwd=-5.118e-06
  [shape] epoch  30500  rmse=0.0009671  max_abs_dA=0.001637  int_signed_dA=1.996e-13  int_abs_dA=2.016e-13  A_min=0.001034  max_dA_fwd=-5.126e-06
  [shape] epoch  30750  rmse=0.0009121  max_abs_dA=0.001606  int_signed_dA=1.84e-13  int_abs_dA=1.86e-13  A_min=0.0009373  max_dA_fwd=-5.133e-06
  [shape] epoch  31000  rmse=0.0009458  max_abs_dA=0.001644  int_signed_dA=1.928e-13  int_abs_dA=1.942e-13  A_min=0.0009768  max_dA_fwd=-5.131e-06
  [shape] epoch  31250  rmse=0.0008562  max_abs_dA=0.001468  int_signed_dA=1.725e-13  int_abs_dA=1.763e-13  A_min=0.0009483  max_dA_fwd=-5.116e-06
  [shape] epoch  31500  rmse=0.0008654  max_abs_dA=0.0015  int_signed_dA=1.747e-13  int_abs_dA=1.773e-13  A_min=0.0009349  max_dA_fwd=-5.115e-06
  [shape] epoch  31750  rmse=0.0009161  max_abs_dA=0.001554  int_signed_dA=1.888e-13  int_abs_dA=1.908e-13  A_min=0.0009917  max_dA_fwd=-5.128e-06
  [shape] epoch  32000  rmse=0.0009498  max_abs_dA=0.001699  int_signed_dA=1.895e-13  int_abs_dA=1.923e-13  A_min=0.0009237  max_dA_fwd=-5.136e-06
  [shape] epoch  32250  rmse=0.0008703  max_abs_dA=0.001482  int_signed_dA=1.763e-13  int_abs_dA=1.793e-13  A_min=0.0009409  max_dA_fwd=-5.13e-06
  [shape] epoch  32500  rmse=0.0008742  max_abs_dA=0.001547  int_signed_dA=1.748e-13  int_abs_dA=1.766e-13  A_min=0.0008813  max_dA_fwd=-5.151e-06
  [shape] epoch  32750  rmse=0.000879  max_abs_dA=0.001517  int_signed_dA=1.772e-13  int_abs_dA=1.797e-13  A_min=0.0009127  max_dA_fwd=-5.149e-06
  [shape] epoch  33000  rmse=0.0009076  max_abs_dA=0.001576  int_signed_dA=1.837e-13  int_abs_dA=1.852e-13  A_min=0.0009182  max_dA_fwd=-5.149e-06
  [shape] epoch  33250  rmse=0.0008674  max_abs_dA=0.001446  int_signed_dA=1.775e-13  int_abs_dA=1.804e-13  A_min=0.000947  max_dA_fwd=-5.147e-06
  [shape] epoch  33500  rmse=0.0009545  max_abs_dA=0.001695  int_signed_dA=1.911e-13  int_abs_dA=1.916e-13  A_min=0.0008821  max_dA_fwd=-5.187e-06
  [shape] epoch  33750  rmse=0.0009055  max_abs_dA=0.001537  int_signed_dA=1.84e-13  int_abs_dA=1.861e-13  A_min=0.0009392  max_dA_fwd=-5.154e-06
  [shape] epoch  34000  rmse=0.000893  max_abs_dA=0.001548  int_signed_dA=1.786e-13  int_abs_dA=1.805e-13  A_min=0.0008839  max_dA_fwd=-5.174e-06
  [shape] epoch  34250  rmse=0.0008863  max_abs_dA=0.001554  int_signed_dA=1.767e-13  int_abs_dA=1.786e-13  A_min=0.000848  max_dA_fwd=-5.189e-06
  [shape] epoch  34500  rmse=0.0009279  max_abs_dA=0.001567  int_signed_dA=1.887e-13  int_abs_dA=1.905e-13  A_min=0.0009382  max_dA_fwd=-5.174e-06
  [shape] epoch  34750  rmse=0.0008984  max_abs_dA=0.001518  int_signed_dA=1.817e-13  int_abs_dA=1.839e-13  A_min=0.0009165  max_dA_fwd=-5.175e-06
  [shape] epoch  35000  rmse=0.001038  max_abs_dA=0.0018  int_signed_dA=2.109e-13  int_abs_dA=2.109e-13  A_min=0.0009414  max_dA_fwd=-5.205e-06
  [shape] epoch  35250  rmse=0.0009901  max_abs_dA=0.001692  int_signed_dA=2.01e-13  int_abs_dA=2.017e-13  A_min=0.000931  max_dA_fwd=-5.209e-06
  [shape] epoch  35500  rmse=0.0009673  max_abs_dA=0.001587  int_signed_dA=1.991e-13  int_abs_dA=2.005e-13  A_min=0.0009796  max_dA_fwd=-5.191e-06
  [shape] epoch  35750  rmse=0.0008943  max_abs_dA=0.001494  int_signed_dA=1.809e-13  int_abs_dA=1.831e-13  A_min=0.0009078  max_dA_fwd=-5.191e-06
  [shape] epoch  36000  rmse=0.0009106  max_abs_dA=0.001514  int_signed_dA=1.844e-13  int_abs_dA=1.866e-13  A_min=0.0009138  max_dA_fwd=-5.207e-06
  [shape] epoch  36250  rmse=0.0008749  max_abs_dA=0.001441  int_signed_dA=1.784e-13  int_abs_dA=1.818e-13  A_min=0.0009286  max_dA_fwd=-5.193e-06
  [shape] epoch  36500  rmse=0.0008981  max_abs_dA=0.001497  int_signed_dA=1.814e-13  int_abs_dA=1.836e-13  A_min=0.0008967  max_dA_fwd=-5.208e-06
  [shape] epoch  36750  rmse=0.0009039  max_abs_dA=0.001526  int_signed_dA=1.816e-13  int_abs_dA=1.833e-13  A_min=0.0008707  max_dA_fwd=-5.224e-06
  [shape] epoch  37000  rmse=0.0009256  max_abs_dA=0.001535  int_signed_dA=1.881e-13  int_abs_dA=1.899e-13  A_min=0.0009133  max_dA_fwd=-5.226e-06
  [shape] epoch  37250  rmse=0.0009081  max_abs_dA=0.001509  int_signed_dA=1.842e-13  int_abs_dA=1.864e-13  A_min=0.000903  max_dA_fwd=-5.232e-06
  [shape] epoch  37500  rmse=0.0009479  max_abs_dA=0.001573  int_signed_dA=1.925e-13  int_abs_dA=1.938e-13  A_min=0.0009121  max_dA_fwd=-5.241e-06
  [shape] epoch  37750  rmse=0.0009047  max_abs_dA=0.001526  int_signed_dA=1.813e-13  int_abs_dA=1.831e-13  A_min=0.0008498  max_dA_fwd=-5.256e-06
  [shape] epoch  38000  rmse=0.0009721  max_abs_dA=0.001603  int_signed_dA=1.977e-13  int_abs_dA=1.994e-13  A_min=0.0009358  max_dA_fwd=-5.257e-06
  [shape] epoch  38250  rmse=0.0009279  max_abs_dA=0.001538  int_signed_dA=1.889e-13  int_abs_dA=1.909e-13  A_min=0.0009085  max_dA_fwd=-5.26e-06
  [shape] epoch  38500  rmse=0.0008886  max_abs_dA=0.001484  int_signed_dA=1.793e-13  int_abs_dA=1.819e-13  A_min=0.0008797  max_dA_fwd=-5.257e-06
  [shape] epoch  38750  rmse=0.0009581  max_abs_dA=0.001613  int_signed_dA=1.918e-13  int_abs_dA=1.927e-13  A_min=0.0008593  max_dA_fwd=-5.285e-06
  [shape] epoch  39000  rmse=0.0009297  max_abs_dA=0.001558  int_signed_dA=1.867e-13  int_abs_dA=1.881e-13  A_min=0.0008656  max_dA_fwd=-5.28e-06
  [shape] epoch  39250  rmse=0.000911  max_abs_dA=0.001517  int_signed_dA=1.844e-13  int_abs_dA=1.866e-13  A_min=0.0008836  max_dA_fwd=-5.281e-06
  [shape] epoch  39500  rmse=0.0009018  max_abs_dA=0.001509  int_signed_dA=1.817e-13  int_abs_dA=1.839e-13  A_min=0.0008651  max_dA_fwd=-5.289e-06
  [shape] epoch  39750  rmse=0.0008782  max_abs_dA=0.001471  int_signed_dA=1.767e-13  int_abs_dA=1.795e-13  A_min=0.0008583  max_dA_fwd=-5.291e-06
  [shape] epoch  40000  rmse=0.0009021  max_abs_dA=0.001501  int_signed_dA=1.824e-13  int_abs_dA=1.85e-13  A_min=0.0008801  max_dA_fwd=-5.298e-06
  [shape] epoch  40250  rmse=0.0008737  max_abs_dA=0.001464  int_signed_dA=1.756e-13  int_abs_dA=1.785e-13  A_min=0.0008554  max_dA_fwd=-5.301e-06
  [shape] epoch  40500  rmse=0.0009322  max_abs_dA=0.00155  int_signed_dA=1.895e-13  int_abs_dA=1.912e-13  A_min=0.0008788  max_dA_fwd=-5.323e-06
  [shape] epoch  40750  rmse=0.000927  max_abs_dA=0.001556  int_signed_dA=1.859e-13  int_abs_dA=1.874e-13  A_min=0.0008453  max_dA_fwd=-5.332e-06
  [shape] epoch  41000  rmse=0.0009263  max_abs_dA=0.001556  int_signed_dA=1.855e-13  int_abs_dA=1.867e-13  A_min=0.0008354  max_dA_fwd=-5.338e-06
  [shape] epoch  41250  rmse=0.0009071  max_abs_dA=0.00152  int_signed_dA=1.826e-13  int_abs_dA=1.845e-13  A_min=0.0008426  max_dA_fwd=-5.343e-06
  [shape] epoch  41500  rmse=0.00097  max_abs_dA=0.001616  int_signed_dA=1.953e-13  int_abs_dA=1.964e-13  A_min=0.0008559  max_dA_fwd=-5.356e-06
  [shape] epoch  41750  rmse=0.0009128  max_abs_dA=0.001516  int_signed_dA=1.855e-13  int_abs_dA=1.876e-13  A_min=0.000874  max_dA_fwd=-5.35e-06
  [shape] epoch  42000  rmse=0.0009164  max_abs_dA=0.001528  int_signed_dA=1.852e-13  int_abs_dA=1.872e-13  A_min=0.0008588  max_dA_fwd=-5.361e-06
  [shape] epoch  42250  rmse=0.000881  max_abs_dA=0.001476  int_signed_dA=1.768e-13  int_abs_dA=1.796e-13  A_min=0.0008394  max_dA_fwd=-5.361e-06
  [shape] epoch  42500  rmse=0.0009339  max_abs_dA=0.001546  int_signed_dA=1.9e-13  int_abs_dA=1.919e-13  A_min=0.0008821  max_dA_fwd=-5.373e-06
  [shape] epoch  42750  rmse=0.0009248  max_abs_dA=0.001545  int_signed_dA=1.867e-13  int_abs_dA=1.882e-13  A_min=0.0008418  max_dA_fwd=-5.386e-06
  [shape] epoch  43000  rmse=0.0009089  max_abs_dA=0.001521  int_signed_dA=1.831e-13  int_abs_dA=1.852e-13  A_min=0.0008396  max_dA_fwd=-5.392e-06
  [shape] epoch  43250  rmse=0.0008812  max_abs_dA=0.001477  int_signed_dA=1.768e-13  int_abs_dA=1.796e-13  A_min=0.0008311  max_dA_fwd=-5.394e-06
  [shape] epoch  43500  rmse=0.0009162  max_abs_dA=0.00153  int_signed_dA=1.848e-13  int_abs_dA=1.868e-13  A_min=0.0008418  max_dA_fwd=-5.406e-06
  [shape] epoch  43750  rmse=0.0008761  max_abs_dA=0.001466  int_signed_dA=1.759e-13  int_abs_dA=1.79e-13  A_min=0.000831  max_dA_fwd=-5.404e-06
  [shape] epoch  44000  rmse=0.0008715  max_abs_dA=0.001457  int_signed_dA=1.746e-13  int_abs_dA=1.783e-13  A_min=0.0008338  max_dA_fwd=-5.411e-06
  [shape] epoch  44250  rmse=0.0009119  max_abs_dA=0.001518  int_signed_dA=1.843e-13  int_abs_dA=1.867e-13  A_min=0.000846  max_dA_fwd=-5.428e-06
  [shape] epoch  44500  rmse=0.0009114  max_abs_dA=0.001518  int_signed_dA=1.837e-13  int_abs_dA=1.863e-13  A_min=0.0008419  max_dA_fwd=-5.435e-06
  [shape] epoch  44750  rmse=0.0009085  max_abs_dA=0.001497  int_signed_dA=1.848e-13  int_abs_dA=1.878e-13  A_min=0.0008752  max_dA_fwd=-5.433e-06
  [shape] epoch  45000  rmse=0.0009005  max_abs_dA=0.001504  int_signed_dA=1.814e-13  int_abs_dA=1.839e-13  A_min=0.0008286  max_dA_fwd=-5.448e-06
  [shape] epoch  45250  rmse=0.0009043  max_abs_dA=0.001512  int_signed_dA=1.82e-13  int_abs_dA=1.843e-13  A_min=0.0008218  max_dA_fwd=-5.457e-06
  [shape] epoch  45500  rmse=0.0009174  max_abs_dA=0.001527  int_signed_dA=1.854e-13  int_abs_dA=1.876e-13  A_min=0.0008376  max_dA_fwd=-5.465e-06
  [shape] epoch  45750  rmse=0.0008947  max_abs_dA=0.001474  int_signed_dA=1.816e-13  int_abs_dA=1.856e-13  A_min=0.0008677  max_dA_fwd=-5.462e-06
  [shape] epoch  46000  rmse=0.0009019  max_abs_dA=0.0015  int_signed_dA=1.821e-13  int_abs_dA=1.848e-13  A_min=0.0008346  max_dA_fwd=-5.477e-06
  [shape] epoch  46250  rmse=0.0009082  max_abs_dA=0.001515  int_signed_dA=1.831e-13  int_abs_dA=1.853e-13  A_min=0.0008227  max_dA_fwd=-5.487e-06
  [shape] epoch  46500  rmse=0.0009105  max_abs_dA=0.001517  int_signed_dA=1.837e-13  int_abs_dA=1.861e-13  A_min=0.0008253  max_dA_fwd=-5.494e-06
  [shape] epoch  46750  rmse=0.0008968  max_abs_dA=0.001501  int_signed_dA=1.802e-13  int_abs_dA=1.827e-13  A_min=0.0008064  max_dA_fwd=-5.502e-06
  [shape] epoch  47000  rmse=0.0008913  max_abs_dA=0.001487  int_signed_dA=1.795e-13  int_abs_dA=1.821e-13  A_min=0.0008155  max_dA_fwd=-5.503e-06
  [shape] epoch  47250  rmse=0.0009006  max_abs_dA=0.001491  int_signed_dA=1.824e-13  int_abs_dA=1.854e-13  A_min=0.0008419  max_dA_fwd=-5.508e-06
  [shape] epoch  47500  rmse=0.0009344  max_abs_dA=0.001553  int_signed_dA=1.893e-13  int_abs_dA=1.909e-13  A_min=0.0008234  max_dA_fwd=-5.528e-06
  [shape] epoch  47750  rmse=0.0009053  max_abs_dA=0.0015  int_signed_dA=1.832e-13  int_abs_dA=1.862e-13  A_min=0.0008342  max_dA_fwd=-5.527e-06
  [shape] epoch  48000  rmse=0.0009258  max_abs_dA=0.001538  int_signed_dA=1.872e-13  int_abs_dA=1.892e-13  A_min=0.0008225  max_dA_fwd=-5.539e-06
  [shape] epoch  48250  rmse=0.0009031  max_abs_dA=0.001501  int_signed_dA=1.822e-13  int_abs_dA=1.85e-13  A_min=0.0008208  max_dA_fwd=-5.541e-06
  [shape] epoch  48500  rmse=0.0009104  max_abs_dA=0.001512  int_signed_dA=1.842e-13  int_abs_dA=1.865e-13  A_min=0.0008203  max_dA_fwd=-5.55e-06
  [shape] epoch  48750  rmse=0.0009087  max_abs_dA=0.001503  int_signed_dA=1.842e-13  int_abs_dA=1.871e-13  A_min=0.0008341  max_dA_fwd=-5.554e-06
  [shape] epoch  49000  rmse=0.0009134  max_abs_dA=0.001517  int_signed_dA=1.847e-13  int_abs_dA=1.87e-13  A_min=0.0008154  max_dA_fwd=-5.566e-06
  [shape] epoch  49250  rmse=0.0009074  max_abs_dA=0.001507  int_signed_dA=1.834e-13  int_abs_dA=1.86e-13  A_min=0.0008155  max_dA_fwd=-5.57e-06
  [shape] epoch  49500  rmse=0.0009052  max_abs_dA=0.001503  int_signed_dA=1.829e-13  int_abs_dA=1.854e-13  A_min=0.0008129  max_dA_fwd=-5.577e-06
  [shape] epoch  49750  rmse=0.0009102  max_abs_dA=0.001509  int_signed_dA=1.843e-13  int_abs_dA=1.868e-13  A_min=0.0008164  max_dA_fwd=-5.584e-06
  [shape] epoch  50000  rmse=0.0008974  max_abs_dA=0.001484  int_signed_dA=1.817e-13  int_abs_dA=1.849e-13  A_min=0.0008251  max_dA_fwd=-5.585e-06
  [shape] epoch  50250  rmse=0.0009055  max_abs_dA=0.0015  int_signed_dA=1.831e-13  int_abs_dA=1.858e-13  A_min=0.0008163  max_dA_fwd=-5.596e-06
  [shape] epoch  50500  rmse=0.0008996  max_abs_dA=0.001494  int_signed_dA=1.815e-13  int_abs_dA=1.843e-13  A_min=0.000807  max_dA_fwd=-5.602e-06
  [shape] epoch  50750  rmse=0.0009042  max_abs_dA=0.0015  int_signed_dA=1.826e-13  int_abs_dA=1.853e-13  A_min=0.0008079  max_dA_fwd=-5.61e-06
  [shape] epoch  51000  rmse=0.0009154  max_abs_dA=0.001518  int_signed_dA=1.851e-13  int_abs_dA=1.874e-13  A_min=0.0008079  max_dA_fwd=-5.619e-06
  [shape] epoch  51250  rmse=0.0009187  max_abs_dA=0.001521  int_signed_dA=1.86e-13  int_abs_dA=1.883e-13  A_min=0.0008111  max_dA_fwd=-5.626e-06
  [shape] epoch  51500  rmse=0.000922  max_abs_dA=0.001536  int_signed_dA=1.858e-13  int_abs_dA=1.876e-13  A_min=0.000785  max_dA_fwd=-5.639e-06
  [shape] epoch  51750  rmse=0.0009145  max_abs_dA=0.001516  int_signed_dA=1.848e-13  int_abs_dA=1.872e-13  A_min=0.0008028  max_dA_fwd=-5.639e-06
  [shape] epoch  52000  rmse=0.0009089  max_abs_dA=0.001507  int_signed_dA=1.835e-13  int_abs_dA=1.86e-13  A_min=0.0008004  max_dA_fwd=-5.645e-06
  [shape] epoch  52250  rmse=0.0009056  max_abs_dA=0.001502  int_signed_dA=1.829e-13  int_abs_dA=1.854e-13  A_min=0.0007982  max_dA_fwd=-5.65e-06
  [shape] epoch  52500  rmse=0.0009308  max_abs_dA=0.001542  int_signed_dA=1.885e-13  int_abs_dA=1.903e-13  A_min=0.0008006  max_dA_fwd=-5.662e-06
  [shape] epoch  52750  rmse=0.0009149  max_abs_dA=0.001515  int_signed_dA=1.85e-13  int_abs_dA=1.875e-13  A_min=0.0008017  max_dA_fwd=-5.664e-06
  [shape] epoch  53000  rmse=0.0009192  max_abs_dA=0.001522  int_signed_dA=1.859e-13  int_abs_dA=1.881e-13  A_min=0.0007991  max_dA_fwd=-5.672e-06
  [shape] epoch  53250  rmse=0.0009308  max_abs_dA=0.001541  int_signed_dA=1.884e-13  int_abs_dA=1.904e-13  A_min=0.0007994  max_dA_fwd=-5.681e-06
  [shape] epoch  53500  rmse=0.0009186  max_abs_dA=0.001521  int_signed_dA=1.858e-13  int_abs_dA=1.881e-13  A_min=0.0007969  max_dA_fwd=-5.684e-06
  [shape] epoch  53750  rmse=0.0009175  max_abs_dA=0.001519  int_signed_dA=1.855e-13  int_abs_dA=1.878e-13  A_min=0.0007955  max_dA_fwd=-5.689e-06
  [shape] epoch  54000  rmse=0.0009163  max_abs_dA=0.001518  int_signed_dA=1.852e-13  int_abs_dA=1.874e-13  A_min=0.0007911  max_dA_fwd=-5.696e-06
  [shape] epoch  54250  rmse=0.0009156  max_abs_dA=0.001515  int_signed_dA=1.851e-13  int_abs_dA=1.875e-13  A_min=0.0007946  max_dA_fwd=-5.701e-06
  [shape] epoch  54500  rmse=0.0009181  max_abs_dA=0.001517  int_signed_dA=1.859e-13  int_abs_dA=1.883e-13  A_min=0.000799  max_dA_fwd=-5.706e-06
  [shape] epoch  54750  rmse=0.0009178  max_abs_dA=0.00152  int_signed_dA=1.856e-13  int_abs_dA=1.878e-13  A_min=0.0007901  max_dA_fwd=-5.714e-06
  [shape] epoch  55000  rmse=0.0009205  max_abs_dA=0.001522  int_signed_dA=1.863e-13  int_abs_dA=1.885e-13  A_min=0.0007931  max_dA_fwd=-5.719e-06
  [shape] epoch  55250  rmse=0.0009184  max_abs_dA=0.001519  int_signed_dA=1.858e-13  int_abs_dA=1.881e-13  A_min=0.0007916  max_dA_fwd=-5.725e-06
  [shape] epoch  55500  rmse=0.0009022  max_abs_dA=0.001492  int_signed_dA=1.822e-13  int_abs_dA=1.851e-13  A_min=0.0007897  max_dA_fwd=-5.726e-06
  [shape] epoch  55750  rmse=0.0009222  max_abs_dA=0.001522  int_signed_dA=1.869e-13  int_abs_dA=1.892e-13  A_min=0.0007957  max_dA_fwd=-5.735e-06
  [shape] epoch  56000  rmse=0.0009206  max_abs_dA=0.001521  int_signed_dA=1.864e-13  int_abs_dA=1.887e-13  A_min=0.0007908  max_dA_fwd=-5.742e-06
  [shape] epoch  56250  rmse=0.0009191  max_abs_dA=0.001519  int_signed_dA=1.86e-13  int_abs_dA=1.883e-13  A_min=0.0007889  max_dA_fwd=-5.747e-06
  [shape] epoch  56500  rmse=0.0009167  max_abs_dA=0.001516  int_signed_dA=1.854e-13  int_abs_dA=1.878e-13  A_min=0.0007861  max_dA_fwd=-5.752e-06
  [shape] epoch  56750  rmse=0.0009197  max_abs_dA=0.001521  int_signed_dA=1.86e-13  int_abs_dA=1.882e-13  A_min=0.0007836  max_dA_fwd=-5.759e-06
  [shape] epoch  57000  rmse=0.0009186  max_abs_dA=0.001522  int_signed_dA=1.854e-13  int_abs_dA=1.876e-13  A_min=0.0007747  max_dA_fwd=-5.765e-06
  [shape] epoch  57250  rmse=0.0009212  max_abs_dA=0.001522  int_signed_dA=1.865e-13  int_abs_dA=1.887e-13  A_min=0.0007856  max_dA_fwd=-5.769e-06
  [shape] epoch  57500  rmse=0.0009196  max_abs_dA=0.001519  int_signed_dA=1.861e-13  int_abs_dA=1.884e-13  A_min=0.0007845  max_dA_fwd=-5.774e-06
  [shape] epoch  57750  rmse=0.0009191  max_abs_dA=0.001513  int_signed_dA=1.864e-13  int_abs_dA=1.89e-13  A_min=0.0007954  max_dA_fwd=-5.776e-06
  [shape] epoch  58000  rmse=0.0009205  max_abs_dA=0.001521  int_signed_dA=1.862e-13  int_abs_dA=1.884e-13  A_min=0.0007798  max_dA_fwd=-5.785e-06
  [shape] epoch  58250  rmse=0.0009181  max_abs_dA=0.001516  int_signed_dA=1.857e-13  int_abs_dA=1.881e-13  A_min=0.0007818  max_dA_fwd=-5.789e-06
  [shape] epoch  58500  rmse=0.0009174  max_abs_dA=0.001512  int_signed_dA=1.857e-13  int_abs_dA=1.883e-13  A_min=0.0007876  max_dA_fwd=-5.792e-06
  [shape] epoch  58750  rmse=0.0009217  max_abs_dA=0.001522  int_signed_dA=1.865e-13  int_abs_dA=1.887e-13  A_min=0.0007793  max_dA_fwd=-5.8e-06
  [shape] epoch  59000  rmse=0.0009215  max_abs_dA=0.001521  int_signed_dA=1.865e-13  int_abs_dA=1.887e-13  A_min=0.000779  max_dA_fwd=-5.805e-06
  [shape] epoch  59250  rmse=0.0009211  max_abs_dA=0.001521  int_signed_dA=1.863e-13  int_abs_dA=1.886e-13  A_min=0.0007768  max_dA_fwd=-5.81e-06
  [shape] epoch  59500  rmse=0.0009176  max_abs_dA=0.001513  int_signed_dA=1.857e-13  int_abs_dA=1.882e-13  A_min=0.0007816  max_dA_fwd=-5.813e-06
  [shape] epoch  59750  rmse=0.0009211  max_abs_dA=0.001522  int_signed_dA=1.862e-13  int_abs_dA=1.885e-13  A_min=0.0007734  max_dA_fwd=-5.82e-06
  [shape] epoch  59999  rmse=0.0009235  max_abs_dA=0.001525  int_signed_dA=1.869e-13  int_abs_dA=1.891e-13  A_min=0.0007751  max_dA_fwd=-5.825e-06
[spectral-pn] spn-L0.1-s0: loss 3.568e-03 -> 4.296e-08 (x83063 drop)
[spectral-pn] RMSE=0.0009 max|dA|=0.0015 gamma_eff=2.9856e+10 gamma_ratio=0.9944
[spectral-pn] snapshot=final best_epoch=59999 best_loss=4.296e-08 final_loss=4.296e-08
[spectral-pn-shape] cancel=0.988 int_signed_dA=1.8689e-13 int_abs_dA=1.8907e-13 A_min=7.7507e-04 max_dA_fwd=-5.8250e-06
[spectral-pn] saved: runs/transient/pn_corridor_seedrep_L0.1/seedrep_L0.1_2d_s0
