PINN-BTE Training Log
Run ID: 20260704_112310
Started: 2026-07-04T11:23:14.370049
======================================================================

                    INFO     Logging to:                                        
                             runs/transient/1d_nongray_large_dt_1.0um_100K/20260
                             704_112310/training_20260704_112310.log            
                    INFO     Logging to:                                        
                             runs/transient/1d_nongray_large_dt_1.0um_100K/20260
                             704_112310/training_20260704_112310.log            
[07/04/26 11:23:15] INFO     Started W&B run: tr_1d_ng_L1.0um_dT100K ·          
                             20260704_112310 (efqnclgi)                         
[07/04/26 11:23:15] INFO     Started W&B run: tr_1d_ng_L1.0um_dT100K ·          
                             20260704_112310 (efqnclgi)                         

Phase 1: Pretraining β-network
  Temperature range: [250K, 350K]
  Epochs: 200
     0.2s | Epoch     0 | β Loss = 1.28e+00
  β pretraining complete! Final loss: 1.12e-01
╭───────────────────────────── Starting Training ──────────────────────────────╮
│   Mode      Transient_Nongray_LargeDT                                        │
│   Epochs    15000                                                            │
│   Device    cuda                                                             │
│   Run ID    20260704_112310                                                  │
╰──────────────────────────────────────────────────────────────────────────────╯

Phase 2: BTE Training
  L = 1.0 μm, ΔT = 100.0K
  T range: [250K, 350K]
  Kn_eff = 0.1015
  τ(T) model = holland (full branch-resolved Holland--Callaway)
  Waypoints: 5 (uniform), weight=0.0
  ALL 60 modes × ALL 16 angles (vectorized)
  Epochs: 15000
     0.8s | Epoch     0 | BTE=6.33e+00 | Energy=1.29e+00 | BC=5.45e-04 | 
IC_n=5.57e-04 | IC_T=0.00e+00 | dT=0.00e+00 | WP=1.10e+01 | GE=1.58e-04 | 
Amp=0.00e+00 | Total=1.86e+01
   115.1s | Epoch   200 | BTE=1.56e+00 | Energy=8.29e-01 | BC=2.10e-02 | 
IC_n=2.83e-02 | IC_T=0.00e+00 | dT=0.00e+00 | WP=5.70e+00 | GE=2.32e-05 | 
Amp=0.00e+00 | Total=8.14e+00
   229.0s | Epoch   400 | BTE=1.49e+00 | Energy=6.99e-01 | BC=2.20e-02 | 
IC_n=2.31e-02 | IC_T=0.00e+00 | dT=0.00e+00 | WP=5.23e+00 | GE=3.20e-05 | 
Amp=0.00e+00 | Total=7.46e+00
   342.4s | Epoch   600 | BTE=1.29e+00 | Energy=5.52e-01 | BC=2.77e-02 | 
IC_n=1.79e-02 | IC_T=0.00e+00 | dT=0.00e+00 | WP=4.87e+00 | GE=1.50e-04 | 
Amp=0.00e+00 | Total=6.76e+00
   455.8s | Epoch   800 | BTE=1.12e+00 | Energy=4.61e-01 | BC=3.45e-02 | 
IC_n=1.68e-02 | IC_T=0.00e+00 | dT=0.00e+00 | WP=4.61e+00 | GE=2.03e-04 | 
Amp=0.00e+00 | Total=6.24e+00
   569.4s | Epoch  1000 | BTE=1.16e+00 | Energy=4.28e-01 | BC=2.60e-02 | 
IC_n=4.79e-03 | IC_T=0.00e+00 | dT=0.00e+00 | WP=4.60e+00 | GE=4.07e-05 | 
Amp=0.00e+00 | Total=6.21e+00
   682.6s | Epoch  1200 | BTE=1.05e+00 | Energy=4.02e-01 | BC=2.49e-02 | 
IC_n=7.57e-03 | IC_T=0.00e+00 | dT=0.00e+00 | WP=4.59e+00 | GE=1.05e-05 | 
Amp=0.00e+00 | Total=6.07e+00
   795.7s | Epoch  1400 | BTE=9.89e-01 | Energy=3.56e-01 | BC=2.72e-02 | 
IC_n=3.34e-03 | IC_T=0.00e+00 | dT=0.00e+00 | WP=4.60e+00 | GE=4.68e-05 | 
Amp=0.00e+00 | Total=5.98e+00
   908.6s | Epoch  1600 | BTE=1.02e+00 | Energy=3.24e-01 | BC=2.30e-02 | 
IC_n=2.74e-03 | IC_T=0.00e+00 | dT=0.00e+00 | WP=4.57e+00 | GE=3.74e-04 | 
Amp=0.00e+00 | Total=5.94e+00
  1021.6s | Epoch  1800 | BTE=9.88e-01 | Energy=3.33e-01 | BC=2.38e-02 | 
IC_n=2.19e-03 | IC_T=0.00e+00 | dT=0.00e+00 | WP=4.60e+00 | GE=4.05e-05 | 
Amp=0.00e+00 | Total=5.94e+00
  1135.7s | Epoch  2000 | BTE=9.49e-01 | Energy=2.88e-01 | BC=2.21e-02 | 
IC_n=2.28e-03 | IC_T=0.00e+00 | dT=0.00e+00 | WP=4.63e+00 | GE=1.09e-04 | 
Amp=0.00e+00 | Total=5.89e+00
  1249.8s | Epoch  2200 | BTE=8.88e-01 | Energy=3.19e-01 | BC=2.43e-02 | 
IC_n=6.94e-03 | IC_T=0.00e+00 | dT=0.00e+00 | WP=4.56e+00 | GE=1.85e-04 | 
Amp=0.00e+00 | Total=5.80e+00
  1362.5s | Epoch  2400 | BTE=8.55e-01 | Energy=2.73e-01 | BC=2.29e-02 | 
IC_n=5.06e-03 | IC_T=0.00e+00 | dT=0.00e+00 | WP=4.62e+00 | GE=1.78e-04 | 
Amp=0.00e+00 | Total=5.78e+00
  1476.2s | Epoch  2600 | BTE=9.69e-01 | Energy=2.86e-01 | BC=2.35e-02 | 
IC_n=1.39e-03 | IC_T=0.00e+00 | dT=0.00e+00 | WP=4.58e+00 | GE=4.07e-05 | 
Amp=0.00e+00 | Total=5.86e+00
  1590.5s | Epoch  2800 | BTE=8.25e-01 | Energy=3.01e-01 | BC=2.38e-02 | 
IC_n=8.37e-03 | IC_T=0.00e+00 | dT=0.00e+00 | WP=4.43e+00 | GE=1.56e-04 | 
Amp=0.00e+00 | Total=5.58e+00
  1704.7s | Epoch  3000 | BTE=9.83e-01 | Energy=2.97e-01 | BC=2.07e-02 | 
IC_n=1.18e-03 | IC_T=0.00e+00 | dT=0.00e+00 | WP=4.49e+00 | GE=2.61e-04 | 
Amp=0.00e+00 | Total=5.79e+00
  1819.1s | Epoch  3200 | BTE=9.37e-01 | Energy=3.05e-01 | BC=2.24e-02 | 
IC_n=2.18e-03 | IC_T=0.00e+00 | dT=0.00e+00 | WP=4.60e+00 | GE=1.23e-04 | 
Amp=0.00e+00 | Total=5.86e+00
  1932.9s | Epoch  3400 | BTE=9.92e-01 | Energy=2.85e-01 | BC=2.70e-02 | 
IC_n=1.37e-03 | IC_T=0.00e+00 | dT=0.00e+00 | WP=4.53e+00 | GE=6.89e-05 | 
Amp=0.00e+00 | Total=5.83e+00
  2047.7s | Epoch  3600 | BTE=8.64e-01 | Energy=2.57e-01 | BC=2.39e-02 | 
IC_n=5.83e-03 | IC_T=0.00e+00 | dT=0.00e+00 | WP=4.52e+00 | GE=6.04e-04 | 
Amp=0.00e+00 | Total=5.67e+00
  2161.1s | Epoch  3800 | BTE=8.75e-01 | Energy=2.62e-01 | BC=2.12e-02 | 
IC_n=7.13e-03 | IC_T=0.00e+00 | dT=0.00e+00 | WP=4.50e+00 | GE=5.41e-06 | 
Amp=0.00e+00 | Total=5.67e+00
  2275.1s | Epoch  4000 | BTE=8.15e-01 | Energy=2.73e-01 | BC=2.25e-02 | 
IC_n=7.48e-03 | IC_T=0.00e+00 | dT=0.00e+00 | WP=4.43e+00 | GE=8.09e-07 | 
Amp=0.00e+00 | Total=5.54e+00
  2390.5s | Epoch  4200 | BTE=8.99e-01 | Energy=2.20e-01 | BC=2.33e-02 | 
IC_n=2.37e-03 | IC_T=0.00e+00 | dT=0.00e+00 | WP=4.32e+00 | GE=9.37e-05 | 
Amp=0.00e+00 | Total=5.47e+00
  2504.1s | Epoch  4400 | BTE=7.65e-01 | Energy=2.42e-01 | BC=2.03e-02 | 
IC_n=4.63e-03 | IC_T=0.00e+00 | dT=0.00e+00 | WP=4.13e+00 | GE=1.30e-07 | 
Amp=0.00e+00 | Total=5.16e+00
  2618.3s | Epoch  4600 | BTE=7.40e-01 | Energy=2.18e-01 | BC=1.98e-02 | 
IC_n=3.86e-03 | IC_T=0.00e+00 | dT=0.00e+00 | WP=3.72e+00 | GE=1.18e-04 | 
Amp=0.00e+00 | Total=4.70e+00
  2731.3s | Epoch  4800 | BTE=6.59e-01 | Energy=1.76e-01 | BC=1.53e-02 | 
IC_n=1.66e-03 | IC_T=0.00e+00 | dT=0.00e+00 | WP=3.25e+00 | GE=1.21e-05 | 
Amp=0.00e+00 | Total=4.11e+00
  2845.3s | Epoch  5000 | BTE=5.34e-01 | Energy=1.35e-01 | BC=1.25e-02 | 
IC_n=1.27e-03 | IC_T=0.00e+00 | dT=0.00e+00 | WP=2.64e+00 | GE=1.18e-05 | 
Amp=0.00e+00 | Total=3.32e+00
  2958.0s | Epoch  5200 | BTE=4.29e-01 | Energy=1.06e-01 | BC=1.05e-02 | 
IC_n=1.27e-03 | IC_T=0.00e+00 | dT=0.00e+00 | WP=1.90e+00 | GE=1.39e-04 | 
Amp=0.00e+00 | Total=2.45e+00
  3072.1s | Epoch  5400 | BTE=3.40e-01 | Energy=6.56e-02 | BC=6.97e-03 | 
IC_n=1.25e-03 | IC_T=0.00e+00 | dT=0.00e+00 | WP=1.34e+00 | GE=1.58e-04 | 
Amp=0.00e+00 | Total=1.75e+00
  3186.5s | Epoch  5600 | BTE=3.09e-01 | Energy=5.44e-02 | BC=5.12e-03 | 
IC_n=1.41e-03 | IC_T=0.00e+00 | dT=0.00e+00 | WP=9.80e-01 | GE=1.85e-05 | 
Amp=0.00e+00 | Total=1.35e+00
  3299.8s | Epoch  5800 | BTE=2.92e-01 | Energy=5.15e-02 | BC=3.96e-03 | 
IC_n=1.49e-03 | IC_T=0.00e+00 | dT=0.00e+00 | WP=7.05e-01 | GE=3.02e-08 | 
Amp=0.00e+00 | Total=1.05e+00
  3413.6s | Epoch  6000 | BTE=2.23e-01 | Energy=4.27e-02 | BC=3.16e-03 | 
IC_n=1.15e-03 | IC_T=0.00e+00 | dT=0.00e+00 | WP=4.67e-01 | GE=2.75e-07 | 
Amp=0.00e+00 | Total=7.37e-01
  3526.3s | Epoch  6200 | BTE=2.24e-01 | Energy=2.67e-02 | BC=2.44e-03 | 
IC_n=1.53e-03 | IC_T=0.00e+00 | dT=0.00e+00 | WP=3.78e-01 | GE=4.93e-06 | 
Amp=0.00e+00 | Total=6.33e-01
  3640.3s | Epoch  6400 | BTE=2.19e-01 | Energy=1.89e-02 | BC=1.79e-03 | 
IC_n=1.77e-03 | IC_T=0.00e+00 | dT=0.00e+00 | WP=3.29e-01 | GE=1.62e-05 | 
Amp=0.00e+00 | Total=5.71e-01
  3752.5s | Epoch  6600 | BTE=1.63e-01 | Energy=2.49e-02 | BC=1.60e-03 | 
IC_n=2.09e-03 | IC_T=0.00e+00 | dT=0.00e+00 | WP=2.47e-01 | GE=3.45e-05 | 
Amp=0.00e+00 | Total=4.39e-01
  3866.3s | Epoch  6800 | BTE=1.38e-01 | Energy=1.46e-02 | BC=1.25e-03 | 
IC_n=2.70e-03 | IC_T=0.00e+00 | dT=0.00e+00 | WP=1.98e-01 | GE=1.17e-05 | 
Amp=0.00e+00 | Total=3.54e-01
  3979.5s | Epoch  7000 | BTE=1.68e-01 | Energy=1.30e-02 | BC=1.07e-03 | 
IC_n=2.68e-03 | IC_T=0.00e+00 | dT=0.00e+00 | WP=1.79e-01 | GE=8.94e-06 | 
Amp=0.00e+00 | Total=3.63e-01
  4092.4s | Epoch  7200 | BTE=1.42e-01 | Energy=1.15e-02 | BC=1.05e-03 | 
IC_n=3.00e-03 | IC_T=0.00e+00 | dT=0.00e+00 | WP=1.35e-01 | GE=7.13e-06 | 
Amp=0.00e+00 | Total=2.92e-01
  4205.8s | Epoch  7400 | BTE=1.53e-01 | Energy=1.17e-02 | BC=8.54e-04 | 
IC_n=3.47e-03 | IC_T=0.00e+00 | dT=0.00e+00 | WP=1.06e-01 | GE=9.31e-06 | 
Amp=0.00e+00 | Total=2.75e-01
  4320.0s | Epoch  7600 | BTE=1.14e-01 | Energy=1.23e-02 | BC=8.21e-04 | 
IC_n=3.65e-03 | IC_T=0.00e+00 | dT=0.00e+00 | WP=1.08e-01 | GE=2.94e-08 | 
Amp=0.00e+00 | Total=2.38e-01
  4433.5s | Epoch  7800 | BTE=1.19e-01 | Energy=9.35e-03 | BC=6.57e-04 | 
IC_n=3.03e-03 | IC_T=0.00e+00 | dT=0.00e+00 | WP=9.00e-02 | GE=9.52e-06 | 
Amp=0.00e+00 | Total=2.22e-01
  4546.5s | Epoch  8000 | BTE=1.07e-01 | Energy=8.35e-03 | BC=6.17e-04 | 
IC_n=3.21e-03 | IC_T=0.00e+00 | dT=0.00e+00 | WP=8.40e-02 | GE=1.14e-05 | 
Amp=0.00e+00 | Total=2.03e-01
  4661.2s | Epoch  8200 | BTE=7.95e-02 | Energy=8.13e-03 | BC=6.48e-04 | 
IC_n=2.97e-03 | IC_T=0.00e+00 | dT=0.00e+00 | WP=6.86e-02 | GE=7.75e-07 | 
Amp=0.00e+00 | Total=1.60e-01
  4774.9s | Epoch  8400 | BTE=8.23e-02 | Energy=8.17e-03 | BC=5.35e-04 | 
IC_n=3.51e-03 | IC_T=0.00e+00 | dT=0.00e+00 | WP=5.40e-02 | GE=9.41e-06 | 
Amp=0.00e+00 | Total=1.49e-01
  4888.9s | Epoch  8600 | BTE=8.68e-02 | Energy=7.78e-03 | BC=4.95e-04 | 
IC_n=3.74e-03 | IC_T=0.00e+00 | dT=0.00e+00 | WP=5.63e-02 | GE=3.17e-06 | 
Amp=0.00e+00 | Total=1.55e-01
  5001.9s | Epoch  8800 | BTE=7.93e-02 | Energy=7.60e-03 | BC=4.35e-04 | 
IC_n=3.26e-03 | IC_T=0.00e+00 | dT=0.00e+00 | WP=5.20e-02 | GE=7.79e-07 | 
Amp=0.00e+00 | Total=1.43e-01
  5114.9s | Epoch  9000 | BTE=8.99e-02 | Energy=5.54e-03 | BC=3.96e-04 | 
IC_n=3.62e-03 | IC_T=0.00e+00 | dT=0.00e+00 | WP=5.18e-02 | GE=3.07e-06 | 
Amp=0.00e+00 | Total=1.51e-01
  5227.8s | Epoch  9200 | BTE=5.72e-02 | Energy=6.22e-03 | BC=3.75e-04 | 
IC_n=3.85e-03 | IC_T=0.00e+00 | dT=0.00e+00 | WP=4.66e-02 | GE=6.72e-06 | 
Amp=0.00e+00 | Total=1.14e-01
  5340.8s | Epoch  9400 | BTE=6.17e-02 | Energy=7.87e-03 | BC=3.56e-04 | 
IC_n=3.37e-03 | IC_T=0.00e+00 | dT=0.00e+00 | WP=4.06e-02 | GE=2.50e-08 | 
Amp=0.00e+00 | Total=1.14e-01
  5454.7s | Epoch  9600 | BTE=6.01e-02 | Energy=6.14e-03 | BC=3.35e-04 | 
IC_n=3.97e-03 | IC_T=0.00e+00 | dT=0.00e+00 | WP=3.81e-02 | GE=2.38e-06 | 
Amp=0.00e+00 | Total=1.09e-01
  5568.5s | Epoch  9800 | BTE=6.42e-02 | Energy=6.88e-03 | BC=3.41e-04 | 
IC_n=4.70e-03 | IC_T=0.00e+00 | dT=0.00e+00 | WP=3.72e-02 | GE=2.61e-06 | 
Amp=0.00e+00 | Total=1.13e-01
  5682.2s | Epoch 10000 | BTE=4.42e-02 | Energy=6.45e-03 | BC=3.48e-04 | 
IC_n=3.54e-03 | IC_T=0.00e+00 | dT=0.00e+00 | WP=3.32e-02 | GE=1.83e-07 | 
Amp=0.00e+00 | Total=8.77e-02
  5797.7s | Epoch 10200 | BTE=5.57e-02 | Energy=1.73e-02 | BC=3.03e-04 | 
IC_n=4.71e-03 | IC_T=0.00e+00 | dT=0.00e+00 | WP=3.28e-02 | GE=6.66e-06 | 
Amp=0.00e+00 | Total=1.11e-01
  5910.3s | Epoch 10400 | BTE=3.83e-02 | Energy=4.61e-03 | BC=2.95e-04 | 
IC_n=4.42e-03 | IC_T=0.00e+00 | dT=0.00e+00 | WP=3.01e-02 | GE=1.01e-07 | 
Amp=0.00e+00 | Total=7.78e-02
  6023.8s | Epoch 10600 | BTE=2.93e-02 | Energy=2.77e-03 | BC=2.76e-04 | 
IC_n=2.80e-03 | IC_T=0.00e+00 | dT=0.00e+00 | WP=2.97e-02 | GE=6.86e-06 | 
Amp=0.00e+00 | Total=6.49e-02
  6136.8s | Epoch 10800 | BTE=3.75e-02 | Energy=3.31e-03 | BC=2.69e-04 | 
IC_n=3.38e-03 | IC_T=0.00e+00 | dT=0.00e+00 | WP=2.56e-02 | GE=1.10e-05 | 
Amp=0.00e+00 | Total=7.01e-02
  6250.7s | Epoch 11000 | BTE=3.63e-02 | Energy=4.75e-03 | BC=2.65e-04 | 
IC_n=3.91e-03 | IC_T=0.00e+00 | dT=0.00e+00 | WP=2.32e-02 | GE=9.75e-07 | 
Amp=0.00e+00 | Total=6.84e-02
  6364.3s | Epoch 11200 | BTE=4.01e-02 | Energy=4.48e-03 | BC=2.50e-04 | 
IC_n=3.86e-03 | IC_T=0.00e+00 | dT=0.00e+00 | WP=2.37e-02 | GE=4.57e-07 | 
Amp=0.00e+00 | Total=7.23e-02
  6478.8s | Epoch 11400 | BTE=3.43e-02 | Energy=3.49e-03 | BC=2.48e-04 | 
IC_n=3.06e-03 | IC_T=0.00e+00 | dT=0.00e+00 | WP=2.37e-02 | GE=2.05e-06 | 
Amp=0.00e+00 | Total=6.48e-02
  6591.8s | Epoch 11600 | BTE=3.41e-02 | Energy=2.80e-03 | BC=2.45e-04 | 
IC_n=3.08e-03 | IC_T=0.00e+00 | dT=0.00e+00 | WP=2.78e-02 | GE=7.82e-06 | 
Amp=0.00e+00 | Total=6.80e-02
  6706.0s | Epoch 11800 | BTE=2.83e-02 | Energy=3.15e-03 | BC=2.47e-04 | 
IC_n=3.25e-03 | IC_T=0.00e+00 | dT=0.00e+00 | WP=2.18e-02 | GE=9.75e-07 | 
Amp=0.00e+00 | Total=5.67e-02
  6819.4s | Epoch 12000 | BTE=2.30e-02 | Energy=4.61e-03 | BC=2.34e-04 | 
IC_n=3.45e-03 | IC_T=0.00e+00 | dT=0.00e+00 | WP=2.14e-02 | GE=1.04e-07 | 
Amp=0.00e+00 | Total=5.27e-02
  6933.0s | Epoch 12200 | BTE=3.17e-02 | Energy=3.73e-03 | BC=2.34e-04 | 
IC_n=3.41e-03 | IC_T=0.00e+00 | dT=0.00e+00 | WP=1.87e-02 | GE=9.27e-09 | 
Amp=0.00e+00 | Total=5.78e-02
  7047.7s | Epoch 12400 | BTE=2.12e-02 | Energy=2.90e-03 | BC=2.29e-04 | 
IC_n=3.34e-03 | IC_T=0.00e+00 | dT=0.00e+00 | WP=2.01e-02 | GE=8.08e-06 | 
Amp=0.00e+00 | Total=4.78e-02
  7162.8s | Epoch 12600 | BTE=1.67e-02 | Energy=3.68e-03 | BC=2.19e-04 | 
IC_n=4.32e-03 | IC_T=0.00e+00 | dT=0.00e+00 | WP=1.99e-02 | GE=6.98e-07 | 
Amp=0.00e+00 | Total=4.49e-02
  7275.0s | Epoch 12800 | BTE=2.21e-02 | Energy=2.41e-03 | BC=2.17e-04 | 
IC_n=3.49e-03 | IC_T=0.00e+00 | dT=0.00e+00 | WP=2.05e-02 | GE=4.73e-10 | 
Amp=0.00e+00 | Total=4.88e-02
  7388.9s | Epoch 13000 | BTE=2.25e-02 | Energy=4.35e-03 | BC=2.20e-04 | 
IC_n=4.40e-03 | IC_T=0.00e+00 | dT=0.00e+00 | WP=2.13e-02 | GE=4.65e-06 | 
Amp=0.00e+00 | Total=5.28e-02
  7503.5s | Epoch 13200 | BTE=1.76e-02 | Energy=2.15e-03 | BC=2.19e-04 | 
IC_n=3.10e-03 | IC_T=0.00e+00 | dT=0.00e+00 | WP=2.09e-02 | GE=8.99e-08 | 
Amp=0.00e+00 | Total=4.39e-02
  7615.8s | Epoch 13400 | BTE=1.99e-02 | Energy=2.54e-03 | BC=2.18e-04 | 
IC_n=3.39e-03 | IC_T=0.00e+00 | dT=0.00e+00 | WP=1.94e-02 | GE=3.71e-07 | 
Amp=0.00e+00 | Total=4.54e-02
  7727.4s | Epoch 13600 | BTE=2.44e-02 | Energy=2.41e-03 | BC=2.12e-04 | 
IC_n=3.22e-03 | IC_T=0.00e+00 | dT=0.00e+00 | WP=1.88e-02 | GE=5.14e-10 | 
Amp=0.00e+00 | Total=4.90e-02
  7841.0s | Epoch 13800 | BTE=2.03e-02 | Energy=2.08e-03 | BC=2.12e-04 | 
IC_n=3.15e-03 | IC_T=0.00e+00 | dT=0.00e+00 | WP=1.88e-02 | GE=4.92e-07 | 
Amp=0.00e+00 | Total=4.45e-02
  7954.3s | Epoch 14000 | BTE=1.55e-02 | Energy=2.15e-03 | BC=2.12e-04 | 
IC_n=3.21e-03 | IC_T=0.00e+00 | dT=0.00e+00 | WP=1.92e-02 | GE=1.56e-07 | 
Amp=0.00e+00 | Total=4.03e-02
  8068.5s | Epoch 14200 | BTE=2.18e-02 | Energy=2.09e-03 | BC=2.13e-04 | 
IC_n=3.19e-03 | IC_T=0.00e+00 | dT=0.00e+00 | WP=1.84e-02 | GE=3.76e-08 | 
Amp=0.00e+00 | Total=4.57e-02
  8182.4s | Epoch 14400 | BTE=1.97e-02 | Energy=1.95e-03 | BC=2.11e-04 | 
IC_n=3.20e-03 | IC_T=0.00e+00 | dT=0.00e+00 | WP=1.75e-02 | GE=2.94e-06 | 
Amp=0.00e+00 | Total=4.26e-02
  8296.9s | Epoch 14600 | BTE=1.87e-02 | Energy=2.32e-03 | BC=2.08e-04 | 
IC_n=3.25e-03 | IC_T=0.00e+00 | dT=0.00e+00 | WP=1.77e-02 | GE=1.39e-06 | 
Amp=0.00e+00 | Total=4.22e-02
  8409.7s | Epoch 14800 | BTE=1.67e-02 | Energy=2.11e-03 | BC=2.13e-04 | 
IC_n=3.18e-03 | IC_T=0.00e+00 | dT=0.00e+00 | WP=1.64e-02 | GE=7.28e-07 | 
Amp=0.00e+00 | Total=3.86e-02
╭───────────────────────────── Training Complete ──────────────────────────────╮
│   Time      8522.96s                                                         │
│   Output    runs/transient/1d_nongray_large_dt_1.0um_100K/20260704_112310    │
│   Saved     net_T_20260704_112310.pt                                         │
│   Saved     net_n_20260704_112310.pt                                         │
│   Saved     net_beta_20260704_112310.pt                                      │
╰──────────────────────────────────────────────────────────────────────────────╯
Results saved to: 
runs/transient/1d_nongray_large_dt_1.0um_100K/20260704_112310/20260704_112310_re
sults.npz
  Generating visualizations...
  Amplitude: A(0)=50.0000, A(end)=0.7712 (98.5% decay)
  Energy drift: 0.0095
  ⚠ Oscillation at t≈24τ
  Saved: 
runs/transient/1d_nongray_large_dt_1.0um_100K/20260704_112310/amplitude_decay_20
260704_112310.png

Done!
