[spectral-pn] case: L=0.5 um, Nk=20, L_max=8, run=20260907_212936
[spectral-pn] window t_end=1.934e-09 s (286.9 tau_ref), gamma_dom=3.6190e+09 Hz
[spectral-pn] window mode=n_decay rule=n_decay (t_1% at 0.01*A0: nan s; n_dec=7/gamma_dom: 1.9342e-09 s)
  epoch      0  residual 2.170e-02
  epoch    250  residual 3.261e-04
  epoch    500  residual 1.349e-04
  epoch    750  residual 1.569e-04
  epoch   1000  residual 5.874e-05
  epoch   1250  residual 4.618e-05
  epoch   1500  residual 3.069e-05
  epoch   1750  residual 2.319e-05
  epoch   2000  residual 2.412e-05
  epoch   2250  residual 2.459e-05
  epoch   2500  residual 3.970e-05
  epoch   2750  residual 1.103e-05
  epoch   3000  residual 9.463e-06
  epoch   3250  residual 8.100e-06
  epoch   3500  residual 7.118e-06
  epoch   3750  residual 6.335e-06
  epoch   4000  residual 5.693e-06
  epoch   4250  residual 1.175e-05
  epoch   4500  residual 9.484e-06
  epoch   4750  residual 4.317e-06
  epoch   5000  residual 3.900e-06
  epoch   5250  residual 3.662e-06
  epoch   5500  residual 3.520e-06
  epoch   5750  residual 3.201e-06
  epoch   6000  residual 3.129e-06
  epoch   6250  residual 3.060e-06
  epoch   6500  residual 2.801e-06
  epoch   6750  residual 2.533e-06
  epoch   7000  residual 2.415e-06
  epoch   7250  residual 2.236e-06
  epoch   7500  residual 3.388e-06
  epoch   7750  residual 1.331e-05
  epoch   8000  residual 2.474e-06
  epoch   8250  residual 1.824e-06
  epoch   8500  residual 1.792e-06
  epoch   8750  residual 3.468e-06
  epoch   9000  residual 1.634e-06
  epoch   9250  residual 1.596e-06
  epoch   9500  residual 7.433e-06
  epoch   9750  residual 1.914e-05
  epoch  10000  residual 4.574e-06
  epoch  10250  residual 1.285e-06
  epoch  10500  residual 1.932e-06
  epoch  10750  residual 6.677e-06
  epoch  11000  residual 1.133e-06
  epoch  11250  residual 1.694e-06
  epoch  11500  residual 1.083e-06
  epoch  11750  residual 1.028e-06
  epoch  12000  residual 9.815e-07
  epoch  12250  residual 1.521e-06
  epoch  12500  residual 2.423e-06
  epoch  12750  residual 1.203e-06
  epoch  13000  residual 1.254e-06
  epoch  13250  residual 1.047e-06
  epoch  13500  residual 8.694e-07
  epoch  13750  residual 1.098e-06
  epoch  14000  residual 1.282e-06
  epoch  14250  residual 7.582e-07
  epoch  14500  residual 8.930e-07
  epoch  14750  residual 4.370e-06
  epoch  15000  residual 6.847e-07
  epoch  15250  residual 2.154e-06
  epoch  15500  residual 3.265e-06
  epoch  15750  residual 9.113e-07
  epoch  16000  residual 1.055e-06
  epoch  16250  residual 1.061e-06
  epoch  16500  residual 9.648e-07
  epoch  16750  residual 4.137e-06
  epoch  17000  residual 1.001e-06
  epoch  17250  residual 9.081e-07
  epoch  17500  residual 5.616e-07
  epoch  17750  residual 1.026e-06
  epoch  18000  residual 8.076e-07
  epoch  18250  residual 2.151e-06
  epoch  18500  residual 1.548e-06
  epoch  18750  residual 9.419e-07
  epoch  19000  residual 8.069e-07
  epoch  19250  residual 4.793e-07
  epoch  19500  residual 4.803e-07
  epoch  19750  residual 9.792e-07
  epoch  20000  residual 9.050e-07
  epoch  20250  residual 5.553e-07
  epoch  20500  residual 7.222e-07
  epoch  20750  residual 1.947e-06
  epoch  21000  residual 4.870e-07
  epoch  21250  residual 5.279e-07
  epoch  21500  residual 4.059e-07
  epoch  21750  residual 4.265e-06
  epoch  22000  residual 4.372e-07
  epoch  22250  residual 3.894e-07
  epoch  22500  residual 3.768e-07
  epoch  22750  residual 5.541e-07
  epoch  23000  residual 7.859e-07
  epoch  23250  residual 6.975e-07
  epoch  23500  residual 7.812e-07
  epoch  23750  residual 2.871e-06
  epoch  24000  residual 4.255e-07
  epoch  24250  residual 8.449e-07
  epoch  24500  residual 3.480e-07
  epoch  24750  residual 8.977e-07
  epoch  25000  residual 4.752e-07
  epoch  25250  residual 1.759e-06
  epoch  25500  residual 4.195e-07
  epoch  25750  residual 4.783e-07
  epoch  26000  residual 3.259e-07
  epoch  26250  residual 4.065e-07
  epoch  26500  residual 3.195e-07
  epoch  26750  residual 1.013e-06
  epoch  27000  residual 3.048e-07
  epoch  27250  residual 4.453e-07
  epoch  27500  residual 8.236e-07
  epoch  27750  residual 3.604e-07
  epoch  28000  residual 1.060e-06
  epoch  28250  residual 7.267e-07
  epoch  28500  residual 3.096e-07
  epoch  28750  residual 2.610e-07
  epoch  29000  residual 2.573e-07
  epoch  29250  residual 4.735e-07
  epoch  29500  residual 2.688e-07
  epoch  29750  residual 2.859e-07
  epoch  30000  residual 4.378e-07
  epoch  30250  residual 3.754e-07
  epoch  30500  residual 2.934e-07
  epoch  30750  residual 2.825e-07
  epoch  31000  residual 2.677e-07
  epoch  31250  residual 4.296e-07
  epoch  31500  residual 2.354e-07
  epoch  31750  residual 2.198e-07
  epoch  32000  residual 2.326e-07
  epoch  32250  residual 6.240e-07
  epoch  32500  residual 7.425e-07
  epoch  32750  residual 2.141e-07
  epoch  33000  residual 3.501e-07
  epoch  33250  residual 3.564e-07
  epoch  33500  residual 5.250e-07
  epoch  33750  residual 3.872e-07
  epoch  34000  residual 2.770e-07
  epoch  34250  residual 2.013e-07
  epoch  34500  residual 2.729e-07
  epoch  34750  residual 5.979e-07
  epoch  35000  residual 2.662e-07
  epoch  35250  residual 2.649e-07
  epoch  35500  residual 2.605e-07
  epoch  35750  residual 3.117e-07
  epoch  36000  residual 2.676e-07
  epoch  36250  residual 6.038e-07
  epoch  36500  residual 1.735e-07
  epoch  36750  residual 4.200e-07
  epoch  37000  residual 2.515e-07
  epoch  37250  residual 1.736e-07
  epoch  37500  residual 4.414e-07
  epoch  37750  residual 3.722e-07
  epoch  38000  residual 6.395e-07
  epoch  38250  residual 2.932e-07
  epoch  38500  residual 7.152e-07
  epoch  38750  residual 1.780e-07
  epoch  39000  residual 1.604e-07
  epoch  39250  residual 3.191e-07
  epoch  39500  residual 2.070e-07
  epoch  39750  residual 2.088e-07
  epoch  40000  residual 2.305e-07
  epoch  40250  residual 2.237e-07
  epoch  40500  residual 1.503e-07
  epoch  40750  residual 1.574e-07
  epoch  41000  residual 1.742e-07
  epoch  41250  residual 1.560e-07
  epoch  41500  residual 1.728e-07
  epoch  41750  residual 1.441e-07
  epoch  42000  residual 1.645e-07
  epoch  42250  residual 1.584e-07
  epoch  42500  residual 2.402e-07
  epoch  42750  residual 1.489e-07
  epoch  43000  residual 1.454e-07
  epoch  43250  residual 2.513e-07
  epoch  43500  residual 2.408e-07
  epoch  43750  residual 2.674e-07
  epoch  44000  residual 1.374e-07
  epoch  44250  residual 1.517e-07
  epoch  44500  residual 2.476e-07
  epoch  44750  residual 3.807e-07
  epoch  45000  residual 1.504e-07
  epoch  45250  residual 1.724e-07
  epoch  45500  residual 1.361e-07
  epoch  45750  residual 1.340e-07
  epoch  46000  residual 2.365e-07
  epoch  46250  residual 1.653e-07
  epoch  46500  residual 1.648e-07
  epoch  46750  residual 1.397e-07
  epoch  47000  residual 1.576e-07
  epoch  47250  residual 1.259e-07
  epoch  47500  residual 1.689e-07
  epoch  47750  residual 1.373e-07
  epoch  48000  residual 1.245e-07
  epoch  48250  residual 1.238e-07
  epoch  48500  residual 1.471e-07
  epoch  48750  residual 1.592e-07
  epoch  49000  residual 1.218e-07
  epoch  49250  residual 1.187e-07
  epoch  49500  residual 1.174e-07
  epoch  49750  residual 1.199e-07
  epoch  50000  residual 1.292e-07
  epoch  50250  residual 1.226e-07
  epoch  50500  residual 1.345e-07
  epoch  50750  residual 1.168e-07
  epoch  51000  residual 1.219e-07
  epoch  51250  residual 1.190e-07
  epoch  51500  residual 1.141e-07
  epoch  51750  residual 1.217e-07
  epoch  52000  residual 1.124e-07
  epoch  52250  residual 1.143e-07
  epoch  52500  residual 1.150e-07
  epoch  52750  residual 1.471e-07
  epoch  53000  residual 1.139e-07
  epoch  53250  residual 1.086e-07
  epoch  53500  residual 1.109e-07
  epoch  53750  residual 1.077e-07
  epoch  54000  residual 1.072e-07
  epoch  54250  residual 1.437e-07
  epoch  54500  residual 1.065e-07
  epoch  54750  residual 1.061e-07
  epoch  55000  residual 1.058e-07
  epoch  55250  residual 1.043e-07
  epoch  55500  residual 1.053e-07
  epoch  55750  residual 1.104e-07
  epoch  56000  residual 1.033e-07
  epoch  56250  residual 1.030e-07
  epoch  56500  residual 1.019e-07
  epoch  56750  residual 1.025e-07
  epoch  57000  residual 1.019e-07
  epoch  57250  residual 1.040e-07
  epoch  57500  residual 1.048e-07
  epoch  57750  residual 9.993e-08
  epoch  58000  residual 9.942e-08
  epoch  58250  residual 9.978e-08
  epoch  58500  residual 9.906e-08
  epoch  58750  residual 1.022e-07
  epoch  59000  residual 9.784e-08
  epoch  59250  residual 1.021e-07
  epoch  59500  residual 9.738e-08
  epoch  59750  residual 1.015e-07
  epoch  59999  residual 9.723e-08
  [gamma] epoch      0  gamma_ratio 2.0861  residual 2.170e-02
  [gamma] epoch    250  gamma_ratio 0.8702  residual 3.261e-04
  [gamma] epoch    500  gamma_ratio 0.9439  residual 1.349e-04
  [gamma] epoch    750  gamma_ratio 0.9352  residual 1.569e-04
  [gamma] epoch   1000  gamma_ratio 0.9463  residual 5.874e-05
  [gamma] epoch   1250  gamma_ratio 0.9500  residual 4.618e-05
  [gamma] epoch   1500  gamma_ratio 0.9603  residual 3.069e-05
  [gamma] epoch   1750  gamma_ratio 0.9519  residual 2.319e-05
  [gamma] epoch   2000  gamma_ratio 0.9496  residual 2.412e-05
  [gamma] epoch   2250  gamma_ratio 0.9497  residual 2.459e-05
  [gamma] epoch   2500  gamma_ratio 0.9595  residual 3.970e-05
  [gamma] epoch   2750  gamma_ratio 0.9464  residual 1.103e-05
  [gamma] epoch   3000  gamma_ratio 0.9487  residual 9.463e-06
  [gamma] epoch   3250  gamma_ratio 0.9580  residual 8.100e-06
  [gamma] epoch   3500  gamma_ratio 0.9576  residual 7.118e-06
  [gamma] epoch   3750  gamma_ratio 0.9615  residual 6.335e-06
  [gamma] epoch   4000  gamma_ratio 0.9629  residual 5.693e-06
  [gamma] epoch   4250  gamma_ratio 0.9720  residual 1.175e-05
  [gamma] epoch   4500  gamma_ratio 0.9719  residual 9.484e-06
  [gamma] epoch   4750  gamma_ratio 0.9672  residual 4.317e-06
  [gamma] epoch   5000  gamma_ratio 0.9712  residual 3.900e-06
  [gamma] epoch   5250  gamma_ratio 0.9709  residual 3.662e-06
  [gamma] epoch   5500  gamma_ratio 0.9702  residual 3.520e-06
  [gamma] epoch   5750  gamma_ratio 0.9731  residual 3.201e-06
  [gamma] epoch   6000  gamma_ratio 0.9762  residual 3.129e-06
  [gamma] epoch   6250  gamma_ratio 0.9749  residual 3.060e-06
  [gamma] epoch   6500  gamma_ratio 0.9781  residual 2.801e-06
  [gamma] epoch   6750  gamma_ratio 0.9758  residual 2.533e-06
  [gamma] epoch   7000  gamma_ratio 0.9767  residual 2.415e-06
  [gamma] epoch   7250  gamma_ratio 0.9789  residual 2.236e-06
  [gamma] epoch   7500  gamma_ratio 0.9768  residual 3.388e-06
  [gamma] epoch   7750  gamma_ratio 0.9828  residual 1.331e-05
  [gamma] epoch   8000  gamma_ratio 0.9812  residual 2.474e-06
  [gamma] epoch   8250  gamma_ratio 0.9814  residual 1.824e-06
  [gamma] epoch   8500  gamma_ratio 0.9815  residual 1.792e-06
  [gamma] epoch   8750  gamma_ratio 0.9777  residual 3.468e-06
  [gamma] epoch   9000  gamma_ratio 0.9821  residual 1.634e-06
  [gamma] epoch   9250  gamma_ratio 0.9831  residual 1.596e-06
  [gamma] epoch   9500  gamma_ratio 0.9881  residual 7.433e-06
  [gamma] epoch   9750  gamma_ratio 0.9896  residual 1.914e-05
  [gamma] epoch  10000  gamma_ratio 0.9836  residual 4.574e-06
  [gamma] epoch  10250  gamma_ratio 0.9838  residual 1.285e-06
  [gamma] epoch  10500  gamma_ratio 0.9839  residual 1.932e-06
  [gamma] epoch  10750  gamma_ratio 0.9826  residual 6.677e-06
  [gamma] epoch  11000  gamma_ratio 0.9854  residual 1.133e-06
  [gamma] epoch  11250  gamma_ratio 0.9828  residual 1.694e-06
  [gamma] epoch  11500  gamma_ratio 0.9858  residual 1.083e-06
  [gamma] epoch  11750  gamma_ratio 0.9862  residual 1.028e-06
  [gamma] epoch  12000  gamma_ratio 0.9865  residual 9.815e-07
  [gamma] epoch  12250  gamma_ratio 0.9868  residual 1.521e-06
  [gamma] epoch  12500  gamma_ratio 0.9821  residual 2.423e-06
  [gamma] epoch  12750  gamma_ratio 0.9855  residual 1.203e-06
  [gamma] epoch  13000  gamma_ratio 0.9888  residual 1.254e-06
  [gamma] epoch  13250  gamma_ratio 0.9860  residual 1.047e-06
  [gamma] epoch  13500  gamma_ratio 0.9867  residual 8.694e-07
  [gamma] epoch  13750  gamma_ratio 0.9881  residual 1.098e-06
  [gamma] epoch  14000  gamma_ratio 0.9867  residual 1.282e-06
  [gamma] epoch  14250  gamma_ratio 0.9890  residual 7.582e-07
  [gamma] epoch  14500  gamma_ratio 0.9883  residual 8.930e-07
  [gamma] epoch  14750  gamma_ratio 0.9903  residual 4.370e-06
  [gamma] epoch  15000  gamma_ratio 0.9891  residual 6.847e-07
  [gamma] epoch  15250  gamma_ratio 0.9898  residual 2.154e-06
  [gamma] epoch  15500  gamma_ratio 0.9891  residual 3.265e-06
  [gamma] epoch  15750  gamma_ratio 0.9883  residual 9.113e-07
  [gamma] epoch  16000  gamma_ratio 0.9880  residual 1.055e-06
  [gamma] epoch  16250  gamma_ratio 0.9895  residual 1.061e-06
  [gamma] epoch  16500  gamma_ratio 0.9896  residual 9.648e-07
  [gamma] epoch  16750  gamma_ratio 0.9896  residual 4.137e-06
  [gamma] epoch  17000  gamma_ratio 0.9904  residual 1.001e-06
  [gamma] epoch  17250  gamma_ratio 0.9896  residual 9.081e-07
  [gamma] epoch  17500  gamma_ratio 0.9907  residual 5.616e-07
  [gamma] epoch  17750  gamma_ratio 0.9921  residual 1.026e-06
  [gamma] epoch  18000  gamma_ratio 0.9918  residual 8.076e-07
  [gamma] epoch  18250  gamma_ratio 0.9896  residual 2.151e-06
  [gamma] epoch  18500  gamma_ratio 0.9914  residual 1.548e-06
  [gamma] epoch  18750  gamma_ratio 0.9907  residual 9.419e-07
  [gamma] epoch  19000  gamma_ratio 0.9912  residual 8.069e-07
  [gamma] epoch  19250  gamma_ratio 0.9912  residual 4.793e-07
  [gamma] epoch  19500  gamma_ratio 0.9918  residual 4.803e-07
  [gamma] epoch  19750  gamma_ratio 0.9923  residual 9.792e-07
  [gamma] epoch  20000  gamma_ratio 0.9925  residual 9.050e-07
  [gamma] epoch  20250  gamma_ratio 0.9910  residual 5.553e-07
  [gamma] epoch  20500  gamma_ratio 0.9907  residual 7.222e-07
  [gamma] epoch  20750  gamma_ratio 0.9942  residual 1.947e-06
  [gamma] epoch  21000  gamma_ratio 0.9923  residual 4.870e-07
  [gamma] epoch  21250  gamma_ratio 0.9914  residual 5.279e-07
  [gamma] epoch  21500  gamma_ratio 0.9926  residual 4.059e-07
  [gamma] epoch  21750  gamma_ratio 0.9946  residual 4.265e-06
  [gamma] epoch  22000  gamma_ratio 0.9925  residual 4.372e-07
  [gamma] epoch  22250  gamma_ratio 0.9928  residual 3.894e-07
  [gamma] epoch  22500  gamma_ratio 0.9931  residual 3.768e-07
  [gamma] epoch  22750  gamma_ratio 0.9925  residual 5.541e-07
  [gamma] epoch  23000  gamma_ratio 0.9940  residual 7.859e-07
  [gamma] epoch  23250  gamma_ratio 0.9947  residual 6.975e-07
  [gamma] epoch  23500  gamma_ratio 0.9916  residual 7.812e-07
  [gamma] epoch  23750  gamma_ratio 0.9952  residual 2.871e-06
  [gamma] epoch  24000  gamma_ratio 0.9934  residual 4.255e-07
  [gamma] epoch  24250  gamma_ratio 0.9932  residual 8.449e-07
  [gamma] epoch  24500  gamma_ratio 0.9932  residual 3.480e-07
  [gamma] epoch  24750  gamma_ratio 0.9919  residual 8.977e-07
  [gamma] epoch  25000  gamma_ratio 0.9938  residual 4.752e-07
  [gamma] epoch  25250  gamma_ratio 0.9930  residual 1.759e-06
  [gamma] epoch  25500  gamma_ratio 0.9933  residual 4.195e-07
  [gamma] epoch  25750  gamma_ratio 0.9938  residual 4.783e-07
  [gamma] epoch  26000  gamma_ratio 0.9935  residual 3.259e-07
  [gamma] epoch  26250  gamma_ratio 0.9943  residual 4.065e-07
  [gamma] epoch  26500  gamma_ratio 0.9940  residual 3.195e-07
  [gamma] epoch  26750  gamma_ratio 0.9938  residual 1.013e-06
  [gamma] epoch  27000  gamma_ratio 0.9941  residual 3.048e-07
  [gamma] epoch  27250  gamma_ratio 0.9928  residual 4.453e-07
  [gamma] epoch  27500  gamma_ratio 0.9920  residual 8.236e-07
  [gamma] epoch  27750  gamma_ratio 0.9945  residual 3.604e-07
  [gamma] epoch  28000  gamma_ratio 0.9938  residual 1.060e-06
  [gamma] epoch  28250  gamma_ratio 0.9951  residual 7.267e-07
  [gamma] epoch  28500  gamma_ratio 0.9943  residual 3.096e-07
  [gamma] epoch  28750  gamma_ratio 0.9942  residual 2.610e-07
  [gamma] epoch  29000  gamma_ratio 0.9943  residual 2.573e-07
  [gamma] epoch  29250  gamma_ratio 0.9928  residual 4.735e-07
  [gamma] epoch  29500  gamma_ratio 0.9945  residual 2.688e-07
  [gamma] epoch  29750  gamma_ratio 0.9943  residual 2.859e-07
  [gamma] epoch  30000  gamma_ratio 0.9943  residual 4.378e-07
  [gamma] epoch  30250  gamma_ratio 0.9941  residual 3.754e-07
  [gamma] epoch  30500  gamma_ratio 0.9934  residual 2.934e-07
  [gamma] epoch  30750  gamma_ratio 0.9944  residual 2.825e-07
  [gamma] epoch  31000  gamma_ratio 0.9941  residual 2.677e-07
  [gamma] epoch  31250  gamma_ratio 0.9936  residual 4.296e-07
  [gamma] epoch  31500  gamma_ratio 0.9942  residual 2.354e-07
  [gamma] epoch  31750  gamma_ratio 0.9944  residual 2.198e-07
  [gamma] epoch  32000  gamma_ratio 0.9947  residual 2.326e-07
  [gamma] epoch  32250  gamma_ratio 0.9954  residual 6.240e-07
  [gamma] epoch  32500  gamma_ratio 0.9944  residual 7.425e-07
  [gamma] epoch  32750  gamma_ratio 0.9945  residual 2.141e-07
  [gamma] epoch  33000  gamma_ratio 0.9955  residual 3.501e-07
  [gamma] epoch  33250  gamma_ratio 0.9934  residual 3.564e-07
  [gamma] epoch  33500  gamma_ratio 0.9935  residual 5.250e-07
  [gamma] epoch  33750  gamma_ratio 0.9948  residual 3.872e-07
  [gamma] epoch  34000  gamma_ratio 0.9949  residual 2.770e-07
  [gamma] epoch  34250  gamma_ratio 0.9945  residual 2.013e-07
  [gamma] epoch  34500  gamma_ratio 0.9942  residual 2.729e-07
  [gamma] epoch  34750  gamma_ratio 0.9942  residual 5.979e-07
  [gamma] epoch  35000  gamma_ratio 0.9951  residual 2.662e-07
  [gamma] epoch  35250  gamma_ratio 0.9949  residual 2.649e-07
  [gamma] epoch  35500  gamma_ratio 0.9936  residual 2.605e-07
  [gamma] epoch  35750  gamma_ratio 0.9937  residual 3.117e-07
  [gamma] epoch  36000  gamma_ratio 0.9942  residual 2.676e-07
  [gamma] epoch  36250  gamma_ratio 0.9935  residual 6.038e-07
  [gamma] epoch  36500  gamma_ratio 0.9944  residual 1.735e-07
  [gamma] epoch  36750  gamma_ratio 0.9953  residual 4.200e-07
  [gamma] epoch  37000  gamma_ratio 0.9947  residual 2.515e-07
  [gamma] epoch  37250  gamma_ratio 0.9943  residual 1.736e-07
  [gamma] epoch  37500  gamma_ratio 0.9947  residual 4.414e-07
  [gamma] epoch  37750  gamma_ratio 0.9939  residual 3.722e-07
  [gamma] epoch  38000  gamma_ratio 0.9952  residual 6.395e-07
  [gamma] epoch  38250  gamma_ratio 0.9944  residual 2.932e-07
  [gamma] epoch  38500  gamma_ratio 0.9941  residual 7.152e-07
  [gamma] epoch  38750  gamma_ratio 0.9941  residual 1.780e-07
  [gamma] epoch  39000  gamma_ratio 0.9944  residual 1.604e-07
  [gamma] epoch  39250  gamma_ratio 0.9940  residual 3.191e-07
  [gamma] epoch  39500  gamma_ratio 0.9943  residual 2.070e-07
  [gamma] epoch  39750  gamma_ratio 0.9946  residual 2.088e-07
  [gamma] epoch  40000  gamma_ratio 0.9940  residual 2.305e-07
  [gamma] epoch  40250  gamma_ratio 0.9939  residual 2.237e-07
  [gamma] epoch  40500  gamma_ratio 0.9944  residual 1.503e-07
  [gamma] epoch  40750  gamma_ratio 0.9944  residual 1.574e-07
  [gamma] epoch  41000  gamma_ratio 0.9944  residual 1.742e-07
  [gamma] epoch  41250  gamma_ratio 0.9941  residual 1.560e-07
  [gamma] epoch  41500  gamma_ratio 0.9948  residual 1.728e-07
  [gamma] epoch  41750  gamma_ratio 0.9945  residual 1.441e-07
  [gamma] epoch  42000  gamma_ratio 0.9949  residual 1.645e-07
  [gamma] epoch  42250  gamma_ratio 0.9945  residual 1.584e-07
  [gamma] epoch  42500  gamma_ratio 0.9945  residual 2.402e-07
  [gamma] epoch  42750  gamma_ratio 0.9943  residual 1.489e-07
  [gamma] epoch  43000  gamma_ratio 0.9945  residual 1.454e-07
  [gamma] epoch  43250  gamma_ratio 0.9943  residual 2.513e-07
  [gamma] epoch  43500  gamma_ratio 0.9954  residual 2.408e-07
  [gamma] epoch  43750  gamma_ratio 0.9937  residual 2.674e-07
  [gamma] epoch  44000  gamma_ratio 0.9944  residual 1.374e-07
  [gamma] epoch  44250  gamma_ratio 0.9942  residual 1.517e-07
  [gamma] epoch  44500  gamma_ratio 0.9958  residual 2.476e-07
  [gamma] epoch  44750  gamma_ratio 0.9956  residual 3.807e-07
  [gamma] epoch  45000  gamma_ratio 0.9944  residual 1.504e-07
  [gamma] epoch  45250  gamma_ratio 0.9952  residual 1.724e-07
  [gamma] epoch  45500  gamma_ratio 0.9944  residual 1.361e-07
  [gamma] epoch  45750  gamma_ratio 0.9944  residual 1.340e-07
  [gamma] epoch  46000  gamma_ratio 0.9944  residual 2.365e-07
  [gamma] epoch  46250  gamma_ratio 0.9942  residual 1.653e-07
  [gamma] epoch  46500  gamma_ratio 0.9943  residual 1.648e-07
  [gamma] epoch  46750  gamma_ratio 0.9945  residual 1.397e-07
  [gamma] epoch  47000  gamma_ratio 0.9944  residual 1.576e-07
  [gamma] epoch  47250  gamma_ratio 0.9945  residual 1.259e-07
  [gamma] epoch  47500  gamma_ratio 0.9943  residual 1.689e-07
  [gamma] epoch  47750  gamma_ratio 0.9945  residual 1.373e-07
  [gamma] epoch  48000  gamma_ratio 0.9946  residual 1.245e-07
  [gamma] epoch  48250  gamma_ratio 0.9943  residual 1.238e-07
  [gamma] epoch  48500  gamma_ratio 0.9941  residual 1.471e-07
  [gamma] epoch  48750  gamma_ratio 0.9946  residual 1.592e-07
  [gamma] epoch  49000  gamma_ratio 0.9945  residual 1.218e-07
  [gamma] epoch  49250  gamma_ratio 0.9946  residual 1.187e-07
  [gamma] epoch  49500  gamma_ratio 0.9945  residual 1.174e-07
  [gamma] epoch  49750  gamma_ratio 0.9946  residual 1.199e-07
  [gamma] epoch  50000  gamma_ratio 0.9941  residual 1.292e-07
  [gamma] epoch  50250  gamma_ratio 0.9945  residual 1.226e-07
  [gamma] epoch  50500  gamma_ratio 0.9942  residual 1.345e-07
  [gamma] epoch  50750  gamma_ratio 0.9945  residual 1.168e-07
  [gamma] epoch  51000  gamma_ratio 0.9945  residual 1.219e-07
  [gamma] epoch  51250  gamma_ratio 0.9946  residual 1.190e-07
  [gamma] epoch  51500  gamma_ratio 0.9945  residual 1.141e-07
  [gamma] epoch  51750  gamma_ratio 0.9949  residual 1.217e-07
  [gamma] epoch  52000  gamma_ratio 0.9945  residual 1.124e-07
  [gamma] epoch  52250  gamma_ratio 0.9945  residual 1.143e-07
  [gamma] epoch  52500  gamma_ratio 0.9945  residual 1.150e-07
  [gamma] epoch  52750  gamma_ratio 0.9948  residual 1.471e-07
  [gamma] epoch  53000  gamma_ratio 0.9944  residual 1.139e-07
  [gamma] epoch  53250  gamma_ratio 0.9945  residual 1.086e-07
  [gamma] epoch  53500  gamma_ratio 0.9945  residual 1.109e-07
  [gamma] epoch  53750  gamma_ratio 0.9946  residual 1.077e-07
  [gamma] epoch  54000  gamma_ratio 0.9945  residual 1.072e-07
  [gamma] epoch  54250  gamma_ratio 0.9946  residual 1.437e-07
  [gamma] epoch  54500  gamma_ratio 0.9946  residual 1.065e-07
  [gamma] epoch  54750  gamma_ratio 0.9946  residual 1.061e-07
  [gamma] epoch  55000  gamma_ratio 0.9946  residual 1.058e-07
  [gamma] epoch  55250  gamma_ratio 0.9945  residual 1.043e-07
  [gamma] epoch  55500  gamma_ratio 0.9946  residual 1.053e-07
  [gamma] epoch  55750  gamma_ratio 0.9946  residual 1.104e-07
  [gamma] epoch  56000  gamma_ratio 0.9946  residual 1.033e-07
  [gamma] epoch  56250  gamma_ratio 0.9944  residual 1.030e-07
  [gamma] epoch  56500  gamma_ratio 0.9946  residual 1.019e-07
  [gamma] epoch  56750  gamma_ratio 0.9945  residual 1.025e-07
  [gamma] epoch  57000  gamma_ratio 0.9945  residual 1.019e-07
  [gamma] epoch  57250  gamma_ratio 0.9945  residual 1.040e-07
  [gamma] epoch  57500  gamma_ratio 0.9945  residual 1.048e-07
  [gamma] epoch  57750  gamma_ratio 0.9946  residual 9.993e-08
  [gamma] epoch  58000  gamma_ratio 0.9946  residual 9.942e-08
  [gamma] epoch  58250  gamma_ratio 0.9946  residual 9.978e-08
  [gamma] epoch  58500  gamma_ratio 0.9946  residual 9.906e-08
  [gamma] epoch  58750  gamma_ratio 0.9948  residual 1.022e-07
  [gamma] epoch  59000  gamma_ratio 0.9946  residual 9.784e-08
  [gamma] epoch  59250  gamma_ratio 0.9947  residual 1.021e-07
  [gamma] epoch  59500  gamma_ratio 0.9945  residual 9.738e-08
  [gamma] epoch  59750  gamma_ratio 0.9946  residual 1.015e-07
  [gamma] epoch  59999  gamma_ratio 0.9946  residual 9.723e-08
  [shape] epoch      0  rmse=0.125  max_abs_dA=0.308  int_signed_dA=-1.44e-10  int_abs_dA=1.474e-10  A_min=0.00525  max_dA_fwd=0.005789
  [shape] epoch    250  rmse=0.03533  max_abs_dA=0.04577  int_signed_dA=4.127e-11  int_abs_dA=6.447e-11  A_min=0.03817  max_dA_fwd=-1.617e-05
  [shape] epoch    500  rmse=0.01513  max_abs_dA=0.01907  int_signed_dA=1.645e-11  int_abs_dA=2.718e-11  A_min=0.01858  max_dA_fwd=-9.217e-06
  [shape] epoch    750  rmse=0.01292  max_abs_dA=0.01778  int_signed_dA=1.918e-11  int_abs_dA=2.15e-11  A_min=0.01758  max_dA_fwd=-9.024e-06
  [shape] epoch   1000  rmse=0.0121  max_abs_dA=0.01712  int_signed_dA=1.569e-11  int_abs_dA=2.033e-11  A_min=0.01688  max_dA_fwd=-9.765e-06
  [shape] epoch   1250  rmse=0.01214  max_abs_dA=0.01711  int_signed_dA=1.457e-11  int_abs_dA=2.067e-11  A_min=0.01683  max_dA_fwd=-1.007e-05
  [shape] epoch   1500  rmse=0.01283  max_abs_dA=0.01733  int_signed_dA=1.145e-11  int_abs_dA=2.253e-11  A_min=0.01707  max_dA_fwd=-1.023e-05
  [shape] epoch   1750  rmse=0.01225  max_abs_dA=0.01724  int_signed_dA=1.396e-11  int_abs_dA=2.094e-11  A_min=0.0169  max_dA_fwd=-1.04e-05
  [shape] epoch   2000  rmse=0.01282  max_abs_dA=0.01805  int_signed_dA=1.469e-11  int_abs_dA=2.189e-11  A_min=0.01774  max_dA_fwd=-1.027e-05
  [shape] epoch   2250  rmse=0.01137  max_abs_dA=0.01629  int_signed_dA=1.466e-11  int_abs_dA=1.89e-11  A_min=0.01596  max_dA_fwd=-1.011e-05
  [shape] epoch   2500  rmse=0.01071  max_abs_dA=0.01504  int_signed_dA=1.167e-11  int_abs_dA=1.844e-11  A_min=0.01474  max_dA_fwd=4.856e-05
  [shape] epoch   2750  rmse=0.01077  max_abs_dA=0.01548  int_signed_dA=1.566e-11  int_abs_dA=1.727e-11  A_min=0.01502  max_dA_fwd=-1.035e-05
  [shape] epoch   3000  rmse=0.00997  max_abs_dA=0.01429  int_signed_dA=1.496e-11  int_abs_dA=1.583e-11  A_min=0.01375  max_dA_fwd=-1.036e-05
  [shape] epoch   3250  rmse=0.008261  max_abs_dA=0.01197  int_signed_dA=1.213e-11  int_abs_dA=1.308e-11  A_min=0.01152  max_dA_fwd=-9.913e-06
  [shape] epoch   3500  rmse=0.007908  max_abs_dA=0.01139  int_signed_dA=1.223e-11  int_abs_dA=1.245e-11  A_min=0.0108  max_dA_fwd=-1.016e-05
  [shape] epoch   3750  rmse=0.007129  max_abs_dA=0.01031  int_signed_dA=1.108e-11  int_abs_dA=1.128e-11  A_min=0.00971  max_dA_fwd=-1.005e-05
  [shape] epoch   4000  rmse=0.007074  max_abs_dA=0.0103  int_signed_dA=1.066e-11  int_abs_dA=1.116e-11  A_min=0.009602  max_dA_fwd=-1.041e-05
  [shape] epoch   4250  rmse=0.006425  max_abs_dA=0.009352  int_signed_dA=7.98e-12  int_abs_dA=1.067e-11  A_min=0.008757  max_dA_fwd=-1.016e-05
  [shape] epoch   4500  rmse=0.006883  max_abs_dA=0.009907  int_signed_dA=8.01e-12  int_abs_dA=1.164e-11  A_min=0.009185  max_dA_fwd=-1.064e-05
  [shape] epoch   4750  rmse=0.006518  max_abs_dA=0.009577  int_signed_dA=9.379e-12  int_abs_dA=1.031e-11  A_min=0.008752  max_dA_fwd=-1.079e-05
  [shape] epoch   5000  rmse=0.005317  max_abs_dA=0.007792  int_signed_dA=8.204e-12  int_abs_dA=8.419e-12  A_min=0.006918  max_dA_fwd=-1.041e-05
  [shape] epoch   5250  rmse=0.005646  max_abs_dA=0.008327  int_signed_dA=8.298e-12  int_abs_dA=8.897e-12  A_min=0.007397  max_dA_fwd=-1.079e-05
  [shape] epoch   5500  rmse=0.005611  max_abs_dA=0.008209  int_signed_dA=8.498e-12  int_abs_dA=8.809e-12  A_min=0.007127  max_dA_fwd=-1.093e-05
  [shape] epoch   5750  rmse=0.00533  max_abs_dA=0.007895  int_signed_dA=7.659e-12  int_abs_dA=8.433e-12  A_min=0.006945  max_dA_fwd=-1.08e-05
  [shape] epoch   6000  rmse=0.00451  max_abs_dA=0.006692  int_signed_dA=6.751e-12  int_abs_dA=7.116e-12  A_min=0.005644  max_dA_fwd=-1.06e-05
  [shape] epoch   6250  rmse=0.004961  max_abs_dA=0.007371  int_signed_dA=7.117e-12  int_abs_dA=7.867e-12  A_min=0.006288  max_dA_fwd=-1.096e-05
  [shape] epoch   6500  rmse=0.004123  max_abs_dA=0.006159  int_signed_dA=6.182e-12  int_abs_dA=6.52e-12  A_min=0.005043  max_dA_fwd=-1.063e-05
  [shape] epoch   6750  rmse=0.004727  max_abs_dA=0.007023  int_signed_dA=6.851e-12  int_abs_dA=7.531e-12  A_min=0.005778  max_dA_fwd=-1.113e-05
  [shape] epoch   7000  rmse=0.004868  max_abs_dA=0.007265  int_signed_dA=6.607e-12  int_abs_dA=7.864e-12  A_min=0.006104  max_dA_fwd=-1.126e-05
  [shape] epoch   7250  rmse=0.004127  max_abs_dA=0.006205  int_signed_dA=5.971e-12  int_abs_dA=6.566e-12  A_min=0.004905  max_dA_fwd=-1.111e-05
  [shape] epoch   7500  rmse=0.004411  max_abs_dA=0.00656  int_signed_dA=6.577e-12  int_abs_dA=7.02e-12  A_min=0.005054  max_dA_fwd=-1.137e-05
  [shape] epoch   7750  rmse=0.003923  max_abs_dA=0.005861  int_signed_dA=4.839e-12  int_abs_dA=6.601e-12  A_min=0.004614  max_dA_fwd=-1.106e-05
  [shape] epoch   8000  rmse=0.003787  max_abs_dA=0.00572  int_signed_dA=5.307e-12  int_abs_dA=6.162e-12  A_min=0.004249  max_dA_fwd=-1.121e-05
  [shape] epoch   8250  rmse=0.003536  max_abs_dA=0.005372  int_signed_dA=5.238e-12  int_abs_dA=5.645e-12  A_min=0.003816  max_dA_fwd=-1.112e-05
  [shape] epoch   8500  rmse=0.00359  max_abs_dA=0.005458  int_signed_dA=5.204e-12  int_abs_dA=5.764e-12  A_min=0.003895  max_dA_fwd=-1.122e-05
  [shape] epoch   8750  rmse=0.004452  max_abs_dA=0.00665  int_signed_dA=6.299e-12  int_abs_dA=7.263e-12  A_min=0.004947  max_dA_fwd=-1.186e-05
  [shape] epoch   9000  rmse=0.003492  max_abs_dA=0.005338  int_signed_dA=5.042e-12  int_abs_dA=5.631e-12  A_min=0.003646  max_dA_fwd=-1.138e-05
  [shape] epoch   9250  rmse=0.003157  max_abs_dA=0.004865  int_signed_dA=4.742e-12  int_abs_dA=5.053e-12  A_min=0.003119  max_dA_fwd=-1.116e-05
  [shape] epoch   9500  rmse=0.003175  max_abs_dA=0.004702  int_signed_dA=3.321e-12  int_abs_dA=5.568e-12  A_min=0.00315  max_dA_fwd=-1.108e-05
  [shape] epoch   9750  rmse=0.003021  max_abs_dA=0.004419  int_signed_dA=2.898e-12  int_abs_dA=5.363e-12  A_min=0.002842  max_dA_fwd=-1.097e-05
  [shape] epoch  10000  rmse=0.003416  max_abs_dA=0.005191  int_signed_dA=4.599e-12  int_abs_dA=5.703e-12  A_min=0.003404  max_dA_fwd=-1.127e-05
  [shape] epoch  10250  rmse=0.00318  max_abs_dA=0.004922  int_signed_dA=4.558e-12  int_abs_dA=5.174e-12  A_min=0.003  max_dA_fwd=-1.139e-05
  [shape] epoch  10500  rmse=0.003242  max_abs_dA=0.005009  int_signed_dA=4.538e-12  int_abs_dA=5.326e-12  A_min=0.003072  max_dA_fwd=-1.148e-05
  [shape] epoch  10750  rmse=0.003775  max_abs_dA=0.005681  int_signed_dA=4.893e-12  int_abs_dA=6.415e-12  A_min=0.003709  max_dA_fwd=-1.176e-05
  [shape] epoch  11000  rmse=0.002917  max_abs_dA=0.00458  int_signed_dA=4.087e-12  int_abs_dA=4.777e-12  A_min=0.002552  max_dA_fwd=-1.139e-05
  [shape] epoch  11250  rmse=0.003209  max_abs_dA=0.004998  int_signed_dA=4.848e-12  int_abs_dA=5.159e-12  A_min=0.002733  max_dA_fwd=-1.169e-05
  [shape] epoch  11500  rmse=0.002926  max_abs_dA=0.004592  int_signed_dA=3.97e-12  int_abs_dA=4.849e-12  A_min=0.002515  max_dA_fwd=-1.145e-05
  [shape] epoch  11750  rmse=0.002772  max_abs_dA=0.004398  int_signed_dA=3.86e-12  int_abs_dA=4.55e-12  A_min=0.002224  max_dA_fwd=-1.137e-05
  [shape] epoch  12000  rmse=0.002748  max_abs_dA=0.004369  int_signed_dA=3.791e-12  int_abs_dA=4.523e-12  A_min=0.002167  max_dA_fwd=-1.137e-05
  [shape] epoch  12250  rmse=0.002871  max_abs_dA=0.004514  int_signed_dA=3.71e-12  int_abs_dA=4.831e-12  A_min=0.002273  max_dA_fwd=-1.152e-05
  [shape] epoch  12500  rmse=0.003274  max_abs_dA=0.005122  int_signed_dA=5.054e-12  int_abs_dA=5.26e-12  A_min=0.002581  max_dA_fwd=-1.193e-05
  [shape] epoch  12750  rmse=0.002885  max_abs_dA=0.004593  int_signed_dA=4.066e-12  int_abs_dA=4.723e-12  A_min=0.002174  max_dA_fwd=-1.164e-05
  [shape] epoch  13000  rmse=0.002347  max_abs_dA=0.003838  int_signed_dA=3.12e-12  int_abs_dA=3.853e-12  A_min=0.001515  max_dA_fwd=-1.12e-05
  [shape] epoch  13250  rmse=0.002809  max_abs_dA=0.004503  int_signed_dA=3.933e-12  int_abs_dA=4.596e-12  A_min=0.002  max_dA_fwd=-1.161e-05
  [shape] epoch  13500  rmse=0.002602  max_abs_dA=0.004228  int_signed_dA=3.724e-12  int_abs_dA=4.199e-12  A_min=0.001689  max_dA_fwd=-1.136e-05
  [shape] epoch  13750  rmse=0.002475  max_abs_dA=0.004042  int_signed_dA=3.322e-12  int_abs_dA=4.062e-12  A_min=0.001561  max_dA_fwd=-1.132e-05
  [shape] epoch  14000  rmse=0.002683  max_abs_dA=0.004346  int_signed_dA=3.721e-12  int_abs_dA=4.39e-12  A_min=0.001724  max_dA_fwd=-1.15e-05
  [shape] epoch  14250  rmse=0.00235  max_abs_dA=0.003869  int_signed_dA=3.076e-12  int_abs_dA=3.861e-12  A_min=0.001365  max_dA_fwd=-1.117e-05
  [shape] epoch  14500  rmse=0.002389  max_abs_dA=0.003951  int_signed_dA=3.277e-12  int_abs_dA=3.862e-12  A_min=0.001346  max_dA_fwd=-1.119e-05
  [shape] epoch  14750  rmse=0.002343  max_abs_dA=0.003807  int_signed_dA=2.722e-12  int_abs_dA=3.967e-12  A_min=0.001281  max_dA_fwd=-1.108e-05
  [shape] epoch  15000  rmse=0.00229  max_abs_dA=0.003818  int_signed_dA=3.058e-12  int_abs_dA=3.707e-12  A_min=0.001198  max_dA_fwd=-1.112e-05
  [shape] epoch  15250  rmse=0.002322  max_abs_dA=0.00383  int_signed_dA=2.837e-12  int_abs_dA=3.873e-12  A_min=0.001185  max_dA_fwd=-1.116e-05
  [shape] epoch  15500  rmse=0.002309  max_abs_dA=0.003821  int_signed_dA=3.047e-12  int_abs_dA=3.734e-12  A_min=0.001137  max_dA_fwd=-1.097e-05
  [shape] epoch  15750  rmse=0.002273  max_abs_dA=0.003831  int_signed_dA=3.281e-12  int_abs_dA=3.596e-12  A_min=0.001053  max_dA_fwd=-1.105e-05
  [shape] epoch  16000  rmse=0.002332  max_abs_dA=0.003917  int_signed_dA=3.346e-12  int_abs_dA=3.695e-12  A_min=0.001115  max_dA_fwd=-1.105e-05
  [shape] epoch  16250  rmse=0.002322  max_abs_dA=0.003868  int_signed_dA=2.928e-12  int_abs_dA=3.813e-12  A_min=0.001105  max_dA_fwd=-1.105e-05
  [shape] epoch  16500  rmse=0.002109  max_abs_dA=0.003603  int_signed_dA=2.913e-12  int_abs_dA=3.323e-12  A_min=0.000854  max_dA_fwd=-1.075e-05
  [shape] epoch  16750  rmse=0.002024  max_abs_dA=0.003466  int_signed_dA=2.907e-12  int_abs_dA=3.199e-12  A_min=0.0007196  max_dA_fwd=-1.076e-05
  [shape] epoch  17000  rmse=0.002115  max_abs_dA=0.003597  int_signed_dA=2.668e-12  int_abs_dA=3.415e-12  A_min=0.0008243  max_dA_fwd=-1.076e-05
  [shape] epoch  17250  rmse=0.002049  max_abs_dA=0.00353  int_signed_dA=2.914e-12  int_abs_dA=3.195e-12  A_min=0.0007376  max_dA_fwd=-1.066e-05
  [shape] epoch  17500  rmse=0.001985  max_abs_dA=0.003424  int_signed_dA=2.606e-12  int_abs_dA=3.124e-12  A_min=0.0007076  max_dA_fwd=-1.049e-05
  [shape] epoch  17750  rmse=0.001913  max_abs_dA=0.003273  int_signed_dA=2.195e-12  int_abs_dA=3.107e-12  A_min=0.0006327  max_dA_fwd=-1.037e-05
  [shape] epoch  18000  rmse=0.001855  max_abs_dA=0.003223  int_signed_dA=2.297e-12  int_abs_dA=2.928e-12  A_min=0.000575  max_dA_fwd=-1.03e-05
  [shape] epoch  18250  rmse=0.002036  max_abs_dA=0.003548  int_signed_dA=2.906e-12  int_abs_dA=3.145e-12  A_min=0.0006997  max_dA_fwd=-1.037e-05
  [shape] epoch  18500  rmse=0.001972  max_abs_dA=0.00339  int_signed_dA=2.406e-12  int_abs_dA=3.164e-12  A_min=0.0006894  max_dA_fwd=-1.032e-05
  [shape] epoch  18750  rmse=0.001897  max_abs_dA=0.003315  int_signed_dA=2.594e-12  int_abs_dA=2.923e-12  A_min=0.00058  max_dA_fwd=-1.018e-05
  [shape] epoch  19000  rmse=0.001848  max_abs_dA=0.003246  int_signed_dA=2.449e-12  int_abs_dA=2.85e-12  A_min=0.0005213  max_dA_fwd=-1.015e-05
  [shape] epoch  19250  rmse=0.001833  max_abs_dA=0.003221  int_signed_dA=2.446e-12  int_abs_dA=2.83e-12  A_min=0.000541  max_dA_fwd=-1.005e-05
  [shape] epoch  19500  rmse=0.001768  max_abs_dA=0.00312  int_signed_dA=2.29e-12  int_abs_dA=2.728e-12  A_min=0.0004808  max_dA_fwd=-9.936e-06
  [shape] epoch  19750  rmse=0.001659  max_abs_dA=0.002953  int_signed_dA=2.156e-12  int_abs_dA=2.557e-12  A_min=0.0003716  max_dA_fwd=-9.79e-06
  [shape] epoch  20000  rmse=0.001673  max_abs_dA=0.00297  int_signed_dA=2.094e-12  int_abs_dA=2.588e-12  A_min=0.0004023  max_dA_fwd=-9.741e-06
  [shape] epoch  20250  rmse=0.001821  max_abs_dA=0.003212  int_signed_dA=2.525e-12  int_abs_dA=2.775e-12  A_min=0.0005123  max_dA_fwd=-9.871e-06
  [shape] epoch  20500  rmse=0.001799  max_abs_dA=0.003172  int_signed_dA=2.594e-12  int_abs_dA=2.724e-12  A_min=0.0004699  max_dA_fwd=-9.766e-06
  [shape] epoch  20750  rmse=0.001574  max_abs_dA=0.002751  int_signed_dA=1.61e-12  int_abs_dA=2.535e-12  A_min=0.0003415  max_dA_fwd=-9.467e-06
  [shape] epoch  21000  rmse=0.001673  max_abs_dA=0.002986  int_signed_dA=2.147e-12  int_abs_dA=2.558e-12  A_min=0.0004019  max_dA_fwd=-9.648e-06
  [shape] epoch  21250  rmse=0.001731  max_abs_dA=0.003082  int_signed_dA=2.405e-12  int_abs_dA=2.606e-12  A_min=0.0004003  max_dA_fwd=-9.66e-06
  [shape] epoch  21500  rmse=0.00159  max_abs_dA=0.002856  int_signed_dA=2.068e-12  int_abs_dA=2.41e-12  A_min=0.0003399  max_dA_fwd=-9.417e-06
  [shape] epoch  21750  rmse=0.001405  max_abs_dA=0.002513  int_signed_dA=1.515e-12  int_abs_dA=2.215e-12  A_min=0.0002046  max_dA_fwd=-9.172e-06
  [shape] epoch  22000  rmse=0.001576  max_abs_dA=0.002838  int_signed_dA=2.102e-12  int_abs_dA=2.375e-12  A_min=0.0003277  max_dA_fwd=-9.347e-06
  [shape] epoch  22250  rmse=0.001542  max_abs_dA=0.002783  int_signed_dA=1.996e-12  int_abs_dA=2.328e-12  A_min=0.0003184  max_dA_fwd=-9.271e-06
  [shape] epoch  22500  rmse=0.00151  max_abs_dA=0.00273  int_signed_dA=1.916e-12  int_abs_dA=2.286e-12  A_min=0.0003055  max_dA_fwd=-9.202e-06
  [shape] epoch  22750  rmse=0.001466  max_abs_dA=0.002647  int_signed_dA=2.077e-12  int_abs_dA=2.219e-12  A_min=0.0002157  max_dA_fwd=-9.117e-06
  [shape] epoch  23000  rmse=0.001387  max_abs_dA=0.002529  int_signed_dA=1.66e-12  int_abs_dA=2.107e-12  A_min=0.0002065  max_dA_fwd=-8.996e-06
  [shape] epoch  23250  rmse=0.001324  max_abs_dA=0.002408  int_signed_dA=1.461e-12  int_abs_dA=2.046e-12  A_min=0.0001884  max_dA_fwd=-8.87e-06
  [shape] epoch  23500  rmse=0.001616  max_abs_dA=0.002882  int_signed_dA=2.343e-12  int_abs_dA=2.409e-12  A_min=0.0003731  max_dA_fwd=-9.137e-06
  [shape] epoch  23750  rmse=0.001285  max_abs_dA=0.002323  int_signed_dA=1.344e-12  int_abs_dA=2.022e-12  A_min=0.0001755  max_dA_fwd=-8.781e-06
  [shape] epoch  24000  rmse=0.001408  max_abs_dA=0.00257  int_signed_dA=1.851e-12  int_abs_dA=2.096e-12  A_min=0.0002482  max_dA_fwd=-8.907e-06
  [shape] epoch  24250  rmse=0.001457  max_abs_dA=0.002647  int_signed_dA=1.883e-12  int_abs_dA=2.173e-12  A_min=0.0002716  max_dA_fwd=-8.999e-06
  [shape] epoch  24500  rmse=0.001435  max_abs_dA=0.002612  int_signed_dA=1.904e-12  int_abs_dA=2.127e-12  A_min=0.0002695  max_dA_fwd=-8.924e-06
  [shape] epoch  24750  rmse=0.001533  max_abs_dA=0.002744  int_signed_dA=2.253e-12  int_abs_dA=2.292e-12  A_min=0.0003346  max_dA_fwd=-8.987e-06
  [shape] epoch  25000  rmse=0.00136  max_abs_dA=0.002488  int_signed_dA=1.712e-12  int_abs_dA=2.028e-12  A_min=0.0002438  max_dA_fwd=-8.799e-06
  [shape] epoch  25250  rmse=0.001408  max_abs_dA=0.002563  int_signed_dA=1.945e-12  int_abs_dA=2.072e-12  A_min=0.0002435  max_dA_fwd=-8.834e-06
  [shape] epoch  25500  rmse=0.001373  max_abs_dA=0.002507  int_signed_dA=1.854e-12  int_abs_dA=2.023e-12  A_min=0.0002526  max_dA_fwd=-8.783e-06
  [shape] epoch  25750  rmse=0.001317  max_abs_dA=0.002418  int_signed_dA=1.715e-12  int_abs_dA=1.945e-12  A_min=0.0002208  max_dA_fwd=-8.697e-06
  [shape] epoch  26000  rmse=0.001355  max_abs_dA=0.002474  int_signed_dA=1.8e-12  int_abs_dA=1.995e-12  A_min=0.0002684  max_dA_fwd=-8.697e-06
  [shape] epoch  26250  rmse=0.001263  max_abs_dA=0.002327  int_signed_dA=1.598e-12  int_abs_dA=1.874e-12  A_min=0.0002088  max_dA_fwd=-8.61e-06
  [shape] epoch  26500  rmse=0.001285  max_abs_dA=0.002362  int_signed_dA=1.658e-12  int_abs_dA=1.892e-12  A_min=0.0002205  max_dA_fwd=-8.627e-06
  [shape] epoch  26750  rmse=0.001351  max_abs_dA=0.002461  int_signed_dA=1.738e-12  int_abs_dA=2.006e-12  A_min=0.0002901  max_dA_fwd=-8.695e-06
  [shape] epoch  27000  rmse=0.001271  max_abs_dA=0.002336  int_signed_dA=1.635e-12  int_abs_dA=1.872e-12  A_min=0.000236  max_dA_fwd=-8.59e-06
  [shape] epoch  27250  rmse=0.00137  max_abs_dA=0.002469  int_signed_dA=2.008e-12  int_abs_dA=2.051e-12  A_min=0.0002862  max_dA_fwd=-8.676e-06
  [shape] epoch  27500  rmse=0.001428  max_abs_dA=0.002502  int_signed_dA=2.244e-12  int_abs_dA=2.294e-12  A_min=0.0002524  max_dA_fwd=-8.716e-06
  [shape] epoch  27750  rmse=0.001201  max_abs_dA=0.00222  int_signed_dA=1.539e-12  int_abs_dA=1.766e-12  A_min=0.0002145  max_dA_fwd=-8.489e-06
  [shape] epoch  28000  rmse=0.001272  max_abs_dA=0.002332  int_signed_dA=1.713e-12  int_abs_dA=1.851e-12  A_min=0.000236  max_dA_fwd=-8.604e-06
  [shape] epoch  28250  rmse=0.001188  max_abs_dA=0.002184  int_signed_dA=1.364e-12  int_abs_dA=1.8e-12  A_min=0.0002116  max_dA_fwd=-8.48e-06
  [shape] epoch  28500  rmse=0.001211  max_abs_dA=0.00223  int_signed_dA=1.574e-12  int_abs_dA=1.777e-12  A_min=0.000243  max_dA_fwd=-8.498e-06
  [shape] epoch  28750  rmse=0.001202  max_abs_dA=0.002213  int_signed_dA=1.617e-12  int_abs_dA=1.756e-12  A_min=0.0002345  max_dA_fwd=-8.491e-06
  [shape] epoch  29000  rmse=0.001206  max_abs_dA=0.00222  int_signed_dA=1.595e-12  int_abs_dA=1.76e-12  A_min=0.000252  max_dA_fwd=-8.488e-06
  [shape] epoch  29250  rmse=0.001344  max_abs_dA=0.00241  int_signed_dA=1.998e-12  int_abs_dA=2.033e-12  A_min=0.0003259  max_dA_fwd=-8.595e-06
  [shape] epoch  29500  rmse=0.001188  max_abs_dA=0.002188  int_signed_dA=1.532e-12  int_abs_dA=1.739e-12  A_min=0.000255  max_dA_fwd=-8.467e-06
  [shape] epoch  29750  rmse=0.001218  max_abs_dA=0.002233  int_signed_dA=1.584e-12  int_abs_dA=1.785e-12  A_min=0.0003002  max_dA_fwd=-8.5e-06
  [shape] epoch  30000  rmse=0.001193  max_abs_dA=0.002194  int_signed_dA=1.599e-12  int_abs_dA=1.733e-12  A_min=0.000257  max_dA_fwd=-8.488e-06
  [shape] epoch  30250  rmse=0.001178  max_abs_dA=0.002159  int_signed_dA=1.641e-12  int_abs_dA=1.737e-12  A_min=0.0002697  max_dA_fwd=-8.444e-06
  [shape] epoch  30500  rmse=0.001268  max_abs_dA=0.002295  int_signed_dA=1.829e-12  int_abs_dA=1.863e-12  A_min=0.0003316  max_dA_fwd=-8.531e-06
  [shape] epoch  30750  rmse=0.001172  max_abs_dA=0.002154  int_signed_dA=1.566e-12  int_abs_dA=1.708e-12  A_min=0.0002899  max_dA_fwd=-8.453e-06
  [shape] epoch  31000  rmse=0.001202  max_abs_dA=0.002199  int_signed_dA=1.628e-12  int_abs_dA=1.747e-12  A_min=0.0003203  max_dA_fwd=-8.472e-06
  [shape] epoch  31250  rmse=0.00125  max_abs_dA=0.002265  int_signed_dA=1.775e-12  int_abs_dA=1.816e-12  A_min=0.0003572  max_dA_fwd=-8.507e-06
  [shape] epoch  31500  rmse=0.001179  max_abs_dA=0.002159  int_signed_dA=1.61e-12  int_abs_dA=1.711e-12  A_min=0.0003171  max_dA_fwd=-8.445e-06
  [shape] epoch  31750  rmse=0.001158  max_abs_dA=0.002125  int_signed_dA=1.547e-12  int_abs_dA=1.685e-12  A_min=0.0003193  max_dA_fwd=-8.419e-06
  [shape] epoch  32000  rmse=0.001153  max_abs_dA=0.002115  int_signed_dA=1.479e-12  int_abs_dA=1.692e-12  A_min=0.0003331  max_dA_fwd=-8.412e-06
  [shape] epoch  32250  rmse=0.001095  max_abs_dA=0.002011  int_signed_dA=1.273e-12  int_abs_dA=1.661e-12  A_min=0.0003026  max_dA_fwd=-8.36e-06
  [shape] epoch  32500  rmse=0.001186  max_abs_dA=0.002163  int_signed_dA=1.559e-12  int_abs_dA=1.74e-12  A_min=0.0003619  max_dA_fwd=-8.454e-06
  [shape] epoch  32750  rmse=0.001136  max_abs_dA=0.002084  int_signed_dA=1.516e-12  int_abs_dA=1.656e-12  A_min=0.0003372  max_dA_fwd=-8.393e-06
  [shape] epoch  33000  rmse=0.001104  max_abs_dA=0.002011  int_signed_dA=1.237e-12  int_abs_dA=1.698e-12  A_min=0.000337  max_dA_fwd=-8.338e-06
  [shape] epoch  33250  rmse=0.00129  max_abs_dA=0.00231  int_signed_dA=1.848e-12  int_abs_dA=1.887e-12  A_min=0.0004547  max_dA_fwd=-8.521e-06
  [shape] epoch  33500  rmse=0.001255  max_abs_dA=0.002254  int_signed_dA=1.812e-12  int_abs_dA=1.842e-12  A_min=0.0004073  max_dA_fwd=-8.5e-06
  [shape] epoch  33750  rmse=0.001109  max_abs_dA=0.002035  int_signed_dA=1.444e-12  int_abs_dA=1.623e-12  A_min=0.0003478  max_dA_fwd=-8.359e-06
  [shape] epoch  34000  rmse=0.001098  max_abs_dA=0.002017  int_signed_dA=1.423e-12  int_abs_dA=1.605e-12  A_min=0.0003473  max_dA_fwd=-8.347e-06
  [shape] epoch  34250  rmse=0.001142  max_abs_dA=0.002084  int_signed_dA=1.541e-12  int_abs_dA=1.662e-12  A_min=0.0003821  max_dA_fwd=-8.387e-06
  [shape] epoch  34500  rmse=0.001178  max_abs_dA=0.002137  int_signed_dA=1.626e-12  int_abs_dA=1.711e-12  A_min=0.0004118  max_dA_fwd=-8.415e-06
  [shape] epoch  34750  rmse=0.001175  max_abs_dA=0.002132  int_signed_dA=1.624e-12  int_abs_dA=1.699e-12  A_min=0.0004011  max_dA_fwd=-8.416e-06
  [shape] epoch  35000  rmse=0.001069  max_abs_dA=0.001966  int_signed_dA=1.366e-12  int_abs_dA=1.567e-12  A_min=0.0003517  max_dA_fwd=-8.309e-06
  [shape] epoch  35250  rmse=0.001139  max_abs_dA=0.002068  int_signed_dA=1.41e-12  int_abs_dA=1.713e-12  A_min=0.0004202  max_dA_fwd=-8.36e-06
  [shape] epoch  35500  rmse=0.001223  max_abs_dA=0.002193  int_signed_dA=1.79e-12  int_abs_dA=1.804e-12  A_min=0.0004492  max_dA_fwd=-8.437e-06
  [shape] epoch  35750  rmse=0.001181  max_abs_dA=0.002124  int_signed_dA=1.746e-12  int_abs_dA=1.766e-12  A_min=0.0004072  max_dA_fwd=-8.417e-06
  [shape] epoch  36000  rmse=0.001136  max_abs_dA=0.002061  int_signed_dA=1.622e-12  int_abs_dA=1.668e-12  A_min=0.0004026  max_dA_fwd=-8.361e-06
  [shape] epoch  36250  rmse=0.001211  max_abs_dA=0.002165  int_signed_dA=1.81e-12  int_abs_dA=1.823e-12  A_min=0.0004516  max_dA_fwd=-8.418e-06
  [shape] epoch  36500  rmse=0.001138  max_abs_dA=0.002066  int_signed_dA=1.565e-12  int_abs_dA=1.656e-12  A_min=0.000432  max_dA_fwd=-8.354e-06
  [shape] epoch  36750  rmse=0.001128  max_abs_dA=0.002025  int_signed_dA=1.298e-12  int_abs_dA=1.754e-12  A_min=0.0004622  max_dA_fwd=-8.298e-06
  [shape] epoch  37000  rmse=0.001092  max_abs_dA=0.001994  int_signed_dA=1.473e-12  int_abs_dA=1.597e-12  A_min=0.0004099  max_dA_fwd=-8.302e-06
  [shape] epoch  37250  rmse=0.001136  max_abs_dA=0.002058  int_signed_dA=1.581e-12  int_abs_dA=1.654e-12  A_min=0.0004457  max_dA_fwd=-8.332e-06
  [shape] epoch  37500  rmse=0.00108  max_abs_dA=0.001973  int_signed_dA=1.475e-12  int_abs_dA=1.581e-12  A_min=0.0004015  max_dA_fwd=-8.285e-06
  [shape] epoch  37750  rmse=0.001188  max_abs_dA=0.002133  int_signed_dA=1.692e-12  int_abs_dA=1.724e-12  A_min=0.0004735  max_dA_fwd=-8.376e-06
  [shape] epoch  38000  rmse=0.001093  max_abs_dA=0.001982  int_signed_dA=1.339e-12  int_abs_dA=1.647e-12  A_min=0.0004531  max_dA_fwd=-8.257e-06
  [shape] epoch  38250  rmse=0.001155  max_abs_dA=0.002082  int_signed_dA=1.545e-12  int_abs_dA=1.695e-12  A_min=0.0004967  max_dA_fwd=-8.316e-06
  [shape] epoch  38500  rmse=0.001157  max_abs_dA=0.002085  int_signed_dA=1.647e-12  int_abs_dA=1.678e-12  A_min=0.0004635  max_dA_fwd=-8.338e-06
  [shape] epoch  38750  rmse=0.001147  max_abs_dA=0.002066  int_signed_dA=1.649e-12  int_abs_dA=1.681e-12  A_min=0.0004755  max_dA_fwd=-8.316e-06
  [shape] epoch  39000  rmse=0.001112  max_abs_dA=0.002016  int_signed_dA=1.552e-12  int_abs_dA=1.625e-12  A_min=0.000459  max_dA_fwd=-8.281e-06
  [shape] epoch  39250  rmse=0.001158  max_abs_dA=0.002082  int_signed_dA=1.656e-12  int_abs_dA=1.683e-12  A_min=0.0004822  max_dA_fwd=-8.32e-06
  [shape] epoch  39500  rmse=0.001105  max_abs_dA=0.001999  int_signed_dA=1.572e-12  int_abs_dA=1.63e-12  A_min=0.0004581  max_dA_fwd=-8.266e-06
  [shape] epoch  39750  rmse=0.001105  max_abs_dA=0.002002  int_signed_dA=1.496e-12  int_abs_dA=1.613e-12  A_min=0.0004822  max_dA_fwd=-8.247e-06
  [shape] epoch  40000  rmse=0.001146  max_abs_dA=0.002056  int_signed_dA=1.68e-12  int_abs_dA=1.692e-12  A_min=0.0004776  max_dA_fwd=-8.295e-06
  [shape] epoch  40250  rmse=0.001157  max_abs_dA=0.002074  int_signed_dA=1.691e-12  int_abs_dA=1.703e-12  A_min=0.0005031  max_dA_fwd=-8.291e-06
  [shape] epoch  40500  rmse=0.001108  max_abs_dA=0.002003  int_signed_dA=1.55e-12  int_abs_dA=1.621e-12  A_min=0.0004826  max_dA_fwd=-8.246e-06
  [shape] epoch  40750  rmse=0.001118  max_abs_dA=0.002017  int_signed_dA=1.571e-12  int_abs_dA=1.634e-12  A_min=0.0004933  max_dA_fwd=-8.249e-06
  [shape] epoch  41000  rmse=0.001114  max_abs_dA=0.002011  int_signed_dA=1.561e-12  int_abs_dA=1.626e-12  A_min=0.0004931  max_dA_fwd=-8.241e-06
  [shape] epoch  41250  rmse=0.001145  max_abs_dA=0.002053  int_signed_dA=1.653e-12  int_abs_dA=1.675e-12  A_min=0.0005148  max_dA_fwd=-8.258e-06
  [shape] epoch  41500  rmse=0.001073  max_abs_dA=0.001946  int_signed_dA=1.456e-12  int_abs_dA=1.58e-12  A_min=0.0004861  max_dA_fwd=-8.184e-06
  [shape] epoch  41750  rmse=0.001099  max_abs_dA=0.001985  int_signed_dA=1.524e-12  int_abs_dA=1.607e-12  A_min=0.0004975  max_dA_fwd=-8.209e-06
  [shape] epoch  42000  rmse=0.001081  max_abs_dA=0.001956  int_signed_dA=1.405e-12  int_abs_dA=1.596e-12  A_min=0.0005033  max_dA_fwd=-8.177e-06
  [shape] epoch  42250  rmse=0.001103  max_abs_dA=0.00199  int_signed_dA=1.538e-12  int_abs_dA=1.615e-12  A_min=0.0005066  max_dA_fwd=-8.203e-06
  [shape] epoch  42500  rmse=0.001123  max_abs_dA=0.002019  int_signed_dA=1.52e-12  int_abs_dA=1.647e-12  A_min=0.0005284  max_dA_fwd=-8.213e-06
  [shape] epoch  42750  rmse=0.001122  max_abs_dA=0.002017  int_signed_dA=1.576e-12  int_abs_dA=1.639e-12  A_min=0.0005261  max_dA_fwd=-8.207e-06
  [shape] epoch  43000  rmse=0.001092  max_abs_dA=0.001973  int_signed_dA=1.518e-12  int_abs_dA=1.598e-12  A_min=0.0005052  max_dA_fwd=-8.183e-06
  [shape] epoch  43250  rmse=0.001124  max_abs_dA=0.002018  int_signed_dA=1.584e-12  int_abs_dA=1.641e-12  A_min=0.000531  max_dA_fwd=-8.2e-06
  [shape] epoch  43500  rmse=0.001037  max_abs_dA=0.00188  int_signed_dA=1.274e-12  int_abs_dA=1.559e-12  A_min=0.0004893  max_dA_fwd=-8.107e-06
  [shape] epoch  43750  rmse=0.001155  max_abs_dA=0.002051  int_signed_dA=1.749e-12  int_abs_dA=1.754e-12  A_min=0.0005314  max_dA_fwd=-8.222e-06
  [shape] epoch  44000  rmse=0.001108  max_abs_dA=0.001992  int_signed_dA=1.571e-12  int_abs_dA=1.622e-12  A_min=0.0005252  max_dA_fwd=-8.173e-06
  [shape] epoch  44250  rmse=0.001123  max_abs_dA=0.002012  int_signed_dA=1.624e-12  int_abs_dA=1.647e-12  A_min=0.0005357  max_dA_fwd=-8.178e-06
  [shape] epoch  44500  rmse=0.001001  max_abs_dA=0.001812  int_signed_dA=1.169e-12  int_abs_dA=1.528e-12  A_min=0.0004859  max_dA_fwd=-8.039e-06
  [shape] epoch  44750  rmse=0.00101  max_abs_dA=0.001831  int_signed_dA=1.23e-12  int_abs_dA=1.525e-12  A_min=0.0004933  max_dA_fwd=-8.049e-06
  [shape] epoch  45000  rmse=0.001101  max_abs_dA=0.00198  int_signed_dA=1.557e-12  int_abs_dA=1.611e-12  A_min=0.0005309  max_dA_fwd=-8.146e-06
  [shape] epoch  45250  rmse=0.001051  max_abs_dA=0.001897  int_signed_dA=1.321e-12  int_abs_dA=1.576e-12  A_min=0.0005247  max_dA_fwd=-8.078e-06
  [shape] epoch  45500  rmse=0.001102  max_abs_dA=0.001979  int_signed_dA=1.571e-12  int_abs_dA=1.618e-12  A_min=0.0005397  max_dA_fwd=-8.134e-06
  [shape] epoch  45750  rmse=0.001104  max_abs_dA=0.001981  int_signed_dA=1.571e-12  int_abs_dA=1.619e-12  A_min=0.0005431  max_dA_fwd=-8.129e-06
  [shape] epoch  46000  rmse=0.001098  max_abs_dA=0.001972  int_signed_dA=1.563e-12  int_abs_dA=1.607e-12  A_min=0.0005361  max_dA_fwd=-8.122e-06
  [shape] epoch  46250  rmse=0.001099  max_abs_dA=0.001968  int_signed_dA=1.61e-12  int_abs_dA=1.624e-12  A_min=0.000531  max_dA_fwd=-8.118e-06
  [shape] epoch  46500  rmse=0.001085  max_abs_dA=0.001948  int_signed_dA=1.572e-12  int_abs_dA=1.609e-12  A_min=0.0005347  max_dA_fwd=-8.097e-06
  [shape] epoch  46750  rmse=0.001086  max_abs_dA=0.001953  int_signed_dA=1.525e-12  int_abs_dA=1.593e-12  A_min=0.0005424  max_dA_fwd=-8.093e-06
  [shape] epoch  47000  rmse=0.001111  max_abs_dA=0.00199  int_signed_dA=1.555e-12  int_abs_dA=1.624e-12  A_min=0.0005637  max_dA_fwd=-8.107e-06
  [shape] epoch  47250  rmse=0.00108  max_abs_dA=0.001943  int_signed_dA=1.519e-12  int_abs_dA=1.587e-12  A_min=0.0005429  max_dA_fwd=-8.077e-06
  [shape] epoch  47500  rmse=0.001112  max_abs_dA=0.00199  int_signed_dA=1.596e-12  int_abs_dA=1.628e-12  A_min=0.0005587  max_dA_fwd=-8.103e-06
  [shape] epoch  47750  rmse=0.001082  max_abs_dA=0.001945  int_signed_dA=1.539e-12  int_abs_dA=1.592e-12  A_min=0.0005452  max_dA_fwd=-8.07e-06
  [shape] epoch  48000  rmse=0.001073  max_abs_dA=0.001931  int_signed_dA=1.49e-12  int_abs_dA=1.576e-12  A_min=0.000548  max_dA_fwd=-8.053e-06
  [shape] epoch  48250  rmse=0.001099  max_abs_dA=0.001968  int_signed_dA=1.574e-12  int_abs_dA=1.615e-12  A_min=0.0005635  max_dA_fwd=-8.071e-06
  [shape] epoch  48500  rmse=0.001115  max_abs_dA=0.001987  int_signed_dA=1.64e-12  int_abs_dA=1.65e-12  A_min=0.0005669  max_dA_fwd=-8.081e-06
  [shape] epoch  48750  rmse=0.001081  max_abs_dA=0.001942  int_signed_dA=1.496e-12  int_abs_dA=1.585e-12  A_min=0.000561  max_dA_fwd=-8.043e-06
  [shape] epoch  49000  rmse=0.001084  max_abs_dA=0.001945  int_signed_dA=1.535e-12  int_abs_dA=1.593e-12  A_min=0.0005616  max_dA_fwd=-8.041e-06
  [shape] epoch  49250  rmse=0.001073  max_abs_dA=0.001929  int_signed_dA=1.499e-12  int_abs_dA=1.578e-12  A_min=0.0005588  max_dA_fwd=-8.026e-06
  [shape] epoch  49500  rmse=0.001081  max_abs_dA=0.00194  int_signed_dA=1.528e-12  int_abs_dA=1.589e-12  A_min=0.0005635  max_dA_fwd=-8.029e-06
  [shape] epoch  49750  rmse=0.001076  max_abs_dA=0.001932  int_signed_dA=1.5e-12  int_abs_dA=1.581e-12  A_min=0.0005648  max_dA_fwd=-8.018e-06
  [shape] epoch  50000  rmse=0.001118  max_abs_dA=0.001991  int_signed_dA=1.637e-12  int_abs_dA=1.65e-12  A_min=0.0005829  max_dA_fwd=-8.052e-06
  [shape] epoch  50250  rmse=0.001085  max_abs_dA=0.001945  int_signed_dA=1.52e-12  int_abs_dA=1.594e-12  A_min=0.0005756  max_dA_fwd=-8.015e-06
  [shape] epoch  50500  rmse=0.001103  max_abs_dA=0.001966  int_signed_dA=1.627e-12  int_abs_dA=1.635e-12  A_min=0.000571  max_dA_fwd=-8.03e-06
  [shape] epoch  50750  rmse=0.001082  max_abs_dA=0.001938  int_signed_dA=1.539e-12  int_abs_dA=1.59e-12  A_min=0.000571  max_dA_fwd=-8.003e-06
  [shape] epoch  51000  rmse=0.001082  max_abs_dA=0.001938  int_signed_dA=1.536e-12  int_abs_dA=1.59e-12  A_min=0.0005737  max_dA_fwd=-7.998e-06
  [shape] epoch  51250  rmse=0.00107  max_abs_dA=0.00192  int_signed_dA=1.495e-12  int_abs_dA=1.572e-12  A_min=0.0005704  max_dA_fwd=-7.981e-06
  [shape] epoch  51500  rmse=0.001086  max_abs_dA=0.001944  int_signed_dA=1.537e-12  int_abs_dA=1.595e-12  A_min=0.0005824  max_dA_fwd=-7.99e-06
  [shape] epoch  51750  rmse=0.001058  max_abs_dA=0.001901  int_signed_dA=1.428e-12  int_abs_dA=1.558e-12  A_min=0.0005732  max_dA_fwd=-7.956e-06
  [shape] epoch  52000  rmse=0.001079  max_abs_dA=0.001932  int_signed_dA=1.532e-12  int_abs_dA=1.588e-12  A_min=0.0005813  max_dA_fwd=-7.973e-06
  [shape] epoch  52250  rmse=0.001075  max_abs_dA=0.001926  int_signed_dA=1.519e-12  int_abs_dA=1.582e-12  A_min=0.0005809  max_dA_fwd=-7.964e-06
  [shape] epoch  52500  rmse=0.001071  max_abs_dA=0.001918  int_signed_dA=1.534e-12  int_abs_dA=1.58e-12  A_min=0.0005754  max_dA_fwd=-7.957e-06
  [shape] epoch  52750  rmse=0.00105  max_abs_dA=0.001888  int_signed_dA=1.442e-12  int_abs_dA=1.551e-12  A_min=0.000575  max_dA_fwd=-7.928e-06
  [shape] epoch  53000  rmse=0.001087  max_abs_dA=0.001942  int_signed_dA=1.563e-12  int_abs_dA=1.599e-12  A_min=0.0005883  max_dA_fwd=-7.96e-06
  [shape] epoch  53250  rmse=0.001073  max_abs_dA=0.001921  int_signed_dA=1.522e-12  int_abs_dA=1.579e-12  A_min=0.000584  max_dA_fwd=-7.942e-06
  [shape] epoch  53500  rmse=0.001073  max_abs_dA=0.00192  int_signed_dA=1.521e-12  int_abs_dA=1.579e-12  A_min=0.0005868  max_dA_fwd=-7.935e-06
  [shape] epoch  53750  rmse=0.001067  max_abs_dA=0.001912  int_signed_dA=1.503e-12  int_abs_dA=1.57e-12  A_min=0.0005849  max_dA_fwd=-7.926e-06
  [shape] epoch  54000  rmse=0.001071  max_abs_dA=0.001916  int_signed_dA=1.519e-12  int_abs_dA=1.576e-12  A_min=0.0005874  max_dA_fwd=-7.924e-06
  [shape] epoch  54250  rmse=0.001065  max_abs_dA=0.001907  int_signed_dA=1.506e-12  int_abs_dA=1.571e-12  A_min=0.0005876  max_dA_fwd=-7.913e-06
  [shape] epoch  54500  rmse=0.001069  max_abs_dA=0.001913  int_signed_dA=1.511e-12  int_abs_dA=1.573e-12  A_min=0.0005905  max_dA_fwd=-7.912e-06
  [shape] epoch  54750  rmse=0.001065  max_abs_dA=0.001907  int_signed_dA=1.503e-12  int_abs_dA=1.568e-12  A_min=0.0005897  max_dA_fwd=-7.903e-06
  [shape] epoch  55000  rmse=0.001063  max_abs_dA=0.001904  int_signed_dA=1.49e-12  int_abs_dA=1.565e-12  A_min=0.000592  max_dA_fwd=-7.896e-06
  [shape] epoch  55250  rmse=0.00107  max_abs_dA=0.001913  int_signed_dA=1.524e-12  int_abs_dA=1.575e-12  A_min=0.0005939  max_dA_fwd=-7.898e-06
  [shape] epoch  55500  rmse=0.001066  max_abs_dA=0.001908  int_signed_dA=1.504e-12  int_abs_dA=1.569e-12  A_min=0.0005946  max_dA_fwd=-7.89e-06
  [shape] epoch  55750  rmse=0.001062  max_abs_dA=0.001901  int_signed_dA=1.504e-12  int_abs_dA=1.563e-12  A_min=0.0005903  max_dA_fwd=-7.883e-06
  [shape] epoch  56000  rmse=0.001065  max_abs_dA=0.001905  int_signed_dA=1.508e-12  int_abs_dA=1.568e-12  A_min=0.0005966  max_dA_fwd=-7.878e-06
  [shape] epoch  56250  rmse=0.001074  max_abs_dA=0.001917  int_signed_dA=1.545e-12  int_abs_dA=1.582e-12  A_min=0.000599  max_dA_fwd=-7.883e-06
  [shape] epoch  56500  rmse=0.001065  max_abs_dA=0.001904  int_signed_dA=1.511e-12  int_abs_dA=1.568e-12  A_min=0.0005981  max_dA_fwd=-7.869e-06
  [shape] epoch  56750  rmse=0.001068  max_abs_dA=0.001908  int_signed_dA=1.531e-12  int_abs_dA=1.573e-12  A_min=0.0005981  max_dA_fwd=-7.868e-06
  [shape] epoch  57000  rmse=0.001068  max_abs_dA=0.001908  int_signed_dA=1.529e-12  int_abs_dA=1.573e-12  A_min=0.0006006  max_dA_fwd=-7.863e-06
  [shape] epoch  57250  rmse=0.001069  max_abs_dA=0.001908  int_signed_dA=1.533e-12  int_abs_dA=1.574e-12  A_min=0.000601  max_dA_fwd=-7.859e-06
  [shape] epoch  57500  rmse=0.001063  max_abs_dA=0.001899  int_signed_dA=1.535e-12  int_abs_dA=1.568e-12  A_min=0.0005963  max_dA_fwd=-7.85e-06
  [shape] epoch  57750  rmse=0.001061  max_abs_dA=0.001896  int_signed_dA=1.514e-12  int_abs_dA=1.563e-12  A_min=0.0006005  max_dA_fwd=-7.842e-06
  [shape] epoch  58000  rmse=0.001055  max_abs_dA=0.001888  int_signed_dA=1.499e-12  int_abs_dA=1.555e-12  A_min=0.0005992  max_dA_fwd=-7.831e-06
  [shape] epoch  58250  rmse=0.001063  max_abs_dA=0.001899  int_signed_dA=1.506e-12  int_abs_dA=1.565e-12  A_min=0.0006068  max_dA_fwd=-7.833e-06
  [shape] epoch  58500  rmse=0.001061  max_abs_dA=0.001895  int_signed_dA=1.512e-12  int_abs_dA=1.563e-12  A_min=0.0006056  max_dA_fwd=-7.826e-06
  [shape] epoch  58750  rmse=0.001041  max_abs_dA=0.001866  int_signed_dA=1.45e-12  int_abs_dA=1.535e-12  A_min=0.0005985  max_dA_fwd=-7.803e-06
  [shape] epoch  59000  rmse=0.00106  max_abs_dA=0.001893  int_signed_dA=1.51e-12  int_abs_dA=1.561e-12  A_min=0.0006073  max_dA_fwd=-7.816e-06
  [shape] epoch  59250  rmse=0.001054  max_abs_dA=0.001884  int_signed_dA=1.484e-12  int_abs_dA=1.553e-12  A_min=0.0006086  max_dA_fwd=-7.804e-06
  [shape] epoch  59500  rmse=0.001066  max_abs_dA=0.001901  int_signed_dA=1.53e-12  int_abs_dA=1.571e-12  A_min=0.0006121  max_dA_fwd=-7.812e-06
  [shape] epoch  59750  rmse=0.001054  max_abs_dA=0.001884  int_signed_dA=1.497e-12  int_abs_dA=1.555e-12  A_min=0.0006094  max_dA_fwd=-7.796e-06
  [shape] epoch  59999  rmse=0.001055  max_abs_dA=0.001884  int_signed_dA=1.498e-12  int_abs_dA=1.553e-12  A_min=0.0006084  max_dA_fwd=-7.793e-06
[spectral-pn] spn-L0.5-s42: loss 2.170e-02 -> 9.723e-08 (x223227 drop)
[spectral-pn] RMSE=0.0011 max|dA|=0.0019 gamma_eff=3.5958e+09 gamma_ratio=0.9946
[spectral-pn] snapshot=final best_epoch=59999 best_loss=9.723e-08 final_loss=9.723e-08
[spectral-pn-shape] cancel=0.965 int_signed_dA=1.4984e-12 int_abs_dA=1.5529e-12 A_min=6.0842e-04 max_dA_fwd=-7.7930e-06
[spectral-pn] saved: runs/transient/pn_sumrule_ladder_1d/ladder_L0.5_1d
