[spectral-pn] case: L=1.0 um, Nk=20, L_max=8, run=20260810_173122
[spectral-pn] window t_end=5.130e-09 s (767.1 tau_ref), gamma_dom=1.3645e+09 Hz
[spectral-pn] window mode=n_decay rule=n_decay (t_1% at 0.01*A0: nan s; n_dec=7/gamma_dom: 5.1302e-09 s)
  epoch      0  residual 2.174e-02
  epoch    250  residual 1.904e-04
  epoch    500  residual 8.871e-05
  epoch    750  residual 4.607e-05
  epoch   1000  residual 3.145e-05
  epoch   1250  residual 2.288e-05
  epoch   1500  residual 1.911e-05
  epoch   1750  residual 1.494e-05
  epoch   2000  residual 1.277e-05
  epoch   2250  residual 1.117e-05
  epoch   2500  residual 9.959e-06
  epoch   2750  residual 9.032e-06
  epoch   3000  residual 8.305e-06
  epoch   3250  residual 7.743e-06
  epoch   3500  residual 7.319e-06
  epoch   3750  residual 6.840e-06
  epoch   4000  residual 6.472e-06
  epoch   4250  residual 6.231e-06
  epoch   4500  residual 5.869e-06
  epoch   4750  residual 6.034e-06
  epoch   5000  residual 7.182e-06
  epoch   5250  residual 5.153e-06
  epoch   5500  residual 8.578e-06
  epoch   5750  residual 4.775e-06
  epoch   6000  residual 4.571e-06
  epoch   6250  residual 4.541e-06
  epoch   6500  residual 4.301e-06
  epoch   6750  residual 4.631e-06
  epoch   7000  residual 3.818e-06
  epoch   7250  residual 3.630e-06
  epoch   7500  residual 3.472e-06
  epoch   7750  residual 6.470e-06
  epoch   8000  residual 3.113e-06
  epoch   8250  residual 2.986e-06
  epoch   8500  residual 3.050e-06
  epoch   8750  residual 2.770e-06
  epoch   9000  residual 2.917e-06
  epoch   9250  residual 3.524e-06
  epoch   9500  residual 5.110e-06
  epoch   9750  residual 2.674e-06
  epoch  10000  residual 2.362e-06
  epoch  10250  residual 2.777e-06
  epoch  10500  residual 2.328e-06
  epoch  10750  residual 2.427e-06
  epoch  11000  residual 2.808e-06
  epoch  11250  residual 2.186e-06
  epoch  11500  residual 1.984e-06
  epoch  11750  residual 1.931e-06
  epoch  12000  residual 1.897e-06
  epoch  12250  residual 1.833e-06
  epoch  12500  residual 1.845e-06
  epoch  12750  residual 1.961e-06
  epoch  13000  residual 1.712e-06
  epoch  13250  residual 1.695e-06
  epoch  13500  residual 1.646e-06
  epoch  13750  residual 1.662e-06
  epoch  14000  residual 1.589e-06
  epoch  14250  residual 1.569e-06
  epoch  14500  residual 1.557e-06
  epoch  14750  residual 1.559e-06
  epoch  15000  residual 1.499e-06
  epoch  15250  residual 1.474e-06
  epoch  15500  residual 1.455e-06
  epoch  15750  residual 1.436e-06
  epoch  16000  residual 1.435e-06
  epoch  16250  residual 1.413e-06
  epoch  16500  residual 1.389e-06
  epoch  16750  residual 1.377e-06
  epoch  17000  residual 1.362e-06
  epoch  17250  residual 1.362e-06
  epoch  17500  residual 1.332e-06
  epoch  17750  residual 1.335e-06
  epoch  18000  residual 1.311e-06
  epoch  18250  residual 1.301e-06
  epoch  18500  residual 1.290e-06
  epoch  18750  residual 1.275e-06
  epoch  19000  residual 1.267e-06
  epoch  19250  residual 1.253e-06
  epoch  19500  residual 1.247e-06
  epoch  19750  residual 1.234e-06
  epoch  19999  residual 1.224e-06
  [gamma] epoch      0  gamma_ratio 0.1297  residual 2.174e-02
  [gamma] epoch    250  gamma_ratio 1.2687  residual 1.904e-04
  [gamma] epoch    500  gamma_ratio 1.2967  residual 8.871e-05
  [gamma] epoch    750  gamma_ratio 1.0734  residual 4.607e-05
  [gamma] epoch   1000  gamma_ratio 0.8737  residual 3.145e-05
  [gamma] epoch   1250  gamma_ratio 0.7581  residual 2.288e-05
  [gamma] epoch   1500  gamma_ratio 0.6428  residual 1.911e-05
  [gamma] epoch   1750  gamma_ratio 0.5671  residual 1.494e-05
  [gamma] epoch   2000  gamma_ratio 0.5051  residual 1.277e-05
  [gamma] epoch   2250  gamma_ratio 0.4632  residual 1.117e-05
  [gamma] epoch   2500  gamma_ratio 0.4338  residual 9.959e-06
  [gamma] epoch   2750  gamma_ratio 0.4094  residual 9.032e-06
  [gamma] epoch   3000  gamma_ratio 0.3926  residual 8.305e-06
  [gamma] epoch   3250  gamma_ratio 0.3754  residual 7.743e-06
  [gamma] epoch   3500  gamma_ratio 0.3621  residual 7.319e-06
  [gamma] epoch   3750  gamma_ratio 0.3543  residual 6.840e-06
  [gamma] epoch   4000  gamma_ratio 0.3463  residual 6.472e-06
  [gamma] epoch   4250  gamma_ratio 0.3405  residual 6.231e-06
  [gamma] epoch   4500  gamma_ratio 0.3358  residual 5.869e-06
  [gamma] epoch   4750  gamma_ratio 0.3314  residual 6.034e-06
  [gamma] epoch   5000  gamma_ratio 0.3315  residual 7.182e-06
  [gamma] epoch   5250  gamma_ratio 0.3222  residual 5.153e-06
  [gamma] epoch   5500  gamma_ratio 0.3175  residual 8.578e-06
  [gamma] epoch   5750  gamma_ratio 0.3178  residual 4.775e-06
  [gamma] epoch   6000  gamma_ratio 0.3159  residual 4.571e-06
  [gamma] epoch   6250  gamma_ratio 0.3122  residual 4.541e-06
  [gamma] epoch   6500  gamma_ratio 0.3112  residual 4.301e-06
  [gamma] epoch   6750  gamma_ratio 0.3089  residual 4.631e-06
  [gamma] epoch   7000  gamma_ratio 0.3069  residual 3.818e-06
  [gamma] epoch   7250  gamma_ratio 0.3067  residual 3.630e-06
  [gamma] epoch   7500  gamma_ratio 0.3051  residual 3.472e-06
  [gamma] epoch   7750  gamma_ratio 0.3004  residual 6.470e-06
  [gamma] epoch   8000  gamma_ratio 0.3009  residual 3.113e-06
  [gamma] epoch   8250  gamma_ratio 0.2995  residual 2.986e-06
  [gamma] epoch   8500  gamma_ratio 0.2981  residual 3.050e-06
  [gamma] epoch   8750  gamma_ratio 0.2957  residual 2.770e-06
  [gamma] epoch   9000  gamma_ratio 0.2933  residual 2.917e-06
  [gamma] epoch   9250  gamma_ratio 0.2928  residual 3.524e-06
  [gamma] epoch   9500  gamma_ratio 0.2895  residual 5.110e-06
  [gamma] epoch   9750  gamma_ratio 0.2878  residual 2.674e-06
  [gamma] epoch  10000  gamma_ratio 0.2862  residual 2.362e-06
  [gamma] epoch  10250  gamma_ratio 0.2864  residual 2.777e-06
  [gamma] epoch  10500  gamma_ratio 0.2833  residual 2.328e-06
  [gamma] epoch  10750  gamma_ratio 0.2823  residual 2.427e-06
  [gamma] epoch  11000  gamma_ratio 0.2797  residual 2.808e-06
  [gamma] epoch  11250  gamma_ratio 0.2797  residual 2.186e-06
  [gamma] epoch  11500  gamma_ratio 0.2776  residual 1.984e-06
  [gamma] epoch  11750  gamma_ratio 0.2761  residual 1.931e-06
  [gamma] epoch  12000  gamma_ratio 0.2749  residual 1.897e-06
  [gamma] epoch  12250  gamma_ratio 0.2733  residual 1.833e-06
  [gamma] epoch  12500  gamma_ratio 0.2722  residual 1.845e-06
  [gamma] epoch  12750  gamma_ratio 0.2705  residual 1.961e-06
  [gamma] epoch  13000  gamma_ratio 0.2696  residual 1.712e-06
  [gamma] epoch  13250  gamma_ratio 0.2686  residual 1.695e-06
  [gamma] epoch  13500  gamma_ratio 0.2674  residual 1.646e-06
  [gamma] epoch  13750  gamma_ratio 0.2667  residual 1.662e-06
  [gamma] epoch  14000  gamma_ratio 0.2655  residual 1.589e-06
  [gamma] epoch  14250  gamma_ratio 0.2646  residual 1.569e-06
  [gamma] epoch  14500  gamma_ratio 0.2639  residual 1.557e-06
  [gamma] epoch  14750  gamma_ratio 0.2629  residual 1.559e-06
  [gamma] epoch  15000  gamma_ratio 0.2624  residual 1.499e-06
  [gamma] epoch  15250  gamma_ratio 0.2617  residual 1.474e-06
  [gamma] epoch  15500  gamma_ratio 0.2610  residual 1.455e-06
  [gamma] epoch  15750  gamma_ratio 0.2605  residual 1.436e-06
  [gamma] epoch  16000  gamma_ratio 0.2599  residual 1.435e-06
  [gamma] epoch  16250  gamma_ratio 0.2594  residual 1.413e-06
  [gamma] epoch  16500  gamma_ratio 0.2590  residual 1.389e-06
  [gamma] epoch  16750  gamma_ratio 0.2584  residual 1.377e-06
  [gamma] epoch  17000  gamma_ratio 0.2581  residual 1.362e-06
  [gamma] epoch  17250  gamma_ratio 0.2576  residual 1.362e-06
  [gamma] epoch  17500  gamma_ratio 0.2573  residual 1.332e-06
  [gamma] epoch  17750  gamma_ratio 0.2569  residual 1.335e-06
  [gamma] epoch  18000  gamma_ratio 0.2567  residual 1.311e-06
  [gamma] epoch  18250  gamma_ratio 0.2563  residual 1.301e-06
  [gamma] epoch  18500  gamma_ratio 0.2561  residual 1.290e-06
  [gamma] epoch  18750  gamma_ratio 0.2558  residual 1.275e-06
  [gamma] epoch  19000  gamma_ratio 0.2556  residual 1.267e-06
  [gamma] epoch  19250  gamma_ratio 0.2553  residual 1.253e-06
  [gamma] epoch  19500  gamma_ratio 0.2551  residual 1.247e-06
  [gamma] epoch  19750  gamma_ratio 0.2549  residual 1.234e-06
  [gamma] epoch  19999  gamma_ratio 0.2548  residual 1.224e-06
  [shape] epoch      0  rmse=0.9859  max_abs_dA=1.098  int_signed_dA=4.914e-09  int_abs_dA=4.914e-09  A_min=1  max_dA_fwd=0.07354
  [shape] epoch    250  rmse=0.1949  max_abs_dA=0.6304  int_signed_dA=-1.551e-10  int_abs_dA=6.708e-10  A_min=0.08414  max_dA_fwd=-1.452e-05
  [shape] epoch    500  rmse=0.1779  max_abs_dA=0.5672  int_signed_dA=-1.676e-10  int_abs_dA=6.023e-10  A_min=0.06814  max_dA_fwd=-2.117e-05
  [shape] epoch    750  rmse=0.1594  max_abs_dA=0.4905  int_signed_dA=-5.011e-11  int_abs_dA=5.908e-10  A_min=0.07688  max_dA_fwd=-3.024e-05
  [shape] epoch   1000  rmse=0.1519  max_abs_dA=0.4278  int_signed_dA=1.059e-10  int_abs_dA=6.352e-10  A_min=0.1006  max_dA_fwd=-3.462e-05
  [shape] epoch   1250  rmse=0.1508  max_abs_dA=0.3817  int_signed_dA=2.337e-10  int_abs_dA=6.788e-10  A_min=0.1195  max_dA_fwd=-3.853e-05
  [shape] epoch   1500  rmse=0.1584  max_abs_dA=0.3289  int_signed_dA=4.069e-10  int_abs_dA=7.562e-10  A_min=0.1461  max_dA_fwd=-4.345e-05
  [shape] epoch   1750  rmse=0.1712  max_abs_dA=0.2858  int_signed_dA=5.591e-10  int_abs_dA=8.366e-10  A_min=0.1692  max_dA_fwd=-4.871e-05
  [shape] epoch   2000  rmse=0.1899  max_abs_dA=0.2462  int_signed_dA=7.175e-10  int_abs_dA=9.337e-10  A_min=0.1938  max_dA_fwd=-5.466e-05
  [shape] epoch   2250  rmse=0.2078  max_abs_dA=0.243  int_signed_dA=8.486e-10  int_abs_dA=1.021e-09  A_min=0.2141  max_dA_fwd=-6.013e-05
  [shape] epoch   2500  rmse=0.2236  max_abs_dA=0.2633  int_signed_dA=9.558e-10  int_abs_dA=1.096e-09  A_min=0.2305  max_dA_fwd=-6.49e-05
  [shape] epoch   2750  rmse=0.2394  max_abs_dA=0.2827  int_signed_dA=1.056e-09  int_abs_dA=1.171e-09  A_min=0.2465  max_dA_fwd=-6.903e-05
  [shape] epoch   3000  rmse=0.2518  max_abs_dA=0.2975  int_signed_dA=1.133e-09  int_abs_dA=1.23e-09  A_min=0.2583  max_dA_fwd=-7.263e-05
  [shape] epoch   3250  rmse=0.2663  max_abs_dA=0.3143  int_signed_dA=1.218e-09  int_abs_dA=1.299e-09  A_min=0.2725  max_dA_fwd=-7.569e-05
  [shape] epoch   3500  rmse=0.2785  max_abs_dA=0.3283  int_signed_dA=1.29e-09  int_abs_dA=1.358e-09  A_min=0.2841  max_dA_fwd=-7.837e-05
  [shape] epoch   3750  rmse=0.2862  max_abs_dA=0.337  int_signed_dA=1.335e-09  int_abs_dA=1.394e-09  A_min=0.2909  max_dA_fwd=-8.044e-05
  [shape] epoch   4000  rmse=0.2944  max_abs_dA=0.3463  int_signed_dA=1.382e-09  int_abs_dA=1.434e-09  A_min=0.2987  max_dA_fwd=-8.202e-05
  [shape] epoch   4250  rmse=0.3007  max_abs_dA=0.3533  int_signed_dA=1.419e-09  int_abs_dA=1.465e-09  A_min=0.3045  max_dA_fwd=-8.333e-05
  [shape] epoch   4500  rmse=0.306  max_abs_dA=0.3592  int_signed_dA=1.449e-09  int_abs_dA=1.491e-09  A_min=0.3094  max_dA_fwd=-8.424e-05
  [shape] epoch   4750  rmse=0.3113  max_abs_dA=0.365  int_signed_dA=1.478e-09  int_abs_dA=1.516e-09  A_min=0.3147  max_dA_fwd=-8.475e-05
  [shape] epoch   5000  rmse=0.3109  max_abs_dA=0.3646  int_signed_dA=1.477e-09  int_abs_dA=1.515e-09  A_min=0.3136  max_dA_fwd=-8.547e-05
  [shape] epoch   5250  rmse=0.3226  max_abs_dA=0.3773  int_signed_dA=1.541e-09  int_abs_dA=1.572e-09  A_min=0.3261  max_dA_fwd=-8.571e-05
  [shape] epoch   5500  rmse=0.3287  max_abs_dA=0.3839  int_signed_dA=1.574e-09  int_abs_dA=1.602e-09  A_min=0.3321  max_dA_fwd=-8.626e-05
  [shape] epoch   5750  rmse=0.3283  max_abs_dA=0.3834  int_signed_dA=1.572e-09  int_abs_dA=1.6e-09  A_min=0.3316  max_dA_fwd=-8.613e-05
  [shape] epoch   6000  rmse=0.3309  max_abs_dA=0.3862  int_signed_dA=1.586e-09  int_abs_dA=1.613e-09  A_min=0.3344  max_dA_fwd=-8.603e-05
  [shape] epoch   6250  rmse=0.336  max_abs_dA=0.3917  int_signed_dA=1.614e-09  int_abs_dA=1.638e-09  A_min=0.3398  max_dA_fwd=-8.621e-05
  [shape] epoch   6500  rmse=0.3374  max_abs_dA=0.3932  int_signed_dA=1.621e-09  int_abs_dA=1.645e-09  A_min=0.3416  max_dA_fwd=-8.577e-05
  [shape] epoch   6750  rmse=0.3407  max_abs_dA=0.3967  int_signed_dA=1.639e-09  int_abs_dA=1.661e-09  A_min=0.3449  max_dA_fwd=-8.598e-05
  [shape] epoch   7000  rmse=0.3438  max_abs_dA=0.3999  int_signed_dA=1.654e-09  int_abs_dA=1.676e-09  A_min=0.3488  max_dA_fwd=-8.53e-05
  [shape] epoch   7250  rmse=0.3441  max_abs_dA=0.4002  int_signed_dA=1.656e-09  int_abs_dA=1.678e-09  A_min=0.3494  max_dA_fwd=-8.491e-05
  [shape] epoch   7500  rmse=0.3465  max_abs_dA=0.4028  int_signed_dA=1.668e-09  int_abs_dA=1.689e-09  A_min=0.3523  max_dA_fwd=-8.455e-05
  [shape] epoch   7750  rmse=0.3534  max_abs_dA=0.4102  int_signed_dA=1.706e-09  int_abs_dA=1.723e-09  A_min=0.3589  max_dA_fwd=-8.548e-05
  [shape] epoch   8000  rmse=0.3531  max_abs_dA=0.4097  int_signed_dA=1.702e-09  int_abs_dA=1.721e-09  A_min=0.3596  max_dA_fwd=-8.421e-05
  [shape] epoch   8250  rmse=0.3552  max_abs_dA=0.412  int_signed_dA=1.713e-09  int_abs_dA=1.732e-09  A_min=0.3621  max_dA_fwd=-8.4e-05
  [shape] epoch   8500  rmse=0.3575  max_abs_dA=0.4145  int_signed_dA=1.725e-09  int_abs_dA=1.743e-09  A_min=0.3646  max_dA_fwd=-8.401e-05
  [shape] epoch   8750  rmse=0.3612  max_abs_dA=0.4185  int_signed_dA=1.744e-09  int_abs_dA=1.762e-09  A_min=0.3687  max_dA_fwd=-8.401e-05
  [shape] epoch   9000  rmse=0.3651  max_abs_dA=0.4226  int_signed_dA=1.764e-09  int_abs_dA=1.781e-09  A_min=0.3728  max_dA_fwd=-8.399e-05
  [shape] epoch   9250  rmse=0.3659  max_abs_dA=0.4235  int_signed_dA=1.769e-09  int_abs_dA=1.785e-09  A_min=0.3738  max_dA_fwd=-8.39e-05
  [shape] epoch   9500  rmse=0.3716  max_abs_dA=0.4295  int_signed_dA=1.798e-09  int_abs_dA=1.813e-09  A_min=0.3802  max_dA_fwd=-8.351e-05
  [shape] epoch   9750  rmse=0.3742  max_abs_dA=0.4323  int_signed_dA=1.813e-09  int_abs_dA=1.827e-09  A_min=0.3822  max_dA_fwd=-8.439e-05
  [shape] epoch  10000  rmse=0.377  max_abs_dA=0.4353  int_signed_dA=1.827e-09  int_abs_dA=1.84e-09  A_min=0.3854  max_dA_fwd=-8.421e-05
  [shape] epoch  10250  rmse=0.3766  max_abs_dA=0.4349  int_signed_dA=1.825e-09  int_abs_dA=1.839e-09  A_min=0.385  max_dA_fwd=-8.412e-05
  [shape] epoch  10500  rmse=0.382  max_abs_dA=0.4406  int_signed_dA=1.853e-09  int_abs_dA=1.865e-09  A_min=0.3905  max_dA_fwd=-8.436e-05
  [shape] epoch  10750  rmse=0.3837  max_abs_dA=0.4424  int_signed_dA=1.862e-09  int_abs_dA=1.874e-09  A_min=0.3925  max_dA_fwd=-8.408e-05
  [shape] epoch  11000  rmse=0.3881  max_abs_dA=0.4471  int_signed_dA=1.886e-09  int_abs_dA=1.896e-09  A_min=0.3966  max_dA_fwd=-8.477e-05
  [shape] epoch  11250  rmse=0.3882  max_abs_dA=0.4472  int_signed_dA=1.886e-09  int_abs_dA=1.897e-09  A_min=0.3971  max_dA_fwd=-8.434e-05
  [shape] epoch  11500  rmse=0.3921  max_abs_dA=0.4514  int_signed_dA=1.906e-09  int_abs_dA=1.916e-09  A_min=0.4012  max_dA_fwd=-8.446e-05
  [shape] epoch  11750  rmse=0.3948  max_abs_dA=0.4542  int_signed_dA=1.92e-09  int_abs_dA=1.929e-09  A_min=0.404  max_dA_fwd=-8.445e-05
  [shape] epoch  12000  rmse=0.397  max_abs_dA=0.4566  int_signed_dA=1.932e-09  int_abs_dA=1.941e-09  A_min=0.4064  max_dA_fwd=-8.444e-05
  [shape] epoch  12250  rmse=0.4  max_abs_dA=0.4597  int_signed_dA=1.947e-09  int_abs_dA=1.956e-09  A_min=0.4095  max_dA_fwd=-8.448e-05
  [shape] epoch  12500  rmse=0.4022  max_abs_dA=0.4621  int_signed_dA=1.958e-09  int_abs_dA=1.967e-09  A_min=0.4119  max_dA_fwd=-8.447e-05
  [shape] epoch  12750  rmse=0.4054  max_abs_dA=0.4655  int_signed_dA=1.975e-09  int_abs_dA=1.983e-09  A_min=0.4154  max_dA_fwd=-8.44e-05
  [shape] epoch  13000  rmse=0.4071  max_abs_dA=0.4673  int_signed_dA=1.984e-09  int_abs_dA=1.991e-09  A_min=0.4171  max_dA_fwd=-8.457e-05
  [shape] epoch  13250  rmse=0.4091  max_abs_dA=0.4695  int_signed_dA=1.995e-09  int_abs_dA=2.002e-09  A_min=0.4193  max_dA_fwd=-8.459e-05
  [shape] epoch  13500  rmse=0.4114  max_abs_dA=0.4719  int_signed_dA=2.007e-09  int_abs_dA=2.013e-09  A_min=0.4217  max_dA_fwd=-8.465e-05
  [shape] epoch  13750  rmse=0.4128  max_abs_dA=0.4734  int_signed_dA=2.014e-09  int_abs_dA=2.02e-09  A_min=0.4231  max_dA_fwd=-8.471e-05
  [shape] epoch  14000  rmse=0.4153  max_abs_dA=0.476  int_signed_dA=2.027e-09  int_abs_dA=2.033e-09  A_min=0.4257  max_dA_fwd=-8.477e-05
  [shape] epoch  14250  rmse=0.417  max_abs_dA=0.4779  int_signed_dA=2.036e-09  int_abs_dA=2.041e-09  A_min=0.4275  max_dA_fwd=-8.483e-05
  [shape] epoch  14500  rmse=0.4185  max_abs_dA=0.4795  int_signed_dA=2.043e-09  int_abs_dA=2.049e-09  A_min=0.429  max_dA_fwd=-8.492e-05
  [shape] epoch  14750  rmse=0.4204  max_abs_dA=0.4815  int_signed_dA=2.053e-09  int_abs_dA=2.058e-09  A_min=0.431  max_dA_fwd=-8.499e-05
  [shape] epoch  15000  rmse=0.4215  max_abs_dA=0.4826  int_signed_dA=2.059e-09  int_abs_dA=2.064e-09  A_min=0.4321  max_dA_fwd=-8.506e-05
  [shape] epoch  15250  rmse=0.4229  max_abs_dA=0.4841  int_signed_dA=2.066e-09  int_abs_dA=2.071e-09  A_min=0.4336  max_dA_fwd=-8.515e-05
  [shape] epoch  15500  rmse=0.4242  max_abs_dA=0.4856  int_signed_dA=2.073e-09  int_abs_dA=2.078e-09  A_min=0.4349  max_dA_fwd=-8.524e-05
  [shape] epoch  15750  rmse=0.4253  max_abs_dA=0.4868  int_signed_dA=2.079e-09  int_abs_dA=2.084e-09  A_min=0.4361  max_dA_fwd=-8.532e-05
  [shape] epoch  16000  rmse=0.4266  max_abs_dA=0.4881  int_signed_dA=2.085e-09  int_abs_dA=2.09e-09  A_min=0.4372  max_dA_fwd=-8.547e-05
  [shape] epoch  16250  rmse=0.4276  max_abs_dA=0.4892  int_signed_dA=2.091e-09  int_abs_dA=2.095e-09  A_min=0.4384  max_dA_fwd=-8.547e-05
  [shape] epoch  16500  rmse=0.4285  max_abs_dA=0.4901  int_signed_dA=2.095e-09  int_abs_dA=2.1e-09  A_min=0.4392  max_dA_fwd=-8.557e-05
  [shape] epoch  16750  rmse=0.4297  max_abs_dA=0.4914  int_signed_dA=2.102e-09  int_abs_dA=2.106e-09  A_min=0.4404  max_dA_fwd=-8.566e-05
  [shape] epoch  17000  rmse=0.4303  max_abs_dA=0.492  int_signed_dA=2.105e-09  int_abs_dA=2.109e-09  A_min=0.441  max_dA_fwd=-8.573e-05
  [shape] epoch  17250  rmse=0.4314  max_abs_dA=0.4933  int_signed_dA=2.111e-09  int_abs_dA=2.115e-09  A_min=0.4422  max_dA_fwd=-8.579e-05
  [shape] epoch  17500  rmse=0.432  max_abs_dA=0.4938  int_signed_dA=2.114e-09  int_abs_dA=2.118e-09  A_min=0.4427  max_dA_fwd=-8.59e-05
  [shape] epoch  17750  rmse=0.4329  max_abs_dA=0.4948  int_signed_dA=2.119e-09  int_abs_dA=2.122e-09  A_min=0.4436  max_dA_fwd=-8.596e-05
  [shape] epoch  18000  rmse=0.4333  max_abs_dA=0.4953  int_signed_dA=2.121e-09  int_abs_dA=2.124e-09  A_min=0.444  max_dA_fwd=-8.604e-05
  [shape] epoch  18250  rmse=0.4341  max_abs_dA=0.4962  int_signed_dA=2.125e-09  int_abs_dA=2.129e-09  A_min=0.4448  max_dA_fwd=-8.611e-05
  [shape] epoch  18500  rmse=0.4345  max_abs_dA=0.4966  int_signed_dA=2.127e-09  int_abs_dA=2.131e-09  A_min=0.4451  max_dA_fwd=-8.62e-05
  [shape] epoch  18750  rmse=0.4352  max_abs_dA=0.4973  int_signed_dA=2.131e-09  int_abs_dA=2.134e-09  A_min=0.4458  max_dA_fwd=-8.627e-05
  [shape] epoch  19000  rmse=0.4356  max_abs_dA=0.4978  int_signed_dA=2.133e-09  int_abs_dA=2.136e-09  A_min=0.4462  max_dA_fwd=-8.635e-05
  [shape] epoch  19250  rmse=0.4362  max_abs_dA=0.4984  int_signed_dA=2.136e-09  int_abs_dA=2.139e-09  A_min=0.4467  max_dA_fwd=-8.643e-05
  [shape] epoch  19500  rmse=0.4366  max_abs_dA=0.4988  int_signed_dA=2.138e-09  int_abs_dA=2.141e-09  A_min=0.4471  max_dA_fwd=-8.651e-05
  [shape] epoch  19750  rmse=0.437  max_abs_dA=0.4992  int_signed_dA=2.14e-09  int_abs_dA=2.143e-09  A_min=0.4474  max_dA_fwd=-8.657e-05
  [shape] epoch  19999  rmse=0.4374  max_abs_dA=0.4996  int_signed_dA=2.142e-09  int_abs_dA=2.145e-09  A_min=0.4478  max_dA_fwd=-8.664e-05
[spectral-pn] spn-L1.0-s0: loss 2.174e-02 -> 1.224e-06 (x17758 drop)
[spectral-pn] RMSE=0.4374 max|dA|=0.4996 gamma_eff=3.4785e+08 gamma_ratio=0.2548
[spectral-pn] snapshot=final best_epoch=19999 best_loss=1.224e-06 final_loss=1.224e-06
[spectral-pn-shape] cancel=0.999 int_signed_dA=2.1424e-09 int_abs_dA=2.1454e-09 A_min=4.4778e-01 max_dA_fwd=-8.6645e-05
[spectral-pn] saved: runs/transient/p118_joint_repin/abl_L1.0_plain_s0
