[spectral-pn] case: L=10.0 um, Nk=20, L_max=8, run=20260908_213632
[spectral-pn] window t_end=2.246e-07 s (33306.5 tau_ref), gamma_dom=3.1170e+07 Hz
[spectral-pn] window mode=n_decay rule=n_decay (t_1% at 0.01*A0: nan s; n_dec=7/gamma_dom: 2.2457e-07 s)
  epoch      0  residual 8.488e+00
  epoch    250  residual 1.920e-03
  epoch    500  residual 1.299e-03
  epoch    750  residual 7.000e-04
  epoch   1000  residual 2.963e-04
  epoch   1250  residual 1.893e-04
  epoch   1500  residual 1.475e-04
  epoch   1750  residual 1.167e-04
  epoch   2000  residual 9.641e-05
  epoch   2250  residual 7.814e-05
  epoch   2500  residual 6.797e-05
  epoch   2750  residual 5.801e-05
  epoch   3000  residual 4.828e-05
  epoch   3250  residual 4.002e-05
  epoch   3500  residual 3.521e-05
  epoch   3750  residual 5.468e-05
  epoch   4000  residual 2.867e-05
  epoch   4250  residual 2.670e-05
  epoch   4500  residual 2.484e-05
  epoch   4750  residual 1.996e-05
  epoch   5000  residual 1.711e-05
  epoch   5250  residual 1.554e-05
  epoch   5500  residual 1.866e-05
  epoch   5750  residual 1.315e-05
  epoch   6000  residual 1.212e-05
  epoch   6250  residual 1.122e-05
  epoch   6500  residual 1.096e-05
  epoch   6750  residual 2.024e-05
  epoch   7000  residual 8.557e-06
  epoch   7250  residual 8.268e-06
  epoch   7500  residual 7.444e-06
  epoch   7750  residual 7.173e-06
  epoch   8000  residual 1.652e-05
  epoch   8250  residual 6.374e-06
  epoch   8500  residual 1.143e-05
  epoch   8750  residual 1.461e-05
  epoch   9000  residual 5.503e-06
  epoch   9250  residual 4.600e-06
  epoch   9500  residual 4.946e-06
  epoch   9750  residual 4.792e-06
  epoch  10000  residual 4.061e-06
  epoch  10250  residual 4.699e-06
  epoch  10500  residual 3.781e-06
  epoch  10750  residual 3.532e-06
  epoch  11000  residual 3.256e-06
  epoch  11250  residual 1.192e-05
  epoch  11500  residual 3.041e-06
  epoch  11750  residual 1.223e-05
  epoch  12000  residual 2.882e-06
  epoch  12250  residual 2.813e-06
  epoch  12500  residual 2.609e-06
  epoch  12750  residual 2.511e-06
  epoch  13000  residual 2.837e-06
  epoch  13250  residual 2.374e-06
  epoch  13500  residual 2.961e-06
  epoch  13750  residual 4.399e-06
  epoch  14000  residual 2.340e-06
  epoch  14250  residual 1.683e-05
  epoch  14500  residual 6.563e-06
  epoch  14750  residual 1.971e-06
  epoch  15000  residual 2.444e-06
  epoch  15250  residual 1.874e-06
  epoch  15500  residual 4.743e-06
  epoch  15750  residual 1.846e-06
  epoch  16000  residual 1.734e-06
  epoch  16250  residual 1.845e-06
  epoch  16500  residual 3.499e-06
  epoch  16750  residual 1.981e-06
  epoch  17000  residual 1.652e-06
  epoch  17250  residual 3.945e-06
  epoch  17500  residual 3.393e-06
  epoch  17750  residual 2.743e-06
  epoch  18000  residual 3.903e-06
  epoch  18250  residual 1.583e-06
  epoch  18500  residual 1.424e-06
  epoch  18750  residual 5.761e-06
  epoch  19000  residual 1.368e-06
  epoch  19250  residual 6.121e-06
  epoch  19500  residual 2.080e-06
  epoch  19750  residual 1.310e-06
  epoch  20000  residual 1.756e-06
  epoch  20250  residual 2.113e-06
  epoch  20500  residual 2.977e-06
  epoch  20750  residual 1.893e-06
  epoch  21000  residual 1.305e-06
  epoch  21250  residual 7.827e-06
  epoch  21500  residual 1.953e-06
  epoch  21750  residual 1.170e-06
  epoch  22000  residual 1.120e-06
  epoch  22250  residual 5.835e-06
  epoch  22500  residual 2.120e-06
  epoch  22750  residual 8.155e-06
  epoch  23000  residual 1.722e-06
  epoch  23250  residual 1.105e-06
  epoch  23500  residual 1.044e-06
  epoch  23750  residual 1.056e-06
  epoch  24000  residual 1.724e-05
  epoch  24250  residual 2.713e-05
  epoch  24500  residual 1.308e-05
  epoch  24750  residual 7.611e-06
  epoch  25000  residual 1.587e-05
  epoch  25250  residual 1.251e-06
  epoch  25500  residual 1.222e-06
  epoch  25750  residual 1.277e-06
  epoch  26000  residual 1.047e-06
  epoch  26250  residual 1.054e-06
  epoch  26500  residual 1.002e-06
  epoch  26750  residual 1.002e-06
  epoch  27000  residual 1.934e-06
  epoch  27250  residual 1.093e-06
  epoch  27500  residual 6.791e-06
  epoch  27750  residual 4.011e-05
  epoch  28000  residual 9.509e-07
  epoch  28250  residual 1.356e-06
  epoch  28500  residual 1.163e-06
  epoch  28750  residual 9.643e-07
  epoch  29000  residual 2.261e-06
  epoch  29250  residual 9.075e-07
  epoch  29500  residual 7.885e-07
  epoch  29750  residual 1.217e-06
  epoch  30000  residual 7.743e-07
  epoch  30250  residual 1.572e-06
  epoch  30500  residual 1.040e-06
  epoch  30750  residual 1.370e-06
  epoch  31000  residual 8.719e-07
  epoch  31250  residual 1.500e-06
  epoch  31500  residual 7.178e-07
  epoch  31750  residual 1.186e-06
  epoch  32000  residual 6.974e-07
  epoch  32250  residual 1.097e-06
  epoch  32500  residual 7.073e-07
  epoch  32750  residual 6.787e-07
  epoch  33000  residual 3.237e-06
  epoch  33250  residual 1.768e-06
  epoch  33500  residual 6.545e-07
  epoch  33750  residual 6.776e-07
  epoch  34000  residual 7.034e-07
  epoch  34250  residual 1.366e-06
  epoch  34500  residual 6.101e-07
  epoch  34750  residual 6.260e-07
  epoch  35000  residual 5.934e-07
  epoch  35250  residual 1.194e-05
  epoch  35500  residual 5.051e-06
  epoch  35750  residual 6.638e-06
  epoch  36000  residual 6.867e-07
  epoch  36250  residual 1.477e-06
  epoch  36500  residual 5.541e-07
  epoch  36750  residual 5.431e-07
  epoch  37000  residual 1.087e-06
  epoch  37250  residual 5.829e-07
  epoch  37500  residual 1.159e-06
  epoch  37750  residual 5.641e-07
  epoch  38000  residual 4.921e-07
  epoch  38250  residual 4.800e-07
  epoch  38500  residual 4.722e-07
  epoch  38750  residual 4.930e-07
  epoch  39000  residual 4.582e-07
  epoch  39250  residual 5.096e-07
  epoch  39500  residual 4.444e-07
  epoch  39750  residual 4.762e-07
  epoch  40000  residual 1.460e-06
  epoch  40250  residual 9.315e-07
  epoch  40500  residual 4.124e-07
  epoch  40750  residual 4.081e-07
  epoch  41000  residual 8.880e-07
  epoch  41250  residual 4.729e-07
  epoch  41500  residual 3.822e-07
  epoch  41750  residual 5.481e-07
  epoch  42000  residual 3.631e-07
  epoch  42250  residual 3.570e-07
  epoch  42500  residual 4.412e-07
  epoch  42750  residual 3.565e-07
  epoch  43000  residual 3.377e-07
  epoch  43250  residual 3.308e-07
  epoch  43500  residual 2.457e-06
  epoch  43750  residual 3.878e-07
  epoch  44000  residual 3.936e-07
  epoch  44250  residual 3.076e-07
  epoch  44500  residual 2.986e-07
  epoch  44750  residual 6.413e-07
  epoch  45000  residual 2.879e-07
  epoch  45250  residual 3.275e-07
  epoch  45500  residual 3.313e-07
  epoch  45750  residual 2.726e-07
  epoch  46000  residual 7.169e-07
  epoch  46250  residual 2.842e-07
  epoch  46500  residual 3.345e-07
  epoch  46750  residual 2.832e-07
  epoch  47000  residual 2.568e-07
  epoch  47250  residual 2.455e-07
  epoch  47500  residual 2.834e-07
  epoch  47750  residual 2.376e-07
  epoch  48000  residual 2.488e-07
  epoch  48250  residual 2.381e-07
  epoch  48500  residual 2.399e-07
  epoch  48750  residual 2.250e-07
  epoch  49000  residual 2.343e-07
  epoch  49250  residual 4.907e-07
  epoch  49500  residual 2.125e-07
  epoch  49750  residual 2.092e-07
  epoch  50000  residual 7.943e-07
  epoch  50250  residual 1.108e-06
  epoch  50500  residual 2.245e-07
  epoch  50750  residual 2.285e-07
  epoch  51000  residual 3.124e-07
  epoch  51250  residual 1.985e-07
  epoch  51500  residual 1.917e-07
  epoch  51750  residual 2.477e-07
  epoch  52000  residual 2.296e-07
  epoch  52250  residual 1.839e-07
  epoch  52500  residual 3.407e-07
  epoch  52750  residual 1.845e-07
  epoch  53000  residual 1.774e-07
  epoch  53250  residual 1.748e-07
  epoch  53500  residual 1.734e-07
  epoch  53750  residual 2.608e-07
  epoch  54000  residual 1.767e-07
  epoch  54250  residual 4.212e-07
  epoch  54500  residual 1.656e-07
  epoch  54750  residual 1.640e-07
  epoch  55000  residual 1.655e-07
  epoch  55250  residual 1.611e-07
  epoch  55500  residual 1.627e-07
  epoch  55750  residual 1.591e-07
  epoch  56000  residual 1.661e-07
  epoch  56250  residual 1.609e-07
  epoch  56500  residual 1.551e-07
  epoch  56750  residual 2.165e-07
  epoch  57000  residual 1.647e-07
  epoch  57250  residual 1.531e-07
  epoch  57500  residual 1.482e-07
  epoch  57750  residual 1.691e-07
  epoch  58000  residual 1.485e-07
  epoch  58250  residual 1.468e-07
  epoch  58500  residual 1.442e-07
  epoch  58750  residual 1.485e-07
  epoch  59000  residual 1.414e-07
  epoch  59250  residual 1.420e-07
  epoch  59500  residual 1.391e-07
  epoch  59750  residual 1.578e-07
  epoch  59999  residual 1.376e-07
  [gamma] epoch      0  gamma_ratio 12.3538  residual 8.488e+00
  [gamma] epoch    250  gamma_ratio 1.0823  residual 1.920e-03
  [gamma] epoch    500  gamma_ratio 1.0879  residual 1.299e-03
  [gamma] epoch    750  gamma_ratio 1.1066  residual 7.000e-04
  [gamma] epoch   1000  gamma_ratio 1.1206  residual 2.963e-04
  [gamma] epoch   1250  gamma_ratio 1.0863  residual 1.893e-04
  [gamma] epoch   1500  gamma_ratio 1.0717  residual 1.475e-04
  [gamma] epoch   1750  gamma_ratio 1.0636  residual 1.167e-04
  [gamma] epoch   2000  gamma_ratio 1.0562  residual 9.641e-05
  [gamma] epoch   2250  gamma_ratio 1.0487  residual 7.814e-05
  [gamma] epoch   2500  gamma_ratio 1.0417  residual 6.797e-05
  [gamma] epoch   2750  gamma_ratio 1.0356  residual 5.801e-05
  [gamma] epoch   3000  gamma_ratio 1.0300  residual 4.828e-05
  [gamma] epoch   3250  gamma_ratio 1.0246  residual 4.002e-05
  [gamma] epoch   3500  gamma_ratio 1.0196  residual 3.521e-05
  [gamma] epoch   3750  gamma_ratio 1.0147  residual 5.468e-05
  [gamma] epoch   4000  gamma_ratio 1.0111  residual 2.867e-05
  [gamma] epoch   4250  gamma_ratio 1.0087  residual 2.670e-05
  [gamma] epoch   4500  gamma_ratio 1.0072  residual 2.484e-05
  [gamma] epoch   4750  gamma_ratio 1.0054  residual 1.996e-05
  [gamma] epoch   5000  gamma_ratio 1.0042  residual 1.711e-05
  [gamma] epoch   5250  gamma_ratio 1.0032  residual 1.554e-05
  [gamma] epoch   5500  gamma_ratio 1.0021  residual 1.866e-05
  [gamma] epoch   5750  gamma_ratio 1.0012  residual 1.315e-05
  [gamma] epoch   6000  gamma_ratio 1.0006  residual 1.212e-05
  [gamma] epoch   6250  gamma_ratio 0.9992  residual 1.122e-05
  [gamma] epoch   6500  gamma_ratio 0.9987  residual 1.096e-05
  [gamma] epoch   6750  gamma_ratio 0.9977  residual 2.024e-05
  [gamma] epoch   7000  gamma_ratio 0.9978  residual 8.557e-06
  [gamma] epoch   7250  gamma_ratio 0.9970  residual 8.268e-06
  [gamma] epoch   7500  gamma_ratio 0.9964  residual 7.444e-06
  [gamma] epoch   7750  gamma_ratio 0.9974  residual 7.173e-06
  [gamma] epoch   8000  gamma_ratio 0.9963  residual 1.652e-05
  [gamma] epoch   8250  gamma_ratio 0.9964  residual 6.374e-06
  [gamma] epoch   8500  gamma_ratio 0.9964  residual 1.143e-05
  [gamma] epoch   8750  gamma_ratio 0.9974  residual 1.461e-05
  [gamma] epoch   9000  gamma_ratio 0.9972  residual 5.503e-06
  [gamma] epoch   9250  gamma_ratio 0.9969  residual 4.600e-06
  [gamma] epoch   9500  gamma_ratio 0.9969  residual 4.946e-06
  [gamma] epoch   9750  gamma_ratio 0.9976  residual 4.792e-06
  [gamma] epoch  10000  gamma_ratio 0.9987  residual 4.061e-06
  [gamma] epoch  10250  gamma_ratio 0.9986  residual 4.699e-06
  [gamma] epoch  10500  gamma_ratio 0.9994  residual 3.781e-06
  [gamma] epoch  10750  gamma_ratio 0.9991  residual 3.532e-06
  [gamma] epoch  11000  gamma_ratio 1.0007  residual 3.256e-06
  [gamma] epoch  11250  gamma_ratio 1.0052  residual 1.192e-05
  [gamma] epoch  11500  gamma_ratio 1.0002  residual 3.041e-06
  [gamma] epoch  11750  gamma_ratio 1.0060  residual 1.223e-05
  [gamma] epoch  12000  gamma_ratio 1.0012  residual 2.882e-06
  [gamma] epoch  12250  gamma_ratio 1.0026  residual 2.813e-06
  [gamma] epoch  12500  gamma_ratio 1.0020  residual 2.609e-06
  [gamma] epoch  12750  gamma_ratio 1.0023  residual 2.511e-06
  [gamma] epoch  13000  gamma_ratio 1.0028  residual 2.837e-06
  [gamma] epoch  13250  gamma_ratio 1.0030  residual 2.374e-06
  [gamma] epoch  13500  gamma_ratio 1.0029  residual 2.961e-06
  [gamma] epoch  13750  gamma_ratio 1.0056  residual 4.399e-06
  [gamma] epoch  14000  gamma_ratio 1.0034  residual 2.340e-06
  [gamma] epoch  14250  gamma_ratio 1.0125  residual 1.683e-05
  [gamma] epoch  14500  gamma_ratio 1.0021  residual 6.563e-06
  [gamma] epoch  14750  gamma_ratio 1.0045  residual 1.971e-06
  [gamma] epoch  15000  gamma_ratio 1.0041  residual 2.444e-06
  [gamma] epoch  15250  gamma_ratio 1.0043  residual 1.874e-06
  [gamma] epoch  15500  gamma_ratio 1.0009  residual 4.743e-06
  [gamma] epoch  15750  gamma_ratio 1.0036  residual 1.846e-06
  [gamma] epoch  16000  gamma_ratio 1.0040  residual 1.734e-06
  [gamma] epoch  16250  gamma_ratio 1.0041  residual 1.845e-06
  [gamma] epoch  16500  gamma_ratio 1.0030  residual 3.499e-06
  [gamma] epoch  16750  gamma_ratio 1.0044  residual 1.981e-06
  [gamma] epoch  17000  gamma_ratio 1.0044  residual 1.652e-06
  [gamma] epoch  17250  gamma_ratio 1.0047  residual 3.945e-06
  [gamma] epoch  17500  gamma_ratio 1.0071  residual 3.393e-06
  [gamma] epoch  17750  gamma_ratio 1.0056  residual 2.743e-06
  [gamma] epoch  18000  gamma_ratio 1.0021  residual 3.903e-06
  [gamma] epoch  18250  gamma_ratio 1.0048  residual 1.583e-06
  [gamma] epoch  18500  gamma_ratio 1.0049  residual 1.424e-06
  [gamma] epoch  18750  gamma_ratio 1.0098  residual 5.761e-06
  [gamma] epoch  19000  gamma_ratio 1.0048  residual 1.368e-06
  [gamma] epoch  19250  gamma_ratio 1.0076  residual 6.121e-06
  [gamma] epoch  19500  gamma_ratio 1.0058  residual 2.080e-06
  [gamma] epoch  19750  gamma_ratio 1.0045  residual 1.310e-06
  [gamma] epoch  20000  gamma_ratio 1.0050  residual 1.756e-06
  [gamma] epoch  20250  gamma_ratio 1.0062  residual 2.113e-06
  [gamma] epoch  20500  gamma_ratio 1.0082  residual 2.977e-06
  [gamma] epoch  20750  gamma_ratio 1.0057  residual 1.893e-06
  [gamma] epoch  21000  gamma_ratio 1.0044  residual 1.305e-06
  [gamma] epoch  21250  gamma_ratio 1.0069  residual 7.827e-06
  [gamma] epoch  21500  gamma_ratio 1.0067  residual 1.953e-06
  [gamma] epoch  21750  gamma_ratio 1.0047  residual 1.170e-06
  [gamma] epoch  22000  gamma_ratio 1.0047  residual 1.120e-06
  [gamma] epoch  22250  gamma_ratio 1.0040  residual 5.835e-06
  [gamma] epoch  22500  gamma_ratio 1.0046  residual 2.120e-06
  [gamma] epoch  22750  gamma_ratio 1.0092  residual 8.155e-06
  [gamma] epoch  23000  gamma_ratio 1.0034  residual 1.722e-06
  [gamma] epoch  23250  gamma_ratio 1.0040  residual 1.105e-06
  [gamma] epoch  23500  gamma_ratio 1.0043  residual 1.044e-06
  [gamma] epoch  23750  gamma_ratio 1.0039  residual 1.056e-06
  [gamma] epoch  24000  gamma_ratio 0.9958  residual 1.724e-05
  [gamma] epoch  24250  gamma_ratio 1.0149  residual 2.713e-05
  [gamma] epoch  24500  gamma_ratio 1.0102  residual 1.308e-05
  [gamma] epoch  24750  gamma_ratio 1.0010  residual 7.611e-06
  [gamma] epoch  25000  gamma_ratio 1.0114  residual 1.587e-05
  [gamma] epoch  25250  gamma_ratio 1.0050  residual 1.251e-06
  [gamma] epoch  25500  gamma_ratio 1.0049  residual 1.222e-06
  [gamma] epoch  25750  gamma_ratio 1.0028  residual 1.277e-06
  [gamma] epoch  26000  gamma_ratio 1.0033  residual 1.047e-06
  [gamma] epoch  26250  gamma_ratio 1.0042  residual 1.054e-06
  [gamma] epoch  26500  gamma_ratio 1.0029  residual 1.002e-06
  [gamma] epoch  26750  gamma_ratio 1.0039  residual 1.002e-06
  [gamma] epoch  27000  gamma_ratio 1.0035  residual 1.934e-06
  [gamma] epoch  27250  gamma_ratio 1.0040  residual 1.093e-06
  [gamma] epoch  27500  gamma_ratio 1.0045  residual 6.791e-06
  [gamma] epoch  27750  gamma_ratio 0.9910  residual 4.011e-05
  [gamma] epoch  28000  gamma_ratio 1.0028  residual 9.509e-07
  [gamma] epoch  28250  gamma_ratio 1.0011  residual 1.356e-06
  [gamma] epoch  28500  gamma_ratio 1.0030  residual 1.163e-06
  [gamma] epoch  28750  gamma_ratio 1.0036  residual 9.643e-07
  [gamma] epoch  29000  gamma_ratio 1.0045  residual 2.261e-06
  [gamma] epoch  29250  gamma_ratio 1.0026  residual 9.075e-07
  [gamma] epoch  29500  gamma_ratio 1.0026  residual 7.885e-07
  [gamma] epoch  29750  gamma_ratio 1.0039  residual 1.217e-06
  [gamma] epoch  30000  gamma_ratio 1.0026  residual 7.743e-07
  [gamma] epoch  30250  gamma_ratio 1.0048  residual 1.572e-06
  [gamma] epoch  30500  gamma_ratio 1.0024  residual 1.040e-06
  [gamma] epoch  30750  gamma_ratio 1.0013  residual 1.370e-06
  [gamma] epoch  31000  gamma_ratio 1.0022  residual 8.719e-07
  [gamma] epoch  31250  gamma_ratio 1.0012  residual 1.500e-06
  [gamma] epoch  31500  gamma_ratio 1.0020  residual 7.178e-07
  [gamma] epoch  31750  gamma_ratio 1.0032  residual 1.186e-06
  [gamma] epoch  32000  gamma_ratio 1.0020  residual 6.974e-07
  [gamma] epoch  32250  gamma_ratio 1.0008  residual 1.097e-06
  [gamma] epoch  32500  gamma_ratio 1.0019  residual 7.073e-07
  [gamma] epoch  32750  gamma_ratio 1.0018  residual 6.787e-07
  [gamma] epoch  33000  gamma_ratio 1.0051  residual 3.237e-06
  [gamma] epoch  33250  gamma_ratio 1.0008  residual 1.768e-06
  [gamma] epoch  33500  gamma_ratio 1.0016  residual 6.545e-07
  [gamma] epoch  33750  gamma_ratio 1.0017  residual 6.776e-07
  [gamma] epoch  34000  gamma_ratio 1.0014  residual 7.034e-07
  [gamma] epoch  34250  gamma_ratio 1.0019  residual 1.366e-06
  [gamma] epoch  34500  gamma_ratio 1.0011  residual 6.101e-07
  [gamma] epoch  34750  gamma_ratio 1.0011  residual 6.260e-07
  [gamma] epoch  35000  gamma_ratio 1.0009  residual 5.934e-07
  [gamma] epoch  35250  gamma_ratio 1.0067  residual 1.194e-05
  [gamma] epoch  35500  gamma_ratio 1.0045  residual 5.051e-06
  [gamma] epoch  35750  gamma_ratio 0.9956  residual 6.638e-06
  [gamma] epoch  36000  gamma_ratio 1.0002  residual 6.867e-07
  [gamma] epoch  36250  gamma_ratio 0.9982  residual 1.477e-06
  [gamma] epoch  36500  gamma_ratio 1.0003  residual 5.541e-07
  [gamma] epoch  36750  gamma_ratio 1.0005  residual 5.431e-07
  [gamma] epoch  37000  gamma_ratio 1.0001  residual 1.087e-06
  [gamma] epoch  37250  gamma_ratio 1.0004  residual 5.829e-07
  [gamma] epoch  37500  gamma_ratio 1.0014  residual 1.159e-06
  [gamma] epoch  37750  gamma_ratio 1.0004  residual 5.641e-07
  [gamma] epoch  38000  gamma_ratio 0.9999  residual 4.921e-07
  [gamma] epoch  38250  gamma_ratio 0.9996  residual 4.800e-07
  [gamma] epoch  38500  gamma_ratio 0.9995  residual 4.722e-07
  [gamma] epoch  38750  gamma_ratio 0.9993  residual 4.930e-07
  [gamma] epoch  39000  gamma_ratio 0.9994  residual 4.582e-07
  [gamma] epoch  39250  gamma_ratio 0.9995  residual 5.096e-07
  [gamma] epoch  39500  gamma_ratio 0.9992  residual 4.444e-07
  [gamma] epoch  39750  gamma_ratio 0.9986  residual 4.762e-07
  [gamma] epoch  40000  gamma_ratio 0.9975  residual 1.460e-06
  [gamma] epoch  40250  gamma_ratio 0.9993  residual 9.315e-07
  [gamma] epoch  40500  gamma_ratio 0.9987  residual 4.124e-07
  [gamma] epoch  40750  gamma_ratio 0.9986  residual 4.081e-07
  [gamma] epoch  41000  gamma_ratio 0.9992  residual 8.880e-07
  [gamma] epoch  41250  gamma_ratio 0.9988  residual 4.729e-07
  [gamma] epoch  41500  gamma_ratio 0.9984  residual 3.822e-07
  [gamma] epoch  41750  gamma_ratio 0.9973  residual 5.481e-07
  [gamma] epoch  42000  gamma_ratio 0.9981  residual 3.631e-07
  [gamma] epoch  42250  gamma_ratio 0.9981  residual 3.570e-07
  [gamma] epoch  42500  gamma_ratio 0.9983  residual 4.412e-07
  [gamma] epoch  42750  gamma_ratio 0.9980  residual 3.565e-07
  [gamma] epoch  43000  gamma_ratio 0.9978  residual 3.377e-07
  [gamma] epoch  43250  gamma_ratio 0.9975  residual 3.308e-07
  [gamma] epoch  43500  gamma_ratio 0.9996  residual 2.457e-06
  [gamma] epoch  43750  gamma_ratio 0.9980  residual 3.878e-07
  [gamma] epoch  44000  gamma_ratio 0.9978  residual 3.936e-07
  [gamma] epoch  44250  gamma_ratio 0.9974  residual 3.076e-07
  [gamma] epoch  44500  gamma_ratio 0.9973  residual 2.986e-07
  [gamma] epoch  44750  gamma_ratio 0.9983  residual 6.413e-07
  [gamma] epoch  45000  gamma_ratio 0.9972  residual 2.879e-07
  [gamma] epoch  45250  gamma_ratio 0.9975  residual 3.275e-07
  [gamma] epoch  45500  gamma_ratio 0.9966  residual 3.313e-07
  [gamma] epoch  45750  gamma_ratio 0.9970  residual 2.726e-07
  [gamma] epoch  46000  gamma_ratio 0.9957  residual 7.169e-07
  [gamma] epoch  46250  gamma_ratio 0.9964  residual 2.842e-07
  [gamma] epoch  46500  gamma_ratio 0.9969  residual 3.345e-07
  [gamma] epoch  46750  gamma_ratio 0.9969  residual 2.832e-07
  [gamma] epoch  47000  gamma_ratio 0.9967  residual 2.568e-07
  [gamma] epoch  47250  gamma_ratio 0.9967  residual 2.455e-07
  [gamma] epoch  47500  gamma_ratio 0.9967  residual 2.834e-07
  [gamma] epoch  47750  gamma_ratio 0.9966  residual 2.376e-07
  [gamma] epoch  48000  gamma_ratio 0.9966  residual 2.488e-07
  [gamma] epoch  48250  gamma_ratio 0.9966  residual 2.381e-07
  [gamma] epoch  48500  gamma_ratio 0.9964  residual 2.399e-07
  [gamma] epoch  48750  gamma_ratio 0.9965  residual 2.250e-07
  [gamma] epoch  49000  gamma_ratio 0.9965  residual 2.343e-07
  [gamma] epoch  49250  gamma_ratio 0.9968  residual 4.907e-07
  [gamma] epoch  49500  gamma_ratio 0.9964  residual 2.125e-07
  [gamma] epoch  49750  gamma_ratio 0.9963  residual 2.092e-07
  [gamma] epoch  50000  gamma_ratio 0.9970  residual 7.943e-07
  [gamma] epoch  50250  gamma_ratio 0.9979  residual 1.108e-06
  [gamma] epoch  50500  gamma_ratio 0.9964  residual 2.245e-07
  [gamma] epoch  50750  gamma_ratio 0.9963  residual 2.285e-07
  [gamma] epoch  51000  gamma_ratio 0.9957  residual 3.124e-07
  [gamma] epoch  51250  gamma_ratio 0.9962  residual 1.985e-07
  [gamma] epoch  51500  gamma_ratio 0.9962  residual 1.917e-07
  [gamma] epoch  51750  gamma_ratio 0.9965  residual 2.477e-07
  [gamma] epoch  52000  gamma_ratio 0.9966  residual 2.296e-07
  [gamma] epoch  52250  gamma_ratio 0.9962  residual 1.839e-07
  [gamma] epoch  52500  gamma_ratio 0.9956  residual 3.407e-07
  [gamma] epoch  52750  gamma_ratio 0.9963  residual 1.845e-07
  [gamma] epoch  53000  gamma_ratio 0.9962  residual 1.774e-07
  [gamma] epoch  53250  gamma_ratio 0.9962  residual 1.748e-07
  [gamma] epoch  53500  gamma_ratio 0.9961  residual 1.734e-07
  [gamma] epoch  53750  gamma_ratio 0.9967  residual 2.608e-07
  [gamma] epoch  54000  gamma_ratio 0.9960  residual 1.767e-07
  [gamma] epoch  54250  gamma_ratio 0.9953  residual 4.212e-07
  [gamma] epoch  54500  gamma_ratio 0.9962  residual 1.656e-07
  [gamma] epoch  54750  gamma_ratio 0.9962  residual 1.640e-07
  [gamma] epoch  55000  gamma_ratio 0.9962  residual 1.655e-07
  [gamma] epoch  55250  gamma_ratio 0.9962  residual 1.611e-07
  [gamma] epoch  55500  gamma_ratio 0.9962  residual 1.627e-07
  [gamma] epoch  55750  gamma_ratio 0.9963  residual 1.591e-07
  [gamma] epoch  56000  gamma_ratio 0.9964  residual 1.661e-07
  [gamma] epoch  56250  gamma_ratio 0.9964  residual 1.609e-07
  [gamma] epoch  56500  gamma_ratio 0.9962  residual 1.551e-07
  [gamma] epoch  56750  gamma_ratio 0.9968  residual 2.165e-07
  [gamma] epoch  57000  gamma_ratio 0.9961  residual 1.647e-07
  [gamma] epoch  57250  gamma_ratio 0.9962  residual 1.531e-07
  [gamma] epoch  57500  gamma_ratio 0.9963  residual 1.482e-07
  [gamma] epoch  57750  gamma_ratio 0.9966  residual 1.691e-07
  [gamma] epoch  58000  gamma_ratio 0.9963  residual 1.485e-07
  [gamma] epoch  58250  gamma_ratio 0.9965  residual 1.468e-07
  [gamma] epoch  58500  gamma_ratio 0.9964  residual 1.442e-07
  [gamma] epoch  58750  gamma_ratio 0.9963  residual 1.485e-07
  [gamma] epoch  59000  gamma_ratio 0.9964  residual 1.414e-07
  [gamma] epoch  59250  gamma_ratio 0.9965  residual 1.420e-07
  [gamma] epoch  59500  gamma_ratio 0.9964  residual 1.391e-07
  [gamma] epoch  59750  gamma_ratio 0.9962  residual 1.578e-07
  [gamma] epoch  59999  gamma_ratio 0.9964  residual 1.376e-07
  [shape] epoch      0  rmse=0.2384  max_abs_dA=0.7505  int_signed_dA=-2.945e-08  int_abs_dA=2.945e-08  A_min=0.0005799  max_dA_fwd=4.987e-08
  [shape] epoch    250  rmse=0.01455  max_abs_dA=0.03702  int_signed_dA=-2.436e-09  int_abs_dA=2.471e-09  A_min=0.00193  max_dA_fwd=-5.688e-07
  [shape] epoch    500  rmse=0.01353  max_abs_dA=0.02325  int_signed_dA=-2.591e-09  int_abs_dA=2.591e-09  A_min=-3.517e-05  max_dA_fwd=-4.454e-07
  [shape] epoch    750  rmse=0.01659  max_abs_dA=0.02868  int_signed_dA=-3.144e-09  int_abs_dA=3.144e-09  A_min=-0.000624  max_dA_fwd=-4.523e-07
  [shape] epoch   1000  rmse=0.01867  max_abs_dA=0.0314  int_signed_dA=-3.547e-09  int_abs_dA=3.547e-09  A_min=-0.000965  max_dA_fwd=-4.819e-07
  [shape] epoch   1250  rmse=0.01328  max_abs_dA=0.02097  int_signed_dA=-2.6e-09  int_abs_dA=2.6e-09  A_min=-0.0007617  max_dA_fwd=-6.765e-07
  [shape] epoch   1500  rmse=0.011  max_abs_dA=0.01732  int_signed_dA=-2.175e-09  int_abs_dA=2.175e-09  A_min=-0.0005784  max_dA_fwd=-9.246e-07
  [shape] epoch   1750  rmse=0.009764  max_abs_dA=0.01656  int_signed_dA=-1.93e-09  int_abs_dA=1.93e-09  A_min=-0.0003806  max_dA_fwd=-1.17e-06
  [shape] epoch   2000  rmse=0.00867  max_abs_dA=0.01564  int_signed_dA=-1.708e-09  int_abs_dA=1.708e-09  A_min=-0.0001541  max_dA_fwd=-1.428e-06
  [shape] epoch   2250  rmse=0.007594  max_abs_dA=0.0145  int_signed_dA=-1.488e-09  int_abs_dA=1.488e-09  A_min=5.693e-05  max_dA_fwd=-1.704e-06
  [shape] epoch   2500  rmse=0.006597  max_abs_dA=0.01337  int_signed_dA=-1.283e-09  int_abs_dA=1.283e-09  A_min=0.0002564  max_dA_fwd=-2e-06
  [shape] epoch   2750  rmse=0.005733  max_abs_dA=0.01236  int_signed_dA=-1.102e-09  int_abs_dA=1.102e-09  A_min=0.0004318  max_dA_fwd=-2.311e-06
  [shape] epoch   3000  rmse=0.004941  max_abs_dA=0.01152  int_signed_dA=-9.334e-10  int_abs_dA=9.334e-10  A_min=0.0005821  max_dA_fwd=-2.651e-06
  [shape] epoch   3250  rmse=0.004192  max_abs_dA=0.01079  int_signed_dA=-7.7e-10  int_abs_dA=7.7e-10  A_min=0.0007047  max_dA_fwd=-3.004e-06
  [shape] epoch   3500  rmse=0.003506  max_abs_dA=0.01014  int_signed_dA=-6.159e-10  int_abs_dA=6.159e-10  A_min=0.0008008  max_dA_fwd=-3.346e-06
  [shape] epoch   3750  rmse=0.002864  max_abs_dA=0.009546  int_signed_dA=-4.643e-10  int_abs_dA=4.644e-10  A_min=0.0008759  max_dA_fwd=-3.674e-06
  [shape] epoch   4000  rmse=0.002415  max_abs_dA=0.009081  int_signed_dA=-3.526e-10  int_abs_dA=3.53e-10  A_min=0.0009148  max_dA_fwd=-3.929e-06
  [shape] epoch   4250  rmse=0.00211  max_abs_dA=0.008715  int_signed_dA=-2.776e-10  int_abs_dA=2.781e-10  A_min=0.0009149  max_dA_fwd=-4.118e-06
  [shape] epoch   4500  rmse=0.001887  max_abs_dA=0.008417  int_signed_dA=-2.292e-10  int_abs_dA=2.324e-10  A_min=0.0009473  max_dA_fwd=-4.227e-06
  [shape] epoch   4750  rmse=0.001687  max_abs_dA=0.008203  int_signed_dA=-1.729e-10  int_abs_dA=1.906e-10  A_min=0.0009521  max_dA_fwd=-4.407e-06
  [shape] epoch   5000  rmse=0.001535  max_abs_dA=0.008014  int_signed_dA=-1.345e-10  int_abs_dA=1.619e-10  A_min=0.0009774  max_dA_fwd=-4.557e-06
  [shape] epoch   5250  rmse=0.001417  max_abs_dA=0.007851  int_signed_dA=-1.032e-10  int_abs_dA=1.353e-10  A_min=0.0009869  max_dA_fwd=-4.735e-06
  [shape] epoch   5500  rmse=0.00132  max_abs_dA=0.007713  int_signed_dA=-6.743e-11  int_abs_dA=1.096e-10  A_min=0.0009989  max_dA_fwd=-4.941e-06
  [shape] epoch   5750  rmse=0.001239  max_abs_dA=0.007582  int_signed_dA=-3.71e-11  int_abs_dA=1.011e-10  A_min=0.001024  max_dA_fwd=-5.108e-06
  [shape] epoch   6000  rmse=0.001188  max_abs_dA=0.007472  int_signed_dA=-1.892e-11  int_abs_dA=1.097e-10  A_min=0.001044  max_dA_fwd=-5.271e-06
  [shape] epoch   6250  rmse=0.001179  max_abs_dA=0.007361  int_signed_dA=2.723e-11  int_abs_dA=1.436e-10  A_min=0.001054  max_dA_fwd=-5.469e-06
  [shape] epoch   6500  rmse=0.001157  max_abs_dA=0.007272  int_signed_dA=4.188e-11  int_abs_dA=1.508e-10  A_min=0.001065  max_dA_fwd=-5.582e-06
  [shape] epoch   6750  rmse=0.001195  max_abs_dA=0.007214  int_signed_dA=7.462e-11  int_abs_dA=1.77e-10  A_min=0.001063  max_dA_fwd=-5.733e-06
  [shape] epoch   7000  rmse=0.00116  max_abs_dA=0.007145  int_signed_dA=7.213e-11  int_abs_dA=1.702e-10  A_min=0.001069  max_dA_fwd=-5.772e-06
  [shape] epoch   7250  rmse=0.001195  max_abs_dA=0.00708  int_signed_dA=9.741e-11  int_abs_dA=1.895e-10  A_min=0.001076  max_dA_fwd=-5.863e-06
  [shape] epoch   7500  rmse=0.001221  max_abs_dA=0.00702  int_signed_dA=1.165e-10  int_abs_dA=2.029e-10  A_min=0.001078  max_dA_fwd=-5.901e-06
  [shape] epoch   7750  rmse=0.001126  max_abs_dA=0.006988  int_signed_dA=8.358e-11  int_abs_dA=1.706e-10  A_min=0.001059  max_dA_fwd=-5.855e-06
  [shape] epoch   8000  rmse=0.001194  max_abs_dA=0.006931  int_signed_dA=1.182e-10  int_abs_dA=1.993e-10  A_min=0.001059  max_dA_fwd=-5.903e-06
  [shape] epoch   8250  rmse=0.001174  max_abs_dA=0.006895  int_signed_dA=1.152e-10  int_abs_dA=1.945e-10  A_min=0.001041  max_dA_fwd=-5.886e-06
  [shape] epoch   8500  rmse=0.001157  max_abs_dA=0.006847  int_signed_dA=1.162e-10  int_abs_dA=1.923e-10  A_min=0.001032  max_dA_fwd=-5.846e-06
  [shape] epoch   8750  rmse=0.00106  max_abs_dA=0.006833  int_signed_dA=8.339e-11  int_abs_dA=1.602e-10  A_min=0.0009911  max_dA_fwd=-5.75e-06
  [shape] epoch   9000  rmse=0.001051  max_abs_dA=0.00677  int_signed_dA=8.952e-11  int_abs_dA=1.621e-10  A_min=0.000977  max_dA_fwd=-5.703e-06
  [shape] epoch   9250  rmse=0.00107  max_abs_dA=0.006724  int_signed_dA=1.006e-10  int_abs_dA=1.704e-10  A_min=0.0009736  max_dA_fwd=-5.678e-06
  [shape] epoch   9500  rmse=0.001057  max_abs_dA=0.006683  int_signed_dA=9.946e-11  int_abs_dA=1.675e-10  A_min=0.0009606  max_dA_fwd=-5.639e-06
  [shape] epoch   9750  rmse=0.0009816  max_abs_dA=0.006653  int_signed_dA=7.676e-11  int_abs_dA=1.439e-10  A_min=0.0009311  max_dA_fwd=-5.527e-06
  [shape] epoch  10000  rmse=0.0008901  max_abs_dA=0.006629  int_signed_dA=4.119e-11  int_abs_dA=1.077e-10  A_min=0.000872  max_dA_fwd=-5.388e-06
  [shape] epoch  10250  rmse=0.0008933  max_abs_dA=0.006601  int_signed_dA=4.496e-11  int_abs_dA=1.111e-10  A_min=0.0008825  max_dA_fwd=-5.369e-06
  [shape] epoch  10500  rmse=0.0008294  max_abs_dA=0.006559  int_signed_dA=1.773e-11  int_abs_dA=8.23e-11  A_min=0.0008379  max_dA_fwd=-5.237e-06
  [shape] epoch  10750  rmse=0.0008386  max_abs_dA=0.006506  int_signed_dA=2.83e-11  int_abs_dA=9.114e-11  A_min=0.0008161  max_dA_fwd=-5.191e-06
  [shape] epoch  11000  rmse=0.0007792  max_abs_dA=0.006504  int_signed_dA=-2.291e-11  int_abs_dA=5.231e-11  A_min=0.0007853  max_dA_fwd=-5.039e-06
  [shape] epoch  11250  rmse=0.001108  max_abs_dA=0.006606  int_signed_dA=-1.654e-10  int_abs_dA=1.654e-10  A_min=0.0007417  max_dA_fwd=-4.829e-06
  [shape] epoch  11500  rmse=0.0007859  max_abs_dA=0.006435  int_signed_dA=-5.29e-12  int_abs_dA=7.125e-11  A_min=0.0007666  max_dA_fwd=-4.957e-06
  [shape] epoch  11750  rmse=0.001177  max_abs_dA=0.006551  int_signed_dA=-1.919e-10  int_abs_dA=1.919e-10  A_min=0.0007115  max_dA_fwd=-4.678e-06
  [shape] epoch  12000  rmse=0.000764  max_abs_dA=0.006382  int_signed_dA=-3.77e-11  int_abs_dA=6.645e-11  A_min=0.0007308  max_dA_fwd=-4.79e-06
  [shape] epoch  12250  rmse=0.0007943  max_abs_dA=0.006392  int_signed_dA=-8.255e-11  int_abs_dA=9.075e-11  A_min=0.0007058  max_dA_fwd=-4.689e-06
  [shape] epoch  12500  rmse=0.0007734  max_abs_dA=0.006348  int_signed_dA=-6.25e-11  int_abs_dA=8.31e-11  A_min=0.0006907  max_dA_fwd=-4.664e-06
  [shape] epoch  12750  rmse=0.0007809  max_abs_dA=0.006325  int_signed_dA=-7.505e-11  int_abs_dA=9.21e-11  A_min=0.0006858  max_dA_fwd=-4.607e-06
  [shape] epoch  13000  rmse=0.0008007  max_abs_dA=0.006286  int_signed_dA=-9.015e-11  int_abs_dA=1.086e-10  A_min=0.000661  max_dA_fwd=-4.557e-06
  [shape] epoch  13250  rmse=0.0008155  max_abs_dA=0.006282  int_signed_dA=-9.715e-11  int_abs_dA=1.129e-10  A_min=0.0006525  max_dA_fwd=-4.488e-06
  [shape] epoch  13500  rmse=0.0008106  max_abs_dA=0.00625  int_signed_dA=-9.123e-11  int_abs_dA=1.132e-10  A_min=0.0006425  max_dA_fwd=-4.462e-06
  [shape] epoch  13750  rmse=0.001041  max_abs_dA=0.006282  int_signed_dA=-1.8e-10  int_abs_dA=1.805e-10  A_min=0.000625  max_dA_fwd=-4.343e-06
  [shape] epoch  14000  rmse=0.0008505  max_abs_dA=0.006202  int_signed_dA=-1.095e-10  int_abs_dA=1.324e-10  A_min=0.0006162  max_dA_fwd=-4.371e-06
  [shape] epoch  14250  rmse=0.002063  max_abs_dA=0.006415  int_signed_dA=-3.969e-10  int_abs_dA=3.969e-10  A_min=0.0005535  max_dA_fwd=-4.032e-06
  [shape] epoch  14500  rmse=0.0008238  max_abs_dA=0.006113  int_signed_dA=-6.637e-11  int_abs_dA=1.2e-10  A_min=0.0006188  max_dA_fwd=-4.38e-06
  [shape] epoch  14750  rmse=0.00093  max_abs_dA=0.006164  int_signed_dA=-1.421e-10  int_abs_dA=1.579e-10  A_min=0.0005829  max_dA_fwd=-4.224e-06
  [shape] epoch  15000  rmse=0.0009067  max_abs_dA=0.006119  int_signed_dA=-1.3e-10  int_abs_dA=1.541e-10  A_min=0.0005842  max_dA_fwd=-4.241e-06
  [shape] epoch  15250  rmse=0.0009266  max_abs_dA=0.006122  int_signed_dA=-1.379e-10  int_abs_dA=1.582e-10  A_min=0.0005737  max_dA_fwd=-4.185e-06
  [shape] epoch  15500  rmse=0.001007  max_abs_dA=0.00597  int_signed_dA=-2.791e-11  int_abs_dA=1.669e-10  A_min=0.0005819  max_dA_fwd=-4.233e-06
  [shape] epoch  15750  rmse=0.0009073  max_abs_dA=0.006051  int_signed_dA=-1.161e-10  int_abs_dA=1.537e-10  A_min=0.0005698  max_dA_fwd=-4.175e-06
  [shape] epoch  16000  rmse=0.0009258  max_abs_dA=0.006053  int_signed_dA=-1.272e-10  int_abs_dA=1.587e-10  A_min=0.0005593  max_dA_fwd=-4.133e-06
  [shape] epoch  16250  rmse=0.0009441  max_abs_dA=0.006016  int_signed_dA=-1.319e-10  int_abs_dA=1.664e-10  A_min=0.0005493  max_dA_fwd=-4.13e-06
  [shape] epoch  16500  rmse=0.0009437  max_abs_dA=0.005965  int_signed_dA=-9.73e-11  int_abs_dA=1.627e-10  A_min=0.0005415  max_dA_fwd=-4.136e-06
  [shape] epoch  16750  rmse=0.0009737  max_abs_dA=0.006001  int_signed_dA=-1.395e-10  int_abs_dA=1.737e-10  A_min=0.0005365  max_dA_fwd=-4.063e-06
  [shape] epoch  17000  rmse=0.0009898  max_abs_dA=0.005971  int_signed_dA=-1.419e-10  int_abs_dA=1.791e-10  A_min=0.0005301  max_dA_fwd=-4.051e-06
  [shape] epoch  17250  rmse=0.001003  max_abs_dA=0.00597  int_signed_dA=-1.488e-10  int_abs_dA=1.823e-10  A_min=0.0005255  max_dA_fwd=-4.027e-06
  [shape] epoch  17500  rmse=0.001219  max_abs_dA=0.006003  int_signed_dA=-2.26e-10  int_abs_dA=2.352e-10  A_min=0.000509  max_dA_fwd=-3.957e-06
  [shape] epoch  17750  rmse=0.001094  max_abs_dA=0.005933  int_signed_dA=-1.775e-10  int_abs_dA=2.073e-10  A_min=0.0005104  max_dA_fwd=-3.964e-06
  [shape] epoch  18000  rmse=0.001034  max_abs_dA=0.005843  int_signed_dA=-6.73e-11  int_abs_dA=1.839e-10  A_min=0.0005206  max_dA_fwd=-4.059e-06
  [shape] epoch  18250  rmse=0.001064  max_abs_dA=0.005894  int_signed_dA=-1.546e-10  int_abs_dA=1.99e-10  A_min=0.0004942  max_dA_fwd=-3.961e-06
  [shape] epoch  18500  rmse=0.001046  max_abs_dA=0.005886  int_signed_dA=-1.562e-10  int_abs_dA=1.945e-10  A_min=0.0005059  max_dA_fwd=-3.965e-06
  [shape] epoch  18750  rmse=0.001576  max_abs_dA=0.005994  int_signed_dA=-3.124e-10  int_abs_dA=3.124e-10  A_min=0.0004768  max_dA_fwd=-3.807e-06
  [shape] epoch  19000  rmse=0.001058  max_abs_dA=0.005853  int_signed_dA=-1.529e-10  int_abs_dA=1.979e-10  A_min=0.0005033  max_dA_fwd=-3.95e-06
  [shape] epoch  19250  rmse=0.001324  max_abs_dA=0.00586  int_signed_dA=-2.404e-10  int_abs_dA=2.607e-10  A_min=0.0004876  max_dA_fwd=-3.833e-06
  [shape] epoch  19500  rmse=0.001132  max_abs_dA=0.005845  int_signed_dA=-1.843e-10  int_abs_dA=2.174e-10  A_min=0.0004916  max_dA_fwd=-3.908e-06
  [shape] epoch  19750  rmse=0.00106  max_abs_dA=0.0058  int_signed_dA=-1.441e-10  int_abs_dA=1.98e-10  A_min=0.0005031  max_dA_fwd=-3.94e-06
  [shape] epoch  20000  rmse=0.001104  max_abs_dA=0.005772  int_signed_dA=-1.592e-10  int_abs_dA=2.103e-10  A_min=0.000504  max_dA_fwd=-3.917e-06
  [shape] epoch  20250  rmse=0.001157  max_abs_dA=0.005808  int_signed_dA=-1.962e-10  int_abs_dA=2.236e-10  A_min=0.0005031  max_dA_fwd=-3.894e-06
  [shape] epoch  20500  rmse=0.001402  max_abs_dA=0.005817  int_signed_dA=-2.61e-10  int_abs_dA=2.768e-10  A_min=0.0004838  max_dA_fwd=-3.783e-06
  [shape] epoch  20750  rmse=0.001149  max_abs_dA=0.005774  int_signed_dA=-1.832e-10  int_abs_dA=2.22e-10  A_min=0.0004863  max_dA_fwd=-3.896e-06
  [shape] epoch  21000  rmse=0.001071  max_abs_dA=0.005722  int_signed_dA=-1.411e-10  int_abs_dA=2.009e-10  A_min=0.0005117  max_dA_fwd=-3.931e-06
  [shape] epoch  21250  rmse=0.001318  max_abs_dA=0.005689  int_signed_dA=-2.182e-10  int_abs_dA=2.606e-10  A_min=0.0004948  max_dA_fwd=-3.785e-06
  [shape] epoch  21500  rmse=0.00124  max_abs_dA=0.005745  int_signed_dA=-2.143e-10  int_abs_dA=2.432e-10  A_min=0.0004947  max_dA_fwd=-3.863e-06
  [shape] epoch  21750  rmse=0.00108  max_abs_dA=0.005689  int_signed_dA=-1.496e-10  int_abs_dA=2.041e-10  A_min=0.0005177  max_dA_fwd=-3.936e-06
  [shape] epoch  22000  rmse=0.001074  max_abs_dA=0.005672  int_signed_dA=-1.491e-10  int_abs_dA=2.027e-10  A_min=0.0005228  max_dA_fwd=-3.941e-06
  [shape] epoch  22250  rmse=0.001053  max_abs_dA=0.00564  int_signed_dA=-1.291e-10  int_abs_dA=1.966e-10  A_min=0.0005289  max_dA_fwd=-3.967e-06
  [shape] epoch  22500  rmse=0.001066  max_abs_dA=0.005646  int_signed_dA=-1.463e-10  int_abs_dA=2.011e-10  A_min=0.0005274  max_dA_fwd=-3.957e-06
  [shape] epoch  22750  rmse=0.001535  max_abs_dA=0.005722  int_signed_dA=-2.933e-10  int_abs_dA=3.028e-10  A_min=0.0005068  max_dA_fwd=-3.793e-06
  [shape] epoch  23000  rmse=0.001073  max_abs_dA=0.005586  int_signed_dA=-1.074e-10  int_abs_dA=1.995e-10  A_min=0.0005394  max_dA_fwd=-3.979e-06
  [shape] epoch  23250  rmse=0.001049  max_abs_dA=0.005597  int_signed_dA=-1.277e-10  int_abs_dA=1.961e-10  A_min=0.0005422  max_dA_fwd=-3.992e-06
  [shape] epoch  23500  rmse=0.00104  max_abs_dA=0.00559  int_signed_dA=-1.365e-10  int_abs_dA=1.949e-10  A_min=0.0005495  max_dA_fwd=-3.997e-06
  [shape] epoch  23750  rmse=0.001028  max_abs_dA=0.005567  int_signed_dA=-1.231e-10  int_abs_dA=1.91e-10  A_min=0.0005527  max_dA_fwd=-4.023e-06
  [shape] epoch  24000  rmse=0.001741  max_abs_dA=0.005328  int_signed_dA=1.336e-10  int_abs_dA=2.753e-10  A_min=0.0006178  max_dA_fwd=-4.248e-06
  [shape] epoch  24250  rmse=0.002396  max_abs_dA=0.00581  int_signed_dA=-4.7e-10  int_abs_dA=4.7e-10  A_min=0.0005115  max_dA_fwd=-3.702e-06
  [shape] epoch  24500  rmse=0.001654  max_abs_dA=0.005659  int_signed_dA=-3.222e-10  int_abs_dA=3.244e-10  A_min=0.0005328  max_dA_fwd=-3.829e-06
  [shape] epoch  24750  rmse=0.001072  max_abs_dA=0.005468  int_signed_dA=-3.264e-11  int_abs_dA=1.883e-10  A_min=0.0005938  max_dA_fwd=-4.138e-06
  [shape] epoch  25000  rmse=0.001846  max_abs_dA=0.005674  int_signed_dA=-3.626e-10  int_abs_dA=3.626e-10  A_min=0.0005395  max_dA_fwd=-3.82e-06
  [shape] epoch  25250  rmse=0.001079  max_abs_dA=0.005515  int_signed_dA=-1.596e-10  int_abs_dA=2.068e-10  A_min=0.0005707  max_dA_fwd=-4.018e-06
  [shape] epoch  25500  rmse=0.001032  max_abs_dA=0.00548  int_signed_dA=-1.559e-10  int_abs_dA=1.957e-10  A_min=0.0005992  max_dA_fwd=-4.04e-06
  [shape] epoch  25750  rmse=0.0009914  max_abs_dA=0.005425  int_signed_dA=-8.967e-11  int_abs_dA=1.794e-10  A_min=0.0006077  max_dA_fwd=-4.103e-06
  [shape] epoch  26000  rmse=0.0009637  max_abs_dA=0.005432  int_signed_dA=-1.069e-10  int_abs_dA=1.753e-10  A_min=0.0006161  max_dA_fwd=-4.107e-06
  [shape] epoch  26250  rmse=0.0009909  max_abs_dA=0.005438  int_signed_dA=-1.33e-10  int_abs_dA=1.848e-10  A_min=0.0006078  max_dA_fwd=-4.088e-06
  [shape] epoch  26500  rmse=0.0009458  max_abs_dA=0.005398  int_signed_dA=-9.394e-11  int_abs_dA=1.697e-10  A_min=0.0006298  max_dA_fwd=-4.138e-06
  [shape] epoch  26750  rmse=0.0009515  max_abs_dA=0.0054  int_signed_dA=-1.241e-10  int_abs_dA=1.75e-10  A_min=0.0006379  max_dA_fwd=-4.123e-06
  [shape] epoch  27000  rmse=0.0009638  max_abs_dA=0.005365  int_signed_dA=-1.105e-10  int_abs_dA=1.763e-10  A_min=0.0006366  max_dA_fwd=-4.127e-06
  [shape] epoch  27250  rmse=0.0009462  max_abs_dA=0.005376  int_signed_dA=-1.262e-10  int_abs_dA=1.744e-10  A_min=0.0006503  max_dA_fwd=-4.144e-06
  [shape] epoch  27500  rmse=0.001005  max_abs_dA=0.005356  int_signed_dA=-1.433e-10  int_abs_dA=1.893e-10  A_min=0.0006558  max_dA_fwd=-4.108e-06
  [shape] epoch  27750  rmse=0.002411  max_abs_dA=0.005389  int_signed_dA=2.899e-10  int_abs_dA=3.559e-10  A_min=0.0007484  max_dA_fwd=-4.531e-06
  [shape] epoch  28000  rmse=0.0008951  max_abs_dA=0.005297  int_signed_dA=-9.109e-11  int_abs_dA=1.58e-10  A_min=0.0006867  max_dA_fwd=-4.197e-06
  [shape] epoch  28250  rmse=0.0009266  max_abs_dA=0.005234  int_signed_dA=-3.592e-11  int_abs_dA=1.556e-10  A_min=0.0007093  max_dA_fwd=-4.258e-06
  [shape] epoch  28500  rmse=0.000884  max_abs_dA=0.005267  int_signed_dA=-9.514e-11  int_abs_dA=1.562e-10  A_min=0.0007022  max_dA_fwd=-4.212e-06
  [shape] epoch  28750  rmse=0.0008953  max_abs_dA=0.005276  int_signed_dA=-1.139e-10  int_abs_dA=1.619e-10  A_min=0.0006983  max_dA_fwd=-4.216e-06
  [shape] epoch  29000  rmse=0.0009648  max_abs_dA=0.005268  int_signed_dA=-1.441e-10  int_abs_dA=1.802e-10  A_min=0.0007054  max_dA_fwd=-4.176e-06
  [shape] epoch  29250  rmse=0.0008271  max_abs_dA=0.005182  int_signed_dA=-8.164e-11  int_abs_dA=1.411e-10  A_min=0.0007519  max_dA_fwd=-4.266e-06
  [shape] epoch  29500  rmse=0.0008186  max_abs_dA=0.00517  int_signed_dA=-8.412e-11  int_abs_dA=1.397e-10  A_min=0.0007592  max_dA_fwd=-4.275e-06
  [shape] epoch  29750  rmse=0.0008958  max_abs_dA=0.005202  int_signed_dA=-1.257e-10  int_abs_dA=1.634e-10  A_min=0.0007383  max_dA_fwd=-4.231e-06
  [shape] epoch  30000  rmse=0.0008101  max_abs_dA=0.005138  int_signed_dA=-8.245e-11  int_abs_dA=1.375e-10  A_min=0.0007772  max_dA_fwd=-4.294e-06
  [shape] epoch  30250  rmse=0.0009807  max_abs_dA=0.005184  int_signed_dA=-1.53e-10  int_abs_dA=1.829e-10  A_min=0.000755  max_dA_fwd=-4.202e-06
  [shape] epoch  30500  rmse=0.0007903  max_abs_dA=0.005111  int_signed_dA=-7.749e-11  int_abs_dA=1.321e-10  A_min=0.0007907  max_dA_fwd=-4.324e-06
  [shape] epoch  30750  rmse=0.0007817  max_abs_dA=0.005051  int_signed_dA=-4.073e-11  int_abs_dA=1.222e-10  A_min=0.0008247  max_dA_fwd=-4.36e-06
  [shape] epoch  31000  rmse=0.0007561  max_abs_dA=0.005038  int_signed_dA=-7.089e-11  int_abs_dA=1.229e-10  A_min=0.0008315  max_dA_fwd=-4.348e-06
  [shape] epoch  31250  rmse=0.0007475  max_abs_dA=0.004992  int_signed_dA=-3.973e-11  int_abs_dA=1.136e-10  A_min=0.0008524  max_dA_fwd=-4.391e-06
  [shape] epoch  31500  rmse=0.0007295  max_abs_dA=0.00498  int_signed_dA=-6.425e-11  int_abs_dA=1.151e-10  A_min=0.0008662  max_dA_fwd=-4.373e-06
  [shape] epoch  31750  rmse=0.0007995  max_abs_dA=0.005029  int_signed_dA=-1.037e-10  int_abs_dA=1.385e-10  A_min=0.0008401  max_dA_fwd=-4.34e-06
  [shape] epoch  32000  rmse=0.0007098  max_abs_dA=0.004931  int_signed_dA=-6.285e-11  int_abs_dA=1.105e-10  A_min=0.0008925  max_dA_fwd=-4.397e-06
  [shape] epoch  32250  rmse=0.0007407  max_abs_dA=0.004921  int_signed_dA=-2.512e-11  int_abs_dA=1.085e-10  A_min=0.0008836  max_dA_fwd=-4.435e-06
  [shape] epoch  32500  rmse=0.0006908  max_abs_dA=0.004891  int_signed_dA=-5.975e-11  int_abs_dA=1.057e-10  A_min=0.0009198  max_dA_fwd=-4.423e-06
  [shape] epoch  32750  rmse=0.0006894  max_abs_dA=0.004883  int_signed_dA=-5.826e-11  int_abs_dA=1.051e-10  A_min=0.0009167  max_dA_fwd=-4.435e-06
  [shape] epoch  33000  rmse=0.000971  max_abs_dA=0.004922  int_signed_dA=-1.612e-10  int_abs_dA=1.704e-10  A_min=0.0009246  max_dA_fwd=-4.348e-06
  [shape] epoch  33250  rmse=0.0006525  max_abs_dA=0.004773  int_signed_dA=-2.446e-11  int_abs_dA=8.845e-11  A_min=0.0009754  max_dA_fwd=-4.483e-06
  [shape] epoch  33500  rmse=0.000657  max_abs_dA=0.004795  int_signed_dA=-5.139e-11  int_abs_dA=9.721e-11  A_min=0.0009623  max_dA_fwd=-4.47e-06
  [shape] epoch  33750  rmse=0.0006396  max_abs_dA=0.004747  int_signed_dA=-5.305e-11  int_abs_dA=9.496e-11  A_min=0.0009965  max_dA_fwd=-4.479e-06
  [shape] epoch  34000  rmse=0.0006324  max_abs_dA=0.004732  int_signed_dA=-4.441e-11  int_abs_dA=9.101e-11  A_min=0.0009969  max_dA_fwd=-4.496e-06
  [shape] epoch  34250  rmse=0.000683  max_abs_dA=0.004733  int_signed_dA=-5.932e-11  int_abs_dA=1.059e-10  A_min=0.0009725  max_dA_fwd=-4.464e-06
  [shape] epoch  34500  rmse=0.0006047  max_abs_dA=0.004655  int_signed_dA=-3.519e-11  int_abs_dA=8.409e-11  A_min=0.001041  max_dA_fwd=-4.524e-06
  [shape] epoch  34750  rmse=0.0006039  max_abs_dA=0.004634  int_signed_dA=-3.481e-11  int_abs_dA=8.42e-11  A_min=0.001043  max_dA_fwd=-4.534e-06
  [shape] epoch  35000  rmse=0.0005854  max_abs_dA=0.004591  int_signed_dA=-2.738e-11  int_abs_dA=7.92e-11  A_min=0.001073  max_dA_fwd=-4.554e-06
  [shape] epoch  35250  rmse=0.001272  max_abs_dA=0.004719  int_signed_dA=-2.14e-10  int_abs_dA=2.197e-10  A_min=0.001031  max_dA_fwd=-4.376e-06
  [shape] epoch  35500  rmse=0.0009269  max_abs_dA=0.004618  int_signed_dA=-1.422e-10  int_abs_dA=1.567e-10  A_min=0.001075  max_dA_fwd=-4.464e-06
  [shape] epoch  35750  rmse=0.001069  max_abs_dA=0.004312  int_signed_dA=1.405e-10  int_abs_dA=1.619e-10  A_min=0.001184  max_dA_fwd=-4.729e-06
  [shape] epoch  36000  rmse=0.0005716  max_abs_dA=0.004478  int_signed_dA=-5.843e-12  int_abs_dA=7.111e-11  A_min=0.001107  max_dA_fwd=-4.612e-06
  [shape] epoch  36250  rmse=0.0006629  max_abs_dA=0.004335  int_signed_dA=5.649e-11  int_abs_dA=8.439e-11  A_min=0.001185  max_dA_fwd=-4.681e-06
  [shape] epoch  36500  rmse=0.0005349  max_abs_dA=0.004361  int_signed_dA=-9.728e-12  int_abs_dA=7.056e-11  A_min=0.001181  max_dA_fwd=-4.628e-06
  [shape] epoch  36750  rmse=0.0005427  max_abs_dA=0.004376  int_signed_dA=-1.506e-11  int_abs_dA=7.319e-11  A_min=0.00116  max_dA_fwd=-4.637e-06
  [shape] epoch  37000  rmse=0.0005268  max_abs_dA=0.004313  int_signed_dA=-3.958e-12  int_abs_dA=6.854e-11  A_min=0.001199  max_dA_fwd=-4.659e-06
  [shape] epoch  37250  rmse=0.0005282  max_abs_dA=0.00429  int_signed_dA=-1.169e-11  int_abs_dA=7.26e-11  A_min=0.001201  max_dA_fwd=-4.655e-06
  [shape] epoch  37500  rmse=0.0005853  max_abs_dA=0.004264  int_signed_dA=-4.457e-11  int_abs_dA=9.337e-11  A_min=0.00122  max_dA_fwd=-4.63e-06
  [shape] epoch  37750  rmse=0.0005185  max_abs_dA=0.004185  int_signed_dA=-1.131e-11  int_abs_dA=7.541e-11  A_min=0.001259  max_dA_fwd=-4.682e-06
  [shape] epoch  38000  rmse=0.0005105  max_abs_dA=0.004167  int_signed_dA=4.034e-12  int_abs_dA=6.888e-11  A_min=0.001262  max_dA_fwd=-4.712e-06
  [shape] epoch  38250  rmse=0.0005036  max_abs_dA=0.0041  int_signed_dA=1.144e-11  int_abs_dA=6.776e-11  A_min=0.001297  max_dA_fwd=-4.725e-06
  [shape] epoch  38500  rmse=0.0005024  max_abs_dA=0.004053  int_signed_dA=1.565e-11  int_abs_dA=6.836e-11  A_min=0.00132  max_dA_fwd=-4.741e-06
  [shape] epoch  38750  rmse=0.0005  max_abs_dA=0.004002  int_signed_dA=2.093e-11  int_abs_dA=6.79e-11  A_min=0.001339  max_dA_fwd=-4.754e-06
  [shape] epoch  39000  rmse=0.0004987  max_abs_dA=0.00397  int_signed_dA=1.998e-11  int_abs_dA=6.968e-11  A_min=0.001351  max_dA_fwd=-4.763e-06
  [shape] epoch  39250  rmse=0.0004994  max_abs_dA=0.003919  int_signed_dA=1.649e-11  int_abs_dA=7.389e-11  A_min=0.001375  max_dA_fwd=-4.771e-06
  [shape] epoch  39500  rmse=0.0005001  max_abs_dA=0.003898  int_signed_dA=2.516e-11  int_abs_dA=7.174e-11  A_min=0.001379  max_dA_fwd=-4.789e-06
  [shape] epoch  39750  rmse=0.0005104  max_abs_dA=0.003842  int_signed_dA=4.393e-11  int_abs_dA=6.854e-11  A_min=0.001396  max_dA_fwd=-4.82e-06
  [shape] epoch  40000  rmse=0.0005866  max_abs_dA=0.003741  int_signed_dA=8.101e-11  int_abs_dA=9.991e-11  A_min=0.001446  max_dA_fwd=-4.861e-06
  [shape] epoch  40250  rmse=0.0005098  max_abs_dA=0.003754  int_signed_dA=2.139e-11  int_abs_dA=8.2e-11  A_min=0.001443  max_dA_fwd=-4.82e-06
  [shape] epoch  40500  rmse=0.0005089  max_abs_dA=0.003716  int_signed_dA=4.097e-11  int_abs_dA=7.682e-11  A_min=0.001452  max_dA_fwd=-4.844e-06
  [shape] epoch  40750  rmse=0.0005138  max_abs_dA=0.003662  int_signed_dA=4.403e-11  int_abs_dA=7.958e-11  A_min=0.001474  max_dA_fwd=-4.857e-06
  [shape] epoch  41000  rmse=0.0005123  max_abs_dA=0.003668  int_signed_dA=2.573e-11  int_abs_dA=8.341e-11  A_min=0.001454  max_dA_fwd=-4.834e-06
  [shape] epoch  41250  rmse=0.0005126  max_abs_dA=0.003632  int_signed_dA=3.956e-11  int_abs_dA=8.209e-11  A_min=0.001476  max_dA_fwd=-4.877e-06
  [shape] epoch  41500  rmse=0.0005228  max_abs_dA=0.003561  int_signed_dA=4.996e-11  int_abs_dA=8.424e-11  A_min=0.001507  max_dA_fwd=-4.893e-06
  [shape] epoch  41750  rmse=0.0005825  max_abs_dA=0.003475  int_signed_dA=8.658e-11  int_abs_dA=1.037e-10  A_min=0.001537  max_dA_fwd=-4.932e-06
  [shape] epoch  42000  rmse=0.0005432  max_abs_dA=0.003439  int_signed_dA=5.977e-11  int_abs_dA=9.176e-11  A_min=0.001562  max_dA_fwd=-4.921e-06
  [shape] epoch  42250  rmse=0.0005484  max_abs_dA=0.0034  int_signed_dA=6.253e-11  int_abs_dA=9.365e-11  A_min=0.001574  max_dA_fwd=-4.933e-06
  [shape] epoch  42500  rmse=0.0005458  max_abs_dA=0.003377  int_signed_dA=5.347e-11  int_abs_dA=9.522e-11  A_min=0.001574  max_dA_fwd=-4.934e-06
  [shape] epoch  42750  rmse=0.0005619  max_abs_dA=0.003302  int_signed_dA=6.43e-11  int_abs_dA=9.923e-11  A_min=0.001608  max_dA_fwd=-4.954e-06
  [shape] epoch  43000  rmse=0.0005683  max_abs_dA=0.003276  int_signed_dA=7.16e-11  int_abs_dA=1.003e-10  A_min=0.001612  max_dA_fwd=-4.97e-06
  [shape] epoch  43250  rmse=0.0005867  max_abs_dA=0.003202  int_signed_dA=7.872e-11  int_abs_dA=1.056e-10  A_min=0.001646  max_dA_fwd=-4.986e-06
  [shape] epoch  43500  rmse=0.000625  max_abs_dA=0.003252  int_signed_dA=1.433e-11  int_abs_dA=1.183e-10  A_min=0.00161  max_dA_fwd=-4.927e-06
  [shape] epoch  43750  rmse=0.0005818  max_abs_dA=0.003158  int_signed_dA=6.305e-11  int_abs_dA=1.071e-10  A_min=0.001648  max_dA_fwd=-4.988e-06
  [shape] epoch  44000  rmse=0.000598  max_abs_dA=0.003091  int_signed_dA=7.001e-11  int_abs_dA=1.112e-10  A_min=0.001677  max_dA_fwd=-5.003e-06
  [shape] epoch  44250  rmse=0.0006024  max_abs_dA=0.003069  int_signed_dA=8.273e-11  int_abs_dA=1.107e-10  A_min=0.001676  max_dA_fwd=-5.021e-06
  [shape] epoch  44500  rmse=0.0006192  max_abs_dA=0.002999  int_signed_dA=8.675e-11  int_abs_dA=1.156e-10  A_min=0.001705  max_dA_fwd=-5.036e-06
  [shape] epoch  44750  rmse=0.0006168  max_abs_dA=0.003001  int_signed_dA=5.449e-11  int_abs_dA=1.182e-10  A_min=0.001693  max_dA_fwd=-5.011e-06
  [shape] epoch  45000  rmse=0.0006337  max_abs_dA=0.002917  int_signed_dA=9.137e-11  int_abs_dA=1.195e-10  A_min=0.001727  max_dA_fwd=-5.055e-06
  [shape] epoch  45250  rmse=0.0006338  max_abs_dA=0.002883  int_signed_dA=8.015e-11  int_abs_dA=1.21e-10  A_min=0.001736  max_dA_fwd=-5.052e-06
  [shape] epoch  45500  rmse=0.0006601  max_abs_dA=0.002835  int_signed_dA=1.083e-10  int_abs_dA=1.256e-10  A_min=0.001743  max_dA_fwd=-5.083e-06
  [shape] epoch  45750  rmse=0.0006544  max_abs_dA=0.002793  int_signed_dA=9.594e-11  int_abs_dA=1.251e-10  A_min=0.001759  max_dA_fwd=-5.082e-06
  [shape] epoch  46000  rmse=0.000733  max_abs_dA=0.002737  int_signed_dA=1.382e-10  int_abs_dA=1.503e-10  A_min=0.001768  max_dA_fwd=-5.125e-06
  [shape] epoch  46250  rmse=0.0006813  max_abs_dA=0.002717  int_signed_dA=1.143e-10  int_abs_dA=1.312e-10  A_min=0.001772  max_dA_fwd=-5.111e-06
  [shape] epoch  46500  rmse=0.0006715  max_abs_dA=0.00268  int_signed_dA=1.005e-10  int_abs_dA=1.295e-10  A_min=0.001784  max_dA_fwd=-5.105e-06
  [shape] epoch  46750  rmse=0.0006756  max_abs_dA=0.002645  int_signed_dA=1.008e-10  int_abs_dA=1.306e-10  A_min=0.001791  max_dA_fwd=-5.112e-06
  [shape] epoch  47000  rmse=0.0006823  max_abs_dA=0.002616  int_signed_dA=1.075e-10  int_abs_dA=1.318e-10  A_min=0.001793  max_dA_fwd=-5.124e-06
  [shape] epoch  47250  rmse=0.0006864  max_abs_dA=0.002577  int_signed_dA=1.056e-10  int_abs_dA=1.331e-10  A_min=0.001804  max_dA_fwd=-5.127e-06
  [shape] epoch  47500  rmse=0.0006905  max_abs_dA=0.002549  int_signed_dA=1.07e-10  int_abs_dA=1.34e-10  A_min=0.001809  max_dA_fwd=-5.133e-06
  [shape] epoch  47750  rmse=0.0006966  max_abs_dA=0.002504  int_signed_dA=1.079e-10  int_abs_dA=1.356e-10  A_min=0.001818  max_dA_fwd=-5.14e-06
  [shape] epoch  48000  rmse=0.0007032  max_abs_dA=0.002466  int_signed_dA=1.103e-10  int_abs_dA=1.371e-10  A_min=0.001826  max_dA_fwd=-5.147e-06
  [shape] epoch  48250  rmse=0.0007079  max_abs_dA=0.002428  int_signed_dA=1.102e-10  int_abs_dA=1.384e-10  A_min=0.001834  max_dA_fwd=-5.153e-06
  [shape] epoch  48500  rmse=0.0007118  max_abs_dA=0.002405  int_signed_dA=1.15e-10  int_abs_dA=1.39e-10  A_min=0.001833  max_dA_fwd=-5.161e-06
  [shape] epoch  48750  rmse=0.0007134  max_abs_dA=0.002371  int_signed_dA=1.131e-10  int_abs_dA=1.396e-10  A_min=0.001839  max_dA_fwd=-5.164e-06
  [shape] epoch  49000  rmse=0.0007202  max_abs_dA=0.002324  int_signed_dA=1.136e-10  int_abs_dA=1.413e-10  A_min=0.00185  max_dA_fwd=-5.169e-06
  [shape] epoch  49250  rmse=0.0007129  max_abs_dA=0.002308  int_signed_dA=1.039e-10  int_abs_dA=1.404e-10  A_min=0.001846  max_dA_fwd=-5.164e-06
  [shape] epoch  49500  rmse=0.0007274  max_abs_dA=0.002265  int_signed_dA=1.17e-10  int_abs_dA=1.428e-10  A_min=0.001857  max_dA_fwd=-5.181e-06
  [shape] epoch  49750  rmse=0.0007305  max_abs_dA=0.002233  int_signed_dA=1.176e-10  int_abs_dA=1.436e-10  A_min=0.001861  max_dA_fwd=-5.186e-06
  [shape] epoch  50000  rmse=0.0007153  max_abs_dA=0.002232  int_signed_dA=9.598e-11  int_abs_dA=1.419e-10  A_min=0.00185  max_dA_fwd=-5.168e-06
  [shape] epoch  50250  rmse=0.0007379  max_abs_dA=0.002226  int_signed_dA=6.639e-11  int_abs_dA=1.486e-10  A_min=0.001844  max_dA_fwd=-5.143e-06
  [shape] epoch  50500  rmse=0.0007333  max_abs_dA=0.002146  int_signed_dA=1.151e-10  int_abs_dA=1.446e-10  A_min=0.001869  max_dA_fwd=-5.193e-06
  [shape] epoch  50750  rmse=0.000738  max_abs_dA=0.002119  int_signed_dA=1.191e-10  int_abs_dA=1.455e-10  A_min=0.001871  max_dA_fwd=-5.201e-06
  [shape] epoch  51000  rmse=0.000772  max_abs_dA=0.002069  int_signed_dA=1.399e-10  int_abs_dA=1.531e-10  A_min=0.001882  max_dA_fwd=-5.227e-06
  [shape] epoch  51250  rmse=0.0007423  max_abs_dA=0.002063  int_signed_dA=1.212e-10  int_abs_dA=1.465e-10  A_min=0.001874  max_dA_fwd=-5.209e-06
  [shape] epoch  51500  rmse=0.0007436  max_abs_dA=0.002033  int_signed_dA=1.208e-10  int_abs_dA=1.468e-10  A_min=0.001877  max_dA_fwd=-5.212e-06
  [shape] epoch  51750  rmse=0.0007339  max_abs_dA=0.00202  int_signed_dA=1.117e-10  int_abs_dA=1.453e-10  A_min=0.001872  max_dA_fwd=-5.204e-06
  [shape] epoch  52000  rmse=0.0007357  max_abs_dA=0.001996  int_signed_dA=1.101e-10  int_abs_dA=1.46e-10  A_min=0.001873  max_dA_fwd=-5.207e-06
  [shape] epoch  52250  rmse=0.0007472  max_abs_dA=0.00196  int_signed_dA=1.236e-10  int_abs_dA=1.476e-10  A_min=0.001878  max_dA_fwd=-5.222e-06
  [shape] epoch  52500  rmse=0.0007778  max_abs_dA=0.001914  int_signed_dA=1.421e-10  int_abs_dA=1.544e-10  A_min=0.001888  max_dA_fwd=-5.243e-06
  [shape] epoch  52750  rmse=0.0007412  max_abs_dA=0.001923  int_signed_dA=1.19e-10  int_abs_dA=1.467e-10  A_min=0.001875  max_dA_fwd=-5.222e-06
  [shape] epoch  53000  rmse=0.0007439  max_abs_dA=0.001896  int_signed_dA=1.213e-10  int_abs_dA=1.472e-10  A_min=0.001876  max_dA_fwd=-5.226e-06
  [shape] epoch  53250  rmse=0.0007455  max_abs_dA=0.001871  int_signed_dA=1.225e-10  int_abs_dA=1.475e-10  A_min=0.001877  max_dA_fwd=-5.229e-06
  [shape] epoch  53500  rmse=0.0007466  max_abs_dA=0.001848  int_signed_dA=1.238e-10  int_abs_dA=1.477e-10  A_min=0.001876  max_dA_fwd=-5.232e-06
  [shape] epoch  53750  rmse=0.0007324  max_abs_dA=0.001846  int_signed_dA=1.061e-10  int_abs_dA=1.461e-10  A_min=0.001867  max_dA_fwd=-5.218e-06
  [shape] epoch  54000  rmse=0.0007511  max_abs_dA=0.001803  int_signed_dA=1.286e-10  int_abs_dA=1.486e-10  A_min=0.001876  max_dA_fwd=-5.241e-06
  [shape] epoch  54250  rmse=0.00079  max_abs_dA=0.001757  int_signed_dA=1.499e-10  int_abs_dA=1.582e-10  A_min=0.001885  max_dA_fwd=-5.263e-06
  [shape] epoch  54500  rmse=0.000741  max_abs_dA=0.001771  int_signed_dA=1.218e-10  int_abs_dA=1.468e-10  A_min=0.00187  max_dA_fwd=-5.236e-06
  [shape] epoch  54750  rmse=0.0007411  max_abs_dA=0.00175  int_signed_dA=1.223e-10  int_abs_dA=1.468e-10  A_min=0.001869  max_dA_fwd=-5.238e-06
  [shape] epoch  55000  rmse=0.0007387  max_abs_dA=0.001732  int_signed_dA=1.212e-10  int_abs_dA=1.464e-10  A_min=0.001868  max_dA_fwd=-5.238e-06
  [shape] epoch  55250  rmse=0.0007368  max_abs_dA=0.001717  int_signed_dA=1.211e-10  int_abs_dA=1.461e-10  A_min=0.001864  max_dA_fwd=-5.239e-06
  [shape] epoch  55500  rmse=0.0007377  max_abs_dA=0.001696  int_signed_dA=1.226e-10  int_abs_dA=1.462e-10  A_min=0.001863  max_dA_fwd=-5.242e-06
  [shape] epoch  55750  rmse=0.0007322  max_abs_dA=0.001683  int_signed_dA=1.191e-10  int_abs_dA=1.452e-10  A_min=0.00186  max_dA_fwd=-5.239e-06
  [shape] epoch  56000  rmse=0.0007275  max_abs_dA=0.00167  int_signed_dA=1.158e-10  int_abs_dA=1.445e-10  A_min=0.001856  max_dA_fwd=-5.236e-06
  [shape] epoch  56250  rmse=0.0007255  max_abs_dA=0.001655  int_signed_dA=1.158e-10  int_abs_dA=1.441e-10  A_min=0.001853  max_dA_fwd=-5.237e-06
  [shape] epoch  56500  rmse=0.0007307  max_abs_dA=0.001632  int_signed_dA=1.222e-10  int_abs_dA=1.448e-10  A_min=0.001853  max_dA_fwd=-5.244e-06
  [shape] epoch  56750  rmse=0.0007145  max_abs_dA=0.001635  int_signed_dA=1.04e-10  int_abs_dA=1.427e-10  A_min=0.001843  max_dA_fwd=-5.226e-06
  [shape] epoch  57000  rmse=0.0007292  max_abs_dA=0.0016  int_signed_dA=1.238e-10  int_abs_dA=1.445e-10  A_min=0.001848  max_dA_fwd=-5.246e-06
  [shape] epoch  57250  rmse=0.0007241  max_abs_dA=0.001589  int_signed_dA=1.213e-10  int_abs_dA=1.435e-10  A_min=0.001844  max_dA_fwd=-5.244e-06
  [shape] epoch  57500  rmse=0.0007198  max_abs_dA=0.001576  int_signed_dA=1.188e-10  int_abs_dA=1.428e-10  A_min=0.001841  max_dA_fwd=-5.241e-06
  [shape] epoch  57750  rmse=0.0007098  max_abs_dA=0.001572  int_signed_dA=1.101e-10  int_abs_dA=1.413e-10  A_min=0.001834  max_dA_fwd=-5.233e-06
  [shape] epoch  58000  rmse=0.0007174  max_abs_dA=0.001549  int_signed_dA=1.2e-10  int_abs_dA=1.423e-10  A_min=0.001835  max_dA_fwd=-5.243e-06
  [shape] epoch  58250  rmse=0.0007088  max_abs_dA=0.001541  int_signed_dA=1.141e-10  int_abs_dA=1.408e-10  A_min=0.00183  max_dA_fwd=-5.237e-06
  [shape] epoch  58500  rmse=0.0007088  max_abs_dA=0.001527  int_signed_dA=1.167e-10  int_abs_dA=1.406e-10  A_min=0.001828  max_dA_fwd=-5.239e-06
  [shape] epoch  58750  rmse=0.0007105  max_abs_dA=0.001511  int_signed_dA=1.198e-10  int_abs_dA=1.408e-10  A_min=0.001826  max_dA_fwd=-5.242e-06
  [shape] epoch  59000  rmse=0.000704  max_abs_dA=0.001502  int_signed_dA=1.157e-10  int_abs_dA=1.397e-10  A_min=0.001822  max_dA_fwd=-5.238e-06
  [shape] epoch  59250  rmse=0.0006992  max_abs_dA=0.001494  int_signed_dA=1.135e-10  int_abs_dA=1.388e-10  A_min=0.001817  max_dA_fwd=-5.235e-06
  [shape] epoch  59500  rmse=0.0006979  max_abs_dA=0.001481  int_signed_dA=1.144e-10  int_abs_dA=1.385e-10  A_min=0.001814  max_dA_fwd=-5.236e-06
  [shape] epoch  59750  rmse=0.0007061  max_abs_dA=0.001461  int_signed_dA=1.227e-10  int_abs_dA=1.399e-10  A_min=0.001815  max_dA_fwd=-5.244e-06
  [shape] epoch  59999  rmse=0.0006937  max_abs_dA=0.001458  int_signed_dA=1.145e-10  int_abs_dA=1.376e-10  A_min=0.001808  max_dA_fwd=-5.235e-06
[spectral-pn] spn-L10.0-s42: loss 8.488e+00 -> 1.376e-07 (x61707804 drop)
[spectral-pn] RMSE=0.0007 max|dA|=0.0015 gamma_eff=3.1092e+07 gamma_ratio=0.9964
[spectral-pn] snapshot=final best_epoch=59999 best_loss=1.376e-07 final_loss=1.376e-07
[spectral-pn-shape] cancel=0.832 int_signed_dA=1.1449e-10 int_abs_dA=1.3760e-10 A_min=1.8083e-03 max_dA_fwd=-5.2351e-06
[spectral-pn] saved: runs/transient/pn_sumrule_ladder_2d/ladder_L10.0_2d
