[spectral-pn] case: L=0.1 um, Nk=20, L_max=8, run=20260909_185309
[spectral-pn] window t_end=2.330e-10 s (34.6 tau_ref), gamma_dom=3.0040e+10 Hz
[spectral-pn] window mode=n_decay rule=n_decay (t_1% at 0.01*A0: nan s; n_dec=7/gamma_dom: 2.3302e-10 s)
  epoch      0  residual 5.961e-03
  epoch    250  residual 6.138e-05
  epoch    500  residual 1.687e-05
  epoch    750  residual 8.518e-06
  epoch   1000  residual 6.392e-06
  epoch   1250  residual 5.156e-06
  epoch   1500  residual 4.425e-06
  epoch   1750  residual 3.964e-06
  epoch   2000  residual 3.367e-06
  epoch   2250  residual 2.981e-06
  epoch   2500  residual 2.838e-06
  epoch   2750  residual 5.084e-06
  epoch   3000  residual 2.265e-06
  epoch   3250  residual 2.048e-06
  epoch   3500  residual 5.051e-06
  epoch   3750  residual 1.700e-06
  epoch   4000  residual 3.290e-06
  epoch   4250  residual 1.358e-06
  epoch   4500  residual 1.329e-06
  epoch   4750  residual 1.152e-06
  epoch   5000  residual 1.121e-06
  epoch   5250  residual 1.002e-06
  epoch   5500  residual 9.616e-07
  epoch   5750  residual 1.416e-06
  epoch   6000  residual 1.180e-06
  epoch   6250  residual 8.543e-07
  epoch   6500  residual 7.781e-07
  epoch   6750  residual 8.257e-07
  epoch   7000  residual 7.009e-07
  epoch   7250  residual 7.589e-07
  epoch   7500  residual 1.112e-06
  epoch   7750  residual 7.427e-07
  epoch   8000  residual 6.968e-07
  epoch   8250  residual 6.456e-07
  epoch   8500  residual 5.621e-07
  epoch   8750  residual 8.316e-07
  epoch   9000  residual 8.291e-07
  epoch   9250  residual 5.714e-07
  epoch   9500  residual 4.923e-07
  epoch   9750  residual 5.868e-07
  epoch  10000  residual 4.589e-07
  epoch  10250  residual 4.777e-07
  epoch  10500  residual 6.630e-07
  epoch  10750  residual 5.443e-07
  epoch  11000  residual 8.928e-07
  epoch  11250  residual 5.374e-07
  epoch  11500  residual 7.568e-07
  epoch  11750  residual 3.966e-07
  epoch  12000  residual 4.517e-07
  epoch  12250  residual 5.382e-07
  epoch  12500  residual 3.494e-07
  epoch  12750  residual 6.011e-07
  epoch  13000  residual 3.200e-07
  epoch  13250  residual 3.795e-07
  epoch  13500  residual 3.433e-07
  epoch  13750  residual 3.836e-07
  epoch  14000  residual 3.532e-07
  epoch  14250  residual 4.970e-07
  epoch  14500  residual 3.959e-07
  epoch  14750  residual 6.718e-07
  epoch  15000  residual 4.605e-07
  epoch  15250  residual 2.723e-07
  epoch  15500  residual 2.598e-07
  epoch  15750  residual 2.627e-07
  epoch  16000  residual 4.116e-07
  epoch  16250  residual 3.041e-07
  epoch  16500  residual 2.951e-07
  epoch  16750  residual 2.496e-07
  epoch  17000  residual 2.472e-07
  epoch  17250  residual 3.835e-07
  epoch  17500  residual 3.243e-07
  epoch  17750  residual 2.631e-07
  epoch  18000  residual 3.128e-07
  epoch  18250  residual 2.666e-07
  epoch  18500  residual 5.183e-07
  epoch  18750  residual 4.427e-07
  epoch  19000  residual 3.026e-07
  epoch  19250  residual 1.945e-07
  epoch  19500  residual 1.903e-07
  epoch  19750  residual 2.104e-07
  epoch  20000  residual 2.283e-07
  epoch  20250  residual 1.939e-07
  epoch  20500  residual 2.798e-07
  epoch  20750  residual 2.873e-07
  epoch  21000  residual 2.516e-07
  epoch  21250  residual 2.092e-07
  epoch  21500  residual 2.090e-07
  epoch  21750  residual 2.065e-07
  epoch  22000  residual 2.305e-07
  epoch  22250  residual 2.637e-07
  epoch  22500  residual 2.597e-07
  epoch  22750  residual 2.267e-07
  epoch  23000  residual 1.643e-07
  epoch  23250  residual 2.884e-07
  epoch  23500  residual 1.438e-07
  epoch  23750  residual 1.466e-07
  epoch  24000  residual 1.870e-07
  epoch  24250  residual 1.410e-07
  epoch  24500  residual 2.317e-07
  epoch  24750  residual 1.594e-07
  epoch  25000  residual 1.395e-07
  epoch  25250  residual 1.484e-07
  epoch  25500  residual 1.897e-07
  epoch  25750  residual 1.571e-07
  epoch  26000  residual 1.593e-07
  epoch  26250  residual 1.590e-07
  epoch  26500  residual 1.168e-07
  epoch  26750  residual 2.220e-07
  epoch  27000  residual 1.999e-07
  epoch  27250  residual 2.258e-07
  epoch  27500  residual 2.274e-07
  epoch  27750  residual 1.550e-07
  epoch  28000  residual 1.284e-07
  epoch  28250  residual 1.295e-07
  epoch  28500  residual 1.585e-07
  epoch  28750  residual 1.262e-07
  epoch  29000  residual 1.594e-07
  epoch  29250  residual 1.049e-07
  epoch  29500  residual 1.080e-07
  epoch  29750  residual 1.066e-07
  epoch  30000  residual 1.066e-07
  epoch  30250  residual 1.064e-07
  epoch  30500  residual 1.226e-07
  epoch  30750  residual 1.055e-07
  epoch  31000  residual 1.480e-07
  epoch  31250  residual 1.292e-07
  epoch  31500  residual 1.009e-07
  epoch  31750  residual 1.030e-07
  epoch  32000  residual 1.465e-07
  epoch  32250  residual 1.052e-07
  epoch  32500  residual 1.497e-07
  epoch  32750  residual 8.974e-08
  epoch  33000  residual 1.114e-07
  epoch  33250  residual 9.811e-08
  epoch  33500  residual 1.526e-07
  epoch  33750  residual 1.027e-07
  epoch  34000  residual 9.234e-08
  epoch  34250  residual 9.236e-08
  epoch  34500  residual 1.161e-07
  epoch  34750  residual 1.011e-07
  epoch  35000  residual 1.046e-07
  epoch  35250  residual 9.597e-08
  epoch  35500  residual 1.408e-07
  epoch  35750  residual 8.801e-08
  epoch  36000  residual 8.277e-08
  epoch  36250  residual 8.260e-08
  epoch  36500  residual 8.937e-08
  epoch  36750  residual 8.257e-08
  epoch  37000  residual 8.190e-08
  epoch  37250  residual 8.091e-08
  epoch  37500  residual 7.694e-08
  epoch  37750  residual 1.027e-07
  epoch  38000  residual 7.621e-08
  epoch  38250  residual 9.708e-08
  epoch  38500  residual 8.036e-08
  epoch  38750  residual 9.683e-08
  epoch  39000  residual 8.462e-08
  epoch  39250  residual 7.428e-08
  epoch  39500  residual 7.387e-08
  epoch  39750  residual 7.269e-08
  epoch  40000  residual 7.805e-08
  epoch  40250  residual 7.150e-08
  epoch  40500  residual 8.537e-08
  epoch  40750  residual 7.974e-08
  epoch  41000  residual 7.702e-08
  epoch  41250  residual 7.438e-08
  epoch  41500  residual 7.545e-08
  epoch  41750  residual 7.164e-08
  epoch  42000  residual 7.218e-08
  epoch  42250  residual 6.873e-08
  epoch  42500  residual 7.215e-08
  epoch  42750  residual 6.783e-08
  epoch  43000  residual 7.068e-08
  epoch  43250  residual 7.113e-08
  epoch  43500  residual 6.691e-08
  epoch  43750  residual 6.981e-08
  epoch  44000  residual 7.008e-08
  epoch  44250  residual 6.731e-08
  epoch  44500  residual 7.441e-08
  epoch  44750  residual 6.951e-08
  epoch  45000  residual 6.431e-08
  epoch  45250  residual 6.375e-08
  epoch  45500  residual 6.677e-08
  epoch  45750  residual 6.659e-08
  epoch  46000  residual 6.487e-08
  epoch  46250  residual 6.349e-08
  epoch  46500  residual 7.206e-08
  epoch  46750  residual 6.211e-08
  epoch  47000  residual 6.277e-08
  epoch  47250  residual 6.082e-08
  epoch  47500  residual 6.539e-08
  epoch  47750  residual 6.256e-08
  epoch  48000  residual 6.048e-08
  epoch  48250  residual 5.998e-08
  epoch  48500  residual 5.944e-08
  epoch  48750  residual 6.300e-08
  epoch  49000  residual 5.896e-08
  epoch  49250  residual 5.865e-08
  epoch  49500  residual 5.863e-08
  epoch  49750  residual 5.913e-08
  epoch  50000  residual 5.836e-08
  epoch  50250  residual 5.816e-08
  epoch  50500  residual 1.207e-07
  epoch  50750  residual 1.489e-07
  epoch  51000  residual 1.772e-07
  epoch  51250  residual 1.444e-07
  epoch  51500  residual 1.126e-07
  epoch  51750  residual 9.988e-08
  epoch  52000  residual 9.331e-08
  epoch  52250  residual 8.893e-08
  epoch  52500  residual 8.574e-08
  epoch  52750  residual 8.491e-08
  epoch  53000  residual 8.015e-08
  epoch  53250  residual 7.806e-08
  epoch  53500  residual 7.739e-08
  epoch  53750  residual 7.491e-08
  epoch  54000  residual 7.490e-08
  epoch  54250  residual 7.235e-08
  epoch  54500  residual 7.138e-08
  epoch  54750  residual 7.023e-08
  epoch  55000  residual 6.964e-08
  epoch  55250  residual 6.877e-08
  epoch  55500  residual 6.826e-08
  epoch  55750  residual 6.723e-08
  epoch  56000  residual 6.664e-08
  epoch  56250  residual 6.634e-08
  epoch  56500  residual 6.540e-08
  epoch  56750  residual 6.497e-08
  epoch  57000  residual 6.607e-08
  epoch  57250  residual 6.394e-08
  epoch  57500  residual 6.357e-08
  epoch  57750  residual 6.311e-08
  epoch  58000  residual 6.285e-08
  epoch  58250  residual 6.236e-08
  epoch  58500  residual 6.207e-08
  epoch  58750  residual 6.165e-08
  epoch  59000  residual 6.129e-08
  epoch  59250  residual 6.177e-08
  epoch  59500  residual 6.352e-08
  epoch  59750  residual 6.068e-08
  epoch  59999  residual 6.180e-08
  [gamma] epoch      0  gamma_ratio 0.4443  residual 5.961e-03
  [gamma] epoch    250  gamma_ratio 0.8559  residual 6.138e-05
  [gamma] epoch    500  gamma_ratio 0.9213  residual 1.687e-05
  [gamma] epoch    750  gamma_ratio 0.9321  residual 8.518e-06
  [gamma] epoch   1000  gamma_ratio 0.9429  residual 6.392e-06
  [gamma] epoch   1250  gamma_ratio 0.9494  residual 5.156e-06
  [gamma] epoch   1500  gamma_ratio 0.9559  residual 4.425e-06
  [gamma] epoch   1750  gamma_ratio 0.9644  residual 3.964e-06
  [gamma] epoch   2000  gamma_ratio 0.9683  residual 3.367e-06
  [gamma] epoch   2250  gamma_ratio 0.9706  residual 2.981e-06
  [gamma] epoch   2500  gamma_ratio 0.9751  residual 2.838e-06
  [gamma] epoch   2750  gamma_ratio 0.9772  residual 5.084e-06
  [gamma] epoch   3000  gamma_ratio 0.9757  residual 2.265e-06
  [gamma] epoch   3250  gamma_ratio 0.9766  residual 2.048e-06
  [gamma] epoch   3500  gamma_ratio 0.9883  residual 5.051e-06
  [gamma] epoch   3750  gamma_ratio 0.9796  residual 1.700e-06
  [gamma] epoch   4000  gamma_ratio 0.9897  residual 3.290e-06
  [gamma] epoch   4250  gamma_ratio 0.9837  residual 1.358e-06
  [gamma] epoch   4500  gamma_ratio 0.9854  residual 1.329e-06
  [gamma] epoch   4750  gamma_ratio 0.9869  residual 1.152e-06
  [gamma] epoch   5000  gamma_ratio 0.9879  residual 1.121e-06
  [gamma] epoch   5250  gamma_ratio 0.9886  residual 1.002e-06
  [gamma] epoch   5500  gamma_ratio 0.9883  residual 9.616e-07
  [gamma] epoch   5750  gamma_ratio 0.9869  residual 1.416e-06
  [gamma] epoch   6000  gamma_ratio 0.9920  residual 1.180e-06
  [gamma] epoch   6250  gamma_ratio 0.9907  residual 8.543e-07
  [gamma] epoch   6500  gamma_ratio 0.9907  residual 7.781e-07
  [gamma] epoch   6750  gamma_ratio 0.9897  residual 8.257e-07
  [gamma] epoch   7000  gamma_ratio 0.9905  residual 7.009e-07
  [gamma] epoch   7250  gamma_ratio 0.9902  residual 7.589e-07
  [gamma] epoch   7500  gamma_ratio 0.9880  residual 1.112e-06
  [gamma] epoch   7750  gamma_ratio 0.9891  residual 7.427e-07
  [gamma] epoch   8000  gamma_ratio 0.9909  residual 6.968e-07
  [gamma] epoch   8250  gamma_ratio 0.9916  residual 6.456e-07
  [gamma] epoch   8500  gamma_ratio 0.9918  residual 5.621e-07
  [gamma] epoch   8750  gamma_ratio 0.9903  residual 8.316e-07
  [gamma] epoch   9000  gamma_ratio 0.9910  residual 8.291e-07
  [gamma] epoch   9250  gamma_ratio 0.9915  residual 5.714e-07
  [gamma] epoch   9500  gamma_ratio 0.9921  residual 4.923e-07
  [gamma] epoch   9750  gamma_ratio 0.9918  residual 5.868e-07
  [gamma] epoch  10000  gamma_ratio 0.9925  residual 4.589e-07
  [gamma] epoch  10250  gamma_ratio 0.9929  residual 4.777e-07
  [gamma] epoch  10500  gamma_ratio 0.9955  residual 6.630e-07
  [gamma] epoch  10750  gamma_ratio 0.9939  residual 5.443e-07
  [gamma] epoch  11000  gamma_ratio 0.9972  residual 8.928e-07
  [gamma] epoch  11250  gamma_ratio 0.9930  residual 5.374e-07
  [gamma] epoch  11500  gamma_ratio 0.9940  residual 7.568e-07
  [gamma] epoch  11750  gamma_ratio 0.9936  residual 3.966e-07
  [gamma] epoch  12000  gamma_ratio 0.9940  residual 4.517e-07
  [gamma] epoch  12250  gamma_ratio 0.9936  residual 5.382e-07
  [gamma] epoch  12500  gamma_ratio 0.9940  residual 3.494e-07
  [gamma] epoch  12750  gamma_ratio 0.9900  residual 6.011e-07
  [gamma] epoch  13000  gamma_ratio 0.9935  residual 3.200e-07
  [gamma] epoch  13250  gamma_ratio 0.9939  residual 3.795e-07
  [gamma] epoch  13500  gamma_ratio 0.9941  residual 3.433e-07
  [gamma] epoch  13750  gamma_ratio 0.9942  residual 3.836e-07
  [gamma] epoch  14000  gamma_ratio 0.9935  residual 3.532e-07
  [gamma] epoch  14250  gamma_ratio 0.9932  residual 4.970e-07
  [gamma] epoch  14500  gamma_ratio 0.9940  residual 3.959e-07
  [gamma] epoch  14750  gamma_ratio 0.9936  residual 6.718e-07
  [gamma] epoch  15000  gamma_ratio 0.9932  residual 4.605e-07
  [gamma] epoch  15250  gamma_ratio 0.9941  residual 2.723e-07
  [gamma] epoch  15500  gamma_ratio 0.9934  residual 2.598e-07
  [gamma] epoch  15750  gamma_ratio 0.9939  residual 2.627e-07
  [gamma] epoch  16000  gamma_ratio 0.9929  residual 4.116e-07
  [gamma] epoch  16250  gamma_ratio 0.9932  residual 3.041e-07
  [gamma] epoch  16500  gamma_ratio 0.9927  residual 2.951e-07
  [gamma] epoch  16750  gamma_ratio 0.9932  residual 2.496e-07
  [gamma] epoch  17000  gamma_ratio 0.9927  residual 2.472e-07
  [gamma] epoch  17250  gamma_ratio 0.9923  residual 3.835e-07
  [gamma] epoch  17500  gamma_ratio 0.9942  residual 3.243e-07
  [gamma] epoch  17750  gamma_ratio 0.9936  residual 2.631e-07
  [gamma] epoch  18000  gamma_ratio 0.9945  residual 3.128e-07
  [gamma] epoch  18250  gamma_ratio 0.9938  residual 2.666e-07
  [gamma] epoch  18500  gamma_ratio 0.9927  residual 5.183e-07
  [gamma] epoch  18750  gamma_ratio 0.9935  residual 4.427e-07
  [gamma] epoch  19000  gamma_ratio 0.9939  residual 3.026e-07
  [gamma] epoch  19250  gamma_ratio 0.9939  residual 1.945e-07
  [gamma] epoch  19500  gamma_ratio 0.9939  residual 1.903e-07
  [gamma] epoch  19750  gamma_ratio 0.9936  residual 2.104e-07
  [gamma] epoch  20000  gamma_ratio 0.9927  residual 2.283e-07
  [gamma] epoch  20250  gamma_ratio 0.9931  residual 1.939e-07
  [gamma] epoch  20500  gamma_ratio 0.9956  residual 2.798e-07
  [gamma] epoch  20750  gamma_ratio 0.9945  residual 2.873e-07
  [gamma] epoch  21000  gamma_ratio 0.9947  residual 2.516e-07
  [gamma] epoch  21250  gamma_ratio 0.9932  residual 2.092e-07
  [gamma] epoch  21500  gamma_ratio 0.9937  residual 2.090e-07
  [gamma] epoch  21750  gamma_ratio 0.9936  residual 2.065e-07
  [gamma] epoch  22000  gamma_ratio 0.9947  residual 2.305e-07
  [gamma] epoch  22250  gamma_ratio 0.9939  residual 2.637e-07
  [gamma] epoch  22500  gamma_ratio 0.9941  residual 2.597e-07
  [gamma] epoch  22750  gamma_ratio 0.9934  residual 2.267e-07
  [gamma] epoch  23000  gamma_ratio 0.9947  residual 1.643e-07
  [gamma] epoch  23250  gamma_ratio 0.9929  residual 2.884e-07
  [gamma] epoch  23500  gamma_ratio 0.9937  residual 1.438e-07
  [gamma] epoch  23750  gamma_ratio 0.9941  residual 1.466e-07
  [gamma] epoch  24000  gamma_ratio 0.9941  residual 1.870e-07
  [gamma] epoch  24250  gamma_ratio 0.9938  residual 1.410e-07
  [gamma] epoch  24500  gamma_ratio 0.9943  residual 2.317e-07
  [gamma] epoch  24750  gamma_ratio 0.9938  residual 1.594e-07
  [gamma] epoch  25000  gamma_ratio 0.9940  residual 1.395e-07
  [gamma] epoch  25250  gamma_ratio 0.9937  residual 1.484e-07
  [gamma] epoch  25500  gamma_ratio 0.9935  residual 1.897e-07
  [gamma] epoch  25750  gamma_ratio 0.9942  residual 1.571e-07
  [gamma] epoch  26000  gamma_ratio 0.9949  residual 1.593e-07
  [gamma] epoch  26250  gamma_ratio 0.9933  residual 1.590e-07
  [gamma] epoch  26500  gamma_ratio 0.9940  residual 1.168e-07
  [gamma] epoch  26750  gamma_ratio 0.9934  residual 2.220e-07
  [gamma] epoch  27000  gamma_ratio 0.9936  residual 1.999e-07
  [gamma] epoch  27250  gamma_ratio 0.9945  residual 2.258e-07
  [gamma] epoch  27500  gamma_ratio 0.9948  residual 2.274e-07
  [gamma] epoch  27750  gamma_ratio 0.9945  residual 1.550e-07
  [gamma] epoch  28000  gamma_ratio 0.9937  residual 1.284e-07
  [gamma] epoch  28250  gamma_ratio 0.9938  residual 1.295e-07
  [gamma] epoch  28500  gamma_ratio 0.9931  residual 1.585e-07
  [gamma] epoch  28750  gamma_ratio 0.9940  residual 1.262e-07
  [gamma] epoch  29000  gamma_ratio 0.9938  residual 1.594e-07
  [gamma] epoch  29250  gamma_ratio 0.9940  residual 1.049e-07
  [gamma] epoch  29500  gamma_ratio 0.9941  residual 1.080e-07
  [gamma] epoch  29750  gamma_ratio 0.9942  residual 1.066e-07
  [gamma] epoch  30000  gamma_ratio 0.9945  residual 1.066e-07
  [gamma] epoch  30250  gamma_ratio 0.9942  residual 1.064e-07
  [gamma] epoch  30500  gamma_ratio 0.9945  residual 1.226e-07
  [gamma] epoch  30750  gamma_ratio 0.9943  residual 1.055e-07
  [gamma] epoch  31000  gamma_ratio 0.9937  residual 1.480e-07
  [gamma] epoch  31250  gamma_ratio 0.9941  residual 1.292e-07
  [gamma] epoch  31500  gamma_ratio 0.9942  residual 1.009e-07
  [gamma] epoch  31750  gamma_ratio 0.9940  residual 1.030e-07
  [gamma] epoch  32000  gamma_ratio 0.9944  residual 1.465e-07
  [gamma] epoch  32250  gamma_ratio 0.9938  residual 1.052e-07
  [gamma] epoch  32500  gamma_ratio 0.9944  residual 1.497e-07
  [gamma] epoch  32750  gamma_ratio 0.9943  residual 8.974e-08
  [gamma] epoch  33000  gamma_ratio 0.9947  residual 1.114e-07
  [gamma] epoch  33250  gamma_ratio 0.9939  residual 9.811e-08
  [gamma] epoch  33500  gamma_ratio 0.9945  residual 1.526e-07
  [gamma] epoch  33750  gamma_ratio 0.9945  residual 1.027e-07
  [gamma] epoch  34000  gamma_ratio 0.9942  residual 9.234e-08
  [gamma] epoch  34250  gamma_ratio 0.9946  residual 9.236e-08
  [gamma] epoch  34500  gamma_ratio 0.9941  residual 1.161e-07
  [gamma] epoch  34750  gamma_ratio 0.9943  residual 1.011e-07
  [gamma] epoch  35000  gamma_ratio 0.9942  residual 1.046e-07
  [gamma] epoch  35250  gamma_ratio 0.9946  residual 9.597e-08
  [gamma] epoch  35500  gamma_ratio 0.9949  residual 1.408e-07
  [gamma] epoch  35750  gamma_ratio 0.9941  residual 8.801e-08
  [gamma] epoch  36000  gamma_ratio 0.9942  residual 8.277e-08
  [gamma] epoch  36250  gamma_ratio 0.9944  residual 8.260e-08
  [gamma] epoch  36500  gamma_ratio 0.9943  residual 8.937e-08
  [gamma] epoch  36750  gamma_ratio 0.9942  residual 8.257e-08
  [gamma] epoch  37000  gamma_ratio 0.9944  residual 8.190e-08
  [gamma] epoch  37250  gamma_ratio 0.9943  residual 8.091e-08
  [gamma] epoch  37500  gamma_ratio 0.9942  residual 7.694e-08
  [gamma] epoch  37750  gamma_ratio 0.9945  residual 1.027e-07
  [gamma] epoch  38000  gamma_ratio 0.9943  residual 7.621e-08
  [gamma] epoch  38250  gamma_ratio 0.9940  residual 9.708e-08
  [gamma] epoch  38500  gamma_ratio 0.9941  residual 8.036e-08
  [gamma] epoch  38750  gamma_ratio 0.9941  residual 9.683e-08
  [gamma] epoch  39000  gamma_ratio 0.9943  residual 8.462e-08
  [gamma] epoch  39250  gamma_ratio 0.9943  residual 7.428e-08
  [gamma] epoch  39500  gamma_ratio 0.9942  residual 7.387e-08
  [gamma] epoch  39750  gamma_ratio 0.9943  residual 7.269e-08
  [gamma] epoch  40000  gamma_ratio 0.9944  residual 7.805e-08
  [gamma] epoch  40250  gamma_ratio 0.9944  residual 7.150e-08
  [gamma] epoch  40500  gamma_ratio 0.9940  residual 8.537e-08
  [gamma] epoch  40750  gamma_ratio 0.9939  residual 7.974e-08
  [gamma] epoch  41000  gamma_ratio 0.9943  residual 7.702e-08
  [gamma] epoch  41250  gamma_ratio 0.9942  residual 7.438e-08
  [gamma] epoch  41500  gamma_ratio 0.9938  residual 7.545e-08
  [gamma] epoch  41750  gamma_ratio 0.9945  residual 7.164e-08
  [gamma] epoch  42000  gamma_ratio 0.9942  residual 7.218e-08
  [gamma] epoch  42250  gamma_ratio 0.9943  residual 6.873e-08
  [gamma] epoch  42500  gamma_ratio 0.9944  residual 7.215e-08
  [gamma] epoch  42750  gamma_ratio 0.9945  residual 6.783e-08
  [gamma] epoch  43000  gamma_ratio 0.9941  residual 7.068e-08
  [gamma] epoch  43250  gamma_ratio 0.9941  residual 7.113e-08
  [gamma] epoch  43500  gamma_ratio 0.9942  residual 6.691e-08
  [gamma] epoch  43750  gamma_ratio 0.9942  residual 6.981e-08
  [gamma] epoch  44000  gamma_ratio 0.9944  residual 7.008e-08
  [gamma] epoch  44250  gamma_ratio 0.9943  residual 6.731e-08
  [gamma] epoch  44500  gamma_ratio 0.9947  residual 7.441e-08
  [gamma] epoch  44750  gamma_ratio 0.9944  residual 6.951e-08
  [gamma] epoch  45000  gamma_ratio 0.9943  residual 6.431e-08
  [gamma] epoch  45250  gamma_ratio 0.9944  residual 6.375e-08
  [gamma] epoch  45500  gamma_ratio 0.9942  residual 6.677e-08
  [gamma] epoch  45750  gamma_ratio 0.9943  residual 6.659e-08
  [gamma] epoch  46000  gamma_ratio 0.9944  residual 6.487e-08
  [gamma] epoch  46250  gamma_ratio 0.9942  residual 6.349e-08
  [gamma] epoch  46500  gamma_ratio 0.9939  residual 7.206e-08
  [gamma] epoch  46750  gamma_ratio 0.9944  residual 6.211e-08
  [gamma] epoch  47000  gamma_ratio 0.9943  residual 6.277e-08
  [gamma] epoch  47250  gamma_ratio 0.9943  residual 6.082e-08
  [gamma] epoch  47500  gamma_ratio 0.9942  residual 6.539e-08
  [gamma] epoch  47750  gamma_ratio 0.9943  residual 6.256e-08
  [gamma] epoch  48000  gamma_ratio 0.9944  residual 6.048e-08
  [gamma] epoch  48250  gamma_ratio 0.9943  residual 5.998e-08
  [gamma] epoch  48500  gamma_ratio 0.9944  residual 5.944e-08
  [gamma] epoch  48750  gamma_ratio 0.9943  residual 6.300e-08
  [gamma] epoch  49000  gamma_ratio 0.9943  residual 5.896e-08
  [gamma] epoch  49250  gamma_ratio 0.9943  residual 5.865e-08
  [gamma] epoch  49500  gamma_ratio 0.9944  residual 5.863e-08
  [gamma] epoch  49750  gamma_ratio 0.9944  residual 5.913e-08
  [gamma] epoch  50000  gamma_ratio 0.9944  residual 5.836e-08
  [gamma] epoch  50250  gamma_ratio 0.9943  residual 5.816e-08
  [gamma] epoch  50500  gamma_ratio 0.9940  residual 1.207e-07
  [gamma] epoch  50750  gamma_ratio 0.9935  residual 1.489e-07
  [gamma] epoch  51000  gamma_ratio 0.9931  residual 1.772e-07
  [gamma] epoch  51250  gamma_ratio 0.9927  residual 1.444e-07
  [gamma] epoch  51500  gamma_ratio 0.9929  residual 1.126e-07
  [gamma] epoch  51750  gamma_ratio 0.9929  residual 9.988e-08
  [gamma] epoch  52000  gamma_ratio 0.9930  residual 9.331e-08
  [gamma] epoch  52250  gamma_ratio 0.9931  residual 8.893e-08
  [gamma] epoch  52500  gamma_ratio 0.9931  residual 8.574e-08
  [gamma] epoch  52750  gamma_ratio 0.9933  residual 8.491e-08
  [gamma] epoch  53000  gamma_ratio 0.9932  residual 8.015e-08
  [gamma] epoch  53250  gamma_ratio 0.9933  residual 7.806e-08
  [gamma] epoch  53500  gamma_ratio 0.9934  residual 7.739e-08
  [gamma] epoch  53750  gamma_ratio 0.9933  residual 7.491e-08
  [gamma] epoch  54000  gamma_ratio 0.9935  residual 7.490e-08
  [gamma] epoch  54250  gamma_ratio 0.9935  residual 7.235e-08
  [gamma] epoch  54500  gamma_ratio 0.9935  residual 7.138e-08
  [gamma] epoch  54750  gamma_ratio 0.9935  residual 7.023e-08
  [gamma] epoch  55000  gamma_ratio 0.9935  residual 6.964e-08
  [gamma] epoch  55250  gamma_ratio 0.9935  residual 6.877e-08
  [gamma] epoch  55500  gamma_ratio 0.9936  residual 6.826e-08
  [gamma] epoch  55750  gamma_ratio 0.9936  residual 6.723e-08
  [gamma] epoch  56000  gamma_ratio 0.9937  residual 6.664e-08
  [gamma] epoch  56250  gamma_ratio 0.9936  residual 6.634e-08
  [gamma] epoch  56500  gamma_ratio 0.9937  residual 6.540e-08
  [gamma] epoch  56750  gamma_ratio 0.9937  residual 6.497e-08
  [gamma] epoch  57000  gamma_ratio 0.9938  residual 6.607e-08
  [gamma] epoch  57250  gamma_ratio 0.9937  residual 6.394e-08
  [gamma] epoch  57500  gamma_ratio 0.9938  residual 6.357e-08
  [gamma] epoch  57750  gamma_ratio 0.9938  residual 6.311e-08
  [gamma] epoch  58000  gamma_ratio 0.9937  residual 6.285e-08
  [gamma] epoch  58250  gamma_ratio 0.9938  residual 6.236e-08
  [gamma] epoch  58500  gamma_ratio 0.9938  residual 6.207e-08
  [gamma] epoch  58750  gamma_ratio 0.9938  residual 6.165e-08
  [gamma] epoch  59000  gamma_ratio 0.9938  residual 6.129e-08
  [gamma] epoch  59250  gamma_ratio 0.9939  residual 6.177e-08
  [gamma] epoch  59500  gamma_ratio 0.9940  residual 6.352e-08
  [gamma] epoch  59750  gamma_ratio 0.9938  residual 6.068e-08
  [gamma] epoch  59999  gamma_ratio 0.9938  residual 6.180e-08
  [shape] epoch      0  rmse=0.1967  max_abs_dA=0.2715  int_signed_dA=4.157e-11  int_abs_dA=4.314e-11  A_min=0.1108  max_dA_fwd=-0.0001613
  [shape] epoch    250  rmse=0.02585  max_abs_dA=0.03923  int_signed_dA=5.595e-12  int_abs_dA=5.595e-12  A_min=0.01485  max_dA_fwd=-1.315e-05
  [shape] epoch    500  rmse=0.01247  max_abs_dA=0.01849  int_signed_dA=2.841e-12  int_abs_dA=2.841e-12  A_min=0.01155  max_dA_fwd=-1.095e-05
  [shape] epoch    750  rmse=0.01123  max_abs_dA=0.0171  int_signed_dA=2.423e-12  int_abs_dA=2.423e-12  A_min=0.007785  max_dA_fwd=-1.1e-05
  [shape] epoch   1000  rmse=0.009529  max_abs_dA=0.01522  int_signed_dA=2.013e-12  int_abs_dA=2.013e-12  A_min=0.005725  max_dA_fwd=-1.125e-05
  [shape] epoch   1250  rmse=0.00859  max_abs_dA=0.01421  int_signed_dA=1.771e-12  int_abs_dA=1.771e-12  A_min=0.004545  max_dA_fwd=-1.131e-05
  [shape] epoch   1500  rmse=0.007526  max_abs_dA=0.01268  int_signed_dA=1.534e-12  int_abs_dA=1.534e-12  A_min=0.003654  max_dA_fwd=-1.092e-05
  [shape] epoch   1750  rmse=0.00618  max_abs_dA=0.01074  int_signed_dA=1.225e-12  int_abs_dA=1.225e-12  A_min=0.002442  max_dA_fwd=-1.078e-05
  [shape] epoch   2000  rmse=0.005493  max_abs_dA=0.009512  int_signed_dA=1.088e-12  int_abs_dA=1.088e-12  A_min=0.002246  max_dA_fwd=-1.072e-05
  [shape] epoch   2250  rmse=0.005179  max_abs_dA=0.009081  int_signed_dA=1.007e-12  int_abs_dA=1.007e-12  A_min=0.001876  max_dA_fwd=-1.11e-05
  [shape] epoch   2500  rmse=0.004524  max_abs_dA=0.00812  int_signed_dA=8.499e-13  int_abs_dA=8.503e-13  A_min=0.001378  max_dA_fwd=-1.125e-05
  [shape] epoch   2750  rmse=0.004114  max_abs_dA=0.007324  int_signed_dA=7.765e-13  int_abs_dA=7.772e-13  A_min=0.00146  max_dA_fwd=0.000156
  [shape] epoch   3000  rmse=0.004483  max_abs_dA=0.008106  int_signed_dA=8.288e-13  int_abs_dA=8.323e-13  A_min=0.001177  max_dA_fwd=-1.154e-05
  [shape] epoch   3250  rmse=0.004381  max_abs_dA=0.008006  int_signed_dA=7.977e-13  int_abs_dA=8.056e-13  A_min=0.00103  max_dA_fwd=-1.139e-05
  [shape] epoch   3500  rmse=0.002797  max_abs_dA=0.005327  int_signed_dA=3.939e-13  int_abs_dA=5.217e-13  A_min=0.0002769  max_dA_fwd=8.358e-05
  [shape] epoch   3750  rmse=0.003978  max_abs_dA=0.007451  int_signed_dA=6.926e-13  int_abs_dA=7.165e-13  A_min=0.0007511  max_dA_fwd=-1.065e-05
  [shape] epoch   4000  rmse=0.002594  max_abs_dA=0.005105  int_signed_dA=3.472e-13  int_abs_dA=4.754e-13  A_min=0.0001174  max_dA_fwd=-9.805e-06
  [shape] epoch   4250  rmse=0.00354  max_abs_dA=0.006837  int_signed_dA=5.491e-13  int_abs_dA=6.377e-13  A_min=0.0001019  max_dA_fwd=-9.93e-06
  [shape] epoch   4500  rmse=0.003297  max_abs_dA=0.006434  int_signed_dA=4.932e-13  int_abs_dA=5.966e-13  A_min=5.159e-05  max_dA_fwd=-9.49e-06
  [shape] epoch   4750  rmse=0.003149  max_abs_dA=0.006195  int_signed_dA=4.421e-13  int_abs_dA=5.711e-13  A_min=-7.482e-05  max_dA_fwd=-9.138e-06
  [shape] epoch   5000  rmse=0.002997  max_abs_dA=0.005933  int_signed_dA=4.059e-13  int_abs_dA=5.431e-13  A_min=-4.559e-05  max_dA_fwd=-8.751e-06
  [shape] epoch   5250  rmse=0.002849  max_abs_dA=0.005685  int_signed_dA=3.839e-13  int_abs_dA=5.146e-13  A_min=8.565e-05  max_dA_fwd=-8.389e-06
  [shape] epoch   5500  rmse=0.002777  max_abs_dA=0.005552  int_signed_dA=3.919e-13  int_abs_dA=4.956e-13  A_min=0.0003565  max_dA_fwd=-8.061e-06
  [shape] epoch   5750  rmse=0.002802  max_abs_dA=0.005531  int_signed_dA=4.407e-13  int_abs_dA=4.919e-13  A_min=0.0008383  max_dA_fwd=-7.667e-06
  [shape] epoch   6000  rmse=0.002064  max_abs_dA=0.004262  int_signed_dA=2.686e-13  int_abs_dA=3.616e-13  A_min=0.0006604  max_dA_fwd=-7.197e-06
  [shape] epoch   6250  rmse=0.002182  max_abs_dA=0.004487  int_signed_dA=3.112e-13  int_abs_dA=3.78e-13  A_min=0.0008959  max_dA_fwd=-6.924e-06
  [shape] epoch   6500  rmse=0.002154  max_abs_dA=0.004472  int_signed_dA=3.136e-13  int_abs_dA=3.646e-13  A_min=0.00106  max_dA_fwd=-6.664e-06
  [shape] epoch   6750  rmse=0.002287  max_abs_dA=0.004672  int_signed_dA=3.464e-13  int_abs_dA=3.861e-13  A_min=0.001216  max_dA_fwd=-6.367e-06
  [shape] epoch   7000  rmse=0.002075  max_abs_dA=0.004344  int_signed_dA=3.201e-13  int_abs_dA=3.376e-13  A_min=0.001422  max_dA_fwd=-6.114e-06
  [shape] epoch   7250  rmse=0.002026  max_abs_dA=0.004211  int_signed_dA=3.275e-13  int_abs_dA=3.292e-13  A_min=0.001646  max_dA_fwd=-5.834e-06
  [shape] epoch   7500  rmse=0.002354  max_abs_dA=0.00479  int_signed_dA=4.052e-13  int_abs_dA=4.073e-13  A_min=0.001933  max_dA_fwd=-5.741e-06
  [shape] epoch   7750  rmse=0.002178  max_abs_dA=0.004536  int_signed_dA=3.662e-13  int_abs_dA=3.663e-13  A_min=0.001895  max_dA_fwd=-5.565e-06
  [shape] epoch   8000  rmse=0.001883  max_abs_dA=0.004019  int_signed_dA=3.059e-13  int_abs_dA=3.059e-13  A_min=0.001883  max_dA_fwd=-5.305e-06
  [shape] epoch   8250  rmse=0.001763  max_abs_dA=0.003807  int_signed_dA=2.816e-13  int_abs_dA=2.826e-13  A_min=0.001883  max_dA_fwd=-5.252e-06
  [shape] epoch   8500  rmse=0.001667  max_abs_dA=0.003618  int_signed_dA=2.753e-13  int_abs_dA=2.753e-13  A_min=0.002053  max_dA_fwd=-5.12e-06
  [shape] epoch   8750  rmse=0.001782  max_abs_dA=0.003737  int_signed_dA=3.253e-13  int_abs_dA=3.253e-13  A_min=0.002425  max_dA_fwd=-4.966e-06
  [shape] epoch   9000  rmse=0.001718  max_abs_dA=0.003697  int_signed_dA=3.003e-13  int_abs_dA=3.003e-13  A_min=0.002315  max_dA_fwd=-4.959e-06
  [shape] epoch   9250  rmse=0.001748  max_abs_dA=0.003833  int_signed_dA=2.841e-13  int_abs_dA=2.848e-13  A_min=0.002083  max_dA_fwd=-5.042e-06
  [shape] epoch   9500  rmse=0.001573  max_abs_dA=0.003469  int_signed_dA=2.648e-13  int_abs_dA=2.648e-13  A_min=0.002231  max_dA_fwd=-4.941e-06
  [shape] epoch   9750  rmse=0.001629  max_abs_dA=0.003598  int_signed_dA=2.761e-13  int_abs_dA=2.761e-13  A_min=0.00227  max_dA_fwd=-4.961e-06
  [shape] epoch  10000  rmse=0.001524  max_abs_dA=0.003421  int_signed_dA=2.499e-13  int_abs_dA=2.499e-13  A_min=0.002194  max_dA_fwd=-4.98e-06
  [shape] epoch  10250  rmse=0.001378  max_abs_dA=0.003064  int_signed_dA=2.378e-13  int_abs_dA=2.378e-13  A_min=0.002323  max_dA_fwd=-5.04e-06
  [shape] epoch  10500  rmse=0.0009457  max_abs_dA=0.00214  int_signed_dA=1.49e-13  int_abs_dA=1.614e-13  A_min=0.002345  max_dA_fwd=-4.825e-06
  [shape] epoch  10750  rmse=0.001372  max_abs_dA=0.003178  int_signed_dA=2.048e-13  int_abs_dA=2.161e-13  A_min=0.002063  max_dA_fwd=-5.133e-06
  [shape] epoch  11000  rmse=0.0008118  max_abs_dA=0.001899  int_signed_dA=9.38e-14  int_abs_dA=1.384e-13  A_min=0.002086  max_dA_fwd=-5.003e-06
  [shape] epoch  11250  rmse=0.001511  max_abs_dA=0.003461  int_signed_dA=2.343e-13  int_abs_dA=2.398e-13  A_min=0.002087  max_dA_fwd=-5.266e-06
  [shape] epoch  11500  rmse=0.001356  max_abs_dA=0.003146  int_signed_dA=2.009e-13  int_abs_dA=2.15e-13  A_min=0.002056  max_dA_fwd=-5.273e-06
  [shape] epoch  11750  rmse=0.001335  max_abs_dA=0.003096  int_signed_dA=2.13e-13  int_abs_dA=2.134e-13  A_min=0.00214  max_dA_fwd=-5.32e-06
  [shape] epoch  12000  rmse=0.001217  max_abs_dA=0.002809  int_signed_dA=2.001e-13  int_abs_dA=2.001e-13  A_min=0.002179  max_dA_fwd=-5.366e-06
  [shape] epoch  12250  rmse=0.001384  max_abs_dA=0.003211  int_signed_dA=2.125e-13  int_abs_dA=2.185e-13  A_min=0.002046  max_dA_fwd=-5.482e-06
  [shape] epoch  12500  rmse=0.001222  max_abs_dA=0.002842  int_signed_dA=2.001e-13  int_abs_dA=2.001e-13  A_min=0.002179  max_dA_fwd=-5.486e-06
  [shape] epoch  12750  rmse=0.001781  max_abs_dA=0.003777  int_signed_dA=3.36e-13  int_abs_dA=3.36e-13  A_min=0.002546  max_dA_fwd=-5.6e-06
  [shape] epoch  13000  rmse=0.001259  max_abs_dA=0.002876  int_signed_dA=2.168e-13  int_abs_dA=2.168e-13  A_min=0.002249  max_dA_fwd=-5.598e-06
  [shape] epoch  13250  rmse=0.001173  max_abs_dA=0.002692  int_signed_dA=2.037e-13  int_abs_dA=2.039e-13  A_min=0.002286  max_dA_fwd=-5.615e-06
  [shape] epoch  13500  rmse=0.001138  max_abs_dA=0.00262  int_signed_dA=1.96e-13  int_abs_dA=1.973e-13  A_min=0.002246  max_dA_fwd=-5.656e-06
  [shape] epoch  13750  rmse=0.001146  max_abs_dA=0.002655  int_signed_dA=1.945e-13  int_abs_dA=1.949e-13  A_min=0.002203  max_dA_fwd=-5.73e-06
  [shape] epoch  14000  rmse=0.001237  max_abs_dA=0.002814  int_signed_dA=2.172e-13  int_abs_dA=2.172e-13  A_min=0.002249  max_dA_fwd=-5.773e-06
  [shape] epoch  14250  rmse=0.001267  max_abs_dA=0.002861  int_signed_dA=2.261e-13  int_abs_dA=2.266e-13  A_min=0.002293  max_dA_fwd=-5.803e-06
  [shape] epoch  14500  rmse=0.001224  max_abs_dA=0.002842  int_signed_dA=2.017e-13  int_abs_dA=2.039e-13  A_min=0.002087  max_dA_fwd=-5.902e-06
  [shape] epoch  14750  rmse=0.001243  max_abs_dA=0.002837  int_signed_dA=2.143e-13  int_abs_dA=2.189e-13  A_min=0.00221  max_dA_fwd=-5.923e-06
  [shape] epoch  15000  rmse=0.001182  max_abs_dA=0.002533  int_signed_dA=2.282e-13  int_abs_dA=2.283e-13  A_min=0.002474  max_dA_fwd=-5.904e-06
  [shape] epoch  15250  rmse=0.001064  max_abs_dA=0.002367  int_signed_dA=1.975e-13  int_abs_dA=1.988e-13  A_min=0.002333  max_dA_fwd=-5.923e-06
  [shape] epoch  15500  rmse=0.001182  max_abs_dA=0.002617  int_signed_dA=2.213e-13  int_abs_dA=2.213e-13  A_min=0.002363  max_dA_fwd=-5.955e-06
  [shape] epoch  15750  rmse=0.001109  max_abs_dA=0.002484  int_signed_dA=2.034e-13  int_abs_dA=2.036e-13  A_min=0.002296  max_dA_fwd=-5.988e-06
  [shape] epoch  16000  rmse=0.001222  max_abs_dA=0.002575  int_signed_dA=2.383e-13  int_abs_dA=2.384e-13  A_min=0.002531  max_dA_fwd=-5.988e-06
  [shape] epoch  16250  rmse=0.001177  max_abs_dA=0.002513  int_signed_dA=2.288e-13  int_abs_dA=2.288e-13  A_min=0.002434  max_dA_fwd=-6.051e-06
  [shape] epoch  16500  rmse=0.001231  max_abs_dA=0.002587  int_signed_dA=2.436e-13  int_abs_dA=2.436e-13  A_min=0.002479  max_dA_fwd=-6.069e-06
  [shape] epoch  16750  rmse=0.001135  max_abs_dA=0.002357  int_signed_dA=2.265e-13  int_abs_dA=2.268e-13  A_min=0.002506  max_dA_fwd=-6.069e-06
  [shape] epoch  17000  rmse=0.001227  max_abs_dA=0.00257  int_signed_dA=2.434e-13  int_abs_dA=2.434e-13  A_min=0.00248  max_dA_fwd=-6.126e-06
  [shape] epoch  17250  rmse=0.001334  max_abs_dA=0.00285  int_signed_dA=2.566e-13  int_abs_dA=2.568e-13  A_min=0.002393  max_dA_fwd=-6.193e-06
  [shape] epoch  17500  rmse=0.00098  max_abs_dA=0.002023  int_signed_dA=1.943e-13  int_abs_dA=1.979e-13  A_min=0.002453  max_dA_fwd=-6.134e-06
  [shape] epoch  17750  rmse=0.001084  max_abs_dA=0.002283  int_signed_dA=2.148e-13  int_abs_dA=2.15e-13  A_min=0.002418  max_dA_fwd=-6.19e-06
  [shape] epoch  18000  rmse=0.0009561  max_abs_dA=0.002037  int_signed_dA=1.838e-13  int_abs_dA=1.867e-13  A_min=0.002367  max_dA_fwd=-6.212e-06
  [shape] epoch  18250  rmse=0.001052  max_abs_dA=0.002221  int_signed_dA=2.066e-13  int_abs_dA=2.069e-13  A_min=0.002391  max_dA_fwd=-6.255e-06
  [shape] epoch  18500  rmse=0.00116  max_abs_dA=0.002219  int_signed_dA=2.441e-13  int_abs_dA=2.443e-13  A_min=0.002586  max_dA_fwd=-6.238e-06
  [shape] epoch  18750  rmse=0.001155  max_abs_dA=0.002532  int_signed_dA=2.168e-13  int_abs_dA=2.169e-13  A_min=0.002224  max_dA_fwd=-6.349e-06
  [shape] epoch  19000  rmse=0.001024  max_abs_dA=0.002157  int_signed_dA=2.029e-13  int_abs_dA=2.033e-13  A_min=0.002326  max_dA_fwd=-6.349e-06
  [shape] epoch  19250  rmse=0.001024  max_abs_dA=0.002126  int_signed_dA=2.049e-13  int_abs_dA=2.051e-13  A_min=0.002365  max_dA_fwd=-6.333e-06
  [shape] epoch  19500  rmse=0.001009  max_abs_dA=0.002045  int_signed_dA=2.046e-13  int_abs_dA=2.053e-13  A_min=0.002404  max_dA_fwd=-6.334e-06
  [shape] epoch  19750  rmse=0.00105  max_abs_dA=0.002145  int_signed_dA=2.125e-13  int_abs_dA=2.125e-13  A_min=0.002379  max_dA_fwd=-6.378e-06
  [shape] epoch  20000  rmse=0.001208  max_abs_dA=0.00246  int_signed_dA=2.433e-13  int_abs_dA=2.433e-13  A_min=0.002403  max_dA_fwd=-6.42e-06
  [shape] epoch  20250  rmse=0.001118  max_abs_dA=0.002238  int_signed_dA=2.295e-13  int_abs_dA=2.295e-13  A_min=0.002429  max_dA_fwd=-6.406e-06
  [shape] epoch  20500  rmse=0.0007361  max_abs_dA=0.001489  int_signed_dA=1.471e-13  int_abs_dA=1.514e-13  A_min=0.00229  max_dA_fwd=-6.351e-06
  [shape] epoch  20750  rmse=0.0009265  max_abs_dA=0.001938  int_signed_dA=1.848e-13  int_abs_dA=1.848e-13  A_min=0.002251  max_dA_fwd=-6.423e-06
  [shape] epoch  21000  rmse=0.0008801  max_abs_dA=0.001803  int_signed_dA=1.762e-13  int_abs_dA=1.781e-13  A_min=0.002267  max_dA_fwd=-6.465e-06
  [shape] epoch  21250  rmse=0.001118  max_abs_dA=0.002239  int_signed_dA=2.27e-13  int_abs_dA=2.271e-13  A_min=0.002381  max_dA_fwd=-6.465e-06
  [shape] epoch  21500  rmse=0.001019  max_abs_dA=0.002026  int_signed_dA=2.095e-13  int_abs_dA=2.095e-13  A_min=0.002357  max_dA_fwd=-6.451e-06
  [shape] epoch  21750  rmse=0.00101  max_abs_dA=0.001886  int_signed_dA=2.125e-13  int_abs_dA=2.138e-13  A_min=0.002494  max_dA_fwd=-6.43e-06
  [shape] epoch  22000  rmse=0.0008993  max_abs_dA=0.001846  int_signed_dA=1.765e-13  int_abs_dA=1.796e-13  A_min=0.002253  max_dA_fwd=-6.468e-06
  [shape] epoch  22250  rmse=0.0009655  max_abs_dA=0.001716  int_signed_dA=2.051e-13  int_abs_dA=2.077e-13  A_min=0.002497  max_dA_fwd=-6.437e-06
  [shape] epoch  22500  rmse=0.0009313  max_abs_dA=0.001703  int_signed_dA=1.979e-13  int_abs_dA=1.994e-13  A_min=0.002461  max_dA_fwd=-6.407e-06
  [shape] epoch  22750  rmse=0.00103  max_abs_dA=0.001809  int_signed_dA=2.195e-13  int_abs_dA=2.219e-13  A_min=0.002538  max_dA_fwd=-6.447e-06
  [shape] epoch  23000  rmse=0.0008581  max_abs_dA=0.001616  int_signed_dA=1.779e-13  int_abs_dA=1.807e-13  A_min=0.002351  max_dA_fwd=-6.447e-06
  [shape] epoch  23250  rmse=0.001139  max_abs_dA=0.002153  int_signed_dA=2.386e-13  int_abs_dA=2.386e-13  A_min=0.00241  max_dA_fwd=-6.523e-06
  [shape] epoch  23500  rmse=0.0009972  max_abs_dA=0.001821  int_signed_dA=2.101e-13  int_abs_dA=2.109e-13  A_min=0.002433  max_dA_fwd=-6.465e-06
  [shape] epoch  23750  rmse=0.0009465  max_abs_dA=0.001797  int_signed_dA=1.968e-13  int_abs_dA=1.973e-13  A_min=0.002333  max_dA_fwd=-6.472e-06
  [shape] epoch  24000  rmse=0.0009839  max_abs_dA=0.001956  int_signed_dA=1.967e-13  int_abs_dA=1.99e-13  A_min=0.002241  max_dA_fwd=-6.501e-06
  [shape] epoch  24250  rmse=0.0009864  max_abs_dA=0.001809  int_signed_dA=2.075e-13  int_abs_dA=2.078e-13  A_min=0.00239  max_dA_fwd=-6.464e-06
  [shape] epoch  24500  rmse=0.0009428  max_abs_dA=0.00189  int_signed_dA=1.889e-13  int_abs_dA=1.9e-13  A_min=0.002188  max_dA_fwd=-6.491e-06
  [shape] epoch  24750  rmse=0.0009975  max_abs_dA=0.00183  int_signed_dA=2.075e-13  int_abs_dA=2.085e-13  A_min=0.002368  max_dA_fwd=-6.488e-06
  [shape] epoch  25000  rmse=0.0009564  max_abs_dA=0.001736  int_signed_dA=2.006e-13  int_abs_dA=2.016e-13  A_min=0.002364  max_dA_fwd=-6.472e-06
  [shape] epoch  25250  rmse=0.001006  max_abs_dA=0.001845  int_signed_dA=2.103e-13  int_abs_dA=2.104e-13  A_min=0.002346  max_dA_fwd=-6.492e-06
  [shape] epoch  25500  rmse=0.00106  max_abs_dA=0.002005  int_signed_dA=2.182e-13  int_abs_dA=2.19e-13  A_min=0.002295  max_dA_fwd=-6.514e-06
  [shape] epoch  25750  rmse=0.0009455  max_abs_dA=0.001794  int_signed_dA=1.943e-13  int_abs_dA=1.947e-13  A_min=0.00224  max_dA_fwd=-6.516e-06
  [shape] epoch  26000  rmse=0.0008184  max_abs_dA=0.00151  int_signed_dA=1.693e-13  int_abs_dA=1.707e-13  A_min=0.002228  max_dA_fwd=-6.475e-06
  [shape] epoch  26250  rmse=0.001052  max_abs_dA=0.001725  int_signed_dA=2.258e-13  int_abs_dA=2.275e-13  A_min=0.002508  max_dA_fwd=-6.47e-06
  [shape] epoch  26500  rmse=0.0009521  max_abs_dA=0.001704  int_signed_dA=1.995e-13  int_abs_dA=2.001e-13  A_min=0.002309  max_dA_fwd=-6.494e-06
  [shape] epoch  26750  rmse=0.001059  max_abs_dA=0.001888  int_signed_dA=2.223e-13  int_abs_dA=2.223e-13  A_min=0.002361  max_dA_fwd=-6.497e-06
  [shape] epoch  27000  rmse=0.00102  max_abs_dA=0.001806  int_signed_dA=2.133e-13  int_abs_dA=2.136e-13  A_min=0.002346  max_dA_fwd=-6.506e-06
  [shape] epoch  27250  rmse=0.000922  max_abs_dA=0.001745  int_signed_dA=1.828e-13  int_abs_dA=1.878e-13  A_min=0.00216  max_dA_fwd=-6.538e-06
  [shape] epoch  27500  rmse=0.0008772  max_abs_dA=0.001659  int_signed_dA=1.749e-13  int_abs_dA=1.791e-13  A_min=0.002141  max_dA_fwd=-6.534e-06
  [shape] epoch  27750  rmse=0.0008711  max_abs_dA=0.001516  int_signed_dA=1.848e-13  int_abs_dA=1.85e-13  A_min=0.002262  max_dA_fwd=-6.509e-06
  [shape] epoch  28000  rmse=0.0009929  max_abs_dA=0.001708  int_signed_dA=2.106e-13  int_abs_dA=2.107e-13  A_min=0.002319  max_dA_fwd=-6.529e-06
  [shape] epoch  28250  rmse=0.0009803  max_abs_dA=0.001665  int_signed_dA=2.084e-13  int_abs_dA=2.088e-13  A_min=0.002316  max_dA_fwd=-6.545e-06
  [shape] epoch  28500  rmse=0.00108  max_abs_dA=0.001762  int_signed_dA=2.316e-13  int_abs_dA=2.319e-13  A_min=0.00244  max_dA_fwd=-6.533e-06
  [shape] epoch  28750  rmse=0.0009543  max_abs_dA=0.001634  int_signed_dA=2.016e-13  int_abs_dA=2.019e-13  A_min=0.002273  max_dA_fwd=-6.553e-06
  [shape] epoch  29000  rmse=0.0009686  max_abs_dA=0.001506  int_signed_dA=2.072e-13  int_abs_dA=2.099e-13  A_min=0.002391  max_dA_fwd=-6.546e-06
  [shape] epoch  29250  rmse=0.0009427  max_abs_dA=0.001577  int_signed_dA=1.998e-13  int_abs_dA=2.004e-13  A_min=0.002282  max_dA_fwd=-6.554e-06
  [shape] epoch  29500  rmse=0.0009322  max_abs_dA=0.00154  int_signed_dA=1.963e-13  int_abs_dA=1.979e-13  A_min=0.002273  max_dA_fwd=-6.572e-06
  [shape] epoch  29750  rmse=0.0009212  max_abs_dA=0.001511  int_signed_dA=1.944e-13  int_abs_dA=1.96e-13  A_min=0.002265  max_dA_fwd=-6.574e-06
  [shape] epoch  30000  rmse=0.0008658  max_abs_dA=0.001419  int_signed_dA=1.831e-13  int_abs_dA=1.845e-13  A_min=0.002228  max_dA_fwd=-6.57e-06
  [shape] epoch  30250  rmse=0.0009187  max_abs_dA=0.001557  int_signed_dA=1.926e-13  int_abs_dA=1.93e-13  A_min=0.002207  max_dA_fwd=-6.594e-06
  [shape] epoch  30500  rmse=0.0008685  max_abs_dA=0.001362  int_signed_dA=1.84e-13  int_abs_dA=1.864e-13  A_min=0.002254  max_dA_fwd=-6.584e-06
  [shape] epoch  30750  rmse=0.0008972  max_abs_dA=0.001424  int_signed_dA=1.909e-13  int_abs_dA=1.922e-13  A_min=0.002248  max_dA_fwd=-6.602e-06
  [shape] epoch  31000  rmse=0.0009951  max_abs_dA=0.001527  int_signed_dA=2.12e-13  int_abs_dA=2.14e-13  A_min=0.002346  max_dA_fwd=-6.607e-06
  [shape] epoch  31250  rmse=0.0009414  max_abs_dA=0.001585  int_signed_dA=1.958e-13  int_abs_dA=1.961e-13  A_min=0.002169  max_dA_fwd=-6.641e-06
  [shape] epoch  31500  rmse=0.0009174  max_abs_dA=0.001471  int_signed_dA=1.936e-13  int_abs_dA=1.945e-13  A_min=0.00221  max_dA_fwd=-6.636e-06
  [shape] epoch  31750  rmse=0.0009513  max_abs_dA=0.001504  int_signed_dA=2.021e-13  int_abs_dA=2.029e-13  A_min=0.002255  max_dA_fwd=-6.626e-06
  [shape] epoch  32000  rmse=0.0008935  max_abs_dA=0.001508  int_signed_dA=1.862e-13  int_abs_dA=1.868e-13  A_min=0.00211  max_dA_fwd=-6.646e-06
  [shape] epoch  32250  rmse=0.0009709  max_abs_dA=0.001536  int_signed_dA=2.064e-13  int_abs_dA=2.067e-13  A_min=0.002233  max_dA_fwd=-6.651e-06
  [shape] epoch  32500  rmse=0.0009182  max_abs_dA=0.001584  int_signed_dA=1.862e-13  int_abs_dA=1.886e-13  A_min=0.002054  max_dA_fwd=-6.695e-06
  [shape] epoch  32750  rmse=0.000909  max_abs_dA=0.001428  int_signed_dA=1.918e-13  int_abs_dA=1.926e-13  A_min=0.002187  max_dA_fwd=-6.659e-06
  [shape] epoch  33000  rmse=0.0008499  max_abs_dA=0.001337  int_signed_dA=1.775e-13  int_abs_dA=1.788e-13  A_min=0.002125  max_dA_fwd=-6.679e-06
  [shape] epoch  33250  rmse=0.0009606  max_abs_dA=0.001469  int_signed_dA=2.04e-13  int_abs_dA=2.045e-13  A_min=0.002233  max_dA_fwd=-6.679e-06
  [shape] epoch  33500  rmse=0.0009  max_abs_dA=0.001505  int_signed_dA=1.84e-13  int_abs_dA=1.865e-13  A_min=0.002054  max_dA_fwd=-6.709e-06
  [shape] epoch  33750  rmse=0.0008732  max_abs_dA=0.001367  int_signed_dA=1.827e-13  int_abs_dA=1.835e-13  A_min=0.002128  max_dA_fwd=-6.697e-06
  [shape] epoch  34000  rmse=0.0009163  max_abs_dA=0.00143  int_signed_dA=1.933e-13  int_abs_dA=1.935e-13  A_min=0.002145  max_dA_fwd=-6.703e-06
  [shape] epoch  34250  rmse=0.0008541  max_abs_dA=0.001338  int_signed_dA=1.794e-13  int_abs_dA=1.805e-13  A_min=0.002116  max_dA_fwd=-6.706e-06
  [shape] epoch  34500  rmse=0.0009468  max_abs_dA=0.001485  int_signed_dA=1.974e-13  int_abs_dA=1.977e-13  A_min=0.00214  max_dA_fwd=-6.729e-06
  [shape] epoch  34750  rmse=0.0009034  max_abs_dA=0.001412  int_signed_dA=1.903e-13  int_abs_dA=1.913e-13  A_min=0.002143  max_dA_fwd=-6.711e-06
  [shape] epoch  35000  rmse=0.0009302  max_abs_dA=0.001471  int_signed_dA=1.939e-13  int_abs_dA=1.947e-13  A_min=0.00209  max_dA_fwd=-6.742e-06
  [shape] epoch  35250  rmse=0.0008656  max_abs_dA=0.00137  int_signed_dA=1.803e-13  int_abs_dA=1.813e-13  A_min=0.002092  max_dA_fwd=-6.729e-06
  [shape] epoch  35500  rmse=0.0008452  max_abs_dA=0.001366  int_signed_dA=1.717e-13  int_abs_dA=1.747e-13  A_min=0.001999  max_dA_fwd=-6.754e-06
  [shape] epoch  35750  rmse=0.0009306  max_abs_dA=0.001446  int_signed_dA=1.968e-13  int_abs_dA=1.971e-13  A_min=0.002153  max_dA_fwd=-6.742e-06
  [shape] epoch  36000  rmse=0.0009196  max_abs_dA=0.001432  int_signed_dA=1.945e-13  int_abs_dA=1.953e-13  A_min=0.002153  max_dA_fwd=-6.743e-06
  [shape] epoch  36250  rmse=0.0008972  max_abs_dA=0.001415  int_signed_dA=1.886e-13  int_abs_dA=1.889e-13  A_min=0.002099  max_dA_fwd=-6.761e-06
  [shape] epoch  36500  rmse=0.0009036  max_abs_dA=0.001413  int_signed_dA=1.902e-13  int_abs_dA=1.911e-13  A_min=0.002134  max_dA_fwd=-6.759e-06
  [shape] epoch  36750  rmse=0.000915  max_abs_dA=0.001436  int_signed_dA=1.929e-13  int_abs_dA=1.933e-13  A_min=0.002121  max_dA_fwd=-6.769e-06
  [shape] epoch  37000  rmse=0.0008871  max_abs_dA=0.001398  int_signed_dA=1.866e-13  int_abs_dA=1.879e-13  A_min=0.00211  max_dA_fwd=-6.772e-06
  [shape] epoch  37250  rmse=0.0009067  max_abs_dA=0.001422  int_signed_dA=1.914e-13  int_abs_dA=1.921e-13  A_min=0.002123  max_dA_fwd=-6.777e-06
  [shape] epoch  37500  rmse=0.0009201  max_abs_dA=0.001447  int_signed_dA=1.937e-13  int_abs_dA=1.944e-13  A_min=0.002121  max_dA_fwd=-6.789e-06
  [shape] epoch  37750  rmse=0.000876  max_abs_dA=0.001356  int_signed_dA=1.849e-13  int_abs_dA=1.873e-13  A_min=0.002158  max_dA_fwd=-6.776e-06
  [shape] epoch  38000  rmse=0.0009088  max_abs_dA=0.001438  int_signed_dA=1.91e-13  int_abs_dA=1.916e-13  A_min=0.002095  max_dA_fwd=-6.807e-06
  [shape] epoch  38250  rmse=0.0009465  max_abs_dA=0.001476  int_signed_dA=1.997e-13  int_abs_dA=2.007e-13  A_min=0.00216  max_dA_fwd=-6.805e-06
  [shape] epoch  38500  rmse=0.000945  max_abs_dA=0.00149  int_signed_dA=1.989e-13  int_abs_dA=1.993e-13  A_min=0.002116  max_dA_fwd=-6.822e-06
  [shape] epoch  38750  rmse=0.0009473  max_abs_dA=0.001506  int_signed_dA=1.979e-13  int_abs_dA=1.982e-13  A_min=0.002069  max_dA_fwd=-6.844e-06
  [shape] epoch  39000  rmse=0.0009025  max_abs_dA=0.001442  int_signed_dA=1.891e-13  int_abs_dA=1.896e-13  A_min=0.002061  max_dA_fwd=-6.84e-06
  [shape] epoch  39250  rmse=0.0009094  max_abs_dA=0.001451  int_signed_dA=1.899e-13  int_abs_dA=1.908e-13  A_min=0.002076  max_dA_fwd=-6.836e-06
  [shape] epoch  39500  rmse=0.0009321  max_abs_dA=0.001489  int_signed_dA=1.947e-13  int_abs_dA=1.951e-13  A_min=0.002073  max_dA_fwd=-6.854e-06
  [shape] epoch  39750  rmse=0.0009113  max_abs_dA=0.001459  int_signed_dA=1.906e-13  int_abs_dA=1.913e-13  A_min=0.002065  max_dA_fwd=-6.854e-06
  [shape] epoch  40000  rmse=0.0009006  max_abs_dA=0.001433  int_signed_dA=1.886e-13  int_abs_dA=1.902e-13  A_min=0.002089  max_dA_fwd=-6.85e-06
  [shape] epoch  40250  rmse=0.0009051  max_abs_dA=0.001458  int_signed_dA=1.885e-13  int_abs_dA=1.893e-13  A_min=0.002045  max_dA_fwd=-6.87e-06
  [shape] epoch  40500  rmse=0.0009474  max_abs_dA=0.001499  int_signed_dA=2.003e-13  int_abs_dA=2.007e-13  A_min=0.002109  max_dA_fwd=-6.873e-06
  [shape] epoch  40750  rmse=0.0009772  max_abs_dA=0.001554  int_signed_dA=2.052e-13  int_abs_dA=2.053e-13  A_min=0.002093  max_dA_fwd=-6.889e-06
  [shape] epoch  41000  rmse=0.0009071  max_abs_dA=0.001464  int_signed_dA=1.889e-13  int_abs_dA=1.894e-13  A_min=0.002035  max_dA_fwd=-6.891e-06
  [shape] epoch  41250  rmse=0.0009294  max_abs_dA=0.0015  int_signed_dA=1.927e-13  int_abs_dA=1.935e-13  A_min=0.002045  max_dA_fwd=-6.902e-06
  [shape] epoch  41500  rmse=0.0009931  max_abs_dA=0.001587  int_signed_dA=2.081e-13  int_abs_dA=2.082e-13  A_min=0.002081  max_dA_fwd=-6.911e-06
  [shape] epoch  41750  rmse=0.0008868  max_abs_dA=0.001453  int_signed_dA=1.828e-13  int_abs_dA=1.834e-13  A_min=0.001982  max_dA_fwd=-6.918e-06
  [shape] epoch  42000  rmse=0.0009324  max_abs_dA=0.001502  int_signed_dA=1.942e-13  int_abs_dA=1.951e-13  A_min=0.002056  max_dA_fwd=-6.915e-06
  [shape] epoch  42250  rmse=0.0009272  max_abs_dA=0.001508  int_signed_dA=1.92e-13  int_abs_dA=1.925e-13  A_min=0.002015  max_dA_fwd=-6.931e-06
  [shape] epoch  42500  rmse=0.0009033  max_abs_dA=0.001473  int_signed_dA=1.862e-13  int_abs_dA=1.871e-13  A_min=0.002008  max_dA_fwd=-6.935e-06
  [shape] epoch  42750  rmse=0.0008984  max_abs_dA=0.001471  int_signed_dA=1.855e-13  int_abs_dA=1.863e-13  A_min=0.001993  max_dA_fwd=-6.943e-06
  [shape] epoch  43000  rmse=0.000951  max_abs_dA=0.001533  int_signed_dA=1.984e-13  int_abs_dA=1.991e-13  A_min=0.002055  max_dA_fwd=-6.946e-06
  [shape] epoch  43250  rmse=0.0009526  max_abs_dA=0.001541  int_signed_dA=1.98e-13  int_abs_dA=1.987e-13  A_min=0.002047  max_dA_fwd=-6.952e-06
  [shape] epoch  43500  rmse=0.0009327  max_abs_dA=0.001522  int_signed_dA=1.928e-13  int_abs_dA=1.937e-13  A_min=0.002013  max_dA_fwd=-6.962e-06
  [shape] epoch  43750  rmse=0.0009302  max_abs_dA=0.001511  int_signed_dA=1.932e-13  int_abs_dA=1.942e-13  A_min=0.00203  max_dA_fwd=-6.965e-06
  [shape] epoch  44000  rmse=0.0009122  max_abs_dA=0.001495  int_signed_dA=1.882e-13  int_abs_dA=1.889e-13  A_min=0.001992  max_dA_fwd=-6.977e-06
  [shape] epoch  44250  rmse=0.0009285  max_abs_dA=0.001528  int_signed_dA=1.911e-13  int_abs_dA=1.915e-13  A_min=0.001975  max_dA_fwd=-6.985e-06
  [shape] epoch  44500  rmse=0.0008663  max_abs_dA=0.001442  int_signed_dA=1.762e-13  int_abs_dA=1.775e-13  A_min=0.001938  max_dA_fwd=-6.991e-06
  [shape] epoch  44750  rmse=0.0009131  max_abs_dA=0.001513  int_signed_dA=1.873e-13  int_abs_dA=1.876e-13  A_min=0.001948  max_dA_fwd=-7.005e-06
  [shape] epoch  45000  rmse=0.0009333  max_abs_dA=0.001537  int_signed_dA=1.918e-13  int_abs_dA=1.926e-13  A_min=0.001981  max_dA_fwd=-7.005e-06
  [shape] epoch  45250  rmse=0.000919  max_abs_dA=0.001517  int_signed_dA=1.887e-13  int_abs_dA=1.896e-13  A_min=0.001974  max_dA_fwd=-7.008e-06
  [shape] epoch  45500  rmse=0.0009377  max_abs_dA=0.001537  int_signed_dA=1.934e-13  int_abs_dA=1.945e-13  A_min=0.002005  max_dA_fwd=-7.009e-06
  [shape] epoch  45750  rmse=0.00093  max_abs_dA=0.00154  int_signed_dA=1.904e-13  int_abs_dA=1.909e-13  A_min=0.001958  max_dA_fwd=-7.024e-06
  [shape] epoch  46000  rmse=0.0009087  max_abs_dA=0.001507  int_signed_dA=1.861e-13  int_abs_dA=1.87e-13  A_min=0.001956  max_dA_fwd=-7.026e-06
  [shape] epoch  46250  rmse=0.000946  max_abs_dA=0.001557  int_signed_dA=1.951e-13  int_abs_dA=1.957e-13  A_min=0.001988  max_dA_fwd=-7.028e-06
  [shape] epoch  46500  rmse=0.0009776  max_abs_dA=0.001592  int_signed_dA=2.026e-13  int_abs_dA=2.036e-13  A_min=0.002037  max_dA_fwd=-7.029e-06
  [shape] epoch  46750  rmse=0.0009225  max_abs_dA=0.001532  int_signed_dA=1.889e-13  int_abs_dA=1.897e-13  A_min=0.001955  max_dA_fwd=-7.041e-06
  [shape] epoch  47000  rmse=0.0009279  max_abs_dA=0.001541  int_signed_dA=1.898e-13  int_abs_dA=1.905e-13  A_min=0.001954  max_dA_fwd=-7.047e-06
  [shape] epoch  47250  rmse=0.000929  max_abs_dA=0.001546  int_signed_dA=1.899e-13  int_abs_dA=1.906e-13  A_min=0.001947  max_dA_fwd=-7.054e-06
  [shape] epoch  47500  rmse=0.0009415  max_abs_dA=0.001557  int_signed_dA=1.933e-13  int_abs_dA=1.943e-13  A_min=0.001977  max_dA_fwd=-7.052e-06
  [shape] epoch  47750  rmse=0.0009323  max_abs_dA=0.001551  int_signed_dA=1.904e-13  int_abs_dA=1.913e-13  A_min=0.001954  max_dA_fwd=-7.06e-06
  [shape] epoch  48000  rmse=0.0009187  max_abs_dA=0.001536  int_signed_dA=1.87e-13  int_abs_dA=1.879e-13  A_min=0.001934  max_dA_fwd=-7.068e-06
  [shape] epoch  48250  rmse=0.0009303  max_abs_dA=0.001554  int_signed_dA=1.895e-13  int_abs_dA=1.903e-13  A_min=0.001935  max_dA_fwd=-7.073e-06
  [shape] epoch  48500  rmse=0.0009256  max_abs_dA=0.001549  int_signed_dA=1.884e-13  int_abs_dA=1.892e-13  A_min=0.00193  max_dA_fwd=-7.077e-06
  [shape] epoch  48750  rmse=0.0009339  max_abs_dA=0.001558  int_signed_dA=1.908e-13  int_abs_dA=1.914e-13  A_min=0.001942  max_dA_fwd=-7.081e-06
  [shape] epoch  49000  rmse=0.0009303  max_abs_dA=0.001558  int_signed_dA=1.894e-13  int_abs_dA=1.9e-13  A_min=0.001926  max_dA_fwd=-7.086e-06
  [shape] epoch  49250  rmse=0.0009298  max_abs_dA=0.001559  int_signed_dA=1.89e-13  int_abs_dA=1.897e-13  A_min=0.001924  max_dA_fwd=-7.09e-06
  [shape] epoch  49500  rmse=0.0009242  max_abs_dA=0.001555  int_signed_dA=1.873e-13  int_abs_dA=1.879e-13  A_min=0.001908  max_dA_fwd=-7.096e-06
  [shape] epoch  49750  rmse=0.0009202  max_abs_dA=0.001549  int_signed_dA=1.868e-13  int_abs_dA=1.874e-13  A_min=0.001907  max_dA_fwd=-7.098e-06
  [shape] epoch  50000  rmse=0.0009299  max_abs_dA=0.001565  int_signed_dA=1.884e-13  int_abs_dA=1.89e-13  A_min=0.001908  max_dA_fwd=-7.103e-06
  [shape] epoch  50250  rmse=0.0009365  max_abs_dA=0.001575  int_signed_dA=1.9e-13  int_abs_dA=1.905e-13  A_min=0.00191  max_dA_fwd=-7.107e-06
  [shape] epoch  50500  rmse=0.0009831  max_abs_dA=0.001628  int_signed_dA=1.995e-13  int_abs_dA=2.008e-13  A_min=0.001998  max_dA_fwd=-7.156e-06
  [shape] epoch  50750  rmse=0.001076  max_abs_dA=0.00173  int_signed_dA=2.17e-13  int_abs_dA=2.204e-13  A_min=0.002135  max_dA_fwd=-7.305e-06
  [shape] epoch  51000  rmse=0.001176  max_abs_dA=0.001849  int_signed_dA=2.322e-13  int_abs_dA=2.39e-13  A_min=0.002224  max_dA_fwd=-7.595e-06
  [shape] epoch  51250  rmse=0.001306  max_abs_dA=0.001965  int_signed_dA=2.439e-13  int_abs_dA=2.689e-13  A_min=0.002412  max_dA_fwd=-8.216e-06
  [shape] epoch  51500  rmse=0.001254  max_abs_dA=0.00192  int_signed_dA=2.385e-13  int_abs_dA=2.533e-13  A_min=0.002262  max_dA_fwd=-8.79e-06
  [shape] epoch  51750  rmse=0.001223  max_abs_dA=0.001891  int_signed_dA=2.373e-13  int_abs_dA=2.446e-13  A_min=0.002171  max_dA_fwd=-8.955e-06
  [shape] epoch  52000  rmse=0.001194  max_abs_dA=0.00186  int_signed_dA=2.337e-13  int_abs_dA=2.377e-13  A_min=0.002102  max_dA_fwd=-9.01e-06
  [shape] epoch  52250  rmse=0.001176  max_abs_dA=0.001839  int_signed_dA=2.315e-13  int_abs_dA=2.339e-13  A_min=0.002056  max_dA_fwd=-9.02e-06
  [shape] epoch  52500  rmse=0.00117  max_abs_dA=0.001832  int_signed_dA=2.316e-13  int_abs_dA=2.335e-13  A_min=0.002034  max_dA_fwd=-9.013e-06
  [shape] epoch  52750  rmse=0.001122  max_abs_dA=0.001779  int_signed_dA=2.227e-13  int_abs_dA=2.237e-13  A_min=0.001943  max_dA_fwd=-9.014e-06
  [shape] epoch  53000  rmse=0.001147  max_abs_dA=0.001808  int_signed_dA=2.286e-13  int_abs_dA=2.299e-13  A_min=0.001974  max_dA_fwd=-8.989e-06
  [shape] epoch  53250  rmse=0.001125  max_abs_dA=0.001783  int_signed_dA=2.242e-13  int_abs_dA=2.254e-13  A_min=0.001936  max_dA_fwd=-8.977e-06
  [shape] epoch  53500  rmse=0.001112  max_abs_dA=0.001768  int_signed_dA=2.215e-13  int_abs_dA=2.228e-13  A_min=0.001916  max_dA_fwd=-8.963e-06
  [shape] epoch  53750  rmse=0.001116  max_abs_dA=0.001773  int_signed_dA=2.233e-13  int_abs_dA=2.243e-13  A_min=0.001906  max_dA_fwd=-8.948e-06
  [shape] epoch  54000  rmse=0.001087  max_abs_dA=0.001741  int_signed_dA=2.171e-13  int_abs_dA=2.179e-13  A_min=0.00185  max_dA_fwd=-8.944e-06
  [shape] epoch  54250  rmse=0.001093  max_abs_dA=0.001748  int_signed_dA=2.185e-13  int_abs_dA=2.194e-13  A_min=0.001858  max_dA_fwd=-8.929e-06
  [shape] epoch  54500  rmse=0.001089  max_abs_dA=0.001743  int_signed_dA=2.179e-13  int_abs_dA=2.187e-13  A_min=0.001843  max_dA_fwd=-8.92e-06
  [shape] epoch  54750  rmse=0.001083  max_abs_dA=0.001737  int_signed_dA=2.167e-13  int_abs_dA=2.175e-13  A_min=0.001831  max_dA_fwd=-8.912e-06
  [shape] epoch  55000  rmse=0.001088  max_abs_dA=0.001743  int_signed_dA=2.182e-13  int_abs_dA=2.189e-13  A_min=0.001832  max_dA_fwd=-8.902e-06
  [shape] epoch  55250  rmse=0.001084  max_abs_dA=0.001738  int_signed_dA=2.177e-13  int_abs_dA=2.183e-13  A_min=0.00182  max_dA_fwd=-8.896e-06
  [shape] epoch  55500  rmse=0.001068  max_abs_dA=0.00172  int_signed_dA=2.135e-13  int_abs_dA=2.142e-13  A_min=0.001789  max_dA_fwd=-8.898e-06
  [shape] epoch  55750  rmse=0.001065  max_abs_dA=0.001717  int_signed_dA=2.129e-13  int_abs_dA=2.136e-13  A_min=0.001779  max_dA_fwd=-8.894e-06
  [shape] epoch  56000  rmse=0.001062  max_abs_dA=0.001713  int_signed_dA=2.122e-13  int_abs_dA=2.129e-13  A_min=0.001773  max_dA_fwd=-8.89e-06
  [shape] epoch  56250  rmse=0.001069  max_abs_dA=0.001721  int_signed_dA=2.146e-13  int_abs_dA=2.15e-13  A_min=0.001772  max_dA_fwd=-8.885e-06
  [shape] epoch  56500  rmse=0.001057  max_abs_dA=0.001708  int_signed_dA=2.112e-13  int_abs_dA=2.119e-13  A_min=0.001755  max_dA_fwd=-8.886e-06
  [shape] epoch  56750  rmse=0.001059  max_abs_dA=0.00171  int_signed_dA=2.119e-13  int_abs_dA=2.126e-13  A_min=0.001755  max_dA_fwd=-8.883e-06
  [shape] epoch  57000  rmse=0.001036  max_abs_dA=0.001683  int_signed_dA=2.063e-13  int_abs_dA=2.068e-13  A_min=0.001706  max_dA_fwd=-8.892e-06
  [shape] epoch  57250  rmse=0.00105  max_abs_dA=0.0017  int_signed_dA=2.098e-13  int_abs_dA=2.104e-13  A_min=0.001731  max_dA_fwd=-8.884e-06
  [shape] epoch  57500  rmse=0.001046  max_abs_dA=0.001695  int_signed_dA=2.088e-13  int_abs_dA=2.093e-13  A_min=0.001719  max_dA_fwd=-8.885e-06
  [shape] epoch  57750  rmse=0.001045  max_abs_dA=0.001694  int_signed_dA=2.088e-13  int_abs_dA=2.093e-13  A_min=0.001716  max_dA_fwd=-8.884e-06
  [shape] epoch  58000  rmse=0.00105  max_abs_dA=0.0017  int_signed_dA=2.101e-13  int_abs_dA=2.106e-13  A_min=0.00172  max_dA_fwd=-8.881e-06
  [shape] epoch  58250  rmse=0.001042  max_abs_dA=0.00169  int_signed_dA=2.077e-13  int_abs_dA=2.083e-13  A_min=0.001701  max_dA_fwd=-8.884e-06
  [shape] epoch  58500  rmse=0.001044  max_abs_dA=0.001692  int_signed_dA=2.084e-13  int_abs_dA=2.09e-13  A_min=0.001706  max_dA_fwd=-8.881e-06
  [shape] epoch  58750  rmse=0.001038  max_abs_dA=0.001685  int_signed_dA=2.07e-13  int_abs_dA=2.074e-13  A_min=0.00169  max_dA_fwd=-8.884e-06
  [shape] epoch  59000  rmse=0.00104  max_abs_dA=0.001687  int_signed_dA=2.075e-13  int_abs_dA=2.08e-13  A_min=0.001692  max_dA_fwd=-8.881e-06
  [shape] epoch  59250  rmse=0.001028  max_abs_dA=0.001673  int_signed_dA=2.043e-13  int_abs_dA=2.048e-13  A_min=0.001665  max_dA_fwd=-8.885e-06
  [shape] epoch  59500  rmse=0.001006  max_abs_dA=0.001647  int_signed_dA=1.992e-13  int_abs_dA=1.996e-13  A_min=0.001631  max_dA_fwd=-8.891e-06
  [shape] epoch  59750  rmse=0.001033  max_abs_dA=0.001679  int_signed_dA=2.059e-13  int_abs_dA=2.063e-13  A_min=0.001672  max_dA_fwd=-8.881e-06
  [shape] epoch  59999  rmse=0.001046  max_abs_dA=0.001695  int_signed_dA=2.09e-13  int_abs_dA=2.097e-13  A_min=0.001698  max_dA_fwd=-8.874e-06
[spectral-pn] spn-L0.1-s1: loss 5.961e-03 -> 6.180e-08 (x96458 drop)
[spectral-pn] RMSE=0.0010 max|dA|=0.0017 gamma_eff=2.9898e+10 gamma_ratio=0.9938
[spectral-pn] snapshot=final best_epoch=59999 best_loss=6.180e-08 final_loss=6.180e-08
[spectral-pn-shape] cancel=0.997 int_signed_dA=2.0900e-13 int_abs_dA=2.0966e-13 A_min=1.6982e-03 max_dA_fwd=-8.8744e-06
[spectral-pn] saved: runs/transient/pn_sumrule_adoption/seedrep_L0.1_2d_s1
