[spectral-pn] case: L=0.01 um, Nk=20, L_max=8, run=20260908_160443
[spectral-pn] window t_end=1.622e-11 s (2.4 tau_ref), gamma_dom=4.3167e+11 Hz
[spectral-pn] window mode=n_decay rule=n_decay (t_1% at 0.01*A0: nan s; n_dec=7/gamma_dom: 1.6216e-11 s)
  epoch      0  residual 4.015e-03
  epoch    250  residual 9.693e-06
  epoch    500  residual 6.835e-06
  epoch    750  residual 6.333e-06
  epoch   1000  residual 5.764e-06
  epoch   1250  residual 4.638e-06
  epoch   1500  residual 3.869e-06
  epoch   1750  residual 3.266e-06
  epoch   2000  residual 2.820e-06
  epoch   2250  residual 2.398e-06
  epoch   2500  residual 2.826e-06
  epoch   2750  residual 1.918e-06
  epoch   3000  residual 1.694e-06
  epoch   3250  residual 1.573e-06
  epoch   3500  residual 1.389e-06
  epoch   3750  residual 1.272e-06
  epoch   4000  residual 1.184e-06
  epoch   4250  residual 1.042e-06
  epoch   4500  residual 9.444e-07
  epoch   4750  residual 2.659e-06
  epoch   5000  residual 1.335e-06
  epoch   5250  residual 6.945e-07
  epoch   5500  residual 5.979e-07
  epoch   5750  residual 5.242e-07
  epoch   6000  residual 4.670e-07
  epoch   6250  residual 4.362e-07
  epoch   6500  residual 4.029e-07
  epoch   6750  residual 4.946e-07
  epoch   7000  residual 5.745e-07
  epoch   7250  residual 7.050e-07
  epoch   7500  residual 6.981e-07
  epoch   7750  residual 8.956e-07
  epoch   8000  residual 2.826e-07
  epoch   8250  residual 3.572e-07
  epoch   8500  residual 2.639e-07
  epoch   8750  residual 2.409e-07
  epoch   9000  residual 2.638e-07
  epoch   9250  residual 2.277e-07
  epoch   9500  residual 2.269e-07
  epoch   9750  residual 2.052e-07
  epoch  10000  residual 2.001e-07
  epoch  10250  residual 2.457e-07
  epoch  10500  residual 2.047e-07
  epoch  10750  residual 2.075e-07
  epoch  11000  residual 2.584e-07
  epoch  11250  residual 2.385e-07
  epoch  11500  residual 1.723e-07
  epoch  11750  residual 3.530e-07
  epoch  12000  residual 2.196e-07
  epoch  12250  residual 1.774e-07
  epoch  12500  residual 3.626e-07
  epoch  12750  residual 2.130e-07
  epoch  13000  residual 3.811e-07
  epoch  13250  residual 2.117e-07
  epoch  13500  residual 3.434e-07
  epoch  13750  residual 1.460e-07
  epoch  14000  residual 1.888e-07
  epoch  14250  residual 1.897e-07
  epoch  14500  residual 1.371e-07
  epoch  14750  residual 2.558e-07
  epoch  15000  residual 1.449e-07
  epoch  15250  residual 2.625e-07
  epoch  15500  residual 1.591e-07
  epoch  15750  residual 1.770e-07
  epoch  16000  residual 1.383e-07
  epoch  16250  residual 1.883e-07
  epoch  16500  residual 1.265e-07
  epoch  16750  residual 1.255e-07
  epoch  17000  residual 1.437e-07
  epoch  17250  residual 1.292e-07
  epoch  17500  residual 1.467e-07
  epoch  17750  residual 1.690e-07
  epoch  18000  residual 1.375e-07
  epoch  18250  residual 1.447e-07
  epoch  18500  residual 1.353e-07
  epoch  18750  residual 1.757e-07
  epoch  19000  residual 2.137e-07
  epoch  19250  residual 1.225e-07
  epoch  19500  residual 1.119e-07
  epoch  19750  residual 1.551e-07
  epoch  20000  residual 1.273e-07
  epoch  20250  residual 1.186e-07
  epoch  20500  residual 2.420e-07
  epoch  20750  residual 1.469e-07
  epoch  21000  residual 1.061e-07
  epoch  21250  residual 1.190e-07
  epoch  21500  residual 9.893e-08
  epoch  21750  residual 1.253e-07
  epoch  22000  residual 1.164e-07
  epoch  22250  residual 1.835e-07
  epoch  22500  residual 1.149e-07
  epoch  22750  residual 1.331e-07
  epoch  23000  residual 1.056e-07
  epoch  23250  residual 1.244e-07
  epoch  23500  residual 9.238e-08
  epoch  23750  residual 1.058e-07
  epoch  24000  residual 9.559e-08
  epoch  24250  residual 9.478e-08
  epoch  24500  residual 9.838e-08
  epoch  24750  residual 1.132e-07
  epoch  25000  residual 1.229e-07
  epoch  25250  residual 8.638e-08
  epoch  25500  residual 1.095e-07
  epoch  25750  residual 9.835e-08
  epoch  26000  residual 9.510e-08
  epoch  26250  residual 9.408e-08
  epoch  26500  residual 8.482e-08
  epoch  26750  residual 1.235e-07
  epoch  27000  residual 8.781e-08
  epoch  27250  residual 1.070e-07
  epoch  27500  residual 9.060e-08
  epoch  27750  residual 8.275e-08
  epoch  28000  residual 8.654e-08
  epoch  28250  residual 1.238e-07
  epoch  28500  residual 1.066e-07
  epoch  28750  residual 1.007e-07
  epoch  29000  residual 1.444e-07
  epoch  29250  residual 8.403e-08
  epoch  29500  residual 8.372e-08
  epoch  29750  residual 8.348e-08
  epoch  30000  residual 8.887e-08
  epoch  30250  residual 9.065e-08
  epoch  30500  residual 9.110e-08
  epoch  30750  residual 8.023e-08
  epoch  31000  residual 7.317e-08
  epoch  31250  residual 7.148e-08
  epoch  31500  residual 1.015e-07
  epoch  31750  residual 8.279e-08
  epoch  32000  residual 7.739e-08
  epoch  32250  residual 1.018e-07
  epoch  32500  residual 7.143e-08
  epoch  32750  residual 7.884e-08
  epoch  33000  residual 7.538e-08
  epoch  33250  residual 9.330e-08
  epoch  33500  residual 6.360e-08
  epoch  33750  residual 6.545e-08
  epoch  34000  residual 7.432e-08
  epoch  34250  residual 6.281e-08
  epoch  34500  residual 7.736e-08
  epoch  34750  residual 9.783e-08
  epoch  35000  residual 6.452e-08
  epoch  35250  residual 6.534e-08
  epoch  35500  residual 6.149e-08
  epoch  35750  residual 5.731e-08
  epoch  36000  residual 6.048e-08
  epoch  36250  residual 5.832e-08
  epoch  36500  residual 5.668e-08
  epoch  36750  residual 6.187e-08
  epoch  37000  residual 6.605e-08
  epoch  37250  residual 5.526e-08
  epoch  37500  residual 5.586e-08
  epoch  37750  residual 5.270e-08
  epoch  38000  residual 6.224e-08
  epoch  38250  residual 5.099e-08
  epoch  38500  residual 5.980e-08
  epoch  38750  residual 5.097e-08
  epoch  39000  residual 4.715e-08
  epoch  39250  residual 4.613e-08
  epoch  39500  residual 4.692e-08
  epoch  39750  residual 4.685e-08
  epoch  40000  residual 4.762e-08
  epoch  40250  residual 5.436e-08
  epoch  40500  residual 4.309e-08
  epoch  40750  residual 4.261e-08
  epoch  41000  residual 5.492e-08
  epoch  41250  residual 4.165e-08
  epoch  41500  residual 6.728e-08
  epoch  41750  residual 6.316e-08
  epoch  42000  residual 4.153e-08
  epoch  42250  residual 4.064e-08
  epoch  42500  residual 4.101e-08
  epoch  42750  residual 3.907e-08
  epoch  43000  residual 3.847e-08
  epoch  43250  residual 4.022e-08
  epoch  43500  residual 4.048e-08
  epoch  43750  residual 3.791e-08
  epoch  44000  residual 3.803e-08
  epoch  44250  residual 3.806e-08
  epoch  44500  residual 3.748e-08
  epoch  44750  residual 3.590e-08
  epoch  45000  residual 3.560e-08
  epoch  45250  residual 3.910e-08
  epoch  45500  residual 3.546e-08
  epoch  45750  residual 3.489e-08
  epoch  46000  residual 3.601e-08
  epoch  46250  residual 3.483e-08
  epoch  46500  residual 3.418e-08
  epoch  46750  residual 3.636e-08
  epoch  47000  residual 3.541e-08
  epoch  47250  residual 3.335e-08
  epoch  47500  residual 3.384e-08
  epoch  47750  residual 3.319e-08
  epoch  48000  residual 3.354e-08
  epoch  48250  residual 3.240e-08
  epoch  48500  residual 3.218e-08
  epoch  48750  residual 3.233e-08
  epoch  49000  residual 3.187e-08
  epoch  49250  residual 3.175e-08
  epoch  49500  residual 3.139e-08
  epoch  49750  residual 3.132e-08
  epoch  50000  residual 3.117e-08
  epoch  50250  residual 3.143e-08
  epoch  50500  residual 3.113e-08
  epoch  50750  residual 3.061e-08
  epoch  51000  residual 3.049e-08
  epoch  51250  residual 3.080e-08
  epoch  51500  residual 3.022e-08
  epoch  51750  residual 3.527e-08
  epoch  52000  residual 2.992e-08
  epoch  52250  residual 2.991e-08
  epoch  52500  residual 3.009e-08
  epoch  52750  residual 3.124e-08
  epoch  53000  residual 2.941e-08
  epoch  53250  residual 2.924e-08
  epoch  53500  residual 2.925e-08
  epoch  53750  residual 2.897e-08
  epoch  54000  residual 3.027e-08
  epoch  54250  residual 2.875e-08
  epoch  54500  residual 2.864e-08
  epoch  54750  residual 2.886e-08
  epoch  55000  residual 2.843e-08
  epoch  55250  residual 2.836e-08
  epoch  55500  residual 2.823e-08
  epoch  55750  residual 2.812e-08
  epoch  56000  residual 2.804e-08
  epoch  56250  residual 2.819e-08
  epoch  56500  residual 2.798e-08
  epoch  56750  residual 2.777e-08
  epoch  57000  residual 2.844e-08
  epoch  57250  residual 2.758e-08
  epoch  57500  residual 2.749e-08
  epoch  57750  residual 2.746e-08
  epoch  58000  residual 2.794e-08
  epoch  58250  residual 2.724e-08
  epoch  58500  residual 2.715e-08
  epoch  58750  residual 2.707e-08
  epoch  59000  residual 2.779e-08
  epoch  59250  residual 2.706e-08
  epoch  59500  residual 2.684e-08
  epoch  59750  residual 2.676e-08
  epoch  59999  residual 2.679e-08
  [gamma] epoch      0  gamma_ratio 0.6948  residual 4.015e-03
  [gamma] epoch    250  gamma_ratio 1.4361  residual 9.693e-06
  [gamma] epoch    500  gamma_ratio 1.3802  residual 6.835e-06
  [gamma] epoch    750  gamma_ratio 1.2224  residual 6.333e-06
  [gamma] epoch   1000  gamma_ratio 0.9362  residual 5.764e-06
  [gamma] epoch   1250  gamma_ratio 0.9351  residual 4.638e-06
  [gamma] epoch   1500  gamma_ratio 0.9470  residual 3.869e-06
  [gamma] epoch   1750  gamma_ratio 0.9582  residual 3.266e-06
  [gamma] epoch   2000  gamma_ratio 0.9772  residual 2.820e-06
  [gamma] epoch   2250  gamma_ratio 0.9752  residual 2.398e-06
  [gamma] epoch   2500  gamma_ratio 0.9886  residual 2.826e-06
  [gamma] epoch   2750  gamma_ratio 0.9767  residual 1.918e-06
  [gamma] epoch   3000  gamma_ratio 0.9819  residual 1.694e-06
  [gamma] epoch   3250  gamma_ratio 0.9877  residual 1.573e-06
  [gamma] epoch   3500  gamma_ratio 0.9978  residual 1.389e-06
  [gamma] epoch   3750  gamma_ratio 1.0043  residual 1.272e-06
  [gamma] epoch   4000  gamma_ratio 1.0065  residual 1.184e-06
  [gamma] epoch   4250  gamma_ratio 1.0123  residual 1.042e-06
  [gamma] epoch   4500  gamma_ratio 1.0166  residual 9.444e-07
  [gamma] epoch   4750  gamma_ratio 1.0108  residual 2.659e-06
  [gamma] epoch   5000  gamma_ratio 1.0156  residual 1.335e-06
  [gamma] epoch   5250  gamma_ratio 1.0068  residual 6.945e-07
  [gamma] epoch   5500  gamma_ratio 1.0047  residual 5.979e-07
  [gamma] epoch   5750  gamma_ratio 1.0037  residual 5.242e-07
  [gamma] epoch   6000  gamma_ratio 1.0040  residual 4.670e-07
  [gamma] epoch   6250  gamma_ratio 1.0040  residual 4.362e-07
  [gamma] epoch   6500  gamma_ratio 1.0039  residual 4.029e-07
  [gamma] epoch   6750  gamma_ratio 1.0049  residual 4.946e-07
  [gamma] epoch   7000  gamma_ratio 1.0027  residual 5.745e-07
  [gamma] epoch   7250  gamma_ratio 1.0168  residual 7.050e-07
  [gamma] epoch   7500  gamma_ratio 1.0032  residual 6.981e-07
  [gamma] epoch   7750  gamma_ratio 0.9989  residual 8.956e-07
  [gamma] epoch   8000  gamma_ratio 1.0050  residual 2.826e-07
  [gamma] epoch   8250  gamma_ratio 1.0036  residual 3.572e-07
  [gamma] epoch   8500  gamma_ratio 1.0033  residual 2.639e-07
  [gamma] epoch   8750  gamma_ratio 1.0015  residual 2.409e-07
  [gamma] epoch   9000  gamma_ratio 1.0041  residual 2.638e-07
  [gamma] epoch   9250  gamma_ratio 1.0040  residual 2.277e-07
  [gamma] epoch   9500  gamma_ratio 1.0020  residual 2.269e-07
  [gamma] epoch   9750  gamma_ratio 1.0020  residual 2.052e-07
  [gamma] epoch  10000  gamma_ratio 1.0022  residual 2.001e-07
  [gamma] epoch  10250  gamma_ratio 1.0039  residual 2.457e-07
  [gamma] epoch  10500  gamma_ratio 1.0029  residual 2.047e-07
  [gamma] epoch  10750  gamma_ratio 1.0010  residual 2.075e-07
  [gamma] epoch  11000  gamma_ratio 1.0039  residual 2.584e-07
  [gamma] epoch  11250  gamma_ratio 1.0018  residual 2.385e-07
  [gamma] epoch  11500  gamma_ratio 1.0021  residual 1.723e-07
  [gamma] epoch  11750  gamma_ratio 0.9977  residual 3.530e-07
  [gamma] epoch  12000  gamma_ratio 1.0005  residual 2.196e-07
  [gamma] epoch  12250  gamma_ratio 1.0016  residual 1.774e-07
  [gamma] epoch  12500  gamma_ratio 0.9950  residual 3.626e-07
  [gamma] epoch  12750  gamma_ratio 1.0015  residual 2.130e-07
  [gamma] epoch  13000  gamma_ratio 1.0027  residual 3.811e-07
  [gamma] epoch  13250  gamma_ratio 0.9990  residual 2.117e-07
  [gamma] epoch  13500  gamma_ratio 1.0011  residual 3.434e-07
  [gamma] epoch  13750  gamma_ratio 1.0010  residual 1.460e-07
  [gamma] epoch  14000  gamma_ratio 0.9995  residual 1.888e-07
  [gamma] epoch  14250  gamma_ratio 1.0008  residual 1.897e-07
  [gamma] epoch  14500  gamma_ratio 1.0017  residual 1.371e-07
  [gamma] epoch  14750  gamma_ratio 1.0025  residual 2.558e-07
  [gamma] epoch  15000  gamma_ratio 1.0025  residual 1.449e-07
  [gamma] epoch  15250  gamma_ratio 1.0045  residual 2.625e-07
  [gamma] epoch  15500  gamma_ratio 1.0027  residual 1.591e-07
  [gamma] epoch  15750  gamma_ratio 1.0011  residual 1.770e-07
  [gamma] epoch  16000  gamma_ratio 0.9999  residual 1.383e-07
  [gamma] epoch  16250  gamma_ratio 1.0002  residual 1.883e-07
  [gamma] epoch  16500  gamma_ratio 0.9997  residual 1.265e-07
  [gamma] epoch  16750  gamma_ratio 1.0010  residual 1.255e-07
  [gamma] epoch  17000  gamma_ratio 1.0015  residual 1.437e-07
  [gamma] epoch  17250  gamma_ratio 1.0011  residual 1.292e-07
  [gamma] epoch  17500  gamma_ratio 0.9994  residual 1.467e-07
  [gamma] epoch  17750  gamma_ratio 0.9963  residual 1.690e-07
  [gamma] epoch  18000  gamma_ratio 0.9982  residual 1.375e-07
  [gamma] epoch  18250  gamma_ratio 1.0016  residual 1.447e-07
  [gamma] epoch  18500  gamma_ratio 0.9990  residual 1.353e-07
  [gamma] epoch  18750  gamma_ratio 0.9963  residual 1.757e-07
  [gamma] epoch  19000  gamma_ratio 1.0041  residual 2.137e-07
  [gamma] epoch  19250  gamma_ratio 1.0002  residual 1.225e-07
  [gamma] epoch  19500  gamma_ratio 1.0008  residual 1.119e-07
  [gamma] epoch  19750  gamma_ratio 1.0000  residual 1.551e-07
  [gamma] epoch  20000  gamma_ratio 1.0010  residual 1.273e-07
  [gamma] epoch  20250  gamma_ratio 1.0009  residual 1.186e-07
  [gamma] epoch  20500  gamma_ratio 0.9951  residual 2.420e-07
  [gamma] epoch  20750  gamma_ratio 0.9987  residual 1.469e-07
  [gamma] epoch  21000  gamma_ratio 0.9994  residual 1.061e-07
  [gamma] epoch  21250  gamma_ratio 1.0006  residual 1.190e-07
  [gamma] epoch  21500  gamma_ratio 0.9995  residual 9.893e-08
  [gamma] epoch  21750  gamma_ratio 0.9998  residual 1.253e-07
  [gamma] epoch  22000  gamma_ratio 0.9989  residual 1.164e-07
  [gamma] epoch  22250  gamma_ratio 0.9960  residual 1.835e-07
  [gamma] epoch  22500  gamma_ratio 1.0014  residual 1.149e-07
  [gamma] epoch  22750  gamma_ratio 0.9993  residual 1.331e-07
  [gamma] epoch  23000  gamma_ratio 1.0005  residual 1.056e-07
  [gamma] epoch  23250  gamma_ratio 0.9998  residual 1.244e-07
  [gamma] epoch  23500  gamma_ratio 0.9994  residual 9.238e-08
  [gamma] epoch  23750  gamma_ratio 0.9988  residual 1.058e-07
  [gamma] epoch  24000  gamma_ratio 0.9982  residual 9.559e-08
  [gamma] epoch  24250  gamma_ratio 1.0003  residual 9.478e-08
  [gamma] epoch  24500  gamma_ratio 0.9987  residual 9.838e-08
  [gamma] epoch  24750  gamma_ratio 0.9976  residual 1.132e-07
  [gamma] epoch  25000  gamma_ratio 0.9980  residual 1.229e-07
  [gamma] epoch  25250  gamma_ratio 0.9989  residual 8.638e-08
  [gamma] epoch  25500  gamma_ratio 0.9978  residual 1.095e-07
  [gamma] epoch  25750  gamma_ratio 1.0004  residual 9.835e-08
  [gamma] epoch  26000  gamma_ratio 1.0000  residual 9.510e-08
  [gamma] epoch  26250  gamma_ratio 0.9979  residual 9.408e-08
  [gamma] epoch  26500  gamma_ratio 0.9992  residual 8.482e-08
  [gamma] epoch  26750  gamma_ratio 0.9993  residual 1.235e-07
  [gamma] epoch  27000  gamma_ratio 0.9978  residual 8.781e-08
  [gamma] epoch  27250  gamma_ratio 0.9983  residual 1.070e-07
  [gamma] epoch  27500  gamma_ratio 0.9979  residual 9.060e-08
  [gamma] epoch  27750  gamma_ratio 0.9986  residual 8.275e-08
  [gamma] epoch  28000  gamma_ratio 0.9981  residual 8.654e-08
  [gamma] epoch  28250  gamma_ratio 0.9970  residual 1.238e-07
  [gamma] epoch  28500  gamma_ratio 0.9984  residual 1.066e-07
  [gamma] epoch  28750  gamma_ratio 0.9975  residual 1.007e-07
  [gamma] epoch  29000  gamma_ratio 1.0023  residual 1.444e-07
  [gamma] epoch  29250  gamma_ratio 0.9980  residual 8.403e-08
  [gamma] epoch  29500  gamma_ratio 0.9987  residual 8.372e-08
  [gamma] epoch  29750  gamma_ratio 0.9977  residual 8.348e-08
  [gamma] epoch  30000  gamma_ratio 0.9973  residual 8.887e-08
  [gamma] epoch  30250  gamma_ratio 0.9970  residual 9.065e-08
  [gamma] epoch  30500  gamma_ratio 1.0000  residual 9.110e-08
  [gamma] epoch  30750  gamma_ratio 0.9982  residual 8.023e-08
  [gamma] epoch  31000  gamma_ratio 0.9989  residual 7.317e-08
  [gamma] epoch  31250  gamma_ratio 0.9975  residual 7.148e-08
  [gamma] epoch  31500  gamma_ratio 0.9993  residual 1.015e-07
  [gamma] epoch  31750  gamma_ratio 0.9998  residual 8.279e-08
  [gamma] epoch  32000  gamma_ratio 0.9968  residual 7.739e-08
  [gamma] epoch  32250  gamma_ratio 0.9986  residual 1.018e-07
  [gamma] epoch  32500  gamma_ratio 0.9987  residual 7.143e-08
  [gamma] epoch  32750  gamma_ratio 0.9996  residual 7.884e-08
  [gamma] epoch  33000  gamma_ratio 0.9977  residual 7.538e-08
  [gamma] epoch  33250  gamma_ratio 0.9969  residual 9.330e-08
  [gamma] epoch  33500  gamma_ratio 0.9975  residual 6.360e-08
  [gamma] epoch  33750  gamma_ratio 0.9979  residual 6.545e-08
  [gamma] epoch  34000  gamma_ratio 0.9980  residual 7.432e-08
  [gamma] epoch  34250  gamma_ratio 0.9976  residual 6.281e-08
  [gamma] epoch  34500  gamma_ratio 0.9974  residual 7.736e-08
  [gamma] epoch  34750  gamma_ratio 0.9960  residual 9.783e-08
  [gamma] epoch  35000  gamma_ratio 0.9973  residual 6.452e-08
  [gamma] epoch  35250  gamma_ratio 0.9976  residual 6.534e-08
  [gamma] epoch  35500  gamma_ratio 0.9973  residual 6.149e-08
  [gamma] epoch  35750  gamma_ratio 0.9974  residual 5.731e-08
  [gamma] epoch  36000  gamma_ratio 0.9976  residual 6.048e-08
  [gamma] epoch  36250  gamma_ratio 0.9978  residual 5.832e-08
  [gamma] epoch  36500  gamma_ratio 0.9980  residual 5.668e-08
  [gamma] epoch  36750  gamma_ratio 0.9966  residual 6.187e-08
  [gamma] epoch  37000  gamma_ratio 0.9988  residual 6.605e-08
  [gamma] epoch  37250  gamma_ratio 0.9974  residual 5.526e-08
  [gamma] epoch  37500  gamma_ratio 0.9979  residual 5.586e-08
  [gamma] epoch  37750  gamma_ratio 0.9979  residual 5.270e-08
  [gamma] epoch  38000  gamma_ratio 0.9976  residual 6.224e-08
  [gamma] epoch  38250  gamma_ratio 0.9973  residual 5.099e-08
  [gamma] epoch  38500  gamma_ratio 0.9976  residual 5.980e-08
  [gamma] epoch  38750  gamma_ratio 0.9976  residual 5.097e-08
  [gamma] epoch  39000  gamma_ratio 0.9977  residual 4.715e-08
  [gamma] epoch  39250  gamma_ratio 0.9976  residual 4.613e-08
  [gamma] epoch  39500  gamma_ratio 0.9982  residual 4.692e-08
  [gamma] epoch  39750  gamma_ratio 0.9980  residual 4.685e-08
  [gamma] epoch  40000  gamma_ratio 0.9973  residual 4.762e-08
  [gamma] epoch  40250  gamma_ratio 0.9989  residual 5.436e-08
  [gamma] epoch  40500  gamma_ratio 0.9976  residual 4.309e-08
  [gamma] epoch  40750  gamma_ratio 0.9978  residual 4.261e-08
  [gamma] epoch  41000  gamma_ratio 0.9990  residual 5.492e-08
  [gamma] epoch  41250  gamma_ratio 0.9977  residual 4.165e-08
  [gamma] epoch  41500  gamma_ratio 0.9977  residual 6.728e-08
  [gamma] epoch  41750  gamma_ratio 0.9990  residual 6.316e-08
  [gamma] epoch  42000  gamma_ratio 0.9973  residual 4.153e-08
  [gamma] epoch  42250  gamma_ratio 0.9976  residual 4.064e-08
  [gamma] epoch  42500  gamma_ratio 0.9973  residual 4.101e-08
  [gamma] epoch  42750  gamma_ratio 0.9979  residual 3.907e-08
  [gamma] epoch  43000  gamma_ratio 0.9977  residual 3.847e-08
  [gamma] epoch  43250  gamma_ratio 0.9981  residual 4.022e-08
  [gamma] epoch  43500  gamma_ratio 0.9984  residual 4.048e-08
  [gamma] epoch  43750  gamma_ratio 0.9981  residual 3.791e-08
  [gamma] epoch  44000  gamma_ratio 0.9978  residual 3.803e-08
  [gamma] epoch  44250  gamma_ratio 0.9979  residual 3.806e-08
  [gamma] epoch  44500  gamma_ratio 0.9984  residual 3.748e-08
  [gamma] epoch  44750  gamma_ratio 0.9980  residual 3.590e-08
  [gamma] epoch  45000  gamma_ratio 0.9981  residual 3.560e-08
  [gamma] epoch  45250  gamma_ratio 0.9985  residual 3.910e-08
  [gamma] epoch  45500  gamma_ratio 0.9982  residual 3.546e-08
  [gamma] epoch  45750  gamma_ratio 0.9981  residual 3.489e-08
  [gamma] epoch  46000  gamma_ratio 0.9987  residual 3.601e-08
  [gamma] epoch  46250  gamma_ratio 0.9987  residual 3.483e-08
  [gamma] epoch  46500  gamma_ratio 0.9982  residual 3.418e-08
  [gamma] epoch  46750  gamma_ratio 0.9981  residual 3.636e-08
  [gamma] epoch  47000  gamma_ratio 0.9983  residual 3.541e-08
  [gamma] epoch  47250  gamma_ratio 0.9983  residual 3.335e-08
  [gamma] epoch  47500  gamma_ratio 0.9978  residual 3.384e-08
  [gamma] epoch  47750  gamma_ratio 0.9982  residual 3.319e-08
  [gamma] epoch  48000  gamma_ratio 0.9982  residual 3.354e-08
  [gamma] epoch  48250  gamma_ratio 0.9981  residual 3.240e-08
  [gamma] epoch  48500  gamma_ratio 0.9983  residual 3.218e-08
  [gamma] epoch  48750  gamma_ratio 0.9984  residual 3.233e-08
  [gamma] epoch  49000  gamma_ratio 0.9982  residual 3.187e-08
  [gamma] epoch  49250  gamma_ratio 0.9984  residual 3.175e-08
  [gamma] epoch  49500  gamma_ratio 0.9983  residual 3.139e-08
  [gamma] epoch  49750  gamma_ratio 0.9983  residual 3.132e-08
  [gamma] epoch  50000  gamma_ratio 0.9983  residual 3.117e-08
  [gamma] epoch  50250  gamma_ratio 0.9982  residual 3.143e-08
  [gamma] epoch  50500  gamma_ratio 0.9983  residual 3.113e-08
  [gamma] epoch  50750  gamma_ratio 0.9984  residual 3.061e-08
  [gamma] epoch  51000  gamma_ratio 0.9984  residual 3.049e-08
  [gamma] epoch  51250  gamma_ratio 0.9979  residual 3.080e-08
  [gamma] epoch  51500  gamma_ratio 0.9983  residual 3.022e-08
  [gamma] epoch  51750  gamma_ratio 0.9984  residual 3.527e-08
  [gamma] epoch  52000  gamma_ratio 0.9984  residual 2.992e-08
  [gamma] epoch  52250  gamma_ratio 0.9985  residual 2.991e-08
  [gamma] epoch  52500  gamma_ratio 0.9986  residual 3.009e-08
  [gamma] epoch  52750  gamma_ratio 0.9982  residual 3.124e-08
  [gamma] epoch  53000  gamma_ratio 0.9984  residual 2.941e-08
  [gamma] epoch  53250  gamma_ratio 0.9984  residual 2.924e-08
  [gamma] epoch  53500  gamma_ratio 0.9984  residual 2.925e-08
  [gamma] epoch  53750  gamma_ratio 0.9984  residual 2.897e-08
  [gamma] epoch  54000  gamma_ratio 0.9987  residual 3.027e-08
  [gamma] epoch  54250  gamma_ratio 0.9984  residual 2.875e-08
  [gamma] epoch  54500  gamma_ratio 0.9984  residual 2.864e-08
  [gamma] epoch  54750  gamma_ratio 0.9984  residual 2.886e-08
  [gamma] epoch  55000  gamma_ratio 0.9984  residual 2.843e-08
  [gamma] epoch  55250  gamma_ratio 0.9984  residual 2.836e-08
  [gamma] epoch  55500  gamma_ratio 0.9985  residual 2.823e-08
  [gamma] epoch  55750  gamma_ratio 0.9985  residual 2.812e-08
  [gamma] epoch  56000  gamma_ratio 0.9985  residual 2.804e-08
  [gamma] epoch  56250  gamma_ratio 0.9985  residual 2.819e-08
  [gamma] epoch  56500  gamma_ratio 0.9986  residual 2.798e-08
  [gamma] epoch  56750  gamma_ratio 0.9984  residual 2.777e-08
  [gamma] epoch  57000  gamma_ratio 0.9986  residual 2.844e-08
  [gamma] epoch  57250  gamma_ratio 0.9985  residual 2.758e-08
  [gamma] epoch  57500  gamma_ratio 0.9985  residual 2.749e-08
  [gamma] epoch  57750  gamma_ratio 0.9985  residual 2.746e-08
  [gamma] epoch  58000  gamma_ratio 0.9987  residual 2.794e-08
  [gamma] epoch  58250  gamma_ratio 0.9985  residual 2.724e-08
  [gamma] epoch  58500  gamma_ratio 0.9985  residual 2.715e-08
  [gamma] epoch  58750  gamma_ratio 0.9985  residual 2.707e-08
  [gamma] epoch  59000  gamma_ratio 0.9983  residual 2.779e-08
  [gamma] epoch  59250  gamma_ratio 0.9986  residual 2.706e-08
  [gamma] epoch  59500  gamma_ratio 0.9985  residual 2.684e-08
  [gamma] epoch  59750  gamma_ratio 0.9985  residual 2.676e-08
  [gamma] epoch  59999  gamma_ratio 0.9985  residual 2.679e-08
  [shape] epoch      0  rmse=0.1006  max_abs_dA=0.1664  int_signed_dA=1.159e-12  int_abs_dA=1.466e-12  A_min=0.05195  max_dA_fwd=3.637e-05
  [shape] epoch    250  rmse=0.09506  max_abs_dA=0.2555  int_signed_dA=-6.971e-13  int_abs_dA=8.676e-13  A_min=-0.01556  max_dA_fwd=0.000175
  [shape] epoch    500  rmse=0.09133  max_abs_dA=0.2403  int_signed_dA=-5.135e-13  int_abs_dA=8.646e-13  A_min=-0.002044  max_dA_fwd=0.0001777
  [shape] epoch    750  rmse=0.08591  max_abs_dA=0.2151  int_signed_dA=-2.93e-13  int_abs_dA=9.512e-13  A_min=0.01427  max_dA_fwd=0.0001556
  [shape] epoch   1000  rmse=0.04441  max_abs_dA=0.07114  int_signed_dA=2.915e-13  int_abs_dA=6.528e-13  A_min=0.02361  max_dA_fwd=9.62e-05
  [shape] epoch   1250  rmse=0.03716  max_abs_dA=0.06723  int_signed_dA=2.946e-13  int_abs_dA=5.241e-13  A_min=0.01398  max_dA_fwd=5.792e-05
  [shape] epoch   1500  rmse=0.0317  max_abs_dA=0.06015  int_signed_dA=2.63e-13  int_abs_dA=4.329e-13  A_min=0.009532  max_dA_fwd=5.095e-05
  [shape] epoch   1750  rmse=0.02836  max_abs_dA=0.05609  int_signed_dA=2.343e-13  int_abs_dA=3.682e-13  A_min=0.004591  max_dA_fwd=4.233e-05
  [shape] epoch   2000  rmse=0.02341  max_abs_dA=0.0486  int_signed_dA=1.708e-13  int_abs_dA=2.802e-13  A_min=-0.00514  max_dA_fwd=3.317e-05
  [shape] epoch   2250  rmse=0.02281  max_abs_dA=0.04743  int_signed_dA=1.696e-13  int_abs_dA=2.718e-13  A_min=-0.006773  max_dA_fwd=0.003848
  [shape] epoch   2500  rmse=0.02043  max_abs_dA=0.04234  int_signed_dA=1.129e-13  int_abs_dA=2.582e-13  A_min=-0.009455  max_dA_fwd=0.00332
  [shape] epoch   2750  rmse=0.02161  max_abs_dA=0.04513  int_signed_dA=1.278e-13  int_abs_dA=2.712e-13  A_min=-0.009224  max_dA_fwd=0.0005917
  [shape] epoch   3000  rmse=0.01967  max_abs_dA=0.04105  int_signed_dA=1.042e-13  int_abs_dA=2.502e-13  A_min=-0.009595  max_dA_fwd=0.0005926
  [shape] epoch   3250  rmse=0.01861  max_abs_dA=0.03925  int_signed_dA=1.159e-13  int_abs_dA=2.289e-13  A_min=-0.00649  max_dA_fwd=0.0007594
  [shape] epoch   3500  rmse=0.016  max_abs_dA=0.0338  int_signed_dA=8.613e-14  int_abs_dA=2.013e-13  A_min=-0.006596  max_dA_fwd=0.0003658
  [shape] epoch   3750  rmse=0.01477  max_abs_dA=0.03171  int_signed_dA=7.856e-14  int_abs_dA=1.84e-13  A_min=-0.005779  max_dA_fwd=0.0003358
  [shape] epoch   4000  rmse=0.01428  max_abs_dA=0.03085  int_signed_dA=7.276e-14  int_abs_dA=1.774e-13  A_min=-0.005967  max_dA_fwd=0.000286
  [shape] epoch   4250  rmse=0.01259  max_abs_dA=0.02732  int_signed_dA=6.683e-14  int_abs_dA=1.537e-13  A_min=-0.004777  max_dA_fwd=8.297e-05
  [shape] epoch   4500  rmse=0.0111  max_abs_dA=0.02434  int_signed_dA=5.876e-14  int_abs_dA=1.363e-13  A_min=-0.005565  max_dA_fwd=0.0001085
  [shape] epoch   4750  rmse=0.0106  max_abs_dA=0.02359  int_signed_dA=8.402e-14  int_abs_dA=1.246e-13  A_min=-0.00677  max_dA_fwd=6.976e-05
  [shape] epoch   5000  rmse=0.008812  max_abs_dA=0.01942  int_signed_dA=3.83e-14  int_abs_dA=1.146e-13  A_min=-0.01128  max_dA_fwd=7.464e-05
  [shape] epoch   5250  rmse=0.008911  max_abs_dA=0.02007  int_signed_dA=6.154e-14  int_abs_dA=1.1e-13  A_min=-0.01141  max_dA_fwd=7.183e-05
  [shape] epoch   5500  rmse=0.008342  max_abs_dA=0.01844  int_signed_dA=5.482e-14  int_abs_dA=1.058e-13  A_min=-0.01281  max_dA_fwd=7.375e-05
  [shape] epoch   5750  rmse=0.008002  max_abs_dA=0.01749  int_signed_dA=5.347e-14  int_abs_dA=1.013e-13  A_min=-0.01313  max_dA_fwd=7.332e-05
  [shape] epoch   6000  rmse=0.007512  max_abs_dA=0.01644  int_signed_dA=5.57e-14  int_abs_dA=9.406e-14  A_min=-0.01319  max_dA_fwd=7.837e-05
  [shape] epoch   6250  rmse=0.007534  max_abs_dA=0.01673  int_signed_dA=6.597e-14  int_abs_dA=9.224e-14  A_min=-0.01219  max_dA_fwd=8.135e-05
  [shape] epoch   6500  rmse=0.00699  max_abs_dA=0.0155  int_signed_dA=6.188e-14  int_abs_dA=8.605e-14  A_min=-0.01309  max_dA_fwd=8.794e-05
  [shape] epoch   6750  rmse=0.006686  max_abs_dA=0.01471  int_signed_dA=6.314e-14  int_abs_dA=8.176e-14  A_min=-0.01312  max_dA_fwd=9.773e-05
  [shape] epoch   7000  rmse=0.005816  max_abs_dA=0.01275  int_signed_dA=5.258e-14  int_abs_dA=7.249e-14  A_min=-0.0154  max_dA_fwd=0.0001032
  [shape] epoch   7250  rmse=0.005599  max_abs_dA=0.01045  int_signed_dA=1.703e-14  int_abs_dA=7.748e-14  A_min=-0.0165  max_dA_fwd=0.0001167
  [shape] epoch   7500  rmse=0.004717  max_abs_dA=0.01024  int_signed_dA=4.11e-14  int_abs_dA=5.995e-14  A_min=-0.01744  max_dA_fwd=0.0001182
  [shape] epoch   7750  rmse=0.005157  max_abs_dA=0.01085  int_signed_dA=5.633e-14  int_abs_dA=6.821e-14  A_min=-0.01689  max_dA_fwd=0.0001207
  [shape] epoch   8000  rmse=0.005342  max_abs_dA=0.01167  int_signed_dA=5.332e-14  int_abs_dA=6.55e-14  A_min=-0.01547  max_dA_fwd=0.0001222
  [shape] epoch   8250  rmse=0.005426  max_abs_dA=0.0119  int_signed_dA=5.587e-14  int_abs_dA=6.571e-14  A_min=-0.01546  max_dA_fwd=0.0001211
  [shape] epoch   8500  rmse=0.005206  max_abs_dA=0.01137  int_signed_dA=5.562e-14  int_abs_dA=6.286e-14  A_min=-0.01582  max_dA_fwd=0.0001269
  [shape] epoch   8750  rmse=0.004956  max_abs_dA=0.0108  int_signed_dA=5.626e-14  int_abs_dA=5.997e-14  A_min=-0.01644  max_dA_fwd=0.0001306
  [shape] epoch   9000  rmse=0.004831  max_abs_dA=0.01082  int_signed_dA=5.147e-14  int_abs_dA=5.744e-14  A_min=-0.01629  max_dA_fwd=0.0001313
  [shape] epoch   9250  rmse=0.004679  max_abs_dA=0.01042  int_signed_dA=4.98e-14  int_abs_dA=5.593e-14  A_min=-0.01666  max_dA_fwd=0.0001344
  [shape] epoch   9500  rmse=0.005022  max_abs_dA=0.011  int_signed_dA=5.808e-14  int_abs_dA=6.042e-14  A_min=-0.0161  max_dA_fwd=0.0001344
  [shape] epoch   9750  rmse=0.004685  max_abs_dA=0.01029  int_signed_dA=5.345e-14  int_abs_dA=5.664e-14  A_min=-0.01683  max_dA_fwd=0.000137
  [shape] epoch  10000  rmse=0.004589  max_abs_dA=0.01003  int_signed_dA=5.265e-14  int_abs_dA=5.614e-14  A_min=-0.01699  max_dA_fwd=0.0001403
  [shape] epoch  10250  rmse=0.005001  max_abs_dA=0.01074  int_signed_dA=5.405e-14  int_abs_dA=6.434e-14  A_min=-0.01618  max_dA_fwd=0.0001393
  [shape] epoch  10500  rmse=0.004631  max_abs_dA=0.01022  int_signed_dA=5.267e-14  int_abs_dA=5.678e-14  A_min=-0.01676  max_dA_fwd=0.0001407
  [shape] epoch  10750  rmse=0.004912  max_abs_dA=0.01062  int_signed_dA=5.972e-14  int_abs_dA=6.168e-14  A_min=-0.01636  max_dA_fwd=0.0001409
  [shape] epoch  11000  rmse=0.004236  max_abs_dA=0.008976  int_signed_dA=4.4e-14  int_abs_dA=5.559e-14  A_min=-0.01784  max_dA_fwd=0.0001459
  [shape] epoch  11250  rmse=0.0049  max_abs_dA=0.01052  int_signed_dA=5.818e-14  int_abs_dA=6.227e-14  A_min=-0.01635  max_dA_fwd=0.0001418
  [shape] epoch  11500  rmse=0.004432  max_abs_dA=0.00956  int_signed_dA=5.174e-14  int_abs_dA=5.647e-14  A_min=-0.01728  max_dA_fwd=0.0001451
  [shape] epoch  11750  rmse=0.005424  max_abs_dA=0.01099  int_signed_dA=7.115e-14  int_abs_dA=7.177e-14  A_min=-0.01587  max_dA_fwd=0.0001433
  [shape] epoch  12000  rmse=0.004853  max_abs_dA=0.01042  int_signed_dA=6.058e-14  int_abs_dA=6.183e-14  A_min=-0.01646  max_dA_fwd=0.0001423
  [shape] epoch  12250  rmse=0.004604  max_abs_dA=0.009981  int_signed_dA=5.556e-14  int_abs_dA=5.849e-14  A_min=-0.01686  max_dA_fwd=0.0001436
  [shape] epoch  12500  rmse=0.00538  max_abs_dA=0.01084  int_signed_dA=7.512e-14  int_abs_dA=7.512e-14  A_min=-0.01619  max_dA_fwd=0.000142
  [shape] epoch  12750  rmse=0.004519  max_abs_dA=0.009609  int_signed_dA=5.433e-14  int_abs_dA=5.857e-14  A_min=-0.01715  max_dA_fwd=0.0001457
  [shape] epoch  13000  rmse=0.00515  max_abs_dA=0.01054  int_signed_dA=5.803e-14  int_abs_dA=7.002e-14  A_min=-0.01615  max_dA_fwd=0.0001446
  [shape] epoch  13250  rmse=0.004607  max_abs_dA=0.009727  int_signed_dA=6.025e-14  int_abs_dA=6.041e-14  A_min=-0.0171  max_dA_fwd=0.0001441
  [shape] epoch  13500  rmse=0.00439  max_abs_dA=0.009123  int_signed_dA=5.298e-14  int_abs_dA=5.794e-14  A_min=-0.01756  max_dA_fwd=0.0001481
  [shape] epoch  13750  rmse=0.004365  max_abs_dA=0.009212  int_signed_dA=5.346e-14  int_abs_dA=5.71e-14  A_min=-0.01749  max_dA_fwd=0.0001464
  [shape] epoch  14000  rmse=0.004871  max_abs_dA=0.009991  int_signed_dA=6.23e-14  int_abs_dA=6.45e-14  A_min=-0.0167  max_dA_fwd=0.0001455
  [shape] epoch  14250  rmse=0.004493  max_abs_dA=0.009537  int_signed_dA=5.599e-14  int_abs_dA=5.852e-14  A_min=-0.01716  max_dA_fwd=0.0001451
  [shape] epoch  14500  rmse=0.004276  max_abs_dA=0.009116  int_signed_dA=5.121e-14  int_abs_dA=5.598e-14  A_min=-0.01757  max_dA_fwd=0.0001452
  [shape] epoch  14750  rmse=0.004305  max_abs_dA=0.009276  int_signed_dA=5.027e-14  int_abs_dA=5.621e-14  A_min=-0.0174  max_dA_fwd=0.0001446
  [shape] epoch  15000  rmse=0.004355  max_abs_dA=0.009141  int_signed_dA=5.011e-14  int_abs_dA=5.82e-14  A_min=-0.0175  max_dA_fwd=0.0001462
  [shape] epoch  15250  rmse=0.004182  max_abs_dA=0.008476  int_signed_dA=4.149e-14  int_abs_dA=5.874e-14  A_min=-0.01815  max_dA_fwd=0.000148
  [shape] epoch  15500  rmse=0.004355  max_abs_dA=0.00907  int_signed_dA=4.93e-14  int_abs_dA=5.896e-14  A_min=-0.01756  max_dA_fwd=0.000146
  [shape] epoch  15750  rmse=0.004223  max_abs_dA=0.009088  int_signed_dA=5.171e-14  int_abs_dA=5.503e-14  A_min=-0.0176  max_dA_fwd=0.0001424
  [shape] epoch  16000  rmse=0.00451  max_abs_dA=0.009215  int_signed_dA=5.686e-14  int_abs_dA=6.031e-14  A_min=-0.01742  max_dA_fwd=0.0001459
  [shape] epoch  16250  rmse=0.004314  max_abs_dA=0.00895  int_signed_dA=5.434e-14  int_abs_dA=5.741e-14  A_min=-0.01769  max_dA_fwd=0.0001455
  [shape] epoch  16500  rmse=0.004372  max_abs_dA=0.00909  int_signed_dA=5.613e-14  int_abs_dA=5.813e-14  A_min=-0.01755  max_dA_fwd=0.0001447
  [shape] epoch  16750  rmse=0.004278  max_abs_dA=0.009007  int_signed_dA=5.263e-14  int_abs_dA=5.657e-14  A_min=-0.01762  max_dA_fwd=0.0001444
  [shape] epoch  17000  rmse=0.00429  max_abs_dA=0.008963  int_signed_dA=5.138e-14  int_abs_dA=5.732e-14  A_min=-0.01766  max_dA_fwd=0.000145
  [shape] epoch  17250  rmse=0.004375  max_abs_dA=0.009037  int_signed_dA=5.297e-14  int_abs_dA=5.877e-14  A_min=-0.01758  max_dA_fwd=0.000145
  [shape] epoch  17500  rmse=0.00449  max_abs_dA=0.009209  int_signed_dA=5.811e-14  int_abs_dA=6.001e-14  A_min=-0.01741  max_dA_fwd=0.0001448
  [shape] epoch  17750  rmse=0.004772  max_abs_dA=0.009657  int_signed_dA=6.703e-14  int_abs_dA=6.703e-14  A_min=-0.01704  max_dA_fwd=0.0001413
  [shape] epoch  18000  rmse=0.004333  max_abs_dA=0.008997  int_signed_dA=5.856e-14  int_abs_dA=5.858e-14  A_min=-0.01767  max_dA_fwd=0.0001423
  [shape] epoch  18250  rmse=0.004392  max_abs_dA=0.009003  int_signed_dA=5.199e-14  int_abs_dA=5.941e-14  A_min=-0.01761  max_dA_fwd=0.0001457
  [shape] epoch  18500  rmse=0.004462  max_abs_dA=0.009186  int_signed_dA=5.864e-14  int_abs_dA=5.97e-14  A_min=-0.01744  max_dA_fwd=0.0001434
  [shape] epoch  18750  rmse=0.00511  max_abs_dA=0.01016  int_signed_dA=7.111e-14  int_abs_dA=7.111e-14  A_min=-0.01648  max_dA_fwd=0.0001421
  [shape] epoch  19000  rmse=0.004226  max_abs_dA=0.008343  int_signed_dA=4.22e-14  int_abs_dA=6.026e-14  A_min=-0.01829  max_dA_fwd=0.0001481
  [shape] epoch  19250  rmse=0.004475  max_abs_dA=0.009225  int_signed_dA=5.646e-14  int_abs_dA=5.97e-14  A_min=-0.01739  max_dA_fwd=0.0001439
  [shape] epoch  19500  rmse=0.00413  max_abs_dA=0.008569  int_signed_dA=5.104e-14  int_abs_dA=5.52e-14  A_min=-0.01805  max_dA_fwd=0.0001453
  [shape] epoch  19750  rmse=0.004305  max_abs_dA=0.008895  int_signed_dA=5.486e-14  int_abs_dA=5.743e-14  A_min=-0.01772  max_dA_fwd=0.0001443
  [shape] epoch  20000  rmse=0.004131  max_abs_dA=0.008442  int_signed_dA=5.013e-14  int_abs_dA=5.579e-14  A_min=-0.01817  max_dA_fwd=0.0001464
  [shape] epoch  20250  rmse=0.004224  max_abs_dA=0.008718  int_signed_dA=5.187e-14  int_abs_dA=5.651e-14  A_min=-0.0179  max_dA_fwd=0.0001454
  [shape] epoch  20500  rmse=0.005121  max_abs_dA=0.009936  int_signed_dA=7.328e-14  int_abs_dA=7.328e-14  A_min=-0.01669  max_dA_fwd=0.0001432
  [shape] epoch  20750  rmse=0.004341  max_abs_dA=0.008881  int_signed_dA=5.791e-14  int_abs_dA=5.837e-14  A_min=-0.01773  max_dA_fwd=0.0001446
  [shape] epoch  21000  rmse=0.00436  max_abs_dA=0.008828  int_signed_dA=5.642e-14  int_abs_dA=5.858e-14  A_min=-0.01779  max_dA_fwd=0.0001457
  [shape] epoch  21250  rmse=0.004198  max_abs_dA=0.008449  int_signed_dA=5.139e-14  int_abs_dA=5.682e-14  A_min=-0.01818  max_dA_fwd=0.0001474
  [shape] epoch  21500  rmse=0.004287  max_abs_dA=0.008643  int_signed_dA=5.509e-14  int_abs_dA=5.771e-14  A_min=-0.01798  max_dA_fwd=0.0001464
  [shape] epoch  21750  rmse=0.00443  max_abs_dA=0.008863  int_signed_dA=5.609e-14  int_abs_dA=5.964e-14  A_min=-0.01777  max_dA_fwd=0.0001468
  [shape] epoch  22000  rmse=0.004237  max_abs_dA=0.008507  int_signed_dA=5.583e-14  int_abs_dA=5.72e-14  A_min=-0.01811  max_dA_fwd=0.0001466
  [shape] epoch  22250  rmse=0.004499  max_abs_dA=0.008823  int_signed_dA=6.431e-14  int_abs_dA=6.431e-14  A_min=-0.0178  max_dA_fwd=0.0001449
  [shape] epoch  22500  rmse=0.004215  max_abs_dA=0.008378  int_signed_dA=4.94e-14  int_abs_dA=5.798e-14  A_min=-0.01827  max_dA_fwd=0.000148
  [shape] epoch  22750  rmse=0.004581  max_abs_dA=0.008992  int_signed_dA=5.83e-14  int_abs_dA=6.204e-14  A_min=-0.01765  max_dA_fwd=0.0001475
  [shape] epoch  23000  rmse=0.004326  max_abs_dA=0.008573  int_signed_dA=5.29e-14  int_abs_dA=5.872e-14  A_min=-0.01808  max_dA_fwd=0.0001483
  [shape] epoch  23250  rmse=0.004171  max_abs_dA=0.008454  int_signed_dA=5.327e-14  int_abs_dA=5.593e-14  A_min=-0.01817  max_dA_fwd=0.0001466
  [shape] epoch  23500  rmse=0.004315  max_abs_dA=0.008586  int_signed_dA=5.555e-14  int_abs_dA=5.813e-14  A_min=-0.01805  max_dA_fwd=0.0001476
  [shape] epoch  23750  rmse=0.004432  max_abs_dA=0.008685  int_signed_dA=5.766e-14  int_abs_dA=6.001e-14  A_min=-0.01795  max_dA_fwd=0.0001481
  [shape] epoch  24000  rmse=0.0044  max_abs_dA=0.008691  int_signed_dA=5.906e-14  int_abs_dA=5.969e-14  A_min=-0.01793  max_dA_fwd=0.0001472
  [shape] epoch  24250  rmse=0.004139  max_abs_dA=0.008173  int_signed_dA=5.087e-14  int_abs_dA=5.618e-14  A_min=-0.01849  max_dA_fwd=0.0001493
  [shape] epoch  24500  rmse=0.004335  max_abs_dA=0.008519  int_signed_dA=5.693e-14  int_abs_dA=5.857e-14  A_min=-0.01813  max_dA_fwd=0.0001485
  [shape] epoch  24750  rmse=0.004309  max_abs_dA=0.008542  int_signed_dA=5.936e-14  int_abs_dA=5.936e-14  A_min=-0.01807  max_dA_fwd=0.0001467
  [shape] epoch  25000  rmse=0.004282  max_abs_dA=0.008394  int_signed_dA=5.78e-14  int_abs_dA=5.828e-14  A_min=-0.01824  max_dA_fwd=0.0001483
  [shape] epoch  25250  rmse=0.004388  max_abs_dA=0.008532  int_signed_dA=5.675e-14  int_abs_dA=5.94e-14  A_min=-0.01813  max_dA_fwd=0.0001495
  [shape] epoch  25500  rmse=0.004262  max_abs_dA=0.008333  int_signed_dA=5.806e-14  int_abs_dA=5.826e-14  A_min=-0.0183  max_dA_fwd=0.0001486
  [shape] epoch  25750  rmse=0.004358  max_abs_dA=0.008409  int_signed_dA=5.26e-14  int_abs_dA=5.988e-14  A_min=-0.01829  max_dA_fwd=0.0001509
  [shape] epoch  26000  rmse=0.004173  max_abs_dA=0.008158  int_signed_dA=5.192e-14  int_abs_dA=5.666e-14  A_min=-0.01852  max_dA_fwd=0.0001506
  [shape] epoch  26250  rmse=0.004503  max_abs_dA=0.008672  int_signed_dA=6.029e-14  int_abs_dA=6.124e-14  A_min=-0.01799  max_dA_fwd=0.0001497
  [shape] epoch  26500  rmse=0.004301  max_abs_dA=0.008323  int_signed_dA=5.489e-14  int_abs_dA=5.826e-14  A_min=-0.01836  max_dA_fwd=0.0001508
  [shape] epoch  26750  rmse=0.004255  max_abs_dA=0.008251  int_signed_dA=5.429e-14  int_abs_dA=5.763e-14  A_min=-0.01843  max_dA_fwd=0.000151
  [shape] epoch  27000  rmse=0.004335  max_abs_dA=0.008344  int_signed_dA=5.857e-14  int_abs_dA=5.913e-14  A_min=-0.01832  max_dA_fwd=0.0001504
  [shape] epoch  27250  rmse=0.004412  max_abs_dA=0.008366  int_signed_dA=5.761e-14  int_abs_dA=5.995e-14  A_min=-0.01834  max_dA_fwd=0.000152
  [shape] epoch  27500  rmse=0.004301  max_abs_dA=0.008276  int_signed_dA=5.8e-14  int_abs_dA=5.861e-14  A_min=-0.01838  max_dA_fwd=0.0001508
  [shape] epoch  27750  rmse=0.004289  max_abs_dA=0.008244  int_signed_dA=5.603e-14  int_abs_dA=5.818e-14  A_min=-0.01844  max_dA_fwd=0.0001515
  [shape] epoch  28000  rmse=0.004313  max_abs_dA=0.008241  int_signed_dA=5.735e-14  int_abs_dA=5.869e-14  A_min=-0.01844  max_dA_fwd=0.0001515
  [shape] epoch  28250  rmse=0.004248  max_abs_dA=0.00818  int_signed_dA=5.934e-14  int_abs_dA=5.934e-14  A_min=-0.01845  max_dA_fwd=0.0001502
  [shape] epoch  28500  rmse=0.004215  max_abs_dA=0.0081  int_signed_dA=5.564e-14  int_abs_dA=5.73e-14  A_min=-0.01857  max_dA_fwd=0.0001517
  [shape] epoch  28750  rmse=0.004418  max_abs_dA=0.008361  int_signed_dA=5.959e-14  int_abs_dA=6.037e-14  A_min=-0.01831  max_dA_fwd=0.0001517
  [shape] epoch  29000  rmse=0.004045  max_abs_dA=0.007593  int_signed_dA=4.312e-14  int_abs_dA=5.738e-14  A_min=-0.01923  max_dA_fwd=0.0001551
  [shape] epoch  29250  rmse=0.004443  max_abs_dA=0.008366  int_signed_dA=5.856e-14  int_abs_dA=6.052e-14  A_min=-0.01834  max_dA_fwd=0.0001528
  [shape] epoch  29500  rmse=0.00418  max_abs_dA=0.007935  int_signed_dA=5.409e-14  int_abs_dA=5.679e-14  A_min=-0.01878  max_dA_fwd=0.0001533
  [shape] epoch  29750  rmse=0.004344  max_abs_dA=0.008185  int_signed_dA=5.808e-14  int_abs_dA=5.925e-14  A_min=-0.01851  max_dA_fwd=0.0001529
  [shape] epoch  30000  rmse=0.004417  max_abs_dA=0.008275  int_signed_dA=5.959e-14  int_abs_dA=6.035e-14  A_min=-0.01843  max_dA_fwd=0.0001532
  [shape] epoch  30250  rmse=0.004208  max_abs_dA=0.007945  int_signed_dA=5.833e-14  int_abs_dA=5.833e-14  A_min=-0.01873  max_dA_fwd=0.0001526
  [shape] epoch  30500  rmse=0.004167  max_abs_dA=0.007781  int_signed_dA=5.011e-14  int_abs_dA=5.74e-14  A_min=-0.01901  max_dA_fwd=0.0001554
  [shape] epoch  30750  rmse=0.004293  max_abs_dA=0.008005  int_signed_dA=5.577e-14  int_abs_dA=5.848e-14  A_min=-0.01873  max_dA_fwd=0.0001543
  [shape] epoch  31000  rmse=0.004274  max_abs_dA=0.008026  int_signed_dA=5.429e-14  int_abs_dA=5.813e-14  A_min=-0.01872  max_dA_fwd=0.0001543
  [shape] epoch  31250  rmse=0.004273  max_abs_dA=0.008051  int_signed_dA=5.775e-14  int_abs_dA=5.842e-14  A_min=-0.01864  max_dA_fwd=0.0001533
  [shape] epoch  31500  rmse=0.004209  max_abs_dA=0.007834  int_signed_dA=5.215e-14  int_abs_dA=5.761e-14  A_min=-0.01894  max_dA_fwd=0.0001555
  [shape] epoch  31750  rmse=0.004147  max_abs_dA=0.00769  int_signed_dA=4.989e-14  int_abs_dA=5.707e-14  A_min=-0.01911  max_dA_fwd=0.0001561
  [shape] epoch  32000  rmse=0.004391  max_abs_dA=0.008141  int_signed_dA=6.025e-14  int_abs_dA=6.052e-14  A_min=-0.01855  max_dA_fwd=0.0001539
  [shape] epoch  32250  rmse=0.004313  max_abs_dA=0.007972  int_signed_dA=5.471e-14  int_abs_dA=5.886e-14  A_min=-0.0188  max_dA_fwd=0.0001555
  [shape] epoch  32500  rmse=0.004257  max_abs_dA=0.007927  int_signed_dA=5.418e-14  int_abs_dA=5.795e-14  A_min=-0.01884  max_dA_fwd=0.0001553
  [shape] epoch  32750  rmse=0.004136  max_abs_dA=0.007719  int_signed_dA=5.058e-14  int_abs_dA=5.664e-14  A_min=-0.01906  max_dA_fwd=0.0001558
  [shape] epoch  33000  rmse=0.004339  max_abs_dA=0.008037  int_signed_dA=5.746e-14  int_abs_dA=5.921e-14  A_min=-0.01869  max_dA_fwd=0.0001548
  [shape] epoch  33250  rmse=0.004348  max_abs_dA=0.007996  int_signed_dA=5.901e-14  int_abs_dA=5.963e-14  A_min=-0.01873  max_dA_fwd=0.0001549
  [shape] epoch  33500  rmse=0.004234  max_abs_dA=0.007861  int_signed_dA=5.679e-14  int_abs_dA=5.783e-14  A_min=-0.01886  max_dA_fwd=0.0001551
  [shape] epoch  33750  rmse=0.004256  max_abs_dA=0.007877  int_signed_dA=5.599e-14  int_abs_dA=5.799e-14  A_min=-0.01886  max_dA_fwd=0.0001554
  [shape] epoch  34000  rmse=0.004196  max_abs_dA=0.00777  int_signed_dA=5.496e-14  int_abs_dA=5.718e-14  A_min=-0.01897  max_dA_fwd=0.0001555
  [shape] epoch  34250  rmse=0.004166  max_abs_dA=0.007751  int_signed_dA=5.575e-14  int_abs_dA=5.682e-14  A_min=-0.01897  max_dA_fwd=0.0001553
  [shape] epoch  34500  rmse=0.004273  max_abs_dA=0.007937  int_signed_dA=5.752e-14  int_abs_dA=5.832e-14  A_min=-0.01879  max_dA_fwd=0.0001549
  [shape] epoch  34750  rmse=0.004493  max_abs_dA=0.008228  int_signed_dA=6.263e-14  int_abs_dA=6.266e-14  A_min=-0.01846  max_dA_fwd=0.000154
  [shape] epoch  35000  rmse=0.004265  max_abs_dA=0.007837  int_signed_dA=5.694e-14  int_abs_dA=5.821e-14  A_min=-0.0189  max_dA_fwd=0.0001557
  [shape] epoch  35250  rmse=0.004278  max_abs_dA=0.007865  int_signed_dA=5.656e-14  int_abs_dA=5.83e-14  A_min=-0.01888  max_dA_fwd=0.0001558
  [shape] epoch  35500  rmse=0.004234  max_abs_dA=0.007771  int_signed_dA=5.665e-14  int_abs_dA=5.782e-14  A_min=-0.01897  max_dA_fwd=0.0001558
  [shape] epoch  35750  rmse=0.004211  max_abs_dA=0.007744  int_signed_dA=5.62e-14  int_abs_dA=5.749e-14  A_min=-0.019  max_dA_fwd=0.0001557
  [shape] epoch  36000  rmse=0.004196  max_abs_dA=0.007711  int_signed_dA=5.542e-14  int_abs_dA=5.715e-14  A_min=-0.01905  max_dA_fwd=0.000156
  [shape] epoch  36250  rmse=0.004107  max_abs_dA=0.007622  int_signed_dA=5.433e-14  int_abs_dA=5.586e-14  A_min=-0.01912  max_dA_fwd=0.0001556
  [shape] epoch  36500  rmse=0.004234  max_abs_dA=0.007781  int_signed_dA=5.503e-14  int_abs_dA=5.757e-14  A_min=-0.01899  max_dA_fwd=0.000156
  [shape] epoch  36750  rmse=0.004366  max_abs_dA=0.007987  int_signed_dA=5.976e-14  int_abs_dA=6.009e-14  A_min=-0.01873  max_dA_fwd=0.0001549
  [shape] epoch  37000  rmse=0.004139  max_abs_dA=0.007639  int_signed_dA=5.194e-14  int_abs_dA=5.634e-14  A_min=-0.01916  max_dA_fwd=0.0001562
  [shape] epoch  37250  rmse=0.004246  max_abs_dA=0.007807  int_signed_dA=5.659e-14  int_abs_dA=5.787e-14  A_min=-0.01895  max_dA_fwd=0.0001554
  [shape] epoch  37500  rmse=0.004231  max_abs_dA=0.007722  int_signed_dA=5.487e-14  int_abs_dA=5.752e-14  A_min=-0.01907  max_dA_fwd=0.0001562
  [shape] epoch  37750  rmse=0.004182  max_abs_dA=0.007738  int_signed_dA=5.498e-14  int_abs_dA=5.682e-14  A_min=-0.01902  max_dA_fwd=0.0001553
  [shape] epoch  38000  rmse=0.004314  max_abs_dA=0.007931  int_signed_dA=5.698e-14  int_abs_dA=5.877e-14  A_min=-0.01882  max_dA_fwd=0.0001551
  [shape] epoch  38250  rmse=0.00427  max_abs_dA=0.007858  int_signed_dA=5.711e-14  int_abs_dA=5.821e-14  A_min=-0.01889  max_dA_fwd=0.0001549
  [shape] epoch  38500  rmse=0.004207  max_abs_dA=0.007738  int_signed_dA=5.547e-14  int_abs_dA=5.716e-14  A_min=-0.01903  max_dA_fwd=0.0001554
  [shape] epoch  38750  rmse=0.004217  max_abs_dA=0.00776  int_signed_dA=5.556e-14  int_abs_dA=5.734e-14  A_min=-0.019  max_dA_fwd=0.000155
  [shape] epoch  39000  rmse=0.004205  max_abs_dA=0.007743  int_signed_dA=5.522e-14  int_abs_dA=5.707e-14  A_min=-0.01903  max_dA_fwd=0.000155
  [shape] epoch  39250  rmse=0.004204  max_abs_dA=0.007757  int_signed_dA=5.558e-14  int_abs_dA=5.709e-14  A_min=-0.019  max_dA_fwd=0.0001547
  [shape] epoch  39500  rmse=0.004162  max_abs_dA=0.007693  int_signed_dA=5.373e-14  int_abs_dA=5.633e-14  A_min=-0.01909  max_dA_fwd=0.000155
  [shape] epoch  39750  rmse=0.004132  max_abs_dA=0.007666  int_signed_dA=5.402e-14  int_abs_dA=5.594e-14  A_min=-0.0191  max_dA_fwd=0.0001546
  [shape] epoch  40000  rmse=0.004269  max_abs_dA=0.007873  int_signed_dA=5.691e-14  int_abs_dA=5.801e-14  A_min=-0.01888  max_dA_fwd=0.000154
  [shape] epoch  40250  rmse=0.004017  max_abs_dA=0.007557  int_signed_dA=5.099e-14  int_abs_dA=5.412e-14  A_min=-0.01922  max_dA_fwd=0.0001543
  [shape] epoch  40500  rmse=0.004215  max_abs_dA=0.007795  int_signed_dA=5.566e-14  int_abs_dA=5.712e-14  A_min=-0.01897  max_dA_fwd=0.000154
  [shape] epoch  40750  rmse=0.004213  max_abs_dA=0.007805  int_signed_dA=5.536e-14  int_abs_dA=5.7e-14  A_min=-0.01896  max_dA_fwd=0.0001539
  [shape] epoch  41000  rmse=0.004164  max_abs_dA=0.007668  int_signed_dA=5.139e-14  int_abs_dA=5.667e-14  A_min=-0.01915  max_dA_fwd=0.0001548
  [shape] epoch  41250  rmse=0.004232  max_abs_dA=0.007841  int_signed_dA=5.565e-14  int_abs_dA=5.723e-14  A_min=-0.01892  max_dA_fwd=0.0001536
  [shape] epoch  41500  rmse=0.004076  max_abs_dA=0.007688  int_signed_dA=5.46e-14  int_abs_dA=5.519e-14  A_min=-0.01904  max_dA_fwd=0.0001529
  [shape] epoch  41750  rmse=0.004114  max_abs_dA=0.007673  int_signed_dA=5.138e-14  int_abs_dA=5.546e-14  A_min=-0.01913  max_dA_fwd=0.000154
  [shape] epoch  42000  rmse=0.00429  max_abs_dA=0.007953  int_signed_dA=5.723e-14  int_abs_dA=5.812e-14  A_min=-0.0188  max_dA_fwd=0.0001529
  [shape] epoch  42250  rmse=0.004237  max_abs_dA=0.007885  int_signed_dA=5.602e-14  int_abs_dA=5.724e-14  A_min=-0.01887  max_dA_fwd=0.0001528
  [shape] epoch  42500  rmse=0.004292  max_abs_dA=0.007977  int_signed_dA=5.73e-14  int_abs_dA=5.812e-14  A_min=-0.01877  max_dA_fwd=0.0001525
  [shape] epoch  42750  rmse=0.004232  max_abs_dA=0.007879  int_signed_dA=5.54e-14  int_abs_dA=5.701e-14  A_min=-0.01889  max_dA_fwd=0.0001528
  [shape] epoch  43000  rmse=0.004278  max_abs_dA=0.007956  int_signed_dA=5.62e-14  int_abs_dA=5.765e-14  A_min=-0.01881  max_dA_fwd=0.0001526
  [shape] epoch  43250  rmse=0.004239  max_abs_dA=0.007913  int_signed_dA=5.493e-14  int_abs_dA=5.696e-14  A_min=-0.01886  max_dA_fwd=0.0001525
  [shape] epoch  43500  rmse=0.004158  max_abs_dA=0.007829  int_signed_dA=5.361e-14  int_abs_dA=5.573e-14  A_min=-0.01894  max_dA_fwd=0.0001523
  [shape] epoch  43750  rmse=0.004194  max_abs_dA=0.007882  int_signed_dA=5.472e-14  int_abs_dA=5.627e-14  A_min=-0.01888  max_dA_fwd=0.0001521
  [shape] epoch  44000  rmse=0.004248  max_abs_dA=0.007952  int_signed_dA=5.591e-14  int_abs_dA=5.714e-14  A_min=-0.01881  max_dA_fwd=0.0001519
  [shape] epoch  44250  rmse=0.004278  max_abs_dA=0.00798  int_signed_dA=5.576e-14  int_abs_dA=5.746e-14  A_min=-0.01879  max_dA_fwd=0.0001521
  [shape] epoch  44500  rmse=0.00418  max_abs_dA=0.007861  int_signed_dA=5.37e-14  int_abs_dA=5.592e-14  A_min=-0.01892  max_dA_fwd=0.000152
  [shape] epoch  44750  rmse=0.004269  max_abs_dA=0.007989  int_signed_dA=5.56e-14  int_abs_dA=5.724e-14  A_min=-0.01878  max_dA_fwd=0.0001518
  [shape] epoch  45000  rmse=0.00426  max_abs_dA=0.00798  int_signed_dA=5.527e-14  int_abs_dA=5.706e-14  A_min=-0.0188  max_dA_fwd=0.0001518
  [shape] epoch  45250  rmse=0.004161  max_abs_dA=0.007877  int_signed_dA=5.346e-14  int_abs_dA=5.553e-14  A_min=-0.0189  max_dA_fwd=0.0001515
  [shape] epoch  45500  rmse=0.004218  max_abs_dA=0.007945  int_signed_dA=5.462e-14  int_abs_dA=5.638e-14  A_min=-0.01883  max_dA_fwd=0.0001515
  [shape] epoch  45750  rmse=0.004263  max_abs_dA=0.008003  int_signed_dA=5.52e-14  int_abs_dA=5.702e-14  A_min=-0.01878  max_dA_fwd=0.0001515
  [shape] epoch  46000  rmse=0.004162  max_abs_dA=0.007884  int_signed_dA=5.294e-14  int_abs_dA=5.541e-14  A_min=-0.0189  max_dA_fwd=0.0001515
  [shape] epoch  46250  rmse=0.004178  max_abs_dA=0.007895  int_signed_dA=5.317e-14  int_abs_dA=5.567e-14  A_min=-0.01889  max_dA_fwd=0.0001514
  [shape] epoch  46500  rmse=0.004237  max_abs_dA=0.007994  int_signed_dA=5.491e-14  int_abs_dA=5.656e-14  A_min=-0.01878  max_dA_fwd=0.0001511
  [shape] epoch  46750  rmse=0.004269  max_abs_dA=0.008045  int_signed_dA=5.54e-14  int_abs_dA=5.701e-14  A_min=-0.01873  max_dA_fwd=0.0001509
  [shape] epoch  47000  rmse=0.004258  max_abs_dA=0.008037  int_signed_dA=5.5e-14  int_abs_dA=5.676e-14  A_min=-0.01875  max_dA_fwd=0.000151
  [shape] epoch  47250  rmse=0.004226  max_abs_dA=0.008007  int_signed_dA=5.479e-14  int_abs_dA=5.632e-14  A_min=-0.01877  max_dA_fwd=0.0001507
  [shape] epoch  47500  rmse=0.004337  max_abs_dA=0.008152  int_signed_dA=5.69e-14  int_abs_dA=5.802e-14  A_min=-0.01862  max_dA_fwd=0.0001506
  [shape] epoch  47750  rmse=0.004254  max_abs_dA=0.008059  int_signed_dA=5.538e-14  int_abs_dA=5.671e-14  A_min=-0.01872  max_dA_fwd=0.0001505
  [shape] epoch  48000  rmse=0.004246  max_abs_dA=0.008056  int_signed_dA=5.529e-14  int_abs_dA=5.659e-14  A_min=-0.01872  max_dA_fwd=0.0001504
  [shape] epoch  48250  rmse=0.0043  max_abs_dA=0.008118  int_signed_dA=5.597e-14  int_abs_dA=5.733e-14  A_min=-0.01866  max_dA_fwd=0.0001505
  [shape] epoch  48500  rmse=0.004255  max_abs_dA=0.008065  int_signed_dA=5.513e-14  int_abs_dA=5.662e-14  A_min=-0.01872  max_dA_fwd=0.0001504
  [shape] epoch  48750  rmse=0.00424  max_abs_dA=0.008046  int_signed_dA=5.462e-14  int_abs_dA=5.634e-14  A_min=-0.01874  max_dA_fwd=0.0001504
  [shape] epoch  49000  rmse=0.00426  max_abs_dA=0.008083  int_signed_dA=5.534e-14  int_abs_dA=5.669e-14  A_min=-0.0187  max_dA_fwd=0.0001502
  [shape] epoch  49250  rmse=0.004231  max_abs_dA=0.00806  int_signed_dA=5.479e-14  int_abs_dA=5.621e-14  A_min=-0.01872  max_dA_fwd=0.0001501
  [shape] epoch  49500  rmse=0.004266  max_abs_dA=0.008095  int_signed_dA=5.517e-14  int_abs_dA=5.669e-14  A_min=-0.01869  max_dA_fwd=0.0001502
  [shape] epoch  49750  rmse=0.00428  max_abs_dA=0.008115  int_signed_dA=5.532e-14  int_abs_dA=5.687e-14  A_min=-0.01868  max_dA_fwd=0.0001502
  [shape] epoch  50000  rmse=0.004263  max_abs_dA=0.008104  int_signed_dA=5.514e-14  int_abs_dA=5.66e-14  A_min=-0.01868  max_dA_fwd=0.0001501
  [shape] epoch  50250  rmse=0.004262  max_abs_dA=0.008107  int_signed_dA=5.55e-14  int_abs_dA=5.666e-14  A_min=-0.01867  max_dA_fwd=0.0001499
  [shape] epoch  50500  rmse=0.00426  max_abs_dA=0.008108  int_signed_dA=5.51e-14  int_abs_dA=5.653e-14  A_min=-0.01868  max_dA_fwd=0.0001499
  [shape] epoch  50750  rmse=0.004258  max_abs_dA=0.008105  int_signed_dA=5.501e-14  int_abs_dA=5.649e-14  A_min=-0.01869  max_dA_fwd=0.0001499
  [shape] epoch  51000  rmse=0.004258  max_abs_dA=0.008108  int_signed_dA=5.502e-14  int_abs_dA=5.648e-14  A_min=-0.01868  max_dA_fwd=0.0001499
  [shape] epoch  51250  rmse=0.004331  max_abs_dA=0.008228  int_signed_dA=5.687e-14  int_abs_dA=5.766e-14  A_min=-0.01855  max_dA_fwd=0.0001496
  [shape] epoch  51500  rmse=0.004272  max_abs_dA=0.008129  int_signed_dA=5.518e-14  int_abs_dA=5.665e-14  A_min=-0.01867  max_dA_fwd=0.0001498
  [shape] epoch  51750  rmse=0.004232  max_abs_dA=0.008066  int_signed_dA=5.45e-14  int_abs_dA=5.607e-14  A_min=-0.01873  max_dA_fwd=0.0001498
  [shape] epoch  52000  rmse=0.004252  max_abs_dA=0.008117  int_signed_dA=5.495e-14  int_abs_dA=5.633e-14  A_min=-0.01868  max_dA_fwd=0.0001497
  [shape] epoch  52250  rmse=0.004234  max_abs_dA=0.008094  int_signed_dA=5.45e-14  int_abs_dA=5.601e-14  A_min=-0.0187  max_dA_fwd=0.0001497
  [shape] epoch  52500  rmse=0.004239  max_abs_dA=0.008086  int_signed_dA=5.432e-14  int_abs_dA=5.607e-14  A_min=-0.01872  max_dA_fwd=0.0001498
  [shape] epoch  52750  rmse=0.004327  max_abs_dA=0.008215  int_signed_dA=5.609e-14  int_abs_dA=5.74e-14  A_min=-0.01858  max_dA_fwd=0.0001497
  [shape] epoch  53000  rmse=0.004265  max_abs_dA=0.008148  int_signed_dA=5.513e-14  int_abs_dA=5.645e-14  A_min=-0.01865  max_dA_fwd=0.0001495
  [shape] epoch  53250  rmse=0.004281  max_abs_dA=0.008162  int_signed_dA=5.528e-14  int_abs_dA=5.667e-14  A_min=-0.01864  max_dA_fwd=0.0001496
  [shape] epoch  53500  rmse=0.004286  max_abs_dA=0.008165  int_signed_dA=5.528e-14  int_abs_dA=5.673e-14  A_min=-0.01864  max_dA_fwd=0.0001496
  [shape] epoch  53750  rmse=0.004278  max_abs_dA=0.008165  int_signed_dA=5.522e-14  int_abs_dA=5.66e-14  A_min=-0.01864  max_dA_fwd=0.0001495
  [shape] epoch  54000  rmse=0.00422  max_abs_dA=0.008097  int_signed_dA=5.395e-14  int_abs_dA=5.566e-14  A_min=-0.01871  max_dA_fwd=0.0001496
  [shape] epoch  54250  rmse=0.004276  max_abs_dA=0.008166  int_signed_dA=5.515e-14  int_abs_dA=5.654e-14  A_min=-0.01864  max_dA_fwd=0.0001495
  [shape] epoch  54500  rmse=0.004268  max_abs_dA=0.008158  int_signed_dA=5.5e-14  int_abs_dA=5.641e-14  A_min=-0.01865  max_dA_fwd=0.0001495
  [shape] epoch  54750  rmse=0.004264  max_abs_dA=0.008155  int_signed_dA=5.502e-14  int_abs_dA=5.636e-14  A_min=-0.01865  max_dA_fwd=0.0001494
  [shape] epoch  55000  rmse=0.004275  max_abs_dA=0.008169  int_signed_dA=5.509e-14  int_abs_dA=5.65e-14  A_min=-0.01864  max_dA_fwd=0.0001494
  [shape] epoch  55250  rmse=0.004274  max_abs_dA=0.008172  int_signed_dA=5.507e-14  int_abs_dA=5.646e-14  A_min=-0.01863  max_dA_fwd=0.0001494
  [shape] epoch  55500  rmse=0.00427  max_abs_dA=0.008167  int_signed_dA=5.5e-14  int_abs_dA=5.639e-14  A_min=-0.01864  max_dA_fwd=0.0001494
  [shape] epoch  55750  rmse=0.004272  max_abs_dA=0.008172  int_signed_dA=5.503e-14  int_abs_dA=5.641e-14  A_min=-0.01864  max_dA_fwd=0.0001494
  [shape] epoch  56000  rmse=0.004274  max_abs_dA=0.008176  int_signed_dA=5.505e-14  int_abs_dA=5.644e-14  A_min=-0.01863  max_dA_fwd=0.0001494
  [shape] epoch  56250  rmse=0.004261  max_abs_dA=0.008158  int_signed_dA=5.486e-14  int_abs_dA=5.625e-14  A_min=-0.01865  max_dA_fwd=0.0001493
  [shape] epoch  56500  rmse=0.004258  max_abs_dA=0.008151  int_signed_dA=5.462e-14  int_abs_dA=5.616e-14  A_min=-0.01866  max_dA_fwd=0.0001494
  [shape] epoch  56750  rmse=0.004278  max_abs_dA=0.008183  int_signed_dA=5.508e-14  int_abs_dA=5.647e-14  A_min=-0.01863  max_dA_fwd=0.0001493
  [shape] epoch  57000  rmse=0.004265  max_abs_dA=0.008156  int_signed_dA=5.465e-14  int_abs_dA=5.626e-14  A_min=-0.01866  max_dA_fwd=0.0001494
  [shape] epoch  57250  rmse=0.004269  max_abs_dA=0.008177  int_signed_dA=5.493e-14  int_abs_dA=5.631e-14  A_min=-0.01864  max_dA_fwd=0.0001493
  [shape] epoch  57500  rmse=0.004267  max_abs_dA=0.008174  int_signed_dA=5.483e-14  int_abs_dA=5.627e-14  A_min=-0.01864  max_dA_fwd=0.0001493
  [shape] epoch  57750  rmse=0.004276  max_abs_dA=0.008192  int_signed_dA=5.509e-14  int_abs_dA=5.64e-14  A_min=-0.01862  max_dA_fwd=0.0001492
  [shape] epoch  58000  rmse=0.00424  max_abs_dA=0.008144  int_signed_dA=5.429e-14  int_abs_dA=5.583e-14  A_min=-0.01867  max_dA_fwd=0.0001493
  [shape] epoch  58250  rmse=0.004267  max_abs_dA=0.008179  int_signed_dA=5.487e-14  int_abs_dA=5.625e-14  A_min=-0.01864  max_dA_fwd=0.0001492
  [shape] epoch  58500  rmse=0.00427  max_abs_dA=0.008183  int_signed_dA=5.49e-14  int_abs_dA=5.628e-14  A_min=-0.01863  max_dA_fwd=0.0001492
  [shape] epoch  58750  rmse=0.004271  max_abs_dA=0.008186  int_signed_dA=5.493e-14  int_abs_dA=5.629e-14  A_min=-0.01863  max_dA_fwd=0.0001492
  [shape] epoch  59000  rmse=0.004317  max_abs_dA=0.008241  int_signed_dA=5.574e-14  int_abs_dA=5.7e-14  A_min=-0.01858  max_dA_fwd=0.0001492
  [shape] epoch  59250  rmse=0.004254  max_abs_dA=0.008169  int_signed_dA=5.458e-14  int_abs_dA=5.6e-14  A_min=-0.01865  max_dA_fwd=0.0001492
  [shape] epoch  59500  rmse=0.004275  max_abs_dA=0.008194  int_signed_dA=5.496e-14  int_abs_dA=5.632e-14  A_min=-0.01862  max_dA_fwd=0.0001492
  [shape] epoch  59750  rmse=0.004265  max_abs_dA=0.008183  int_signed_dA=5.479e-14  int_abs_dA=5.617e-14  A_min=-0.01864  max_dA_fwd=0.0001492
  [shape] epoch  59999  rmse=0.004277  max_abs_dA=0.008207  int_signed_dA=5.507e-14  int_abs_dA=5.634e-14  A_min=-0.01861  max_dA_fwd=0.0001491
[spectral-pn] spn-L0.01-s42: loss 4.015e-03 -> 2.679e-08 (x149841 drop)
[spectral-pn] RMSE=0.0043 max|dA|=0.0082 gamma_eff=4.2722e+11 gamma_ratio=0.9985
[spectral-pn] snapshot=final best_epoch=59999 best_loss=2.679e-08 final_loss=2.679e-08
[spectral-pn-shape] cancel=0.977 int_signed_dA=5.5068e-14 int_abs_dA=5.6342e-14 A_min=-1.8610e-02 max_dA_fwd=1.4911e-04
[spectral-pn] saved: runs/transient/pn_sumrule_ladder_2d/ladder_L0.01_2d
