[spectral-pn] case: L=10.0 um, Nk=20, L_max=8, run=20260815_114149
[spectral-pn] window t_end=2.176e-07 s (32536.3 tau_ref), gamma_dom=3.2169e+07 Hz
[spectral-pn] window mode=n_decay rule=n_decay (t_1% at 0.01*A0: nan s; n_dec=7/gamma_dom: 2.1760e-07 s)
  epoch      0  residual 8.005e+00
  epoch    250  residual 1.892e-03
  epoch    500  residual 1.284e-03
  epoch    750  residual 6.732e-04
  epoch   1000  residual 2.868e-04
  epoch   1250  residual 1.883e-04
  epoch   1500  residual 1.476e-04
  epoch   1750  residual 1.164e-04
  epoch   2000  residual 9.308e-05
  epoch   2250  residual 7.691e-05
  epoch   2500  residual 6.473e-05
  epoch   2750  residual 6.532e-05
  epoch   3000  residual 4.902e-05
  epoch   3250  residual 4.020e-05
  epoch   3500  residual 4.248e-05
  epoch   3750  residual 3.044e-05
  epoch   4000  residual 2.885e-05
  epoch   4250  residual 2.375e-05
  epoch   4500  residual 2.531e-05
  epoch   4750  residual 3.689e-05
  epoch   5000  residual 1.676e-05
  epoch   5250  residual 1.552e-05
  epoch   5500  residual 4.562e-05
  epoch   5750  residual 1.268e-05
  epoch   6000  residual 1.184e-05
  epoch   6250  residual 1.299e-05
  epoch   6500  residual 1.053e-05
  epoch   6750  residual 4.459e-05
  epoch   7000  residual 9.046e-06
  epoch   7250  residual 8.448e-06
  epoch   7500  residual 9.755e-06
  epoch   7750  residual 9.418e-06
  epoch   8000  residual 7.505e-06
  epoch   8250  residual 2.422e-05
  epoch   8500  residual 1.149e-05
  epoch   8750  residual 6.060e-06
  epoch   9000  residual 3.394e-05
  epoch   9250  residual 1.608e-05
  epoch   9500  residual 4.864e-06
  epoch   9750  residual 4.167e-06
  epoch  10000  residual 4.670e-06
  epoch  10250  residual 3.720e-06
  epoch  10500  residual 1.025e-05
  epoch  10750  residual 7.224e-06
  epoch  11000  residual 1.276e-05
  epoch  11250  residual 2.015e-05
  epoch  11500  residual 3.688e-06
  epoch  11750  residual 4.730e-06
  epoch  12000  residual 4.405e-06
  epoch  12250  residual 2.798e-06
  epoch  12500  residual 2.925e-06
  epoch  12750  residual 4.400e-06
  epoch  13000  residual 4.539e-06
  epoch  13250  residual 1.690e-05
  epoch  13500  residual 7.659e-05
  epoch  13750  residual 5.274e-06
  epoch  14000  residual 1.484e-05
  epoch  14250  residual 2.294e-06
  epoch  14500  residual 2.633e-06
  epoch  14750  residual 5.736e-06
  epoch  15000  residual 3.006e-06
  epoch  15250  residual 1.918e-06
  epoch  15500  residual 1.940e-06
  epoch  15750  residual 5.779e-06
  epoch  16000  residual 2.787e-06
  epoch  16250  residual 2.918e-06
  epoch  16500  residual 1.257e-05
  epoch  16750  residual 1.789e-06
  epoch  17000  residual 1.598e-05
  epoch  17250  residual 1.907e-06
  epoch  17500  residual 2.064e-06
  epoch  17750  residual 1.549e-06
  epoch  18000  residual 1.163e-05
  epoch  18250  residual 2.376e-06
  epoch  18500  residual 2.234e-06
  epoch  18750  residual 5.427e-06
  epoch  19000  residual 1.755e-06
  epoch  19250  residual 1.491e-06
  epoch  19500  residual 1.926e-06
  epoch  19750  residual 1.431e-06
  epoch  20000  residual 1.332e-06
  epoch  20250  residual 1.376e-06
  epoch  20500  residual 1.891e-06
  epoch  20750  residual 1.555e-06
  epoch  21000  residual 1.538e-06
  epoch  21250  residual 2.094e-06
  epoch  21500  residual 1.457e-06
  epoch  21750  residual 2.987e-06
  epoch  22000  residual 2.208e-06
  epoch  22250  residual 1.112e-05
  epoch  22500  residual 1.675e-06
  epoch  22750  residual 2.381e-06
  epoch  23000  residual 1.452e-06
  epoch  23250  residual 2.506e-06
  epoch  23500  residual 6.096e-06
  epoch  23750  residual 3.733e-06
  epoch  24000  residual 5.720e-06
  epoch  24250  residual 1.919e-05
  epoch  24500  residual 1.065e-06
  epoch  24750  residual 1.051e-06
  epoch  25000  residual 1.282e-05
  epoch  25250  residual 1.254e-06
  epoch  25500  residual 1.228e-06
  epoch  25750  residual 1.270e-06
  epoch  26000  residual 1.004e-06
  epoch  26250  residual 1.108e-06
  epoch  26500  residual 1.148e-06
  epoch  26750  residual 1.097e-06
  epoch  27000  residual 9.496e-07
  epoch  27250  residual 5.382e-06
  epoch  27500  residual 9.343e-07
  epoch  27750  residual 9.571e-07
  epoch  28000  residual 9.217e-07
  epoch  28250  residual 9.368e-07
  epoch  28500  residual 8.941e-07
  epoch  28750  residual 1.296e-06
  epoch  29000  residual 8.987e-07
  epoch  29250  residual 9.205e-07
  epoch  29500  residual 9.773e-07
  epoch  29750  residual 4.741e-06
  epoch  30000  residual 1.038e-06
  epoch  30250  residual 8.698e-07
  epoch  30500  residual 8.190e-07
  epoch  30750  residual 8.534e-07
  epoch  31000  residual 8.069e-07
  epoch  31250  residual 3.652e-06
  epoch  31500  residual 8.006e-07
  epoch  31750  residual 1.550e-06
  epoch  32000  residual 1.420e-06
  epoch  32250  residual 1.521e-06
  epoch  32500  residual 9.392e-07
  epoch  32750  residual 7.476e-07
  epoch  33000  residual 7.495e-07
  epoch  33250  residual 8.416e-07
  epoch  33500  residual 1.060e-06
  epoch  33750  residual 7.234e-06
  epoch  34000  residual 8.957e-07
  epoch  34250  residual 7.149e-07
  epoch  34500  residual 2.295e-06
  epoch  34750  residual 6.764e-07
  epoch  35000  residual 8.094e-07
  epoch  35250  residual 2.340e-06
  epoch  35500  residual 6.758e-07
  epoch  35750  residual 6.551e-07
  epoch  36000  residual 7.602e-07
  epoch  36250  residual 6.231e-07
  epoch  36500  residual 6.333e-07
  epoch  36750  residual 2.464e-06
  epoch  37000  residual 5.993e-07
  epoch  37250  residual 5.906e-07
  epoch  37500  residual 6.753e-07
  epoch  37750  residual 5.714e-07
  epoch  38000  residual 1.117e-06
  epoch  38250  residual 1.078e-06
  epoch  38500  residual 5.458e-07
  epoch  38750  residual 4.073e-06
  epoch  39000  residual 5.325e-07
  epoch  39250  residual 5.685e-07
  epoch  39500  residual 1.046e-06
  epoch  39750  residual 5.395e-07
  epoch  40000  residual 5.117e-07
  epoch  40250  residual 6.520e-07
  epoch  40500  residual 4.812e-07
  epoch  40750  residual 4.747e-07
  epoch  41000  residual 4.178e-06
  epoch  41250  residual 4.809e-07
  epoch  41500  residual 5.452e-07
  epoch  41750  residual 6.141e-07
  epoch  42000  residual 4.368e-07
  epoch  42250  residual 5.451e-07
  epoch  42500  residual 4.324e-07
  epoch  42750  residual 5.296e-07
  epoch  43000  residual 4.059e-07
  epoch  43250  residual 4.786e-07
  epoch  43500  residual 4.058e-07
  epoch  43750  residual 3.845e-07
  epoch  44000  residual 3.841e-07
  epoch  44250  residual 3.727e-07
  epoch  44500  residual 3.654e-07
  epoch  44750  residual 3.572e-07
  epoch  45000  residual 3.552e-07
  epoch  45250  residual 3.596e-07
  epoch  45500  residual 3.412e-07
  epoch  45750  residual 3.385e-07
  epoch  46000  residual 3.253e-07
  epoch  46250  residual 3.187e-07
  epoch  46500  residual 3.319e-07
  epoch  46750  residual 3.176e-07
  epoch  47000  residual 3.635e-06
  epoch  47250  residual 8.550e-07
  epoch  47500  residual 2.908e-07
  epoch  47750  residual 2.857e-07
  epoch  48000  residual 3.357e-07
  epoch  48250  residual 3.386e-07
  epoch  48500  residual 2.762e-07
  epoch  48750  residual 2.921e-07
  epoch  49000  residual 4.280e-07
  epoch  49250  residual 2.636e-07
  epoch  49500  residual 2.834e-07
  epoch  49750  residual 1.277e-06
  epoch  50000  residual 2.498e-07
  epoch  50250  residual 2.449e-07
  epoch  50500  residual 2.373e-07
  epoch  50750  residual 2.665e-07
  epoch  51000  residual 2.303e-07
  epoch  51250  residual 2.719e-07
  epoch  51500  residual 2.299e-07
  epoch  51750  residual 2.210e-07
  epoch  52000  residual 2.199e-07
  epoch  52250  residual 1.286e-06
  epoch  52500  residual 2.738e-07
  epoch  52750  residual 2.086e-07
  epoch  53000  residual 2.055e-07
  epoch  53250  residual 2.063e-07
  epoch  53500  residual 2.003e-07
  epoch  53750  residual 2.006e-07
  epoch  54000  residual 1.954e-07
  epoch  54250  residual 2.633e-07
  epoch  54500  residual 1.910e-07
  epoch  54750  residual 1.885e-07
  epoch  55000  residual 1.925e-07
  epoch  55250  residual 2.057e-07
  epoch  55500  residual 2.088e-07
  epoch  55750  residual 1.804e-07
  epoch  56000  residual 1.780e-07
  epoch  56250  residual 1.850e-07
  epoch  56500  residual 1.744e-07
  epoch  56750  residual 2.060e-07
  epoch  57000  residual 1.708e-07
  epoch  57250  residual 1.690e-07
  epoch  57500  residual 1.677e-07
  epoch  57750  residual 2.763e-07
  epoch  58000  residual 2.416e-07
  epoch  58250  residual 2.254e-07
  epoch  58500  residual 1.624e-07
  epoch  58750  residual 1.596e-07
  epoch  59000  residual 3.910e-07
  epoch  59250  residual 1.574e-07
  epoch  59500  residual 1.553e-07
  epoch  59750  residual 1.539e-07
  epoch  59999  residual 1.573e-07
  [gamma] epoch      0  gamma_ratio 11.9887  residual 8.005e+00
  [gamma] epoch    250  gamma_ratio 1.0794  residual 1.892e-03
  [gamma] epoch    500  gamma_ratio 1.0838  residual 1.284e-03
  [gamma] epoch    750  gamma_ratio 1.1070  residual 6.732e-04
  [gamma] epoch   1000  gamma_ratio 1.1203  residual 2.868e-04
  [gamma] epoch   1250  gamma_ratio 1.0884  residual 1.883e-04
  [gamma] epoch   1500  gamma_ratio 1.0759  residual 1.476e-04
  [gamma] epoch   1750  gamma_ratio 1.0692  residual 1.164e-04
  [gamma] epoch   2000  gamma_ratio 1.0621  residual 9.308e-05
  [gamma] epoch   2250  gamma_ratio 1.0540  residual 7.691e-05
  [gamma] epoch   2500  gamma_ratio 1.0468  residual 6.473e-05
  [gamma] epoch   2750  gamma_ratio 1.0412  residual 6.532e-05
  [gamma] epoch   3000  gamma_ratio 1.0361  residual 4.902e-05
  [gamma] epoch   3250  gamma_ratio 1.0308  residual 4.020e-05
  [gamma] epoch   3500  gamma_ratio 1.0258  residual 4.248e-05
  [gamma] epoch   3750  gamma_ratio 1.0213  residual 3.044e-05
  [gamma] epoch   4000  gamma_ratio 1.0173  residual 2.885e-05
  [gamma] epoch   4250  gamma_ratio 1.0145  residual 2.375e-05
  [gamma] epoch   4500  gamma_ratio 1.0122  residual 2.531e-05
  [gamma] epoch   4750  gamma_ratio 1.0101  residual 3.689e-05
  [gamma] epoch   5000  gamma_ratio 1.0089  residual 1.676e-05
  [gamma] epoch   5250  gamma_ratio 1.0076  residual 1.552e-05
  [gamma] epoch   5500  gamma_ratio 1.0060  residual 4.562e-05
  [gamma] epoch   5750  gamma_ratio 1.0049  residual 1.268e-05
  [gamma] epoch   6000  gamma_ratio 1.0037  residual 1.184e-05
  [gamma] epoch   6250  gamma_ratio 1.0020  residual 1.299e-05
  [gamma] epoch   6500  gamma_ratio 1.0012  residual 1.053e-05
  [gamma] epoch   6750  gamma_ratio 1.0001  residual 4.459e-05
  [gamma] epoch   7000  gamma_ratio 0.9991  residual 9.046e-06
  [gamma] epoch   7250  gamma_ratio 0.9986  residual 8.448e-06
  [gamma] epoch   7500  gamma_ratio 0.9978  residual 9.755e-06
  [gamma] epoch   7750  gamma_ratio 0.9974  residual 9.418e-06
  [gamma] epoch   8000  gamma_ratio 0.9969  residual 7.505e-06
  [gamma] epoch   8250  gamma_ratio 0.9989  residual 2.422e-05
  [gamma] epoch   8500  gamma_ratio 0.9979  residual 1.149e-05
  [gamma] epoch   8750  gamma_ratio 0.9966  residual 6.060e-06
  [gamma] epoch   9000  gamma_ratio 0.9944  residual 3.394e-05
  [gamma] epoch   9250  gamma_ratio 0.9998  residual 1.608e-05
  [gamma] epoch   9500  gamma_ratio 0.9974  residual 4.864e-06
  [gamma] epoch   9750  gamma_ratio 0.9982  residual 4.167e-06
  [gamma] epoch  10000  gamma_ratio 0.9980  residual 4.670e-06
  [gamma] epoch  10250  gamma_ratio 0.9989  residual 3.720e-06
  [gamma] epoch  10500  gamma_ratio 1.0004  residual 1.025e-05
  [gamma] epoch  10750  gamma_ratio 1.0006  residual 7.224e-06
  [gamma] epoch  11000  gamma_ratio 0.9991  residual 1.276e-05
  [gamma] epoch  11250  gamma_ratio 1.0070  residual 2.015e-05
  [gamma] epoch  11500  gamma_ratio 1.0001  residual 3.688e-06
  [gamma] epoch  11750  gamma_ratio 0.9995  residual 4.730e-06
  [gamma] epoch  12000  gamma_ratio 0.9997  residual 4.405e-06
  [gamma] epoch  12250  gamma_ratio 1.0018  residual 2.798e-06
  [gamma] epoch  12500  gamma_ratio 1.0022  residual 2.925e-06
  [gamma] epoch  12750  gamma_ratio 1.0070  residual 4.400e-06
  [gamma] epoch  13000  gamma_ratio 1.0050  residual 4.539e-06
  [gamma] epoch  13250  gamma_ratio 0.9964  residual 1.690e-05
  [gamma] epoch  13500  gamma_ratio 1.0192  residual 7.659e-05
  [gamma] epoch  13750  gamma_ratio 1.0012  residual 5.274e-06
  [gamma] epoch  14000  gamma_ratio 0.9996  residual 1.484e-05
  [gamma] epoch  14250  gamma_ratio 1.0047  residual 2.294e-06
  [gamma] epoch  14500  gamma_ratio 1.0017  residual 2.633e-06
  [gamma] epoch  14750  gamma_ratio 1.0082  residual 5.736e-06
  [gamma] epoch  15000  gamma_ratio 1.0060  residual 3.006e-06
  [gamma] epoch  15250  gamma_ratio 1.0047  residual 1.918e-06
  [gamma] epoch  15500  gamma_ratio 1.0050  residual 1.940e-06
  [gamma] epoch  15750  gamma_ratio 1.0006  residual 5.779e-06
  [gamma] epoch  16000  gamma_ratio 1.0061  residual 2.787e-06
  [gamma] epoch  16250  gamma_ratio 1.0043  residual 2.918e-06
  [gamma] epoch  16500  gamma_ratio 1.0052  residual 1.257e-05
  [gamma] epoch  16750  gamma_ratio 1.0047  residual 1.789e-06
  [gamma] epoch  17000  gamma_ratio 0.9968  residual 1.598e-05
  [gamma] epoch  17250  gamma_ratio 1.0055  residual 1.907e-06
  [gamma] epoch  17500  gamma_ratio 1.0050  residual 2.064e-06
  [gamma] epoch  17750  gamma_ratio 1.0052  residual 1.549e-06
  [gamma] epoch  18000  gamma_ratio 1.0040  residual 1.163e-05
  [gamma] epoch  18250  gamma_ratio 1.0073  residual 2.376e-06
  [gamma] epoch  18500  gamma_ratio 1.0046  residual 2.234e-06
  [gamma] epoch  18750  gamma_ratio 1.0090  residual 5.427e-06
  [gamma] epoch  19000  gamma_ratio 1.0065  residual 1.755e-06
  [gamma] epoch  19250  gamma_ratio 1.0059  residual 1.491e-06
  [gamma] epoch  19500  gamma_ratio 1.0038  residual 1.926e-06
  [gamma] epoch  19750  gamma_ratio 1.0051  residual 1.431e-06
  [gamma] epoch  20000  gamma_ratio 1.0053  residual 1.332e-06
  [gamma] epoch  20250  gamma_ratio 1.0059  residual 1.376e-06
  [gamma] epoch  20500  gamma_ratio 1.0041  residual 1.891e-06
  [gamma] epoch  20750  gamma_ratio 1.0048  residual 1.555e-06
  [gamma] epoch  21000  gamma_ratio 1.0038  residual 1.538e-06
  [gamma] epoch  21250  gamma_ratio 1.0051  residual 2.094e-06
  [gamma] epoch  21500  gamma_ratio 1.0047  residual 1.457e-06
  [gamma] epoch  21750  gamma_ratio 1.0073  residual 2.987e-06
  [gamma] epoch  22000  gamma_ratio 1.0032  residual 2.208e-06
  [gamma] epoch  22250  gamma_ratio 1.0092  residual 1.112e-05
  [gamma] epoch  22500  gamma_ratio 1.0035  residual 1.675e-06
  [gamma] epoch  22750  gamma_ratio 1.0034  residual 2.381e-06
  [gamma] epoch  23000  gamma_ratio 1.0062  residual 1.452e-06
  [gamma] epoch  23250  gamma_ratio 1.0026  residual 2.506e-06
  [gamma] epoch  23500  gamma_ratio 1.0019  residual 6.096e-06
  [gamma] epoch  23750  gamma_ratio 1.0045  residual 3.733e-06
  [gamma] epoch  24000  gamma_ratio 1.0070  residual 5.720e-06
  [gamma] epoch  24250  gamma_ratio 0.9966  residual 1.919e-05
  [gamma] epoch  24500  gamma_ratio 1.0042  residual 1.065e-06
  [gamma] epoch  24750  gamma_ratio 1.0043  residual 1.051e-06
  [gamma] epoch  25000  gamma_ratio 0.9978  residual 1.282e-05
  [gamma] epoch  25250  gamma_ratio 1.0029  residual 1.254e-06
  [gamma] epoch  25500  gamma_ratio 1.0029  residual 1.228e-06
  [gamma] epoch  25750  gamma_ratio 1.0033  residual 1.270e-06
  [gamma] epoch  26000  gamma_ratio 1.0040  residual 1.004e-06
  [gamma] epoch  26250  gamma_ratio 1.0037  residual 1.108e-06
  [gamma] epoch  26500  gamma_ratio 1.0035  residual 1.148e-06
  [gamma] epoch  26750  gamma_ratio 1.0033  residual 1.097e-06
  [gamma] epoch  27000  gamma_ratio 1.0035  residual 9.496e-07
  [gamma] epoch  27250  gamma_ratio 1.0073  residual 5.382e-06
  [gamma] epoch  27500  gamma_ratio 1.0034  residual 9.343e-07
  [gamma] epoch  27750  gamma_ratio 1.0033  residual 9.571e-07
  [gamma] epoch  28000  gamma_ratio 1.0034  residual 9.217e-07
  [gamma] epoch  28250  gamma_ratio 1.0034  residual 9.368e-07
  [gamma] epoch  28500  gamma_ratio 1.0031  residual 8.941e-07
  [gamma] epoch  28750  gamma_ratio 1.0040  residual 1.296e-06
  [gamma] epoch  29000  gamma_ratio 1.0026  residual 8.987e-07
  [gamma] epoch  29250  gamma_ratio 1.0030  residual 9.205e-07
  [gamma] epoch  29500  gamma_ratio 1.0022  residual 9.773e-07
  [gamma] epoch  29750  gamma_ratio 1.0041  residual 4.741e-06
  [gamma] epoch  30000  gamma_ratio 1.0026  residual 1.038e-06
  [gamma] epoch  30250  gamma_ratio 1.0033  residual 8.698e-07
  [gamma] epoch  30500  gamma_ratio 1.0026  residual 8.190e-07
  [gamma] epoch  30750  gamma_ratio 1.0026  residual 8.534e-07
  [gamma] epoch  31000  gamma_ratio 1.0025  residual 8.069e-07
  [gamma] epoch  31250  gamma_ratio 1.0063  residual 3.652e-06
  [gamma] epoch  31500  gamma_ratio 1.0025  residual 8.006e-07
  [gamma] epoch  31750  gamma_ratio 1.0021  residual 1.550e-06
  [gamma] epoch  32000  gamma_ratio 1.0038  residual 1.420e-06
  [gamma] epoch  32250  gamma_ratio 1.0015  residual 1.521e-06
  [gamma] epoch  32500  gamma_ratio 1.0019  residual 9.392e-07
  [gamma] epoch  32750  gamma_ratio 1.0018  residual 7.476e-07
  [gamma] epoch  33000  gamma_ratio 1.0018  residual 7.495e-07
  [gamma] epoch  33250  gamma_ratio 1.0021  residual 8.416e-07
  [gamma] epoch  33500  gamma_ratio 1.0009  residual 1.060e-06
  [gamma] epoch  33750  gamma_ratio 0.9966  residual 7.234e-06
  [gamma] epoch  34000  gamma_ratio 1.0010  residual 8.957e-07
  [gamma] epoch  34250  gamma_ratio 1.0014  residual 7.149e-07
  [gamma] epoch  34500  gamma_ratio 0.9982  residual 2.295e-06
  [gamma] epoch  34750  gamma_ratio 1.0013  residual 6.764e-07
  [gamma] epoch  35000  gamma_ratio 1.0013  residual 8.094e-07
  [gamma] epoch  35250  gamma_ratio 1.0030  residual 2.340e-06
  [gamma] epoch  35500  gamma_ratio 1.0011  residual 6.758e-07
  [gamma] epoch  35750  gamma_ratio 1.0009  residual 6.551e-07
  [gamma] epoch  36000  gamma_ratio 1.0008  residual 7.602e-07
  [gamma] epoch  36250  gamma_ratio 1.0008  residual 6.231e-07
  [gamma] epoch  36500  gamma_ratio 1.0010  residual 6.333e-07
  [gamma] epoch  36750  gamma_ratio 1.0033  residual 2.464e-06
  [gamma] epoch  37000  gamma_ratio 1.0006  residual 5.993e-07
  [gamma] epoch  37250  gamma_ratio 1.0007  residual 5.906e-07
  [gamma] epoch  37500  gamma_ratio 1.0003  residual 6.753e-07
  [gamma] epoch  37750  gamma_ratio 1.0004  residual 5.714e-07
  [gamma] epoch  38000  gamma_ratio 1.0003  residual 1.117e-06
  [gamma] epoch  38250  gamma_ratio 1.0015  residual 1.078e-06
  [gamma] epoch  38500  gamma_ratio 1.0001  residual 5.458e-07
  [gamma] epoch  38750  gamma_ratio 0.9961  residual 4.073e-06
  [gamma] epoch  39000  gamma_ratio 0.9999  residual 5.325e-07
  [gamma] epoch  39250  gamma_ratio 0.9998  residual 5.685e-07
  [gamma] epoch  39500  gamma_ratio 0.9981  residual 1.046e-06
  [gamma] epoch  39750  gamma_ratio 0.9998  residual 5.395e-07
  [gamma] epoch  40000  gamma_ratio 0.9998  residual 5.117e-07
  [gamma] epoch  40250  gamma_ratio 1.0003  residual 6.520e-07
  [gamma] epoch  40500  gamma_ratio 0.9994  residual 4.812e-07
  [gamma] epoch  40750  gamma_ratio 0.9991  residual 4.747e-07
  [gamma] epoch  41000  gamma_ratio 0.9954  residual 4.178e-06
  [gamma] epoch  41250  gamma_ratio 0.9994  residual 4.809e-07
  [gamma] epoch  41500  gamma_ratio 0.9986  residual 5.452e-07
  [gamma] epoch  41750  gamma_ratio 0.9991  residual 6.141e-07
  [gamma] epoch  42000  gamma_ratio 0.9989  residual 4.368e-07
  [gamma] epoch  42250  gamma_ratio 0.9985  residual 5.451e-07
  [gamma] epoch  42500  gamma_ratio 0.9989  residual 4.324e-07
  [gamma] epoch  42750  gamma_ratio 0.9983  residual 5.296e-07
  [gamma] epoch  43000  gamma_ratio 0.9987  residual 4.059e-07
  [gamma] epoch  43250  gamma_ratio 0.9990  residual 4.786e-07
  [gamma] epoch  43500  gamma_ratio 0.9984  residual 4.058e-07
  [gamma] epoch  43750  gamma_ratio 0.9982  residual 3.845e-07
  [gamma] epoch  44000  gamma_ratio 0.9986  residual 3.841e-07
  [gamma] epoch  44250  gamma_ratio 0.9985  residual 3.727e-07
  [gamma] epoch  44500  gamma_ratio 0.9984  residual 3.654e-07
  [gamma] epoch  44750  gamma_ratio 0.9982  residual 3.572e-07
  [gamma] epoch  45000  gamma_ratio 0.9980  residual 3.552e-07
  [gamma] epoch  45250  gamma_ratio 0.9985  residual 3.596e-07
  [gamma] epoch  45500  gamma_ratio 0.9982  residual 3.412e-07
  [gamma] epoch  45750  gamma_ratio 0.9981  residual 3.385e-07
  [gamma] epoch  46000  gamma_ratio 0.9979  residual 3.253e-07
  [gamma] epoch  46250  gamma_ratio 0.9978  residual 3.187e-07
  [gamma] epoch  46500  gamma_ratio 0.9975  residual 3.319e-07
  [gamma] epoch  46750  gamma_ratio 0.9977  residual 3.176e-07
  [gamma] epoch  47000  gamma_ratio 0.9949  residual 3.635e-06
  [gamma] epoch  47250  gamma_ratio 0.9989  residual 8.550e-07
  [gamma] epoch  47500  gamma_ratio 0.9976  residual 2.908e-07
  [gamma] epoch  47750  gamma_ratio 0.9975  residual 2.857e-07
  [gamma] epoch  48000  gamma_ratio 0.9976  residual 3.357e-07
  [gamma] epoch  48250  gamma_ratio 0.9977  residual 3.386e-07
  [gamma] epoch  48500  gamma_ratio 0.9974  residual 2.762e-07
  [gamma] epoch  48750  gamma_ratio 0.9977  residual 2.921e-07
  [gamma] epoch  49000  gamma_ratio 0.9977  residual 4.280e-07
  [gamma] epoch  49250  gamma_ratio 0.9974  residual 2.636e-07
  [gamma] epoch  49500  gamma_ratio 0.9977  residual 2.834e-07
  [gamma] epoch  49750  gamma_ratio 0.9985  residual 1.277e-06
  [gamma] epoch  50000  gamma_ratio 0.9974  residual 2.498e-07
  [gamma] epoch  50250  gamma_ratio 0.9972  residual 2.449e-07
  [gamma] epoch  50500  gamma_ratio 0.9973  residual 2.373e-07
  [gamma] epoch  50750  gamma_ratio 0.9969  residual 2.665e-07
  [gamma] epoch  51000  gamma_ratio 0.9973  residual 2.303e-07
  [gamma] epoch  51250  gamma_ratio 0.9976  residual 2.719e-07
  [gamma] epoch  51500  gamma_ratio 0.9972  residual 2.299e-07
  [gamma] epoch  51750  gamma_ratio 0.9973  residual 2.210e-07
  [gamma] epoch  52000  gamma_ratio 0.9972  residual 2.199e-07
  [gamma] epoch  52250  gamma_ratio 0.9959  residual 1.286e-06
  [gamma] epoch  52500  gamma_ratio 0.9976  residual 2.738e-07
  [gamma] epoch  52750  gamma_ratio 0.9972  residual 2.086e-07
  [gamma] epoch  53000  gamma_ratio 0.9972  residual 2.055e-07
  [gamma] epoch  53250  gamma_ratio 0.9971  residual 2.063e-07
  [gamma] epoch  53500  gamma_ratio 0.9972  residual 2.003e-07
  [gamma] epoch  53750  gamma_ratio 0.9972  residual 2.006e-07
  [gamma] epoch  54000  gamma_ratio 0.9972  residual 1.954e-07
  [gamma] epoch  54250  gamma_ratio 0.9970  residual 2.633e-07
  [gamma] epoch  54500  gamma_ratio 0.9973  residual 1.910e-07
  [gamma] epoch  54750  gamma_ratio 0.9972  residual 1.885e-07
  [gamma] epoch  55000  gamma_ratio 0.9973  residual 1.925e-07
  [gamma] epoch  55250  gamma_ratio 0.9975  residual 2.057e-07
  [gamma] epoch  55500  gamma_ratio 0.9970  residual 2.088e-07
  [gamma] epoch  55750  gamma_ratio 0.9973  residual 1.804e-07
  [gamma] epoch  56000  gamma_ratio 0.9973  residual 1.780e-07
  [gamma] epoch  56250  gamma_ratio 0.9972  residual 1.850e-07
  [gamma] epoch  56500  gamma_ratio 0.9973  residual 1.744e-07
  [gamma] epoch  56750  gamma_ratio 0.9976  residual 2.060e-07
  [gamma] epoch  57000  gamma_ratio 0.9973  residual 1.708e-07
  [gamma] epoch  57250  gamma_ratio 0.9973  residual 1.690e-07
  [gamma] epoch  57500  gamma_ratio 0.9973  residual 1.677e-07
  [gamma] epoch  57750  gamma_ratio 0.9969  residual 2.763e-07
  [gamma] epoch  58000  gamma_ratio 0.9976  residual 2.416e-07
  [gamma] epoch  58250  gamma_ratio 0.9972  residual 2.254e-07
  [gamma] epoch  58500  gamma_ratio 0.9973  residual 1.624e-07
  [gamma] epoch  58750  gamma_ratio 0.9974  residual 1.596e-07
  [gamma] epoch  59000  gamma_ratio 0.9966  residual 3.910e-07
  [gamma] epoch  59250  gamma_ratio 0.9974  residual 1.574e-07
  [gamma] epoch  59500  gamma_ratio 0.9974  residual 1.553e-07
  [gamma] epoch  59750  gamma_ratio 0.9974  residual 1.539e-07
  [gamma] epoch  59999  gamma_ratio 0.9975  residual 1.573e-07
  [shape] epoch      0  rmse=0.2375  max_abs_dA=0.7452  int_signed_dA=-2.846e-08  int_abs_dA=2.846e-08  A_min=0.0005778  max_dA_fwd=4.789e-08
  [shape] epoch    250  rmse=0.014  max_abs_dA=0.0359  int_signed_dA=-2.283e-09  int_abs_dA=2.312e-09  A_min=0.001833  max_dA_fwd=-5.891e-07
  [shape] epoch    500  rmse=0.01294  max_abs_dA=0.02275  int_signed_dA=-2.404e-09  int_abs_dA=2.404e-09  A_min=-8.873e-05  max_dA_fwd=-4.78e-07
  [shape] epoch    750  rmse=0.01665  max_abs_dA=0.02876  int_signed_dA=-3.056e-09  int_abs_dA=3.056e-09  A_min=-0.0006271  max_dA_fwd=-4.641e-07
  [shape] epoch   1000  rmse=0.01861  max_abs_dA=0.03128  int_signed_dA=-3.423e-09  int_abs_dA=3.423e-09  A_min=-0.0009281  max_dA_fwd=-4.952e-07
  [shape] epoch   1250  rmse=0.01359  max_abs_dA=0.02131  int_signed_dA=-2.575e-09  int_abs_dA=2.575e-09  A_min=-0.0007619  max_dA_fwd=-7.077e-07
  [shape] epoch   1500  rmse=0.01165  max_abs_dA=0.01789  int_signed_dA=-2.222e-09  int_abs_dA=2.222e-09  A_min=-0.000584  max_dA_fwd=-9.403e-07
  [shape] epoch   1750  rmse=0.01064  max_abs_dA=0.01717  int_signed_dA=-2.025e-09  int_abs_dA=2.025e-09  A_min=-0.0003962  max_dA_fwd=-1.166e-06
  [shape] epoch   2000  rmse=0.009589  max_abs_dA=0.01622  int_signed_dA=-1.82e-09  int_abs_dA=1.82e-09  A_min=-0.0002036  max_dA_fwd=-1.43e-06
  [shape] epoch   2250  rmse=0.008413  max_abs_dA=0.01499  int_signed_dA=-1.592e-09  int_abs_dA=1.592e-09  A_min=-4.129e-05  max_dA_fwd=-1.742e-06
  [shape] epoch   2500  rmse=0.007383  max_abs_dA=0.01381  int_signed_dA=-1.39e-09  int_abs_dA=1.39e-09  A_min=0.0001266  max_dA_fwd=-2.064e-06
  [shape] epoch   2750  rmse=0.006577  max_abs_dA=0.01282  int_signed_dA=-1.229e-09  int_abs_dA=1.229e-09  A_min=0.0002573  max_dA_fwd=-2.38e-06
  [shape] epoch   3000  rmse=0.005853  max_abs_dA=0.01199  int_signed_dA=-1.081e-09  int_abs_dA=1.081e-09  A_min=0.0003855  max_dA_fwd=-2.701e-06
  [shape] epoch   3250  rmse=0.005103  max_abs_dA=0.01122  int_signed_dA=-9.277e-10  int_abs_dA=9.277e-10  A_min=0.0004969  max_dA_fwd=-3.03e-06
  [shape] epoch   3500  rmse=0.004384  max_abs_dA=0.01053  int_signed_dA=-7.809e-10  int_abs_dA=7.809e-10  A_min=0.0005874  max_dA_fwd=-3.344e-06
  [shape] epoch   3750  rmse=0.003728  max_abs_dA=0.009907  int_signed_dA=-6.471e-10  int_abs_dA=6.471e-10  A_min=0.0006694  max_dA_fwd=-3.61e-06
  [shape] epoch   4000  rmse=0.003145  max_abs_dA=0.009402  int_signed_dA=-5.278e-10  int_abs_dA=5.278e-10  A_min=0.0007248  max_dA_fwd=-3.841e-06
  [shape] epoch   4250  rmse=0.002722  max_abs_dA=0.009026  int_signed_dA=-4.431e-10  int_abs_dA=4.431e-10  A_min=0.000766  max_dA_fwd=-3.997e-06
  [shape] epoch   4500  rmse=0.002381  max_abs_dA=0.008775  int_signed_dA=-3.741e-10  int_abs_dA=3.741e-10  A_min=0.0007676  max_dA_fwd=-4.16e-06
  [shape] epoch   4750  rmse=0.00207  max_abs_dA=0.008538  int_signed_dA=-3.09e-10  int_abs_dA=3.09e-10  A_min=0.0007931  max_dA_fwd=-4.302e-06
  [shape] epoch   5000  rmse=0.001894  max_abs_dA=0.008363  int_signed_dA=-2.733e-10  int_abs_dA=2.733e-10  A_min=0.0008107  max_dA_fwd=-4.447e-06
  [shape] epoch   5250  rmse=0.001717  max_abs_dA=0.008203  int_signed_dA=-2.333e-10  int_abs_dA=2.333e-10  A_min=0.0008179  max_dA_fwd=-4.629e-06
  [shape] epoch   5500  rmse=0.001527  max_abs_dA=0.008027  int_signed_dA=-1.855e-10  int_abs_dA=1.857e-10  A_min=0.0008779  max_dA_fwd=-4.796e-06
  [shape] epoch   5750  rmse=0.001414  max_abs_dA=0.007917  int_signed_dA=-1.529e-10  int_abs_dA=1.536e-10  A_min=0.0008852  max_dA_fwd=-4.996e-06
  [shape] epoch   6000  rmse=0.001309  max_abs_dA=0.007812  int_signed_dA=-1.14e-10  int_abs_dA=1.213e-10  A_min=0.0008913  max_dA_fwd=-5.204e-06
  [shape] epoch   6250  rmse=0.001203  max_abs_dA=0.00769  int_signed_dA=-6.236e-11  int_abs_dA=1.028e-10  A_min=0.0009259  max_dA_fwd=-5.391e-06
  [shape] epoch   6500  rmse=0.001162  max_abs_dA=0.007595  int_signed_dA=-3.728e-11  int_abs_dA=1.082e-10  A_min=0.0009546  max_dA_fwd=-5.507e-06
  [shape] epoch   6750  rmse=0.001148  max_abs_dA=0.007536  int_signed_dA=-3.348e-12  int_abs_dA=1.183e-10  A_min=0.0009671  max_dA_fwd=-5.649e-06
  [shape] epoch   7000  rmse=0.001147  max_abs_dA=0.007456  int_signed_dA=2.681e-11  int_abs_dA=1.33e-10  A_min=0.000981  max_dA_fwd=-5.75e-06
  [shape] epoch   7250  rmse=0.001146  max_abs_dA=0.007403  int_signed_dA=4.387e-11  int_abs_dA=1.435e-10  A_min=0.0009712  max_dA_fwd=-5.805e-06
  [shape] epoch   7500  rmse=0.001154  max_abs_dA=0.007338  int_signed_dA=6.812e-11  int_abs_dA=1.594e-10  A_min=0.000981  max_dA_fwd=-5.835e-06
  [shape] epoch   7750  rmse=0.001168  max_abs_dA=0.007285  int_signed_dA=8.19e-11  int_abs_dA=1.689e-10  A_min=0.0009523  max_dA_fwd=-5.875e-06
  [shape] epoch   8000  rmse=0.001177  max_abs_dA=0.007223  int_signed_dA=9.545e-11  int_abs_dA=1.774e-10  A_min=0.0009594  max_dA_fwd=-5.878e-06
  [shape] epoch   8250  rmse=0.001043  max_abs_dA=0.007219  int_signed_dA=3.27e-11  int_abs_dA=1.199e-10  A_min=0.000933  max_dA_fwd=-5.733e-06
  [shape] epoch   8500  rmse=0.001074  max_abs_dA=0.007162  int_signed_dA=6.678e-11  int_abs_dA=1.459e-10  A_min=0.0009123  max_dA_fwd=-5.754e-06
  [shape] epoch   8750  rmse=0.001157  max_abs_dA=0.007086  int_signed_dA=1.053e-10  int_abs_dA=1.782e-10  A_min=0.0009095  max_dA_fwd=-5.775e-06
  [shape] epoch   9000  rmse=0.001403  max_abs_dA=0.006999  int_signed_dA=1.74e-10  int_abs_dA=2.398e-10  A_min=0.000921  max_dA_fwd=-5.829e-06
  [shape] epoch   9250  rmse=0.000928  max_abs_dA=0.00705  int_signed_dA=4.978e-12  int_abs_dA=8.618e-11  A_min=0.0008389  max_dA_fwd=-5.502e-06
  [shape] epoch   9500  rmse=0.001055  max_abs_dA=0.006969  int_signed_dA=8.175e-11  int_abs_dA=1.498e-10  A_min=0.0008545  max_dA_fwd=-5.574e-06
  [shape] epoch   9750  rmse=0.0009758  max_abs_dA=0.006932  int_signed_dA=5.731e-11  int_abs_dA=1.247e-10  A_min=0.0008213  max_dA_fwd=-5.466e-06
  [shape] epoch  10000  rmse=0.0009932  max_abs_dA=0.006897  int_signed_dA=6.277e-11  int_abs_dA=1.298e-10  A_min=0.0007852  max_dA_fwd=-5.397e-06
  [shape] epoch  10250  rmse=0.0009122  max_abs_dA=0.006862  int_signed_dA=3.537e-11  int_abs_dA=1.036e-10  A_min=0.0007723  max_dA_fwd=-5.295e-06
  [shape] epoch  10500  rmse=0.0008381  max_abs_dA=0.006857  int_signed_dA=-1.354e-11  int_abs_dA=6.295e-11  A_min=0.0007402  max_dA_fwd=-5.16e-06
  [shape] epoch  10750  rmse=0.00083  max_abs_dA=0.00683  int_signed_dA=-1.962e-11  int_abs_dA=6.297e-11  A_min=0.0007123  max_dA_fwd=-5.085e-06
  [shape] epoch  11000  rmse=0.0008944  max_abs_dA=0.00671  int_signed_dA=2.888e-11  int_abs_dA=1.033e-10  A_min=0.0007035  max_dA_fwd=-5.086e-06
  [shape] epoch  11250  rmse=0.001328  max_abs_dA=0.006901  int_signed_dA=-2.16e-10  int_abs_dA=2.16e-10  A_min=0.000634  max_dA_fwd=-4.715e-06
  [shape] epoch  11500  rmse=0.00084  max_abs_dA=0.006685  int_signed_dA=-4.589e-12  int_abs_dA=8.813e-11  A_min=0.0006668  max_dA_fwd=-4.919e-06
  [shape] epoch  11750  rmse=0.0008919  max_abs_dA=0.006614  int_signed_dA=1.434e-11  int_abs_dA=1.084e-10  A_min=0.0006456  max_dA_fwd=-4.884e-06
  [shape] epoch  12000  rmse=0.0008946  max_abs_dA=0.006582  int_signed_dA=9.078e-12  int_abs_dA=1.112e-10  A_min=0.0006373  max_dA_fwd=-4.807e-06
  [shape] epoch  12250  rmse=0.000823  max_abs_dA=0.006598  int_signed_dA=-5.622e-11  int_abs_dA=9.212e-11  A_min=0.0005983  max_dA_fwd=-4.673e-06
  [shape] epoch  12500  rmse=0.0008406  max_abs_dA=0.00656  int_signed_dA=-6.921e-11  int_abs_dA=1.056e-10  A_min=0.0005744  max_dA_fwd=-4.594e-06
  [shape] epoch  12750  rmse=0.001245  max_abs_dA=0.006577  int_signed_dA=-2.16e-10  int_abs_dA=2.215e-10  A_min=0.0005178  max_dA_fwd=-4.274e-06
  [shape] epoch  13000  rmse=0.0009962  max_abs_dA=0.00656  int_signed_dA=-1.536e-10  int_abs_dA=1.63e-10  A_min=0.0005276  max_dA_fwd=-4.389e-06
  [shape] epoch  13250  rmse=0.001455  max_abs_dA=0.006335  int_signed_dA=1.136e-10  int_abs_dA=2.196e-10  A_min=0.000584  max_dA_fwd=-4.628e-06
  [shape] epoch  13500  rmse=0.003165  max_abs_dA=0.006841  int_signed_dA=-5.855e-10  int_abs_dA=5.855e-10  A_min=0.000432  max_dA_fwd=-3.797e-06
  [shape] epoch  13750  rmse=0.0009711  max_abs_dA=0.00638  int_signed_dA=-3.688e-11  int_abs_dA=1.491e-10  A_min=0.0005263  max_dA_fwd=-4.372e-06
  [shape] epoch  14000  rmse=0.001139  max_abs_dA=0.006297  int_signed_dA=1.181e-11  int_abs_dA=1.787e-10  A_min=0.0005185  max_dA_fwd=-4.383e-06
  [shape] epoch  14250  rmse=0.001014  max_abs_dA=0.006404  int_signed_dA=-1.441e-10  int_abs_dA=1.737e-10  A_min=0.0004826  max_dA_fwd=-4.181e-06
  [shape] epoch  14500  rmse=0.001014  max_abs_dA=0.0063  int_signed_dA=-5.323e-11  int_abs_dA=1.64e-10  A_min=0.0004894  max_dA_fwd=-4.256e-06
  [shape] epoch  14750  rmse=0.001373  max_abs_dA=0.006413  int_signed_dA=-2.526e-10  int_abs_dA=2.566e-10  A_min=0.0004516  max_dA_fwd=-4.016e-06
  [shape] epoch  15000  rmse=0.001128  max_abs_dA=0.006368  int_signed_dA=-1.839e-10  int_abs_dA=2.039e-10  A_min=0.0004425  max_dA_fwd=-4.048e-06
  [shape] epoch  15250  rmse=0.001059  max_abs_dA=0.006309  int_signed_dA=-1.459e-10  int_abs_dA=1.866e-10  A_min=0.0004492  max_dA_fwd=-4.056e-06
  [shape] epoch  15500  rmse=0.001088  max_abs_dA=0.006291  int_signed_dA=-1.531e-10  int_abs_dA=1.944e-10  A_min=0.0004319  max_dA_fwd=-4.025e-06
  [shape] epoch  15750  rmse=0.001215  max_abs_dA=0.006159  int_signed_dA=-1.787e-11  int_abs_dA=2.061e-10  A_min=0.0004516  max_dA_fwd=-4.124e-06
  [shape] epoch  16000  rmse=0.001188  max_abs_dA=0.006258  int_signed_dA=-1.888e-10  int_abs_dA=2.214e-10  A_min=0.0004123  max_dA_fwd=-3.96e-06
  [shape] epoch  16250  rmse=0.001128  max_abs_dA=0.006186  int_signed_dA=-1.34e-10  int_abs_dA=2.038e-10  A_min=0.0004133  max_dA_fwd=-3.98e-06
  [shape] epoch  16500  rmse=0.001145  max_abs_dA=0.006217  int_signed_dA=-1.615e-10  int_abs_dA=2.092e-10  A_min=0.0004069  max_dA_fwd=-3.932e-06
  [shape] epoch  16750  rmse=0.001132  max_abs_dA=0.006167  int_signed_dA=-1.45e-10  int_abs_dA=2.06e-10  A_min=0.0004125  max_dA_fwd=-3.949e-06
  [shape] epoch  17000  rmse=0.001765  max_abs_dA=0.005957  int_signed_dA=9.953e-11  int_abs_dA=2.838e-10  A_min=0.0004455  max_dA_fwd=-4.145e-06
  [shape] epoch  17250  rmse=0.001187  max_abs_dA=0.006163  int_signed_dA=-1.709e-10  int_abs_dA=2.206e-10  A_min=0.0003927  max_dA_fwd=-3.893e-06
  [shape] epoch  17500  rmse=0.001161  max_abs_dA=0.006135  int_signed_dA=-1.532e-10  int_abs_dA=2.131e-10  A_min=0.0004027  max_dA_fwd=-3.896e-06
  [shape] epoch  17750  rmse=0.001178  max_abs_dA=0.006128  int_signed_dA=-1.606e-10  int_abs_dA=2.176e-10  A_min=0.0003974  max_dA_fwd=-3.875e-06
  [shape] epoch  18000  rmse=0.001146  max_abs_dA=0.006085  int_signed_dA=-1.237e-10  int_abs_dA=2.075e-10  A_min=0.0004078  max_dA_fwd=-3.912e-06
  [shape] epoch  18250  rmse=0.00133  max_abs_dA=0.006153  int_signed_dA=-2.265e-10  int_abs_dA=2.541e-10  A_min=0.0003797  max_dA_fwd=-3.793e-06
  [shape] epoch  18500  rmse=0.001177  max_abs_dA=0.006061  int_signed_dA=-1.421e-10  int_abs_dA=2.165e-10  A_min=0.0003987  max_dA_fwd=-3.882e-06
  [shape] epoch  18750  rmse=0.001506  max_abs_dA=0.006141  int_signed_dA=-2.756e-10  int_abs_dA=2.911e-10  A_min=0.0003849  max_dA_fwd=-3.746e-06
  [shape] epoch  19000  rmse=0.001264  max_abs_dA=0.006095  int_signed_dA=-2.014e-10  int_abs_dA=2.397e-10  A_min=0.0003891  max_dA_fwd=-3.811e-06
  [shape] epoch  19250  rmse=0.001236  max_abs_dA=0.006056  int_signed_dA=-1.811e-10  int_abs_dA=2.328e-10  A_min=0.0003959  max_dA_fwd=-3.821e-06
  [shape] epoch  19500  rmse=0.00122  max_abs_dA=0.005979  int_signed_dA=-1.179e-10  int_abs_dA=2.237e-10  A_min=0.0003964  max_dA_fwd=-3.873e-06
  [shape] epoch  19750  rmse=0.001207  max_abs_dA=0.006009  int_signed_dA=-1.589e-10  int_abs_dA=2.252e-10  A_min=0.0004014  max_dA_fwd=-3.855e-06
  [shape] epoch  20000  rmse=0.001199  max_abs_dA=0.006018  int_signed_dA=-1.63e-10  int_abs_dA=2.233e-10  A_min=0.0004049  max_dA_fwd=-3.841e-06
  [shape] epoch  20250  rmse=0.001227  max_abs_dA=0.00602  int_signed_dA=-1.822e-10  int_abs_dA=2.309e-10  A_min=0.000404  max_dA_fwd=-3.824e-06
  [shape] epoch  20500  rmse=0.001195  max_abs_dA=0.005967  int_signed_dA=-1.279e-10  int_abs_dA=2.197e-10  A_min=0.0004081  max_dA_fwd=-3.862e-06
  [shape] epoch  20750  rmse=0.001205  max_abs_dA=0.005962  int_signed_dA=-1.492e-10  int_abs_dA=2.239e-10  A_min=0.0004115  max_dA_fwd=-3.847e-06
  [shape] epoch  21000  rmse=0.001187  max_abs_dA=0.00593  int_signed_dA=-1.189e-10  int_abs_dA=2.171e-10  A_min=0.0004227  max_dA_fwd=-3.885e-06
  [shape] epoch  21250  rmse=0.001216  max_abs_dA=0.005947  int_signed_dA=-1.565e-10  int_abs_dA=2.273e-10  A_min=0.0004162  max_dA_fwd=-3.853e-06
  [shape] epoch  21500  rmse=0.001192  max_abs_dA=0.005937  int_signed_dA=-1.468e-10  int_abs_dA=2.209e-10  A_min=0.0004225  max_dA_fwd=-3.873e-06
  [shape] epoch  21750  rmse=0.001342  max_abs_dA=0.005978  int_signed_dA=-2.258e-10  int_abs_dA=2.581e-10  A_min=0.0004259  max_dA_fwd=-3.81e-06
  [shape] epoch  22000  rmse=0.001186  max_abs_dA=0.005879  int_signed_dA=-9.784e-11  int_abs_dA=2.152e-10  A_min=0.0004433  max_dA_fwd=-3.917e-06
  [shape] epoch  22250  rmse=0.001589  max_abs_dA=0.005961  int_signed_dA=-2.827e-10  int_abs_dA=3.082e-10  A_min=0.0004116  max_dA_fwd=-3.707e-06
  [shape] epoch  22500  rmse=0.00118  max_abs_dA=0.005861  int_signed_dA=-1.075e-10  int_abs_dA=2.145e-10  A_min=0.0004491  max_dA_fwd=-3.932e-06
  [shape] epoch  22750  rmse=0.001201  max_abs_dA=0.005832  int_signed_dA=-1.04e-10  int_abs_dA=2.183e-10  A_min=0.0004523  max_dA_fwd=-3.934e-06
  [shape] epoch  23000  rmse=0.001258  max_abs_dA=0.005904  int_signed_dA=-1.914e-10  int_abs_dA=2.394e-10  A_min=0.0004421  max_dA_fwd=-3.863e-06
  [shape] epoch  23250  rmse=0.001146  max_abs_dA=0.005835  int_signed_dA=-8.114e-11  int_abs_dA=2.045e-10  A_min=0.0004744  max_dA_fwd=-3.996e-06
  [shape] epoch  23500  rmse=0.00123  max_abs_dA=0.005775  int_signed_dA=-5.945e-11  int_abs_dA=2.182e-10  A_min=0.000476  max_dA_fwd=-3.987e-06
  [shape] epoch  23750  rmse=0.001129  max_abs_dA=0.005851  int_signed_dA=-1.395e-10  int_abs_dA=2.071e-10  A_min=0.0004757  max_dA_fwd=-3.949e-06
  [shape] epoch  24000  rmse=0.001307  max_abs_dA=0.005887  int_signed_dA=-2.158e-10  int_abs_dA=2.502e-10  A_min=0.0004676  max_dA_fwd=-3.863e-06
  [shape] epoch  24250  rmse=0.001771  max_abs_dA=0.005617  int_signed_dA=1.054e-10  int_abs_dA=2.789e-10  A_min=0.0005337  max_dA_fwd=-4.166e-06
  [shape] epoch  24500  rmse=0.001103  max_abs_dA=0.005811  int_signed_dA=-1.312e-10  int_abs_dA=2.006e-10  A_min=0.0004989  max_dA_fwd=-3.985e-06
  [shape] epoch  24750  rmse=0.001105  max_abs_dA=0.005805  int_signed_dA=-1.334e-10  int_abs_dA=2.016e-10  A_min=0.0005014  max_dA_fwd=-3.988e-06
  [shape] epoch  25000  rmse=0.0016  max_abs_dA=0.005616  int_signed_dA=6.954e-11  int_abs_dA=2.56e-10  A_min=0.0005354  max_dA_fwd=-4.164e-06
  [shape] epoch  25250  rmse=0.001072  max_abs_dA=0.005747  int_signed_dA=-8.952e-11  int_abs_dA=1.897e-10  A_min=0.0005326  max_dA_fwd=-4.049e-06
  [shape] epoch  25500  rmse=0.001064  max_abs_dA=0.005736  int_signed_dA=-9.083e-11  int_abs_dA=1.88e-10  A_min=0.0005369  max_dA_fwd=-4.059e-06
  [shape] epoch  25750  rmse=0.001053  max_abs_dA=0.005735  int_signed_dA=-1.025e-10  int_abs_dA=1.869e-10  A_min=0.0005436  max_dA_fwd=-4.058e-06
  [shape] epoch  26000  rmse=0.001042  max_abs_dA=0.005746  int_signed_dA=-1.224e-10  int_abs_dA=1.867e-10  A_min=0.0005483  max_dA_fwd=-4.065e-06
  [shape] epoch  26250  rmse=0.001042  max_abs_dA=0.00573  int_signed_dA=-1.143e-10  int_abs_dA=1.859e-10  A_min=0.0005497  max_dA_fwd=-4.074e-06
  [shape] epoch  26500  rmse=0.001039  max_abs_dA=0.005731  int_signed_dA=-1.098e-10  int_abs_dA=1.846e-10  A_min=0.0005612  max_dA_fwd=-4.077e-06
  [shape] epoch  26750  rmse=0.001036  max_abs_dA=0.005694  int_signed_dA=-1.01e-10  int_abs_dA=1.828e-10  A_min=0.0005618  max_dA_fwd=-4.109e-06
  [shape] epoch  27000  rmse=0.001002  max_abs_dA=0.005684  int_signed_dA=-1.096e-10  int_abs_dA=1.767e-10  A_min=0.0005851  max_dA_fwd=-4.112e-06
  [shape] epoch  27250  rmse=0.001315  max_abs_dA=0.00576  int_signed_dA=-2.264e-10  int_abs_dA=2.493e-10  A_min=0.0005721  max_dA_fwd=-3.981e-06
  [shape] epoch  27500  rmse=0.0009808  max_abs_dA=0.005666  int_signed_dA=-1.045e-10  int_abs_dA=1.713e-10  A_min=0.0006016  max_dA_fwd=-4.147e-06
  [shape] epoch  27750  rmse=0.0009729  max_abs_dA=0.005658  int_signed_dA=-1.029e-10  int_abs_dA=1.694e-10  A_min=0.0006036  max_dA_fwd=-4.167e-06
  [shape] epoch  28000  rmse=0.0009634  max_abs_dA=0.005641  int_signed_dA=-1.045e-10  int_abs_dA=1.676e-10  A_min=0.0006168  max_dA_fwd=-4.172e-06
  [shape] epoch  28250  rmse=0.0009631  max_abs_dA=0.005634  int_signed_dA=-1.056e-10  int_abs_dA=1.679e-10  A_min=0.0006177  max_dA_fwd=-4.189e-06
  [shape] epoch  28500  rmse=0.0009387  max_abs_dA=0.005606  int_signed_dA=-9.656e-11  int_abs_dA=1.61e-10  A_min=0.0006419  max_dA_fwd=-4.203e-06
  [shape] epoch  28750  rmse=0.0009617  max_abs_dA=0.005623  int_signed_dA=-1.241e-10  int_abs_dA=1.705e-10  A_min=0.0006395  max_dA_fwd=-4.191e-06
  [shape] epoch  29000  rmse=0.0009256  max_abs_dA=0.00558  int_signed_dA=-8.178e-11  int_abs_dA=1.558e-10  A_min=0.0006493  max_dA_fwd=-4.244e-06
  [shape] epoch  29250  rmse=0.000922  max_abs_dA=0.005576  int_signed_dA=-9.175e-11  int_abs_dA=1.567e-10  A_min=0.0006548  max_dA_fwd=-4.242e-06
  [shape] epoch  29500  rmse=0.0009351  max_abs_dA=0.005533  int_signed_dA=-6.948e-11  int_abs_dA=1.559e-10  A_min=0.0006603  max_dA_fwd=-4.269e-06
  [shape] epoch  29750  rmse=0.0009477  max_abs_dA=0.005559  int_signed_dA=-1.281e-10  int_abs_dA=1.683e-10  A_min=0.0006791  max_dA_fwd=-4.23e-06
  [shape] epoch  30000  rmse=0.0009037  max_abs_dA=0.00552  int_signed_dA=-7.997e-11  int_abs_dA=1.507e-10  A_min=0.0006787  max_dA_fwd=-4.292e-06
  [shape] epoch  30250  rmse=0.0008856  max_abs_dA=0.005518  int_signed_dA=-1.009e-10  int_abs_dA=1.509e-10  A_min=0.0006927  max_dA_fwd=-4.292e-06
  [shape] epoch  30500  rmse=0.000845  max_abs_dA=0.005482  int_signed_dA=-8.002e-11  int_abs_dA=1.376e-10  A_min=0.0007213  max_dA_fwd=-4.329e-06
  [shape] epoch  30750  rmse=0.0008555  max_abs_dA=0.005483  int_signed_dA=-7.928e-11  int_abs_dA=1.4e-10  A_min=0.0007081  max_dA_fwd=-4.344e-06
  [shape] epoch  31000  rmse=0.0008263  max_abs_dA=0.005453  int_signed_dA=-7.599e-11  int_abs_dA=1.327e-10  A_min=0.000739  max_dA_fwd=-4.361e-06
  [shape] epoch  31250  rmse=0.001129  max_abs_dA=0.005525  int_signed_dA=-1.945e-10  int_abs_dA=2.041e-10  A_min=0.0007305  max_dA_fwd=-4.259e-06
  [shape] epoch  31500  rmse=0.0008113  max_abs_dA=0.00543  int_signed_dA=-7.828e-11  int_abs_dA=1.301e-10  A_min=0.0007492  max_dA_fwd=-4.386e-06
  [shape] epoch  31750  rmse=0.0007877  max_abs_dA=0.005387  int_signed_dA=-6.57e-11  int_abs_dA=1.218e-10  A_min=0.0007741  max_dA_fwd=-4.408e-06
  [shape] epoch  32000  rmse=0.0008503  max_abs_dA=0.005412  int_signed_dA=-1.17e-10  int_abs_dA=1.453e-10  A_min=0.0007739  max_dA_fwd=-4.373e-06
  [shape] epoch  32250  rmse=0.0008121  max_abs_dA=0.005344  int_signed_dA=-4.729e-11  int_abs_dA=1.232e-10  A_min=0.0007731  max_dA_fwd=-4.44e-06
  [shape] epoch  32500  rmse=0.0007502  max_abs_dA=0.005329  int_signed_dA=-5.848e-11  int_abs_dA=1.115e-10  A_min=0.0008098  max_dA_fwd=-4.466e-06
  [shape] epoch  32750  rmse=0.0007484  max_abs_dA=0.005316  int_signed_dA=-5.546e-11  int_abs_dA=1.104e-10  A_min=0.0008097  max_dA_fwd=-4.475e-06
  [shape] epoch  33000  rmse=0.0007376  max_abs_dA=0.005308  int_signed_dA=-5.703e-11  int_abs_dA=1.084e-10  A_min=0.0008161  max_dA_fwd=-4.492e-06
  [shape] epoch  33250  rmse=0.0007398  max_abs_dA=0.005294  int_signed_dA=-6.466e-11  int_abs_dA=1.114e-10  A_min=0.0008189  max_dA_fwd=-4.492e-06
  [shape] epoch  33500  rmse=0.0007555  max_abs_dA=0.005259  int_signed_dA=-2.911e-11  int_abs_dA=1.053e-10  A_min=0.0008244  max_dA_fwd=-4.535e-06
  [shape] epoch  33750  rmse=0.001169  max_abs_dA=0.005089  int_signed_dA=1.065e-10  int_abs_dA=1.553e-10  A_min=0.0008901  max_dA_fwd=-4.685e-06
  [shape] epoch  34000  rmse=0.0007131  max_abs_dA=0.0052  int_signed_dA=-2.97e-11  int_abs_dA=9.543e-11  A_min=0.0008529  max_dA_fwd=-4.565e-06
  [shape] epoch  34250  rmse=0.0007009  max_abs_dA=0.005198  int_signed_dA=-4.268e-11  int_abs_dA=9.604e-11  A_min=0.0008574  max_dA_fwd=-4.568e-06
  [shape] epoch  34500  rmse=0.0008779  max_abs_dA=0.005057  int_signed_dA=5.442e-11  int_abs_dA=1.104e-10  A_min=0.0009252  max_dA_fwd=-4.675e-06
  [shape] epoch  34750  rmse=0.0006594  max_abs_dA=0.005127  int_signed_dA=-4.128e-11  int_abs_dA=8.648e-11  A_min=0.0009053  max_dA_fwd=-4.599e-06
  [shape] epoch  35000  rmse=0.0006607  max_abs_dA=0.005123  int_signed_dA=-3.921e-11  int_abs_dA=8.604e-11  A_min=0.0008993  max_dA_fwd=-4.616e-06
  [shape] epoch  35250  rmse=0.0007462  max_abs_dA=0.005154  int_signed_dA=-9.41e-11  int_abs_dA=1.176e-10  A_min=0.0008891  max_dA_fwd=-4.569e-06
  [shape] epoch  35500  rmse=0.0006543  max_abs_dA=0.005085  int_signed_dA=-3.373e-11  int_abs_dA=8.301e-11  A_min=0.0009076  max_dA_fwd=-4.645e-06
  [shape] epoch  35750  rmse=0.000625  max_abs_dA=0.005025  int_signed_dA=-2.783e-11  int_abs_dA=7.523e-11  A_min=0.0009488  max_dA_fwd=-4.665e-06
  [shape] epoch  36000  rmse=0.0006316  max_abs_dA=0.005035  int_signed_dA=-2.568e-11  int_abs_dA=7.527e-11  A_min=0.000925  max_dA_fwd=-4.684e-06
  [shape] epoch  36250  rmse=0.0006134  max_abs_dA=0.004994  int_signed_dA=-2.638e-11  int_abs_dA=7.261e-11  A_min=0.000956  max_dA_fwd=-4.696e-06
  [shape] epoch  36500  rmse=0.0006079  max_abs_dA=0.004973  int_signed_dA=-3.217e-11  int_abs_dA=7.439e-11  A_min=0.0009617  max_dA_fwd=-4.702e-06
  [shape] epoch  36750  rmse=0.0007682  max_abs_dA=0.004991  int_signed_dA=-1.021e-10  int_abs_dA=1.196e-10  A_min=0.000968  max_dA_fwd=-4.643e-06
  [shape] epoch  37000  rmse=0.0005852  max_abs_dA=0.004904  int_signed_dA=-1.912e-11  int_abs_dA=6.567e-11  A_min=0.0009936  max_dA_fwd=-4.745e-06
  [shape] epoch  37250  rmse=0.0005768  max_abs_dA=0.004876  int_signed_dA=-2.03e-11  int_abs_dA=6.525e-11  A_min=0.001002  max_dA_fwd=-4.759e-06
  [shape] epoch  37500  rmse=0.0005647  max_abs_dA=0.004821  int_signed_dA=-1.002e-11  int_abs_dA=6.026e-11  A_min=0.001036  max_dA_fwd=-4.781e-06
  [shape] epoch  37750  rmse=0.0005628  max_abs_dA=0.004807  int_signed_dA=-1.113e-11  int_abs_dA=6.058e-11  A_min=0.001033  max_dA_fwd=-4.795e-06
  [shape] epoch  38000  rmse=0.0005558  max_abs_dA=0.004775  int_signed_dA=-9.114e-12  int_abs_dA=5.946e-11  A_min=0.001046  max_dA_fwd=-4.81e-06
  [shape] epoch  38250  rmse=0.0005922  max_abs_dA=0.004825  int_signed_dA=-4.587e-11  int_abs_dA=7.871e-11  A_min=0.001009  max_dA_fwd=-4.787e-06
  [shape] epoch  38500  rmse=0.0005418  max_abs_dA=0.004707  int_signed_dA=-1.857e-12  int_abs_dA=5.596e-11  A_min=0.001073  max_dA_fwd=-4.845e-06
  [shape] epoch  38750  rmse=0.0009339  max_abs_dA=0.004549  int_signed_dA=1.224e-10  int_abs_dA=1.444e-10  A_min=0.001131  max_dA_fwd=-4.98e-06
  [shape] epoch  39000  rmse=0.0005296  max_abs_dA=0.004628  int_signed_dA=3.28e-12  int_abs_dA=5.497e-11  A_min=0.001105  max_dA_fwd=-4.876e-06
  [shape] epoch  39250  rmse=0.0005348  max_abs_dA=0.004646  int_signed_dA=5.187e-12  int_abs_dA=5.35e-11  A_min=0.001084  max_dA_fwd=-4.897e-06
  [shape] epoch  39500  rmse=0.0006203  max_abs_dA=0.004505  int_signed_dA=5.847e-11  int_abs_dA=8.123e-11  A_min=0.00115  max_dA_fwd=-4.956e-06
  [shape] epoch  39750  rmse=0.0005179  max_abs_dA=0.004532  int_signed_dA=7.023e-12  int_abs_dA=5.611e-11  A_min=0.001138  max_dA_fwd=-4.919e-06
  [shape] epoch  40000  rmse=0.0005157  max_abs_dA=0.004534  int_signed_dA=5.067e-12  int_abs_dA=5.588e-11  A_min=0.001125  max_dA_fwd=-4.934e-06
  [shape] epoch  40250  rmse=0.0005178  max_abs_dA=0.004506  int_signed_dA=-1.016e-11  int_abs_dA=6.432e-11  A_min=0.00114  max_dA_fwd=-4.939e-06
  [shape] epoch  40500  rmse=0.0005121  max_abs_dA=0.00442  int_signed_dA=1.876e-11  int_abs_dA=5.611e-11  A_min=0.001175  max_dA_fwd=-4.97e-06
  [shape] epoch  40750  rmse=0.0005152  max_abs_dA=0.004357  int_signed_dA=2.907e-11  int_abs_dA=5.684e-11  A_min=0.0012  max_dA_fwd=-4.995e-06
  [shape] epoch  41000  rmse=0.0009312  max_abs_dA=0.004203  int_signed_dA=1.446e-10  int_abs_dA=1.642e-10  A_min=0.001253  max_dA_fwd=-5.115e-06
  [shape] epoch  41250  rmse=0.0005052  max_abs_dA=0.004321  int_signed_dA=1.901e-11  int_abs_dA=6.038e-11  A_min=0.0012  max_dA_fwd=-5.006e-06
  [shape] epoch  41500  rmse=0.0005228  max_abs_dA=0.004244  int_signed_dA=4.255e-11  int_abs_dA=6.547e-11  A_min=0.001235  max_dA_fwd=-5.047e-06
  [shape] epoch  41750  rmse=0.0005082  max_abs_dA=0.004247  int_signed_dA=2.948e-11  int_abs_dA=6.262e-11  A_min=0.001225  max_dA_fwd=-5.047e-06
  [shape] epoch  42000  rmse=0.0005087  max_abs_dA=0.004185  int_signed_dA=3.337e-11  int_abs_dA=6.528e-11  A_min=0.001248  max_dA_fwd=-5.059e-06
  [shape] epoch  42250  rmse=0.0005224  max_abs_dA=0.004117  int_signed_dA=4.7e-11  int_abs_dA=7.077e-11  A_min=0.001271  max_dA_fwd=-5.084e-06
  [shape] epoch  42500  rmse=0.0005058  max_abs_dA=0.004113  int_signed_dA=3.289e-11  int_abs_dA=6.848e-11  A_min=0.001264  max_dA_fwd=-5.081e-06
  [shape] epoch  42750  rmse=0.0005255  max_abs_dA=0.004081  int_signed_dA=5.303e-11  int_abs_dA=7.481e-11  A_min=0.001266  max_dA_fwd=-5.125e-06
  [shape] epoch  43000  rmse=0.0005135  max_abs_dA=0.00403  int_signed_dA=4.151e-11  int_abs_dA=7.302e-11  A_min=0.00129  max_dA_fwd=-5.113e-06
  [shape] epoch  43250  rmse=0.0005132  max_abs_dA=0.003969  int_signed_dA=3.104e-11  int_abs_dA=7.771e-11  A_min=0.001312  max_dA_fwd=-5.112e-06
  [shape] epoch  43500  rmse=0.0005188  max_abs_dA=0.003948  int_signed_dA=4.859e-11  int_abs_dA=7.65e-11  A_min=0.001305  max_dA_fwd=-5.142e-06
  [shape] epoch  43750  rmse=0.0005287  max_abs_dA=0.003868  int_signed_dA=5.45e-11  int_abs_dA=8.175e-11  A_min=0.001338  max_dA_fwd=-5.157e-06
  [shape] epoch  44000  rmse=0.0005192  max_abs_dA=0.003853  int_signed_dA=4.372e-11  int_abs_dA=8.095e-11  A_min=0.001335  max_dA_fwd=-5.156e-06
  [shape] epoch  44250  rmse=0.0005216  max_abs_dA=0.003822  int_signed_dA=4.814e-11  int_abs_dA=8.173e-11  A_min=0.001337  max_dA_fwd=-5.171e-06
  [shape] epoch  44500  rmse=0.0005246  max_abs_dA=0.003789  int_signed_dA=5.084e-11  int_abs_dA=8.293e-11  A_min=0.001343  max_dA_fwd=-5.181e-06
  [shape] epoch  44750  rmse=0.0005336  max_abs_dA=0.00371  int_signed_dA=5.596e-11  int_abs_dA=8.715e-11  A_min=0.00137  max_dA_fwd=-5.196e-06
  [shape] epoch  45000  rmse=0.0005434  max_abs_dA=0.003655  int_signed_dA=6.108e-11  int_abs_dA=9.086e-11  A_min=0.001387  max_dA_fwd=-5.213e-06
  [shape] epoch  45250  rmse=0.0005285  max_abs_dA=0.003657  int_signed_dA=4.614e-11  int_abs_dA=8.804e-11  A_min=0.00137  max_dA_fwd=-5.202e-06
  [shape] epoch  45500  rmse=0.0005361  max_abs_dA=0.003614  int_signed_dA=5.731e-11  int_abs_dA=8.966e-11  A_min=0.001379  max_dA_fwd=-5.224e-06
  [shape] epoch  45750  rmse=0.0005412  max_abs_dA=0.003561  int_signed_dA=5.764e-11  int_abs_dA=9.243e-11  A_min=0.001394  max_dA_fwd=-5.236e-06
  [shape] epoch  46000  rmse=0.0005524  max_abs_dA=0.003507  int_signed_dA=6.536e-11  int_abs_dA=9.55e-11  A_min=0.00141  max_dA_fwd=-5.251e-06
  [shape] epoch  46250  rmse=0.0005585  max_abs_dA=0.003456  int_signed_dA=6.805e-11  int_abs_dA=9.775e-11  A_min=0.001422  max_dA_fwd=-5.262e-06
  [shape] epoch  46500  rmse=0.0005723  max_abs_dA=0.003395  int_signed_dA=7.625e-11  int_abs_dA=1.016e-10  A_min=0.001436  max_dA_fwd=-5.28e-06
  [shape] epoch  46750  rmse=0.0005677  max_abs_dA=0.003363  int_signed_dA=7.191e-11  int_abs_dA=1.012e-10  A_min=0.001439  max_dA_fwd=-5.283e-06
  [shape] epoch  47000  rmse=0.0008465  max_abs_dA=0.003232  int_signed_dA=1.607e-10  int_abs_dA=1.746e-10  A_min=0.001479  max_dA_fwd=-5.382e-06
  [shape] epoch  47250  rmse=0.0005735  max_abs_dA=0.003328  int_signed_dA=3.5e-11  int_abs_dA=1.051e-10  A_min=0.001433  max_dA_fwd=-5.256e-06
  [shape] epoch  47500  rmse=0.0005764  max_abs_dA=0.003239  int_signed_dA=7.533e-11  int_abs_dA=1.046e-10  A_min=0.001457  max_dA_fwd=-5.306e-06
  [shape] epoch  47750  rmse=0.0005821  max_abs_dA=0.003195  int_signed_dA=7.752e-11  int_abs_dA=1.065e-10  A_min=0.001465  max_dA_fwd=-5.316e-06
  [shape] epoch  48000  rmse=0.0005814  max_abs_dA=0.003156  int_signed_dA=7.531e-11  int_abs_dA=1.07e-10  A_min=0.001469  max_dA_fwd=-5.32e-06
  [shape] epoch  48250  rmse=0.0005798  max_abs_dA=0.003117  int_signed_dA=7.264e-11  int_abs_dA=1.071e-10  A_min=0.001472  max_dA_fwd=-5.322e-06
  [shape] epoch  48500  rmse=0.0005886  max_abs_dA=0.003074  int_signed_dA=7.939e-11  int_abs_dA=1.092e-10  A_min=0.001478  max_dA_fwd=-5.337e-06
  [shape] epoch  48750  rmse=0.0005779  max_abs_dA=0.003057  int_signed_dA=7.07e-11  int_abs_dA=1.074e-10  A_min=0.00147  max_dA_fwd=-5.332e-06
  [shape] epoch  49000  rmse=0.0005844  max_abs_dA=0.003004  int_signed_dA=7.007e-11  int_abs_dA=1.097e-10  A_min=0.001482  max_dA_fwd=-5.337e-06
  [shape] epoch  49250  rmse=0.0005944  max_abs_dA=0.002961  int_signed_dA=8.205e-11  int_abs_dA=1.113e-10  A_min=0.001487  max_dA_fwd=-5.356e-06
  [shape] epoch  49500  rmse=0.0005857  max_abs_dA=0.002934  int_signed_dA=7.182e-11  int_abs_dA=1.105e-10  A_min=0.001485  max_dA_fwd=-5.349e-06
  [shape] epoch  49750  rmse=0.0005956  max_abs_dA=0.002921  int_signed_dA=4.594e-11  int_abs_dA=1.139e-10  A_min=0.001478  max_dA_fwd=-5.327e-06
  [shape] epoch  50000  rmse=0.0005966  max_abs_dA=0.002854  int_signed_dA=8.23e-11  int_abs_dA=1.127e-10  A_min=0.001493  max_dA_fwd=-5.371e-06
  [shape] epoch  50250  rmse=0.0006045  max_abs_dA=0.002807  int_signed_dA=8.698e-11  int_abs_dA=1.145e-10  A_min=0.0015  max_dA_fwd=-5.381e-06
  [shape] epoch  50500  rmse=0.0006017  max_abs_dA=0.002778  int_signed_dA=8.46e-11  int_abs_dA=1.143e-10  A_min=0.0015  max_dA_fwd=-5.383e-06
  [shape] epoch  50750  rmse=0.0006184  max_abs_dA=0.002729  int_signed_dA=9.597e-11  int_abs_dA=1.176e-10  A_min=0.001506  max_dA_fwd=-5.399e-06
  [shape] epoch  51000  rmse=0.0006028  max_abs_dA=0.002713  int_signed_dA=8.558e-11  int_abs_dA=1.15e-10  A_min=0.001501  max_dA_fwd=-5.391e-06
  [shape] epoch  51250  rmse=0.0005929  max_abs_dA=0.002692  int_signed_dA=7.429e-11  int_abs_dA=1.139e-10  A_min=0.001497  max_dA_fwd=-5.381e-06
  [shape] epoch  51500  rmse=0.000605  max_abs_dA=0.002645  int_signed_dA=8.646e-11  int_abs_dA=1.159e-10  A_min=0.001505  max_dA_fwd=-5.399e-06
  [shape] epoch  51750  rmse=0.000604  max_abs_dA=0.002613  int_signed_dA=8.494e-11  int_abs_dA=1.16e-10  A_min=0.001506  max_dA_fwd=-5.401e-06
  [shape] epoch  52000  rmse=0.0006058  max_abs_dA=0.002584  int_signed_dA=8.801e-11  int_abs_dA=1.163e-10  A_min=0.001505  max_dA_fwd=-5.406e-06
  [shape] epoch  52250  rmse=0.0006968  max_abs_dA=0.002509  int_signed_dA=1.293e-10  int_abs_dA=1.394e-10  A_min=0.001522  max_dA_fwd=-5.454e-06
  [shape] epoch  52500  rmse=0.0005943  max_abs_dA=0.002538  int_signed_dA=7.458e-11  int_abs_dA=1.152e-10  A_min=0.0015  max_dA_fwd=-5.396e-06
  [shape] epoch  52750  rmse=0.0006037  max_abs_dA=0.0025  int_signed_dA=8.695e-11  int_abs_dA=1.164e-10  A_min=0.001504  max_dA_fwd=-5.413e-06
  [shape] epoch  53000  rmse=0.0006045  max_abs_dA=0.002466  int_signed_dA=8.719e-11  int_abs_dA=1.168e-10  A_min=0.001506  max_dA_fwd=-5.415e-06
  [shape] epoch  53250  rmse=0.0006072  max_abs_dA=0.002439  int_signed_dA=9.091e-11  int_abs_dA=1.172e-10  A_min=0.001505  max_dA_fwd=-5.421e-06
  [shape] epoch  53500  rmse=0.0006026  max_abs_dA=0.002415  int_signed_dA=8.691e-11  int_abs_dA=1.167e-10  A_min=0.001504  max_dA_fwd=-5.418e-06
  [shape] epoch  53750  rmse=0.0006016  max_abs_dA=0.002393  int_signed_dA=8.712e-11  int_abs_dA=1.165e-10  A_min=0.001503  max_dA_fwd=-5.42e-06
  [shape] epoch  54000  rmse=0.0006003  max_abs_dA=0.002366  int_signed_dA=8.639e-11  int_abs_dA=1.165e-10  A_min=0.001502  max_dA_fwd=-5.42e-06
  [shape] epoch  54250  rmse=0.000606  max_abs_dA=0.002335  int_signed_dA=9.215e-11  int_abs_dA=1.173e-10  A_min=0.001503  max_dA_fwd=-5.428e-06
  [shape] epoch  54500  rmse=0.0005976  max_abs_dA=0.002318  int_signed_dA=8.541e-11  int_abs_dA=1.162e-10  A_min=0.0015  max_dA_fwd=-5.422e-06
  [shape] epoch  54750  rmse=0.0005973  max_abs_dA=0.002294  int_signed_dA=8.615e-11  int_abs_dA=1.162e-10  A_min=0.001499  max_dA_fwd=-5.423e-06
  [shape] epoch  55000  rmse=0.0005961  max_abs_dA=0.002267  int_signed_dA=8.514e-11  int_abs_dA=1.162e-10  A_min=0.001499  max_dA_fwd=-5.423e-06
  [shape] epoch  55250  rmse=0.0005905  max_abs_dA=0.002253  int_signed_dA=7.924e-11  int_abs_dA=1.156e-10  A_min=0.001495  max_dA_fwd=-5.418e-06
  [shape] epoch  55500  rmse=0.0006033  max_abs_dA=0.002217  int_signed_dA=9.378e-11  int_abs_dA=1.171e-10  A_min=0.001499  max_dA_fwd=-5.434e-06
  [shape] epoch  55750  rmse=0.0005921  max_abs_dA=0.002205  int_signed_dA=8.504e-11  int_abs_dA=1.156e-10  A_min=0.001494  max_dA_fwd=-5.425e-06
  [shape] epoch  56000  rmse=0.0005915  max_abs_dA=0.002182  int_signed_dA=8.533e-11  int_abs_dA=1.155e-10  A_min=0.001493  max_dA_fwd=-5.425e-06
  [shape] epoch  56250  rmse=0.0005938  max_abs_dA=0.002157  int_signed_dA=8.865e-11  int_abs_dA=1.158e-10  A_min=0.001493  max_dA_fwd=-5.429e-06
  [shape] epoch  56500  rmse=0.0005883  max_abs_dA=0.002143  int_signed_dA=8.483e-11  int_abs_dA=1.15e-10  A_min=0.00149  max_dA_fwd=-5.425e-06
  [shape] epoch  56750  rmse=0.0005812  max_abs_dA=0.002132  int_signed_dA=7.601e-11  int_abs_dA=1.144e-10  A_min=0.001485  max_dA_fwd=-5.415e-06
  [shape] epoch  57000  rmse=0.0005842  max_abs_dA=0.002107  int_signed_dA=8.382e-11  int_abs_dA=1.144e-10  A_min=0.001486  max_dA_fwd=-5.424e-06
  [shape] epoch  57250  rmse=0.0005832  max_abs_dA=0.002087  int_signed_dA=8.394e-11  int_abs_dA=1.142e-10  A_min=0.001485  max_dA_fwd=-5.424e-06
  [shape] epoch  57500  rmse=0.0005808  max_abs_dA=0.00207  int_signed_dA=8.263e-11  int_abs_dA=1.139e-10  A_min=0.001483  max_dA_fwd=-5.422e-06
  [shape] epoch  57750  rmse=0.0005955  max_abs_dA=0.002038  int_signed_dA=9.62e-11  int_abs_dA=1.159e-10  A_min=0.001486  max_dA_fwd=-5.436e-06
  [shape] epoch  58000  rmse=0.0005729  max_abs_dA=0.002046  int_signed_dA=7.5e-11  int_abs_dA=1.13e-10  A_min=0.001475  max_dA_fwd=-5.413e-06
  [shape] epoch  58250  rmse=0.0005795  max_abs_dA=0.002014  int_signed_dA=8.697e-11  int_abs_dA=1.133e-10  A_min=0.001479  max_dA_fwd=-5.424e-06
  [shape] epoch  58500  rmse=0.0005737  max_abs_dA=0.002006  int_signed_dA=8.258e-11  int_abs_dA=1.126e-10  A_min=0.001474  max_dA_fwd=-5.419e-06
  [shape] epoch  58750  rmse=0.0005717  max_abs_dA=0.001988  int_signed_dA=8.168e-11  int_abs_dA=1.123e-10  A_min=0.001473  max_dA_fwd=-5.417e-06
  [shape] epoch  59000  rmse=0.0006072  max_abs_dA=0.001945  int_signed_dA=1.059e-10  int_abs_dA=1.183e-10  A_min=0.001481  max_dA_fwd=-5.442e-06
  [shape] epoch  59250  rmse=0.0005668  max_abs_dA=0.00196  int_signed_dA=7.982e-11  int_abs_dA=1.115e-10  A_min=0.001468  max_dA_fwd=-5.413e-06
  [shape] epoch  59500  rmse=0.0005657  max_abs_dA=0.001945  int_signed_dA=8.096e-11  int_abs_dA=1.112e-10  A_min=0.001467  max_dA_fwd=-5.413e-06
  [shape] epoch  59750  rmse=0.0005638  max_abs_dA=0.001929  int_signed_dA=8.038e-11  int_abs_dA=1.109e-10  A_min=0.001465  max_dA_fwd=-5.412e-06
  [shape] epoch  59999  rmse=0.0005601  max_abs_dA=0.001918  int_signed_dA=7.861e-11  int_abs_dA=1.103e-10  A_min=0.001462  max_dA_fwd=-5.408e-06
[spectral-pn] spn-L10.0-s42: loss 8.005e+00 -> 1.573e-07 (x50904353 drop)
[spectral-pn] RMSE=0.0006 max|dA|=0.0019 gamma_eff=3.2122e+07 gamma_ratio=0.9975
[spectral-pn] snapshot=final best_epoch=59999 best_loss=1.573e-07 final_loss=1.573e-07
[spectral-pn-shape] cancel=0.713 int_signed_dA=7.8611e-11 int_abs_dA=1.1031e-10 A_min=1.4621e-03 max_dA_fwd=-5.4080e-06
[spectral-pn] saved: runs/transient/pn_corridor_ladder_60k/ladder_L10.0_2d
