PINN-BTE Training Log
Run ID: 20260707_073337
Started: 2026-07-07T07:33:42.086329
======================================================================

                    INFO     Logging to:                                        
                             runs/transient/1d_nongray_large_dt_1.0um_100K/20260
                             707_073337/training_20260707_073337.log            
                    INFO     Logging to:                                        
                             runs/transient/1d_nongray_large_dt_1.0um_100K/20260
                             707_073337/training_20260707_073337.log            
[07/07/26 07:33:42] INFO     Started W&B run: tr_1d_ng_L1.0um_dT100K ·          
                             20260707_073337 (dnk633zj)                         
                    INFO     Started W&B run: tr_1d_ng_L1.0um_dT100K ·          
                             20260707_073337 (dnk633zj)                         

Phase 1: Pretraining β-network
  Temperature range: [250K, 350K]
  Epochs: 200
     0.1s | Epoch     0 | β Loss = 7.80e-01
  β pretraining complete! Final loss: 5.18e-02
╭───────────────────────────── Starting Training ──────────────────────────────╮
│   Mode      Transient_Nongray_LargeDT                                        │
│   Epochs    15000                                                            │
│   Device    cuda                                                             │
│   Run ID    20260707_073337                                                  │
╰──────────────────────────────────────────────────────────────────────────────╯

Phase 2: BTE Training
  L = 1.0 μm, ΔT = 100.0K
  T range: [250K, 350K]
  Kn_eff = 0.1015
  τ(T) model = holland (full branch-resolved Holland--Callaway)
  Waypoints: 5 (uniform), weight=0.0
  ALL 60 modes × ALL 16 angles (vectorized)
  Epochs: 15000
     0.6s | Epoch     0 | BTE=7.47e+00 | Energy=1.14e+00 | BC=2.92e-03 | 
IC_n=1.56e-02 | IC_T=0.00e+00 | dT=0.00e+00 | WP=1.15e+01 | GE=4.72e-05 | 
Amp=0.00e+00 | Total=2.01e+01
    63.6s | Epoch   200 | BTE=1.55e+00 | Energy=1.06e+00 | BC=3.89e-02 | 
IC_n=4.56e-02 | IC_T=0.00e+00 | dT=0.00e+00 | WP=6.14e+00 | GE=1.53e-04 | 
Amp=0.00e+00 | Total=8.84e+00
   127.4s | Epoch   400 | BTE=1.40e+00 | Energy=7.56e-01 | BC=2.19e-02 | 
IC_n=3.54e-02 | IC_T=0.00e+00 | dT=0.00e+00 | WP=5.73e+00 | GE=2.16e-04 | 
Amp=0.00e+00 | Total=7.94e+00
   191.0s | Epoch   600 | BTE=1.28e+00 | Energy=5.93e-01 | BC=2.25e-02 | 
IC_n=2.36e-02 | IC_T=0.00e+00 | dT=0.00e+00 | WP=5.19e+00 | GE=3.13e-04 | 
Amp=0.00e+00 | Total=7.11e+00
   253.6s | Epoch   800 | BTE=1.09e+00 | Energy=5.18e-01 | BC=2.37e-02 | 
IC_n=1.10e-02 | IC_T=0.00e+00 | dT=0.00e+00 | WP=4.84e+00 | GE=6.12e-06 | 
Amp=0.00e+00 | Total=6.48e+00
   317.6s | Epoch  1000 | BTE=1.06e+00 | Energy=5.00e-01 | BC=2.33e-02 | 
IC_n=7.10e-03 | IC_T=0.00e+00 | dT=0.00e+00 | WP=4.60e+00 | GE=2.65e-06 | 
Amp=0.00e+00 | Total=6.18e+00
   379.6s | Epoch  1200 | BTE=1.05e+00 | Energy=4.86e-01 | BC=2.36e-02 | 
IC_n=4.68e-03 | IC_T=0.00e+00 | dT=0.00e+00 | WP=4.61e+00 | GE=1.32e-05 | 
Amp=0.00e+00 | Total=6.18e+00
   441.8s | Epoch  1400 | BTE=9.28e-01 | Energy=4.10e-01 | BC=2.26e-02 | 
IC_n=7.63e-03 | IC_T=0.00e+00 | dT=0.00e+00 | WP=4.62e+00 | GE=1.94e-05 | 
Amp=0.00e+00 | Total=5.98e+00
   505.8s | Epoch  1600 | BTE=9.43e-01 | Energy=4.10e-01 | BC=2.15e-02 | 
IC_n=4.59e-03 | IC_T=0.00e+00 | dT=0.00e+00 | WP=4.57e+00 | GE=1.48e-04 | 
Amp=0.00e+00 | Total=5.94e+00
   568.9s | Epoch  1800 | BTE=9.38e-01 | Energy=3.94e-01 | BC=2.27e-02 | 
IC_n=5.01e-03 | IC_T=0.00e+00 | dT=0.00e+00 | WP=4.62e+00 | GE=2.01e-05 | 
Amp=0.00e+00 | Total=5.98e+00
   631.8s | Epoch  2000 | BTE=9.33e-01 | Energy=3.69e-01 | BC=2.16e-02 | 
IC_n=2.64e-03 | IC_T=0.00e+00 | dT=0.00e+00 | WP=4.64e+00 | GE=4.52e-06 | 
Amp=0.00e+00 | Total=5.97e+00
   694.5s | Epoch  2200 | BTE=8.72e-01 | Energy=3.47e-01 | BC=2.12e-02 | 
IC_n=6.82e-03 | IC_T=0.00e+00 | dT=0.00e+00 | WP=4.62e+00 | GE=4.44e-06 | 
Amp=0.00e+00 | Total=5.87e+00
   757.3s | Epoch  2400 | BTE=8.47e-01 | Energy=3.34e-01 | BC=2.33e-02 | 
IC_n=4.52e-03 | IC_T=0.00e+00 | dT=0.00e+00 | WP=4.56e+00 | GE=1.10e-05 | 
Amp=0.00e+00 | Total=5.77e+00
   822.1s | Epoch  2600 | BTE=8.42e-01 | Energy=3.08e-01 | BC=2.15e-02 | 
IC_n=8.36e-03 | IC_T=0.00e+00 | dT=0.00e+00 | WP=4.62e+00 | GE=7.36e-05 | 
Amp=0.00e+00 | Total=5.80e+00
   884.9s | Epoch  2800 | BTE=8.65e-01 | Energy=2.89e-01 | BC=2.09e-02 | 
IC_n=5.32e-03 | IC_T=0.00e+00 | dT=0.00e+00 | WP=4.55e+00 | GE=2.21e-04 | 
Amp=0.00e+00 | Total=5.73e+00
   948.0s | Epoch  3000 | BTE=8.37e-01 | Energy=3.21e-01 | BC=2.23e-02 | 
IC_n=2.56e-03 | IC_T=0.00e+00 | dT=0.00e+00 | WP=4.61e+00 | GE=4.77e-10 | 
Amp=0.00e+00 | Total=5.79e+00
  1011.2s | Epoch  3200 | BTE=8.33e-01 | Energy=2.94e-01 | BC=2.11e-02 | 
IC_n=3.83e-03 | IC_T=0.00e+00 | dT=0.00e+00 | WP=4.62e+00 | GE=5.11e-05 | 
Amp=0.00e+00 | Total=5.78e+00
  1073.9s | Epoch  3400 | BTE=8.39e-01 | Energy=3.00e-01 | BC=2.11e-02 | 
IC_n=2.34e-03 | IC_T=0.00e+00 | dT=0.00e+00 | WP=4.58e+00 | GE=8.55e-06 | 
Amp=0.00e+00 | Total=5.75e+00
  1137.0s | Epoch  3600 | BTE=7.65e-01 | Energy=2.88e-01 | BC=2.18e-02 | 
IC_n=2.79e-03 | IC_T=0.00e+00 | dT=0.00e+00 | WP=4.57e+00 | GE=3.80e-05 | 
Amp=0.00e+00 | Total=5.65e+00
  1201.1s | Epoch  3800 | BTE=7.57e-01 | Energy=2.62e-01 | BC=2.08e-02 | 
IC_n=6.63e-03 | IC_T=0.00e+00 | dT=0.00e+00 | WP=4.51e+00 | GE=1.05e-04 | 
Amp=0.00e+00 | Total=5.56e+00
  1264.4s | Epoch  4000 | BTE=7.95e-01 | Energy=2.58e-01 | BC=2.12e-02 | 
IC_n=5.88e-03 | IC_T=0.00e+00 | dT=0.00e+00 | WP=4.40e+00 | GE=1.92e-04 | 
Amp=0.00e+00 | Total=5.48e+00
  1327.7s | Epoch  4200 | BTE=7.69e-01 | Energy=2.84e-01 | BC=2.04e-02 | 
IC_n=2.29e-03 | IC_T=0.00e+00 | dT=0.00e+00 | WP=4.24e+00 | GE=2.72e-04 | 
Amp=0.00e+00 | Total=5.31e+00
  1390.9s | Epoch  4400 | BTE=7.13e-01 | Energy=2.25e-01 | BC=1.82e-02 | 
IC_n=2.03e-03 | IC_T=0.00e+00 | dT=0.00e+00 | WP=3.81e+00 | GE=3.38e-04 | 
Amp=0.00e+00 | Total=4.77e+00
  1453.8s | Epoch  4600 | BTE=5.62e-01 | Energy=1.77e-01 | BC=1.48e-02 | 
IC_n=4.06e-03 | IC_T=0.00e+00 | dT=0.00e+00 | WP=3.19e+00 | GE=1.09e-04 | 
Amp=0.00e+00 | Total=3.94e+00
  1517.4s | Epoch  4800 | BTE=5.39e-01 | Energy=1.55e-01 | BC=1.28e-02 | 
IC_n=1.61e-03 | IC_T=0.00e+00 | dT=0.00e+00 | WP=2.54e+00 | GE=2.05e-05 | 
Amp=0.00e+00 | Total=3.25e+00
  1579.9s | Epoch  5000 | BTE=3.99e-01 | Energy=9.22e-02 | BC=8.86e-03 | 
IC_n=4.02e-03 | IC_T=0.00e+00 | dT=0.00e+00 | WP=2.00e+00 | GE=5.09e-06 | 
Amp=0.00e+00 | Total=2.51e+00
  1642.7s | Epoch  5200 | BTE=3.11e-01 | Energy=7.02e-02 | BC=6.69e-03 | 
IC_n=1.96e-03 | IC_T=0.00e+00 | dT=0.00e+00 | WP=1.33e+00 | GE=4.61e-05 | 
Amp=0.00e+00 | Total=1.72e+00
  1707.0s | Epoch  5400 | BTE=2.61e-01 | Energy=4.57e-02 | BC=4.46e-03 | 
IC_n=1.48e-03 | IC_T=0.00e+00 | dT=0.00e+00 | WP=7.29e-01 | GE=7.70e-10 | 
Amp=0.00e+00 | Total=1.04e+00
  1768.8s | Epoch  5600 | BTE=1.95e-01 | Energy=3.05e-02 | BC=2.61e-03 | 
IC_n=3.97e-03 | IC_T=0.00e+00 | dT=0.00e+00 | WP=4.52e-01 | GE=2.04e-05 | 
Amp=0.00e+00 | Total=6.84e-01
  1832.0s | Epoch  5800 | BTE=2.02e-01 | Energy=1.85e-02 | BC=2.24e-03 | 
IC_n=1.58e-03 | IC_T=0.00e+00 | dT=0.00e+00 | WP=3.21e-01 | GE=1.46e-05 | 
Amp=0.00e+00 | Total=5.46e-01
  1893.9s | Epoch  6000 | BTE=1.40e-01 | Energy=3.09e-02 | BC=2.09e-03 | 
IC_n=3.50e-03 | IC_T=0.00e+00 | dT=0.00e+00 | WP=1.96e-01 | GE=4.30e-07 | 
Amp=0.00e+00 | Total=3.73e-01
  1956.9s | Epoch  6200 | BTE=2.30e-01 | Energy=1.79e-02 | BC=1.45e-03 | 
IC_n=2.50e-03 | IC_T=0.00e+00 | dT=0.00e+00 | WP=1.68e-01 | GE=1.15e-06 | 
Amp=0.00e+00 | Total=4.20e-01
  2019.4s | Epoch  6400 | BTE=1.68e-01 | Energy=1.26e-02 | BC=1.25e-03 | 
IC_n=4.78e-03 | IC_T=0.00e+00 | dT=0.00e+00 | WP=1.50e-01 | GE=2.54e-05 | 
Amp=0.00e+00 | Total=3.37e-01
  2081.4s | Epoch  6600 | BTE=1.46e-01 | Energy=1.17e-02 | BC=1.05e-03 | 
IC_n=5.96e-03 | IC_T=0.00e+00 | dT=0.00e+00 | WP=1.04e-01 | GE=9.38e-08 | 
Amp=0.00e+00 | Total=2.69e-01
  2143.1s | Epoch  6800 | BTE=2.09e-01 | Energy=7.76e-03 | BC=9.93e-04 | 
IC_n=1.60e-03 | IC_T=0.00e+00 | dT=0.00e+00 | WP=8.14e-02 | GE=1.82e-06 | 
Amp=0.00e+00 | Total=3.01e-01
  2206.6s | Epoch  7000 | BTE=1.72e-01 | Energy=9.01e-03 | BC=8.60e-04 | 
IC_n=1.54e-03 | IC_T=0.00e+00 | dT=0.00e+00 | WP=7.10e-02 | GE=3.29e-07 | 
Amp=0.00e+00 | Total=2.55e-01
  2268.9s | Epoch  7200 | BTE=1.56e-01 | Energy=7.10e-03 | BC=9.34e-04 | 
IC_n=2.18e-03 | IC_T=0.00e+00 | dT=0.00e+00 | WP=5.07e-02 | GE=2.04e-07 | 
Amp=0.00e+00 | Total=2.17e-01
  2331.0s | Epoch  7400 | BTE=1.15e-01 | Energy=8.28e-03 | BC=7.74e-04 | 
IC_n=6.74e-03 | IC_T=0.00e+00 | dT=0.00e+00 | WP=4.67e-02 | GE=2.12e-06 | 
Amp=0.00e+00 | Total=1.77e-01
  2394.6s | Epoch  7600 | BTE=9.44e-02 | Energy=4.97e-03 | BC=7.66e-04 | 
IC_n=2.57e-03 | IC_T=0.00e+00 | dT=0.00e+00 | WP=4.70e-02 | GE=3.79e-06 | 
Amp=0.00e+00 | Total=1.50e-01
  2457.4s | Epoch  7800 | BTE=1.59e-01 | Energy=5.56e-03 | BC=7.46e-04 | 
IC_n=2.21e-03 | IC_T=0.00e+00 | dT=0.00e+00 | WP=3.46e-02 | GE=3.66e-07 | 
Amp=0.00e+00 | Total=2.02e-01
  2522.7s | Epoch  8000 | BTE=1.07e-01 | Energy=7.90e-03 | BC=7.04e-04 | 
IC_n=6.77e-03 | IC_T=0.00e+00 | dT=0.00e+00 | WP=3.27e-02 | GE=2.60e-06 | 
Amp=0.00e+00 | Total=1.55e-01
  2586.4s | Epoch  8200 | BTE=8.96e-02 | Energy=4.61e-03 | BC=6.61e-04 | 
IC_n=3.01e-03 | IC_T=0.00e+00 | dT=0.00e+00 | WP=2.99e-02 | GE=1.07e-05 | 
Amp=0.00e+00 | Total=1.28e-01
  2648.8s | Epoch  8400 | BTE=9.97e-02 | Energy=5.80e-03 | BC=6.44e-04 | 
IC_n=4.75e-03 | IC_T=0.00e+00 | dT=0.00e+00 | WP=2.55e-02 | GE=3.41e-07 | 
Amp=0.00e+00 | Total=1.36e-01
  2711.4s | Epoch  8600 | BTE=9.44e-02 | Energy=6.92e-03 | BC=6.32e-04 | 
IC_n=3.23e-03 | IC_T=0.00e+00 | dT=0.00e+00 | WP=1.94e-02 | GE=1.56e-05 | 
Amp=0.00e+00 | Total=1.25e-01
  2774.6s | Epoch  8800 | BTE=9.51e-02 | Energy=4.27e-03 | BC=6.30e-04 | 
IC_n=2.87e-03 | IC_T=0.00e+00 | dT=0.00e+00 | WP=1.98e-02 | GE=2.15e-09 | 
Amp=0.00e+00 | Total=1.23e-01
  2838.1s | Epoch  9000 | BTE=8.27e-02 | Energy=5.08e-03 | BC=5.79e-04 | 
IC_n=6.36e-03 | IC_T=0.00e+00 | dT=0.00e+00 | WP=1.79e-02 | GE=4.81e-10 | 
Amp=0.00e+00 | Total=1.13e-01
  2899.2s | Epoch  9200 | BTE=8.48e-02 | Energy=4.00e-03 | BC=5.98e-04 | 
IC_n=3.34e-03 | IC_T=0.00e+00 | dT=0.00e+00 | WP=1.59e-02 | GE=7.99e-06 | 
Amp=0.00e+00 | Total=1.09e-01
  2962.1s | Epoch  9400 | BTE=9.45e-02 | Energy=3.60e-02 | BC=5.66e-04 | 
IC_n=3.71e-03 | IC_T=0.00e+00 | dT=0.00e+00 | WP=1.87e-02 | GE=2.49e-06 | 
Amp=0.00e+00 | Total=1.53e-01
  3024.8s | Epoch  9600 | BTE=6.41e-02 | Energy=4.82e-03 | BC=5.77e-04 | 
IC_n=5.61e-03 | IC_T=0.00e+00 | dT=0.00e+00 | WP=1.73e-02 | GE=4.46e-06 | 
Amp=0.00e+00 | Total=9.25e-02
  3087.5s | Epoch  9800 | BTE=6.44e-02 | Energy=3.29e-03 | BC=5.63e-04 | 
IC_n=3.59e-03 | IC_T=0.00e+00 | dT=0.00e+00 | WP=1.46e-02 | GE=1.31e-07 | 
Amp=0.00e+00 | Total=8.64e-02
  3150.9s | Epoch 10000 | BTE=7.50e-02 | Energy=3.51e-03 | BC=5.57e-04 | 
IC_n=3.57e-03 | IC_T=0.00e+00 | dT=0.00e+00 | WP=1.47e-02 | GE=8.81e-08 | 
Amp=0.00e+00 | Total=9.74e-02
  3213.8s | Epoch 10200 | BTE=5.85e-02 | Energy=3.79e-03 | BC=5.24e-04 | 
IC_n=5.67e-03 | IC_T=0.00e+00 | dT=0.00e+00 | WP=1.32e-02 | GE=1.29e-06 | 
Amp=0.00e+00 | Total=8.17e-02
  3275.5s | Epoch 10400 | BTE=7.62e-02 | Energy=4.46e-03 | BC=5.32e-04 | 
IC_n=3.86e-03 | IC_T=0.00e+00 | dT=0.00e+00 | WP=1.22e-02 | GE=5.90e-07 | 
Amp=0.00e+00 | Total=9.72e-02
  3340.4s | Epoch 10600 | BTE=7.05e-02 | Energy=4.14e-03 | BC=5.26e-04 | 
IC_n=4.54e-03 | IC_T=0.00e+00 | dT=0.00e+00 | WP=1.10e-02 | GE=6.67e-07 | 
Amp=0.00e+00 | Total=9.07e-02
  3403.3s | Epoch 10800 | BTE=6.16e-02 | Energy=3.06e-03 | BC=5.15e-04 | 
IC_n=4.08e-03 | IC_T=0.00e+00 | dT=0.00e+00 | WP=1.17e-02 | GE=2.17e-06 | 
Amp=0.00e+00 | Total=8.09e-02
  3466.0s | Epoch 11000 | BTE=6.65e-02 | Energy=4.17e-03 | BC=5.13e-04 | 
IC_n=3.85e-03 | IC_T=0.00e+00 | dT=0.00e+00 | WP=1.09e-02 | GE=4.03e-06 | 
Amp=0.00e+00 | Total=8.59e-02
  3528.2s | Epoch 11200 | BTE=4.69e-02 | Energy=3.66e-03 | BC=5.03e-04 | 
IC_n=4.89e-03 | IC_T=0.00e+00 | dT=0.00e+00 | WP=1.13e-02 | GE=6.99e-06 | 
Amp=0.00e+00 | Total=6.73e-02
  3590.9s | Epoch 11400 | BTE=4.93e-02 | Energy=4.31e-03 | BC=4.99e-04 | 
IC_n=6.47e-03 | IC_T=0.00e+00 | dT=0.00e+00 | WP=1.05e-02 | GE=8.30e-06 | 
Amp=0.00e+00 | Total=7.11e-02
  3653.8s | Epoch 11600 | BTE=6.62e-02 | Energy=3.20e-03 | BC=5.02e-04 | 
IC_n=3.67e-03 | IC_T=0.00e+00 | dT=0.00e+00 | WP=1.06e-02 | GE=2.08e-07 | 
Amp=0.00e+00 | Total=8.41e-02
  3716.8s | Epoch 11800 | BTE=5.36e-02 | Energy=3.47e-03 | BC=4.99e-04 | 
IC_n=3.97e-03 | IC_T=0.00e+00 | dT=0.00e+00 | WP=1.15e-02 | GE=6.43e-07 | 
Amp=0.00e+00 | Total=7.30e-02
  3780.0s | Epoch 12000 | BTE=5.41e-02 | Energy=3.12e-03 | BC=4.94e-04 | 
IC_n=3.82e-03 | IC_T=0.00e+00 | dT=0.00e+00 | WP=1.06e-02 | GE=6.70e-06 | 
Amp=0.00e+00 | Total=7.21e-02
  3843.4s | Epoch 12200 | BTE=3.39e-02 | Energy=2.46e-03 | BC=5.05e-04 | 
IC_n=3.83e-03 | IC_T=0.00e+00 | dT=0.00e+00 | WP=1.08e-02 | GE=4.50e-06 | 
Amp=0.00e+00 | Total=5.16e-02
  3907.4s | Epoch 12400 | BTE=4.83e-02 | Energy=3.18e-03 | BC=4.88e-04 | 
IC_n=4.68e-03 | IC_T=0.00e+00 | dT=0.00e+00 | WP=9.51e-03 | GE=1.27e-06 | 
Amp=0.00e+00 | Total=6.62e-02
  3971.4s | Epoch 12600 | BTE=4.53e-02 | Energy=2.72e-03 | BC=4.81e-04 | 
IC_n=4.50e-03 | IC_T=0.00e+00 | dT=0.00e+00 | WP=9.67e-03 | GE=6.48e-07 | 
Amp=0.00e+00 | Total=6.27e-02
  4035.4s | Epoch 12800 | BTE=5.40e-02 | Energy=2.67e-03 | BC=5.00e-04 | 
IC_n=4.00e-03 | IC_T=0.00e+00 | dT=0.00e+00 | WP=1.06e-02 | GE=4.12e-06 | 
Amp=0.00e+00 | Total=7.17e-02
  4099.9s | Epoch 13000 | BTE=4.67e-02 | Energy=2.46e-03 | BC=4.73e-04 | 
IC_n=4.50e-03 | IC_T=0.00e+00 | dT=0.00e+00 | WP=9.95e-03 | GE=5.41e-06 | 
Amp=0.00e+00 | Total=6.41e-02
  4163.1s | Epoch 13200 | BTE=5.44e-02 | Energy=2.73e-03 | BC=4.66e-04 | 
IC_n=4.05e-03 | IC_T=0.00e+00 | dT=0.00e+00 | WP=9.06e-03 | GE=6.61e-07 | 
Amp=0.00e+00 | Total=7.07e-02
  4228.0s | Epoch 13400 | BTE=4.19e-02 | Energy=2.44e-03 | BC=4.67e-04 | 
IC_n=3.95e-03 | IC_T=0.00e+00 | dT=0.00e+00 | WP=9.04e-03 | GE=8.25e-07 | 
Amp=0.00e+00 | Total=5.78e-02
  4290.7s | Epoch 13600 | BTE=4.36e-02 | Energy=2.96e-03 | BC=4.66e-04 | 
IC_n=4.28e-03 | IC_T=0.00e+00 | dT=0.00e+00 | WP=8.90e-03 | GE=8.74e-08 | 
Amp=0.00e+00 | Total=6.02e-02
  4352.7s | Epoch 13800 | BTE=4.66e-02 | Energy=2.65e-03 | BC=4.71e-04 | 
IC_n=4.22e-03 | IC_T=0.00e+00 | dT=0.00e+00 | WP=8.85e-03 | GE=1.37e-06 | 
Amp=0.00e+00 | Total=6.28e-02
  4416.4s | Epoch 14000 | BTE=4.11e-02 | Energy=2.35e-03 | BC=4.69e-04 | 
IC_n=4.06e-03 | IC_T=0.00e+00 | dT=0.00e+00 | WP=8.45e-03 | GE=1.72e-06 | 
Amp=0.00e+00 | Total=5.64e-02
  4480.0s | Epoch 14200 | BTE=3.74e-02 | Energy=2.23e-03 | BC=4.72e-04 | 
IC_n=3.89e-03 | IC_T=0.00e+00 | dT=0.00e+00 | WP=8.57e-03 | GE=2.69e-09 | 
Amp=0.00e+00 | Total=5.25e-02
  4543.1s | Epoch 14400 | BTE=4.63e-02 | Energy=3.21e-03 | BC=4.68e-04 | 
IC_n=3.93e-03 | IC_T=0.00e+00 | dT=0.00e+00 | WP=8.77e-03 | GE=4.29e-08 | 
Amp=0.00e+00 | Total=6.27e-02
  4606.9s | Epoch 14600 | BTE=5.23e-02 | Energy=2.38e-03 | BC=4.68e-04 | 
IC_n=3.92e-03 | IC_T=0.00e+00 | dT=0.00e+00 | WP=8.87e-03 | GE=3.88e-06 | 
Amp=0.00e+00 | Total=6.79e-02
  4671.4s | Epoch 14800 | BTE=5.67e-02 | Energy=2.55e-03 | BC=4.64e-04 | 
IC_n=4.01e-03 | IC_T=0.00e+00 | dT=0.00e+00 | WP=8.83e-03 | GE=3.95e-06 | 
Amp=0.00e+00 | Total=7.26e-02
╭───────────────────────────── Training Complete ──────────────────────────────╮
│   Time      4733.76s                                                         │
│   Output    runs/transient/1d_nongray_large_dt_1.0um_100K/20260707_073337    │
│   Saved     net_T_20260707_073337.pt                                         │
│   Saved     net_n_20260707_073337.pt                                         │
│   Saved     net_beta_20260707_073337.pt                                      │
╰──────────────────────────────────────────────────────────────────────────────╯
Results saved to: 
runs/transient/1d_nongray_large_dt_1.0um_100K/20260707_073337/20260707_073337_re
sults.npz
  Generating visualizations...
  Amplitude: A(0)=50.0000, A(end)=0.5493 (98.9% decay)
  Energy drift: 0.0068
  ⚠ Oscillation at t≈29τ
  Saved: 
runs/transient/1d_nongray_large_dt_1.0um_100K/20260707_073337/amplitude_decay_20
260707_073337.png

Done!
