PINN-BTE Training Log
Run ID: 20260704_034543
Started: 2026-07-04T03:45:47.943321
======================================================================

                    INFO     Logging to:                                        
                             runs/transient/1d_nongray_large_dt_0.01um_100K/2026
                             0704_034543/training_20260704_034543.log           
                    INFO     Logging to:                                        
                             runs/transient/1d_nongray_large_dt_0.01um_100K/2026
                             0704_034543/training_20260704_034543.log           
[07/04/26 03:45:48] INFO     Started W&B run: tr_1d_ng_L0.01um_dT100K ·         
                             20260704_034543 (7uyu35on)                         
[07/04/26 03:45:48] INFO     Started W&B run: tr_1d_ng_L0.01um_dT100K ·         
                             20260704_034543 (7uyu35on)                         

Phase 1: Pretraining β-network
  Temperature range: [250K, 350K]
  Epochs: 200
     0.2s | Epoch     0 | β Loss = 3.15e+00
  β pretraining complete! Final loss: 6.90e-01
╭───────────────────────────── Starting Training ──────────────────────────────╮
│   Mode      Transient_Nongray_LargeDT                                        │
│   Epochs    15000                                                            │
│   Device    cuda                                                             │
│   Run ID    20260704_034543                                                  │
╰──────────────────────────────────────────────────────────────────────────────╯

Phase 2: BTE Training
  L = 0.0 μm, ΔT = 100.0K
  T range: [250K, 350K]
  Kn_eff = 10.1522
  τ(T) model = holland (full branch-resolved Holland--Callaway)
  Waypoints: 5 (uniform), weight=0.0
  ALL 60 modes × ALL 16 angles (vectorized)
  Epochs: 15000
     0.5s | Epoch     0 | BTE=4.86e+00 | Energy=3.04e+01 | BC=1.98e-04 | 
IC_n=4.42e-04 | IC_T=0.00e+00 | dT=0.00e+00 | WP=1.09e+01 | GE=4.13e-04 | 
Amp=0.00e+00 | Total=4.62e+01
    64.5s | Epoch   200 | BTE=6.79e+00 | Energy=6.78e-01 | BC=3.86e-04 | 
IC_n=4.23e-04 | IC_T=0.00e+00 | dT=0.00e+00 | WP=2.10e+01 | GE=2.64e-04 | 
Amp=0.00e+00 | Total=2.85e+01
   127.2s | Epoch   400 | BTE=6.22e+00 | Energy=8.18e-01 | BC=5.66e-04 | 
IC_n=5.67e-04 | IC_T=0.00e+00 | dT=0.00e+00 | WP=2.05e+01 | GE=5.89e-05 | 
Amp=0.00e+00 | Total=2.76e+01
   189.5s | Epoch   600 | BTE=5.41e+00 | Energy=8.01e-01 | BC=9.72e-04 | 
IC_n=1.05e-03 | IC_T=0.00e+00 | dT=0.00e+00 | WP=2.04e+01 | GE=1.90e-03 | 
Amp=0.00e+00 | Total=2.66e+01
   252.9s | Epoch   800 | BTE=4.54e+00 | Energy=7.09e-01 | BC=1.14e-03 | 
IC_n=1.95e-03 | IC_T=0.00e+00 | dT=0.00e+00 | WP=2.07e+01 | GE=1.51e-04 | 
Amp=0.00e+00 | Total=2.60e+01
   316.4s | Epoch  1000 | BTE=3.18e+00 | Energy=3.68e-01 | BC=7.32e-04 | 
IC_n=2.49e-03 | IC_T=0.00e+00 | dT=0.00e+00 | WP=2.20e+01 | GE=2.80e-05 | 
Amp=0.00e+00 | Total=2.55e+01
   378.8s | Epoch  1200 | BTE=2.40e+00 | Energy=2.07e-01 | BC=3.49e-04 | 
IC_n=3.10e-03 | IC_T=0.00e+00 | dT=0.00e+00 | WP=2.29e+01 | GE=3.48e-05 | 
Amp=0.00e+00 | Total=2.55e+01
   442.0s | Epoch  1400 | BTE=1.95e+00 | Energy=1.33e-01 | BC=2.56e-04 | 
IC_n=4.30e-03 | IC_T=0.00e+00 | dT=0.00e+00 | WP=2.33e+01 | GE=4.66e-04 | 
Amp=0.00e+00 | Total=2.54e+01
   505.3s | Epoch  1600 | BTE=1.69e+00 | Energy=1.63e-01 | BC=3.13e-04 | 
IC_n=5.41e-03 | IC_T=0.00e+00 | dT=0.00e+00 | WP=2.35e+01 | GE=4.61e-04 | 
Amp=0.00e+00 | Total=2.54e+01
   569.0s | Epoch  1800 | BTE=1.55e+00 | Energy=1.06e-01 | BC=3.00e-04 | 
IC_n=7.40e-03 | IC_T=0.00e+00 | dT=0.00e+00 | WP=2.36e+01 | GE=8.27e-05 | 
Amp=0.00e+00 | Total=2.53e+01
   632.2s | Epoch  2000 | BTE=1.39e+00 | Energy=8.54e-02 | BC=3.08e-04 | 
IC_n=7.12e-03 | IC_T=0.00e+00 | dT=0.00e+00 | WP=2.36e+01 | GE=3.32e-04 | 
Amp=0.00e+00 | Total=2.51e+01
   695.9s | Epoch  2200 | BTE=1.36e+00 | Energy=8.34e-02 | BC=2.82e-04 | 
IC_n=6.07e-03 | IC_T=0.00e+00 | dT=0.00e+00 | WP=2.37e+01 | GE=3.66e-04 | 
Amp=0.00e+00 | Total=2.52e+01
   758.1s | Epoch  2400 | BTE=1.27e+00 | Energy=8.02e-02 | BC=2.61e-04 | 
IC_n=6.78e-03 | IC_T=0.00e+00 | dT=0.00e+00 | WP=2.37e+01 | GE=2.27e-05 | 
Amp=0.00e+00 | Total=2.50e+01
   820.7s | Epoch  2600 | BTE=1.28e+00 | Energy=7.22e-02 | BC=2.54e-04 | 
IC_n=6.28e-03 | IC_T=0.00e+00 | dT=0.00e+00 | WP=2.38e+01 | GE=8.32e-05 | 
Amp=0.00e+00 | Total=2.51e+01
   883.7s | Epoch  2800 | BTE=1.20e+00 | Energy=6.81e-02 | BC=2.35e-04 | 
IC_n=6.61e-03 | IC_T=0.00e+00 | dT=0.00e+00 | WP=2.38e+01 | GE=9.57e-05 | 
Amp=0.00e+00 | Total=2.51e+01
   947.0s | Epoch  3000 | BTE=1.18e+00 | Energy=6.93e-02 | BC=2.36e-04 | 
IC_n=6.06e-03 | IC_T=0.00e+00 | dT=0.00e+00 | WP=2.38e+01 | GE=2.72e-04 | 
Amp=0.00e+00 | Total=2.50e+01
  1010.9s | Epoch  3200 | BTE=1.17e+00 | Energy=6.62e-02 | BC=2.55e-04 | 
IC_n=6.28e-03 | IC_T=0.00e+00 | dT=0.00e+00 | WP=2.38e+01 | GE=9.67e-08 | 
Amp=0.00e+00 | Total=2.50e+01
  1073.7s | Epoch  3400 | BTE=1.15e+00 | Energy=6.71e-02 | BC=2.79e-04 | 
IC_n=6.40e-03 | IC_T=0.00e+00 | dT=0.00e+00 | WP=2.38e+01 | GE=1.08e-03 | 
Amp=0.00e+00 | Total=2.50e+01
  1137.8s | Epoch  3600 | BTE=1.09e+00 | Energy=7.71e-02 | BC=3.11e-04 | 
IC_n=8.10e-03 | IC_T=0.00e+00 | dT=0.00e+00 | WP=2.38e+01 | GE=9.09e-04 | 
Amp=0.00e+00 | Total=2.50e+01
  1202.2s | Epoch  3800 | BTE=1.06e+00 | Energy=6.26e-02 | BC=3.19e-04 | 
IC_n=6.28e-03 | IC_T=0.00e+00 | dT=0.00e+00 | WP=2.38e+01 | GE=6.56e-04 | 
Amp=0.00e+00 | Total=2.49e+01
  1264.9s | Epoch  4000 | BTE=1.01e+00 | Energy=6.52e-02 | BC=3.50e-04 | 
IC_n=7.61e-03 | IC_T=0.00e+00 | dT=0.00e+00 | WP=2.38e+01 | GE=5.19e-04 | 
Amp=0.00e+00 | Total=2.49e+01
  1327.4s | Epoch  4200 | BTE=9.96e-01 | Energy=6.29e-02 | BC=3.70e-04 | 
IC_n=6.85e-03 | IC_T=0.00e+00 | dT=0.00e+00 | WP=2.39e+01 | GE=1.15e-03 | 
Amp=0.00e+00 | Total=2.50e+01
  1390.8s | Epoch  4400 | BTE=9.45e-01 | Energy=7.77e-02 | BC=4.19e-04 | 
IC_n=6.57e-03 | IC_T=0.00e+00 | dT=0.00e+00 | WP=2.39e+01 | GE=1.80e-05 | 
Amp=0.00e+00 | Total=2.49e+01
  1454.6s | Epoch  4600 | BTE=9.20e-01 | Energy=6.29e-02 | BC=4.63e-04 | 
IC_n=7.08e-03 | IC_T=0.00e+00 | dT=0.00e+00 | WP=2.39e+01 | GE=3.01e-04 | 
Amp=0.00e+00 | Total=2.49e+01
  1518.6s | Epoch  4800 | BTE=9.15e-01 | Energy=6.74e-02 | BC=5.10e-04 | 
IC_n=6.51e-03 | IC_T=0.00e+00 | dT=0.00e+00 | WP=2.39e+01 | GE=3.31e-04 | 
Amp=0.00e+00 | Total=2.49e+01
  1580.6s | Epoch  5000 | BTE=8.77e-01 | Energy=6.47e-02 | BC=6.04e-04 | 
IC_n=6.62e-03 | IC_T=0.00e+00 | dT=0.00e+00 | WP=2.39e+01 | GE=1.82e-04 | 
Amp=0.00e+00 | Total=2.48e+01
  1643.8s | Epoch  5200 | BTE=8.69e-01 | Energy=6.30e-02 | BC=6.64e-04 | 
IC_n=6.59e-03 | IC_T=0.00e+00 | dT=0.00e+00 | WP=2.39e+01 | GE=9.69e-04 | 
Amp=0.00e+00 | Total=2.48e+01
  1707.5s | Epoch  5400 | BTE=8.21e-01 | Energy=6.86e-02 | BC=7.72e-04 | 
IC_n=7.11e-03 | IC_T=0.00e+00 | dT=0.00e+00 | WP=2.38e+01 | GE=1.28e-04 | 
Amp=0.00e+00 | Total=2.47e+01
  1769.8s | Epoch  5600 | BTE=8.01e-01 | Energy=9.84e-02 | BC=8.47e-04 | 
IC_n=6.85e-03 | IC_T=0.00e+00 | dT=0.00e+00 | WP=2.39e+01 | GE=1.73e-04 | 
Amp=0.00e+00 | Total=2.48e+01
  1833.8s | Epoch  5800 | BTE=7.91e-01 | Energy=6.46e-02 | BC=9.28e-04 | 
IC_n=6.67e-03 | IC_T=0.00e+00 | dT=0.00e+00 | WP=2.38e+01 | GE=3.03e-04 | 
Amp=0.00e+00 | Total=2.47e+01
  1895.9s | Epoch  6000 | BTE=7.67e-01 | Energy=6.46e-02 | BC=1.02e-03 | 
IC_n=6.67e-03 | IC_T=0.00e+00 | dT=0.00e+00 | WP=2.38e+01 | GE=1.14e-03 | 
Amp=0.00e+00 | Total=2.46e+01
  1959.7s | Epoch  6200 | BTE=7.55e-01 | Energy=6.33e-02 | BC=1.10e-03 | 
IC_n=6.34e-03 | IC_T=0.00e+00 | dT=0.00e+00 | WP=2.38e+01 | GE=1.30e-05 | 
Amp=0.00e+00 | Total=2.46e+01
  2023.1s | Epoch  6400 | BTE=7.27e-01 | Energy=6.50e-02 | BC=1.15e-03 | 
IC_n=7.15e-03 | IC_T=0.00e+00 | dT=0.00e+00 | WP=2.37e+01 | GE=2.18e-07 | 
Amp=0.00e+00 | Total=2.45e+01
  2085.3s | Epoch  6600 | BTE=6.97e-01 | Energy=8.15e-02 | BC=1.22e-03 | 
IC_n=6.99e-03 | IC_T=0.00e+00 | dT=0.00e+00 | WP=2.37e+01 | GE=3.78e-04 | 
Amp=0.00e+00 | Total=2.45e+01
  2148.1s | Epoch  6800 | BTE=6.79e-01 | Energy=6.66e-02 | BC=1.28e-03 | 
IC_n=7.06e-03 | IC_T=0.00e+00 | dT=0.00e+00 | WP=2.37e+01 | GE=8.21e-05 | 
Amp=0.00e+00 | Total=2.44e+01
  2211.2s | Epoch  7000 | BTE=6.62e-01 | Energy=7.82e-02 | BC=1.34e-03 | 
IC_n=7.01e-03 | IC_T=0.00e+00 | dT=0.00e+00 | WP=2.37e+01 | GE=4.55e-05 | 
Amp=0.00e+00 | Total=2.44e+01
  2274.5s | Epoch  7200 | BTE=6.38e-01 | Energy=9.48e-02 | BC=1.47e-03 | 
IC_n=7.21e-03 | IC_T=0.00e+00 | dT=0.00e+00 | WP=2.36e+01 | GE=1.64e-04 | 
Amp=0.00e+00 | Total=2.44e+01
  2337.5s | Epoch  7400 | BTE=6.21e-01 | Energy=7.94e-02 | BC=1.39e-03 | 
IC_n=7.35e-03 | IC_T=0.00e+00 | dT=0.00e+00 | WP=2.36e+01 | GE=1.22e-03 | 
Amp=0.00e+00 | Total=2.43e+01
  2401.8s | Epoch  7600 | BTE=6.01e-01 | Energy=7.26e-02 | BC=1.43e-03 | 
IC_n=7.80e-03 | IC_T=0.00e+00 | dT=0.00e+00 | WP=2.36e+01 | GE=5.36e-04 | 
Amp=0.00e+00 | Total=2.42e+01
  2464.7s | Epoch  7800 | BTE=5.85e-01 | Energy=7.04e-02 | BC=1.49e-03 | 
IC_n=7.71e-03 | IC_T=0.00e+00 | dT=0.00e+00 | WP=2.35e+01 | GE=2.49e-03 | 
Amp=0.00e+00 | Total=2.42e+01
  2528.7s | Epoch  8000 | BTE=5.88e-01 | Energy=6.54e-02 | BC=1.45e-03 | 
IC_n=7.67e-03 | IC_T=0.00e+00 | dT=0.00e+00 | WP=2.35e+01 | GE=4.16e-04 | 
Amp=0.00e+00 | Total=2.42e+01
  2590.7s | Epoch  8200 | BTE=5.60e-01 | Energy=6.99e-02 | BC=1.55e-03 | 
IC_n=8.00e-03 | IC_T=0.00e+00 | dT=0.00e+00 | WP=2.35e+01 | GE=3.49e-04 | 
Amp=0.00e+00 | Total=2.41e+01
  2654.1s | Epoch  8400 | BTE=5.49e-01 | Energy=7.11e-02 | BC=1.60e-03 | 
IC_n=8.64e-03 | IC_T=0.00e+00 | dT=0.00e+00 | WP=2.34e+01 | GE=6.28e-04 | 
Amp=0.00e+00 | Total=2.41e+01
  2716.4s | Epoch  8600 | BTE=5.47e-01 | Energy=6.91e-02 | BC=1.53e-03 | 
IC_n=8.26e-03 | IC_T=0.00e+00 | dT=0.00e+00 | WP=2.35e+01 | GE=6.03e-06 | 
Amp=0.00e+00 | Total=2.41e+01
  2779.5s | Epoch  8800 | BTE=5.17e-01 | Energy=7.82e-02 | BC=1.67e-03 | 
IC_n=8.65e-03 | IC_T=0.00e+00 | dT=0.00e+00 | WP=2.34e+01 | GE=1.25e-03 | 
Amp=0.00e+00 | Total=2.40e+01
  2842.6s | Epoch  9000 | BTE=5.14e-01 | Energy=7.63e-02 | BC=1.69e-03 | 
IC_n=8.58e-03 | IC_T=0.00e+00 | dT=0.00e+00 | WP=2.34e+01 | GE=6.54e-04 | 
Amp=0.00e+00 | Total=2.40e+01
  2905.8s | Epoch  9200 | BTE=5.01e-01 | Energy=6.87e-02 | BC=1.71e-03 | 
IC_n=9.01e-03 | IC_T=0.00e+00 | dT=0.00e+00 | WP=2.34e+01 | GE=1.09e-03 | 
Amp=0.00e+00 | Total=2.40e+01
  2968.8s | Epoch  9400 | BTE=5.00e-01 | Energy=6.55e-02 | BC=1.80e-03 | 
IC_n=8.83e-03 | IC_T=0.00e+00 | dT=0.00e+00 | WP=2.34e+01 | GE=2.96e-04 | 
Amp=0.00e+00 | Total=2.40e+01
  3031.5s | Epoch  9600 | BTE=4.89e-01 | Energy=6.31e-02 | BC=1.83e-03 | 
IC_n=8.92e-03 | IC_T=0.00e+00 | dT=0.00e+00 | WP=2.35e+01 | GE=9.23e-05 | 
Amp=0.00e+00 | Total=2.40e+01
  3092.6s | Epoch  9800 | BTE=4.77e-01 | Energy=7.12e-02 | BC=1.81e-03 | 
IC_n=8.99e-03 | IC_T=0.00e+00 | dT=0.00e+00 | WP=2.34e+01 | GE=1.42e-04 | 
Amp=0.00e+00 | Total=2.40e+01
  3155.6s | Epoch 10000 | BTE=4.78e-01 | Energy=6.03e-02 | BC=1.87e-03 | 
IC_n=9.20e-03 | IC_T=0.00e+00 | dT=0.00e+00 | WP=2.34e+01 | GE=4.01e-04 | 
Amp=0.00e+00 | Total=2.39e+01
  3219.0s | Epoch 10200 | BTE=4.62e-01 | Energy=6.09e-02 | BC=1.93e-03 | 
IC_n=9.29e-03 | IC_T=0.00e+00 | dT=0.00e+00 | WP=2.34e+01 | GE=1.01e-03 | 
Amp=0.00e+00 | Total=2.39e+01
  3282.6s | Epoch 10400 | BTE=4.61e-01 | Energy=6.13e-02 | BC=2.01e-03 | 
IC_n=9.26e-03 | IC_T=0.00e+00 | dT=0.00e+00 | WP=2.33e+01 | GE=1.16e-04 | 
Amp=0.00e+00 | Total=2.39e+01
  3345.5s | Epoch 10600 | BTE=4.49e-01 | Energy=5.72e-02 | BC=2.02e-03 | 
IC_n=9.38e-03 | IC_T=0.00e+00 | dT=0.00e+00 | WP=2.34e+01 | GE=5.49e-04 | 
Amp=0.00e+00 | Total=2.39e+01
  3409.0s | Epoch 10800 | BTE=4.49e-01 | Energy=5.86e-02 | BC=2.08e-03 | 
IC_n=9.38e-03 | IC_T=0.00e+00 | dT=0.00e+00 | WP=2.33e+01 | GE=2.87e-04 | 
Amp=0.00e+00 | Total=2.39e+01
  3472.0s | Epoch 11000 | BTE=4.40e-01 | Energy=6.21e-02 | BC=2.09e-03 | 
IC_n=9.56e-03 | IC_T=0.00e+00 | dT=0.00e+00 | WP=2.33e+01 | GE=1.68e-03 | 
Amp=0.00e+00 | Total=2.38e+01
  3537.1s | Epoch 11200 | BTE=4.37e-01 | Energy=5.82e-02 | BC=2.09e-03 | 
IC_n=9.54e-03 | IC_T=0.00e+00 | dT=0.00e+00 | WP=2.33e+01 | GE=2.59e-05 | 
Amp=0.00e+00 | Total=2.38e+01
  3601.5s | Epoch 11400 | BTE=4.39e-01 | Energy=5.79e-02 | BC=2.13e-03 | 
IC_n=9.72e-03 | IC_T=0.00e+00 | dT=0.00e+00 | WP=2.33e+01 | GE=9.19e-06 | 
Amp=0.00e+00 | Total=2.38e+01
  3664.3s | Epoch 11600 | BTE=4.35e-01 | Energy=5.54e-02 | BC=2.16e-03 | 
IC_n=9.46e-03 | IC_T=0.00e+00 | dT=0.00e+00 | WP=2.33e+01 | GE=6.18e-04 | 
Amp=0.00e+00 | Total=2.38e+01
  3726.6s | Epoch 11800 | BTE=4.40e-01 | Energy=5.60e-02 | BC=2.18e-03 | 
IC_n=9.62e-03 | IC_T=0.00e+00 | dT=0.00e+00 | WP=2.33e+01 | GE=2.03e-04 | 
Amp=0.00e+00 | Total=2.38e+01
  3790.3s | Epoch 12000 | BTE=4.26e-01 | Energy=5.78e-02 | BC=2.22e-03 | 
IC_n=9.80e-03 | IC_T=0.00e+00 | dT=0.00e+00 | WP=2.33e+01 | GE=1.67e-04 | 
Amp=0.00e+00 | Total=2.38e+01
  3853.5s | Epoch 12200 | BTE=4.23e-01 | Energy=5.89e-02 | BC=2.22e-03 | 
IC_n=9.75e-03 | IC_T=0.00e+00 | dT=0.00e+00 | WP=2.33e+01 | GE=7.68e-04 | 
Amp=0.00e+00 | Total=2.38e+01
  3916.6s | Epoch 12400 | BTE=4.21e-01 | Energy=5.59e-02 | BC=2.21e-03 | 
IC_n=9.52e-03 | IC_T=0.00e+00 | dT=0.00e+00 | WP=2.33e+01 | GE=2.15e-04 | 
Amp=0.00e+00 | Total=2.38e+01
  3981.3s | Epoch 12600 | BTE=4.18e-01 | Energy=5.73e-02 | BC=2.25e-03 | 
IC_n=9.54e-03 | IC_T=0.00e+00 | dT=0.00e+00 | WP=2.33e+01 | GE=1.61e-05 | 
Amp=0.00e+00 | Total=2.38e+01
  4044.2s | Epoch 12800 | BTE=4.19e-01 | Energy=5.47e-02 | BC=2.26e-03 | 
IC_n=9.66e-03 | IC_T=0.00e+00 | dT=0.00e+00 | WP=2.33e+01 | GE=1.12e-03 | 
Amp=0.00e+00 | Total=2.37e+01
  4107.2s | Epoch 13000 | BTE=4.19e-01 | Energy=5.57e-02 | BC=2.26e-03 | 
IC_n=9.54e-03 | IC_T=0.00e+00 | dT=0.00e+00 | WP=2.33e+01 | GE=1.05e-05 | 
Amp=0.00e+00 | Total=2.37e+01
  4170.9s | Epoch 13200 | BTE=4.17e-01 | Energy=5.37e-02 | BC=2.28e-03 | 
IC_n=9.72e-03 | IC_T=0.00e+00 | dT=0.00e+00 | WP=2.33e+01 | GE=1.68e-03 | 
Amp=0.00e+00 | Total=2.38e+01
  4235.0s | Epoch 13400 | BTE=4.14e-01 | Energy=5.40e-02 | BC=2.28e-03 | 
IC_n=9.84e-03 | IC_T=0.00e+00 | dT=0.00e+00 | WP=2.33e+01 | GE=2.37e-03 | 
Amp=0.00e+00 | Total=2.37e+01
  4296.5s | Epoch 13600 | BTE=4.19e-01 | Energy=5.51e-02 | BC=2.28e-03 | 
IC_n=9.67e-03 | IC_T=0.00e+00 | dT=0.00e+00 | WP=2.33e+01 | GE=1.13e-04 | 
Amp=0.00e+00 | Total=2.37e+01
  4359.9s | Epoch 13800 | BTE=4.19e-01 | Energy=5.40e-02 | BC=2.28e-03 | 
IC_n=9.76e-03 | IC_T=0.00e+00 | dT=0.00e+00 | WP=2.32e+01 | GE=2.46e-05 | 
Amp=0.00e+00 | Total=2.37e+01
  4423.7s | Epoch 14000 | BTE=4.15e-01 | Energy=5.56e-02 | BC=2.31e-03 | 
IC_n=9.76e-03 | IC_T=0.00e+00 | dT=0.00e+00 | WP=2.33e+01 | GE=2.31e-04 | 
Amp=0.00e+00 | Total=2.37e+01
  4487.3s | Epoch 14200 | BTE=4.16e-01 | Energy=5.34e-02 | BC=2.32e-03 | 
IC_n=9.74e-03 | IC_T=0.00e+00 | dT=0.00e+00 | WP=2.32e+01 | GE=8.03e-04 | 
Amp=0.00e+00 | Total=2.37e+01
  4550.4s | Epoch 14400 | BTE=4.15e-01 | Energy=5.46e-02 | BC=2.35e-03 | 
IC_n=9.74e-03 | IC_T=0.00e+00 | dT=0.00e+00 | WP=2.32e+01 | GE=2.13e-04 | 
Amp=0.00e+00 | Total=2.37e+01
  4615.7s | Epoch 14600 | BTE=4.13e-01 | Energy=5.38e-02 | BC=2.31e-03 | 
IC_n=9.71e-03 | IC_T=0.00e+00 | dT=0.00e+00 | WP=2.32e+01 | GE=1.79e-03 | 
Amp=0.00e+00 | Total=2.37e+01
  4678.2s | Epoch 14800 | BTE=4.18e-01 | Energy=5.37e-02 | BC=2.31e-03 | 
IC_n=9.65e-03 | IC_T=0.00e+00 | dT=0.00e+00 | WP=2.32e+01 | GE=7.17e-04 | 
Amp=0.00e+00 | Total=2.37e+01
╭───────────────────────────── Training Complete ──────────────────────────────╮
│   Time      4741.22s                                                         │
│   Output    runs/transient/1d_nongray_large_dt_0.01um_100K/20260704_034543   │
│   Saved     net_T_20260704_034543.pt                                         │
│   Saved     net_n_20260704_034543.pt                                         │
│   Saved     net_beta_20260704_034543.pt                                      │
╰──────────────────────────────────────────────────────────────────────────────╯
Results saved to: 
runs/transient/1d_nongray_large_dt_0.01um_100K/20260704_034543/20260704_034543_r
esults.npz
  Generating visualizations...
  Amplitude: A(0)=50.0000, A(end)=46.3624 (7.3% decay)
  Energy drift: 0.5984
  ⚠ Drift: mean(T)=0.598
  Saved: 
runs/transient/1d_nongray_large_dt_0.01um_100K/20260704_034543/amplitude_decay_2
0260704_034543.png

Done!
