PINN-BTE Training Log
Run ID: 20260707_140602
Started: 2026-07-07T14:06:07.146859
======================================================================

                    INFO     Logging to:                                        
                             runs/transient/1d_nongray_large_dt_0.01um_100K/2026
                             0707_140602/training_20260707_140602.log           
                    INFO     Logging to:                                        
                             runs/transient/1d_nongray_large_dt_0.01um_100K/2026
                             0707_140602/training_20260707_140602.log           
[07/07/26 14:06:07] INFO     Started W&B run: tr_1d_ng_L0.01um_dT100K ·         
                             20260707_140602 (1xr841ey)                         
                    INFO     Started W&B run: tr_1d_ng_L0.01um_dT100K ·         
                             20260707_140602 (1xr841ey)                         

Phase 1: Pretraining β-network
  Temperature range: [250K, 350K]
  Epochs: 200
     0.1s | Epoch     0 | β Loss = 3.15e+00
  β pretraining complete! Final loss: 6.90e-01
╭───────────────────────────── Starting Training ──────────────────────────────╮
│   Mode      Transient_Nongray_LargeDT                                        │
│   Epochs    15000                                                            │
│   Device    cuda                                                             │
│   Run ID    20260707_140602                                                  │
╰──────────────────────────────────────────────────────────────────────────────╯

Phase 2: BTE Training
  L = 0.0 μm, ΔT = 100.0K
  T range: [250K, 350K]
  Kn_eff = 10.1522
  τ(T) model = holland (full branch-resolved Holland--Callaway)
  Waypoints: 5 (uniform), weight=0.0
  ALL 60 modes × ALL 16 angles (vectorized)
  Epochs: 15000
     0.5s | Epoch     0 | BTE=1.02e+01 | Energy=3.96e+01 | BC=2.99e-04 | 
IC_n=6.59e-04 | IC_T=0.00e+00 | dT=0.00e+00 | WP=1.09e+01 | GE=5.86e-04 | 
Amp=0.00e+00 | Total=6.08e+01
    62.7s | Epoch   200 | BTE=1.08e+01 | Energy=4.38e-01 | BC=4.30e-04 | 
IC_n=1.73e-03 | IC_T=0.00e+00 | dT=0.00e+00 | WP=2.30e+01 | GE=2.80e-04 | 
Amp=0.00e+00 | Total=3.42e+01
   123.5s | Epoch   400 | BTE=8.24e+00 | Energy=4.61e-01 | BC=8.74e-04 | 
IC_n=2.46e-03 | IC_T=0.00e+00 | dT=0.00e+00 | WP=2.26e+01 | GE=6.98e-05 | 
Amp=0.00e+00 | Total=3.13e+01
   184.6s | Epoch   600 | BTE=3.42e+00 | Energy=2.84e-01 | BC=3.78e-04 | 
IC_n=2.73e-03 | IC_T=0.00e+00 | dT=0.00e+00 | WP=2.36e+01 | GE=2.26e-03 | 
Amp=0.00e+00 | Total=2.73e+01
   247.1s | Epoch   800 | BTE=2.38e+00 | Energy=9.37e-02 | BC=8.38e-05 | 
IC_n=2.63e-03 | IC_T=0.00e+00 | dT=0.00e+00 | WP=2.41e+01 | GE=1.88e-04 | 
Amp=0.00e+00 | Total=2.66e+01
   309.5s | Epoch  1000 | BTE=1.99e+00 | Energy=1.20e-01 | BC=5.28e-05 | 
IC_n=2.93e-03 | IC_T=0.00e+00 | dT=0.00e+00 | WP=2.42e+01 | GE=2.89e-05 | 
Amp=0.00e+00 | Total=2.63e+01
   372.4s | Epoch  1200 | BTE=1.85e+00 | Energy=6.27e-02 | BC=5.56e-05 | 
IC_n=3.16e-03 | IC_T=0.00e+00 | dT=0.00e+00 | WP=2.42e+01 | GE=3.83e-05 | 
Amp=0.00e+00 | Total=2.61e+01
   434.9s | Epoch  1400 | BTE=1.65e+00 | Energy=5.51e-02 | BC=6.12e-05 | 
IC_n=3.61e-03 | IC_T=0.00e+00 | dT=0.00e+00 | WP=2.43e+01 | GE=5.00e-04 | 
Amp=0.00e+00 | Total=2.60e+01
   495.7s | Epoch  1600 | BTE=1.55e+00 | Energy=8.12e-02 | BC=4.41e-05 | 
IC_n=3.88e-03 | IC_T=0.00e+00 | dT=0.00e+00 | WP=2.43e+01 | GE=4.84e-04 | 
Amp=0.00e+00 | Total=2.59e+01
   557.7s | Epoch  1800 | BTE=1.48e+00 | Energy=5.08e-02 | BC=3.17e-05 | 
IC_n=4.65e-03 | IC_T=0.00e+00 | dT=0.00e+00 | WP=2.43e+01 | GE=8.21e-05 | 
Amp=0.00e+00 | Total=2.59e+01
   618.5s | Epoch  2000 | BTE=1.42e+00 | Energy=4.37e-02 | BC=2.44e-05 | 
IC_n=3.89e-03 | IC_T=0.00e+00 | dT=0.00e+00 | WP=2.44e+01 | GE=3.54e-04 | 
Amp=0.00e+00 | Total=2.58e+01
   679.0s | Epoch  2200 | BTE=1.36e+00 | Energy=4.32e-02 | BC=3.56e-05 | 
IC_n=3.87e-03 | IC_T=0.00e+00 | dT=0.00e+00 | WP=2.44e+01 | GE=3.79e-04 | 
Amp=0.00e+00 | Total=2.58e+01
   741.5s | Epoch  2400 | BTE=1.29e+00 | Energy=9.06e-02 | BC=4.86e-05 | 
IC_n=4.77e-03 | IC_T=0.00e+00 | dT=0.00e+00 | WP=2.44e+01 | GE=2.17e-05 | 
Amp=0.00e+00 | Total=2.58e+01
   803.1s | Epoch  2600 | BTE=1.33e+00 | Energy=4.59e-02 | BC=5.64e-05 | 
IC_n=4.93e-03 | IC_T=0.00e+00 | dT=0.00e+00 | WP=2.44e+01 | GE=8.43e-05 | 
Amp=0.00e+00 | Total=2.57e+01
   865.1s | Epoch  2800 | BTE=1.23e+00 | Energy=1.01e-01 | BC=5.50e-05 | 
IC_n=4.74e-03 | IC_T=0.00e+00 | dT=0.00e+00 | WP=2.44e+01 | GE=9.63e-05 | 
Amp=0.00e+00 | Total=2.57e+01
   926.9s | Epoch  3000 | BTE=1.28e+00 | Energy=3.80e-02 | BC=6.12e-05 | 
IC_n=3.47e-03 | IC_T=0.00e+00 | dT=0.00e+00 | WP=2.43e+01 | GE=2.77e-04 | 
Amp=0.00e+00 | Total=2.57e+01
   987.5s | Epoch  3200 | BTE=1.20e+00 | Energy=3.71e-02 | BC=6.99e-05 | 
IC_n=3.89e-03 | IC_T=0.00e+00 | dT=0.00e+00 | WP=2.43e+01 | GE=1.11e-07 | 
Amp=0.00e+00 | Total=2.55e+01
  1049.2s | Epoch  3400 | BTE=1.17e+00 | Energy=6.50e-02 | BC=8.71e-05 | 
IC_n=4.25e-03 | IC_T=0.00e+00 | dT=0.00e+00 | WP=2.43e+01 | GE=1.12e-03 | 
Amp=0.00e+00 | Total=2.56e+01
  1109.7s | Epoch  3600 | BTE=1.12e+00 | Energy=4.13e-02 | BC=9.50e-05 | 
IC_n=4.62e-03 | IC_T=0.00e+00 | dT=0.00e+00 | WP=2.43e+01 | GE=9.36e-04 | 
Amp=0.00e+00 | Total=2.54e+01
  1171.2s | Epoch  3800 | BTE=1.07e+00 | Energy=5.48e-02 | BC=1.05e-04 | 
IC_n=4.21e-03 | IC_T=0.00e+00 | dT=0.00e+00 | WP=2.42e+01 | GE=6.92e-04 | 
Amp=0.00e+00 | Total=2.53e+01
  1233.3s | Epoch  4000 | BTE=1.06e+00 | Energy=4.48e-02 | BC=1.23e-04 | 
IC_n=4.69e-03 | IC_T=0.00e+00 | dT=0.00e+00 | WP=2.41e+01 | GE=5.29e-04 | 
Amp=0.00e+00 | Total=2.52e+01
  1294.0s | Epoch  4200 | BTE=1.03e+00 | Energy=4.24e-02 | BC=1.29e-04 | 
IC_n=4.54e-03 | IC_T=0.00e+00 | dT=0.00e+00 | WP=2.41e+01 | GE=1.19e-03 | 
Amp=0.00e+00 | Total=2.52e+01
  1355.4s | Epoch  4400 | BTE=9.67e-01 | Energy=4.52e-02 | BC=1.26e-04 | 
IC_n=4.58e-03 | IC_T=0.00e+00 | dT=0.00e+00 | WP=2.40e+01 | GE=1.96e-05 | 
Amp=0.00e+00 | Total=2.50e+01
  1416.4s | Epoch  4600 | BTE=9.56e-01 | Energy=4.51e-02 | BC=1.16e-04 | 
IC_n=4.09e-03 | IC_T=0.00e+00 | dT=0.00e+00 | WP=2.40e+01 | GE=3.16e-04 | 
Amp=0.00e+00 | Total=2.50e+01
  1477.7s | Epoch  4800 | BTE=9.34e-01 | Energy=9.55e-02 | BC=1.18e-04 | 
IC_n=4.65e-03 | IC_T=0.00e+00 | dT=0.00e+00 | WP=2.39e+01 | GE=3.41e-04 | 
Amp=0.00e+00 | Total=2.50e+01
  1539.6s | Epoch  5000 | BTE=9.00e-01 | Energy=6.37e-02 | BC=1.18e-04 | 
IC_n=4.41e-03 | IC_T=0.00e+00 | dT=0.00e+00 | WP=2.39e+01 | GE=1.90e-04 | 
Amp=0.00e+00 | Total=2.48e+01
  1602.7s | Epoch  5200 | BTE=8.96e-01 | Energy=5.26e-02 | BC=1.21e-04 | 
IC_n=4.03e-03 | IC_T=0.00e+00 | dT=0.00e+00 | WP=2.38e+01 | GE=1.02e-03 | 
Amp=0.00e+00 | Total=2.48e+01
  1664.4s | Epoch  5400 | BTE=8.45e-01 | Energy=5.06e-02 | BC=1.25e-04 | 
IC_n=4.17e-03 | IC_T=0.00e+00 | dT=0.00e+00 | WP=2.38e+01 | GE=1.36e-04 | 
Amp=0.00e+00 | Total=2.47e+01
  1725.6s | Epoch  5600 | BTE=8.31e-01 | Energy=5.38e-02 | BC=1.34e-04 | 
IC_n=4.14e-03 | IC_T=0.00e+00 | dT=0.00e+00 | WP=2.37e+01 | GE=1.74e-04 | 
Amp=0.00e+00 | Total=2.46e+01
  1786.9s | Epoch  5800 | BTE=8.09e-01 | Energy=6.48e-02 | BC=1.44e-04 | 
IC_n=4.42e-03 | IC_T=0.00e+00 | dT=0.00e+00 | WP=2.36e+01 | GE=3.12e-04 | 
Amp=0.00e+00 | Total=2.45e+01
  1848.8s | Epoch  6000 | BTE=7.95e-01 | Energy=6.18e-02 | BC=1.53e-04 | 
IC_n=4.25e-03 | IC_T=0.00e+00 | dT=0.00e+00 | WP=2.36e+01 | GE=1.18e-03 | 
Amp=0.00e+00 | Total=2.44e+01
  1910.9s | Epoch  6200 | BTE=7.63e-01 | Energy=5.85e-02 | BC=1.68e-04 | 
IC_n=4.58e-03 | IC_T=0.00e+00 | dT=0.00e+00 | WP=2.34e+01 | GE=1.27e-05 | 
Amp=0.00e+00 | Total=2.43e+01
  1972.4s | Epoch  6400 | BTE=7.66e-01 | Energy=5.52e-02 | BC=1.81e-04 | 
IC_n=4.10e-03 | IC_T=0.00e+00 | dT=0.00e+00 | WP=2.34e+01 | GE=1.25e-07 | 
Amp=0.00e+00 | Total=2.42e+01
  2035.1s | Epoch  6600 | BTE=7.17e-01 | Energy=6.19e-02 | BC=2.18e-04 | 
IC_n=4.38e-03 | IC_T=0.00e+00 | dT=0.00e+00 | WP=2.32e+01 | GE=3.87e-04 | 
Amp=0.00e+00 | Total=2.40e+01
  2098.8s | Epoch  6800 | BTE=7.21e-01 | Energy=5.64e-02 | BC=2.38e-04 | 
IC_n=4.12e-03 | IC_T=0.00e+00 | dT=0.00e+00 | WP=2.32e+01 | GE=8.59e-05 | 
Amp=0.00e+00 | Total=2.40e+01
  2161.7s | Epoch  7000 | BTE=7.07e-01 | Energy=6.24e-02 | BC=2.72e-04 | 
IC_n=4.61e-03 | IC_T=0.00e+00 | dT=0.00e+00 | WP=2.31e+01 | GE=4.78e-05 | 
Amp=0.00e+00 | Total=2.39e+01
  2224.9s | Epoch  7200 | BTE=6.83e-01 | Energy=6.30e-02 | BC=3.12e-04 | 
IC_n=4.28e-03 | IC_T=0.00e+00 | dT=0.00e+00 | WP=2.30e+01 | GE=1.69e-04 | 
Amp=0.00e+00 | Total=2.38e+01
  2286.5s | Epoch  7400 | BTE=6.71e-01 | Energy=6.68e-02 | BC=3.56e-04 | 
IC_n=4.77e-03 | IC_T=0.00e+00 | dT=0.00e+00 | WP=2.29e+01 | GE=1.25e-03 | 
Amp=0.00e+00 | Total=2.37e+01
  2348.3s | Epoch  7600 | BTE=6.50e-01 | Energy=6.48e-02 | BC=3.98e-04 | 
IC_n=4.44e-03 | IC_T=0.00e+00 | dT=0.00e+00 | WP=2.29e+01 | GE=5.38e-04 | 
Amp=0.00e+00 | Total=2.36e+01
  2408.4s | Epoch  7800 | BTE=6.43e-01 | Energy=6.44e-02 | BC=4.41e-04 | 
IC_n=4.12e-03 | IC_T=0.00e+00 | dT=0.00e+00 | WP=2.28e+01 | GE=2.60e-03 | 
Amp=0.00e+00 | Total=2.35e+01
  2469.8s | Epoch  8000 | BTE=6.31e-01 | Energy=6.80e-02 | BC=4.97e-04 | 
IC_n=4.45e-03 | IC_T=0.00e+00 | dT=0.00e+00 | WP=2.27e+01 | GE=4.37e-04 | 
Amp=0.00e+00 | Total=2.34e+01
  2530.8s | Epoch  8200 | BTE=6.04e-01 | Energy=7.05e-02 | BC=5.70e-04 | 
IC_n=4.54e-03 | IC_T=0.00e+00 | dT=0.00e+00 | WP=2.26e+01 | GE=3.58e-04 | 
Amp=0.00e+00 | Total=2.33e+01
  2592.5s | Epoch  8400 | BTE=5.93e-01 | Energy=7.32e-02 | BC=5.80e-04 | 
IC_n=4.35e-03 | IC_T=0.00e+00 | dT=0.00e+00 | WP=2.26e+01 | GE=6.18e-04 | 
Amp=0.00e+00 | Total=2.32e+01
  2653.0s | Epoch  8600 | BTE=5.73e-01 | Energy=7.44e-02 | BC=6.58e-04 | 
IC_n=4.66e-03 | IC_T=0.00e+00 | dT=0.00e+00 | WP=2.25e+01 | GE=8.35e-06 | 
Amp=0.00e+00 | Total=2.32e+01
  2714.3s | Epoch  8800 | BTE=5.43e-01 | Energy=8.62e-02 | BC=7.14e-04 | 
IC_n=4.65e-03 | IC_T=0.00e+00 | dT=0.00e+00 | WP=2.25e+01 | GE=1.33e-03 | 
Amp=0.00e+00 | Total=2.31e+01
  2775.6s | Epoch  9000 | BTE=5.39e-01 | Energy=7.67e-02 | BC=7.97e-04 | 
IC_n=4.86e-03 | IC_T=0.00e+00 | dT=0.00e+00 | WP=2.24e+01 | GE=6.81e-04 | 
Amp=0.00e+00 | Total=2.30e+01
  2837.3s | Epoch  9200 | BTE=5.23e-01 | Energy=7.52e-02 | BC=8.26e-04 | 
IC_n=4.93e-03 | IC_T=0.00e+00 | dT=0.00e+00 | WP=2.23e+01 | GE=1.14e-03 | 
Amp=0.00e+00 | Total=2.29e+01
  2899.2s | Epoch  9400 | BTE=5.11e-01 | Energy=7.86e-02 | BC=8.96e-04 | 
IC_n=4.81e-03 | IC_T=0.00e+00 | dT=0.00e+00 | WP=2.23e+01 | GE=3.09e-04 | 
Amp=0.00e+00 | Total=2.28e+01
  2960.8s | Epoch  9600 | BTE=4.95e-01 | Energy=7.59e-02 | BC=9.22e-04 | 
IC_n=4.93e-03 | IC_T=0.00e+00 | dT=0.00e+00 | WP=2.22e+01 | GE=8.70e-05 | 
Amp=0.00e+00 | Total=2.28e+01
  3021.6s | Epoch  9800 | BTE=4.68e-01 | Energy=7.56e-02 | BC=9.66e-04 | 
IC_n=4.70e-03 | IC_T=0.00e+00 | dT=0.00e+00 | WP=2.22e+01 | GE=1.41e-04 | 
Amp=0.00e+00 | Total=2.27e+01
  3081.8s | Epoch 10000 | BTE=4.68e-01 | Energy=8.11e-02 | BC=9.95e-04 | 
IC_n=4.97e-03 | IC_T=0.00e+00 | dT=0.00e+00 | WP=2.22e+01 | GE=4.12e-04 | 
Amp=0.00e+00 | Total=2.27e+01
  3142.8s | Epoch 10200 | BTE=4.46e-01 | Energy=7.65e-02 | BC=1.02e-03 | 
IC_n=4.80e-03 | IC_T=0.00e+00 | dT=0.00e+00 | WP=2.21e+01 | GE=1.07e-03 | 
Amp=0.00e+00 | Total=2.27e+01
  3201.6s | Epoch 10400 | BTE=4.40e-01 | Energy=8.19e-02 | BC=1.07e-03 | 
IC_n=5.16e-03 | IC_T=0.00e+00 | dT=0.00e+00 | WP=2.21e+01 | GE=1.26e-04 | 
Amp=0.00e+00 | Total=2.27e+01
  3261.3s | Epoch 10600 | BTE=4.23e-01 | Energy=7.88e-02 | BC=1.08e-03 | 
IC_n=4.99e-03 | IC_T=0.00e+00 | dT=0.00e+00 | WP=2.21e+01 | GE=5.56e-04 | 
Amp=0.00e+00 | Total=2.26e+01
  3322.6s | Epoch 10800 | BTE=4.16e-01 | Energy=7.82e-02 | BC=1.09e-03 | 
IC_n=4.98e-03 | IC_T=0.00e+00 | dT=0.00e+00 | WP=2.21e+01 | GE=2.84e-04 | 
Amp=0.00e+00 | Total=2.26e+01
  3382.3s | Epoch 11000 | BTE=4.11e-01 | Energy=7.78e-02 | BC=1.11e-03 | 
IC_n=5.08e-03 | IC_T=0.00e+00 | dT=0.00e+00 | WP=2.22e+01 | GE=1.74e-03 | 
Amp=0.00e+00 | Total=2.27e+01
  3442.8s | Epoch 11200 | BTE=4.05e-01 | Energy=7.57e-02 | BC=1.12e-03 | 
IC_n=5.18e-03 | IC_T=0.00e+00 | dT=0.00e+00 | WP=2.22e+01 | GE=3.07e-05 | 
Amp=0.00e+00 | Total=2.26e+01
  3502.7s | Epoch 11400 | BTE=4.03e-01 | Energy=7.67e-02 | BC=1.11e-03 | 
IC_n=5.06e-03 | IC_T=0.00e+00 | dT=0.00e+00 | WP=2.22e+01 | GE=1.10e-05 | 
Amp=0.00e+00 | Total=2.26e+01
  3563.1s | Epoch 11600 | BTE=3.85e-01 | Energy=7.33e-02 | BC=1.14e-03 | 
IC_n=5.06e-03 | IC_T=0.00e+00 | dT=0.00e+00 | WP=2.22e+01 | GE=6.30e-04 | 
Amp=0.00e+00 | Total=2.27e+01
  3624.0s | Epoch 11800 | BTE=3.96e-01 | Energy=7.36e-02 | BC=1.13e-03 | 
IC_n=5.09e-03 | IC_T=0.00e+00 | dT=0.00e+00 | WP=2.22e+01 | GE=2.15e-04 | 
Amp=0.00e+00 | Total=2.27e+01
  3686.2s | Epoch 12000 | BTE=3.84e-01 | Energy=7.27e-02 | BC=1.14e-03 | 
IC_n=5.07e-03 | IC_T=0.00e+00 | dT=0.00e+00 | WP=2.22e+01 | GE=1.90e-04 | 
Amp=0.00e+00 | Total=2.27e+01
  3746.4s | Epoch 12200 | BTE=3.74e-01 | Energy=7.27e-02 | BC=1.16e-03 | 
IC_n=5.13e-03 | IC_T=0.00e+00 | dT=0.00e+00 | WP=2.22e+01 | GE=7.87e-04 | 
Amp=0.00e+00 | Total=2.27e+01
  3806.3s | Epoch 12400 | BTE=3.70e-01 | Energy=6.99e-02 | BC=1.17e-03 | 
IC_n=5.07e-03 | IC_T=0.00e+00 | dT=0.00e+00 | WP=2.22e+01 | GE=2.17e-04 | 
Amp=0.00e+00 | Total=2.27e+01
  3867.3s | Epoch 12600 | BTE=3.71e-01 | Energy=7.13e-02 | BC=1.17e-03 | 
IC_n=5.12e-03 | IC_T=0.00e+00 | dT=0.00e+00 | WP=2.22e+01 | GE=1.78e-05 | 
Amp=0.00e+00 | Total=2.27e+01
  3927.5s | Epoch 12800 | BTE=3.67e-01 | Energy=7.11e-02 | BC=1.18e-03 | 
IC_n=5.14e-03 | IC_T=0.00e+00 | dT=0.00e+00 | WP=2.23e+01 | GE=1.18e-03 | 
Amp=0.00e+00 | Total=2.27e+01
  3987.5s | Epoch 13000 | BTE=3.64e-01 | Energy=6.90e-02 | BC=1.17e-03 | 
IC_n=5.13e-03 | IC_T=0.00e+00 | dT=0.00e+00 | WP=2.23e+01 | GE=9.18e-06 | 
Amp=0.00e+00 | Total=2.27e+01
  4049.0s | Epoch 13200 | BTE=3.64e-01 | Energy=6.86e-02 | BC=1.16e-03 | 
IC_n=5.23e-03 | IC_T=0.00e+00 | dT=0.00e+00 | WP=2.23e+01 | GE=1.71e-03 | 
Amp=0.00e+00 | Total=2.27e+01
  4109.6s | Epoch 13400 | BTE=3.66e-01 | Energy=6.91e-02 | BC=1.18e-03 | 
IC_n=5.13e-03 | IC_T=0.00e+00 | dT=0.00e+00 | WP=2.23e+01 | GE=2.48e-03 | 
Amp=0.00e+00 | Total=2.27e+01
  4169.0s | Epoch 13600 | BTE=3.65e-01 | Energy=6.77e-02 | BC=1.19e-03 | 
IC_n=5.10e-03 | IC_T=0.00e+00 | dT=0.00e+00 | WP=2.23e+01 | GE=1.09e-04 | 
Amp=0.00e+00 | Total=2.27e+01
  4231.2s | Epoch 13800 | BTE=3.61e-01 | Energy=6.90e-02 | BC=1.18e-03 | 
IC_n=5.19e-03 | IC_T=0.00e+00 | dT=0.00e+00 | WP=2.23e+01 | GE=2.52e-05 | 
Amp=0.00e+00 | Total=2.27e+01
  4292.4s | Epoch 14000 | BTE=3.55e-01 | Energy=6.81e-02 | BC=1.19e-03 | 
IC_n=5.19e-03 | IC_T=0.00e+00 | dT=0.00e+00 | WP=2.23e+01 | GE=2.23e-04 | 
Amp=0.00e+00 | Total=2.27e+01
  4353.3s | Epoch 14200 | BTE=3.62e-01 | Energy=6.97e-02 | BC=1.18e-03 | 
IC_n=5.19e-03 | IC_T=0.00e+00 | dT=0.00e+00 | WP=2.23e+01 | GE=8.26e-04 | 
Amp=0.00e+00 | Total=2.27e+01
  4413.1s | Epoch 14400 | BTE=3.63e-01 | Energy=6.91e-02 | BC=1.19e-03 | 
IC_n=5.24e-03 | IC_T=0.00e+00 | dT=0.00e+00 | WP=2.23e+01 | GE=2.24e-04 | 
Amp=0.00e+00 | Total=2.27e+01
  4473.3s | Epoch 14600 | BTE=3.56e-01 | Energy=6.81e-02 | BC=1.19e-03 | 
IC_n=5.14e-03 | IC_T=0.00e+00 | dT=0.00e+00 | WP=2.23e+01 | GE=1.88e-03 | 
Amp=0.00e+00 | Total=2.27e+01
  4533.3s | Epoch 14800 | BTE=3.62e-01 | Energy=6.93e-02 | BC=1.18e-03 | 
IC_n=5.26e-03 | IC_T=0.00e+00 | dT=0.00e+00 | WP=2.23e+01 | GE=7.49e-04 | 
Amp=0.00e+00 | Total=2.27e+01
╭───────────────────────────── Training Complete ──────────────────────────────╮
│   Time      4592.98s                                                         │
│   Output    runs/transient/1d_nongray_large_dt_0.01um_100K/20260707_140602   │
│   Saved     net_T_20260707_140602.pt                                         │
│   Saved     net_n_20260707_140602.pt                                         │
│   Saved     net_beta_20260707_140602.pt                                      │
╰──────────────────────────────────────────────────────────────────────────────╯
Results saved to: 
runs/transient/1d_nongray_large_dt_0.01um_100K/20260707_140602/20260707_140602_r
esults.npz
  Generating visualizations...
  Amplitude: A(0)=50.0000, A(end)=44.3137 (11.4% decay)
  Energy drift: 0.5963
  ⚠ Drift: mean(T)=0.596
  ⚠ Oscillation at t≈0τ
  Saved: 
runs/transient/1d_nongray_large_dt_0.01um_100K/20260707_140602/amplitude_decay_2
0260707_140602.png

Done!
