[spectral-pn] case: L=0.01 um, Nk=20, L_max=8, run=20260910_110640
[spectral-pn] window t_end=1.622e-11 s (2.4 tau_ref), gamma_dom=4.3167e+11 Hz
[spectral-pn] window mode=n_decay rule=n_decay (t_1% at 0.01*A0: nan s; n_dec=7/gamma_dom: 1.6216e-11 s)
  epoch      0  residual 3.948e-03
  epoch    250  residual 1.192e-05
  epoch    500  residual 7.421e-06
  epoch    750  residual 6.045e-06
  epoch   1000  residual 4.627e-06
  epoch   1250  residual 4.392e-06
  epoch   1500  residual 3.156e-06
  epoch   1750  residual 2.685e-06
  epoch   2000  residual 2.360e-06
  epoch   2250  residual 2.076e-06
  epoch   2500  residual 1.822e-06
  epoch   2750  residual 1.622e-06
  epoch   3000  residual 2.074e-06
  epoch   3250  residual 1.341e-06
  epoch   3500  residual 1.257e-06
  epoch   3750  residual 1.135e-06
  epoch   4000  residual 1.034e-06
  epoch   4250  residual 9.426e-07
  epoch   4500  residual 8.643e-07
  epoch   4750  residual 8.148e-07
  epoch   5000  residual 7.411e-07
  epoch   5250  residual 7.144e-07
  epoch   5500  residual 1.440e-06
  epoch   5750  residual 6.057e-07
  epoch   6000  residual 7.382e-07
  epoch   6250  residual 5.337e-07
  epoch   6500  residual 5.020e-07
  epoch   6750  residual 4.858e-07
  epoch   7000  residual 5.276e-07
  epoch   7250  residual 4.856e-07
  epoch   7500  residual 4.002e-07
  epoch   7750  residual 7.677e-07
  epoch   8000  residual 3.613e-07
  epoch   8250  residual 3.452e-07
  epoch   8500  residual 3.249e-07
  epoch   8750  residual 3.124e-07
  epoch   9000  residual 2.938e-07
  epoch   9250  residual 3.277e-07
  epoch   9500  residual 3.025e-07
  epoch   9750  residual 2.544e-07
  epoch  10000  residual 6.123e-07
  epoch  10250  residual 2.383e-07
  epoch  10500  residual 2.363e-07
  epoch  10750  residual 2.368e-07
  epoch  11000  residual 3.308e-07
  epoch  11250  residual 2.105e-07
  epoch  11500  residual 2.356e-07
  epoch  11750  residual 2.013e-07
  epoch  12000  residual 2.078e-07
  epoch  12250  residual 3.777e-07
  epoch  12500  residual 1.895e-07
  epoch  12750  residual 1.878e-07
  epoch  13000  residual 1.943e-07
  epoch  13250  residual 1.862e-07
  epoch  13500  residual 1.806e-07
  epoch  13750  residual 1.778e-07
  epoch  14000  residual 1.810e-07
  epoch  14250  residual 1.704e-07
  epoch  14500  residual 1.697e-07
  epoch  14750  residual 1.684e-07
  epoch  15000  residual 1.749e-07
  epoch  15250  residual 1.633e-07
  epoch  15500  residual 1.606e-07
  epoch  15750  residual 1.595e-07
  epoch  16000  residual 1.573e-07
  epoch  16250  residual 1.558e-07
  epoch  16500  residual 1.563e-07
  epoch  16750  residual 1.531e-07
  epoch  17000  residual 1.519e-07
  epoch  17250  residual 1.527e-07
  epoch  17500  residual 1.495e-07
  epoch  17750  residual 1.484e-07
  epoch  18000  residual 1.474e-07
  epoch  18250  residual 1.464e-07
  epoch  18500  residual 1.454e-07
  epoch  18750  residual 1.443e-07
  epoch  19000  residual 1.434e-07
  epoch  19250  residual 1.425e-07
  epoch  19500  residual 1.430e-07
  epoch  19750  residual 1.409e-07
  epoch  19999  residual 1.400e-07
  [gamma] epoch      0  gamma_ratio 1.3086  residual 3.948e-03
  [gamma] epoch    250  gamma_ratio 1.1551  residual 1.192e-05
  [gamma] epoch    500  gamma_ratio 0.9892  residual 7.421e-06
  [gamma] epoch    750  gamma_ratio 0.9731  residual 6.045e-06
  [gamma] epoch   1000  gamma_ratio 0.9595  residual 4.627e-06
  [gamma] epoch   1250  gamma_ratio 0.9705  residual 4.392e-06
  [gamma] epoch   1500  gamma_ratio 0.9594  residual 3.156e-06
  [gamma] epoch   1750  gamma_ratio 0.9715  residual 2.685e-06
  [gamma] epoch   2000  gamma_ratio 0.9781  residual 2.360e-06
  [gamma] epoch   2250  gamma_ratio 0.9783  residual 2.076e-06
  [gamma] epoch   2500  gamma_ratio 0.9810  residual 1.822e-06
  [gamma] epoch   2750  gamma_ratio 0.9804  residual 1.622e-06
  [gamma] epoch   3000  gamma_ratio 0.9958  residual 2.074e-06
  [gamma] epoch   3250  gamma_ratio 0.9902  residual 1.341e-06
  [gamma] epoch   3500  gamma_ratio 0.9945  residual 1.257e-06
  [gamma] epoch   3750  gamma_ratio 0.9990  residual 1.135e-06
  [gamma] epoch   4000  gamma_ratio 1.0055  residual 1.034e-06
  [gamma] epoch   4250  gamma_ratio 1.0093  residual 9.426e-07
  [gamma] epoch   4500  gamma_ratio 1.0120  residual 8.643e-07
  [gamma] epoch   4750  gamma_ratio 1.0148  residual 8.148e-07
  [gamma] epoch   5000  gamma_ratio 1.0132  residual 7.411e-07
  [gamma] epoch   5250  gamma_ratio 1.0092  residual 7.144e-07
  [gamma] epoch   5500  gamma_ratio 1.0065  residual 1.440e-06
  [gamma] epoch   5750  gamma_ratio 1.0046  residual 6.057e-07
  [gamma] epoch   6000  gamma_ratio 1.0096  residual 7.382e-07
  [gamma] epoch   6250  gamma_ratio 1.0021  residual 5.337e-07
  [gamma] epoch   6500  gamma_ratio 1.0011  residual 5.020e-07
  [gamma] epoch   6750  gamma_ratio 1.0009  residual 4.858e-07
  [gamma] epoch   7000  gamma_ratio 0.9963  residual 5.276e-07
  [gamma] epoch   7250  gamma_ratio 1.0013  residual 4.856e-07
  [gamma] epoch   7500  gamma_ratio 1.0016  residual 4.002e-07
  [gamma] epoch   7750  gamma_ratio 1.0027  residual 7.677e-07
  [gamma] epoch   8000  gamma_ratio 1.0022  residual 3.613e-07
  [gamma] epoch   8250  gamma_ratio 1.0025  residual 3.452e-07
  [gamma] epoch   8500  gamma_ratio 1.0028  residual 3.249e-07
  [gamma] epoch   8750  gamma_ratio 1.0030  residual 3.124e-07
  [gamma] epoch   9000  gamma_ratio 1.0035  residual 2.938e-07
  [gamma] epoch   9250  gamma_ratio 1.0021  residual 3.277e-07
  [gamma] epoch   9500  gamma_ratio 1.0059  residual 3.025e-07
  [gamma] epoch   9750  gamma_ratio 1.0038  residual 2.544e-07
  [gamma] epoch  10000  gamma_ratio 0.9997  residual 6.123e-07
  [gamma] epoch  10250  gamma_ratio 1.0036  residual 2.383e-07
  [gamma] epoch  10500  gamma_ratio 1.0052  residual 2.363e-07
  [gamma] epoch  10750  gamma_ratio 1.0042  residual 2.368e-07
  [gamma] epoch  11000  gamma_ratio 1.0054  residual 3.308e-07
  [gamma] epoch  11250  gamma_ratio 1.0033  residual 2.105e-07
  [gamma] epoch  11500  gamma_ratio 1.0034  residual 2.356e-07
  [gamma] epoch  11750  gamma_ratio 1.0033  residual 2.013e-07
  [gamma] epoch  12000  gamma_ratio 1.0026  residual 2.078e-07
  [gamma] epoch  12250  gamma_ratio 1.0021  residual 3.777e-07
  [gamma] epoch  12500  gamma_ratio 1.0026  residual 1.895e-07
  [gamma] epoch  12750  gamma_ratio 1.0023  residual 1.878e-07
  [gamma] epoch  13000  gamma_ratio 1.0028  residual 1.943e-07
  [gamma] epoch  13250  gamma_ratio 1.0030  residual 1.862e-07
  [gamma] epoch  13500  gamma_ratio 1.0019  residual 1.806e-07
  [gamma] epoch  13750  gamma_ratio 1.0025  residual 1.778e-07
  [gamma] epoch  14000  gamma_ratio 1.0018  residual 1.810e-07
  [gamma] epoch  14250  gamma_ratio 1.0018  residual 1.704e-07
  [gamma] epoch  14500  gamma_ratio 1.0010  residual 1.697e-07
  [gamma] epoch  14750  gamma_ratio 1.0011  residual 1.684e-07
  [gamma] epoch  15000  gamma_ratio 1.0011  residual 1.749e-07
  [gamma] epoch  15250  gamma_ratio 1.0015  residual 1.633e-07
  [gamma] epoch  15500  gamma_ratio 1.0018  residual 1.606e-07
  [gamma] epoch  15750  gamma_ratio 1.0020  residual 1.595e-07
  [gamma] epoch  16000  gamma_ratio 1.0016  residual 1.573e-07
  [gamma] epoch  16250  gamma_ratio 1.0015  residual 1.558e-07
  [gamma] epoch  16500  gamma_ratio 1.0016  residual 1.563e-07
  [gamma] epoch  16750  gamma_ratio 1.0014  residual 1.531e-07
  [gamma] epoch  17000  gamma_ratio 1.0014  residual 1.519e-07
  [gamma] epoch  17250  gamma_ratio 1.0008  residual 1.527e-07
  [gamma] epoch  17500  gamma_ratio 1.0014  residual 1.495e-07
  [gamma] epoch  17750  gamma_ratio 1.0013  residual 1.484e-07
  [gamma] epoch  18000  gamma_ratio 1.0012  residual 1.474e-07
  [gamma] epoch  18250  gamma_ratio 1.0011  residual 1.464e-07
  [gamma] epoch  18500  gamma_ratio 1.0013  residual 1.454e-07
  [gamma] epoch  18750  gamma_ratio 1.0012  residual 1.443e-07
  [gamma] epoch  19000  gamma_ratio 1.0012  residual 1.434e-07
  [gamma] epoch  19250  gamma_ratio 1.0012  residual 1.425e-07
  [gamma] epoch  19500  gamma_ratio 1.0013  residual 1.430e-07
  [gamma] epoch  19750  gamma_ratio 1.0011  residual 1.409e-07
  [gamma] epoch  19999  gamma_ratio 1.0011  residual 1.400e-07
  [shape] epoch      0  rmse=0.08223  max_abs_dA=0.1917  int_signed_dA=-4.427e-13  int_abs_dA=9.314e-13  A_min=-0.01075  max_dA_fwd=0.0002167
  [shape] epoch    250  rmse=0.05248  max_abs_dA=0.1232  int_signed_dA=-1.813e-13  int_abs_dA=6.094e-13  A_min=0.003454  max_dA_fwd=0.0001225
  [shape] epoch    500  rmse=0.05166  max_abs_dA=0.09813  int_signed_dA=1.58e-13  int_abs_dA=7.329e-13  A_min=0.02038  max_dA_fwd=0.0001079
  [shape] epoch    750  rmse=0.04284  max_abs_dA=0.07237  int_signed_dA=1.97e-13  int_abs_dA=6.057e-13  A_min=0.01555  max_dA_fwd=5.842e-05
  [shape] epoch   1000  rmse=0.03424  max_abs_dA=0.06131  int_signed_dA=2.309e-13  int_abs_dA=4.785e-13  A_min=0.0115  max_dA_fwd=5.311e-05
  [shape] epoch   1250  rmse=0.0309  max_abs_dA=0.05538  int_signed_dA=2.035e-13  int_abs_dA=4.301e-13  A_min=0.009926  max_dA_fwd=6.229e-05
  [shape] epoch   1500  rmse=0.02744  max_abs_dA=0.05303  int_signed_dA=2.312e-13  int_abs_dA=3.584e-13  A_min=0.004084  max_dA_fwd=4.199e-05
  [shape] epoch   1750  rmse=0.02471  max_abs_dA=0.04924  int_signed_dA=2.007e-13  int_abs_dA=3.021e-13  A_min=-0.0004667  max_dA_fwd=3.878e-05
  [shape] epoch   2000  rmse=0.02298  max_abs_dA=0.04637  int_signed_dA=1.738e-13  int_abs_dA=2.764e-13  A_min=-0.003764  max_dA_fwd=2.816e-05
  [shape] epoch   2250  rmse=0.02246  max_abs_dA=0.04625  int_signed_dA=1.557e-13  int_abs_dA=2.741e-13  A_min=-0.005871  max_dA_fwd=7.742e-06
  [shape] epoch   2500  rmse=0.02131  max_abs_dA=0.04463  int_signed_dA=1.251e-13  int_abs_dA=2.673e-13  A_min=-0.007594  max_dA_fwd=-1.78e-06
  [shape] epoch   2750  rmse=0.02038  max_abs_dA=0.04305  int_signed_dA=1.175e-13  int_abs_dA=2.56e-13  A_min=-0.008072  max_dA_fwd=1.181e-06
  [shape] epoch   3000  rmse=0.01778  max_abs_dA=0.03559  int_signed_dA=5.207e-14  int_abs_dA=2.429e-13  A_min=-0.0105  max_dA_fwd=1.18e-05
  [shape] epoch   3250  rmse=0.01726  max_abs_dA=0.03506  int_signed_dA=8.351e-14  int_abs_dA=2.254e-13  A_min=-0.00858  max_dA_fwd=1.97e-05
  [shape] epoch   3500  rmse=0.01634  max_abs_dA=0.03334  int_signed_dA=8.708e-14  int_abs_dA=2.1e-13  A_min=-0.007148  max_dA_fwd=2.972e-05
  [shape] epoch   3750  rmse=0.0152  max_abs_dA=0.03058  int_signed_dA=7.487e-14  int_abs_dA=1.979e-13  A_min=-0.007231  max_dA_fwd=3.862e-05
  [shape] epoch   4000  rmse=0.01377  max_abs_dA=0.02749  int_signed_dA=6.571e-14  int_abs_dA=1.798e-13  A_min=-0.006496  max_dA_fwd=5.217e-05
  [shape] epoch   4250  rmse=0.01252  max_abs_dA=0.02531  int_signed_dA=6.135e-14  int_abs_dA=1.613e-13  A_min=-0.005455  max_dA_fwd=6.232e-05
  [shape] epoch   4500  rmse=0.01142  max_abs_dA=0.02376  int_signed_dA=6.303e-14  int_abs_dA=1.42e-13  A_min=-0.006028  max_dA_fwd=7.129e-05
  [shape] epoch   4750  rmse=0.01024  max_abs_dA=0.02194  int_signed_dA=5.621e-14  int_abs_dA=1.267e-13  A_min=-0.008195  max_dA_fwd=7.69e-05
  [shape] epoch   5000  rmse=0.009485  max_abs_dA=0.02081  int_signed_dA=5.517e-14  int_abs_dA=1.164e-13  A_min=-0.01005  max_dA_fwd=8.084e-05
  [shape] epoch   5250  rmse=0.008978  max_abs_dA=0.02019  int_signed_dA=5.775e-14  int_abs_dA=1.086e-13  A_min=-0.01166  max_dA_fwd=8.214e-05
  [shape] epoch   5500  rmse=0.008073  max_abs_dA=0.01825  int_signed_dA=5.085e-14  int_abs_dA=9.982e-14  A_min=-0.01362  max_dA_fwd=8.612e-05
  [shape] epoch   5750  rmse=0.007911  max_abs_dA=0.01789  int_signed_dA=5.18e-14  int_abs_dA=9.922e-14  A_min=-0.01398  max_dA_fwd=8.453e-05
  [shape] epoch   6000  rmse=0.007556  max_abs_dA=0.01683  int_signed_dA=3.736e-14  int_abs_dA=9.985e-14  A_min=-0.01416  max_dA_fwd=8.253e-05
  [shape] epoch   6250  rmse=0.007544  max_abs_dA=0.01683  int_signed_dA=5.101e-14  int_abs_dA=9.562e-14  A_min=-0.01444  max_dA_fwd=7.994e-05
  [shape] epoch   6500  rmse=0.007375  max_abs_dA=0.01626  int_signed_dA=5.379e-14  int_abs_dA=9.326e-14  A_min=-0.01434  max_dA_fwd=7.912e-05
  [shape] epoch   6750  rmse=0.007329  max_abs_dA=0.01612  int_signed_dA=5.577e-14  int_abs_dA=9.242e-14  A_min=-0.01406  max_dA_fwd=7.77e-05
  [shape] epoch   7000  rmse=0.00755  max_abs_dA=0.01585  int_signed_dA=7.2e-14  int_abs_dA=9.526e-14  A_min=-0.01369  max_dA_fwd=8.086e-05
  [shape] epoch   7250  rmse=0.006955  max_abs_dA=0.01489  int_signed_dA=6.067e-14  int_abs_dA=8.783e-14  A_min=-0.01375  max_dA_fwd=8.339e-05
  [shape] epoch   7500  rmse=0.006525  max_abs_dA=0.01385  int_signed_dA=5.263e-14  int_abs_dA=8.362e-14  A_min=-0.01464  max_dA_fwd=8.448e-05
  [shape] epoch   7750  rmse=0.005848  max_abs_dA=0.01193  int_signed_dA=4.095e-14  int_abs_dA=7.666e-14  A_min=-0.01601  max_dA_fwd=9.04e-05
  [shape] epoch   8000  rmse=0.006156  max_abs_dA=0.01293  int_signed_dA=5.304e-14  int_abs_dA=7.874e-14  A_min=-0.01484  max_dA_fwd=9.122e-05
  [shape] epoch   8250  rmse=0.006031  max_abs_dA=0.01272  int_signed_dA=5.388e-14  int_abs_dA=7.682e-14  A_min=-0.01482  max_dA_fwd=9.388e-05
  [shape] epoch   8500  rmse=0.005805  max_abs_dA=0.01213  int_signed_dA=5.269e-14  int_abs_dA=7.398e-14  A_min=-0.01516  max_dA_fwd=9.86e-05
  [shape] epoch   8750  rmse=0.005798  max_abs_dA=0.01218  int_signed_dA=5.541e-14  int_abs_dA=7.326e-14  A_min=-0.01495  max_dA_fwd=0.0001014
  [shape] epoch   9000  rmse=0.005614  max_abs_dA=0.01187  int_signed_dA=5.404e-14  int_abs_dA=7.069e-14  A_min=-0.01513  max_dA_fwd=0.0001045
  [shape] epoch   9250  rmse=0.005475  max_abs_dA=0.01138  int_signed_dA=5.607e-14  int_abs_dA=6.891e-14  A_min=-0.01554  max_dA_fwd=0.0001089
  [shape] epoch   9500  rmse=0.005235  max_abs_dA=0.01114  int_signed_dA=4.782e-14  int_abs_dA=6.62e-14  A_min=-0.01562  max_dA_fwd=0.0001121
  [shape] epoch   9750  rmse=0.005238  max_abs_dA=0.0111  int_signed_dA=5.353e-14  int_abs_dA=6.525e-14  A_min=-0.01564  max_dA_fwd=0.0001151
  [shape] epoch  10000  rmse=0.006082  max_abs_dA=0.01229  int_signed_dA=7.353e-14  int_abs_dA=7.614e-14  A_min=-0.01437  max_dA_fwd=0.0001192
  [shape] epoch  10250  rmse=0.005116  max_abs_dA=0.0109  int_signed_dA=5.432e-14  int_abs_dA=6.323e-14  A_min=-0.0158  max_dA_fwd=0.0001195
  [shape] epoch  10500  rmse=0.004906  max_abs_dA=0.01056  int_signed_dA=4.937e-14  int_abs_dA=6.077e-14  A_min=-0.0161  max_dA_fwd=0.0001224
  [shape] epoch  10750  rmse=0.00471  max_abs_dA=0.009986  int_signed_dA=4.876e-14  int_abs_dA=5.852e-14  A_min=-0.01666  max_dA_fwd=0.000126
  [shape] epoch  11000  rmse=0.004704  max_abs_dA=0.009993  int_signed_dA=4.658e-14  int_abs_dA=5.888e-14  A_min=-0.01664  max_dA_fwd=0.0001278
  [shape] epoch  11250  rmse=0.004935  max_abs_dA=0.0105  int_signed_dA=5.467e-14  int_abs_dA=6.085e-14  A_min=-0.01616  max_dA_fwd=0.0001275
  [shape] epoch  11500  rmse=0.004569  max_abs_dA=0.009689  int_signed_dA=4.939e-14  int_abs_dA=5.665e-14  A_min=-0.01696  max_dA_fwd=0.00013
  [shape] epoch  11750  rmse=0.004803  max_abs_dA=0.0102  int_signed_dA=5.346e-14  int_abs_dA=5.96e-14  A_min=-0.01645  max_dA_fwd=0.0001305
  [shape] epoch  12000  rmse=0.005005  max_abs_dA=0.01063  int_signed_dA=5.746e-14  int_abs_dA=6.234e-14  A_min=-0.01605  max_dA_fwd=0.00013
  [shape] epoch  12250  rmse=0.004623  max_abs_dA=0.009617  int_signed_dA=5.287e-14  int_abs_dA=5.868e-14  A_min=-0.01703  max_dA_fwd=0.0001341
  [shape] epoch  12500  rmse=0.004767  max_abs_dA=0.01003  int_signed_dA=5.454e-14  int_abs_dA=6.065e-14  A_min=-0.01662  max_dA_fwd=0.000134
  [shape] epoch  12750  rmse=0.004822  max_abs_dA=0.01013  int_signed_dA=5.601e-14  int_abs_dA=6.172e-14  A_min=-0.01653  max_dA_fwd=0.0001347
  [shape] epoch  13000  rmse=0.004597  max_abs_dA=0.009681  int_signed_dA=5.216e-14  int_abs_dA=5.893e-14  A_min=-0.01697  max_dA_fwd=0.000136
  [shape] epoch  13250  rmse=0.004669  max_abs_dA=0.009889  int_signed_dA=5.305e-14  int_abs_dA=5.981e-14  A_min=-0.01677  max_dA_fwd=0.000136
  [shape] epoch  13500  rmse=0.004772  max_abs_dA=0.01  int_signed_dA=5.617e-14  int_abs_dA=6.168e-14  A_min=-0.01667  max_dA_fwd=0.0001364
  [shape] epoch  13750  rmse=0.004689  max_abs_dA=0.009863  int_signed_dA=5.418e-14  int_abs_dA=6.073e-14  A_min=-0.0168  max_dA_fwd=0.0001372
  [shape] epoch  14000  rmse=0.004739  max_abs_dA=0.009893  int_signed_dA=5.594e-14  int_abs_dA=6.179e-14  A_min=-0.01677  max_dA_fwd=0.0001376
  [shape] epoch  14250  rmse=0.004722  max_abs_dA=0.009844  int_signed_dA=5.586e-14  int_abs_dA=6.176e-14  A_min=-0.01682  max_dA_fwd=0.0001381
  [shape] epoch  14500  rmse=0.004841  max_abs_dA=0.01004  int_signed_dA=5.889e-14  int_abs_dA=6.344e-14  A_min=-0.01663  max_dA_fwd=0.0001381
  [shape] epoch  14750  rmse=0.004812  max_abs_dA=0.009982  int_signed_dA=5.828e-14  int_abs_dA=6.321e-14  A_min=-0.01669  max_dA_fwd=0.0001385
  [shape] epoch  15000  rmse=0.004776  max_abs_dA=0.00991  int_signed_dA=5.783e-14  int_abs_dA=6.28e-14  A_min=-0.01677  max_dA_fwd=0.0001387
  [shape] epoch  15250  rmse=0.004746  max_abs_dA=0.009867  int_signed_dA=5.676e-14  int_abs_dA=6.25e-14  A_min=-0.0168  max_dA_fwd=0.0001391
  [shape] epoch  15500  rmse=0.00466  max_abs_dA=0.00971  int_signed_dA=5.512e-14  int_abs_dA=6.143e-14  A_min=-0.01695  max_dA_fwd=0.0001395
  [shape] epoch  15750  rmse=0.004596  max_abs_dA=0.009585  int_signed_dA=5.379e-14  int_abs_dA=6.071e-14  A_min=-0.01708  max_dA_fwd=0.0001398
  [shape] epoch  16000  rmse=0.004669  max_abs_dA=0.009705  int_signed_dA=5.566e-14  int_abs_dA=6.176e-14  A_min=-0.01696  max_dA_fwd=0.0001398
  [shape] epoch  16250  rmse=0.004667  max_abs_dA=0.009699  int_signed_dA=5.574e-14  int_abs_dA=6.178e-14  A_min=-0.01697  max_dA_fwd=0.0001399
  [shape] epoch  16500  rmse=0.004613  max_abs_dA=0.00957  int_signed_dA=5.478e-14  int_abs_dA=6.125e-14  A_min=-0.01709  max_dA_fwd=0.0001403
  [shape] epoch  16750  rmse=0.004663  max_abs_dA=0.00968  int_signed_dA=5.585e-14  int_abs_dA=6.185e-14  A_min=-0.01698  max_dA_fwd=0.0001401
  [shape] epoch  17000  rmse=0.004675  max_abs_dA=0.009698  int_signed_dA=5.615e-14  int_abs_dA=6.207e-14  A_min=-0.01697  max_dA_fwd=0.0001401
  [shape] epoch  17250  rmse=0.004722  max_abs_dA=0.00977  int_signed_dA=5.776e-14  int_abs_dA=6.269e-14  A_min=-0.0169  max_dA_fwd=0.00014
  [shape] epoch  17500  rmse=0.004646  max_abs_dA=0.009641  int_signed_dA=5.569e-14  int_abs_dA=6.175e-14  A_min=-0.01702  max_dA_fwd=0.0001403
  [shape] epoch  17750  rmse=0.004661  max_abs_dA=0.009661  int_signed_dA=5.616e-14  int_abs_dA=6.201e-14  A_min=-0.017  max_dA_fwd=0.0001403
  [shape] epoch  18000  rmse=0.004652  max_abs_dA=0.009641  int_signed_dA=5.608e-14  int_abs_dA=6.193e-14  A_min=-0.01702  max_dA_fwd=0.0001404
  [shape] epoch  18250  rmse=0.004653  max_abs_dA=0.009633  int_signed_dA=5.626e-14  int_abs_dA=6.2e-14  A_min=-0.01703  max_dA_fwd=0.0001404
  [shape] epoch  18500  rmse=0.004624  max_abs_dA=0.009579  int_signed_dA=5.562e-14  int_abs_dA=6.165e-14  A_min=-0.01708  max_dA_fwd=0.0001405
  [shape] epoch  18750  rmse=0.004637  max_abs_dA=0.009605  int_signed_dA=5.596e-14  int_abs_dA=6.183e-14  A_min=-0.01705  max_dA_fwd=0.0001405
  [shape] epoch  19000  rmse=0.004632  max_abs_dA=0.009594  int_signed_dA=5.593e-14  int_abs_dA=6.18e-14  A_min=-0.01706  max_dA_fwd=0.0001405
  [shape] epoch  19250  rmse=0.004617  max_abs_dA=0.009564  int_signed_dA=5.567e-14  int_abs_dA=6.164e-14  A_min=-0.01709  max_dA_fwd=0.0001406
  [shape] epoch  19500  rmse=0.004572  max_abs_dA=0.009473  int_signed_dA=5.49e-14  int_abs_dA=6.109e-14  A_min=-0.01718  max_dA_fwd=0.0001407
  [shape] epoch  19750  rmse=0.004632  max_abs_dA=0.009583  int_signed_dA=5.618e-14  int_abs_dA=6.188e-14  A_min=-0.01707  max_dA_fwd=0.0001406
  [shape] epoch  19999  rmse=0.00462  max_abs_dA=0.009557  int_signed_dA=5.603e-14  int_abs_dA=6.175e-14  A_min=-0.0171  max_dA_fwd=0.0001406
[spectral-pn] spn-L0.01-s42: loss 3.948e-03 -> 1.400e-07 (x28193 drop)
[spectral-pn] RMSE=0.0046 max|dA|=0.0096 gamma_eff=4.2837e+11 gamma_ratio=1.0011
[spectral-pn] snapshot=final best_epoch=19999 best_loss=1.400e-07 final_loss=1.400e-07
[spectral-pn-shape] cancel=0.907 int_signed_dA=5.6025e-14 int_abs_dA=6.1748e-14 A_min=-1.7096e-02 max_dA_fwd=1.4062e-04
[spectral-pn] saved: runs/transient/pn_sumrule_adoption/C1_L0.01_duhamel
