PINN-BTE Training Log
Run ID: 20260704_094805
Started: 2026-07-04T09:48:09.584827
======================================================================

                    INFO     Logging to:                                        
                             runs/transient/1d_nongray_large_dt_1.0um_100K/20260
                             704_094805/training_20260704_094805.log            
                    INFO     Logging to:                                        
                             runs/transient/1d_nongray_large_dt_1.0um_100K/20260
                             704_094805/training_20260704_094805.log            
[07/04/26 09:48:10] INFO     Started W&B run: tr_1d_ng_L1.0um_dT100K ·          
                             20260704_094805 (6wsntqhh)                         
[07/04/26 09:48:10] INFO     Started W&B run: tr_1d_ng_L1.0um_dT100K ·          
                             20260704_094805 (6wsntqhh)                         

Phase 1: Pretraining β-network
  Temperature range: [250K, 350K]
  Epochs: 200
     0.1s | Epoch     0 | β Loss = 1.30e+00
  β pretraining complete! Final loss: 1.53e-01
╭───────────────────────────── Starting Training ──────────────────────────────╮
│   Mode      Transient_Nongray_LargeDT                                        │
│   Epochs    15000                                                            │
│   Device    cuda                                                             │
│   Run ID    20260704_094805                                                  │
╰──────────────────────────────────────────────────────────────────────────────╯

Phase 2: BTE Training
  L = 1.0 μm, ΔT = 100.0K
  T range: [250K, 350K]
  Kn_eff = 0.1015
  τ(T) model = holland (full branch-resolved Holland--Callaway)
  Waypoints: 5 (uniform), weight=0.0
  ALL 60 modes × ALL 16 angles (vectorized)
  Epochs: 15000
     0.5s | Epoch     0 | BTE=6.99e+00 | Energy=1.29e+00 | BC=1.23e-05 | 
IC_n=1.11e-04 | IC_T=0.00e+00 | dT=0.00e+00 | WP=1.10e+01 | GE=1.58e-04 | 
Amp=0.00e+00 | Total=1.93e+01
    78.2s | Epoch   200 | BTE=1.77e+00 | Energy=1.01e+00 | BC=2.43e-02 | 
IC_n=3.74e-02 | IC_T=0.00e+00 | dT=0.00e+00 | WP=5.08e+00 | GE=1.74e-05 | 
Amp=0.00e+00 | Total=7.92e+00
   154.3s | Epoch   400 | BTE=1.69e+00 | Energy=8.19e-01 | BC=2.49e-02 | 
IC_n=3.04e-02 | IC_T=0.00e+00 | dT=0.00e+00 | WP=4.67e+00 | GE=2.46e-05 | 
Amp=0.00e+00 | Total=7.23e+00
   229.9s | Epoch   600 | BTE=1.51e+00 | Energy=7.14e-01 | BC=2.69e-02 | 
IC_n=2.60e-02 | IC_T=0.00e+00 | dT=0.00e+00 | WP=4.60e+00 | GE=1.29e-04 | 
Amp=0.00e+00 | Total=6.88e+00
   304.5s | Epoch   800 | BTE=1.40e+00 | Energy=6.72e-01 | BC=3.18e-02 | 
IC_n=2.21e-02 | IC_T=0.00e+00 | dT=0.00e+00 | WP=4.52e+00 | GE=1.91e-04 | 
Amp=0.00e+00 | Total=6.64e+00
   380.8s | Epoch  1000 | BTE=1.43e+00 | Energy=6.03e-01 | BC=2.97e-02 | 
IC_n=1.14e-02 | IC_T=0.00e+00 | dT=0.00e+00 | WP=4.36e+00 | GE=3.95e-05 | 
Amp=0.00e+00 | Total=6.43e+00
   456.8s | Epoch  1200 | BTE=1.34e+00 | Energy=5.67e-01 | BC=3.22e-02 | 
IC_n=1.01e-02 | IC_T=0.00e+00 | dT=0.00e+00 | WP=4.17e+00 | GE=1.05e-05 | 
Amp=0.00e+00 | Total=6.11e+00
   531.5s | Epoch  1400 | BTE=1.28e+00 | Energy=4.96e-01 | BC=3.11e-02 | 
IC_n=8.38e-03 | IC_T=0.00e+00 | dT=0.00e+00 | WP=4.20e+00 | GE=3.74e-05 | 
Amp=0.00e+00 | Total=6.01e+00
   607.8s | Epoch  1600 | BTE=1.22e+00 | Energy=4.91e-01 | BC=3.44e-02 | 
IC_n=8.10e-03 | IC_T=0.00e+00 | dT=0.00e+00 | WP=4.11e+00 | GE=3.37e-04 | 
Amp=0.00e+00 | Total=5.86e+00
   685.1s | Epoch  1800 | BTE=1.16e+00 | Energy=4.96e-01 | BC=3.05e-02 | 
IC_n=1.29e-02 | IC_T=0.00e+00 | dT=0.00e+00 | WP=4.02e+00 | GE=3.48e-05 | 
Amp=0.00e+00 | Total=5.72e+00
   760.0s | Epoch  2000 | BTE=1.17e+00 | Energy=4.24e-01 | BC=3.28e-02 | 
IC_n=5.67e-03 | IC_T=0.00e+00 | dT=0.00e+00 | WP=4.14e+00 | GE=9.41e-05 | 
Amp=0.00e+00 | Total=5.77e+00
   836.0s | Epoch  2200 | BTE=1.20e+00 | Energy=4.38e-01 | BC=3.16e-02 | 
IC_n=4.53e-03 | IC_T=0.00e+00 | dT=0.00e+00 | WP=4.05e+00 | GE=1.76e-04 | 
Amp=0.00e+00 | Total=5.72e+00
   911.9s | Epoch  2400 | BTE=1.12e+00 | Energy=4.17e-01 | BC=2.98e-02 | 
IC_n=4.52e-03 | IC_T=0.00e+00 | dT=0.00e+00 | WP=4.12e+00 | GE=1.69e-04 | 
Amp=0.00e+00 | Total=5.69e+00
   988.5s | Epoch  2600 | BTE=1.17e+00 | Energy=3.96e-01 | BC=3.30e-02 | 
IC_n=7.96e-03 | IC_T=0.00e+00 | dT=0.00e+00 | WP=4.14e+00 | GE=3.54e-05 | 
Amp=0.00e+00 | Total=5.74e+00
  1063.3s | Epoch  2800 | BTE=1.05e+00 | Energy=4.02e-01 | BC=3.31e-02 | 
IC_n=8.16e-03 | IC_T=0.00e+00 | dT=0.00e+00 | WP=4.11e+00 | GE=1.37e-04 | 
Amp=0.00e+00 | Total=5.60e+00
  1139.8s | Epoch  3000 | BTE=1.16e+00 | Energy=3.69e-01 | BC=3.11e-02 | 
IC_n=7.36e-03 | IC_T=0.00e+00 | dT=0.00e+00 | WP=4.08e+00 | GE=2.28e-04 | 
Amp=0.00e+00 | Total=5.65e+00
  1215.8s | Epoch  3200 | BTE=1.12e+00 | Energy=3.74e-01 | BC=3.33e-02 | 
IC_n=8.46e-03 | IC_T=0.00e+00 | dT=0.00e+00 | WP=4.06e+00 | GE=1.12e-04 | 
Amp=0.00e+00 | Total=5.60e+00
  1290.9s | Epoch  3400 | BTE=1.20e+00 | Energy=3.64e-01 | BC=3.29e-02 | 
IC_n=3.18e-03 | IC_T=0.00e+00 | dT=0.00e+00 | WP=4.04e+00 | GE=6.64e-05 | 
Amp=0.00e+00 | Total=5.64e+00
  1367.7s | Epoch  3600 | BTE=1.14e+00 | Energy=3.86e-01 | BC=3.04e-02 | 
IC_n=2.95e-03 | IC_T=0.00e+00 | dT=0.00e+00 | WP=3.96e+00 | GE=5.49e-04 | 
Amp=0.00e+00 | Total=5.52e+00
  1443.0s | Epoch  3800 | BTE=1.09e+00 | Energy=3.47e-01 | BC=2.82e-02 | 
IC_n=7.44e-03 | IC_T=0.00e+00 | dT=0.00e+00 | WP=4.10e+00 | GE=5.35e-06 | 
Amp=0.00e+00 | Total=5.57e+00
  1518.7s | Epoch  4000 | BTE=1.06e+00 | Energy=3.60e-01 | BC=3.50e-02 | 
IC_n=3.56e-03 | IC_T=0.00e+00 | dT=0.00e+00 | WP=4.05e+00 | GE=1.76e-06 | 
Amp=0.00e+00 | Total=5.51e+00
  1595.6s | Epoch  4200 | BTE=1.07e+00 | Energy=3.78e-01 | BC=3.09e-02 | 
IC_n=3.89e-03 | IC_T=0.00e+00 | dT=0.00e+00 | WP=4.06e+00 | GE=8.64e-05 | 
Amp=0.00e+00 | Total=5.55e+00
  1671.2s | Epoch  4400 | BTE=1.01e+00 | Energy=3.71e-01 | BC=3.01e-02 | 
IC_n=5.53e-03 | IC_T=0.00e+00 | dT=0.00e+00 | WP=4.04e+00 | GE=1.53e-08 | 
Amp=0.00e+00 | Total=5.46e+00
  1747.2s | Epoch  4600 | BTE=1.03e+00 | Energy=3.64e-01 | BC=2.82e-02 | 
IC_n=6.85e-03 | IC_T=0.00e+00 | dT=0.00e+00 | WP=3.88e+00 | GE=1.17e-04 | 
Amp=0.00e+00 | Total=5.31e+00
  1823.1s | Epoch  4800 | BTE=9.85e-01 | Energy=3.29e-01 | BC=2.81e-02 | 
IC_n=6.43e-03 | IC_T=0.00e+00 | dT=0.00e+00 | WP=3.85e+00 | GE=1.09e-05 | 
Amp=0.00e+00 | Total=5.20e+00
  1899.0s | Epoch  5000 | BTE=9.11e-01 | Energy=3.29e-01 | BC=2.53e-02 | 
IC_n=5.68e-03 | IC_T=0.00e+00 | dT=0.00e+00 | WP=3.63e+00 | GE=1.43e-05 | 
Amp=0.00e+00 | Total=4.90e+00
  1974.1s | Epoch  5200 | BTE=8.72e-01 | Energy=2.84e-01 | BC=2.18e-02 | 
IC_n=5.51e-03 | IC_T=0.00e+00 | dT=0.00e+00 | WP=3.35e+00 | GE=2.21e-04 | 
Amp=0.00e+00 | Total=4.54e+00
  2049.9s | Epoch  5400 | BTE=7.40e-01 | Energy=2.25e-01 | BC=1.91e-02 | 
IC_n=6.16e-03 | IC_T=0.00e+00 | dT=0.00e+00 | WP=2.90e+00 | GE=2.80e-04 | 
Amp=0.00e+00 | Total=3.89e+00
  2126.3s | Epoch  5600 | BTE=6.86e-01 | Energy=1.84e-01 | BC=1.72e-02 | 
IC_n=2.74e-03 | IC_T=0.00e+00 | dT=0.00e+00 | WP=2.19e+00 | GE=4.60e-05 | 
Amp=0.00e+00 | Total=3.08e+00
  2202.8s | Epoch  5800 | BTE=5.68e-01 | Energy=1.25e-01 | BC=1.18e-02 | 
IC_n=1.31e-03 | IC_T=0.00e+00 | dT=0.00e+00 | WP=1.61e+00 | GE=4.61e-06 | 
Amp=0.00e+00 | Total=2.32e+00
  2278.9s | Epoch  6000 | BTE=4.05e-01 | Energy=8.95e-02 | BC=8.17e-03 | 
IC_n=9.79e-04 | IC_T=0.00e+00 | dT=0.00e+00 | WP=1.10e+00 | GE=3.20e-08 | 
Amp=0.00e+00 | Total=1.61e+00
  2353.9s | Epoch  6200 | BTE=3.41e-01 | Energy=6.70e-02 | BC=5.13e-03 | 
IC_n=2.55e-03 | IC_T=0.00e+00 | dT=0.00e+00 | WP=6.82e-01 | GE=9.31e-06 | 
Amp=0.00e+00 | Total=1.10e+00
  2429.8s | Epoch  6400 | BTE=3.16e-01 | Energy=3.70e-02 | BC=3.75e-03 | 
IC_n=1.37e-03 | IC_T=0.00e+00 | dT=0.00e+00 | WP=4.30e-01 | GE=2.16e-05 | 
Amp=0.00e+00 | Total=7.88e-01
  2506.1s | Epoch  6600 | BTE=2.08e-01 | Energy=3.43e-02 | BC=2.68e-03 | 
IC_n=5.69e-03 | IC_T=0.00e+00 | dT=0.00e+00 | WP=2.93e-01 | GE=4.25e-05 | 
Amp=0.00e+00 | Total=5.44e-01
  2581.2s | Epoch  6800 | BTE=1.78e-01 | Energy=2.21e-02 | BC=2.13e-03 | 
IC_n=4.28e-03 | IC_T=0.00e+00 | dT=0.00e+00 | WP=2.48e-01 | GE=1.44e-05 | 
Amp=0.00e+00 | Total=4.55e-01
  2657.2s | Epoch  7000 | BTE=2.35e-01 | Energy=2.39e-02 | BC=1.67e-03 | 
IC_n=1.96e-03 | IC_T=0.00e+00 | dT=0.00e+00 | WP=1.67e-01 | GE=9.19e-06 | 
Amp=0.00e+00 | Total=4.29e-01
  2732.1s | Epoch  7200 | BTE=1.86e-01 | Energy=1.46e-02 | BC=1.31e-03 | 
IC_n=5.04e-03 | IC_T=0.00e+00 | dT=0.00e+00 | WP=1.36e-01 | GE=7.56e-06 | 
Amp=0.00e+00 | Total=3.44e-01
  2808.1s | Epoch  7400 | BTE=2.24e-01 | Energy=1.75e-02 | BC=1.23e-03 | 
IC_n=1.86e-03 | IC_T=0.00e+00 | dT=0.00e+00 | WP=9.59e-02 | GE=9.21e-06 | 
Amp=0.00e+00 | Total=3.40e-01
  2882.8s | Epoch  7600 | BTE=1.54e-01 | Energy=9.47e-03 | BC=1.04e-03 | 
IC_n=2.82e-03 | IC_T=0.00e+00 | dT=0.00e+00 | WP=8.68e-02 | GE=2.87e-08 | 
Amp=0.00e+00 | Total=2.55e-01
  2957.8s | Epoch  7800 | BTE=1.72e-01 | Energy=1.29e-02 | BC=8.88e-04 | 
IC_n=3.81e-03 | IC_T=0.00e+00 | dT=0.00e+00 | WP=7.92e-02 | GE=9.50e-06 | 
Amp=0.00e+00 | Total=2.69e-01
  3033.5s | Epoch  8000 | BTE=2.23e-01 | Energy=9.16e-03 | BC=8.15e-04 | 
IC_n=2.75e-03 | IC_T=0.00e+00 | dT=0.00e+00 | WP=6.17e-02 | GE=1.21e-05 | 
Amp=0.00e+00 | Total=2.97e-01
  3107.7s | Epoch  8200 | BTE=1.31e-01 | Energy=7.98e-03 | BC=7.15e-04 | 
IC_n=5.04e-03 | IC_T=0.00e+00 | dT=0.00e+00 | WP=5.50e-02 | GE=5.84e-07 | 
Amp=0.00e+00 | Total=2.00e-01
  3183.2s | Epoch  8400 | BTE=1.17e-01 | Energy=7.75e-03 | BC=7.39e-04 | 
IC_n=3.77e-03 | IC_T=0.00e+00 | dT=0.00e+00 | WP=3.95e-02 | GE=8.31e-06 | 
Amp=0.00e+00 | Total=1.69e-01
  3259.3s | Epoch  8600 | BTE=1.39e-01 | Energy=7.14e-03 | BC=5.68e-04 | 
IC_n=4.96e-03 | IC_T=0.00e+00 | dT=0.00e+00 | WP=3.54e-02 | GE=2.23e-06 | 
Amp=0.00e+00 | Total=1.87e-01
  3335.5s | Epoch  8800 | BTE=1.38e-01 | Energy=6.31e-03 | BC=5.41e-04 | 
IC_n=3.99e-03 | IC_T=0.00e+00 | dT=0.00e+00 | WP=2.84e-02 | GE=4.25e-07 | 
Amp=0.00e+00 | Total=1.77e-01
  3411.4s | Epoch  9000 | BTE=1.46e-01 | Energy=6.14e-03 | BC=5.13e-04 | 
IC_n=4.31e-03 | IC_T=0.00e+00 | dT=0.00e+00 | WP=2.61e-02 | GE=2.00e-06 | 
Amp=0.00e+00 | Total=1.83e-01
  3487.0s | Epoch  9200 | BTE=1.05e-01 | Energy=5.47e-03 | BC=4.58e-04 | 
IC_n=4.19e-03 | IC_T=0.00e+00 | dT=0.00e+00 | WP=2.68e-02 | GE=5.23e-06 | 
Amp=0.00e+00 | Total=1.42e-01
  3564.1s | Epoch  9400 | BTE=1.21e-01 | Energy=4.82e-03 | BC=4.39e-04 | 
IC_n=5.22e-03 | IC_T=0.00e+00 | dT=0.00e+00 | WP=2.34e-02 | GE=1.17e-08 | 
Amp=0.00e+00 | Total=1.55e-01
  3640.0s | Epoch  9600 | BTE=1.31e-01 | Energy=8.49e-03 | BC=3.79e-04 | 
IC_n=6.47e-03 | IC_T=0.00e+00 | dT=0.00e+00 | WP=1.93e-02 | GE=2.33e-06 | 
Amp=0.00e+00 | Total=1.65e-01
  3717.4s | Epoch  9800 | BTE=1.11e-01 | Energy=5.63e-03 | BC=3.79e-04 | 
IC_n=5.69e-03 | IC_T=0.00e+00 | dT=0.00e+00 | WP=1.79e-02 | GE=2.60e-06 | 
Amp=0.00e+00 | Total=1.40e-01
  3794.2s | Epoch 10000 | BTE=8.26e-02 | Energy=6.10e-03 | BC=3.50e-04 | 
IC_n=5.11e-03 | IC_T=0.00e+00 | dT=0.00e+00 | WP=1.76e-02 | GE=1.43e-07 | 
Amp=0.00e+00 | Total=1.12e-01
  3871.2s | Epoch 10200 | BTE=1.06e-01 | Energy=5.39e-03 | BC=3.58e-04 | 
IC_n=4.94e-03 | IC_T=0.00e+00 | dT=0.00e+00 | WP=1.50e-02 | GE=5.45e-06 | 
Amp=0.00e+00 | Total=1.31e-01
  3945.4s | Epoch 10400 | BTE=5.60e-02 | Energy=4.42e-03 | BC=3.22e-04 | 
IC_n=6.16e-03 | IC_T=0.00e+00 | dT=0.00e+00 | WP=1.39e-02 | GE=4.48e-09 | 
Amp=0.00e+00 | Total=8.08e-02
  4021.0s | Epoch 10600 | BTE=5.81e-02 | Energy=4.40e-03 | BC=3.19e-04 | 
IC_n=4.91e-03 | IC_T=0.00e+00 | dT=0.00e+00 | WP=1.37e-02 | GE=5.54e-06 | 
Amp=0.00e+00 | Total=8.14e-02
  4096.9s | Epoch 10800 | BTE=8.18e-02 | Energy=4.00e-03 | BC=3.05e-04 | 
IC_n=5.77e-03 | IC_T=0.00e+00 | dT=0.00e+00 | WP=1.45e-02 | GE=1.02e-05 | 
Amp=0.00e+00 | Total=1.06e-01
  4173.8s | Epoch 11000 | BTE=6.45e-02 | Energy=4.56e-03 | BC=2.95e-04 | 
IC_n=6.30e-03 | IC_T=0.00e+00 | dT=0.00e+00 | WP=1.58e-02 | GE=1.02e-06 | 
Amp=0.00e+00 | Total=9.14e-02
  4249.7s | Epoch 11200 | BTE=7.19e-02 | Energy=3.92e-03 | BC=2.91e-04 | 
IC_n=5.67e-03 | IC_T=0.00e+00 | dT=0.00e+00 | WP=1.28e-02 | GE=1.13e-07 | 
Amp=0.00e+00 | Total=9.45e-02
  4325.4s | Epoch 11400 | BTE=8.67e-02 | Energy=6.76e-03 | BC=2.73e-04 | 
IC_n=5.08e-03 | IC_T=0.00e+00 | dT=0.00e+00 | WP=1.42e-02 | GE=2.01e-06 | 
Amp=0.00e+00 | Total=1.13e-01
  4400.9s | Epoch 11600 | BTE=7.19e-02 | Energy=3.67e-03 | BC=2.73e-04 | 
IC_n=5.63e-03 | IC_T=0.00e+00 | dT=0.00e+00 | WP=1.11e-02 | GE=6.07e-06 | 
Amp=0.00e+00 | Total=9.26e-02
  4477.2s | Epoch 11800 | BTE=5.69e-02 | Energy=3.42e-03 | BC=2.75e-04 | 
IC_n=5.76e-03 | IC_T=0.00e+00 | dT=0.00e+00 | WP=1.18e-02 | GE=1.47e-06 | 
Amp=0.00e+00 | Total=7.82e-02
  4552.1s | Epoch 12000 | BTE=5.29e-02 | Energy=3.03e-03 | BC=2.62e-04 | 
IC_n=5.10e-03 | IC_T=0.00e+00 | dT=0.00e+00 | WP=1.10e-02 | GE=5.27e-08 | 
Amp=0.00e+00 | Total=7.23e-02
  4627.6s | Epoch 12200 | BTE=7.54e-02 | Energy=3.37e-03 | BC=2.56e-04 | 
IC_n=5.16e-03 | IC_T=0.00e+00 | dT=0.00e+00 | WP=9.12e-03 | GE=3.12e-08 | 
Amp=0.00e+00 | Total=9.33e-02
  4704.3s | Epoch 12400 | BTE=5.18e-02 | Energy=4.61e-03 | BC=2.47e-04 | 
IC_n=5.33e-03 | IC_T=0.00e+00 | dT=0.00e+00 | WP=9.52e-03 | GE=7.10e-06 | 
Amp=0.00e+00 | Total=7.15e-02
  4779.5s | Epoch 12600 | BTE=4.54e-02 | Energy=4.67e-03 | BC=2.46e-04 | 
IC_n=7.14e-03 | IC_T=0.00e+00 | dT=0.00e+00 | WP=1.03e-02 | GE=1.29e-06 | 
Amp=0.00e+00 | Total=6.78e-02
  4855.3s | Epoch 12800 | BTE=6.02e-02 | Energy=2.98e-03 | BC=2.46e-04 | 
IC_n=5.58e-03 | IC_T=0.00e+00 | dT=0.00e+00 | WP=8.26e-03 | GE=3.94e-08 | 
Amp=0.00e+00 | Total=7.73e-02
  4931.7s | Epoch 13000 | BTE=6.45e-02 | Energy=3.47e-03 | BC=2.38e-04 | 
IC_n=5.48e-03 | IC_T=0.00e+00 | dT=0.00e+00 | WP=9.77e-03 | GE=4.89e-06 | 
Amp=0.00e+00 | Total=8.34e-02
  5007.4s | Epoch 13200 | BTE=4.86e-02 | Energy=2.80e-03 | BC=2.42e-04 | 
IC_n=5.41e-03 | IC_T=0.00e+00 | dT=0.00e+00 | WP=1.02e-02 | GE=2.35e-07 | 
Amp=0.00e+00 | Total=6.73e-02
  5083.9s | Epoch 13400 | BTE=5.82e-02 | Energy=3.12e-03 | BC=2.33e-04 | 
IC_n=5.62e-03 | IC_T=0.00e+00 | dT=0.00e+00 | WP=8.79e-03 | GE=1.68e-07 | 
Amp=0.00e+00 | Total=7.60e-02
  5160.1s | Epoch 13600 | BTE=6.82e-02 | Energy=2.72e-03 | BC=2.33e-04 | 
IC_n=5.44e-03 | IC_T=0.00e+00 | dT=0.00e+00 | WP=8.27e-03 | GE=1.16e-08 | 
Amp=0.00e+00 | Total=8.48e-02
  5235.6s | Epoch 13800 | BTE=5.81e-02 | Energy=2.64e-03 | BC=2.29e-04 | 
IC_n=5.11e-03 | IC_T=0.00e+00 | dT=0.00e+00 | WP=8.53e-03 | GE=1.77e-07 | 
Amp=0.00e+00 | Total=7.46e-02
  5312.2s | Epoch 14000 | BTE=4.10e-02 | Energy=2.65e-03 | BC=2.29e-04 | 
IC_n=5.39e-03 | IC_T=0.00e+00 | dT=0.00e+00 | WP=8.47e-03 | GE=3.78e-07 | 
Amp=0.00e+00 | Total=5.77e-02
  5388.8s | Epoch 14200 | BTE=6.20e-02 | Energy=4.56e-03 | BC=2.28e-04 | 
IC_n=5.25e-03 | IC_T=0.00e+00 | dT=0.00e+00 | WP=8.62e-03 | GE=8.99e-09 | 
Amp=0.00e+00 | Total=8.06e-02
  5465.1s | Epoch 14400 | BTE=5.92e-02 | Energy=2.72e-03 | BC=2.30e-04 | 
IC_n=5.17e-03 | IC_T=0.00e+00 | dT=0.00e+00 | WP=9.03e-03 | GE=3.75e-06 | 
Amp=0.00e+00 | Total=7.64e-02
  5540.5s | Epoch 14600 | BTE=5.59e-02 | Energy=3.01e-03 | BC=2.25e-04 | 
IC_n=5.14e-03 | IC_T=0.00e+00 | dT=0.00e+00 | WP=8.95e-03 | GE=1.43e-06 | 
Amp=0.00e+00 | Total=7.32e-02
  5615.7s | Epoch 14800 | BTE=4.44e-02 | Energy=2.93e-03 | BC=2.28e-04 | 
IC_n=5.14e-03 | IC_T=0.00e+00 | dT=0.00e+00 | WP=8.64e-03 | GE=6.58e-07 | 
Amp=0.00e+00 | Total=6.13e-02
╭───────────────────────────── Training Complete ──────────────────────────────╮
│   Time      5691.29s                                                         │
│   Output    runs/transient/1d_nongray_large_dt_1.0um_100K/20260704_094805    │
│   Saved     net_T_20260704_094805.pt                                         │
│   Saved     net_n_20260704_094805.pt                                         │
│   Saved     net_beta_20260704_094805.pt                                      │
╰──────────────────────────────────────────────────────────────────────────────╯
Results saved to: 
runs/transient/1d_nongray_large_dt_1.0um_100K/20260704_094805/20260704_094805_re
sults.npz
  Generating visualizations...
  Amplitude: A(0)=50.0000, A(end)=0.5493 (98.9% decay)
  Energy drift: 0.0068
  ⚠ Oscillation at t≈33τ
  Saved: 
runs/transient/1d_nongray_large_dt_1.0um_100K/20260704_094805/amplitude_decay_20
260704_094805.png

Done!
