[spectral-pn] case: L=1.0 um, Nk=20, L_max=8, run=20260904_222731
[spectral-pn] window t_end=5.130e-09 s (767.1 tau_ref), gamma_dom=1.3645e+09 Hz
[spectral-pn] window mode=n_decay rule=n_decay (t_1% at 0.01*A0: nan s; n_dec=7/gamma_dom: 5.1302e-09 s)
  epoch      0  residual 3.496e-01
  epoch    250  residual 3.116e-03
  epoch    500  residual 8.649e-04
  epoch    750  residual 1.398e-03
  epoch   1000  residual 2.748e-04
  epoch   1250  residual 1.945e-04
  epoch   1500  residual 1.510e-04
  epoch   1750  residual 1.412e-03
  epoch   2000  residual 9.229e-05
  epoch   2250  residual 8.103e-05
  epoch   2500  residual 6.582e-05
  epoch   2750  residual 5.418e-05
  epoch   3000  residual 4.847e-05
  epoch   3250  residual 4.377e-05
  epoch   3500  residual 3.838e-05
  epoch   3750  residual 4.778e-05
  epoch   4000  residual 5.080e-04
  epoch   4250  residual 4.524e-05
  epoch   4500  residual 2.475e-05
  epoch   4750  residual 2.290e-05
  epoch   5000  residual 8.426e-05
  epoch   5250  residual 2.178e-05
  epoch   5500  residual 1.781e-05
  epoch   5750  residual 1.702e-05
  epoch   6000  residual 1.580e-05
  epoch   6250  residual 1.503e-05
  epoch   6500  residual 1.460e-05
  epoch   6750  residual 1.366e-05
  epoch   7000  residual 8.239e-05
  epoch   7250  residual 3.446e-05
  epoch   7500  residual 1.239e-05
  epoch   7750  residual 1.111e-05
  epoch   8000  residual 1.067e-05
  epoch   8250  residual 1.059e-05
  epoch   8500  residual 1.128e-05
  epoch   8750  residual 9.540e-06
  epoch   9000  residual 8.594e-06
  epoch   9250  residual 8.469e-06
  epoch   9500  residual 7.937e-06
  epoch   9750  residual 2.708e-05
  epoch  10000  residual 9.401e-06
  epoch  10250  residual 8.194e-06
  epoch  10500  residual 6.653e-06
  epoch  10750  residual 2.529e-05
  epoch  11000  residual 6.067e-05
  epoch  11250  residual 1.968e-05
  epoch  11500  residual 9.939e-06
  epoch  11750  residual 5.742e-06
  epoch  12000  residual 1.035e-05
  epoch  12250  residual 9.081e-06
  epoch  12500  residual 6.580e-06
  epoch  12750  residual 5.847e-06
  epoch  13000  residual 4.951e-06
  epoch  13250  residual 4.582e-06
  epoch  13500  residual 4.616e-06
  epoch  13750  residual 4.393e-06
  epoch  14000  residual 3.570e-05
  epoch  14250  residual 4.124e-06
  epoch  14500  residual 4.019e-06
  epoch  14750  residual 2.187e-05
  epoch  15000  residual 4.777e-06
  epoch  15250  residual 4.497e-06
  epoch  15500  residual 6.693e-06
  epoch  15750  residual 3.680e-06
  epoch  16000  residual 3.824e-06
  epoch  16250  residual 3.763e-06
  epoch  16500  residual 5.254e-05
  epoch  16750  residual 5.679e-06
  epoch  17000  residual 9.008e-06
  epoch  17250  residual 8.884e-06
  epoch  17500  residual 2.918e-06
  epoch  17750  residual 2.604e-05
  epoch  18000  residual 3.218e-06
  epoch  18250  residual 3.288e-06
  epoch  18500  residual 9.142e-06
  epoch  18750  residual 4.523e-06
  epoch  19000  residual 5.612e-06
  epoch  19250  residual 3.056e-06
  epoch  19500  residual 5.088e-06
  epoch  19750  residual 5.139e-06
  epoch  20000  residual 2.334e-06
  epoch  20250  residual 2.434e-06
  epoch  20500  residual 2.241e-06
  epoch  20750  residual 2.137e-06
  epoch  21000  residual 2.660e-06
  epoch  21250  residual 3.108e-06
  epoch  21500  residual 4.905e-06
  epoch  21750  residual 3.535e-06
  epoch  22000  residual 2.980e-06
  epoch  22250  residual 3.844e-06
  epoch  22500  residual 5.343e-06
  epoch  22750  residual 2.738e-06
  epoch  23000  residual 1.959e-06
  epoch  23250  residual 1.802e-06
  epoch  23500  residual 1.791e-06
  epoch  23750  residual 2.351e-06
  epoch  24000  residual 3.448e-06
  epoch  24250  residual 1.656e-06
  epoch  24500  residual 1.672e-06
  epoch  24750  residual 1.561e-05
  epoch  25000  residual 1.140e-05
  epoch  25250  residual 3.796e-06
  epoch  25500  residual 1.705e-06
  epoch  25750  residual 1.022e-05
  epoch  26000  residual 3.306e-06
  epoch  26250  residual 1.663e-06
  epoch  26500  residual 3.476e-06
  epoch  26750  residual 3.386e-06
  epoch  27000  residual 1.571e-06
  epoch  27250  residual 1.842e-06
  epoch  27500  residual 1.406e-06
  epoch  27750  residual 1.295e-06
  epoch  28000  residual 5.846e-06
  epoch  28250  residual 1.539e-06
  epoch  28500  residual 1.373e-06
  epoch  28750  residual 6.123e-06
  epoch  29000  residual 1.277e-06
  epoch  29250  residual 1.851e-06
  epoch  29500  residual 2.583e-06
  epoch  29750  residual 2.506e-06
  epoch  30000  residual 1.176e-06
  epoch  30250  residual 1.132e-06
  epoch  30500  residual 4.313e-06
  epoch  30750  residual 2.372e-06
  epoch  31000  residual 1.435e-06
  epoch  31250  residual 1.412e-06
  epoch  31500  residual 1.061e-06
  epoch  31750  residual 1.156e-06
  epoch  32000  residual 1.105e-06
  epoch  32250  residual 1.011e-06
  epoch  32500  residual 1.253e-06
  epoch  32750  residual 1.138e-06
  epoch  33000  residual 1.335e-06
  epoch  33250  residual 3.458e-06
  epoch  33500  residual 5.446e-06
  epoch  33750  residual 7.920e-06
  epoch  34000  residual 5.891e-06
  epoch  34250  residual 1.395e-06
  epoch  34500  residual 9.932e-07
  epoch  34750  residual 1.008e-06
  epoch  35000  residual 1.093e-06
  epoch  35250  residual 9.116e-07
  epoch  35500  residual 8.809e-07
  epoch  35750  residual 9.705e-07
  epoch  36000  residual 1.248e-06
  epoch  36250  residual 1.380e-06
  epoch  36500  residual 1.008e-06
  epoch  36750  residual 1.214e-06
  epoch  37000  residual 1.358e-06
  epoch  37250  residual 2.489e-06
  epoch  37500  residual 2.778e-06
  epoch  37750  residual 7.803e-07
  epoch  38000  residual 7.738e-07
  epoch  38250  residual 9.344e-07
  epoch  38500  residual 7.497e-07
  epoch  38750  residual 1.175e-06
  epoch  39000  residual 7.620e-07
  epoch  39250  residual 9.660e-07
  epoch  39500  residual 7.279e-07
  epoch  39750  residual 7.334e-07
  epoch  40000  residual 7.036e-07
  epoch  40250  residual 9.716e-07
  epoch  40500  residual 2.410e-06
  epoch  40750  residual 7.851e-07
  epoch  41000  residual 3.502e-06
  epoch  41250  residual 2.139e-06
  epoch  41500  residual 6.860e-07
  epoch  41750  residual 1.506e-06
  epoch  42000  residual 6.717e-07
  epoch  42250  residual 6.471e-07
  epoch  42500  residual 6.307e-07
  epoch  42750  residual 1.486e-06
  epoch  43000  residual 6.222e-07
  epoch  43250  residual 2.050e-06
  epoch  43500  residual 6.304e-07
  epoch  43750  residual 5.978e-07
  epoch  44000  residual 6.167e-07
  epoch  44250  residual 7.690e-07
  epoch  44500  residual 1.644e-06
  epoch  44750  residual 1.189e-06
  epoch  45000  residual 8.000e-07
  epoch  45250  residual 8.454e-07
  epoch  45500  residual 6.153e-07
  epoch  45750  residual 5.629e-07
  epoch  46000  residual 1.882e-06
  epoch  46250  residual 4.214e-06
  epoch  46500  residual 1.904e-06
  epoch  46750  residual 5.345e-07
  epoch  47000  residual 2.639e-06
  epoch  47250  residual 5.558e-07
  epoch  47500  residual 5.469e-07
  epoch  47750  residual 5.618e-07
  epoch  48000  residual 5.252e-07
  epoch  48250  residual 5.224e-07
  epoch  48500  residual 5.005e-07
  epoch  48750  residual 5.445e-07
  epoch  49000  residual 4.993e-07
  epoch  49250  residual 5.466e-07
  epoch  49500  residual 4.873e-07
  epoch  49750  residual 8.885e-07
  epoch  50000  residual 4.911e-07
  epoch  50250  residual 1.307e-06
  epoch  50500  residual 4.868e-07
  epoch  50750  residual 4.719e-07
  epoch  51000  residual 4.705e-07
  epoch  51250  residual 1.111e-06
  epoch  51500  residual 4.605e-07
  epoch  51750  residual 4.538e-07
  epoch  52000  residual 4.571e-07
  epoch  52250  residual 4.459e-07
  epoch  52500  residual 4.426e-07
  epoch  52750  residual 4.452e-07
  epoch  53000  residual 4.364e-07
  epoch  53250  residual 4.350e-07
  epoch  53500  residual 4.404e-07
  epoch  53750  residual 4.409e-07
  epoch  54000  residual 7.176e-07
  epoch  54250  residual 4.212e-07
  epoch  54500  residual 4.302e-07
  epoch  54750  residual 4.942e-07
  epoch  55000  residual 4.136e-07
  epoch  55250  residual 6.237e-07
  epoch  55500  residual 4.079e-07
  epoch  55750  residual 6.193e-07
  epoch  56000  residual 4.022e-07
  epoch  56250  residual 4.066e-07
  epoch  56500  residual 3.975e-07
  epoch  56750  residual 4.131e-07
  epoch  57000  residual 3.923e-07
  epoch  57250  residual 3.947e-07
  epoch  57500  residual 3.886e-07
  epoch  57750  residual 3.848e-07
  epoch  58000  residual 3.939e-07
  epoch  58250  residual 3.852e-07
  epoch  58500  residual 3.902e-07
  epoch  58750  residual 3.936e-07
  epoch  59000  residual 3.751e-07
  epoch  59250  residual 5.005e-07
  epoch  59500  residual 3.700e-07
  epoch  59750  residual 3.993e-07
  epoch  59999  residual 3.768e-07
  [gamma] epoch      0  gamma_ratio 3.1513  residual 3.496e-01
  [gamma] epoch    250  gamma_ratio 0.7772  residual 3.116e-03
  [gamma] epoch    500  gamma_ratio 0.5962  residual 8.649e-04
  [gamma] epoch    750  gamma_ratio 0.6495  residual 1.398e-03
  [gamma] epoch   1000  gamma_ratio 0.6548  residual 2.748e-04
  [gamma] epoch   1250  gamma_ratio 0.6863  residual 1.945e-04
  [gamma] epoch   1500  gamma_ratio 0.7173  residual 1.510e-04
  [gamma] epoch   1750  gamma_ratio 0.7211  residual 1.412e-03
  [gamma] epoch   2000  gamma_ratio 0.7721  residual 9.229e-05
  [gamma] epoch   2250  gamma_ratio 0.7916  residual 8.103e-05
  [gamma] epoch   2500  gamma_ratio 0.8089  residual 6.582e-05
  [gamma] epoch   2750  gamma_ratio 0.8283  residual 5.418e-05
  [gamma] epoch   3000  gamma_ratio 0.8420  residual 4.847e-05
  [gamma] epoch   3250  gamma_ratio 0.8567  residual 4.377e-05
  [gamma] epoch   3500  gamma_ratio 0.8617  residual 3.838e-05
  [gamma] epoch   3750  gamma_ratio 0.8686  residual 4.778e-05
  [gamma] epoch   4000  gamma_ratio 0.9045  residual 5.080e-04
  [gamma] epoch   4250  gamma_ratio 0.9011  residual 4.524e-05
  [gamma] epoch   4500  gamma_ratio 0.9040  residual 2.475e-05
  [gamma] epoch   4750  gamma_ratio 0.9084  residual 2.290e-05
  [gamma] epoch   5000  gamma_ratio 0.9087  residual 8.426e-05
  [gamma] epoch   5250  gamma_ratio 0.9222  residual 2.178e-05
  [gamma] epoch   5500  gamma_ratio 0.9265  residual 1.781e-05
  [gamma] epoch   5750  gamma_ratio 0.9280  residual 1.702e-05
  [gamma] epoch   6000  gamma_ratio 0.9328  residual 1.580e-05
  [gamma] epoch   6250  gamma_ratio 0.9353  residual 1.503e-05
  [gamma] epoch   6500  gamma_ratio 0.9335  residual 1.460e-05
  [gamma] epoch   6750  gamma_ratio 0.9402  residual 1.366e-05
  [gamma] epoch   7000  gamma_ratio 0.9622  residual 8.239e-05
  [gamma] epoch   7250  gamma_ratio 0.9304  residual 3.446e-05
  [gamma] epoch   7500  gamma_ratio 0.9481  residual 1.239e-05
  [gamma] epoch   7750  gamma_ratio 0.9496  residual 1.111e-05
  [gamma] epoch   8000  gamma_ratio 0.9511  residual 1.067e-05
  [gamma] epoch   8250  gamma_ratio 0.9522  residual 1.059e-05
  [gamma] epoch   8500  gamma_ratio 0.9605  residual 1.128e-05
  [gamma] epoch   8750  gamma_ratio 0.9573  residual 9.540e-06
  [gamma] epoch   9000  gamma_ratio 0.9594  residual 8.594e-06
  [gamma] epoch   9250  gamma_ratio 0.9600  residual 8.469e-06
  [gamma] epoch   9500  gamma_ratio 0.9625  residual 7.937e-06
  [gamma] epoch   9750  gamma_ratio 0.9715  residual 2.708e-05
  [gamma] epoch  10000  gamma_ratio 0.9632  residual 9.401e-06
  [gamma] epoch  10250  gamma_ratio 0.9638  residual 8.194e-06
  [gamma] epoch  10500  gamma_ratio 0.9668  residual 6.653e-06
  [gamma] epoch  10750  gamma_ratio 0.9825  residual 2.529e-05
  [gamma] epoch  11000  gamma_ratio 0.9800  residual 6.067e-05
  [gamma] epoch  11250  gamma_ratio 0.9715  residual 1.968e-05
  [gamma] epoch  11500  gamma_ratio 0.9853  residual 9.939e-06
  [gamma] epoch  11750  gamma_ratio 0.9722  residual 5.742e-06
  [gamma] epoch  12000  gamma_ratio 0.9727  residual 1.035e-05
  [gamma] epoch  12250  gamma_ratio 0.9695  residual 9.081e-06
  [gamma] epoch  12500  gamma_ratio 0.9777  residual 6.580e-06
  [gamma] epoch  12750  gamma_ratio 0.9782  residual 5.847e-06
  [gamma] epoch  13000  gamma_ratio 0.9783  residual 4.951e-06
  [gamma] epoch  13250  gamma_ratio 0.9780  residual 4.582e-06
  [gamma] epoch  13500  gamma_ratio 0.9776  residual 4.616e-06
  [gamma] epoch  13750  gamma_ratio 0.9793  residual 4.393e-06
  [gamma] epoch  14000  gamma_ratio 0.9726  residual 3.570e-05
  [gamma] epoch  14250  gamma_ratio 0.9810  residual 4.124e-06
  [gamma] epoch  14500  gamma_ratio 0.9809  residual 4.019e-06
  [gamma] epoch  14750  gamma_ratio 0.9741  residual 2.187e-05
  [gamma] epoch  15000  gamma_ratio 0.9837  residual 4.777e-06
  [gamma] epoch  15250  gamma_ratio 0.9820  residual 4.497e-06
  [gamma] epoch  15500  gamma_ratio 0.9802  residual 6.693e-06
  [gamma] epoch  15750  gamma_ratio 0.9832  residual 3.680e-06
  [gamma] epoch  16000  gamma_ratio 0.9854  residual 3.824e-06
  [gamma] epoch  16250  gamma_ratio 0.9846  residual 3.763e-06
  [gamma] epoch  16500  gamma_ratio 0.9818  residual 5.254e-05
  [gamma] epoch  16750  gamma_ratio 0.9801  residual 5.679e-06
  [gamma] epoch  17000  gamma_ratio 0.9943  residual 9.008e-06
  [gamma] epoch  17250  gamma_ratio 0.9829  residual 8.884e-06
  [gamma] epoch  17500  gamma_ratio 0.9865  residual 2.918e-06
  [gamma] epoch  17750  gamma_ratio 0.9816  residual 2.604e-05
  [gamma] epoch  18000  gamma_ratio 0.9858  residual 3.218e-06
  [gamma] epoch  18250  gamma_ratio 0.9847  residual 3.288e-06
  [gamma] epoch  18500  gamma_ratio 0.9889  residual 9.142e-06
  [gamma] epoch  18750  gamma_ratio 0.9897  residual 4.523e-06
  [gamma] epoch  19000  gamma_ratio 0.9834  residual 5.612e-06
  [gamma] epoch  19250  gamma_ratio 0.9888  residual 3.056e-06
  [gamma] epoch  19500  gamma_ratio 0.9822  residual 5.088e-06
  [gamma] epoch  19750  gamma_ratio 0.9853  residual 5.139e-06
  [gamma] epoch  20000  gamma_ratio 0.9889  residual 2.334e-06
  [gamma] epoch  20250  gamma_ratio 0.9864  residual 2.434e-06
  [gamma] epoch  20500  gamma_ratio 0.9883  residual 2.241e-06
  [gamma] epoch  20750  gamma_ratio 0.9883  residual 2.137e-06
  [gamma] epoch  21000  gamma_ratio 0.9902  residual 2.660e-06
  [gamma] epoch  21250  gamma_ratio 0.9876  residual 3.108e-06
  [gamma] epoch  21500  gamma_ratio 0.9861  residual 4.905e-06
  [gamma] epoch  21750  gamma_ratio 0.9893  residual 3.535e-06
  [gamma] epoch  22000  gamma_ratio 0.9891  residual 2.980e-06
  [gamma] epoch  22250  gamma_ratio 0.9899  residual 3.844e-06
  [gamma] epoch  22500  gamma_ratio 0.9842  residual 5.343e-06
  [gamma] epoch  22750  gamma_ratio 0.9887  residual 2.738e-06
  [gamma] epoch  23000  gamma_ratio 0.9908  residual 1.959e-06
  [gamma] epoch  23250  gamma_ratio 0.9904  residual 1.802e-06
  [gamma] epoch  23500  gamma_ratio 0.9903  residual 1.791e-06
  [gamma] epoch  23750  gamma_ratio 0.9896  residual 2.351e-06
  [gamma] epoch  24000  gamma_ratio 0.9919  residual 3.448e-06
  [gamma] epoch  24250  gamma_ratio 0.9911  residual 1.656e-06
  [gamma] epoch  24500  gamma_ratio 0.9903  residual 1.672e-06
  [gamma] epoch  24750  gamma_ratio 0.9912  residual 1.561e-05
  [gamma] epoch  25000  gamma_ratio 0.9976  residual 1.140e-05
  [gamma] epoch  25250  gamma_ratio 0.9943  residual 3.796e-06
  [gamma] epoch  25500  gamma_ratio 0.9924  residual 1.705e-06
  [gamma] epoch  25750  gamma_ratio 0.9862  residual 1.022e-05
  [gamma] epoch  26000  gamma_ratio 0.9916  residual 3.306e-06
  [gamma] epoch  26250  gamma_ratio 0.9905  residual 1.663e-06
  [gamma] epoch  26500  gamma_ratio 0.9889  residual 3.476e-06
  [gamma] epoch  26750  gamma_ratio 0.9932  residual 3.386e-06
  [gamma] epoch  27000  gamma_ratio 0.9912  residual 1.571e-06
  [gamma] epoch  27250  gamma_ratio 0.9926  residual 1.842e-06
  [gamma] epoch  27500  gamma_ratio 0.9927  residual 1.406e-06
  [gamma] epoch  27750  gamma_ratio 0.9926  residual 1.295e-06
  [gamma] epoch  28000  gamma_ratio 0.9866  residual 5.846e-06
  [gamma] epoch  28250  gamma_ratio 0.9941  residual 1.539e-06
  [gamma] epoch  28500  gamma_ratio 0.9918  residual 1.373e-06
  [gamma] epoch  28750  gamma_ratio 0.9901  residual 6.123e-06
  [gamma] epoch  29000  gamma_ratio 0.9923  residual 1.277e-06
  [gamma] epoch  29250  gamma_ratio 0.9907  residual 1.851e-06
  [gamma] epoch  29500  gamma_ratio 0.9933  residual 2.583e-06
  [gamma] epoch  29750  gamma_ratio 0.9970  residual 2.506e-06
  [gamma] epoch  30000  gamma_ratio 0.9929  residual 1.176e-06
  [gamma] epoch  30250  gamma_ratio 0.9929  residual 1.132e-06
  [gamma] epoch  30500  gamma_ratio 0.9935  residual 4.313e-06
  [gamma] epoch  30750  gamma_ratio 0.9974  residual 2.372e-06
  [gamma] epoch  31000  gamma_ratio 0.9925  residual 1.435e-06
  [gamma] epoch  31250  gamma_ratio 0.9936  residual 1.412e-06
  [gamma] epoch  31500  gamma_ratio 0.9935  residual 1.061e-06
  [gamma] epoch  31750  gamma_ratio 0.9950  residual 1.156e-06
  [gamma] epoch  32000  gamma_ratio 0.9940  residual 1.105e-06
  [gamma] epoch  32250  gamma_ratio 0.9937  residual 1.011e-06
  [gamma] epoch  32500  gamma_ratio 0.9938  residual 1.253e-06
  [gamma] epoch  32750  gamma_ratio 0.9951  residual 1.138e-06
  [gamma] epoch  33000  gamma_ratio 0.9943  residual 1.335e-06
  [gamma] epoch  33250  gamma_ratio 0.9927  residual 3.458e-06
  [gamma] epoch  33500  gamma_ratio 0.9864  residual 5.446e-06
  [gamma] epoch  33750  gamma_ratio 0.9927  residual 7.920e-06
  [gamma] epoch  34000  gamma_ratio 0.9966  residual 5.891e-06
  [gamma] epoch  34250  gamma_ratio 0.9960  residual 1.395e-06
  [gamma] epoch  34500  gamma_ratio 0.9944  residual 9.932e-07
  [gamma] epoch  34750  gamma_ratio 0.9947  residual 1.008e-06
  [gamma] epoch  35000  gamma_ratio 0.9935  residual 1.093e-06
  [gamma] epoch  35250  gamma_ratio 0.9944  residual 9.116e-07
  [gamma] epoch  35500  gamma_ratio 0.9940  residual 8.809e-07
  [gamma] epoch  35750  gamma_ratio 0.9936  residual 9.705e-07
  [gamma] epoch  36000  gamma_ratio 0.9951  residual 1.248e-06
  [gamma] epoch  36250  gamma_ratio 0.9960  residual 1.380e-06
  [gamma] epoch  36500  gamma_ratio 0.9936  residual 1.008e-06
  [gamma] epoch  36750  gamma_ratio 0.9959  residual 1.214e-06
  [gamma] epoch  37000  gamma_ratio 0.9941  residual 1.358e-06
  [gamma] epoch  37250  gamma_ratio 0.9961  residual 2.489e-06
  [gamma] epoch  37500  gamma_ratio 0.9888  residual 2.778e-06
  [gamma] epoch  37750  gamma_ratio 0.9942  residual 7.803e-07
  [gamma] epoch  38000  gamma_ratio 0.9947  residual 7.738e-07
  [gamma] epoch  38250  gamma_ratio 0.9956  residual 9.344e-07
  [gamma] epoch  38500  gamma_ratio 0.9950  residual 7.497e-07
  [gamma] epoch  38750  gamma_ratio 0.9959  residual 1.175e-06
  [gamma] epoch  39000  gamma_ratio 0.9950  residual 7.620e-07
  [gamma] epoch  39250  gamma_ratio 0.9950  residual 9.660e-07
  [gamma] epoch  39500  gamma_ratio 0.9949  residual 7.279e-07
  [gamma] epoch  39750  gamma_ratio 0.9953  residual 7.334e-07
  [gamma] epoch  40000  gamma_ratio 0.9949  residual 7.036e-07
  [gamma] epoch  40250  gamma_ratio 0.9972  residual 9.716e-07
  [gamma] epoch  40500  gamma_ratio 0.9940  residual 2.410e-06
  [gamma] epoch  40750  gamma_ratio 0.9944  residual 7.851e-07
  [gamma] epoch  41000  gamma_ratio 0.9919  residual 3.502e-06
  [gamma] epoch  41250  gamma_ratio 0.9968  residual 2.139e-06
  [gamma] epoch  41500  gamma_ratio 0.9954  residual 6.860e-07
  [gamma] epoch  41750  gamma_ratio 0.9953  residual 1.506e-06
  [gamma] epoch  42000  gamma_ratio 0.9948  residual 6.717e-07
  [gamma] epoch  42250  gamma_ratio 0.9949  residual 6.471e-07
  [gamma] epoch  42500  gamma_ratio 0.9952  residual 6.307e-07
  [gamma] epoch  42750  gamma_ratio 0.9948  residual 1.486e-06
  [gamma] epoch  43000  gamma_ratio 0.9953  residual 6.222e-07
  [gamma] epoch  43250  gamma_ratio 0.9927  residual 2.050e-06
  [gamma] epoch  43500  gamma_ratio 0.9949  residual 6.304e-07
  [gamma] epoch  43750  gamma_ratio 0.9953  residual 5.978e-07
  [gamma] epoch  44000  gamma_ratio 0.9961  residual 6.167e-07
  [gamma] epoch  44250  gamma_ratio 0.9950  residual 7.690e-07
  [gamma] epoch  44500  gamma_ratio 0.9983  residual 1.644e-06
  [gamma] epoch  44750  gamma_ratio 0.9948  residual 1.189e-06
  [gamma] epoch  45000  gamma_ratio 0.9971  residual 8.000e-07
  [gamma] epoch  45250  gamma_ratio 0.9959  residual 8.454e-07
  [gamma] epoch  45500  gamma_ratio 0.9957  residual 6.153e-07
  [gamma] epoch  45750  gamma_ratio 0.9959  residual 5.629e-07
  [gamma] epoch  46000  gamma_ratio 0.9950  residual 1.882e-06
  [gamma] epoch  46250  gamma_ratio 0.9924  residual 4.214e-06
  [gamma] epoch  46500  gamma_ratio 0.9947  residual 1.904e-06
  [gamma] epoch  46750  gamma_ratio 0.9956  residual 5.345e-07
  [gamma] epoch  47000  gamma_ratio 0.9940  residual 2.639e-06
  [gamma] epoch  47250  gamma_ratio 0.9959  residual 5.558e-07
  [gamma] epoch  47500  gamma_ratio 0.9953  residual 5.469e-07
  [gamma] epoch  47750  gamma_ratio 0.9963  residual 5.618e-07
  [gamma] epoch  48000  gamma_ratio 0.9961  residual 5.252e-07
  [gamma] epoch  48250  gamma_ratio 0.9960  residual 5.224e-07
  [gamma] epoch  48500  gamma_ratio 0.9958  residual 5.005e-07
  [gamma] epoch  48750  gamma_ratio 0.9956  residual 5.445e-07
  [gamma] epoch  49000  gamma_ratio 0.9957  residual 4.993e-07
  [gamma] epoch  49250  gamma_ratio 0.9956  residual 5.466e-07
  [gamma] epoch  49500  gamma_ratio 0.9960  residual 4.873e-07
  [gamma] epoch  49750  gamma_ratio 0.9975  residual 8.885e-07
  [gamma] epoch  50000  gamma_ratio 0.9958  residual 4.911e-07
  [gamma] epoch  50250  gamma_ratio 0.9966  residual 1.307e-06
  [gamma] epoch  50500  gamma_ratio 0.9963  residual 4.868e-07
  [gamma] epoch  50750  gamma_ratio 0.9959  residual 4.719e-07
  [gamma] epoch  51000  gamma_ratio 0.9962  residual 4.705e-07
  [gamma] epoch  51250  gamma_ratio 0.9970  residual 1.111e-06
  [gamma] epoch  51500  gamma_ratio 0.9958  residual 4.605e-07
  [gamma] epoch  51750  gamma_ratio 0.9960  residual 4.538e-07
  [gamma] epoch  52000  gamma_ratio 0.9962  residual 4.571e-07
  [gamma] epoch  52250  gamma_ratio 0.9960  residual 4.459e-07
  [gamma] epoch  52500  gamma_ratio 0.9960  residual 4.426e-07
  [gamma] epoch  52750  gamma_ratio 0.9961  residual 4.452e-07
  [gamma] epoch  53000  gamma_ratio 0.9960  residual 4.364e-07
  [gamma] epoch  53250  gamma_ratio 0.9960  residual 4.350e-07
  [gamma] epoch  53500  gamma_ratio 0.9962  residual 4.404e-07
  [gamma] epoch  53750  gamma_ratio 0.9959  residual 4.409e-07
  [gamma] epoch  54000  gamma_ratio 0.9957  residual 7.176e-07
  [gamma] epoch  54250  gamma_ratio 0.9961  residual 4.212e-07
  [gamma] epoch  54500  gamma_ratio 0.9960  residual 4.302e-07
  [gamma] epoch  54750  gamma_ratio 0.9971  residual 4.942e-07
  [gamma] epoch  55000  gamma_ratio 0.9961  residual 4.136e-07
  [gamma] epoch  55250  gamma_ratio 0.9966  residual 6.237e-07
  [gamma] epoch  55500  gamma_ratio 0.9960  residual 4.079e-07
  [gamma] epoch  55750  gamma_ratio 0.9965  residual 6.193e-07
  [gamma] epoch  56000  gamma_ratio 0.9962  residual 4.022e-07
  [gamma] epoch  56250  gamma_ratio 0.9959  residual 4.066e-07
  [gamma] epoch  56500  gamma_ratio 0.9962  residual 3.975e-07
  [gamma] epoch  56750  gamma_ratio 0.9961  residual 4.131e-07
  [gamma] epoch  57000  gamma_ratio 0.9962  residual 3.923e-07
  [gamma] epoch  57250  gamma_ratio 0.9961  residual 3.947e-07
  [gamma] epoch  57500  gamma_ratio 0.9964  residual 3.886e-07
  [gamma] epoch  57750  gamma_ratio 0.9963  residual 3.848e-07
  [gamma] epoch  58000  gamma_ratio 0.9964  residual 3.939e-07
  [gamma] epoch  58250  gamma_ratio 0.9963  residual 3.852e-07
  [gamma] epoch  58500  gamma_ratio 0.9961  residual 3.902e-07
  [gamma] epoch  58750  gamma_ratio 0.9965  residual 3.936e-07
  [gamma] epoch  59000  gamma_ratio 0.9962  residual 3.751e-07
  [gamma] epoch  59250  gamma_ratio 0.9955  residual 5.005e-07
  [gamma] epoch  59500  gamma_ratio 0.9963  residual 3.700e-07
  [gamma] epoch  59750  gamma_ratio 0.9956  residual 3.993e-07
  [gamma] epoch  59999  gamma_ratio 0.9965  residual 3.768e-07
  [shape] epoch      0  rmse=0.1737  max_abs_dA=0.4739  int_signed_dA=-5.357e-10  int_abs_dA=5.357e-10  A_min=-0.006276  max_dA_fwd=-9.287e-08
  [shape] epoch    250  rmse=0.1265  max_abs_dA=0.3044  int_signed_dA=2.099e-10  int_abs_dA=5.775e-10  A_min=0.1027  max_dA_fwd=0.002511
  [shape] epoch    500  rmse=0.1259  max_abs_dA=0.152  int_signed_dA=4.961e-10  int_abs_dA=6.196e-10  A_min=0.1159  max_dA_fwd=0.004329
  [shape] epoch    750  rmse=0.09742  max_abs_dA=0.1198  int_signed_dA=3.953e-10  int_abs_dA=4.8e-10  A_min=0.08542  max_dA_fwd=0.001677
  [shape] epoch   1000  rmse=0.08843  max_abs_dA=0.1105  int_signed_dA=3.861e-10  int_abs_dA=4.333e-10  A_min=0.0761  max_dA_fwd=0.001225
  [shape] epoch   1250  rmse=0.07525  max_abs_dA=0.09459  int_signed_dA=3.347e-10  int_abs_dA=3.678e-10  A_min=0.06293  max_dA_fwd=0.0004582
  [shape] epoch   1500  rmse=0.06442  max_abs_dA=0.08165  int_signed_dA=2.886e-10  int_abs_dA=3.146e-10  A_min=0.05216  max_dA_fwd=-3.859e-05
  [shape] epoch   1750  rmse=0.06008  max_abs_dA=0.07682  int_signed_dA=2.833e-10  int_abs_dA=2.908e-10  A_min=0.04723  max_dA_fwd=0.0009396
  [shape] epoch   2000  rmse=0.04742  max_abs_dA=0.06178  int_signed_dA=2.162e-10  int_abs_dA=2.297e-10  A_min=0.03716  max_dA_fwd=-3.447e-05
  [shape] epoch   2250  rmse=0.04232  max_abs_dA=0.05572  int_signed_dA=1.928e-10  int_abs_dA=2.045e-10  A_min=0.03266  max_dA_fwd=-3.264e-05
  [shape] epoch   2500  rmse=0.03841  max_abs_dA=0.05112  int_signed_dA=1.73e-10  int_abs_dA=1.853e-10  A_min=0.02916  max_dA_fwd=-3.138e-05
  [shape] epoch   2750  rmse=0.03344  max_abs_dA=0.04548  int_signed_dA=1.518e-10  int_abs_dA=1.597e-10  A_min=0.02449  max_dA_fwd=-2.996e-05
  [shape] epoch   3000  rmse=0.03053  max_abs_dA=0.04203  int_signed_dA=1.375e-10  int_abs_dA=1.452e-10  A_min=0.02142  max_dA_fwd=-2.934e-05
  [shape] epoch   3250  rmse=0.02763  max_abs_dA=0.03859  int_signed_dA=1.225e-10  int_abs_dA=1.309e-10  A_min=0.01823  max_dA_fwd=-2.874e-05
  [shape] epoch   3500  rmse=0.02661  max_abs_dA=0.03751  int_signed_dA=1.175e-10  int_abs_dA=1.257e-10  A_min=0.01658  max_dA_fwd=-2.889e-05
  [shape] epoch   3750  rmse=0.02507  max_abs_dA=0.03582  int_signed_dA=1.108e-10  int_abs_dA=1.182e-10  A_min=0.01404  max_dA_fwd=-2.886e-05
  [shape] epoch   4000  rmse=0.01903  max_abs_dA=0.02788  int_signed_dA=7.731e-11  int_abs_dA=8.893e-11  A_min=0.01017  max_dA_fwd=-2.616e-05
  [shape] epoch   4250  rmse=0.01867  max_abs_dA=0.02768  int_signed_dA=8.042e-11  int_abs_dA=8.568e-11  A_min=0.008985  max_dA_fwd=-2.641e-05
  [shape] epoch   4500  rmse=0.01795  max_abs_dA=0.02685  int_signed_dA=7.781e-11  int_abs_dA=8.193e-11  A_min=0.007958  max_dA_fwd=-2.622e-05
  [shape] epoch   4750  rmse=0.01695  max_abs_dA=0.02558  int_signed_dA=7.387e-11  int_abs_dA=7.688e-11  A_min=0.006966  max_dA_fwd=-2.573e-05
  [shape] epoch   5000  rmse=0.01657  max_abs_dA=0.0251  int_signed_dA=7.355e-11  int_abs_dA=7.518e-11  A_min=0.006265  max_dA_fwd=-2.529e-05
  [shape] epoch   5250  rmse=0.01457  max_abs_dA=0.02246  int_signed_dA=6.183e-11  int_abs_dA=6.486e-11  A_min=0.005055  max_dA_fwd=-2.43e-05
  [shape] epoch   5500  rmse=0.01373  max_abs_dA=0.02133  int_signed_dA=5.81e-11  int_abs_dA=6.077e-11  A_min=0.004362  max_dA_fwd=-2.363e-05
  [shape] epoch   5750  rmse=0.0135  max_abs_dA=0.02103  int_signed_dA=5.681e-11  int_abs_dA=5.962e-11  A_min=0.00412  max_dA_fwd=-2.329e-05
  [shape] epoch   6000  rmse=0.01258  max_abs_dA=0.01974  int_signed_dA=5.272e-11  int_abs_dA=5.516e-11  A_min=0.003545  max_dA_fwd=-2.248e-05
  [shape] epoch   6250  rmse=0.01214  max_abs_dA=0.01914  int_signed_dA=5.063e-11  int_abs_dA=5.311e-11  A_min=0.003257  max_dA_fwd=-2.194e-05
  [shape] epoch   6500  rmse=0.01231  max_abs_dA=0.01941  int_signed_dA=5.22e-11  int_abs_dA=5.396e-11  A_min=0.003077  max_dA_fwd=-2.182e-05
  [shape] epoch   6750  rmse=0.01129  max_abs_dA=0.01797  int_signed_dA=4.66e-11  int_abs_dA=4.894e-11  A_min=0.002611  max_dA_fwd=-2.092e-05
  [shape] epoch   7000  rmse=0.009316  max_abs_dA=0.01448  int_signed_dA=2.875e-11  int_abs_dA=4.269e-11  A_min=0.001633  max_dA_fwd=-1.923e-05
  [shape] epoch   7250  rmse=0.01255  max_abs_dA=0.01987  int_signed_dA=5.481e-11  int_abs_dA=5.563e-11  A_min=0.002778  max_dA_fwd=-2.099e-05
  [shape] epoch   7500  rmse=0.00996  max_abs_dA=0.01613  int_signed_dA=4.012e-11  int_abs_dA=4.267e-11  A_min=0.001768  max_dA_fwd=-1.923e-05
  [shape] epoch   7750  rmse=0.00977  max_abs_dA=0.01586  int_signed_dA=3.888e-11  int_abs_dA=4.192e-11  A_min=0.001758  max_dA_fwd=-1.88e-05
  [shape] epoch   8000  rmse=0.009387  max_abs_dA=0.01535  int_signed_dA=3.768e-11  int_abs_dA=3.989e-11  A_min=0.001419  max_dA_fwd=-1.831e-05
  [shape] epoch   8250  rmse=0.009215  max_abs_dA=0.01515  int_signed_dA=3.679e-11  int_abs_dA=3.901e-11  A_min=0.001285  max_dA_fwd=-1.793e-05
  [shape] epoch   8500  rmse=0.008154  max_abs_dA=0.01351  int_signed_dA=3.015e-11  int_abs_dA=3.482e-11  A_min=0.0007903  max_dA_fwd=-1.695e-05
  [shape] epoch   8750  rmse=0.008317  max_abs_dA=0.01383  int_signed_dA=3.267e-11  int_abs_dA=3.494e-11  A_min=0.0008695  max_dA_fwd=-1.678e-05
  [shape] epoch   9000  rmse=0.008048  max_abs_dA=0.01345  int_signed_dA=3.099e-11  int_abs_dA=3.382e-11  A_min=0.0008174  max_dA_fwd=-1.636e-05
  [shape] epoch   9250  rmse=0.007933  max_abs_dA=0.01332  int_signed_dA=3.051e-11  int_abs_dA=3.317e-11  A_min=0.000688  max_dA_fwd=-1.607e-05
  [shape] epoch   9500  rmse=0.007551  max_abs_dA=0.01273  int_signed_dA=2.855e-11  int_abs_dA=3.155e-11  A_min=0.0005621  max_dA_fwd=-1.557e-05
  [shape] epoch   9750  rmse=0.006974  max_abs_dA=0.01151  int_signed_dA=2.152e-11  int_abs_dA=3.04e-11  A_min=0.0002341  max_dA_fwd=-1.489e-05
  [shape] epoch  10000  rmse=0.007497  max_abs_dA=0.01275  int_signed_dA=2.802e-11  int_abs_dA=3.11e-11  A_min=0.0004304  max_dA_fwd=-1.515e-05
  [shape] epoch  10250  rmse=0.007073  max_abs_dA=0.01207  int_signed_dA=2.754e-11  int_abs_dA=2.917e-11  A_min=0.0002629  max_dA_fwd=-1.448e-05
  [shape] epoch  10500  rmse=0.006706  max_abs_dA=0.0115  int_signed_dA=2.514e-11  int_abs_dA=2.766e-11  A_min=0.0001447  max_dA_fwd=-1.411e-05
  [shape] epoch  10750  rmse=0.006011  max_abs_dA=0.009345  int_signed_dA=1.303e-11  int_abs_dA=2.654e-11  A_min=-0.0001936  max_dA_fwd=-1.306e-05
  [shape] epoch  11000  rmse=0.005326  max_abs_dA=0.00893  int_signed_dA=1.487e-11  int_abs_dA=2.273e-11  A_min=-0.0004428  max_dA_fwd=-1.255e-05
  [shape] epoch  11250  rmse=0.005991  max_abs_dA=0.01038  int_signed_dA=2.145e-11  int_abs_dA=2.464e-11  A_min=-0.0001428  max_dA_fwd=-1.301e-05
  [shape] epoch  11500  rmse=0.005348  max_abs_dA=0.008397  int_signed_dA=1.088e-11  int_abs_dA=2.344e-11  A_min=-0.0004674  max_dA_fwd=-1.216e-05
  [shape] epoch  11750  rmse=0.00587  max_abs_dA=0.01021  int_signed_dA=2.095e-11  int_abs_dA=2.412e-11  A_min=-0.0001319  max_dA_fwd=-1.266e-05
  [shape] epoch  12000  rmse=0.005807  max_abs_dA=0.01014  int_signed_dA=2.052e-11  int_abs_dA=2.379e-11  A_min=-0.0002327  max_dA_fwd=-1.256e-05
  [shape] epoch  12250  rmse=0.005931  max_abs_dA=0.01033  int_signed_dA=2.301e-11  int_abs_dA=2.43e-11  A_min=-0.0001751  max_dA_fwd=-1.236e-05
  [shape] epoch  12500  rmse=0.005444  max_abs_dA=0.009433  int_signed_dA=1.668e-11  int_abs_dA=2.27e-11  A_min=-0.0004036  max_dA_fwd=-1.202e-05
  [shape] epoch  12750  rmse=0.005098  max_abs_dA=0.00892  int_signed_dA=1.629e-11  int_abs_dA=2.1e-11  A_min=-0.0004152  max_dA_fwd=-1.156e-05
  [shape] epoch  13000  rmse=0.004917  max_abs_dA=0.008666  int_signed_dA=1.614e-11  int_abs_dA=2.019e-11  A_min=-0.0005228  max_dA_fwd=-1.131e-05
  [shape] epoch  13250  rmse=0.004893  max_abs_dA=0.008661  int_signed_dA=1.638e-11  int_abs_dA=2.004e-11  A_min=-0.0005812  max_dA_fwd=-1.122e-05
  [shape] epoch  13500  rmse=0.004919  max_abs_dA=0.008737  int_signed_dA=1.665e-11  int_abs_dA=2.01e-11  A_min=-0.0005605  max_dA_fwd=-1.116e-05
  [shape] epoch  13750  rmse=0.004692  max_abs_dA=0.008352  int_signed_dA=1.53e-11  int_abs_dA=1.92e-11  A_min=-0.0007513  max_dA_fwd=-1.088e-05
  [shape] epoch  14000  rmse=0.005451  max_abs_dA=0.009722  int_signed_dA=2.055e-11  int_abs_dA=2.199e-11  A_min=-0.00054  max_dA_fwd=-1.126e-05
  [shape] epoch  14250  rmse=0.004425  max_abs_dA=0.007912  int_signed_dA=1.392e-11  int_abs_dA=1.813e-11  A_min=-0.0008834  max_dA_fwd=-1.049e-05
  [shape] epoch  14500  rmse=0.004435  max_abs_dA=0.007957  int_signed_dA=1.4e-11  int_abs_dA=1.813e-11  A_min=-0.0008793  max_dA_fwd=-1.042e-05
  [shape] epoch  14750  rmse=0.005008  max_abs_dA=0.008852  int_signed_dA=1.916e-11  int_abs_dA=2.06e-11  A_min=-0.0008919  max_dA_fwd=-1.058e-05
  [shape] epoch  15000  rmse=0.004097  max_abs_dA=0.007335  int_signed_dA=1.169e-11  int_abs_dA=1.689e-11  A_min=-0.001112  max_dA_fwd=-1.002e-05
  [shape] epoch  15250  rmse=0.004203  max_abs_dA=0.00762  int_signed_dA=1.302e-11  int_abs_dA=1.717e-11  A_min=-0.001096  max_dA_fwd=-1.004e-05
  [shape] epoch  15500  rmse=0.00437  max_abs_dA=0.00798  int_signed_dA=1.426e-11  int_abs_dA=1.774e-11  A_min=-0.001264  max_dA_fwd=-1.019e-05
  [shape] epoch  15750  rmse=0.004004  max_abs_dA=0.007288  int_signed_dA=1.185e-11  int_abs_dA=1.645e-11  A_min=-0.001352  max_dA_fwd=-9.824e-06
  [shape] epoch  16000  rmse=0.003816  max_abs_dA=0.006909  int_signed_dA=1.011e-11  int_abs_dA=1.577e-11  A_min=-0.001437  max_dA_fwd=-9.596e-06
  [shape] epoch  16250  rmse=0.003847  max_abs_dA=0.006999  int_signed_dA=1.073e-11  int_abs_dA=1.585e-11  A_min=-0.001377  max_dA_fwd=-9.55e-06
  [shape] epoch  16500  rmse=0.00404  max_abs_dA=0.007408  int_signed_dA=1.282e-11  int_abs_dA=1.66e-11  A_min=-0.001461  max_dA_fwd=-9.6e-06
  [shape] epoch  16750  rmse=0.004284  max_abs_dA=0.007915  int_signed_dA=1.417e-11  int_abs_dA=1.73e-11  A_min=-0.001391  max_dA_fwd=-9.774e-06
  [shape] epoch  17000  rmse=0.003351  max_abs_dA=0.00644  int_signed_dA=2.913e-12  int_abs_dA=1.464e-11  A_min=-0.001852  max_dA_fwd=-8.751e-06
  [shape] epoch  17250  rmse=0.004109  max_abs_dA=0.007637  int_signed_dA=1.187e-11  int_abs_dA=1.66e-11  A_min=-0.001548  max_dA_fwd=-9.682e-06
  [shape] epoch  17500  rmse=0.003502  max_abs_dA=0.006421  int_signed_dA=8.909e-12  int_abs_dA=1.458e-11  A_min=-0.001744  max_dA_fwd=-9.07e-06
  [shape] epoch  17750  rmse=0.003965  max_abs_dA=0.007334  int_signed_dA=1.283e-11  int_abs_dA=1.619e-11  A_min=-0.001567  max_dA_fwd=-9.283e-06
  [shape] epoch  18000  rmse=0.003548  max_abs_dA=0.006545  int_signed_dA=9.416e-12  int_abs_dA=1.471e-11  A_min=-0.001728  max_dA_fwd=-9.024e-06
  [shape] epoch  18250  rmse=0.003573  max_abs_dA=0.006634  int_signed_dA=1.018e-11  int_abs_dA=1.478e-11  A_min=-0.001803  max_dA_fwd=-8.982e-06
  [shape] epoch  18500  rmse=0.003386  max_abs_dA=0.006119  int_signed_dA=6.969e-12  int_abs_dA=1.422e-11  A_min=-0.001846  max_dA_fwd=-8.831e-06
  [shape] epoch  18750  rmse=0.003186  max_abs_dA=0.005733  int_signed_dA=6.21e-12  int_abs_dA=1.347e-11  A_min=-0.001941  max_dA_fwd=-8.61e-06
  [shape] epoch  19000  rmse=0.003794  max_abs_dA=0.007092  int_signed_dA=1.148e-11  int_abs_dA=1.537e-11  A_min=-0.001564  max_dA_fwd=-9.077e-06
  [shape] epoch  19250  rmse=0.003148  max_abs_dA=0.005764  int_signed_dA=6.842e-12  int_abs_dA=1.327e-11  A_min=-0.001978  max_dA_fwd=-8.493e-06
  [shape] epoch  19500  rmse=0.003847  max_abs_dA=0.007202  int_signed_dA=1.224e-11  int_abs_dA=1.552e-11  A_min=-0.001633  max_dA_fwd=-8.987e-06
  [shape] epoch  19750  rmse=0.003447  max_abs_dA=0.006441  int_signed_dA=9.606e-12  int_abs_dA=1.423e-11  A_min=-0.001885  max_dA_fwd=-8.673e-06
  [shape] epoch  20000  rmse=0.003084  max_abs_dA=0.005672  int_signed_dA=6.807e-12  int_abs_dA=1.298e-11  A_min=-0.001945  max_dA_fwd=-8.375e-06
  [shape] epoch  20250  rmse=0.003307  max_abs_dA=0.006191  int_signed_dA=8.826e-12  int_abs_dA=1.365e-11  A_min=-0.001865  max_dA_fwd=-8.529e-06
  [shape] epoch  20500  rmse=0.003042  max_abs_dA=0.005633  int_signed_dA=7.218e-12  int_abs_dA=1.278e-11  A_min=-0.001949  max_dA_fwd=-8.237e-06
  [shape] epoch  20750  rmse=0.003029  max_abs_dA=0.005615  int_signed_dA=7.216e-12  int_abs_dA=1.272e-11  A_min=-0.001959  max_dA_fwd=-8.21e-06
  [shape] epoch  21000  rmse=0.002934  max_abs_dA=0.005352  int_signed_dA=5.812e-12  int_abs_dA=1.24e-11  A_min=-0.001926  max_dA_fwd=-8.12e-06
  [shape] epoch  21250  rmse=0.003204  max_abs_dA=0.006004  int_signed_dA=7.925e-12  int_abs_dA=1.316e-11  A_min=-0.001803  max_dA_fwd=-8.316e-06
  [shape] epoch  21500  rmse=0.003285  max_abs_dA=0.006172  int_signed_dA=9.061e-12  int_abs_dA=1.347e-11  A_min=-0.001844  max_dA_fwd=-8.375e-06
  [shape] epoch  21750  rmse=0.002965  max_abs_dA=0.005498  int_signed_dA=6.665e-12  int_abs_dA=1.236e-11  A_min=-0.001801  max_dA_fwd=-8.057e-06
  [shape] epoch  22000  rmse=0.002874  max_abs_dA=0.005335  int_signed_dA=6.717e-12  int_abs_dA=1.203e-11  A_min=-0.001855  max_dA_fwd=-7.913e-06
  [shape] epoch  22250  rmse=0.002871  max_abs_dA=0.0053  int_signed_dA=6.327e-12  int_abs_dA=1.198e-11  A_min=-0.001705  max_dA_fwd=-7.925e-06
  [shape] epoch  22500  rmse=0.003361  max_abs_dA=0.006229  int_signed_dA=1.054e-11  int_abs_dA=1.387e-11  A_min=-0.001753  max_dA_fwd=-8.128e-06
  [shape] epoch  22750  rmse=0.002819  max_abs_dA=0.005232  int_signed_dA=7.03e-12  int_abs_dA=1.182e-11  A_min=-0.001828  max_dA_fwd=-7.777e-06
  [shape] epoch  23000  rmse=0.002666  max_abs_dA=0.004881  int_signed_dA=5.558e-12  int_abs_dA=1.126e-11  A_min=-0.001758  max_dA_fwd=-7.655e-06
  [shape] epoch  23250  rmse=0.002629  max_abs_dA=0.004839  int_signed_dA=5.755e-12  int_abs_dA=1.112e-11  A_min=-0.001837  max_dA_fwd=-7.57e-06
  [shape] epoch  23500  rmse=0.002631  max_abs_dA=0.004855  int_signed_dA=5.907e-12  int_abs_dA=1.108e-11  A_min=-0.001771  max_dA_fwd=-7.573e-06
  [shape] epoch  23750  rmse=0.002699  max_abs_dA=0.005015  int_signed_dA=6.403e-12  int_abs_dA=1.127e-11  A_min=-0.001773  max_dA_fwd=-7.6e-06
  [shape] epoch  24000  rmse=0.002505  max_abs_dA=0.004555  int_signed_dA=4.735e-12  int_abs_dA=1.062e-11  A_min=-0.001735  max_dA_fwd=-7.407e-06
  [shape] epoch  24250  rmse=0.002465  max_abs_dA=0.004514  int_signed_dA=5.306e-12  int_abs_dA=1.046e-11  A_min=-0.001747  max_dA_fwd=-7.331e-06
  [shape] epoch  24500  rmse=0.002531  max_abs_dA=0.004666  int_signed_dA=5.994e-12  int_abs_dA=1.064e-11  A_min=-0.001641  max_dA_fwd=-7.39e-06
  [shape] epoch  24750  rmse=0.00241  max_abs_dA=0.00441  int_signed_dA=5.333e-12  int_abs_dA=1.021e-11  A_min=-0.001633  max_dA_fwd=-7.184e-06
  [shape] epoch  25000  rmse=0.002242  max_abs_dA=0.004238  int_signed_dA=4.415e-13  int_abs_dA=1.007e-11  A_min=-0.001743  max_dA_fwd=-6.877e-06
  [shape] epoch  25250  rmse=0.002355  max_abs_dA=0.004061  int_signed_dA=3.024e-12  int_abs_dA=1.04e-11  A_min=-0.001622  max_dA_fwd=-7.115e-06
  [shape] epoch  25500  rmse=0.00225  max_abs_dA=0.004075  int_signed_dA=4.428e-12  int_abs_dA=9.59e-12  A_min=-0.00161  max_dA_fwd=-7.019e-06
  [shape] epoch  25750  rmse=0.002906  max_abs_dA=0.005317  int_signed_dA=9.374e-12  int_abs_dA=1.208e-11  A_min=-0.001435  max_dA_fwd=-7.426e-06
  [shape] epoch  26000  rmse=0.0023  max_abs_dA=0.004208  int_signed_dA=5.068e-12  int_abs_dA=9.72e-12  A_min=-0.001583  max_dA_fwd=-7.052e-06
  [shape] epoch  26250  rmse=0.002366  max_abs_dA=0.004357  int_signed_dA=5.923e-12  int_abs_dA=9.91e-12  A_min=-0.00155  max_dA_fwd=-7.071e-06
  [shape] epoch  26500  rmse=0.002505  max_abs_dA=0.004593  int_signed_dA=7.286e-12  int_abs_dA=1.044e-11  A_min=-0.00142  max_dA_fwd=-7.122e-06
  [shape] epoch  26750  rmse=0.002095  max_abs_dA=0.003752  int_signed_dA=3.942e-12  int_abs_dA=8.981e-12  A_min=-0.001527  max_dA_fwd=-6.813e-06
  [shape] epoch  27000  rmse=0.002268  max_abs_dA=0.004171  int_signed_dA=5.554e-12  int_abs_dA=9.475e-12  A_min=-0.001435  max_dA_fwd=-6.948e-06
  [shape] epoch  27250  rmse=0.002088  max_abs_dA=0.003784  int_signed_dA=4.495e-12  int_abs_dA=8.868e-12  A_min=-0.001451  max_dA_fwd=-6.765e-06
  [shape] epoch  27500  rmse=0.002113  max_abs_dA=0.003833  int_signed_dA=4.428e-12  int_abs_dA=8.94e-12  A_min=-0.00142  max_dA_fwd=-6.81e-06
  [shape] epoch  27750  rmse=0.002072  max_abs_dA=0.003757  int_signed_dA=4.541e-12  int_abs_dA=8.785e-12  A_min=-0.001419  max_dA_fwd=-6.743e-06
  [shape] epoch  28000  rmse=0.002715  max_abs_dA=0.004713  int_signed_dA=9.126e-12  int_abs_dA=1.181e-11  A_min=-0.001343  max_dA_fwd=-6.953e-06
  [shape] epoch  28250  rmse=0.001959  max_abs_dA=0.003479  int_signed_dA=3.456e-12  int_abs_dA=8.392e-12  A_min=-0.00136  max_dA_fwd=-6.626e-06
  [shape] epoch  28500  rmse=0.002075  max_abs_dA=0.003772  int_signed_dA=5.218e-12  int_abs_dA=8.729e-12  A_min=-0.001325  max_dA_fwd=-6.678e-06
  [shape] epoch  28750  rmse=0.00223  max_abs_dA=0.004011  int_signed_dA=6.559e-12  int_abs_dA=9.434e-12  A_min=-0.001288  max_dA_fwd=-6.724e-06
  [shape] epoch  29000  rmse=0.002004  max_abs_dA=0.003638  int_signed_dA=4.845e-12  int_abs_dA=8.444e-12  A_min=-0.00132  max_dA_fwd=-6.61e-06
  [shape] epoch  29250  rmse=0.002191  max_abs_dA=0.004008  int_signed_dA=6.059e-12  int_abs_dA=9.068e-12  A_min=-0.001292  max_dA_fwd=-6.76e-06
  [shape] epoch  29500  rmse=0.001978  max_abs_dA=0.003581  int_signed_dA=4.16e-12  int_abs_dA=8.301e-12  A_min=-0.001256  max_dA_fwd=-6.608e-06
  [shape] epoch  29750  rmse=0.00177  max_abs_dA=0.002858  int_signed_dA=1.422e-12  int_abs_dA=7.958e-12  A_min=-0.001224  max_dA_fwd=-6.284e-06
  [shape] epoch  30000  rmse=0.001903  max_abs_dA=0.003446  int_signed_dA=4.488e-12  int_abs_dA=7.997e-12  A_min=-0.001211  max_dA_fwd=-6.487e-06
  [shape] epoch  30250  rmse=0.001889  max_abs_dA=0.003415  int_signed_dA=4.461e-12  int_abs_dA=7.95e-12  A_min=-0.001223  max_dA_fwd=-6.481e-06
  [shape] epoch  30500  rmse=0.001823  max_abs_dA=0.003281  int_signed_dA=4.025e-12  int_abs_dA=7.709e-12  A_min=-0.001212  max_dA_fwd=-6.409e-06
  [shape] epoch  30750  rmse=0.001642  max_abs_dA=0.002627  int_signed_dA=1.067e-12  int_abs_dA=7.384e-12  A_min=-0.001317  max_dA_fwd=-6.209e-06
  [shape] epoch  31000  rmse=0.001911  max_abs_dA=0.003465  int_signed_dA=4.871e-12  int_abs_dA=7.968e-12  A_min=-0.001167  max_dA_fwd=-6.463e-06
  [shape] epoch  31250  rmse=0.00176  max_abs_dA=0.003162  int_signed_dA=4.002e-12  int_abs_dA=7.432e-12  A_min=-0.001172  max_dA_fwd=-6.345e-06
  [shape] epoch  31500  rmse=0.001773  max_abs_dA=0.003189  int_signed_dA=4.14e-12  int_abs_dA=7.479e-12  A_min=-0.001155  max_dA_fwd=-6.341e-06
  [shape] epoch  31750  rmse=0.001662  max_abs_dA=0.00293  int_signed_dA=2.964e-12  int_abs_dA=7.13e-12  A_min=-0.001162  max_dA_fwd=-6.239e-06
  [shape] epoch  32000  rmse=0.001719  max_abs_dA=0.003087  int_signed_dA=3.773e-12  int_abs_dA=7.25e-12  A_min=-0.001097  max_dA_fwd=-6.307e-06
  [shape] epoch  32250  rmse=0.00173  max_abs_dA=0.003112  int_signed_dA=4.003e-12  int_abs_dA=7.283e-12  A_min=-0.001096  max_dA_fwd=-6.305e-06
  [shape] epoch  32500  rmse=0.001712  max_abs_dA=0.003076  int_signed_dA=3.952e-12  int_abs_dA=7.204e-12  A_min=-0.001109  max_dA_fwd=-6.288e-06
  [shape] epoch  32750  rmse=0.001613  max_abs_dA=0.002851  int_signed_dA=2.976e-12  int_abs_dA=6.896e-12  A_min=-0.001108  max_dA_fwd=-6.185e-06
  [shape] epoch  33000  rmse=0.001668  max_abs_dA=0.002994  int_signed_dA=3.625e-12  int_abs_dA=7.019e-12  A_min=-0.001032  max_dA_fwd=-6.239e-06
  [shape] epoch  33250  rmse=0.001771  max_abs_dA=0.003185  int_signed_dA=4.8e-12  int_abs_dA=7.394e-12  A_min=-0.001034  max_dA_fwd=-6.284e-06
  [shape] epoch  33500  rmse=0.002601  max_abs_dA=0.004294  int_signed_dA=9.621e-12  int_abs_dA=1.154e-11  A_min=-0.0009438  max_dA_fwd=-6.612e-06
  [shape] epoch  33750  rmse=0.001732  max_abs_dA=0.003085  int_signed_dA=4.902e-12  int_abs_dA=7.335e-12  A_min=-0.0009723  max_dA_fwd=-6.205e-06
  [shape] epoch  34000  rmse=0.00157  max_abs_dA=0.002653  int_signed_dA=1.924e-12  int_abs_dA=7.035e-12  A_min=-0.001051  max_dA_fwd=-6.106e-06
  [shape] epoch  34250  rmse=0.001498  max_abs_dA=0.002607  int_signed_dA=2.372e-12  int_abs_dA=6.5e-12  A_min=-0.001024  max_dA_fwd=-6.049e-06
  [shape] epoch  34500  rmse=0.001576  max_abs_dA=0.002825  int_signed_dA=3.583e-12  int_abs_dA=6.627e-12  A_min=-0.0009873  max_dA_fwd=-6.127e-06
  [shape] epoch  34750  rmse=0.001569  max_abs_dA=0.002811  int_signed_dA=3.378e-12  int_abs_dA=6.583e-12  A_min=-0.0009628  max_dA_fwd=-6.121e-06
  [shape] epoch  35000  rmse=0.001658  max_abs_dA=0.002984  int_signed_dA=4.303e-12  int_abs_dA=6.864e-12  A_min=-0.0009605  max_dA_fwd=-6.171e-06
  [shape] epoch  35250  rmse=0.001548  max_abs_dA=0.002775  int_signed_dA=3.649e-12  int_abs_dA=6.488e-12  A_min=-0.0009523  max_dA_fwd=-6.082e-06
  [shape] epoch  35500  rmse=0.001571  max_abs_dA=0.002819  int_signed_dA=3.926e-12  int_abs_dA=6.561e-12  A_min=-0.0009393  max_dA_fwd=-6.089e-06
  [shape] epoch  35750  rmse=0.001601  max_abs_dA=0.002876  int_signed_dA=4.247e-12  int_abs_dA=6.645e-12  A_min=-0.0009138  max_dA_fwd=-6.102e-06
  [shape] epoch  36000  rmse=0.001453  max_abs_dA=0.002592  int_signed_dA=3.113e-12  int_abs_dA=6.151e-12  A_min=-0.0009213  max_dA_fwd=-5.981e-06
  [shape] epoch  36250  rmse=0.001379  max_abs_dA=0.002421  int_signed_dA=2.448e-12  int_abs_dA=5.947e-12  A_min=-0.0009327  max_dA_fwd=-5.917e-06
  [shape] epoch  36500  rmse=0.001569  max_abs_dA=0.002801  int_signed_dA=4.288e-12  int_abs_dA=6.561e-12  A_min=-0.0009008  max_dA_fwd=-6.059e-06
  [shape] epoch  36750  rmse=0.001433  max_abs_dA=0.00253  int_signed_dA=2.603e-12  int_abs_dA=6.173e-12  A_min=-0.0008838  max_dA_fwd=-5.943e-06
  [shape] epoch  37000  rmse=0.001515  max_abs_dA=0.002719  int_signed_dA=3.926e-12  int_abs_dA=6.29e-12  A_min=-0.0008543  max_dA_fwd=-6.002e-06
  [shape] epoch  37250  rmse=0.001405  max_abs_dA=0.002469  int_signed_dA=2.413e-12  int_abs_dA=6.088e-12  A_min=-0.0008945  max_dA_fwd=-5.934e-06
  [shape] epoch  37500  rmse=0.002178  max_abs_dA=0.00362  int_signed_dA=8.008e-12  int_abs_dA=9.649e-12  A_min=-0.0007639  max_dA_fwd=-6.306e-06
  [shape] epoch  37750  rmse=0.00149  max_abs_dA=0.002675  int_signed_dA=3.885e-12  int_abs_dA=6.167e-12  A_min=-0.0008363  max_dA_fwd=-5.982e-06
  [shape] epoch  38000  rmse=0.001436  max_abs_dA=0.002579  int_signed_dA=3.485e-12  int_abs_dA=5.979e-12  A_min=-0.0008391  max_dA_fwd=-5.946e-06
  [shape] epoch  38250  rmse=0.001391  max_abs_dA=0.002486  int_signed_dA=2.872e-12  int_abs_dA=5.875e-12  A_min=-0.0008352  max_dA_fwd=-5.915e-06
  [shape] epoch  38500  rmse=0.001414  max_abs_dA=0.002541  int_signed_dA=3.318e-12  int_abs_dA=5.882e-12  A_min=-0.00082  max_dA_fwd=-5.924e-06
  [shape] epoch  38750  rmse=0.001349  max_abs_dA=0.002399  int_signed_dA=2.633e-12  int_abs_dA=5.738e-12  A_min=-0.0008305  max_dA_fwd=-5.862e-06
  [shape] epoch  39000  rmse=0.001388  max_abs_dA=0.002494  int_signed_dA=3.315e-12  int_abs_dA=5.78e-12  A_min=-0.0008083  max_dA_fwd=-5.896e-06
  [shape] epoch  39250  rmse=0.001384  max_abs_dA=0.002486  int_signed_dA=3.304e-12  int_abs_dA=5.752e-12  A_min=-0.0008006  max_dA_fwd=-5.883e-06
  [shape] epoch  39500  rmse=0.001383  max_abs_dA=0.00249  int_signed_dA=3.375e-12  int_abs_dA=5.725e-12  A_min=-0.0007714  max_dA_fwd=-5.875e-06
  [shape] epoch  39750  rmse=0.001354  max_abs_dA=0.002431  int_signed_dA=3.125e-12  int_abs_dA=5.639e-12  A_min=-0.0007846  max_dA_fwd=-5.849e-06
  [shape] epoch  40000  rmse=0.001375  max_abs_dA=0.002475  int_signed_dA=3.438e-12  int_abs_dA=5.683e-12  A_min=-0.0007636  max_dA_fwd=-5.861e-06
  [shape] epoch  40250  rmse=0.0012  max_abs_dA=0.002073  int_signed_dA=1.656e-12  int_abs_dA=5.261e-12  A_min=-0.0007941  max_dA_fwd=-5.677e-06
  [shape] epoch  40500  rmse=0.001449  max_abs_dA=0.002601  int_signed_dA=4.106e-12  int_abs_dA=5.908e-12  A_min=-0.0007109  max_dA_fwd=-5.894e-06
  [shape] epoch  40750  rmse=0.001401  max_abs_dA=0.002515  int_signed_dA=3.834e-12  int_abs_dA=5.729e-12  A_min=-0.0007194  max_dA_fwd=-5.849e-06
  [shape] epoch  41000  rmse=0.00164  max_abs_dA=0.002668  int_signed_dA=5.664e-12  int_abs_dA=7.36e-12  A_min=-0.0007174  max_dA_fwd=-5.877e-06
  [shape] epoch  41250  rmse=0.001257  max_abs_dA=0.002197  int_signed_dA=2.001e-12  int_abs_dA=5.529e-12  A_min=-0.0007471  max_dA_fwd=-5.728e-06
  [shape] epoch  41500  rmse=0.001307  max_abs_dA=0.002355  int_signed_dA=3.089e-12  int_abs_dA=5.417e-12  A_min=-0.0007083  max_dA_fwd=-5.78e-06
  [shape] epoch  41750  rmse=0.001268  max_abs_dA=0.002276  int_signed_dA=3.135e-12  int_abs_dA=5.302e-12  A_min=-0.0007131  max_dA_fwd=-5.726e-06
  [shape] epoch  42000  rmse=0.001322  max_abs_dA=0.002373  int_signed_dA=3.514e-12  int_abs_dA=5.437e-12  A_min=-0.0006997  max_dA_fwd=-5.765e-06
  [shape] epoch  42250  rmse=0.001312  max_abs_dA=0.002359  int_signed_dA=3.443e-12  int_abs_dA=5.386e-12  A_min=-0.0006871  max_dA_fwd=-5.755e-06
  [shape] epoch  42500  rmse=0.001285  max_abs_dA=0.002314  int_signed_dA=3.26e-12  int_abs_dA=5.29e-12  A_min=-0.0006828  max_dA_fwd=-5.73e-06
  [shape] epoch  42750  rmse=0.001311  max_abs_dA=0.002353  int_signed_dA=3.58e-12  int_abs_dA=5.38e-12  A_min=-0.0006661  max_dA_fwd=-5.738e-06
  [shape] epoch  43000  rmse=0.001264  max_abs_dA=0.002277  int_signed_dA=3.218e-12  int_abs_dA=5.209e-12  A_min=-0.0006642  max_dA_fwd=-5.705e-06
  [shape] epoch  43250  rmse=0.001523  max_abs_dA=0.002603  int_signed_dA=5.182e-12  int_abs_dA=6.671e-12  A_min=-0.0006108  max_dA_fwd=-5.808e-06
  [shape] epoch  43500  rmse=0.001283  max_abs_dA=0.002304  int_signed_dA=3.53e-12  int_abs_dA=5.275e-12  A_min=-0.0006337  max_dA_fwd=-5.697e-06
  [shape] epoch  43750  rmse=0.001248  max_abs_dA=0.002249  int_signed_dA=3.219e-12  int_abs_dA=5.128e-12  A_min=-0.0006353  max_dA_fwd=-5.669e-06
  [shape] epoch  44000  rmse=0.001181  max_abs_dA=0.002125  int_signed_dA=2.609e-12  int_abs_dA=4.959e-12  A_min=-0.0006435  max_dA_fwd=-5.613e-06
  [shape] epoch  44250  rmse=0.001261  max_abs_dA=0.00227  int_signed_dA=3.457e-12  int_abs_dA=5.156e-12  A_min=-0.0005998  max_dA_fwd=-5.657e-06
  [shape] epoch  44500  rmse=0.001125  max_abs_dA=0.001868  int_signed_dA=1.009e-12  int_abs_dA=5.101e-12  A_min=-0.0006379  max_dA_fwd=-5.488e-06
  [shape] epoch  44750  rmse=0.001263  max_abs_dA=0.002261  int_signed_dA=3.593e-12  int_abs_dA=5.2e-12  A_min=-0.0005998  max_dA_fwd=-5.645e-06
  [shape] epoch  45000  rmse=0.001087  max_abs_dA=0.001926  int_signed_dA=1.838e-12  int_abs_dA=4.71e-12  A_min=-0.0006367  max_dA_fwd=-5.503e-06
  [shape] epoch  45250  rmse=0.001195  max_abs_dA=0.002157  int_signed_dA=2.829e-12  int_abs_dA=4.96e-12  A_min=-0.0005873  max_dA_fwd=-5.595e-06
  [shape] epoch  45500  rmse=0.001178  max_abs_dA=0.002127  int_signed_dA=2.936e-12  int_abs_dA=4.861e-12  A_min=-0.0005913  max_dA_fwd=-5.574e-06
  [shape] epoch  45750  rmse=0.001154  max_abs_dA=0.002086  int_signed_dA=2.829e-12  int_abs_dA=4.786e-12  A_min=-0.0005781  max_dA_fwd=-5.542e-06
  [shape] epoch  46000  rmse=0.001217  max_abs_dA=0.002184  int_signed_dA=3.479e-12  int_abs_dA=5.001e-12  A_min=-0.000546  max_dA_fwd=-5.571e-06
  [shape] epoch  46250  rmse=0.00152  max_abs_dA=0.002553  int_signed_dA=5.476e-12  int_abs_dA=6.724e-12  A_min=-0.0004778  max_dA_fwd=-5.694e-06
  [shape] epoch  46500  rmse=0.001218  max_abs_dA=0.002157  int_signed_dA=3.694e-12  int_abs_dA=5.13e-12  A_min=-0.0005297  max_dA_fwd=-5.534e-06
  [shape] epoch  46750  rmse=0.001161  max_abs_dA=0.0021  int_signed_dA=3.024e-12  int_abs_dA=4.764e-12  A_min=-0.0005391  max_dA_fwd=-5.524e-06
  [shape] epoch  47000  rmse=0.001309  max_abs_dA=0.002288  int_signed_dA=4.298e-12  int_abs_dA=5.609e-12  A_min=-0.0004891  max_dA_fwd=-5.574e-06
  [shape] epoch  47250  rmse=0.001133  max_abs_dA=0.002053  int_signed_dA=2.826e-12  int_abs_dA=4.677e-12  A_min=-0.0005175  max_dA_fwd=-5.486e-06
  [shape] epoch  47500  rmse=0.001175  max_abs_dA=0.002114  int_signed_dA=3.317e-12  int_abs_dA=4.791e-12  A_min=-0.0005115  max_dA_fwd=-5.505e-06
  [shape] epoch  47750  rmse=0.00111  max_abs_dA=0.002008  int_signed_dA=2.576e-12  int_abs_dA=4.629e-12  A_min=-0.0005116  max_dA_fwd=-5.459e-06
  [shape] epoch  48000  rmse=0.001111  max_abs_dA=0.002014  int_signed_dA=2.711e-12  int_abs_dA=4.601e-12  A_min=-0.0005018  max_dA_fwd=-5.451e-06
  [shape] epoch  48250  rmse=0.001115  max_abs_dA=0.002021  int_signed_dA=2.79e-12  int_abs_dA=4.599e-12  A_min=-0.0004945  max_dA_fwd=-5.449e-06
  [shape] epoch  48500  rmse=0.001118  max_abs_dA=0.002026  int_signed_dA=2.917e-12  int_abs_dA=4.586e-12  A_min=-0.0004849  max_dA_fwd=-5.442e-06
  [shape] epoch  48750  rmse=0.001128  max_abs_dA=0.002041  int_signed_dA=3.075e-12  int_abs_dA=4.601e-12  A_min=-0.0004722  max_dA_fwd=-5.438e-06
  [shape] epoch  49000  rmse=0.001122  max_abs_dA=0.002031  int_signed_dA=3.035e-12  int_abs_dA=4.573e-12  A_min=-0.0004648  max_dA_fwd=-5.429e-06
  [shape] epoch  49250  rmse=0.001118  max_abs_dA=0.002023  int_signed_dA=3.077e-12  int_abs_dA=4.555e-12  A_min=-0.0004557  max_dA_fwd=-5.416e-06
  [shape] epoch  49500  rmse=0.001091  max_abs_dA=0.001979  int_signed_dA=2.819e-12  int_abs_dA=4.479e-12  A_min=-0.0004566  max_dA_fwd=-5.393e-06
  [shape] epoch  49750  rmse=0.001022  max_abs_dA=0.001806  int_signed_dA=1.673e-12  int_abs_dA=4.494e-12  A_min=-0.0004718  max_dA_fwd=-5.318e-06
  [shape] epoch  50000  rmse=0.001097  max_abs_dA=0.001987  int_signed_dA=2.929e-12  int_abs_dA=4.476e-12  A_min=-0.0004431  max_dA_fwd=-5.386e-06
  [shape] epoch  50250  rmse=0.001048  max_abs_dA=0.001896  int_signed_dA=2.362e-12  int_abs_dA=4.396e-12  A_min=-0.0004526  max_dA_fwd=-5.346e-06
  [shape] epoch  50500  rmse=0.001045  max_abs_dA=0.0019  int_signed_dA=2.57e-12  int_abs_dA=4.333e-12  A_min=-0.0004323  max_dA_fwd=-5.33e-06
  [shape] epoch  50750  rmse=0.001076  max_abs_dA=0.001954  int_signed_dA=2.892e-12  int_abs_dA=4.396e-12  A_min=-0.0004176  max_dA_fwd=-5.347e-06
  [shape] epoch  51000  rmse=0.001049  max_abs_dA=0.001908  int_signed_dA=2.644e-12  int_abs_dA=4.329e-12  A_min=-0.0004167  max_dA_fwd=-5.322e-06
  [shape] epoch  51250  rmse=0.001024  max_abs_dA=0.001843  int_signed_dA=2.101e-12  int_abs_dA=4.381e-12  A_min=-0.0004273  max_dA_fwd=-5.299e-06
  [shape] epoch  51500  rmse=0.001078  max_abs_dA=0.001957  int_signed_dA=2.954e-12  int_abs_dA=4.382e-12  A_min=-0.0003921  max_dA_fwd=-5.33e-06
  [shape] epoch  51750  rmse=0.001062  max_abs_dA=0.00193  int_signed_dA=2.851e-12  int_abs_dA=4.334e-12  A_min=-0.0003908  max_dA_fwd=-5.313e-06
  [shape] epoch  52000  rmse=0.001041  max_abs_dA=0.001895  int_signed_dA=2.668e-12  int_abs_dA=4.284e-12  A_min=-0.000389  max_dA_fwd=-5.293e-06
  [shape] epoch  52250  rmse=0.001049  max_abs_dA=0.001908  int_signed_dA=2.822e-12  int_abs_dA=4.285e-12  A_min=-0.0003819  max_dA_fwd=-5.291e-06
  [shape] epoch  52500  rmse=0.001046  max_abs_dA=0.001902  int_signed_dA=2.822e-12  int_abs_dA=4.271e-12  A_min=-0.0003764  max_dA_fwd=-5.283e-06
  [shape] epoch  52750  rmse=0.00104  max_abs_dA=0.001891  int_signed_dA=2.805e-12  int_abs_dA=4.247e-12  A_min=-0.0003716  max_dA_fwd=-5.272e-06
  [shape] epoch  53000  rmse=0.001044  max_abs_dA=0.001897  int_signed_dA=2.873e-12  int_abs_dA=4.247e-12  A_min=-0.0003628  max_dA_fwd=-5.267e-06
  [shape] epoch  53250  rmse=0.00104  max_abs_dA=0.00189  int_signed_dA=2.853e-12  int_abs_dA=4.232e-12  A_min=-0.0003577  max_dA_fwd=-5.259e-06
  [shape] epoch  53500  rmse=0.001025  max_abs_dA=0.001866  int_signed_dA=2.719e-12  int_abs_dA=4.192e-12  A_min=-0.0003534  max_dA_fwd=-5.244e-06
  [shape] epoch  53750  rmse=0.001044  max_abs_dA=0.001893  int_signed_dA=2.967e-12  int_abs_dA=4.226e-12  A_min=-0.0003431  max_dA_fwd=-5.248e-06
  [shape] epoch  54000  rmse=0.001046  max_abs_dA=0.001895  int_signed_dA=3.072e-12  int_abs_dA=4.234e-12  A_min=-0.000329  max_dA_fwd=-5.236e-06
  [shape] epoch  54250  rmse=0.001021  max_abs_dA=0.001858  int_signed_dA=2.817e-12  int_abs_dA=4.154e-12  A_min=-0.0003351  max_dA_fwd=-5.221e-06
  [shape] epoch  54500  rmse=0.001024  max_abs_dA=0.001861  int_signed_dA=2.852e-12  int_abs_dA=4.157e-12  A_min=-0.0003323  max_dA_fwd=-5.22e-06
  [shape] epoch  54750  rmse=0.0009617  max_abs_dA=0.001743  int_signed_dA=2.064e-12  int_abs_dA=4.082e-12  A_min=-0.0003345  max_dA_fwd=-5.162e-06
  [shape] epoch  55000  rmse=0.001009  max_abs_dA=0.001837  int_signed_dA=2.766e-12  int_abs_dA=4.107e-12  A_min=-0.0003192  max_dA_fwd=-5.196e-06
  [shape] epoch  55250  rmse=0.0009807  max_abs_dA=0.001787  int_signed_dA=2.41e-12  int_abs_dA=4.066e-12  A_min=-0.0003259  max_dA_fwd=-5.175e-06
  [shape] epoch  55500  rmse=0.001011  max_abs_dA=0.001839  int_signed_dA=2.838e-12  int_abs_dA=4.099e-12  A_min=-0.000308  max_dA_fwd=-5.187e-06
  [shape] epoch  55750  rmse=0.0009822  max_abs_dA=0.00179  int_signed_dA=2.472e-12  int_abs_dA=4.056e-12  A_min=-0.0003131  max_dA_fwd=-5.166e-06
  [shape] epoch  56000  rmse=0.0009965  max_abs_dA=0.001815  int_signed_dA=2.758e-12  int_abs_dA=4.051e-12  A_min=-0.0003  max_dA_fwd=-5.167e-06
  [shape] epoch  56250  rmse=0.001021  max_abs_dA=0.001852  int_signed_dA=2.971e-12  int_abs_dA=4.112e-12  A_min=-0.0002925  max_dA_fwd=-5.18e-06
  [shape] epoch  56500  rmse=0.0009907  max_abs_dA=0.001805  int_signed_dA=2.763e-12  int_abs_dA=4.024e-12  A_min=-0.0002913  max_dA_fwd=-5.153e-06
  [shape] epoch  56750  rmse=0.0009927  max_abs_dA=0.001808  int_signed_dA=2.8e-12  int_abs_dA=4.025e-12  A_min=-0.0002847  max_dA_fwd=-5.149e-06
  [shape] epoch  57000  rmse=0.0009857  max_abs_dA=0.001797  int_signed_dA=2.748e-12  int_abs_dA=4.003e-12  A_min=-0.0002809  max_dA_fwd=-5.14e-06
  [shape] epoch  57250  rmse=0.00099  max_abs_dA=0.001801  int_signed_dA=2.822e-12  int_abs_dA=4.004e-12  A_min=-0.0002785  max_dA_fwd=-5.138e-06
  [shape] epoch  57500  rmse=0.0009647  max_abs_dA=0.001762  int_signed_dA=2.621e-12  int_abs_dA=3.937e-12  A_min=-0.0002776  max_dA_fwd=-5.115e-06
  [shape] epoch  57750  rmse=0.0009711  max_abs_dA=0.001772  int_signed_dA=2.695e-12  int_abs_dA=3.947e-12  A_min=-0.000271  max_dA_fwd=-5.115e-06
  [shape] epoch  58000  rmse=0.0009583  max_abs_dA=0.001751  int_signed_dA=2.576e-12  int_abs_dA=3.916e-12  A_min=-0.000268  max_dA_fwd=-5.101e-06
  [shape] epoch  58250  rmse=0.0009638  max_abs_dA=0.00176  int_signed_dA=2.653e-12  int_abs_dA=3.922e-12  A_min=-0.0002622  max_dA_fwd=-5.101e-06
  [shape] epoch  58500  rmse=0.0009741  max_abs_dA=0.001772  int_signed_dA=2.827e-12  int_abs_dA=3.936e-12  A_min=-0.0002568  max_dA_fwd=-5.101e-06
  [shape] epoch  58750  rmse=0.000949  max_abs_dA=0.001735  int_signed_dA=2.544e-12  int_abs_dA=3.88e-12  A_min=-0.0002563  max_dA_fwd=-5.082e-06
  [shape] epoch  59000  rmse=0.0009632  max_abs_dA=0.001757  int_signed_dA=2.716e-12  int_abs_dA=3.903e-12  A_min=-0.0002489  max_dA_fwd=-5.088e-06
  [shape] epoch  59250  rmse=0.001019  max_abs_dA=0.001822  int_signed_dA=3.291e-12  int_abs_dA=4.232e-12  A_min=-0.0002362  max_dA_fwd=-5.107e-06
  [shape] epoch  59500  rmse=0.0009497  max_abs_dA=0.001735  int_signed_dA=2.644e-12  int_abs_dA=3.859e-12  A_min=-0.0002441  max_dA_fwd=-5.07e-06
  [shape] epoch  59750  rmse=0.001012  max_abs_dA=0.001817  int_signed_dA=3.21e-12  int_abs_dA=4.147e-12  A_min=-0.000233  max_dA_fwd=-5.102e-06
  [shape] epoch  59999  rmse=0.0009436  max_abs_dA=0.001725  int_signed_dA=2.557e-12  int_abs_dA=3.849e-12  A_min=-0.0002344  max_dA_fwd=-5.058e-06
[spectral-pn] spn-L1.0-s1: loss 3.496e-01 -> 3.768e-07 (x927865 drop)
[spectral-pn] RMSE=0.0009 max|dA|=0.0017 gamma_eff=1.3606e+09 gamma_ratio=0.9965
[spectral-pn] snapshot=final best_epoch=59999 best_loss=3.768e-07 final_loss=3.768e-07
[spectral-pn-shape] cancel=0.664 int_signed_dA=2.5566e-12 int_abs_dA=3.8490e-12 A_min=-2.3443e-04 max_dA_fwd=-5.0581e-06
[spectral-pn] saved: runs/transient/pn_corridor_seedrep_L1.0/seedrep_L1.0_1d_s1
