[spectral-pn] case: L=1.0 um, Nk=20, L_max=8, run=20260815_000516
[spectral-pn] window t_end=5.130e-09 s (767.1 tau_ref), gamma_dom=1.3645e+09 Hz
[spectral-pn] window mode=n_decay rule=n_decay (t_1% at 0.01*A0: nan s; n_dec=7/gamma_dom: 5.1302e-09 s)
  epoch      0  residual 2.831e-01
  epoch    250  residual 2.529e-03
  epoch    500  residual 9.536e-04
  epoch    750  residual 6.969e-04
  epoch   1000  residual 2.921e-04
  epoch   1250  residual 2.034e-04
  epoch   1500  residual 1.527e-04
  epoch   1750  residual 1.208e-04
  epoch   2000  residual 9.256e-05
  epoch   2250  residual 7.504e-05
  epoch   2500  residual 6.234e-05
  epoch   2750  residual 5.475e-05
  epoch   3000  residual 4.630e-05
  epoch   3250  residual 3.800e-05
  epoch   3500  residual 3.696e-05
  epoch   3750  residual 2.739e-05
  epoch   4000  residual 2.365e-05
  epoch   4250  residual 1.126e-04
  epoch   4500  residual 1.847e-05
  epoch   4750  residual 1.642e-05
  epoch   5000  residual 1.462e-05
  epoch   5250  residual 1.453e-05
  epoch   5500  residual 1.553e-05
  epoch   5750  residual 1.182e-05
  epoch   6000  residual 1.779e-05
  epoch   6250  residual 1.038e-05
  epoch   6500  residual 1.325e-05
  epoch   6750  residual 8.872e-06
  epoch   7000  residual 8.179e-06
  epoch   7250  residual 8.406e-06
  epoch   7500  residual 9.568e-06
  epoch   7750  residual 1.595e-05
  epoch   8000  residual 6.470e-06
  epoch   8250  residual 6.584e-06
  epoch   8500  residual 6.528e-06
  epoch   8750  residual 5.205e-06
  epoch   9000  residual 7.192e-05
  epoch   9250  residual 4.789e-06
  epoch   9500  residual 5.499e-06
  epoch   9750  residual 4.447e-06
  epoch  10000  residual 5.240e-06
  epoch  10250  residual 6.792e-05
  epoch  10500  residual 1.148e-05
  epoch  10750  residual 4.035e-06
  epoch  11000  residual 4.419e-06
  epoch  11250  residual 3.640e-06
  epoch  11500  residual 2.320e-05
  epoch  11750  residual 3.349e-06
  epoch  12000  residual 1.484e-05
  epoch  12250  residual 8.564e-06
  epoch  12500  residual 3.275e-06
  epoch  12750  residual 9.307e-06
  epoch  13000  residual 3.259e-05
  epoch  13250  residual 3.171e-06
  epoch  13500  residual 3.471e-06
  epoch  13750  residual 7.152e-06
  epoch  14000  residual 3.427e-06
  epoch  14250  residual 3.969e-06
  epoch  14500  residual 3.324e-06
  epoch  14750  residual 3.065e-06
  epoch  15000  residual 2.605e-06
  epoch  15250  residual 1.199e-05
  epoch  15500  residual 4.654e-05
  epoch  15750  residual 1.555e-05
  epoch  16000  residual 2.870e-06
  epoch  16250  residual 1.898e-06
  epoch  16500  residual 1.279e-05
  epoch  16750  residual 2.238e-06
  epoch  17000  residual 2.114e-06
  epoch  17250  residual 2.672e-06
  epoch  17500  residual 2.548e-06
  epoch  17750  residual 7.266e-06
  epoch  18000  residual 8.452e-06
  epoch  18250  residual 9.175e-06
  epoch  18500  residual 4.490e-06
  epoch  18750  residual 8.353e-06
  epoch  19000  residual 1.882e-06
  epoch  19250  residual 1.289e-05
  epoch  19500  residual 3.029e-06
  epoch  19750  residual 5.986e-06
  epoch  20000  residual 4.350e-06
  epoch  20250  residual 1.915e-06
  epoch  20500  residual 5.132e-06
  epoch  20750  residual 1.628e-06
  epoch  21000  residual 4.502e-06
  epoch  21250  residual 3.874e-06
  epoch  21500  residual 1.478e-05
  epoch  21750  residual 2.054e-06
  epoch  22000  residual 1.499e-06
  epoch  22250  residual 1.852e-06
  epoch  22500  residual 2.581e-05
  epoch  22750  residual 6.039e-06
  epoch  23000  residual 2.562e-06
  epoch  23250  residual 2.428e-06
  epoch  23500  residual 7.561e-06
  epoch  23750  residual 1.245e-05
  epoch  24000  residual 1.457e-06
  epoch  24250  residual 1.593e-06
  epoch  24500  residual 2.057e-06
  epoch  24750  residual 1.216e-06
  epoch  25000  residual 1.253e-06
  epoch  25250  residual 1.096e-06
  epoch  25500  residual 1.051e-06
  epoch  25750  residual 6.007e-06
  epoch  26000  residual 2.251e-06
  epoch  26250  residual 1.592e-06
  epoch  26500  residual 4.891e-06
  epoch  26750  residual 1.033e-06
  epoch  27000  residual 4.423e-06
  epoch  27250  residual 2.559e-06
  epoch  27500  residual 9.617e-07
  epoch  27750  residual 1.027e-05
  epoch  28000  residual 2.864e-06
  epoch  28250  residual 9.650e-07
  epoch  28500  residual 9.063e-07
  epoch  28750  residual 1.425e-06
  epoch  29000  residual 1.867e-06
  epoch  29250  residual 1.325e-06
  epoch  29500  residual 9.279e-07
  epoch  29750  residual 9.786e-07
  epoch  30000  residual 1.049e-06
  epoch  30250  residual 5.382e-06
  epoch  30500  residual 4.009e-06
  epoch  30750  residual 1.326e-06
  epoch  31000  residual 8.407e-07
  epoch  31250  residual 7.840e-07
  epoch  31500  residual 8.394e-07
  epoch  31750  residual 2.056e-06
  epoch  32000  residual 2.793e-06
  epoch  32250  residual 1.174e-06
  epoch  32500  residual 8.077e-07
  epoch  32750  residual 8.245e-07
  epoch  33000  residual 1.122e-06
  epoch  33250  residual 8.405e-07
  epoch  33500  residual 1.407e-06
  epoch  33750  residual 1.581e-06
  epoch  34000  residual 2.494e-06
  epoch  34250  residual 2.317e-06
  epoch  34500  residual 8.039e-07
  epoch  34750  residual 6.718e-07
  epoch  35000  residual 9.539e-07
  epoch  35250  residual 9.541e-07
  epoch  35500  residual 1.876e-06
  epoch  35750  residual 8.401e-07
  epoch  36000  residual 6.522e-07
  epoch  36250  residual 6.349e-07
  epoch  36500  residual 2.587e-06
  epoch  36750  residual 6.822e-07
  epoch  37000  residual 9.264e-07
  epoch  37250  residual 8.090e-06
  epoch  37500  residual 6.149e-07
  epoch  37750  residual 8.843e-07
  epoch  38000  residual 7.439e-07
  epoch  38250  residual 7.795e-07
  epoch  38500  residual 6.359e-07
  epoch  38750  residual 8.467e-07
  epoch  39000  residual 5.787e-07
  epoch  39250  residual 9.471e-07
  epoch  39500  residual 5.102e-06
  epoch  39750  residual 5.383e-07
  epoch  40000  residual 6.087e-07
  epoch  40250  residual 5.614e-07
  epoch  40500  residual 7.503e-07
  epoch  40750  residual 5.289e-07
  epoch  41000  residual 3.422e-06
  epoch  41250  residual 2.719e-06
  epoch  41500  residual 1.027e-06
  epoch  41750  residual 2.049e-06
  epoch  42000  residual 1.078e-06
  epoch  42250  residual 6.164e-07
  epoch  42500  residual 6.102e-07
  epoch  42750  residual 4.944e-07
  epoch  43000  residual 4.855e-07
  epoch  43250  residual 5.024e-07
  epoch  43500  residual 1.563e-06
  epoch  43750  residual 5.929e-07
  epoch  44000  residual 5.232e-07
  epoch  44250  residual 5.503e-07
  epoch  44500  residual 9.968e-07
  epoch  44750  residual 4.716e-07
  epoch  45000  residual 4.997e-07
  epoch  45250  residual 4.822e-07
  epoch  45500  residual 5.545e-07
  epoch  45750  residual 4.827e-07
  epoch  46000  residual 6.122e-07
  epoch  46250  residual 4.642e-07
  epoch  46500  residual 5.564e-07
  epoch  46750  residual 4.579e-07
  epoch  47000  residual 4.456e-07
  epoch  47250  residual 4.533e-07
  epoch  47500  residual 8.520e-07
  epoch  47750  residual 4.696e-07
  epoch  48000  residual 5.009e-07
  epoch  48250  residual 4.501e-07
  epoch  48500  residual 8.343e-07
  epoch  48750  residual 7.962e-07
  epoch  49000  residual 7.851e-07
  epoch  49250  residual 4.194e-07
  epoch  49500  residual 7.701e-07
  epoch  49750  residual 4.182e-07
  epoch  50000  residual 4.103e-07
  epoch  50250  residual 4.463e-07
  epoch  50500  residual 5.280e-07
  epoch  50750  residual 4.743e-07
  epoch  51000  residual 4.092e-07
  epoch  51250  residual 7.521e-07
  epoch  51500  residual 4.491e-07
  epoch  51750  residual 5.201e-07
  epoch  52000  residual 3.913e-07
  epoch  52250  residual 3.886e-07
  epoch  52500  residual 4.233e-07
  epoch  52750  residual 3.873e-07
  epoch  53000  residual 3.894e-07
  epoch  53250  residual 3.911e-07
  epoch  53500  residual 3.800e-07
  epoch  53750  residual 3.815e-07
  epoch  54000  residual 3.752e-07
  epoch  54250  residual 3.749e-07
  epoch  54500  residual 4.810e-07
  epoch  54750  residual 3.764e-07
  epoch  55000  residual 3.697e-07
  epoch  55250  residual 3.681e-07
  epoch  55500  residual 3.702e-07
  epoch  55750  residual 3.649e-07
  epoch  56000  residual 5.238e-07
  epoch  56250  residual 3.969e-07
  epoch  56500  residual 3.876e-07
  epoch  56750  residual 4.396e-07
  epoch  57000  residual 3.561e-07
  epoch  57250  residual 3.651e-07
  epoch  57500  residual 3.524e-07
  epoch  57750  residual 3.755e-07
  epoch  58000  residual 3.493e-07
  epoch  58250  residual 3.514e-07
  epoch  58500  residual 3.466e-07
  epoch  58750  residual 3.450e-07
  epoch  59000  residual 3.437e-07
  epoch  59250  residual 3.579e-07
  epoch  59500  residual 3.414e-07
  epoch  59750  residual 3.405e-07
  epoch  59999  residual 3.392e-07
  [gamma] epoch      0  gamma_ratio 3.1760  residual 2.831e-01
  [gamma] epoch    250  gamma_ratio 0.5677  residual 2.529e-03
  [gamma] epoch    500  gamma_ratio 0.6577  residual 9.536e-04
  [gamma] epoch    750  gamma_ratio 0.7183  residual 6.969e-04
  [gamma] epoch   1000  gamma_ratio 0.7122  residual 2.921e-04
  [gamma] epoch   1250  gamma_ratio 0.7236  residual 2.034e-04
  [gamma] epoch   1500  gamma_ratio 0.7353  residual 1.527e-04
  [gamma] epoch   1750  gamma_ratio 0.7484  residual 1.208e-04
  [gamma] epoch   2000  gamma_ratio 0.7729  residual 9.256e-05
  [gamma] epoch   2250  gamma_ratio 0.7970  residual 7.504e-05
  [gamma] epoch   2500  gamma_ratio 0.8197  residual 6.234e-05
  [gamma] epoch   2750  gamma_ratio 0.8377  residual 5.475e-05
  [gamma] epoch   3000  gamma_ratio 0.8620  residual 4.630e-05
  [gamma] epoch   3250  gamma_ratio 0.8757  residual 3.800e-05
  [gamma] epoch   3500  gamma_ratio 0.8866  residual 3.696e-05
  [gamma] epoch   3750  gamma_ratio 0.9032  residual 2.739e-05
  [gamma] epoch   4000  gamma_ratio 0.9140  residual 2.365e-05
  [gamma] epoch   4250  gamma_ratio 0.8850  residual 1.126e-04
  [gamma] epoch   4500  gamma_ratio 0.9296  residual 1.847e-05
  [gamma] epoch   4750  gamma_ratio 0.9385  residual 1.642e-05
  [gamma] epoch   5000  gamma_ratio 0.9433  residual 1.462e-05
  [gamma] epoch   5250  gamma_ratio 0.9451  residual 1.453e-05
  [gamma] epoch   5500  gamma_ratio 0.9637  residual 1.553e-05
  [gamma] epoch   5750  gamma_ratio 0.9557  residual 1.182e-05
  [gamma] epoch   6000  gamma_ratio 0.9586  residual 1.779e-05
  [gamma] epoch   6250  gamma_ratio 0.9624  residual 1.038e-05
  [gamma] epoch   6500  gamma_ratio 0.9701  residual 1.325e-05
  [gamma] epoch   6750  gamma_ratio 0.9678  residual 8.872e-06
  [gamma] epoch   7000  gamma_ratio 0.9696  residual 8.179e-06
  [gamma] epoch   7250  gamma_ratio 0.9674  residual 8.406e-06
  [gamma] epoch   7500  gamma_ratio 0.9669  residual 9.568e-06
  [gamma] epoch   7750  gamma_ratio 0.9850  residual 1.595e-05
  [gamma] epoch   8000  gamma_ratio 0.9770  residual 6.470e-06
  [gamma] epoch   8250  gamma_ratio 0.9773  residual 6.584e-06
  [gamma] epoch   8500  gamma_ratio 0.9819  residual 6.528e-06
  [gamma] epoch   8750  gamma_ratio 0.9782  residual 5.205e-06
  [gamma] epoch   9000  gamma_ratio 0.9761  residual 7.192e-05
  [gamma] epoch   9250  gamma_ratio 0.9814  residual 4.789e-06
  [gamma] epoch   9500  gamma_ratio 0.9839  residual 5.499e-06
  [gamma] epoch   9750  gamma_ratio 0.9820  residual 4.447e-06
  [gamma] epoch  10000  gamma_ratio 0.9798  residual 5.240e-06
  [gamma] epoch  10250  gamma_ratio 1.0019  residual 6.792e-05
  [gamma] epoch  10500  gamma_ratio 0.9903  residual 1.148e-05
  [gamma] epoch  10750  gamma_ratio 0.9864  residual 4.035e-06
  [gamma] epoch  11000  gamma_ratio 0.9796  residual 4.419e-06
  [gamma] epoch  11250  gamma_ratio 0.9868  residual 3.640e-06
  [gamma] epoch  11500  gamma_ratio 0.9747  residual 2.320e-05
  [gamma] epoch  11750  gamma_ratio 0.9880  residual 3.349e-06
  [gamma] epoch  12000  gamma_ratio 0.9970  residual 1.484e-05
  [gamma] epoch  12250  gamma_ratio 0.9771  residual 8.564e-06
  [gamma] epoch  12500  gamma_ratio 0.9874  residual 3.275e-06
  [gamma] epoch  12750  gamma_ratio 0.9795  residual 9.307e-06
  [gamma] epoch  13000  gamma_ratio 1.0070  residual 3.259e-05
  [gamma] epoch  13250  gamma_ratio 0.9891  residual 3.171e-06
  [gamma] epoch  13500  gamma_ratio 0.9846  residual 3.471e-06
  [gamma] epoch  13750  gamma_ratio 0.9827  residual 7.152e-06
  [gamma] epoch  14000  gamma_ratio 0.9884  residual 3.427e-06
  [gamma] epoch  14250  gamma_ratio 0.9918  residual 3.969e-06
  [gamma] epoch  14500  gamma_ratio 0.9890  residual 3.324e-06
  [gamma] epoch  14750  gamma_ratio 0.9912  residual 3.065e-06
  [gamma] epoch  15000  gamma_ratio 0.9889  residual 2.605e-06
  [gamma] epoch  15250  gamma_ratio 0.9938  residual 1.199e-05
  [gamma] epoch  15500  gamma_ratio 1.0235  residual 4.654e-05
  [gamma] epoch  15750  gamma_ratio 1.0038  residual 1.555e-05
  [gamma] epoch  16000  gamma_ratio 0.9879  residual 2.870e-06
  [gamma] epoch  16250  gamma_ratio 0.9915  residual 1.898e-06
  [gamma] epoch  16500  gamma_ratio 0.9912  residual 1.279e-05
  [gamma] epoch  16750  gamma_ratio 0.9909  residual 2.238e-06
  [gamma] epoch  17000  gamma_ratio 0.9908  residual 2.114e-06
  [gamma] epoch  17250  gamma_ratio 0.9901  residual 2.672e-06
  [gamma] epoch  17500  gamma_ratio 0.9901  residual 2.548e-06
  [gamma] epoch  17750  gamma_ratio 0.9944  residual 7.266e-06
  [gamma] epoch  18000  gamma_ratio 0.9967  residual 8.452e-06
  [gamma] epoch  18250  gamma_ratio 0.9878  residual 9.175e-06
  [gamma] epoch  18500  gamma_ratio 0.9895  residual 4.490e-06
  [gamma] epoch  18750  gamma_ratio 0.9829  residual 8.353e-06
  [gamma] epoch  19000  gamma_ratio 0.9921  residual 1.882e-06
  [gamma] epoch  19250  gamma_ratio 0.9866  residual 1.289e-05
  [gamma] epoch  19500  gamma_ratio 0.9981  residual 3.029e-06
  [gamma] epoch  19750  gamma_ratio 1.0071  residual 5.986e-06
  [gamma] epoch  20000  gamma_ratio 0.9900  residual 4.350e-06
  [gamma] epoch  20250  gamma_ratio 0.9914  residual 1.915e-06
  [gamma] epoch  20500  gamma_ratio 0.9982  residual 5.132e-06
  [gamma] epoch  20750  gamma_ratio 0.9942  residual 1.628e-06
  [gamma] epoch  21000  gamma_ratio 0.9933  residual 4.502e-06
  [gamma] epoch  21250  gamma_ratio 0.9982  residual 3.874e-06
  [gamma] epoch  21500  gamma_ratio 1.0062  residual 1.478e-05
  [gamma] epoch  21750  gamma_ratio 0.9937  residual 2.054e-06
  [gamma] epoch  22000  gamma_ratio 0.9934  residual 1.499e-06
  [gamma] epoch  22250  gamma_ratio 0.9918  residual 1.852e-06
  [gamma] epoch  22500  gamma_ratio 0.9832  residual 2.581e-05
  [gamma] epoch  22750  gamma_ratio 0.9833  residual 6.039e-06
  [gamma] epoch  23000  gamma_ratio 0.9911  residual 2.562e-06
  [gamma] epoch  23250  gamma_ratio 0.9890  residual 2.428e-06
  [gamma] epoch  23500  gamma_ratio 0.9901  residual 7.561e-06
  [gamma] epoch  23750  gamma_ratio 1.0028  residual 1.245e-05
  [gamma] epoch  24000  gamma_ratio 0.9945  residual 1.457e-06
  [gamma] epoch  24250  gamma_ratio 0.9962  residual 1.593e-06
  [gamma] epoch  24500  gamma_ratio 1.0003  residual 2.057e-06
  [gamma] epoch  24750  gamma_ratio 0.9939  residual 1.216e-06
  [gamma] epoch  25000  gamma_ratio 0.9909  residual 1.253e-06
  [gamma] epoch  25250  gamma_ratio 0.9942  residual 1.096e-06
  [gamma] epoch  25500  gamma_ratio 0.9950  residual 1.051e-06
  [gamma] epoch  25750  gamma_ratio 0.9967  residual 6.007e-06
  [gamma] epoch  26000  gamma_ratio 0.9906  residual 2.251e-06
  [gamma] epoch  26250  gamma_ratio 0.9977  residual 1.592e-06
  [gamma] epoch  26500  gamma_ratio 0.9877  residual 4.891e-06
  [gamma] epoch  26750  gamma_ratio 0.9945  residual 1.033e-06
  [gamma] epoch  27000  gamma_ratio 0.9894  residual 4.423e-06
  [gamma] epoch  27250  gamma_ratio 0.9968  residual 2.559e-06
  [gamma] epoch  27500  gamma_ratio 0.9935  residual 9.617e-07
  [gamma] epoch  27750  gamma_ratio 0.9881  residual 1.027e-05
  [gamma] epoch  28000  gamma_ratio 0.9953  residual 2.864e-06
  [gamma] epoch  28250  gamma_ratio 0.9936  residual 9.650e-07
  [gamma] epoch  28500  gamma_ratio 0.9941  residual 9.063e-07
  [gamma] epoch  28750  gamma_ratio 0.9947  residual 1.425e-06
  [gamma] epoch  29000  gamma_ratio 0.9903  residual 1.867e-06
  [gamma] epoch  29250  gamma_ratio 0.9941  residual 1.325e-06
  [gamma] epoch  29500  gamma_ratio 0.9950  residual 9.279e-07
  [gamma] epoch  29750  gamma_ratio 0.9946  residual 9.786e-07
  [gamma] epoch  30000  gamma_ratio 0.9942  residual 1.049e-06
  [gamma] epoch  30250  gamma_ratio 0.9934  residual 5.382e-06
  [gamma] epoch  30500  gamma_ratio 0.9885  residual 4.009e-06
  [gamma] epoch  30750  gamma_ratio 0.9971  residual 1.326e-06
  [gamma] epoch  31000  gamma_ratio 0.9951  residual 8.407e-07
  [gamma] epoch  31250  gamma_ratio 0.9948  residual 7.840e-07
  [gamma] epoch  31500  gamma_ratio 0.9949  residual 8.394e-07
  [gamma] epoch  31750  gamma_ratio 0.9944  residual 2.056e-06
  [gamma] epoch  32000  gamma_ratio 0.9886  residual 2.793e-06
  [gamma] epoch  32250  gamma_ratio 0.9986  residual 1.174e-06
  [gamma] epoch  32500  gamma_ratio 0.9942  residual 8.077e-07
  [gamma] epoch  32750  gamma_ratio 0.9951  residual 8.245e-07
  [gamma] epoch  33000  gamma_ratio 0.9959  residual 1.122e-06
  [gamma] epoch  33250  gamma_ratio 0.9965  residual 8.405e-07
  [gamma] epoch  33500  gamma_ratio 0.9940  residual 1.407e-06
  [gamma] epoch  33750  gamma_ratio 0.9907  residual 1.581e-06
  [gamma] epoch  34000  gamma_ratio 0.9929  residual 2.494e-06
  [gamma] epoch  34250  gamma_ratio 0.9920  residual 2.317e-06
  [gamma] epoch  34500  gamma_ratio 0.9942  residual 8.039e-07
  [gamma] epoch  34750  gamma_ratio 0.9947  residual 6.718e-07
  [gamma] epoch  35000  gamma_ratio 0.9965  residual 9.539e-07
  [gamma] epoch  35250  gamma_ratio 0.9956  residual 9.541e-07
  [gamma] epoch  35500  gamma_ratio 0.9940  residual 1.876e-06
  [gamma] epoch  35750  gamma_ratio 0.9964  residual 8.401e-07
  [gamma] epoch  36000  gamma_ratio 0.9961  residual 6.522e-07
  [gamma] epoch  36250  gamma_ratio 0.9957  residual 6.349e-07
  [gamma] epoch  36500  gamma_ratio 0.9980  residual 2.587e-06
  [gamma] epoch  36750  gamma_ratio 0.9959  residual 6.822e-07
  [gamma] epoch  37000  gamma_ratio 0.9950  residual 9.264e-07
  [gamma] epoch  37250  gamma_ratio 0.9984  residual 8.090e-06
  [gamma] epoch  37500  gamma_ratio 0.9955  residual 6.149e-07
  [gamma] epoch  37750  gamma_ratio 0.9979  residual 8.843e-07
  [gamma] epoch  38000  gamma_ratio 0.9976  residual 7.439e-07
  [gamma] epoch  38250  gamma_ratio 0.9979  residual 7.795e-07
  [gamma] epoch  38500  gamma_ratio 0.9958  residual 6.359e-07
  [gamma] epoch  38750  gamma_ratio 0.9963  residual 8.467e-07
  [gamma] epoch  39000  gamma_ratio 0.9962  residual 5.787e-07
  [gamma] epoch  39250  gamma_ratio 0.9943  residual 9.471e-07
  [gamma] epoch  39500  gamma_ratio 0.9866  residual 5.102e-06
  [gamma] epoch  39750  gamma_ratio 0.9961  residual 5.383e-07
  [gamma] epoch  40000  gamma_ratio 0.9966  residual 6.087e-07
  [gamma] epoch  40250  gamma_ratio 0.9964  residual 5.614e-07
  [gamma] epoch  40500  gamma_ratio 0.9973  residual 7.503e-07
  [gamma] epoch  40750  gamma_ratio 0.9963  residual 5.289e-07
  [gamma] epoch  41000  gamma_ratio 0.9959  residual 3.422e-06
  [gamma] epoch  41250  gamma_ratio 1.0022  residual 2.719e-06
  [gamma] epoch  41500  gamma_ratio 0.9933  residual 1.027e-06
  [gamma] epoch  41750  gamma_ratio 0.9952  residual 2.049e-06
  [gamma] epoch  42000  gamma_ratio 0.9970  residual 1.078e-06
  [gamma] epoch  42250  gamma_ratio 0.9964  residual 6.164e-07
  [gamma] epoch  42500  gamma_ratio 0.9970  residual 6.102e-07
  [gamma] epoch  42750  gamma_ratio 0.9964  residual 4.944e-07
  [gamma] epoch  43000  gamma_ratio 0.9964  residual 4.855e-07
  [gamma] epoch  43250  gamma_ratio 0.9963  residual 5.024e-07
  [gamma] epoch  43500  gamma_ratio 0.9972  residual 1.563e-06
  [gamma] epoch  43750  gamma_ratio 0.9955  residual 5.929e-07
  [gamma] epoch  44000  gamma_ratio 0.9958  residual 5.232e-07
  [gamma] epoch  44250  gamma_ratio 0.9960  residual 5.503e-07
  [gamma] epoch  44500  gamma_ratio 0.9964  residual 9.968e-07
  [gamma] epoch  44750  gamma_ratio 0.9964  residual 4.716e-07
  [gamma] epoch  45000  gamma_ratio 0.9957  residual 4.997e-07
  [gamma] epoch  45250  gamma_ratio 0.9965  residual 4.822e-07
  [gamma] epoch  45500  gamma_ratio 0.9970  residual 5.545e-07
  [gamma] epoch  45750  gamma_ratio 0.9959  residual 4.827e-07
  [gamma] epoch  46000  gamma_ratio 0.9947  residual 6.122e-07
  [gamma] epoch  46250  gamma_ratio 0.9969  residual 4.642e-07
  [gamma] epoch  46500  gamma_ratio 0.9987  residual 5.564e-07
  [gamma] epoch  46750  gamma_ratio 0.9969  residual 4.579e-07
  [gamma] epoch  47000  gamma_ratio 0.9964  residual 4.456e-07
  [gamma] epoch  47250  gamma_ratio 0.9962  residual 4.533e-07
  [gamma] epoch  47500  gamma_ratio 0.9933  residual 8.520e-07
  [gamma] epoch  47750  gamma_ratio 0.9964  residual 4.696e-07
  [gamma] epoch  48000  gamma_ratio 0.9966  residual 5.009e-07
  [gamma] epoch  48250  gamma_ratio 0.9968  residual 4.501e-07
  [gamma] epoch  48500  gamma_ratio 0.9968  residual 8.343e-07
  [gamma] epoch  48750  gamma_ratio 0.9973  residual 7.962e-07
  [gamma] epoch  49000  gamma_ratio 0.9995  residual 7.851e-07
  [gamma] epoch  49250  gamma_ratio 0.9968  residual 4.194e-07
  [gamma] epoch  49500  gamma_ratio 1.0004  residual 7.701e-07
  [gamma] epoch  49750  gamma_ratio 0.9970  residual 4.182e-07
  [gamma] epoch  50000  gamma_ratio 0.9967  residual 4.103e-07
  [gamma] epoch  50250  gamma_ratio 0.9978  residual 4.463e-07
  [gamma] epoch  50500  gamma_ratio 0.9956  residual 5.280e-07
  [gamma] epoch  50750  gamma_ratio 0.9985  residual 4.743e-07
  [gamma] epoch  51000  gamma_ratio 0.9976  residual 4.092e-07
  [gamma] epoch  51250  gamma_ratio 0.9985  residual 7.521e-07
  [gamma] epoch  51500  gamma_ratio 0.9959  residual 4.491e-07
  [gamma] epoch  51750  gamma_ratio 0.9980  residual 5.201e-07
  [gamma] epoch  52000  gamma_ratio 0.9969  residual 3.913e-07
  [gamma] epoch  52250  gamma_ratio 0.9969  residual 3.886e-07
  [gamma] epoch  52500  gamma_ratio 0.9973  residual 4.233e-07
  [gamma] epoch  52750  gamma_ratio 0.9972  residual 3.873e-07
  [gamma] epoch  53000  gamma_ratio 0.9973  residual 3.894e-07
  [gamma] epoch  53250  gamma_ratio 0.9969  residual 3.911e-07
  [gamma] epoch  53500  gamma_ratio 0.9969  residual 3.800e-07
  [gamma] epoch  53750  gamma_ratio 0.9968  residual 3.815e-07
  [gamma] epoch  54000  gamma_ratio 0.9969  residual 3.752e-07
  [gamma] epoch  54250  gamma_ratio 0.9970  residual 3.749e-07
  [gamma] epoch  54500  gamma_ratio 0.9976  residual 4.810e-07
  [gamma] epoch  54750  gamma_ratio 0.9970  residual 3.764e-07
  [gamma] epoch  55000  gamma_ratio 0.9969  residual 3.697e-07
  [gamma] epoch  55250  gamma_ratio 0.9970  residual 3.681e-07
  [gamma] epoch  55500  gamma_ratio 0.9971  residual 3.702e-07
  [gamma] epoch  55750  gamma_ratio 0.9970  residual 3.649e-07
  [gamma] epoch  56000  gamma_ratio 0.9982  residual 5.238e-07
  [gamma] epoch  56250  gamma_ratio 0.9974  residual 3.969e-07
  [gamma] epoch  56500  gamma_ratio 0.9971  residual 3.876e-07
  [gamma] epoch  56750  gamma_ratio 0.9979  residual 4.396e-07
  [gamma] epoch  57000  gamma_ratio 0.9970  residual 3.561e-07
  [gamma] epoch  57250  gamma_ratio 0.9965  residual 3.651e-07
  [gamma] epoch  57500  gamma_ratio 0.9971  residual 3.524e-07
  [gamma] epoch  57750  gamma_ratio 0.9969  residual 3.755e-07
  [gamma] epoch  58000  gamma_ratio 0.9971  residual 3.493e-07
  [gamma] epoch  58250  gamma_ratio 0.9973  residual 3.514e-07
  [gamma] epoch  58500  gamma_ratio 0.9972  residual 3.466e-07
  [gamma] epoch  58750  gamma_ratio 0.9971  residual 3.450e-07
  [gamma] epoch  59000  gamma_ratio 0.9972  residual 3.437e-07
  [gamma] epoch  59250  gamma_ratio 0.9973  residual 3.579e-07
  [gamma] epoch  59500  gamma_ratio 0.9971  residual 3.414e-07
  [gamma] epoch  59750  gamma_ratio 0.9971  residual 3.405e-07
  [gamma] epoch  59999  gamma_ratio 0.9972  residual 3.392e-07
  [shape] epoch      0  rmse=0.1729  max_abs_dA=0.4651  int_signed_dA=-5.018e-10  int_abs_dA=5.09e-10  A_min=0.004442  max_dA_fwd=-1.25e-08
  [shape] epoch    250  rmse=0.1649  max_abs_dA=0.2512  int_signed_dA=5.577e-10  int_abs_dA=8.038e-10  A_min=0.1768  max_dA_fwd=0.01003
  [shape] epoch    500  rmse=0.1097  max_abs_dA=0.1673  int_signed_dA=3.813e-10  int_abs_dA=5.376e-10  A_min=0.1066  max_dA_fwd=0.0081
  [shape] epoch    750  rmse=0.08218  max_abs_dA=0.12  int_signed_dA=2.872e-10  int_abs_dA=4.024e-10  A_min=0.07838  max_dA_fwd=0.00374
  [shape] epoch   1000  rmse=0.07409  max_abs_dA=0.09009  int_signed_dA=2.96e-10  int_abs_dA=3.622e-10  A_min=0.07173  max_dA_fwd=0.001609
  [shape] epoch   1250  rmse=0.0662  max_abs_dA=0.08191  int_signed_dA=2.797e-10  int_abs_dA=3.212e-10  A_min=0.06447  max_dA_fwd=0.0002447
  [shape] epoch   1500  rmse=0.06069  max_abs_dA=0.07619  int_signed_dA=2.636e-10  int_abs_dA=2.927e-10  A_min=0.05811  max_dA_fwd=-3.147e-05
  [shape] epoch   1750  rmse=0.05592  max_abs_dA=0.07128  int_signed_dA=2.462e-10  int_abs_dA=2.691e-10  A_min=0.05109  max_dA_fwd=-3.258e-05
  [shape] epoch   2000  rmse=0.0477  max_abs_dA=0.06211  int_signed_dA=2.151e-10  int_abs_dA=2.277e-10  A_min=0.04166  max_dA_fwd=-3.155e-05
  [shape] epoch   2250  rmse=0.04115  max_abs_dA=0.05465  int_signed_dA=1.865e-10  int_abs_dA=1.958e-10  A_min=0.03377  max_dA_fwd=-3.045e-05
  [shape] epoch   2500  rmse=0.03557  max_abs_dA=0.04816  int_signed_dA=1.611e-10  int_abs_dA=1.687e-10  A_min=0.02732  max_dA_fwd=-2.906e-05
  [shape] epoch   2750  rmse=0.0318  max_abs_dA=0.04388  int_signed_dA=1.418e-10  int_abs_dA=1.51e-10  A_min=0.02233  max_dA_fwd=-2.843e-05
  [shape] epoch   3000  rmse=0.0257  max_abs_dA=0.03628  int_signed_dA=1.172e-10  int_abs_dA=1.205e-10  A_min=0.01693  max_dA_fwd=-2.53e-05
  [shape] epoch   3250  rmse=0.02299  max_abs_dA=0.0331  int_signed_dA=1.04e-10  int_abs_dA=1.073e-10  A_min=0.01372  max_dA_fwd=-2.43e-05
  [shape] epoch   3500  rmse=0.02076  max_abs_dA=0.03043  int_signed_dA=9.366e-11  int_abs_dA=9.625e-11  A_min=0.01109  max_dA_fwd=-2.33e-05
  [shape] epoch   3750  rmse=0.01751  max_abs_dA=0.02616  int_signed_dA=7.848e-11  int_abs_dA=8.036e-11  A_min=0.008504  max_dA_fwd=-2.122e-05
  [shape] epoch   4000  rmse=0.01544  max_abs_dA=0.0235  int_signed_dA=6.894e-11  int_abs_dA=7.018e-11  A_min=0.006544  max_dA_fwd=-1.992e-05
  [shape] epoch   4250  rmse=0.02008  max_abs_dA=0.02953  int_signed_dA=9.515e-11  int_abs_dA=9.515e-11  A_min=0.006965  max_dA_fwd=-2.177e-05
  [shape] epoch   4500  rmse=0.01278  max_abs_dA=0.02014  int_signed_dA=5.548e-11  int_abs_dA=5.676e-11  A_min=0.00398  max_dA_fwd=-1.804e-05
  [shape] epoch   4750  rmse=0.01118  max_abs_dA=0.01791  int_signed_dA=4.803e-11  int_abs_dA=4.894e-11  A_min=0.00276  max_dA_fwd=-1.667e-05
  [shape] epoch   5000  rmse=0.01037  max_abs_dA=0.01687  int_signed_dA=4.4e-11  int_abs_dA=4.481e-11  A_min=0.002075  max_dA_fwd=-1.587e-05
  [shape] epoch   5250  rmse=0.01045  max_abs_dA=0.01724  int_signed_dA=4.252e-11  int_abs_dA=4.499e-11  A_min=0.001753  max_dA_fwd=-1.58e-05
  [shape] epoch   5500  rmse=0.007997  max_abs_dA=0.01328  int_signed_dA=2.757e-11  int_abs_dA=3.472e-11  A_min=0.0005888  max_dA_fwd=-1.386e-05
  [shape] epoch   5750  rmse=0.008707  max_abs_dA=0.01475  int_signed_dA=3.391e-11  int_abs_dA=3.658e-11  A_min=0.0007288  max_dA_fwd=-1.404e-05
  [shape] epoch   6000  rmse=0.008089  max_abs_dA=0.01387  int_signed_dA=3.167e-11  int_abs_dA=3.322e-11  A_min=0.0003144  max_dA_fwd=-1.322e-05
  [shape] epoch   6250  rmse=0.007401  max_abs_dA=0.01283  int_signed_dA=2.862e-11  int_abs_dA=2.999e-11  A_min=6.847e-05  max_dA_fwd=-1.245e-05
  [shape] epoch   6500  rmse=0.006395  max_abs_dA=0.01119  int_signed_dA=2.254e-11  int_abs_dA=2.633e-11  A_min=-0.0001594  max_dA_fwd=-1.153e-05
  [shape] epoch   6750  rmse=0.006531  max_abs_dA=0.01153  int_signed_dA=2.435e-11  int_abs_dA=2.62e-11  A_min=-0.0001948  max_dA_fwd=-1.13e-05
  [shape] epoch   7000  rmse=0.006259  max_abs_dA=0.01114  int_signed_dA=2.293e-11  int_abs_dA=2.503e-11  A_min=-0.0002925  max_dA_fwd=-1.083e-05
  [shape] epoch   7250  rmse=0.006742  max_abs_dA=0.01204  int_signed_dA=2.466e-11  int_abs_dA=2.703e-11  A_min=-0.0003649  max_dA_fwd=-1.097e-05
  [shape] epoch   7500  rmse=0.006545  max_abs_dA=0.01176  int_signed_dA=2.498e-11  int_abs_dA=2.599e-11  A_min=-0.0004127  max_dA_fwd=-1.049e-05
  [shape] epoch   7750  rmse=0.004327  max_abs_dA=0.00768  int_signed_dA=1.066e-11  int_abs_dA=1.831e-11  A_min=-0.001062  max_dA_fwd=-8.68e-06
  [shape] epoch   8000  rmse=0.004817  max_abs_dA=0.00891  int_signed_dA=1.695e-11  int_abs_dA=1.873e-11  A_min=-0.0008121  max_dA_fwd=-8.691e-06
  [shape] epoch   8250  rmse=0.004861  max_abs_dA=0.009047  int_signed_dA=1.663e-11  int_abs_dA=1.889e-11  A_min=-0.0008995  max_dA_fwd=-8.563e-06
  [shape] epoch   8500  rmse=0.004398  max_abs_dA=0.008129  int_signed_dA=1.327e-11  int_abs_dA=1.779e-11  A_min=-0.000744  max_dA_fwd=-7.999e-06
  [shape] epoch   8750  rmse=0.004519  max_abs_dA=0.008458  int_signed_dA=1.605e-11  int_abs_dA=1.755e-11  A_min=-0.000759  max_dA_fwd=-7.663e-06
  [shape] epoch   9000  rmse=0.00468  max_abs_dA=0.008672  int_signed_dA=1.771e-11  int_abs_dA=1.889e-11  A_min=-0.0006958  max_dA_fwd=-7.321e-06
  [shape] epoch   9250  rmse=0.004099  max_abs_dA=0.007817  int_signed_dA=1.35e-11  int_abs_dA=1.585e-11  A_min=-0.0008332  max_dA_fwd=-6.955e-06
  [shape] epoch   9500  rmse=0.003791  max_abs_dA=0.007268  int_signed_dA=1.155e-11  int_abs_dA=1.479e-11  A_min=-0.0008837  max_dA_fwd=-6.538e-06
  [shape] epoch   9750  rmse=0.004024  max_abs_dA=0.007745  int_signed_dA=1.305e-11  int_abs_dA=1.55e-11  A_min=-0.0008473  max_dA_fwd=-6.485e-06
  [shape] epoch  10000  rmse=0.004227  max_abs_dA=0.00809  int_signed_dA=1.485e-11  int_abs_dA=1.639e-11  A_min=-0.0006763  max_dA_fwd=-6.31e-06
  [shape] epoch  10250  rmse=0.002924  max_abs_dA=0.00663  int_signed_dA=-2.153e-12  int_abs_dA=1.224e-11  A_min=-0.001147  max_dA_fwd=-4.557e-06
  [shape] epoch  10500  rmse=0.003064  max_abs_dA=0.005823  int_signed_dA=6.802e-12  int_abs_dA=1.263e-11  A_min=-0.0008082  max_dA_fwd=-5.118e-06
  [shape] epoch  10750  rmse=0.003324  max_abs_dA=0.006514  int_signed_dA=9.838e-12  int_abs_dA=1.291e-11  A_min=-0.0006743  max_dA_fwd=-5.202e-06
  [shape] epoch  11000  rmse=0.004205  max_abs_dA=0.008091  int_signed_dA=1.507e-11  int_abs_dA=1.644e-11  A_min=-0.0005405  max_dA_fwd=-5.623e-06
  [shape] epoch  11250  rmse=0.003201  max_abs_dA=0.006331  int_signed_dA=9.544e-12  int_abs_dA=1.239e-11  A_min=-0.0005798  max_dA_fwd=-4.726e-06
  [shape] epoch  11500  rmse=0.005084  max_abs_dA=0.009699  int_signed_dA=1.893e-11  int_abs_dA=1.994e-11  A_min=-0.000308  max_dA_fwd=-5.638e-06
  [shape] epoch  11750  rmse=0.003177  max_abs_dA=0.006276  int_signed_dA=8.659e-12  int_abs_dA=1.24e-11  A_min=-0.0005426  max_dA_fwd=-4.438e-06
  [shape] epoch  12000  rmse=0.002901  max_abs_dA=0.00597  int_signed_dA=2.063e-12  int_abs_dA=1.221e-11  A_min=-0.0003758  max_dA_fwd=-3.665e-06
  [shape] epoch  12250  rmse=0.004368  max_abs_dA=0.008124  int_signed_dA=1.715e-11  int_abs_dA=1.784e-11  A_min=-9.743e-05  max_dA_fwd=-4.388e-06
  [shape] epoch  12500  rmse=0.002957  max_abs_dA=0.005945  int_signed_dA=9.254e-12  int_abs_dA=1.125e-11  A_min=-0.0002808  max_dA_fwd=-3.679e-06
  [shape] epoch  12750  rmse=0.004041  max_abs_dA=0.007762  int_signed_dA=1.533e-11  int_abs_dA=1.6e-11  A_min=-1.8e-05  max_dA_fwd=-4.008e-06
  [shape] epoch  13000  rmse=0.002917  max_abs_dA=0.007025  int_signed_dA=-5.256e-12  int_abs_dA=1.07e-11  A_min=-0.000356  max_dA_fwd=-2.28e-06
  [shape] epoch  13250  rmse=0.002776  max_abs_dA=0.00562  int_signed_dA=8.041e-12  int_abs_dA=1.062e-11  A_min=-0.0001009  max_dA_fwd=-3.172e-06
  [shape] epoch  13500  rmse=0.003235  max_abs_dA=0.00646  int_signed_dA=1.143e-11  int_abs_dA=1.209e-11  A_min=0.0001331  max_dA_fwd=-3.289e-06
  [shape] epoch  13750  rmse=0.003506  max_abs_dA=0.006925  int_signed_dA=1.292e-11  int_abs_dA=1.343e-11  A_min=0.0001452  max_dA_fwd=-3.362e-06
  [shape] epoch  14000  rmse=0.002715  max_abs_dA=0.005559  int_signed_dA=8.585e-12  int_abs_dA=1.016e-11  A_min=5.859e-05  max_dA_fwd=-2.698e-06
  [shape] epoch  14250  rmse=0.00243  max_abs_dA=0.004867  int_signed_dA=6.047e-12  int_abs_dA=9.446e-12  A_min=0.000154  max_dA_fwd=-2.442e-06
  [shape] epoch  14500  rmse=0.002634  max_abs_dA=0.005423  int_signed_dA=8.12e-12  int_abs_dA=9.843e-12  A_min=0.0001688  max_dA_fwd=-2.398e-06
  [shape] epoch  14750  rmse=0.002464  max_abs_dA=0.004978  int_signed_dA=6.516e-12  int_abs_dA=9.427e-12  A_min=0.0003013  max_dA_fwd=-2.195e-06
  [shape] epoch  15000  rmse=0.0026  max_abs_dA=0.005365  int_signed_dA=8.224e-12  int_abs_dA=9.616e-12  A_min=0.0003073  max_dA_fwd=-2.182e-06
  [shape] epoch  15250  rmse=0.002102  max_abs_dA=0.00422  int_signed_dA=4.58e-12  int_abs_dA=8.183e-12  A_min=0.0002989  max_dA_fwd=-1.674e-06
  [shape] epoch  15500  rmse=0.004986  max_abs_dA=0.01159  int_signed_dA=-1.68e-11  int_abs_dA=1.68e-11  A_min=0.0001363  max_dA_fwd=1.754e-08
  [shape] epoch  15750  rmse=0.002184  max_abs_dA=0.005308  int_signed_dA=-2.809e-12  int_abs_dA=8.042e-12  A_min=0.0003053  max_dA_fwd=-8.626e-07
  [shape] epoch  16000  rmse=0.002722  max_abs_dA=0.005605  int_signed_dA=9.004e-12  int_abs_dA=9.979e-12  A_min=0.000641  max_dA_fwd=-1.825e-06
  [shape] epoch  16250  rmse=0.002121  max_abs_dA=0.00442  int_signed_dA=6.294e-12  int_abs_dA=7.861e-12  A_min=0.0006243  max_dA_fwd=-1.276e-06
  [shape] epoch  16500  rmse=0.002693  max_abs_dA=0.005269  int_signed_dA=6.526e-12  int_abs_dA=1.043e-11  A_min=0.0005126  max_dA_fwd=-1.725e-06
  [shape] epoch  16750  rmse=0.002313  max_abs_dA=0.004819  int_signed_dA=6.737e-12  int_abs_dA=8.489e-12  A_min=0.0006196  max_dA_fwd=-1.319e-06
  [shape] epoch  17000  rmse=0.002179  max_abs_dA=0.004569  int_signed_dA=6.81e-12  int_abs_dA=8.07e-12  A_min=0.0007564  max_dA_fwd=-1.065e-06
  [shape] epoch  17250  rmse=0.00236  max_abs_dA=0.004903  int_signed_dA=7.296e-12  int_abs_dA=8.795e-12  A_min=0.0007723  max_dA_fwd=-1.293e-06
  [shape] epoch  17500  rmse=0.002225  max_abs_dA=0.004715  int_signed_dA=7.297e-12  int_abs_dA=8.07e-12  A_min=0.0007609  max_dA_fwd=-9.215e-07
  [shape] epoch  17750  rmse=0.001859  max_abs_dA=0.003703  int_signed_dA=4.1e-12  int_abs_dA=7.089e-12  A_min=0.0008077  max_dA_fwd=-6.348e-07
  [shape] epoch  18000  rmse=0.001769  max_abs_dA=0.003216  int_signed_dA=2.422e-12  int_abs_dA=6.92e-12  A_min=0.0008616  max_dA_fwd=-3.748e-07
  [shape] epoch  18250  rmse=0.002495  max_abs_dA=0.005225  int_signed_dA=9.056e-12  int_abs_dA=9.186e-12  A_min=0.0009338  max_dA_fwd=-8.371e-07
  [shape] epoch  18500  rmse=0.002354  max_abs_dA=0.004997  int_signed_dA=7.743e-12  int_abs_dA=8.638e-12  A_min=0.0009063  max_dA_fwd=-7.681e-07
  [shape] epoch  18750  rmse=0.003204  max_abs_dA=0.00641  int_signed_dA=1.271e-11  int_abs_dA=1.271e-11  A_min=0.0009806  max_dA_fwd=-1.038e-06
  [shape] epoch  19000  rmse=0.001981  max_abs_dA=0.004209  int_signed_dA=5.797e-12  int_abs_dA=7.449e-12  A_min=0.0009727  max_dA_fwd=-3.952e-07
  [shape] epoch  19250  rmse=0.002566  max_abs_dA=0.005252  int_signed_dA=9.976e-12  int_abs_dA=9.982e-12  A_min=0.000994  max_dA_fwd=-5.221e-07
  [shape] epoch  19500  rmse=0.001364  max_abs_dA=0.002917  int_signed_dA=1.417e-12  int_abs_dA=5.066e-12  A_min=0.0009232  max_dA_fwd=3.434e-07
  [shape] epoch  19750  rmse=0.001985  max_abs_dA=0.005558  int_signed_dA=-5.199e-12  int_abs_dA=5.797e-12  A_min=0.0008349  max_dA_fwd=1.023e-06
  [shape] epoch  20000  rmse=0.002139  max_abs_dA=0.004567  int_signed_dA=7.395e-12  int_abs_dA=8.086e-12  A_min=0.001176  max_dA_fwd=-2.11e-07
  [shape] epoch  20250  rmse=0.001919  max_abs_dA=0.004149  int_signed_dA=6.335e-12  int_abs_dA=7.174e-12  A_min=0.00112  max_dA_fwd=-4.62e-08
  [shape] epoch  20500  rmse=0.001514  max_abs_dA=0.002911  int_signed_dA=1.337e-12  int_abs_dA=6.143e-12  A_min=0.001162  max_dA_fwd=3.659e-07
  [shape] epoch  20750  rmse=0.001531  max_abs_dA=0.003308  int_signed_dA=4.272e-12  int_abs_dA=5.886e-12  A_min=0.001177  max_dA_fwd=3.544e-07
  [shape] epoch  21000  rmse=0.001913  max_abs_dA=0.003834  int_signed_dA=4.904e-12  int_abs_dA=7.963e-12  A_min=0.001353  max_dA_fwd=9.719e-08
  [shape] epoch  21250  rmse=0.001612  max_abs_dA=0.003092  int_signed_dA=1.302e-12  int_abs_dA=6.479e-12  A_min=0.001134  max_dA_fwd=3.284e-07
  [shape] epoch  21500  rmse=0.002093  max_abs_dA=0.005292  int_signed_dA=-4.492e-12  int_abs_dA=6.386e-12  A_min=0.001171  max_dA_fwd=1.067e-06
  [shape] epoch  21750  rmse=0.001755  max_abs_dA=0.003669  int_signed_dA=4.653e-12  int_abs_dA=7.029e-12  A_min=0.001268  max_dA_fwd=2.898e-07
  [shape] epoch  22000  rmse=0.001553  max_abs_dA=0.003359  int_signed_dA=4.83e-12  int_abs_dA=6.076e-12  A_min=0.001316  max_dA_fwd=4.805e-07
  [shape] epoch  22250  rmse=0.001729  max_abs_dA=0.003756  int_signed_dA=6.024e-12  int_abs_dA=6.653e-12  A_min=0.001355  max_dA_fwd=4.435e-07
  [shape] epoch  22500  rmse=0.002946  max_abs_dA=0.005615  int_signed_dA=1.255e-11  int_abs_dA=1.255e-11  A_min=0.001504  max_dA_fwd=1.011e-07
  [shape] epoch  22750  rmse=0.003008  max_abs_dA=0.005945  int_signed_dA=1.245e-11  int_abs_dA=1.248e-11  A_min=0.001538  max_dA_fwd=-3.895e-08
  [shape] epoch  23000  rmse=0.001846  max_abs_dA=0.004003  int_signed_dA=6.587e-12  int_abs_dA=6.928e-12  A_min=0.001349  max_dA_fwd=3.963e-07
  [shape] epoch  23250  rmse=0.00214  max_abs_dA=0.004531  int_signed_dA=8.145e-12  int_abs_dA=8.359e-12  A_min=0.001487  max_dA_fwd=3.455e-07
  [shape] epoch  23500  rmse=0.00202  max_abs_dA=0.004347  int_signed_dA=7.297e-12  int_abs_dA=7.61e-12  A_min=0.001407  max_dA_fwd=4.202e-07
  [shape] epoch  23750  rmse=0.001559  max_abs_dA=0.003751  int_signed_dA=-2.046e-12  int_abs_dA=5.382e-12  A_min=0.001276  max_dA_fwd=1.183e-06
  [shape] epoch  24000  rmse=0.001432  max_abs_dA=0.003084  int_signed_dA=4.034e-12  int_abs_dA=5.707e-12  A_min=0.001409  max_dA_fwd=7.587e-07
  [shape] epoch  24250  rmse=0.001324  max_abs_dA=0.0027  int_signed_dA=2.782e-12  int_abs_dA=5.434e-12  A_min=0.001398  max_dA_fwd=8.706e-07
  [shape] epoch  24500  rmse=0.001141  max_abs_dA=0.002836  int_signed_dA=-2.028e-13  int_abs_dA=4.078e-12  A_min=0.001302  max_dA_fwd=1.311e-06
  [shape] epoch  24750  rmse=0.001429  max_abs_dA=0.003137  int_signed_dA=4.5e-12  int_abs_dA=5.62e-12  A_min=0.001456  max_dA_fwd=8.531e-07
  [shape] epoch  25000  rmse=0.001786  max_abs_dA=0.003886  int_signed_dA=6.709e-12  int_abs_dA=6.764e-12  A_min=0.001445  max_dA_fwd=6.829e-07
  [shape] epoch  25250  rmse=0.001359  max_abs_dA=0.002995  int_signed_dA=4.248e-12  int_abs_dA=5.35e-12  A_min=0.001466  max_dA_fwd=9.317e-07
  [shape] epoch  25500  rmse=0.001278  max_abs_dA=0.002808  int_signed_dA=3.704e-12  int_abs_dA=5.06e-12  A_min=0.001452  max_dA_fwd=1.016e-06
  [shape] epoch  25750  rmse=0.001496  max_abs_dA=0.002897  int_signed_dA=2.415e-12  int_abs_dA=6.226e-12  A_min=0.0014  max_dA_fwd=8.713e-07
  [shape] epoch  26000  rmse=0.001781  max_abs_dA=0.003836  int_signed_dA=6.965e-12  int_abs_dA=6.971e-12  A_min=0.001522  max_dA_fwd=8.027e-07
  [shape] epoch  26250  rmse=0.001218  max_abs_dA=0.002272  int_signed_dA=1.681e-12  int_abs_dA=5.081e-12  A_min=0.001457  max_dA_fwd=1.141e-06
  [shape] epoch  26500  rmse=0.002214  max_abs_dA=0.004566  int_signed_dA=9.116e-12  int_abs_dA=9.118e-12  A_min=0.001604  max_dA_fwd=6.254e-07
  [shape] epoch  26750  rmse=0.001284  max_abs_dA=0.002843  int_signed_dA=4.06e-12  int_abs_dA=5.066e-12  A_min=0.001503  max_dA_fwd=1.049e-06
  [shape] epoch  27000  rmse=0.001977  max_abs_dA=0.004184  int_signed_dA=7.853e-12  int_abs_dA=7.892e-12  A_min=0.001585  max_dA_fwd=6.679e-07
  [shape] epoch  27250  rmse=0.001134  max_abs_dA=0.002352  int_signed_dA=2.317e-12  int_abs_dA=4.628e-12  A_min=0.001451  max_dA_fwd=1.152e-06
  [shape] epoch  27500  rmse=0.00138  max_abs_dA=0.003069  int_signed_dA=4.805e-12  int_abs_dA=5.328e-12  A_min=0.001522  max_dA_fwd=1.003e-06
  [shape] epoch  27750  rmse=0.00208  max_abs_dA=0.004088  int_signed_dA=8.855e-12  int_abs_dA=8.855e-12  A_min=0.001613  max_dA_fwd=8.344e-07
  [shape] epoch  28000  rmse=0.001189  max_abs_dA=0.002612  int_signed_dA=3.472e-12  int_abs_dA=4.775e-12  A_min=0.001538  max_dA_fwd=1.16e-06
  [shape] epoch  28250  rmse=0.001363  max_abs_dA=0.003024  int_signed_dA=4.739e-12  int_abs_dA=5.286e-12  A_min=0.001546  max_dA_fwd=1.027e-06
  [shape] epoch  28500  rmse=0.001298  max_abs_dA=0.002889  int_signed_dA=4.373e-12  int_abs_dA=5.076e-12  A_min=0.00154  max_dA_fwd=1.071e-06
  [shape] epoch  28750  rmse=0.001236  max_abs_dA=0.002758  int_signed_dA=3.936e-12  int_abs_dA=4.856e-12  A_min=0.001523  max_dA_fwd=1.111e-06
  [shape] epoch  29000  rmse=0.001729  max_abs_dA=0.003605  int_signed_dA=7.149e-12  int_abs_dA=7.15e-12  A_min=0.001578  max_dA_fwd=9.731e-07
  [shape] epoch  29250  rmse=0.00125  max_abs_dA=0.00281  int_signed_dA=4.314e-12  int_abs_dA=4.804e-12  A_min=0.001522  max_dA_fwd=1.13e-06
  [shape] epoch  29500  rmse=0.001122  max_abs_dA=0.002522  int_signed_dA=3.671e-12  int_abs_dA=4.382e-12  A_min=0.00151  max_dA_fwd=1.216e-06
  [shape] epoch  29750  rmse=0.001174  max_abs_dA=0.002645  int_signed_dA=3.977e-12  int_abs_dA=4.529e-12  A_min=0.001503  max_dA_fwd=1.16e-06
  [shape] epoch  30000  rmse=0.001233  max_abs_dA=0.002756  int_signed_dA=4.253e-12  int_abs_dA=4.788e-12  A_min=0.00152  max_dA_fwd=1.101e-06
  [shape] epoch  30250  rmse=0.001305  max_abs_dA=0.00288  int_signed_dA=4.829e-12  int_abs_dA=5.122e-12  A_min=0.001558  max_dA_fwd=1.123e-06
  [shape] epoch  30500  rmse=0.001995  max_abs_dA=0.003924  int_signed_dA=8.488e-12  int_abs_dA=8.489e-12  A_min=0.001588  max_dA_fwd=9.176e-07
  [shape] epoch  30750  rmse=0.001022  max_abs_dA=0.002109  int_signed_dA=2.141e-12  int_abs_dA=4.218e-12  A_min=0.001526  max_dA_fwd=1.281e-06
  [shape] epoch  31000  rmse=0.001105  max_abs_dA=0.002498  int_signed_dA=3.605e-12  int_abs_dA=4.288e-12  A_min=0.001523  max_dA_fwd=1.217e-06
  [shape] epoch  31250  rmse=0.00116  max_abs_dA=0.002628  int_signed_dA=3.838e-12  int_abs_dA=4.429e-12  A_min=0.001507  max_dA_fwd=1.172e-06
  [shape] epoch  31500  rmse=0.001126  max_abs_dA=0.002545  int_signed_dA=3.745e-12  int_abs_dA=4.352e-12  A_min=0.001523  max_dA_fwd=1.198e-06
  [shape] epoch  31750  rmse=0.001201  max_abs_dA=0.002723  int_signed_dA=4.141e-12  int_abs_dA=4.54e-12  A_min=0.001496  max_dA_fwd=1.14e-06
  [shape] epoch  32000  rmse=0.001979  max_abs_dA=0.003944  int_signed_dA=8.434e-12  int_abs_dA=8.434e-12  A_min=0.001628  max_dA_fwd=8.986e-07
  [shape] epoch  32250  rmse=0.0009448  max_abs_dA=0.001741  int_signed_dA=1.062e-12  int_abs_dA=3.843e-12  A_min=0.001478  max_dA_fwd=1.367e-06
  [shape] epoch  32500  rmse=0.001194  max_abs_dA=0.002696  int_signed_dA=4.263e-12  int_abs_dA=4.507e-12  A_min=0.001519  max_dA_fwd=1.147e-06
  [shape] epoch  32750  rmse=0.001107  max_abs_dA=0.002504  int_signed_dA=3.609e-12  int_abs_dA=4.28e-12  A_min=0.001518  max_dA_fwd=1.185e-06
  [shape] epoch  33000  rmse=0.001018  max_abs_dA=0.002295  int_signed_dA=3.009e-12  int_abs_dA=3.987e-12  A_min=0.001496  max_dA_fwd=1.241e-06
  [shape] epoch  33250  rmse=0.0009494  max_abs_dA=0.002122  int_signed_dA=2.538e-12  int_abs_dA=3.73e-12  A_min=0.001471  max_dA_fwd=1.291e-06
  [shape] epoch  33500  rmse=0.001199  max_abs_dA=0.002697  int_signed_dA=4.425e-12  int_abs_dA=4.489e-12  A_min=0.001518  max_dA_fwd=1.134e-06
  [shape] epoch  33750  rmse=0.001706  max_abs_dA=0.003592  int_signed_dA=6.905e-12  int_abs_dA=6.988e-12  A_min=0.001614  max_dA_fwd=9.195e-07
  [shape] epoch  34000  rmse=0.001381  max_abs_dA=0.003054  int_signed_dA=5.25e-12  int_abs_dA=5.295e-12  A_min=0.001526  max_dA_fwd=1.032e-06
  [shape] epoch  34250  rmse=0.001499  max_abs_dA=0.003225  int_signed_dA=5.94e-12  int_abs_dA=6.034e-12  A_min=0.001619  max_dA_fwd=9.734e-07
  [shape] epoch  34500  rmse=0.001144  max_abs_dA=0.002576  int_signed_dA=4.306e-12  int_abs_dA=4.307e-12  A_min=0.001471  max_dA_fwd=1.2e-06
  [shape] epoch  34750  rmse=0.001123  max_abs_dA=0.002556  int_signed_dA=3.924e-12  int_abs_dA=4.205e-12  A_min=0.001486  max_dA_fwd=1.149e-06
  [shape] epoch  35000  rmse=0.0009356  max_abs_dA=0.002132  int_signed_dA=2.569e-12  int_abs_dA=3.591e-12  A_min=0.00144  max_dA_fwd=1.258e-06
  [shape] epoch  35250  rmse=0.0009733  max_abs_dA=0.002244  int_signed_dA=3.202e-12  int_abs_dA=3.636e-12  A_min=0.001424  max_dA_fwd=1.24e-06
  [shape] epoch  35500  rmse=0.00116  max_abs_dA=0.002596  int_signed_dA=4.408e-12  int_abs_dA=4.408e-12  A_min=0.001495  max_dA_fwd=1.185e-06
  [shape] epoch  35750  rmse=0.0009457  max_abs_dA=0.002163  int_signed_dA=2.653e-12  int_abs_dA=3.605e-12  A_min=0.00143  max_dA_fwd=1.236e-06
  [shape] epoch  36000  rmse=0.0009698  max_abs_dA=0.002222  int_signed_dA=2.882e-12  int_abs_dA=3.695e-12  A_min=0.001453  max_dA_fwd=1.222e-06
  [shape] epoch  36250  rmse=0.0009838  max_abs_dA=0.002275  int_signed_dA=3.186e-12  int_abs_dA=3.657e-12  A_min=0.001444  max_dA_fwd=1.227e-06
  [shape] epoch  36500  rmse=0.0008094  max_abs_dA=0.001703  int_signed_dA=1.438e-12  int_abs_dA=3.158e-12  A_min=0.001399  max_dA_fwd=1.379e-06
  [shape] epoch  36750  rmse=0.0009343  max_abs_dA=0.002169  int_signed_dA=3.003e-12  int_abs_dA=3.454e-12  A_min=0.001426  max_dA_fwd=1.259e-06
  [shape] epoch  37000  rmse=0.001103  max_abs_dA=0.002525  int_signed_dA=3.685e-12  int_abs_dA=4.015e-12  A_min=0.001447  max_dA_fwd=1.125e-06
  [shape] epoch  37250  rmse=0.0009427  max_abs_dA=0.001903  int_signed_dA=1.163e-12  int_abs_dA=3.83e-12  A_min=0.001401  max_dA_fwd=1.265e-06
  [shape] epoch  37500  rmse=0.0009927  max_abs_dA=0.002293  int_signed_dA=3.291e-12  int_abs_dA=3.668e-12  A_min=0.001438  max_dA_fwd=1.191e-06
  [shape] epoch  37750  rmse=0.0008048  max_abs_dA=0.001773  int_signed_dA=1.565e-12  int_abs_dA=3.111e-12  A_min=0.00138  max_dA_fwd=1.33e-06
  [shape] epoch  38000  rmse=0.000799  max_abs_dA=0.001795  int_signed_dA=1.775e-12  int_abs_dA=3.058e-12  A_min=0.001382  max_dA_fwd=1.33e-06
  [shape] epoch  38250  rmse=0.0007582  max_abs_dA=0.001682  int_signed_dA=1.505e-12  int_abs_dA=2.919e-12  A_min=0.001345  max_dA_fwd=1.361e-06
  [shape] epoch  38500  rmse=0.0009596  max_abs_dA=0.002238  int_signed_dA=3.118e-12  int_abs_dA=3.467e-12  A_min=0.001401  max_dA_fwd=1.201e-06
  [shape] epoch  38750  rmse=0.000928  max_abs_dA=0.002159  int_signed_dA=2.74e-12  int_abs_dA=3.407e-12  A_min=0.001395  max_dA_fwd=1.206e-06
  [shape] epoch  39000  rmse=0.0008975  max_abs_dA=0.002099  int_signed_dA=2.8e-12  int_abs_dA=3.264e-12  A_min=0.001394  max_dA_fwd=1.232e-06
  [shape] epoch  39250  rmse=0.001101  max_abs_dA=0.002465  int_signed_dA=4.181e-12  int_abs_dA=4.182e-12  A_min=0.001394  max_dA_fwd=1.164e-06
  [shape] epoch  39500  rmse=0.002323  max_abs_dA=0.004244  int_signed_dA=9.95e-12  int_abs_dA=9.95e-12  A_min=0.001542  max_dA_fwd=7.561e-07
  [shape] epoch  39750  rmse=0.000898  max_abs_dA=0.002109  int_signed_dA=2.869e-12  int_abs_dA=3.206e-12  A_min=0.001373  max_dA_fwd=1.231e-06
  [shape] epoch  40000  rmse=0.0008719  max_abs_dA=0.002039  int_signed_dA=2.524e-12  int_abs_dA=3.183e-12  A_min=0.001372  max_dA_fwd=1.226e-06
  [shape] epoch  40250  rmse=0.0008603  max_abs_dA=0.002024  int_signed_dA=2.628e-12  int_abs_dA=3.096e-12  A_min=0.001362  max_dA_fwd=1.245e-06
  [shape] epoch  40500  rmse=0.0008043  max_abs_dA=0.001869  int_signed_dA=1.964e-12  int_abs_dA=2.986e-12  A_min=0.001331  max_dA_fwd=1.26e-06
  [shape] epoch  40750  rmse=0.0008889  max_abs_dA=0.002087  int_signed_dA=2.705e-12  int_abs_dA=3.196e-12  A_min=0.001363  max_dA_fwd=1.202e-06
  [shape] epoch  41000  rmse=0.0009524  max_abs_dA=0.002239  int_signed_dA=3.026e-12  int_abs_dA=3.318e-12  A_min=0.001342  max_dA_fwd=1.156e-06
  [shape] epoch  41250  rmse=0.0009957  max_abs_dA=0.002214  int_signed_dA=-1.618e-12  int_abs_dA=3.633e-12  A_min=0.001315  max_dA_fwd=1.49e-06
  [shape] epoch  41500  rmse=0.001249  max_abs_dA=0.002691  int_signed_dA=4.951e-12  int_abs_dA=4.951e-12  A_min=0.001373  max_dA_fwd=1.076e-06
  [shape] epoch  41750  rmse=0.001003  max_abs_dA=0.002326  int_signed_dA=3.53e-12  int_abs_dA=3.537e-12  A_min=0.00132  max_dA_fwd=1.143e-06
  [shape] epoch  42000  rmse=0.000883  max_abs_dA=0.00201  int_signed_dA=2.201e-12  int_abs_dA=3.363e-12  A_min=0.001375  max_dA_fwd=1.195e-06
  [shape] epoch  42250  rmse=0.000861  max_abs_dA=0.002038  int_signed_dA=2.616e-12  int_abs_dA=3.04e-12  A_min=0.001324  max_dA_fwd=1.207e-06
  [shape] epoch  42500  rmse=0.0008061  max_abs_dA=0.001909  int_signed_dA=2.228e-12  int_abs_dA=2.908e-12  A_min=0.001304  max_dA_fwd=1.234e-06
  [shape] epoch  42750  rmse=0.0008604  max_abs_dA=0.002037  int_signed_dA=2.676e-12  int_abs_dA=3.022e-12  A_min=0.001324  max_dA_fwd=1.205e-06
  [shape] epoch  43000  rmse=0.0008597  max_abs_dA=0.002036  int_signed_dA=2.67e-12  int_abs_dA=3.013e-12  A_min=0.001324  max_dA_fwd=1.202e-06
  [shape] epoch  43250  rmse=0.0008755  max_abs_dA=0.002072  int_signed_dA=2.743e-12  int_abs_dA=3.052e-12  A_min=0.001325  max_dA_fwd=1.186e-06
  [shape] epoch  43500  rmse=0.0007981  max_abs_dA=0.001884  int_signed_dA=2.026e-12  int_abs_dA=2.898e-12  A_min=0.001298  max_dA_fwd=1.225e-06
  [shape] epoch  43750  rmse=0.0009447  max_abs_dA=0.002202  int_signed_dA=3.282e-12  int_abs_dA=3.298e-12  A_min=0.001322  max_dA_fwd=1.157e-06
  [shape] epoch  44000  rmse=0.0009232  max_abs_dA=0.002173  int_signed_dA=3.062e-12  int_abs_dA=3.158e-12  A_min=0.001322  max_dA_fwd=1.153e-06
  [shape] epoch  44250  rmse=0.0008971  max_abs_dA=0.002114  int_signed_dA=2.969e-12  int_abs_dA=3.084e-12  A_min=0.001309  max_dA_fwd=1.17e-06
  [shape] epoch  44500  rmse=0.0008921  max_abs_dA=0.002105  int_signed_dA=2.62e-12  int_abs_dA=3.104e-12  A_min=0.001309  max_dA_fwd=1.149e-06
  [shape] epoch  44750  rmse=0.0008438  max_abs_dA=0.002007  int_signed_dA=2.616e-12  int_abs_dA=2.927e-12  A_min=0.001293  max_dA_fwd=1.191e-06
  [shape] epoch  45000  rmse=0.0009291  max_abs_dA=0.002177  int_signed_dA=3.168e-12  int_abs_dA=3.203e-12  A_min=0.001306  max_dA_fwd=1.141e-06
  [shape] epoch  45250  rmse=0.0008383  max_abs_dA=0.001995  int_signed_dA=2.553e-12  int_abs_dA=2.914e-12  A_min=0.001291  max_dA_fwd=1.184e-06
  [shape] epoch  45500  rmse=0.0007998  max_abs_dA=0.001905  int_signed_dA=2.175e-12  int_abs_dA=2.843e-12  A_min=0.001277  max_dA_fwd=1.194e-06
  [shape] epoch  45750  rmse=0.0009047  max_abs_dA=0.002129  int_signed_dA=3.042e-12  int_abs_dA=3.105e-12  A_min=0.00129  max_dA_fwd=1.149e-06
  [shape] epoch  46000  rmse=0.00105  max_abs_dA=0.002366  int_signed_dA=3.917e-12  int_abs_dA=3.923e-12  A_min=0.001296  max_dA_fwd=1.096e-06
  [shape] epoch  46250  rmse=0.0008012  max_abs_dA=0.001914  int_signed_dA=2.268e-12  int_abs_dA=2.816e-12  A_min=0.001275  max_dA_fwd=1.189e-06
  [shape] epoch  46500  rmse=0.0006785  max_abs_dA=0.001503  int_signed_dA=9.717e-13  int_abs_dA=2.634e-12  A_min=0.001233  max_dA_fwd=1.293e-06
  [shape] epoch  46750  rmse=0.0007983  max_abs_dA=0.001909  int_signed_dA=2.274e-12  int_abs_dA=2.801e-12  A_min=0.001265  max_dA_fwd=1.183e-06
  [shape] epoch  47000  rmse=0.0008401  max_abs_dA=0.002001  int_signed_dA=2.611e-12  int_abs_dA=2.882e-12  A_min=0.001273  max_dA_fwd=1.161e-06
  [shape] epoch  47250  rmse=0.0008687  max_abs_dA=0.002061  int_signed_dA=2.798e-12  int_abs_dA=2.949e-12  A_min=0.001273  max_dA_fwd=1.143e-06
  [shape] epoch  47500  rmse=0.00126  max_abs_dA=0.002686  int_signed_dA=4.962e-12  int_abs_dA=4.963e-12  A_min=0.001295  max_dA_fwd=9.976e-07
  [shape] epoch  47750  rmse=0.0008449  max_abs_dA=0.002013  int_signed_dA=2.63e-12  int_abs_dA=2.882e-12  A_min=0.00127  max_dA_fwd=1.147e-06
  [shape] epoch  48000  rmse=0.0008244  max_abs_dA=0.001971  int_signed_dA=2.515e-12  int_abs_dA=2.823e-12  A_min=0.001247  max_dA_fwd=1.154e-06
  [shape] epoch  48250  rmse=0.0007989  max_abs_dA=0.001914  int_signed_dA=2.327e-12  int_abs_dA=2.774e-12  A_min=0.001246  max_dA_fwd=1.165e-06
  [shape] epoch  48500  rmse=0.0007861  max_abs_dA=0.001872  int_signed_dA=2.333e-12  int_abs_dA=2.788e-12  A_min=0.001247  max_dA_fwd=1.184e-06
  [shape] epoch  48750  rmse=0.0007654  max_abs_dA=0.001834  int_signed_dA=1.969e-12  int_abs_dA=2.719e-12  A_min=0.00123  max_dA_fwd=1.17e-06
  [shape] epoch  49000  rmse=0.000682  max_abs_dA=0.001348  int_signed_dA=3.637e-13  int_abs_dA=2.753e-12  A_min=0.001217  max_dA_fwd=1.291e-06
  [shape] epoch  49250  rmse=0.0007973  max_abs_dA=0.001911  int_signed_dA=2.355e-12  int_abs_dA=2.755e-12  A_min=0.001233  max_dA_fwd=1.153e-06
  [shape] epoch  49500  rmse=0.0006968  max_abs_dA=0.001433  int_signed_dA=-2.885e-13  int_abs_dA=2.808e-12  A_min=0.001189  max_dA_fwd=1.336e-06
  [shape] epoch  49750  rmse=0.0007765  max_abs_dA=0.001865  int_signed_dA=2.177e-12  int_abs_dA=2.709e-12  A_min=0.001228  max_dA_fwd=1.155e-06
  [shape] epoch  50000  rmse=0.0008084  max_abs_dA=0.001937  int_signed_dA=2.416e-12  int_abs_dA=2.769e-12  A_min=0.001234  max_dA_fwd=1.135e-06
  [shape] epoch  50250  rmse=0.000713  max_abs_dA=0.001692  int_signed_dA=1.596e-12  int_abs_dA=2.617e-12  A_min=0.001216  max_dA_fwd=1.19e-06
  [shape] epoch  50500  rmse=0.0009335  max_abs_dA=0.002169  int_signed_dA=3.251e-12  int_abs_dA=3.32e-12  A_min=0.001237  max_dA_fwd=1.075e-06
  [shape] epoch  50750  rmse=0.0006712  max_abs_dA=0.00154  int_signed_dA=1.111e-12  int_abs_dA=2.568e-12  A_min=0.001197  max_dA_fwd=1.225e-06
  [shape] epoch  51000  rmse=0.0007247  max_abs_dA=0.001738  int_signed_dA=1.797e-12  int_abs_dA=2.608e-12  A_min=0.001205  max_dA_fwd=1.172e-06
  [shape] epoch  51250  rmse=0.000697  max_abs_dA=0.001566  int_signed_dA=1.071e-12  int_abs_dA=2.711e-12  A_min=0.001216  max_dA_fwd=1.199e-06
  [shape] epoch  51500  rmse=0.0008993  max_abs_dA=0.002109  int_signed_dA=3.043e-12  int_abs_dA=3.134e-12  A_min=0.001223  max_dA_fwd=1.075e-06
  [shape] epoch  51750  rmse=0.0006861  max_abs_dA=0.001629  int_signed_dA=1.432e-12  int_abs_dA=2.546e-12  A_min=0.001175  max_dA_fwd=1.188e-06
  [shape] epoch  52000  rmse=0.000785  max_abs_dA=0.001886  int_signed_dA=2.289e-12  int_abs_dA=2.702e-12  A_min=0.001209  max_dA_fwd=1.121e-06
  [shape] epoch  52250  rmse=0.0007796  max_abs_dA=0.001875  int_signed_dA=2.245e-12  int_abs_dA=2.687e-12  A_min=0.001206  max_dA_fwd=1.119e-06
  [shape] epoch  52500  rmse=0.000743  max_abs_dA=0.001788  int_signed_dA=1.985e-12  int_abs_dA=2.624e-12  A_min=0.001198  max_dA_fwd=1.139e-06
  [shape] epoch  52750  rmse=0.0007542  max_abs_dA=0.001816  int_signed_dA=2.078e-12  int_abs_dA=2.636e-12  A_min=0.001195  max_dA_fwd=1.128e-06
  [shape] epoch  53000  rmse=0.0007491  max_abs_dA=0.001804  int_signed_dA=2.007e-12  int_abs_dA=2.626e-12  A_min=0.001193  max_dA_fwd=1.124e-06
  [shape] epoch  53250  rmse=0.0007844  max_abs_dA=0.001886  int_signed_dA=2.288e-12  int_abs_dA=2.684e-12  A_min=0.001195  max_dA_fwd=1.101e-06
  [shape] epoch  53500  rmse=0.0007783  max_abs_dA=0.001872  int_signed_dA=2.256e-12  int_abs_dA=2.672e-12  A_min=0.001195  max_dA_fwd=1.102e-06
  [shape] epoch  53750  rmse=0.000786  max_abs_dA=0.001887  int_signed_dA=2.327e-12  int_abs_dA=2.689e-12  A_min=0.00119  max_dA_fwd=1.095e-06
  [shape] epoch  54000  rmse=0.0007773  max_abs_dA=0.00187  int_signed_dA=2.246e-12  int_abs_dA=2.667e-12  A_min=0.001191  max_dA_fwd=1.094e-06
  [shape] epoch  54250  rmse=0.0007671  max_abs_dA=0.001847  int_signed_dA=2.186e-12  int_abs_dA=2.645e-12  A_min=0.001185  max_dA_fwd=1.097e-06
  [shape] epoch  54500  rmse=0.0007246  max_abs_dA=0.001739  int_signed_dA=1.733e-12  int_abs_dA=2.592e-12  A_min=0.001179  max_dA_fwd=1.113e-06
  [shape] epoch  54750  rmse=0.0007657  max_abs_dA=0.001843  int_signed_dA=2.191e-12  int_abs_dA=2.641e-12  A_min=0.001177  max_dA_fwd=1.092e-06
  [shape] epoch  55000  rmse=0.0007749  max_abs_dA=0.001863  int_signed_dA=2.251e-12  int_abs_dA=2.656e-12  A_min=0.001181  max_dA_fwd=1.082e-06
  [shape] epoch  55250  rmse=0.0007729  max_abs_dA=0.00186  int_signed_dA=2.224e-12  int_abs_dA=2.652e-12  A_min=0.001181  max_dA_fwd=1.078e-06
  [shape] epoch  55500  rmse=0.0007578  max_abs_dA=0.001826  int_signed_dA=2.115e-12  int_abs_dA=2.622e-12  A_min=0.001175  max_dA_fwd=1.083e-06
  [shape] epoch  55750  rmse=0.0007716  max_abs_dA=0.001858  int_signed_dA=2.19e-12  int_abs_dA=2.646e-12  A_min=0.001177  max_dA_fwd=1.069e-06
  [shape] epoch  56000  rmse=0.0006797  max_abs_dA=0.001607  int_signed_dA=1.313e-12  int_abs_dA=2.531e-12  A_min=0.00115  max_dA_fwd=1.124e-06
  [shape] epoch  56250  rmse=0.0007367  max_abs_dA=0.001776  int_signed_dA=1.896e-12  int_abs_dA=2.584e-12  A_min=0.001167  max_dA_fwd=1.08e-06
  [shape] epoch  56500  rmse=0.0007638  max_abs_dA=0.001841  int_signed_dA=2.148e-12  int_abs_dA=2.622e-12  A_min=0.001164  max_dA_fwd=1.062e-06
  [shape] epoch  56750  rmse=0.0006968  max_abs_dA=0.001662  int_signed_dA=1.505e-12  int_abs_dA=2.545e-12  A_min=0.001159  max_dA_fwd=1.1e-06
  [shape] epoch  57000  rmse=0.000767  max_abs_dA=0.001846  int_signed_dA=2.202e-12  int_abs_dA=2.629e-12  A_min=0.001162  max_dA_fwd=1.056e-06
  [shape] epoch  57250  rmse=0.0008229  max_abs_dA=0.00196  int_signed_dA=2.583e-12  int_abs_dA=2.791e-12  A_min=0.001169  max_dA_fwd=1.025e-06
  [shape] epoch  57500  rmse=0.000756  max_abs_dA=0.001823  int_signed_dA=2.108e-12  int_abs_dA=2.607e-12  A_min=0.001158  max_dA_fwd=1.054e-06
  [shape] epoch  57750  rmse=0.0007817  max_abs_dA=0.001877  int_signed_dA=2.307e-12  int_abs_dA=2.66e-12  A_min=0.00116  max_dA_fwd=1.038e-06
  [shape] epoch  58000  rmse=0.0007618  max_abs_dA=0.001836  int_signed_dA=2.15e-12  int_abs_dA=2.616e-12  A_min=0.001154  max_dA_fwd=1.043e-06
  [shape] epoch  58250  rmse=0.0007358  max_abs_dA=0.001777  int_signed_dA=1.957e-12  int_abs_dA=2.565e-12  A_min=0.001146  max_dA_fwd=1.053e-06
  [shape] epoch  58500  rmse=0.0007482  max_abs_dA=0.001805  int_signed_dA=2.059e-12  int_abs_dA=2.585e-12  A_min=0.001149  max_dA_fwd=1.043e-06
  [shape] epoch  58750  rmse=0.0007551  max_abs_dA=0.001821  int_signed_dA=2.112e-12  int_abs_dA=2.596e-12  A_min=0.001149  max_dA_fwd=1.036e-06
  [shape] epoch  59000  rmse=0.000751  max_abs_dA=0.001811  int_signed_dA=2.085e-12  int_abs_dA=2.587e-12  A_min=0.001147  max_dA_fwd=1.035e-06
  [shape] epoch  59250  rmse=0.0007403  max_abs_dA=0.001788  int_signed_dA=1.993e-12  int_abs_dA=2.564e-12  A_min=0.001137  max_dA_fwd=1.035e-06
  [shape] epoch  59500  rmse=0.0007537  max_abs_dA=0.001817  int_signed_dA=2.109e-12  int_abs_dA=2.589e-12  A_min=0.001143  max_dA_fwd=1.026e-06
  [shape] epoch  59750  rmse=0.000757  max_abs_dA=0.001824  int_signed_dA=2.132e-12  int_abs_dA=2.593e-12  A_min=0.001143  max_dA_fwd=1.02e-06
  [shape] epoch  59999  rmse=0.0007467  max_abs_dA=0.001801  int_signed_dA=2.062e-12  int_abs_dA=2.575e-12  A_min=0.001139  max_dA_fwd=1.022e-06
[spectral-pn] spn-L1.0-s42: loss 2.831e-01 -> 3.392e-07 (x834759 drop)
[spectral-pn] RMSE=0.0007 max|dA|=0.0018 gamma_eff=1.3616e+09 gamma_ratio=0.9972
[spectral-pn] snapshot=final best_epoch=59999 best_loss=3.392e-07 final_loss=3.392e-07
[spectral-pn-shape] cancel=0.801 int_signed_dA=2.0623e-12 int_abs_dA=2.5751e-12 A_min=1.1389e-03 max_dA_fwd=1.0221e-06
[spectral-pn] saved: runs/transient/pn_corridor_ladder_60k/ladder_L1.0_2d
