[spectral-pn] case: L=0.1 um, Nk=20, L_max=8, run=20260817_124841
[spectral-pn] window t_end=2.335e-10 s (34.9 tau_ref), gamma_dom=2.9984e+10 Hz
[spectral-pn] window mode=n_decay rule=n_decay (t_1% at 0.01*A0: nan s; n_dec=7/gamma_dom: 2.3346e-10 s)
  epoch      0  residual 3.568e-03
  epoch    250  residual 5.323e-05
  epoch    500  residual 1.395e-05
  epoch    750  residual 8.569e-06
  epoch   1000  residual 6.001e-06
  epoch   1250  residual 4.425e-06
  epoch   1500  residual 4.596e-06
  epoch   1750  residual 2.863e-06
  epoch   2000  residual 2.408e-06
  epoch   2250  residual 2.465e-06
  epoch   2500  residual 1.836e-06
  epoch   2750  residual 1.748e-06
  epoch   3000  residual 1.522e-06
  epoch   3250  residual 1.375e-06
  epoch   3500  residual 1.333e-06
  epoch   3750  residual 1.247e-06
  epoch   4000  residual 1.115e-06
  epoch   4250  residual 1.117e-06
  epoch   4500  residual 9.886e-07
  epoch   4750  residual 9.820e-07
  epoch   5000  residual 9.282e-07
  epoch   5250  residual 8.196e-07
  epoch   5500  residual 7.382e-07
  epoch   5750  residual 7.234e-07
  epoch   6000  residual 7.245e-07
  epoch   6250  residual 6.913e-07
  epoch   6500  residual 6.224e-07
  epoch   6750  residual 6.087e-07
  epoch   7000  residual 6.052e-07
  epoch   7250  residual 6.323e-07
  epoch   7500  residual 1.238e-06
  epoch   7750  residual 5.232e-07
  epoch   8000  residual 4.964e-07
  epoch   8250  residual 5.071e-07
  epoch   8500  residual 5.009e-07
  epoch   8750  residual 4.704e-07
  epoch   9000  residual 4.371e-07
  epoch   9250  residual 9.330e-07
  epoch   9500  residual 4.107e-07
  epoch   9750  residual 3.910e-07
  epoch  10000  residual 3.830e-07
  epoch  10250  residual 4.108e-07
  epoch  10500  residual 5.303e-07
  epoch  10750  residual 4.147e-07
  epoch  11000  residual 6.000e-07
  epoch  11250  residual 3.619e-07
  epoch  11500  residual 4.004e-07
  epoch  11750  residual 8.718e-07
  epoch  12000  residual 3.058e-07
  epoch  12250  residual 3.256e-07
  epoch  12500  residual 5.452e-07
  epoch  12750  residual 7.515e-07
  epoch  13000  residual 4.026e-07
  epoch  13250  residual 5.611e-07
  epoch  13500  residual 3.245e-07
  epoch  13750  residual 4.167e-07
  epoch  14000  residual 2.444e-07
  epoch  14250  residual 2.988e-07
  epoch  14500  residual 3.743e-07
  epoch  14750  residual 3.486e-07
  epoch  15000  residual 2.357e-07
  epoch  15250  residual 2.454e-07
  epoch  15500  residual 2.470e-07
  epoch  15750  residual 5.585e-07
  epoch  16000  residual 2.475e-07
  epoch  16250  residual 2.356e-07
  epoch  16500  residual 2.109e-07
  epoch  16750  residual 2.056e-07
  epoch  17000  residual 2.056e-07
  epoch  17250  residual 2.601e-07
  epoch  17500  residual 2.601e-07
  epoch  17750  residual 2.086e-07
  epoch  18000  residual 2.352e-07
  epoch  18250  residual 2.325e-07
  epoch  18500  residual 1.816e-07
  epoch  18750  residual 4.258e-07
  epoch  19000  residual 2.443e-07
  epoch  19250  residual 1.917e-07
  epoch  19500  residual 1.829e-07
  epoch  19750  residual 2.064e-07
  epoch  20000  residual 1.634e-07
  epoch  20250  residual 2.940e-07
  epoch  20500  residual 1.960e-07
  epoch  20750  residual 1.816e-07
  epoch  21000  residual 4.408e-07
  epoch  21250  residual 1.374e-07
  epoch  21500  residual 1.457e-07
  epoch  21750  residual 1.468e-07
  epoch  22000  residual 1.368e-07
  epoch  22250  residual 1.649e-07
  epoch  22500  residual 1.337e-07
  epoch  22750  residual 1.352e-07
  epoch  23000  residual 1.522e-07
  epoch  23250  residual 1.538e-07
  epoch  23500  residual 1.805e-07
  epoch  23750  residual 1.324e-07
  epoch  24000  residual 1.160e-07
  epoch  24250  residual 1.312e-07
  epoch  24500  residual 1.236e-07
  epoch  24750  residual 2.060e-07
  epoch  25000  residual 1.202e-07
  epoch  25250  residual 1.362e-07
  epoch  25500  residual 1.324e-07
  epoch  25750  residual 1.054e-07
  epoch  26000  residual 1.104e-07
  epoch  26250  residual 1.068e-07
  epoch  26500  residual 1.108e-07
  epoch  26750  residual 1.240e-07
  epoch  27000  residual 9.781e-08
  epoch  27250  residual 1.065e-07
  epoch  27500  residual 9.575e-08
  epoch  27750  residual 1.341e-07
  epoch  28000  residual 9.622e-08
  epoch  28250  residual 9.050e-08
  epoch  28500  residual 1.062e-07
  epoch  28750  residual 9.445e-08
  epoch  29000  residual 9.288e-08
  epoch  29250  residual 9.147e-08
  epoch  29500  residual 1.391e-07
  epoch  29750  residual 8.645e-08
  epoch  30000  residual 9.492e-08
  epoch  30250  residual 9.257e-08
  epoch  30500  residual 1.208e-07
  epoch  30750  residual 1.088e-07
  epoch  31000  residual 1.158e-07
  epoch  31250  residual 1.703e-07
  epoch  31500  residual 8.670e-08
  epoch  31750  residual 7.783e-08
  epoch  32000  residual 1.828e-07
  epoch  32250  residual 1.079e-07
  epoch  32500  residual 9.248e-08
  epoch  32750  residual 1.126e-07
  epoch  33000  residual 9.561e-08
  epoch  33250  residual 1.247e-07
  epoch  33500  residual 8.088e-08
  epoch  33750  residual 9.907e-08
  epoch  34000  residual 7.412e-08
  epoch  34250  residual 8.270e-08
  epoch  34500  residual 8.564e-08
  epoch  34750  residual 7.607e-08
  epoch  35000  residual 7.980e-08
  epoch  35250  residual 7.997e-08
  epoch  35500  residual 7.756e-08
  epoch  35750  residual 7.174e-08
  epoch  36000  residual 8.551e-08
  epoch  36250  residual 7.309e-08
  epoch  36500  residual 8.525e-08
  epoch  36750  residual 7.538e-08
  epoch  37000  residual 1.154e-07
  epoch  37250  residual 9.777e-08
  epoch  37500  residual 7.229e-08
  epoch  37750  residual 7.081e-08
  epoch  38000  residual 6.638e-08
  epoch  38250  residual 6.322e-08
  epoch  38500  residual 6.903e-08
  epoch  38750  residual 7.365e-08
  epoch  39000  residual 6.727e-08
  epoch  39250  residual 6.514e-08
  epoch  39500  residual 6.232e-08
  epoch  39750  residual 6.673e-08
  epoch  40000  residual 6.956e-08
  epoch  40250  residual 6.876e-08
  epoch  40500  residual 6.684e-08
  epoch  40750  residual 5.913e-08
  epoch  41000  residual 6.169e-08
  epoch  41250  residual 5.768e-08
  epoch  41500  residual 6.525e-08
  epoch  41750  residual 5.746e-08
  epoch  42000  residual 5.691e-08
  epoch  42250  residual 5.662e-08
  epoch  42500  residual 6.097e-08
  epoch  42750  residual 5.762e-08
  epoch  43000  residual 5.827e-08
  epoch  43250  residual 6.096e-08
  epoch  43500  residual 5.675e-08
  epoch  43750  residual 5.694e-08
  epoch  44000  residual 5.486e-08
  epoch  44250  residual 5.397e-08
  epoch  44500  residual 5.387e-08
  epoch  44750  residual 5.411e-08
  epoch  45000  residual 5.339e-08
  epoch  45250  residual 6.776e-08
  epoch  45500  residual 5.467e-08
  epoch  45750  residual 5.390e-08
  epoch  46000  residual 5.351e-08
  epoch  46250  residual 5.167e-08
  epoch  46500  residual 5.155e-08
  epoch  46750  residual 5.543e-08
  epoch  47000  residual 5.342e-08
  epoch  47250  residual 5.057e-08
  epoch  47500  residual 5.044e-08
  epoch  47750  residual 5.375e-08
  epoch  48000  residual 5.238e-08
  epoch  48250  residual 5.093e-08
  epoch  48500  residual 5.019e-08
  epoch  48750  residual 4.951e-08
  epoch  49000  residual 5.011e-08
  epoch  49250  residual 4.942e-08
  epoch  49500  residual 5.090e-08
  epoch  49750  residual 4.861e-08
  epoch  50000  residual 5.013e-08
  epoch  50250  residual 5.023e-08
  epoch  50500  residual 5.222e-08
  epoch  50750  residual 4.861e-08
  epoch  51000  residual 4.753e-08
  epoch  51250  residual 4.818e-08
  epoch  51500  residual 4.727e-08
  epoch  51750  residual 4.693e-08
  epoch  52000  residual 4.993e-08
  epoch  52250  residual 4.662e-08
  epoch  52500  residual 4.698e-08
  epoch  52750  residual 4.640e-08
  epoch  53000  residual 4.619e-08
  epoch  53250  residual 4.606e-08
  epoch  53500  residual 4.664e-08
  epoch  53750  residual 4.571e-08
  epoch  54000  residual 4.630e-08
  epoch  54250  residual 4.547e-08
  epoch  54500  residual 4.535e-08
  epoch  54750  residual 4.511e-08
  epoch  55000  residual 4.499e-08
  epoch  55250  residual 4.489e-08
  epoch  55500  residual 4.474e-08
  epoch  55750  residual 4.497e-08
  epoch  56000  residual 4.455e-08
  epoch  56250  residual 4.434e-08
  epoch  56500  residual 4.431e-08
  epoch  56750  residual 4.411e-08
  epoch  57000  residual 4.400e-08
  epoch  57250  residual 4.385e-08
  epoch  57500  residual 4.381e-08
  epoch  57750  residual 4.371e-08
  epoch  58000  residual 4.352e-08
  epoch  58250  residual 4.361e-08
  epoch  58500  residual 4.332e-08
  epoch  58750  residual 4.325e-08
  epoch  59000  residual 4.345e-08
  epoch  59250  residual 4.299e-08
  epoch  59500  residual 4.287e-08
  epoch  59750  residual 4.290e-08
  epoch  59999  residual 4.268e-08
  [gamma] epoch      0  gamma_ratio 0.6785  residual 3.568e-03
  [gamma] epoch    250  gamma_ratio 0.8414  residual 5.323e-05
  [gamma] epoch    500  gamma_ratio 0.9205  residual 1.395e-05
  [gamma] epoch    750  gamma_ratio 0.9454  residual 8.569e-06
  [gamma] epoch   1000  gamma_ratio 0.9600  residual 6.001e-06
  [gamma] epoch   1250  gamma_ratio 0.9708  residual 4.425e-06
  [gamma] epoch   1500  gamma_ratio 0.9694  residual 4.596e-06
  [gamma] epoch   1750  gamma_ratio 0.9815  residual 2.863e-06
  [gamma] epoch   2000  gamma_ratio 0.9829  residual 2.408e-06
  [gamma] epoch   2250  gamma_ratio 0.9823  residual 2.465e-06
  [gamma] epoch   2500  gamma_ratio 0.9851  residual 1.836e-06
  [gamma] epoch   2750  gamma_ratio 0.9853  residual 1.748e-06
  [gamma] epoch   3000  gamma_ratio 0.9860  residual 1.522e-06
  [gamma] epoch   3250  gamma_ratio 0.9866  residual 1.375e-06
  [gamma] epoch   3500  gamma_ratio 0.9862  residual 1.333e-06
  [gamma] epoch   3750  gamma_ratio 0.9892  residual 1.247e-06
  [gamma] epoch   4000  gamma_ratio 0.9880  residual 1.115e-06
  [gamma] epoch   4250  gamma_ratio 0.9868  residual 1.117e-06
  [gamma] epoch   4500  gamma_ratio 0.9895  residual 9.886e-07
  [gamma] epoch   4750  gamma_ratio 0.9855  residual 9.820e-07
  [gamma] epoch   5000  gamma_ratio 0.9897  residual 9.282e-07
  [gamma] epoch   5250  gamma_ratio 0.9901  residual 8.196e-07
  [gamma] epoch   5500  gamma_ratio 0.9896  residual 7.382e-07
  [gamma] epoch   5750  gamma_ratio 0.9906  residual 7.234e-07
  [gamma] epoch   6000  gamma_ratio 0.9914  residual 7.245e-07
  [gamma] epoch   6250  gamma_ratio 0.9916  residual 6.913e-07
  [gamma] epoch   6500  gamma_ratio 0.9905  residual 6.224e-07
  [gamma] epoch   6750  gamma_ratio 0.9911  residual 6.087e-07
  [gamma] epoch   7000  gamma_ratio 0.9920  residual 6.052e-07
  [gamma] epoch   7250  gamma_ratio 0.9917  residual 6.323e-07
  [gamma] epoch   7500  gamma_ratio 0.9953  residual 1.238e-06
  [gamma] epoch   7750  gamma_ratio 0.9913  residual 5.232e-07
  [gamma] epoch   8000  gamma_ratio 0.9908  residual 4.964e-07
  [gamma] epoch   8250  gamma_ratio 0.9908  residual 5.071e-07
  [gamma] epoch   8500  gamma_ratio 0.9916  residual 5.009e-07
  [gamma] epoch   8750  gamma_ratio 0.9920  residual 4.704e-07
  [gamma] epoch   9000  gamma_ratio 0.9909  residual 4.371e-07
  [gamma] epoch   9250  gamma_ratio 0.9929  residual 9.330e-07
  [gamma] epoch   9500  gamma_ratio 0.9913  residual 4.107e-07
  [gamma] epoch   9750  gamma_ratio 0.9916  residual 3.910e-07
  [gamma] epoch  10000  gamma_ratio 0.9917  residual 3.830e-07
  [gamma] epoch  10250  gamma_ratio 0.9913  residual 4.108e-07
  [gamma] epoch  10500  gamma_ratio 0.9953  residual 5.303e-07
  [gamma] epoch  10750  gamma_ratio 0.9907  residual 4.147e-07
  [gamma] epoch  11000  gamma_ratio 0.9911  residual 6.000e-07
  [gamma] epoch  11250  gamma_ratio 0.9918  residual 3.619e-07
  [gamma] epoch  11500  gamma_ratio 0.9933  residual 4.004e-07
  [gamma] epoch  11750  gamma_ratio 0.9923  residual 8.718e-07
  [gamma] epoch  12000  gamma_ratio 0.9924  residual 3.058e-07
  [gamma] epoch  12250  gamma_ratio 0.9924  residual 3.256e-07
  [gamma] epoch  12500  gamma_ratio 0.9903  residual 5.452e-07
  [gamma] epoch  12750  gamma_ratio 0.9915  residual 7.515e-07
  [gamma] epoch  13000  gamma_ratio 0.9965  residual 4.026e-07
  [gamma] epoch  13250  gamma_ratio 0.9920  residual 5.611e-07
  [gamma] epoch  13500  gamma_ratio 0.9919  residual 3.245e-07
  [gamma] epoch  13750  gamma_ratio 0.9922  residual 4.167e-07
  [gamma] epoch  14000  gamma_ratio 0.9931  residual 2.444e-07
  [gamma] epoch  14250  gamma_ratio 0.9916  residual 2.988e-07
  [gamma] epoch  14500  gamma_ratio 0.9919  residual 3.743e-07
  [gamma] epoch  14750  gamma_ratio 0.9956  residual 3.486e-07
  [gamma] epoch  15000  gamma_ratio 0.9933  residual 2.357e-07
  [gamma] epoch  15250  gamma_ratio 0.9929  residual 2.454e-07
  [gamma] epoch  15500  gamma_ratio 0.9929  residual 2.470e-07
  [gamma] epoch  15750  gamma_ratio 0.9909  residual 5.585e-07
  [gamma] epoch  16000  gamma_ratio 0.9929  residual 2.475e-07
  [gamma] epoch  16250  gamma_ratio 0.9937  residual 2.356e-07
  [gamma] epoch  16500  gamma_ratio 0.9932  residual 2.109e-07
  [gamma] epoch  16750  gamma_ratio 0.9942  residual 2.056e-07
  [gamma] epoch  17000  gamma_ratio 0.9927  residual 2.056e-07
  [gamma] epoch  17250  gamma_ratio 0.9938  residual 2.601e-07
  [gamma] epoch  17500  gamma_ratio 0.9931  residual 2.601e-07
  [gamma] epoch  17750  gamma_ratio 0.9944  residual 2.086e-07
  [gamma] epoch  18000  gamma_ratio 0.9932  residual 2.352e-07
  [gamma] epoch  18250  gamma_ratio 0.9914  residual 2.325e-07
  [gamma] epoch  18500  gamma_ratio 0.9942  residual 1.816e-07
  [gamma] epoch  18750  gamma_ratio 0.9932  residual 4.258e-07
  [gamma] epoch  19000  gamma_ratio 0.9932  residual 2.443e-07
  [gamma] epoch  19250  gamma_ratio 0.9941  residual 1.917e-07
  [gamma] epoch  19500  gamma_ratio 0.9939  residual 1.829e-07
  [gamma] epoch  19750  gamma_ratio 0.9943  residual 2.064e-07
  [gamma] epoch  20000  gamma_ratio 0.9937  residual 1.634e-07
  [gamma] epoch  20250  gamma_ratio 0.9935  residual 2.940e-07
  [gamma] epoch  20500  gamma_ratio 0.9938  residual 1.960e-07
  [gamma] epoch  20750  gamma_ratio 0.9934  residual 1.816e-07
  [gamma] epoch  21000  gamma_ratio 0.9930  residual 4.408e-07
  [gamma] epoch  21250  gamma_ratio 0.9937  residual 1.374e-07
  [gamma] epoch  21500  gamma_ratio 0.9933  residual 1.457e-07
  [gamma] epoch  21750  gamma_ratio 0.9942  residual 1.468e-07
  [gamma] epoch  22000  gamma_ratio 0.9947  residual 1.368e-07
  [gamma] epoch  22250  gamma_ratio 0.9939  residual 1.649e-07
  [gamma] epoch  22500  gamma_ratio 0.9943  residual 1.337e-07
  [gamma] epoch  22750  gamma_ratio 0.9942  residual 1.352e-07
  [gamma] epoch  23000  gamma_ratio 0.9935  residual 1.522e-07
  [gamma] epoch  23250  gamma_ratio 0.9941  residual 1.538e-07
  [gamma] epoch  23500  gamma_ratio 0.9938  residual 1.805e-07
  [gamma] epoch  23750  gamma_ratio 0.9942  residual 1.324e-07
  [gamma] epoch  24000  gamma_ratio 0.9944  residual 1.160e-07
  [gamma] epoch  24250  gamma_ratio 0.9941  residual 1.312e-07
  [gamma] epoch  24500  gamma_ratio 0.9947  residual 1.236e-07
  [gamma] epoch  24750  gamma_ratio 0.9935  residual 2.060e-07
  [gamma] epoch  25000  gamma_ratio 0.9944  residual 1.202e-07
  [gamma] epoch  25250  gamma_ratio 0.9943  residual 1.362e-07
  [gamma] epoch  25500  gamma_ratio 0.9944  residual 1.324e-07
  [gamma] epoch  25750  gamma_ratio 0.9944  residual 1.054e-07
  [gamma] epoch  26000  gamma_ratio 0.9944  residual 1.104e-07
  [gamma] epoch  26250  gamma_ratio 0.9941  residual 1.068e-07
  [gamma] epoch  26500  gamma_ratio 0.9944  residual 1.108e-07
  [gamma] epoch  26750  gamma_ratio 0.9935  residual 1.240e-07
  [gamma] epoch  27000  gamma_ratio 0.9945  residual 9.781e-08
  [gamma] epoch  27250  gamma_ratio 0.9944  residual 1.065e-07
  [gamma] epoch  27500  gamma_ratio 0.9944  residual 9.575e-08
  [gamma] epoch  27750  gamma_ratio 0.9945  residual 1.341e-07
  [gamma] epoch  28000  gamma_ratio 0.9942  residual 9.622e-08
  [gamma] epoch  28250  gamma_ratio 0.9945  residual 9.050e-08
  [gamma] epoch  28500  gamma_ratio 0.9949  residual 1.062e-07
  [gamma] epoch  28750  gamma_ratio 0.9947  residual 9.445e-08
  [gamma] epoch  29000  gamma_ratio 0.9946  residual 9.288e-08
  [gamma] epoch  29250  gamma_ratio 0.9949  residual 9.147e-08
  [gamma] epoch  29500  gamma_ratio 0.9940  residual 1.391e-07
  [gamma] epoch  29750  gamma_ratio 0.9947  residual 8.645e-08
  [gamma] epoch  30000  gamma_ratio 0.9942  residual 9.492e-08
  [gamma] epoch  30250  gamma_ratio 0.9942  residual 9.257e-08
  [gamma] epoch  30500  gamma_ratio 0.9942  residual 1.208e-07
  [gamma] epoch  30750  gamma_ratio 0.9949  residual 1.088e-07
  [gamma] epoch  31000  gamma_ratio 0.9942  residual 1.158e-07
  [gamma] epoch  31250  gamma_ratio 0.9940  residual 1.703e-07
  [gamma] epoch  31500  gamma_ratio 0.9943  residual 8.670e-08
  [gamma] epoch  31750  gamma_ratio 0.9946  residual 7.783e-08
  [gamma] epoch  32000  gamma_ratio 0.9934  residual 1.828e-07
  [gamma] epoch  32250  gamma_ratio 0.9943  residual 1.079e-07
  [gamma] epoch  32500  gamma_ratio 0.9941  residual 9.248e-08
  [gamma] epoch  32750  gamma_ratio 0.9950  residual 1.126e-07
  [gamma] epoch  33000  gamma_ratio 0.9949  residual 9.561e-08
  [gamma] epoch  33250  gamma_ratio 0.9941  residual 1.247e-07
  [gamma] epoch  33500  gamma_ratio 0.9944  residual 8.088e-08
  [gamma] epoch  33750  gamma_ratio 0.9939  residual 9.907e-08
  [gamma] epoch  34000  gamma_ratio 0.9945  residual 7.412e-08
  [gamma] epoch  34250  gamma_ratio 0.9946  residual 8.270e-08
  [gamma] epoch  34500  gamma_ratio 0.9949  residual 8.564e-08
  [gamma] epoch  34750  gamma_ratio 0.9948  residual 7.607e-08
  [gamma] epoch  35000  gamma_ratio 0.9945  residual 7.980e-08
  [gamma] epoch  35250  gamma_ratio 0.9949  residual 7.997e-08
  [gamma] epoch  35500  gamma_ratio 0.9950  residual 7.756e-08
  [gamma] epoch  35750  gamma_ratio 0.9945  residual 7.174e-08
  [gamma] epoch  36000  gamma_ratio 0.9939  residual 8.551e-08
  [gamma] epoch  36250  gamma_ratio 0.9947  residual 7.309e-08
  [gamma] epoch  36500  gamma_ratio 0.9942  residual 8.525e-08
  [gamma] epoch  36750  gamma_ratio 0.9951  residual 7.538e-08
  [gamma] epoch  37000  gamma_ratio 0.9952  residual 1.154e-07
  [gamma] epoch  37250  gamma_ratio 0.9954  residual 9.777e-08
  [gamma] epoch  37500  gamma_ratio 0.9943  residual 7.229e-08
  [gamma] epoch  37750  gamma_ratio 0.9946  residual 7.081e-08
  [gamma] epoch  38000  gamma_ratio 0.9947  residual 6.638e-08
  [gamma] epoch  38250  gamma_ratio 0.9946  residual 6.322e-08
  [gamma] epoch  38500  gamma_ratio 0.9944  residual 6.903e-08
  [gamma] epoch  38750  gamma_ratio 0.9948  residual 7.365e-08
  [gamma] epoch  39000  gamma_ratio 0.9943  residual 6.727e-08
  [gamma] epoch  39250  gamma_ratio 0.9943  residual 6.514e-08
  [gamma] epoch  39500  gamma_ratio 0.9946  residual 6.232e-08
  [gamma] epoch  39750  gamma_ratio 0.9943  residual 6.673e-08
  [gamma] epoch  40000  gamma_ratio 0.9945  residual 6.956e-08
  [gamma] epoch  40250  gamma_ratio 0.9951  residual 6.876e-08
  [gamma] epoch  40500  gamma_ratio 0.9944  residual 6.684e-08
  [gamma] epoch  40750  gamma_ratio 0.9944  residual 5.913e-08
  [gamma] epoch  41000  gamma_ratio 0.9946  residual 6.169e-08
  [gamma] epoch  41250  gamma_ratio 0.9946  residual 5.768e-08
  [gamma] epoch  41500  gamma_ratio 0.9947  residual 6.525e-08
  [gamma] epoch  41750  gamma_ratio 0.9945  residual 5.746e-08
  [gamma] epoch  42000  gamma_ratio 0.9945  residual 5.691e-08
  [gamma] epoch  42250  gamma_ratio 0.9945  residual 5.662e-08
  [gamma] epoch  42500  gamma_ratio 0.9946  residual 6.097e-08
  [gamma] epoch  42750  gamma_ratio 0.9945  residual 5.762e-08
  [gamma] epoch  43000  gamma_ratio 0.9945  residual 5.827e-08
  [gamma] epoch  43250  gamma_ratio 0.9947  residual 6.096e-08
  [gamma] epoch  43500  gamma_ratio 0.9945  residual 5.675e-08
  [gamma] epoch  43750  gamma_ratio 0.9945  residual 5.694e-08
  [gamma] epoch  44000  gamma_ratio 0.9945  residual 5.486e-08
  [gamma] epoch  44250  gamma_ratio 0.9946  residual 5.397e-08
  [gamma] epoch  44500  gamma_ratio 0.9945  residual 5.387e-08
  [gamma] epoch  44750  gamma_ratio 0.9946  residual 5.411e-08
  [gamma] epoch  45000  gamma_ratio 0.9945  residual 5.339e-08
  [gamma] epoch  45250  gamma_ratio 0.9939  residual 6.776e-08
  [gamma] epoch  45500  gamma_ratio 0.9947  residual 5.467e-08
  [gamma] epoch  45750  gamma_ratio 0.9947  residual 5.390e-08
  [gamma] epoch  46000  gamma_ratio 0.9948  residual 5.351e-08
  [gamma] epoch  46250  gamma_ratio 0.9946  residual 5.167e-08
  [gamma] epoch  46500  gamma_ratio 0.9945  residual 5.155e-08
  [gamma] epoch  46750  gamma_ratio 0.9947  residual 5.543e-08
  [gamma] epoch  47000  gamma_ratio 0.9945  residual 5.342e-08
  [gamma] epoch  47250  gamma_ratio 0.9945  residual 5.057e-08
  [gamma] epoch  47500  gamma_ratio 0.9945  residual 5.044e-08
  [gamma] epoch  47750  gamma_ratio 0.9945  residual 5.375e-08
  [gamma] epoch  48000  gamma_ratio 0.9943  residual 5.238e-08
  [gamma] epoch  48250  gamma_ratio 0.9946  residual 5.093e-08
  [gamma] epoch  48500  gamma_ratio 0.9946  residual 5.019e-08
  [gamma] epoch  48750  gamma_ratio 0.9945  residual 4.951e-08
  [gamma] epoch  49000  gamma_ratio 0.9945  residual 5.011e-08
  [gamma] epoch  49250  gamma_ratio 0.9945  residual 4.942e-08
  [gamma] epoch  49500  gamma_ratio 0.9945  residual 5.090e-08
  [gamma] epoch  49750  gamma_ratio 0.9945  residual 4.861e-08
  [gamma] epoch  50000  gamma_ratio 0.9946  residual 5.013e-08
  [gamma] epoch  50250  gamma_ratio 0.9944  residual 5.023e-08
  [gamma] epoch  50500  gamma_ratio 0.9944  residual 5.222e-08
  [gamma] epoch  50750  gamma_ratio 0.9946  residual 4.861e-08
  [gamma] epoch  51000  gamma_ratio 0.9945  residual 4.753e-08
  [gamma] epoch  51250  gamma_ratio 0.9945  residual 4.818e-08
  [gamma] epoch  51500  gamma_ratio 0.9945  residual 4.727e-08
  [gamma] epoch  51750  gamma_ratio 0.9945  residual 4.693e-08
  [gamma] epoch  52000  gamma_ratio 0.9945  residual 4.993e-08
  [gamma] epoch  52250  gamma_ratio 0.9945  residual 4.662e-08
  [gamma] epoch  52500  gamma_ratio 0.9945  residual 4.698e-08
  [gamma] epoch  52750  gamma_ratio 0.9945  residual 4.640e-08
  [gamma] epoch  53000  gamma_ratio 0.9945  residual 4.619e-08
  [gamma] epoch  53250  gamma_ratio 0.9945  residual 4.606e-08
  [gamma] epoch  53500  gamma_ratio 0.9945  residual 4.664e-08
  [gamma] epoch  53750  gamma_ratio 0.9945  residual 4.571e-08
  [gamma] epoch  54000  gamma_ratio 0.9944  residual 4.630e-08
  [gamma] epoch  54250  gamma_ratio 0.9945  residual 4.547e-08
  [gamma] epoch  54500  gamma_ratio 0.9945  residual 4.535e-08
  [gamma] epoch  54750  gamma_ratio 0.9945  residual 4.511e-08
  [gamma] epoch  55000  gamma_ratio 0.9945  residual 4.499e-08
  [gamma] epoch  55250  gamma_ratio 0.9945  residual 4.489e-08
  [gamma] epoch  55500  gamma_ratio 0.9945  residual 4.474e-08
  [gamma] epoch  55750  gamma_ratio 0.9945  residual 4.497e-08
  [gamma] epoch  56000  gamma_ratio 0.9945  residual 4.455e-08
  [gamma] epoch  56250  gamma_ratio 0.9945  residual 4.434e-08
  [gamma] epoch  56500  gamma_ratio 0.9945  residual 4.431e-08
  [gamma] epoch  56750  gamma_ratio 0.9945  residual 4.411e-08
  [gamma] epoch  57000  gamma_ratio 0.9945  residual 4.400e-08
  [gamma] epoch  57250  gamma_ratio 0.9945  residual 4.385e-08
  [gamma] epoch  57500  gamma_ratio 0.9945  residual 4.381e-08
  [gamma] epoch  57750  gamma_ratio 0.9945  residual 4.371e-08
  [gamma] epoch  58000  gamma_ratio 0.9945  residual 4.352e-08
  [gamma] epoch  58250  gamma_ratio 0.9944  residual 4.361e-08
  [gamma] epoch  58500  gamma_ratio 0.9945  residual 4.332e-08
  [gamma] epoch  58750  gamma_ratio 0.9945  residual 4.325e-08
  [gamma] epoch  59000  gamma_ratio 0.9945  residual 4.345e-08
  [gamma] epoch  59250  gamma_ratio 0.9945  residual 4.299e-08
  [gamma] epoch  59500  gamma_ratio 0.9945  residual 4.287e-08
  [gamma] epoch  59750  gamma_ratio 0.9945  residual 4.290e-08
  [gamma] epoch  59999  gamma_ratio 0.9945  residual 4.268e-08
  [shape] epoch      0  rmse=0.07637  max_abs_dA=0.1452  int_signed_dA=1.578e-11  int_abs_dA=1.578e-11  A_min=0.0444  max_dA_fwd=0.002016
  [shape] epoch    250  rmse=0.02914  max_abs_dA=0.04286  int_signed_dA=6.28e-12  int_abs_dA=6.28e-12  A_min=0.01013  max_dA_fwd=-2.416e-05
  [shape] epoch    500  rmse=0.01419  max_abs_dA=0.02247  int_signed_dA=2.875e-12  int_abs_dA=2.907e-12  A_min=0.00566  max_dA_fwd=-2.084e-05
  [shape] epoch    750  rmse=0.009573  max_abs_dA=0.01558  int_signed_dA=1.925e-12  int_abs_dA=1.935e-12  A_min=0.003267  max_dA_fwd=-1.547e-05
  [shape] epoch   1000  rmse=0.007477  max_abs_dA=0.01312  int_signed_dA=1.387e-12  int_abs_dA=1.397e-12  A_min=-0.0004103  max_dA_fwd=-1.623e-05
  [shape] epoch   1250  rmse=0.005621  max_abs_dA=0.01012  int_signed_dA=9.797e-13  int_abs_dA=1.036e-12  A_min=-0.001345  max_dA_fwd=-1.443e-05
  [shape] epoch   1500  rmse=0.005483  max_abs_dA=0.009496  int_signed_dA=1.053e-12  int_abs_dA=1.054e-12  A_min=0.0001337  max_dA_fwd=-1.225e-05
  [shape] epoch   1750  rmse=0.00359  max_abs_dA=0.00653  int_signed_dA=6.212e-13  int_abs_dA=6.565e-13  A_min=-0.0006002  max_dA_fwd=-1.053e-05
  [shape] epoch   2000  rmse=0.003288  max_abs_dA=0.005983  int_signed_dA=5.734e-13  int_abs_dA=6.058e-13  A_min=-0.0005386  max_dA_fwd=-9.553e-06
  [shape] epoch   2250  rmse=0.003344  max_abs_dA=0.005996  int_signed_dA=5.953e-13  int_abs_dA=6.241e-13  A_min=-0.0004291  max_dA_fwd=-9.022e-06
  [shape] epoch   2500  rmse=0.002953  max_abs_dA=0.005466  int_signed_dA=4.972e-13  int_abs_dA=5.419e-13  A_min=-0.0005984  max_dA_fwd=-8.685e-06
  [shape] epoch   2750  rmse=0.002798  max_abs_dA=0.00505  int_signed_dA=4.917e-13  int_abs_dA=5.248e-13  A_min=-0.0004309  max_dA_fwd=-8.53e-06
  [shape] epoch   3000  rmse=0.002783  max_abs_dA=0.005112  int_signed_dA=4.601e-13  int_abs_dA=5.181e-13  A_min=-0.0007483  max_dA_fwd=-8.853e-06
  [shape] epoch   3250  rmse=0.002571  max_abs_dA=0.004588  int_signed_dA=4.48e-13  int_abs_dA=4.867e-13  A_min=-0.0005085  max_dA_fwd=-8.728e-06
  [shape] epoch   3500  rmse=0.002674  max_abs_dA=0.00481  int_signed_dA=4.601e-13  int_abs_dA=5.014e-13  A_min=-0.0005597  max_dA_fwd=-8.927e-06
  [shape] epoch   3750  rmse=0.002112  max_abs_dA=0.003843  int_signed_dA=3.589e-13  int_abs_dA=3.956e-13  A_min=-0.0004853  max_dA_fwd=-8.839e-06
  [shape] epoch   4000  rmse=0.002349  max_abs_dA=0.00423  int_signed_dA=3.974e-13  int_abs_dA=4.406e-13  A_min=-0.0005665  max_dA_fwd=-8.935e-06
  [shape] epoch   4250  rmse=0.002526  max_abs_dA=0.004415  int_signed_dA=4.422e-13  int_abs_dA=4.764e-13  A_min=-0.0004359  max_dA_fwd=-8.868e-06
  [shape] epoch   4500  rmse=0.002011  max_abs_dA=0.003629  int_signed_dA=3.524e-13  int_abs_dA=3.755e-13  A_min=-0.0002919  max_dA_fwd=-8.701e-06
  [shape] epoch   4750  rmse=0.002622  max_abs_dA=0.004583  int_signed_dA=4.914e-13  int_abs_dA=4.986e-13  A_min=-1.401e-05  max_dA_fwd=-8.757e-06
  [shape] epoch   5000  rmse=0.001926  max_abs_dA=0.003489  int_signed_dA=3.453e-13  int_abs_dA=3.566e-13  A_min=-8.037e-05  max_dA_fwd=-8.443e-06
  [shape] epoch   5250  rmse=0.001886  max_abs_dA=0.003431  int_signed_dA=3.344e-13  int_abs_dA=3.476e-13  A_min=-0.0001018  max_dA_fwd=-8.26e-06
  [shape] epoch   5500  rmse=0.001938  max_abs_dA=0.003509  int_signed_dA=3.514e-13  int_abs_dA=3.588e-13  A_min=2.322e-05  max_dA_fwd=-8.067e-06
  [shape] epoch   5750  rmse=0.001775  max_abs_dA=0.003207  int_signed_dA=3.171e-13  int_abs_dA=3.292e-13  A_min=-5.072e-05  max_dA_fwd=-7.892e-06
  [shape] epoch   6000  rmse=0.001659  max_abs_dA=0.003049  int_signed_dA=2.875e-13  int_abs_dA=3.029e-13  A_min=-8.629e-05  max_dA_fwd=-7.733e-06
  [shape] epoch   6250  rmse=0.001565  max_abs_dA=0.002824  int_signed_dA=2.829e-13  int_abs_dA=2.894e-13  A_min=8.697e-05  max_dA_fwd=-7.4e-06
  [shape] epoch   6500  rmse=0.001716  max_abs_dA=0.003098  int_signed_dA=3.192e-13  int_abs_dA=3.198e-13  A_min=0.0002583  max_dA_fwd=-7.307e-06
  [shape] epoch   6750  rmse=0.001572  max_abs_dA=0.002797  int_signed_dA=2.993e-13  int_abs_dA=2.993e-13  A_min=0.0003384  max_dA_fwd=-7.103e-06
  [shape] epoch   7000  rmse=0.001468  max_abs_dA=0.002684  int_signed_dA=2.702e-13  int_abs_dA=2.713e-13  A_min=0.0003371  max_dA_fwd=-6.961e-06
  [shape] epoch   7250  rmse=0.001523  max_abs_dA=0.002744  int_signed_dA=2.783e-13  int_abs_dA=2.805e-13  A_min=0.0002465  max_dA_fwd=-6.79e-06
  [shape] epoch   7500  rmse=0.001103  max_abs_dA=0.00215  int_signed_dA=1.556e-13  int_abs_dA=1.959e-13  A_min=-0.0001611  max_dA_fwd=-6.678e-06
  [shape] epoch   7750  rmse=0.001563  max_abs_dA=0.002852  int_signed_dA=2.93e-13  int_abs_dA=2.93e-13  A_min=0.0004643  max_dA_fwd=-6.593e-06
  [shape] epoch   8000  rmse=0.001618  max_abs_dA=0.002919  int_signed_dA=3.109e-13  int_abs_dA=3.109e-13  A_min=0.0006086  max_dA_fwd=-6.443e-06
  [shape] epoch   8250  rmse=0.001619  max_abs_dA=0.002945  int_signed_dA=3.086e-13  int_abs_dA=3.086e-13  A_min=0.0005863  max_dA_fwd=-6.393e-06
  [shape] epoch   8500  rmse=0.001469  max_abs_dA=0.002657  int_signed_dA=2.835e-13  int_abs_dA=2.835e-13  A_min=0.0006298  max_dA_fwd=-6.155e-06
  [shape] epoch   8750  rmse=0.001438  max_abs_dA=0.002655  int_signed_dA=2.674e-13  int_abs_dA=2.677e-13  A_min=0.000487  max_dA_fwd=-6.124e-06
  [shape] epoch   9000  rmse=0.001574  max_abs_dA=0.002859  int_signed_dA=3.047e-13  int_abs_dA=3.047e-13  A_min=0.0007614  max_dA_fwd=-5.975e-06
  [shape] epoch   9250  rmse=0.001378  max_abs_dA=0.002527  int_signed_dA=2.397e-13  int_abs_dA=2.462e-13  A_min=0.0003465  max_dA_fwd=-5.867e-06
  [shape] epoch   9500  rmse=0.00153  max_abs_dA=0.002813  int_signed_dA=2.937e-13  int_abs_dA=2.937e-13  A_min=0.0007441  max_dA_fwd=-5.82e-06
  [shape] epoch   9750  rmse=0.001497  max_abs_dA=0.002797  int_signed_dA=2.814e-13  int_abs_dA=2.814e-13  A_min=0.0006681  max_dA_fwd=-5.781e-06
  [shape] epoch  10000  rmse=0.001479  max_abs_dA=0.002766  int_signed_dA=2.795e-13  int_abs_dA=2.795e-13  A_min=0.000702  max_dA_fwd=-5.678e-06
  [shape] epoch  10250  rmse=0.001565  max_abs_dA=0.002946  int_signed_dA=2.934e-13  int_abs_dA=2.934e-13  A_min=0.0007213  max_dA_fwd=-5.637e-06
  [shape] epoch  10500  rmse=0.0009187  max_abs_dA=0.001739  int_signed_dA=1.561e-13  int_abs_dA=1.79e-13  A_min=0.0006964  max_dA_fwd=-5.389e-06
  [shape] epoch  10750  rmse=0.001642  max_abs_dA=0.003092  int_signed_dA=3.112e-13  int_abs_dA=3.112e-13  A_min=0.0007674  max_dA_fwd=-5.564e-06
  [shape] epoch  11000  rmse=0.0015  max_abs_dA=0.002716  int_signed_dA=2.989e-13  int_abs_dA=2.992e-13  A_min=0.001005  max_dA_fwd=-5.42e-06
  [shape] epoch  11250  rmse=0.001441  max_abs_dA=0.002725  int_signed_dA=2.756e-13  int_abs_dA=2.756e-13  A_min=0.0007823  max_dA_fwd=-5.371e-06
  [shape] epoch  11500  rmse=0.001204  max_abs_dA=0.002306  int_signed_dA=2.242e-13  int_abs_dA=2.266e-13  A_min=0.0007572  max_dA_fwd=-5.313e-06
  [shape] epoch  11750  rmse=0.001389  max_abs_dA=0.002663  int_signed_dA=2.585e-13  int_abs_dA=2.59e-13  A_min=0.000798  max_dA_fwd=-5.389e-06
  [shape] epoch  12000  rmse=0.001353  max_abs_dA=0.002589  int_signed_dA=2.556e-13  int_abs_dA=2.556e-13  A_min=0.0008104  max_dA_fwd=-5.271e-06
  [shape] epoch  12250  rmse=0.001302  max_abs_dA=0.002443  int_signed_dA=2.538e-13  int_abs_dA=2.538e-13  A_min=0.000916  max_dA_fwd=-5.217e-06
  [shape] epoch  12500  rmse=0.001727  max_abs_dA=0.003303  int_signed_dA=3.263e-13  int_abs_dA=3.264e-13  A_min=0.0008118  max_dA_fwd=-5.361e-06
  [shape] epoch  12750  rmse=0.001579  max_abs_dA=0.003114  int_signed_dA=2.854e-13  int_abs_dA=2.854e-13  A_min=0.0006437  max_dA_fwd=-5.301e-06
  [shape] epoch  13000  rmse=0.0007211  max_abs_dA=0.001345  int_signed_dA=1.174e-13  int_abs_dA=1.437e-13  A_min=0.0007625  max_dA_fwd=-5.013e-06
  [shape] epoch  13250  rmse=0.001349  max_abs_dA=0.002464  int_signed_dA=2.695e-13  int_abs_dA=2.703e-13  A_min=0.001077  max_dA_fwd=-5.159e-06
  [shape] epoch  13500  rmse=0.001415  max_abs_dA=0.002722  int_signed_dA=2.709e-13  int_abs_dA=2.718e-13  A_min=0.0009088  max_dA_fwd=-5.114e-06
  [shape] epoch  13750  rmse=0.001348  max_abs_dA=0.002553  int_signed_dA=2.607e-13  int_abs_dA=2.616e-13  A_min=0.0009927  max_dA_fwd=-5.099e-06
  [shape] epoch  14000  rmse=0.001218  max_abs_dA=0.002365  int_signed_dA=2.305e-13  int_abs_dA=2.31e-13  A_min=0.0008807  max_dA_fwd=-5.051e-06
  [shape] epoch  14250  rmse=0.001447  max_abs_dA=0.002743  int_signed_dA=2.834e-13  int_abs_dA=2.834e-13  A_min=0.001013  max_dA_fwd=-5.067e-06
  [shape] epoch  14500  rmse=0.001398  max_abs_dA=0.002672  int_signed_dA=2.715e-13  int_abs_dA=2.715e-13  A_min=0.0009887  max_dA_fwd=-5.063e-06
  [shape] epoch  14750  rmse=0.0008191  max_abs_dA=0.001592  int_signed_dA=1.462e-13  int_abs_dA=1.575e-13  A_min=0.0008082  max_dA_fwd=-4.923e-06
  [shape] epoch  15000  rmse=0.001153  max_abs_dA=0.002201  int_signed_dA=2.232e-13  int_abs_dA=2.25e-13  A_min=0.0009578  max_dA_fwd=-4.977e-06
  [shape] epoch  15250  rmse=0.001263  max_abs_dA=0.002476  int_signed_dA=2.389e-13  int_abs_dA=2.389e-13  A_min=0.0008885  max_dA_fwd=-4.999e-06
  [shape] epoch  15500  rmse=0.001228  max_abs_dA=0.002361  int_signed_dA=2.394e-13  int_abs_dA=2.394e-13  A_min=0.0009854  max_dA_fwd=-4.912e-06
  [shape] epoch  15750  rmse=0.001493  max_abs_dA=0.002718  int_signed_dA=3.062e-13  int_abs_dA=3.062e-13  A_min=0.001186  max_dA_fwd=-4.989e-06
  [shape] epoch  16000  rmse=0.001225  max_abs_dA=0.002365  int_signed_dA=2.384e-13  int_abs_dA=2.384e-13  A_min=0.0009737  max_dA_fwd=-4.914e-06
  [shape] epoch  16250  rmse=0.001125  max_abs_dA=0.002243  int_signed_dA=2.103e-13  int_abs_dA=2.106e-13  A_min=0.0008666  max_dA_fwd=-4.911e-06
  [shape] epoch  16500  rmse=0.00118  max_abs_dA=0.002293  int_signed_dA=2.268e-13  int_abs_dA=2.268e-13  A_min=0.0009428  max_dA_fwd=-4.917e-06
  [shape] epoch  16750  rmse=0.001015  max_abs_dA=0.001976  int_signed_dA=1.928e-13  int_abs_dA=1.95e-13  A_min=0.0009135  max_dA_fwd=-4.873e-06
  [shape] epoch  17000  rmse=0.001232  max_abs_dA=0.002323  int_signed_dA=2.44e-13  int_abs_dA=2.441e-13  A_min=0.001054  max_dA_fwd=-4.909e-06
  [shape] epoch  17250  rmse=0.00106  max_abs_dA=0.002042  int_signed_dA=2.062e-13  int_abs_dA=2.067e-13  A_min=0.0009689  max_dA_fwd=-4.834e-06
  [shape] epoch  17500  rmse=0.001189  max_abs_dA=0.002294  int_signed_dA=2.316e-13  int_abs_dA=2.316e-13  A_min=0.0009465  max_dA_fwd=-4.925e-06
  [shape] epoch  17750  rmse=0.0009873  max_abs_dA=0.001915  int_signed_dA=1.873e-13  int_abs_dA=1.906e-13  A_min=0.0009329  max_dA_fwd=-4.857e-06
  [shape] epoch  18000  rmse=0.001156  max_abs_dA=0.0022  int_signed_dA=2.277e-13  int_abs_dA=2.28e-13  A_min=0.001021  max_dA_fwd=-4.878e-06
  [shape] epoch  18250  rmse=0.001434  max_abs_dA=0.002644  int_signed_dA=2.9e-13  int_abs_dA=2.9e-13  A_min=0.00119  max_dA_fwd=-4.931e-06
  [shape] epoch  18500  rmse=0.001002  max_abs_dA=0.001921  int_signed_dA=1.946e-13  int_abs_dA=1.965e-13  A_min=0.0009533  max_dA_fwd=-4.885e-06
  [shape] epoch  18750  rmse=0.001111  max_abs_dA=0.001977  int_signed_dA=2.268e-13  int_abs_dA=2.289e-13  A_min=0.001155  max_dA_fwd=-4.884e-06
  [shape] epoch  19000  rmse=0.001156  max_abs_dA=0.002208  int_signed_dA=2.266e-13  int_abs_dA=2.272e-13  A_min=0.001014  max_dA_fwd=-4.907e-06
  [shape] epoch  19250  rmse=0.00101  max_abs_dA=0.001954  int_signed_dA=1.992e-13  int_abs_dA=1.992e-13  A_min=0.0009549  max_dA_fwd=-4.882e-06
  [shape] epoch  19500  rmse=0.001055  max_abs_dA=0.002056  int_signed_dA=2.03e-13  int_abs_dA=2.034e-13  A_min=0.000915  max_dA_fwd=-4.946e-06
  [shape] epoch  19750  rmse=0.00101  max_abs_dA=0.001969  int_signed_dA=1.926e-13  int_abs_dA=1.936e-13  A_min=0.0008791  max_dA_fwd=-4.951e-06
  [shape] epoch  20000  rmse=0.001083  max_abs_dA=0.002072  int_signed_dA=2.119e-13  int_abs_dA=2.121e-13  A_min=0.0009559  max_dA_fwd=-4.962e-06
  [shape] epoch  20250  rmse=0.001078  max_abs_dA=0.002  int_signed_dA=2.166e-13  int_abs_dA=2.168e-13  A_min=0.001021  max_dA_fwd=-4.951e-06
  [shape] epoch  20500  rmse=0.001035  max_abs_dA=0.001908  int_signed_dA=2.087e-13  int_abs_dA=2.094e-13  A_min=0.001026  max_dA_fwd=-4.96e-06
  [shape] epoch  20750  rmse=0.001141  max_abs_dA=0.002219  int_signed_dA=2.204e-13  int_abs_dA=2.213e-13  A_min=0.000931  max_dA_fwd=-4.988e-06
  [shape] epoch  21000  rmse=0.001285  max_abs_dA=0.002572  int_signed_dA=2.362e-13  int_abs_dA=2.422e-13  A_min=0.0008001  max_dA_fwd=-5.071e-06
  [shape] epoch  21250  rmse=0.00107  max_abs_dA=0.002019  int_signed_dA=2.114e-13  int_abs_dA=2.116e-13  A_min=0.0009639  max_dA_fwd=-5.021e-06
  [shape] epoch  21500  rmse=0.001126  max_abs_dA=0.002116  int_signed_dA=2.24e-13  int_abs_dA=2.24e-13  A_min=0.0009957  max_dA_fwd=-5.025e-06
  [shape] epoch  21750  rmse=0.0009803  max_abs_dA=0.001816  int_signed_dA=1.944e-13  int_abs_dA=1.968e-13  A_min=0.0009675  max_dA_fwd=-5.016e-06
  [shape] epoch  22000  rmse=0.0009225  max_abs_dA=0.001768  int_signed_dA=1.78e-13  int_abs_dA=1.798e-13  A_min=0.0008856  max_dA_fwd=-5.019e-06
  [shape] epoch  22250  rmse=0.001024  max_abs_dA=0.001896  int_signed_dA=2.052e-13  int_abs_dA=2.061e-13  A_min=0.0009758  max_dA_fwd=-5.045e-06
  [shape] epoch  22500  rmse=0.0009568  max_abs_dA=0.00175  int_signed_dA=1.904e-13  int_abs_dA=1.93e-13  A_min=0.0009937  max_dA_fwd=-5.022e-06
  [shape] epoch  22750  rmse=0.0009592  max_abs_dA=0.001727  int_signed_dA=1.928e-13  int_abs_dA=1.955e-13  A_min=0.001018  max_dA_fwd=-5.012e-06
  [shape] epoch  23000  rmse=0.00109  max_abs_dA=0.002019  int_signed_dA=2.178e-13  int_abs_dA=2.179e-13  A_min=0.0009903  max_dA_fwd=-5.089e-06
  [shape] epoch  23250  rmse=0.0009863  max_abs_dA=0.001853  int_signed_dA=1.979e-13  int_abs_dA=1.98e-13  A_min=0.0009816  max_dA_fwd=-5.015e-06
  [shape] epoch  23500  rmse=0.001046  max_abs_dA=0.001991  int_signed_dA=2.074e-13  int_abs_dA=2.074e-13  A_min=0.000919  max_dA_fwd=-5.096e-06
  [shape] epoch  23750  rmse=0.0009684  max_abs_dA=0.001774  int_signed_dA=1.96e-13  int_abs_dA=1.969e-13  A_min=0.0009931  max_dA_fwd=-5.05e-06
  [shape] epoch  24000  rmse=0.0009493  max_abs_dA=0.00175  int_signed_dA=1.89e-13  int_abs_dA=1.908e-13  A_min=0.00096  max_dA_fwd=-5.064e-06
  [shape] epoch  24250  rmse=0.0009766  max_abs_dA=0.001754  int_signed_dA=1.985e-13  int_abs_dA=2.003e-13  A_min=0.001039  max_dA_fwd=-5.039e-06
  [shape] epoch  24500  rmse=0.0009077  max_abs_dA=0.001702  int_signed_dA=1.781e-13  int_abs_dA=1.802e-13  A_min=0.000909  max_dA_fwd=-5.067e-06
  [shape] epoch  24750  rmse=0.001092  max_abs_dA=0.002025  int_signed_dA=2.196e-13  int_abs_dA=2.196e-13  A_min=0.0009835  max_dA_fwd=-5.124e-06
  [shape] epoch  25000  rmse=0.0009383  max_abs_dA=0.001727  int_signed_dA=1.868e-13  int_abs_dA=1.888e-13  A_min=0.0009588  max_dA_fwd=-5.071e-06
  [shape] epoch  25250  rmse=0.0009518  max_abs_dA=0.001747  int_signed_dA=1.921e-13  int_abs_dA=1.926e-13  A_min=0.0009655  max_dA_fwd=-5.074e-06
  [shape] epoch  25500  rmse=0.0009518  max_abs_dA=0.001788  int_signed_dA=1.882e-13  int_abs_dA=1.892e-13  A_min=0.00092  max_dA_fwd=-5.089e-06
  [shape] epoch  25750  rmse=0.0009497  max_abs_dA=0.001753  int_signed_dA=1.884e-13  int_abs_dA=1.898e-13  A_min=0.0009133  max_dA_fwd=-5.129e-06
  [shape] epoch  26000  rmse=0.0009199  max_abs_dA=0.001634  int_signed_dA=1.866e-13  int_abs_dA=1.893e-13  A_min=0.0009912  max_dA_fwd=-5.087e-06
  [shape] epoch  26250  rmse=0.0009757  max_abs_dA=0.001762  int_signed_dA=1.973e-13  int_abs_dA=1.984e-13  A_min=0.000979  max_dA_fwd=-5.118e-06
  [shape] epoch  26500  rmse=0.0009361  max_abs_dA=0.001673  int_signed_dA=1.886e-13  int_abs_dA=1.911e-13  A_min=0.0009801  max_dA_fwd=-5.11e-06
  [shape] epoch  26750  rmse=0.001076  max_abs_dA=0.001982  int_signed_dA=2.171e-13  int_abs_dA=2.171e-13  A_min=0.0009795  max_dA_fwd=-5.14e-06
  [shape] epoch  27000  rmse=0.0009197  max_abs_dA=0.001667  int_signed_dA=1.844e-13  int_abs_dA=1.864e-13  A_min=0.0009388  max_dA_fwd=-5.124e-06
  [shape] epoch  27250  rmse=0.0009362  max_abs_dA=0.001684  int_signed_dA=1.89e-13  int_abs_dA=1.907e-13  A_min=0.0009717  max_dA_fwd=-5.107e-06
  [shape] epoch  27500  rmse=0.0009414  max_abs_dA=0.001701  int_signed_dA=1.888e-13  int_abs_dA=1.904e-13  A_min=0.0009502  max_dA_fwd=-5.129e-06
  [shape] epoch  27750  rmse=0.0009142  max_abs_dA=0.001638  int_signed_dA=1.84e-13  int_abs_dA=1.865e-13  A_min=0.0009438  max_dA_fwd=-5.124e-06
  [shape] epoch  28000  rmse=0.000957  max_abs_dA=0.001717  int_signed_dA=1.935e-13  int_abs_dA=1.948e-13  A_min=0.0009644  max_dA_fwd=-5.133e-06
  [shape] epoch  28250  rmse=0.0009266  max_abs_dA=0.001681  int_signed_dA=1.856e-13  int_abs_dA=1.87e-13  A_min=0.0009336  max_dA_fwd=-5.125e-06
  [shape] epoch  28500  rmse=0.0008479  max_abs_dA=0.001483  int_signed_dA=1.708e-13  int_abs_dA=1.748e-13  A_min=0.0009449  max_dA_fwd=-5.111e-06
  [shape] epoch  28750  rmse=0.0008819  max_abs_dA=0.001546  int_signed_dA=1.778e-13  int_abs_dA=1.81e-13  A_min=0.0009677  max_dA_fwd=-5.101e-06
  [shape] epoch  29000  rmse=0.0008978  max_abs_dA=0.001592  int_signed_dA=1.815e-13  int_abs_dA=1.837e-13  A_min=0.0009533  max_dA_fwd=-5.12e-06
  [shape] epoch  29250  rmse=0.000842  max_abs_dA=0.001462  int_signed_dA=1.695e-13  int_abs_dA=1.736e-13  A_min=0.0009568  max_dA_fwd=-5.096e-06
  [shape] epoch  29500  rmse=0.001003  max_abs_dA=0.001816  int_signed_dA=2.01e-13  int_abs_dA=2.014e-13  A_min=0.0009405  max_dA_fwd=-5.163e-06
  [shape] epoch  29750  rmse=0.0008766  max_abs_dA=0.001545  int_signed_dA=1.759e-13  int_abs_dA=1.788e-13  A_min=0.0009332  max_dA_fwd=-5.129e-06
  [shape] epoch  30000  rmse=0.0009612  max_abs_dA=0.001711  int_signed_dA=1.942e-13  int_abs_dA=1.952e-13  A_min=0.0009545  max_dA_fwd=-5.147e-06
  [shape] epoch  30250  rmse=0.0009532  max_abs_dA=0.001676  int_signed_dA=1.937e-13  int_abs_dA=1.949e-13  A_min=0.000972  max_dA_fwd=-5.139e-06
  [shape] epoch  30500  rmse=0.0009544  max_abs_dA=0.001666  int_signed_dA=1.953e-13  int_abs_dA=1.962e-13  A_min=0.0009766  max_dA_fwd=-5.139e-06
  [shape] epoch  30750  rmse=0.0008354  max_abs_dA=0.001429  int_signed_dA=1.691e-13  int_abs_dA=1.727e-13  A_min=0.0009446  max_dA_fwd=-5.118e-06
  [shape] epoch  31000  rmse=0.0009727  max_abs_dA=0.001793  int_signed_dA=1.927e-13  int_abs_dA=1.93e-13  A_min=0.0008742  max_dA_fwd=-5.164e-06
  [shape] epoch  31250  rmse=0.0009741  max_abs_dA=0.001628  int_signed_dA=2.018e-13  int_abs_dA=2.038e-13  A_min=0.00104  max_dA_fwd=-5.151e-06
  [shape] epoch  31500  rmse=0.0009409  max_abs_dA=0.001643  int_signed_dA=1.917e-13  int_abs_dA=1.928e-13  A_min=0.0009708  max_dA_fwd=-5.134e-06
  [shape] epoch  31750  rmse=0.0009011  max_abs_dA=0.001559  int_signed_dA=1.82e-13  int_abs_dA=1.844e-13  A_min=0.0009455  max_dA_fwd=-5.138e-06
  [shape] epoch  32000  rmse=0.00114  max_abs_dA=0.002114  int_signed_dA=2.229e-13  int_abs_dA=2.268e-13  A_min=0.0008908  max_dA_fwd=-5.212e-06
  [shape] epoch  32250  rmse=0.0009386  max_abs_dA=0.001578  int_signed_dA=1.925e-13  int_abs_dA=1.95e-13  A_min=0.001  max_dA_fwd=-5.144e-06
  [shape] epoch  32500  rmse=0.0009634  max_abs_dA=0.001649  int_signed_dA=1.962e-13  int_abs_dA=1.978e-13  A_min=0.0009809  max_dA_fwd=-5.157e-06
  [shape] epoch  32750  rmse=0.0008256  max_abs_dA=0.001342  int_signed_dA=1.666e-13  int_abs_dA=1.728e-13  A_min=0.0009674  max_dA_fwd=-5.118e-06
  [shape] epoch  33000  rmse=0.0008438  max_abs_dA=0.001431  int_signed_dA=1.706e-13  int_abs_dA=1.733e-13  A_min=0.0009266  max_dA_fwd=-5.128e-06
  [shape] epoch  33250  rmse=0.0009692  max_abs_dA=0.001674  int_signed_dA=1.975e-13  int_abs_dA=1.981e-13  A_min=0.0009517  max_dA_fwd=-5.166e-06
  [shape] epoch  33500  rmse=0.0009248  max_abs_dA=0.001575  int_signed_dA=1.88e-13  int_abs_dA=1.897e-13  A_min=0.0009514  max_dA_fwd=-5.147e-06
  [shape] epoch  33750  rmse=0.0009948  max_abs_dA=0.001684  int_signed_dA=2.046e-13  int_abs_dA=2.054e-13  A_min=0.0009858  max_dA_fwd=-5.174e-06
  [shape] epoch  34000  rmse=0.0009137  max_abs_dA=0.001562  int_signed_dA=1.847e-13  int_abs_dA=1.865e-13  A_min=0.0009285  max_dA_fwd=-5.159e-06
  [shape] epoch  34250  rmse=0.0008972  max_abs_dA=0.001521  int_signed_dA=1.813e-13  int_abs_dA=1.834e-13  A_min=0.0009232  max_dA_fwd=-5.159e-06
  [shape] epoch  34500  rmse=0.0008402  max_abs_dA=0.00138  int_signed_dA=1.697e-13  int_abs_dA=1.749e-13  A_min=0.000944  max_dA_fwd=-5.145e-06
  [shape] epoch  34750  rmse=0.0008751  max_abs_dA=0.001473  int_signed_dA=1.758e-13  int_abs_dA=1.787e-13  A_min=0.0009095  max_dA_fwd=-5.163e-06
  [shape] epoch  35000  rmse=0.0009132  max_abs_dA=0.001563  int_signed_dA=1.836e-13  int_abs_dA=1.852e-13  A_min=0.0009064  max_dA_fwd=-5.173e-06
  [shape] epoch  35250  rmse=0.0008555  max_abs_dA=0.001417  int_signed_dA=1.714e-13  int_abs_dA=1.761e-13  A_min=0.0009283  max_dA_fwd=-5.159e-06
  [shape] epoch  35500  rmse=0.0008377  max_abs_dA=0.001392  int_signed_dA=1.686e-13  int_abs_dA=1.728e-13  A_min=0.0009099  max_dA_fwd=-5.161e-06
  [shape] epoch  35750  rmse=0.0009103  max_abs_dA=0.001524  int_signed_dA=1.834e-13  int_abs_dA=1.856e-13  A_min=0.0009152  max_dA_fwd=-5.184e-06
  [shape] epoch  36000  rmse=0.001022  max_abs_dA=0.001765  int_signed_dA=2.055e-13  int_abs_dA=2.057e-13  A_min=0.000916  max_dA_fwd=-5.216e-06
  [shape] epoch  36250  rmse=0.0008811  max_abs_dA=0.001468  int_signed_dA=1.778e-13  int_abs_dA=1.806e-13  A_min=0.0009102  max_dA_fwd=-5.18e-06
  [shape] epoch  36500  rmse=0.0009799  max_abs_dA=0.00171  int_signed_dA=1.956e-13  int_abs_dA=1.957e-13  A_min=0.0008648  max_dA_fwd=-5.221e-06
  [shape] epoch  36750  rmse=0.0008279  max_abs_dA=0.001395  int_signed_dA=1.644e-13  int_abs_dA=1.686e-13  A_min=0.0008652  max_dA_fwd=-5.186e-06
  [shape] epoch  37000  rmse=0.0008114  max_abs_dA=0.001357  int_signed_dA=1.603e-13  int_abs_dA=1.667e-13  A_min=0.0008854  max_dA_fwd=-5.183e-06
  [shape] epoch  37250  rmse=0.0007771  max_abs_dA=0.001301  int_signed_dA=1.531e-13  int_abs_dA=1.598e-13  A_min=0.000875  max_dA_fwd=-5.175e-06
  [shape] epoch  37500  rmse=0.0009479  max_abs_dA=0.001596  int_signed_dA=1.908e-13  int_abs_dA=1.916e-13  A_min=0.000887  max_dA_fwd=-5.224e-06
  [shape] epoch  37750  rmse=0.0008965  max_abs_dA=0.001507  int_signed_dA=1.797e-13  int_abs_dA=1.818e-13  A_min=0.0008733  max_dA_fwd=-5.219e-06
  [shape] epoch  38000  rmse=0.000891  max_abs_dA=0.001493  int_signed_dA=1.787e-13  int_abs_dA=1.816e-13  A_min=0.000886  max_dA_fwd=-5.219e-06
  [shape] epoch  38250  rmse=0.0009065  max_abs_dA=0.001518  int_signed_dA=1.821e-13  int_abs_dA=1.844e-13  A_min=0.0008887  max_dA_fwd=-5.227e-06
  [shape] epoch  38500  rmse=0.0009228  max_abs_dA=0.001543  int_signed_dA=1.86e-13  int_abs_dA=1.875e-13  A_min=0.0008855  max_dA_fwd=-5.237e-06
  [shape] epoch  38750  rmse=0.0008568  max_abs_dA=0.001422  int_signed_dA=1.726e-13  int_abs_dA=1.769e-13  A_min=0.0009089  max_dA_fwd=-5.219e-06
  [shape] epoch  39000  rmse=0.000938  max_abs_dA=0.001564  int_signed_dA=1.901e-13  int_abs_dA=1.918e-13  A_min=0.0008978  max_dA_fwd=-5.253e-06
  [shape] epoch  39250  rmse=0.0009436  max_abs_dA=0.001573  int_signed_dA=1.907e-13  int_abs_dA=1.924e-13  A_min=0.0008988  max_dA_fwd=-5.257e-06
  [shape] epoch  39500  rmse=0.0008905  max_abs_dA=0.00149  int_signed_dA=1.795e-13  int_abs_dA=1.822e-13  A_min=0.0008804  max_dA_fwd=-5.255e-06
  [shape] epoch  39750  rmse=0.0009502  max_abs_dA=0.001592  int_signed_dA=1.916e-13  int_abs_dA=1.926e-13  A_min=0.0008748  max_dA_fwd=-5.273e-06
  [shape] epoch  40000  rmse=0.0009091  max_abs_dA=0.001522  int_signed_dA=1.826e-13  int_abs_dA=1.854e-13  A_min=0.0008789  max_dA_fwd=-5.269e-06
  [shape] epoch  40250  rmse=0.0008314  max_abs_dA=0.001405  int_signed_dA=1.648e-13  int_abs_dA=1.691e-13  A_min=0.0008439  max_dA_fwd=-5.256e-06
  [shape] epoch  40500  rmse=0.0009254  max_abs_dA=0.001543  int_signed_dA=1.863e-13  int_abs_dA=1.885e-13  A_min=0.0008904  max_dA_fwd=-5.277e-06
  [shape] epoch  40750  rmse=0.000927  max_abs_dA=0.001555  int_signed_dA=1.864e-13  int_abs_dA=1.883e-13  A_min=0.000869  max_dA_fwd=-5.293e-06
  [shape] epoch  41000  rmse=0.0009057  max_abs_dA=0.001519  int_signed_dA=1.822e-13  int_abs_dA=1.846e-13  A_min=0.0008688  max_dA_fwd=-5.291e-06
  [shape] epoch  41250  rmse=0.0009036  max_abs_dA=0.001518  int_signed_dA=1.813e-13  int_abs_dA=1.838e-13  A_min=0.0008598  max_dA_fwd=-5.3e-06
  [shape] epoch  41500  rmse=0.0008816  max_abs_dA=0.001487  int_signed_dA=1.764e-13  int_abs_dA=1.786e-13  A_min=0.0008418  max_dA_fwd=-5.298e-06
  [shape] epoch  41750  rmse=0.000911  max_abs_dA=0.00153  int_signed_dA=1.83e-13  int_abs_dA=1.853e-13  A_min=0.0008587  max_dA_fwd=-5.315e-06
  [shape] epoch  42000  rmse=0.0009123  max_abs_dA=0.001533  int_signed_dA=1.831e-13  int_abs_dA=1.853e-13  A_min=0.0008536  max_dA_fwd=-5.322e-06
  [shape] epoch  42250  rmse=0.0009192  max_abs_dA=0.001543  int_signed_dA=1.847e-13  int_abs_dA=1.867e-13  A_min=0.0008547  max_dA_fwd=-5.329e-06
  [shape] epoch  42500  rmse=0.0009112  max_abs_dA=0.001541  int_signed_dA=1.819e-13  int_abs_dA=1.836e-13  A_min=0.0008241  max_dA_fwd=-5.339e-06
  [shape] epoch  42750  rmse=0.0009195  max_abs_dA=0.001546  int_signed_dA=1.846e-13  int_abs_dA=1.864e-13  A_min=0.0008442  max_dA_fwd=-5.343e-06
  [shape] epoch  43000  rmse=0.0009177  max_abs_dA=0.001551  int_signed_dA=1.83e-13  int_abs_dA=1.846e-13  A_min=0.0008235  max_dA_fwd=-5.353e-06
  [shape] epoch  43250  rmse=0.0008963  max_abs_dA=0.001516  int_signed_dA=1.787e-13  int_abs_dA=1.809e-13  A_min=0.0008194  max_dA_fwd=-5.357e-06
  [shape] epoch  43500  rmse=0.0009155  max_abs_dA=0.00154  int_signed_dA=1.835e-13  int_abs_dA=1.855e-13  A_min=0.0008384  max_dA_fwd=-5.364e-06
  [shape] epoch  43750  rmse=0.0009174  max_abs_dA=0.001546  int_signed_dA=1.835e-13  int_abs_dA=1.853e-13  A_min=0.0008295  max_dA_fwd=-5.372e-06
  [shape] epoch  44000  rmse=0.000917  max_abs_dA=0.001538  int_signed_dA=1.844e-13  int_abs_dA=1.866e-13  A_min=0.0008487  max_dA_fwd=-5.375e-06
  [shape] epoch  44250  rmse=0.000907  max_abs_dA=0.001523  int_signed_dA=1.821e-13  int_abs_dA=1.847e-13  A_min=0.0008419  max_dA_fwd=-5.382e-06
  [shape] epoch  44500  rmse=0.0009197  max_abs_dA=0.001544  int_signed_dA=1.847e-13  int_abs_dA=1.869e-13  A_min=0.0008418  max_dA_fwd=-5.39e-06
  [shape] epoch  44750  rmse=0.0009072  max_abs_dA=0.001522  int_signed_dA=1.824e-13  int_abs_dA=1.849e-13  A_min=0.0008429  max_dA_fwd=-5.394e-06
  [shape] epoch  45000  rmse=0.0009219  max_abs_dA=0.001545  int_signed_dA=1.854e-13  int_abs_dA=1.875e-13  A_min=0.0008429  max_dA_fwd=-5.404e-06
  [shape] epoch  45250  rmse=0.001  max_abs_dA=0.001665  int_signed_dA=2.033e-13  int_abs_dA=2.037e-13  A_min=0.0008592  max_dA_fwd=-5.429e-06
  [shape] epoch  45500  rmse=0.0008857  max_abs_dA=0.001493  int_signed_dA=1.769e-13  int_abs_dA=1.799e-13  A_min=0.0008199  max_dA_fwd=-5.412e-06
  [shape] epoch  45750  rmse=0.0008965  max_abs_dA=0.001515  int_signed_dA=1.787e-13  int_abs_dA=1.809e-13  A_min=0.0008028  max_dA_fwd=-5.424e-06
  [shape] epoch  46000  rmse=0.000876  max_abs_dA=0.001472  int_signed_dA=1.754e-13  int_abs_dA=1.789e-13  A_min=0.0008273  max_dA_fwd=-5.421e-06
  [shape] epoch  46250  rmse=0.0009031  max_abs_dA=0.001518  int_signed_dA=1.81e-13  int_abs_dA=1.836e-13  A_min=0.0008251  max_dA_fwd=-5.435e-06
  [shape] epoch  46500  rmse=0.0009196  max_abs_dA=0.001542  int_signed_dA=1.848e-13  int_abs_dA=1.871e-13  A_min=0.000832  max_dA_fwd=-5.446e-06
  [shape] epoch  46750  rmse=0.0008933  max_abs_dA=0.001498  int_signed_dA=1.787e-13  int_abs_dA=1.823e-13  A_min=0.000832  max_dA_fwd=-5.445e-06
  [shape] epoch  47000  rmse=0.000921  max_abs_dA=0.00154  int_signed_dA=1.856e-13  int_abs_dA=1.877e-13  A_min=0.0008365  max_dA_fwd=-5.456e-06
  [shape] epoch  47250  rmse=0.0009095  max_abs_dA=0.001526  int_signed_dA=1.826e-13  int_abs_dA=1.85e-13  A_min=0.0008227  max_dA_fwd=-5.465e-06
  [shape] epoch  47500  rmse=0.0009173  max_abs_dA=0.001538  int_signed_dA=1.843e-13  int_abs_dA=1.866e-13  A_min=0.0008245  max_dA_fwd=-5.473e-06
  [shape] epoch  47750  rmse=0.0009177  max_abs_dA=0.001541  int_signed_dA=1.837e-13  int_abs_dA=1.861e-13  A_min=0.0008165  max_dA_fwd=-5.482e-06
  [shape] epoch  48000  rmse=0.0009449  max_abs_dA=0.001583  int_signed_dA=1.903e-13  int_abs_dA=1.917e-13  A_min=0.0008202  max_dA_fwd=-5.494e-06
  [shape] epoch  48250  rmse=0.0008992  max_abs_dA=0.001507  int_signed_dA=1.808e-13  int_abs_dA=1.834e-13  A_min=0.0008217  max_dA_fwd=-5.487e-06
  [shape] epoch  48500  rmse=0.0009098  max_abs_dA=0.001529  int_signed_dA=1.824e-13  int_abs_dA=1.847e-13  A_min=0.0008082  max_dA_fwd=-5.5e-06
  [shape] epoch  48750  rmse=0.0009212  max_abs_dA=0.001541  int_signed_dA=1.855e-13  int_abs_dA=1.876e-13  A_min=0.0008229  max_dA_fwd=-5.506e-06
  [shape] epoch  49000  rmse=0.0009192  max_abs_dA=0.001538  int_signed_dA=1.852e-13  int_abs_dA=1.873e-13  A_min=0.0008195  max_dA_fwd=-5.513e-06
  [shape] epoch  49250  rmse=0.0009084  max_abs_dA=0.001523  int_signed_dA=1.826e-13  int_abs_dA=1.85e-13  A_min=0.0008119  max_dA_fwd=-5.518e-06
  [shape] epoch  49500  rmse=0.0009223  max_abs_dA=0.001547  int_signed_dA=1.853e-13  int_abs_dA=1.871e-13  A_min=0.0008042  max_dA_fwd=-5.529e-06
  [shape] epoch  49750  rmse=0.0009157  max_abs_dA=0.001534  int_signed_dA=1.839e-13  int_abs_dA=1.861e-13  A_min=0.0008093  max_dA_fwd=-5.533e-06
  [shape] epoch  50000  rmse=0.0009023  max_abs_dA=0.001513  int_signed_dA=1.811e-13  int_abs_dA=1.837e-13  A_min=0.0008056  max_dA_fwd=-5.537e-06
  [shape] epoch  50250  rmse=0.0009246  max_abs_dA=0.001544  int_signed_dA=1.861e-13  int_abs_dA=1.883e-13  A_min=0.0008178  max_dA_fwd=-5.548e-06
  [shape] epoch  50500  rmse=0.0009241  max_abs_dA=0.001531  int_signed_dA=1.874e-13  int_abs_dA=1.901e-13  A_min=0.0008465  max_dA_fwd=-5.548e-06
  [shape] epoch  50750  rmse=0.0009061  max_abs_dA=0.001517  int_signed_dA=1.819e-13  int_abs_dA=1.844e-13  A_min=0.0008054  max_dA_fwd=-5.557e-06
  [shape] epoch  51000  rmse=0.0009154  max_abs_dA=0.001532  int_signed_dA=1.84e-13  int_abs_dA=1.863e-13  A_min=0.0008061  max_dA_fwd=-5.566e-06
  [shape] epoch  51250  rmse=0.000911  max_abs_dA=0.001523  int_signed_dA=1.832e-13  int_abs_dA=1.856e-13  A_min=0.0008071  max_dA_fwd=-5.57e-06
  [shape] epoch  51500  rmse=0.0009157  max_abs_dA=0.001529  int_signed_dA=1.843e-13  int_abs_dA=1.868e-13  A_min=0.0008119  max_dA_fwd=-5.578e-06
  [shape] epoch  51750  rmse=0.0009146  max_abs_dA=0.001531  int_signed_dA=1.838e-13  int_abs_dA=1.861e-13  A_min=0.0008008  max_dA_fwd=-5.586e-06
  [shape] epoch  52000  rmse=0.0009122  max_abs_dA=0.001518  int_signed_dA=1.841e-13  int_abs_dA=1.869e-13  A_min=0.0008206  max_dA_fwd=-5.586e-06
  [shape] epoch  52250  rmse=0.0009157  max_abs_dA=0.001531  int_signed_dA=1.842e-13  int_abs_dA=1.865e-13  A_min=0.0008021  max_dA_fwd=-5.598e-06
  [shape] epoch  52500  rmse=0.0009138  max_abs_dA=0.001529  int_signed_dA=1.837e-13  int_abs_dA=1.859e-13  A_min=0.0007969  max_dA_fwd=-5.605e-06
  [shape] epoch  52750  rmse=0.0009184  max_abs_dA=0.001534  int_signed_dA=1.848e-13  int_abs_dA=1.871e-13  A_min=0.000801  max_dA_fwd=-5.611e-06
  [shape] epoch  53000  rmse=0.0009145  max_abs_dA=0.001528  int_signed_dA=1.839e-13  int_abs_dA=1.863e-13  A_min=0.0007988  max_dA_fwd=-5.616e-06
  [shape] epoch  53250  rmse=0.0009173  max_abs_dA=0.001532  int_signed_dA=1.846e-13  int_abs_dA=1.869e-13  A_min=0.0007985  max_dA_fwd=-5.623e-06
  [shape] epoch  53500  rmse=0.0009085  max_abs_dA=0.001516  int_signed_dA=1.827e-13  int_abs_dA=1.854e-13  A_min=0.000802  max_dA_fwd=-5.626e-06
  [shape] epoch  53750  rmse=0.0009154  max_abs_dA=0.00153  int_signed_dA=1.841e-13  int_abs_dA=1.864e-13  A_min=0.0007941  max_dA_fwd=-5.635e-06
  [shape] epoch  54000  rmse=0.0009237  max_abs_dA=0.001542  int_signed_dA=1.861e-13  int_abs_dA=1.882e-13  A_min=0.0007954  max_dA_fwd=-5.643e-06
  [shape] epoch  54250  rmse=0.0009161  max_abs_dA=0.001531  int_signed_dA=1.841e-13  int_abs_dA=1.864e-13  A_min=0.000789  max_dA_fwd=-5.648e-06
  [shape] epoch  54500  rmse=0.0009173  max_abs_dA=0.00153  int_signed_dA=1.847e-13  int_abs_dA=1.871e-13  A_min=0.0007981  max_dA_fwd=-5.652e-06
  [shape] epoch  54750  rmse=0.0009163  max_abs_dA=0.00153  int_signed_dA=1.843e-13  int_abs_dA=1.867e-13  A_min=0.0007914  max_dA_fwd=-5.659e-06
  [shape] epoch  55000  rmse=0.0009152  max_abs_dA=0.001528  int_signed_dA=1.841e-13  int_abs_dA=1.864e-13  A_min=0.0007894  max_dA_fwd=-5.665e-06
  [shape] epoch  55250  rmse=0.0009206  max_abs_dA=0.001534  int_signed_dA=1.855e-13  int_abs_dA=1.878e-13  A_min=0.0007948  max_dA_fwd=-5.671e-06
  [shape] epoch  55500  rmse=0.0009147  max_abs_dA=0.001527  int_signed_dA=1.84e-13  int_abs_dA=1.864e-13  A_min=0.0007885  max_dA_fwd=-5.676e-06
  [shape] epoch  55750  rmse=0.0009216  max_abs_dA=0.001534  int_signed_dA=1.859e-13  int_abs_dA=1.882e-13  A_min=0.0007971  max_dA_fwd=-5.681e-06
  [shape] epoch  56000  rmse=0.00092  max_abs_dA=0.001533  int_signed_dA=1.854e-13  int_abs_dA=1.877e-13  A_min=0.0007922  max_dA_fwd=-5.687e-06
  [shape] epoch  56250  rmse=0.0009197  max_abs_dA=0.001534  int_signed_dA=1.851e-13  int_abs_dA=1.874e-13  A_min=0.0007877  max_dA_fwd=-5.693e-06
  [shape] epoch  56500  rmse=0.0009186  max_abs_dA=0.001532  int_signed_dA=1.849e-13  int_abs_dA=1.871e-13  A_min=0.0007849  max_dA_fwd=-5.699e-06
  [shape] epoch  56750  rmse=0.0009187  max_abs_dA=0.001532  int_signed_dA=1.849e-13  int_abs_dA=1.872e-13  A_min=0.0007846  max_dA_fwd=-5.704e-06
  [shape] epoch  57000  rmse=0.0009173  max_abs_dA=0.001529  int_signed_dA=1.846e-13  int_abs_dA=1.869e-13  A_min=0.0007842  max_dA_fwd=-5.709e-06
  [shape] epoch  57250  rmse=0.0009177  max_abs_dA=0.00153  int_signed_dA=1.847e-13  int_abs_dA=1.871e-13  A_min=0.0007843  max_dA_fwd=-5.714e-06
  [shape] epoch  57500  rmse=0.0009179  max_abs_dA=0.00153  int_signed_dA=1.847e-13  int_abs_dA=1.871e-13  A_min=0.0007828  max_dA_fwd=-5.72e-06
  [shape] epoch  57750  rmse=0.000917  max_abs_dA=0.001527  int_signed_dA=1.847e-13  int_abs_dA=1.871e-13  A_min=0.0007855  max_dA_fwd=-5.724e-06
  [shape] epoch  58000  rmse=0.0009186  max_abs_dA=0.001531  int_signed_dA=1.848e-13  int_abs_dA=1.871e-13  A_min=0.00078  max_dA_fwd=-5.731e-06
  [shape] epoch  58250  rmse=0.0009264  max_abs_dA=0.001541  int_signed_dA=1.869e-13  int_abs_dA=1.891e-13  A_min=0.0007865  max_dA_fwd=-5.737e-06
  [shape] epoch  58500  rmse=0.0009217  max_abs_dA=0.001535  int_signed_dA=1.856e-13  int_abs_dA=1.879e-13  A_min=0.0007812  max_dA_fwd=-5.741e-06
  [shape] epoch  58750  rmse=0.0009199  max_abs_dA=0.001532  int_signed_dA=1.853e-13  int_abs_dA=1.876e-13  A_min=0.00078  max_dA_fwd=-5.746e-06
  [shape] epoch  59000  rmse=0.000915  max_abs_dA=0.001527  int_signed_dA=1.839e-13  int_abs_dA=1.861e-13  A_min=0.0007704  max_dA_fwd=-5.751e-06
  [shape] epoch  59250  rmse=0.00092  max_abs_dA=0.001532  int_signed_dA=1.853e-13  int_abs_dA=1.876e-13  A_min=0.0007788  max_dA_fwd=-5.756e-06
  [shape] epoch  59500  rmse=0.0009202  max_abs_dA=0.001533  int_signed_dA=1.853e-13  int_abs_dA=1.876e-13  A_min=0.0007766  max_dA_fwd=-5.761e-06
  [shape] epoch  59750  rmse=0.000917  max_abs_dA=0.001529  int_signed_dA=1.843e-13  int_abs_dA=1.867e-13  A_min=0.0007705  max_dA_fwd=-5.767e-06
  [shape] epoch  59999  rmse=0.0009217  max_abs_dA=0.001534  int_signed_dA=1.856e-13  int_abs_dA=1.879e-13  A_min=0.0007766  max_dA_fwd=-5.771e-06
[spectral-pn] spn-L0.1-s0: loss 3.568e-03 -> 4.268e-08 (x83606 drop)
[spectral-pn] RMSE=0.0009 max|dA|=0.0015 gamma_eff=2.9857e+10 gamma_ratio=0.9945
[spectral-pn] snapshot=final best_epoch=59999 best_loss=4.268e-08 final_loss=4.268e-08
[spectral-pn-shape] cancel=0.988 int_signed_dA=1.8564e-13 int_abs_dA=1.8793e-13 A_min=7.7659e-04 max_dA_fwd=-5.7714e-06
[spectral-pn] saved: runs/transient/pn_corridor_seedrep_L0.1/seedrep_L0.1_1d_s0
