[spectral-pn] case: L=0.1 um, Nk=20, L_max=8, run=20260910_125612
[spectral-pn] window t_end=2.330e-10 s (34.6 tau_ref), gamma_dom=3.0045e+10 Hz
[spectral-pn] window mode=n_decay rule=n_decay (t_1% at 0.01*A0: nan s; n_dec=7/gamma_dom: 2.3298e-10 s)
  epoch      0  residual 3.998e-03
  epoch    250  residual 4.406e-05
  epoch    500  residual 1.454e-05
  epoch    750  residual 8.580e-06
  epoch   1000  residual 6.680e-06
  epoch   1250  residual 4.979e-06
  epoch   1500  residual 8.888e-06
  epoch   1750  residual 3.437e-06
  epoch   2000  residual 2.928e-06
  epoch   2250  residual 2.760e-06
  epoch   2500  residual 2.237e-06
  epoch   2750  residual 2.014e-06
  epoch   3000  residual 1.830e-06
  epoch   3250  residual 1.698e-06
  epoch   3500  residual 1.877e-06
  epoch   3750  residual 1.367e-06
  epoch   4000  residual 1.442e-06
  epoch   4250  residual 1.293e-06
  epoch   4500  residual 1.101e-06
  epoch   4750  residual 1.037e-06
  epoch   5000  residual 9.671e-07
  epoch   5250  residual 9.304e-07
  epoch   5500  residual 1.573e-06
  epoch   5750  residual 8.355e-07
  epoch   6000  residual 8.109e-07
  epoch   6250  residual 1.104e-06
  epoch   6500  residual 7.466e-07
  epoch   6750  residual 7.061e-07
  epoch   7000  residual 8.594e-07
  epoch   7250  residual 9.285e-07
  epoch   7500  residual 6.395e-07
  epoch   7750  residual 6.387e-07
  epoch   8000  residual 6.192e-07
  epoch   8250  residual 5.719e-07
  epoch   8500  residual 5.639e-07
  epoch   8750  residual 5.618e-07
  epoch   9000  residual 6.887e-07
  epoch   9250  residual 5.824e-07
  epoch   9500  residual 4.922e-07
  epoch   9750  residual 5.025e-07
  epoch  10000  residual 5.074e-07
  epoch  10250  residual 4.547e-07
  epoch  10500  residual 4.965e-07
  epoch  10750  residual 4.484e-07
  epoch  11000  residual 5.237e-07
  epoch  11250  residual 4.290e-07
  epoch  11500  residual 4.449e-07
  epoch  11750  residual 4.071e-07
  epoch  12000  residual 5.005e-07
  epoch  12250  residual 4.208e-07
  epoch  12500  residual 3.850e-07
  epoch  12750  residual 3.624e-07
  epoch  13000  residual 3.572e-07
  epoch  13250  residual 3.529e-07
  epoch  13500  residual 3.423e-07
  epoch  13750  residual 3.358e-07
  epoch  14000  residual 3.465e-07
  epoch  14250  residual 3.257e-07
  epoch  14500  residual 3.173e-07
  epoch  14750  residual 3.126e-07
  epoch  15000  residual 3.064e-07
  epoch  15250  residual 3.073e-07
  epoch  15500  residual 2.961e-07
  epoch  15750  residual 2.921e-07
  epoch  16000  residual 2.868e-07
  epoch  16250  residual 2.877e-07
  epoch  16500  residual 2.861e-07
  epoch  16750  residual 2.737e-07
  epoch  17000  residual 2.696e-07
  epoch  17250  residual 2.663e-07
  epoch  17500  residual 2.626e-07
  epoch  17750  residual 2.586e-07
  epoch  18000  residual 2.557e-07
  epoch  18250  residual 2.517e-07
  epoch  18500  residual 2.484e-07
  epoch  18750  residual 2.462e-07
  epoch  19000  residual 2.426e-07
  epoch  19250  residual 2.399e-07
  epoch  19500  residual 2.372e-07
  epoch  19750  residual 2.343e-07
  epoch  19999  residual 2.314e-07
  [gamma] epoch      0  gamma_ratio 3.3699  residual 3.998e-03
  [gamma] epoch    250  gamma_ratio 1.0453  residual 4.406e-05
  [gamma] epoch    500  gamma_ratio 1.0833  residual 1.454e-05
  [gamma] epoch    750  gamma_ratio 0.9508  residual 8.580e-06
  [gamma] epoch   1000  gamma_ratio 0.8587  residual 6.680e-06
  [gamma] epoch   1250  gamma_ratio 0.7974  residual 4.979e-06
  [gamma] epoch   1500  gamma_ratio 0.7440  residual 8.888e-06
  [gamma] epoch   1750  gamma_ratio 0.7240  residual 3.437e-06
  [gamma] epoch   2000  gamma_ratio 0.7106  residual 2.928e-06
  [gamma] epoch   2250  gamma_ratio 0.7099  residual 2.760e-06
  [gamma] epoch   2500  gamma_ratio 0.7082  residual 2.237e-06
  [gamma] epoch   2750  gamma_ratio 0.7170  residual 2.014e-06
  [gamma] epoch   3000  gamma_ratio 0.7268  residual 1.830e-06
  [gamma] epoch   3250  gamma_ratio 0.7381  residual 1.698e-06
  [gamma] epoch   3500  gamma_ratio 0.7430  residual 1.877e-06
  [gamma] epoch   3750  gamma_ratio 0.7517  residual 1.367e-06
  [gamma] epoch   4000  gamma_ratio 0.7575  residual 1.442e-06
  [gamma] epoch   4250  gamma_ratio 0.7683  residual 1.293e-06
  [gamma] epoch   4500  gamma_ratio 0.7670  residual 1.101e-06
  [gamma] epoch   4750  gamma_ratio 0.7684  residual 1.037e-06
  [gamma] epoch   5000  gamma_ratio 0.7765  residual 9.671e-07
  [gamma] epoch   5250  gamma_ratio 0.7832  residual 9.304e-07
  [gamma] epoch   5500  gamma_ratio 0.7862  residual 1.573e-06
  [gamma] epoch   5750  gamma_ratio 0.7930  residual 8.355e-07
  [gamma] epoch   6000  gamma_ratio 0.7998  residual 8.109e-07
  [gamma] epoch   6250  gamma_ratio 0.8076  residual 1.104e-06
  [gamma] epoch   6500  gamma_ratio 0.8083  residual 7.466e-07
  [gamma] epoch   6750  gamma_ratio 0.8136  residual 7.061e-07
  [gamma] epoch   7000  gamma_ratio 0.8279  residual 8.594e-07
  [gamma] epoch   7250  gamma_ratio 0.8309  residual 9.285e-07
  [gamma] epoch   7500  gamma_ratio 0.8282  residual 6.395e-07
  [gamma] epoch   7750  gamma_ratio 0.8332  residual 6.387e-07
  [gamma] epoch   8000  gamma_ratio 0.8382  residual 6.192e-07
  [gamma] epoch   8250  gamma_ratio 0.8378  residual 5.719e-07
  [gamma] epoch   8500  gamma_ratio 0.8422  residual 5.639e-07
  [gamma] epoch   8750  gamma_ratio 0.8416  residual 5.618e-07
  [gamma] epoch   9000  gamma_ratio 0.8490  residual 6.887e-07
  [gamma] epoch   9250  gamma_ratio 0.8538  residual 5.824e-07
  [gamma] epoch   9500  gamma_ratio 0.8515  residual 4.922e-07
  [gamma] epoch   9750  gamma_ratio 0.8514  residual 5.025e-07
  [gamma] epoch  10000  gamma_ratio 0.8550  residual 5.074e-07
  [gamma] epoch  10250  gamma_ratio 0.8581  residual 4.547e-07
  [gamma] epoch  10500  gamma_ratio 0.8652  residual 4.965e-07
  [gamma] epoch  10750  gamma_ratio 0.8638  residual 4.484e-07
  [gamma] epoch  11000  gamma_ratio 0.8651  residual 5.237e-07
  [gamma] epoch  11250  gamma_ratio 0.8667  residual 4.290e-07
  [gamma] epoch  11500  gamma_ratio 0.8680  residual 4.449e-07
  [gamma] epoch  11750  gamma_ratio 0.8732  residual 4.071e-07
  [gamma] epoch  12000  gamma_ratio 0.8683  residual 5.005e-07
  [gamma] epoch  12250  gamma_ratio 0.8718  residual 4.208e-07
  [gamma] epoch  12500  gamma_ratio 0.8764  residual 3.850e-07
  [gamma] epoch  12750  gamma_ratio 0.8778  residual 3.624e-07
  [gamma] epoch  13000  gamma_ratio 0.8787  residual 3.572e-07
  [gamma] epoch  13250  gamma_ratio 0.8808  residual 3.529e-07
  [gamma] epoch  13500  gamma_ratio 0.8821  residual 3.423e-07
  [gamma] epoch  13750  gamma_ratio 0.8838  residual 3.358e-07
  [gamma] epoch  14000  gamma_ratio 0.8863  residual 3.465e-07
  [gamma] epoch  14250  gamma_ratio 0.8873  residual 3.257e-07
  [gamma] epoch  14500  gamma_ratio 0.8880  residual 3.173e-07
  [gamma] epoch  14750  gamma_ratio 0.8897  residual 3.126e-07
  [gamma] epoch  15000  gamma_ratio 0.8907  residual 3.064e-07
  [gamma] epoch  15250  gamma_ratio 0.8918  residual 3.073e-07
  [gamma] epoch  15500  gamma_ratio 0.8933  residual 2.961e-07
  [gamma] epoch  15750  gamma_ratio 0.8948  residual 2.921e-07
  [gamma] epoch  16000  gamma_ratio 0.8961  residual 2.868e-07
  [gamma] epoch  16250  gamma_ratio 0.8970  residual 2.877e-07
  [gamma] epoch  16500  gamma_ratio 0.8998  residual 2.861e-07
  [gamma] epoch  16750  gamma_ratio 0.8994  residual 2.737e-07
  [gamma] epoch  17000  gamma_ratio 0.9004  residual 2.696e-07
  [gamma] epoch  17250  gamma_ratio 0.9017  residual 2.663e-07
  [gamma] epoch  17500  gamma_ratio 0.9028  residual 2.626e-07
  [gamma] epoch  17750  gamma_ratio 0.9033  residual 2.586e-07
  [gamma] epoch  18000  gamma_ratio 0.9044  residual 2.557e-07
  [gamma] epoch  18250  gamma_ratio 0.9054  residual 2.517e-07
  [gamma] epoch  18500  gamma_ratio 0.9062  residual 2.484e-07
  [gamma] epoch  18750  gamma_ratio 0.9075  residual 2.462e-07
  [gamma] epoch  19000  gamma_ratio 0.9081  residual 2.426e-07
  [gamma] epoch  19250  gamma_ratio 0.9091  residual 2.399e-07
  [gamma] epoch  19500  gamma_ratio 0.9097  residual 2.372e-07
  [gamma] epoch  19750  gamma_ratio 0.9105  residual 2.343e-07
  [gamma] epoch  19999  gamma_ratio 0.9112  residual 2.314e-07
  [shape] epoch      0  rmse=0.213  max_abs_dA=0.6884  int_signed_dA=-2.337e-11  int_abs_dA=2.645e-11  A_min=0.01921  max_dA_fwd=-6.369e-06
  [shape] epoch    250  rmse=0.1302  max_abs_dA=0.3854  int_signed_dA=-1.441e-12  int_abs_dA=2.275e-11  A_min=0.07995  max_dA_fwd=-7.598e-06
  [shape] epoch    500  rmse=0.0888  max_abs_dA=0.2576  int_signed_dA=-2.556e-12  int_abs_dA=1.494e-11  A_min=0.04108  max_dA_fwd=-2.58e-05
  [shape] epoch    750  rmse=0.07934  max_abs_dA=0.1936  int_signed_dA=1.719e-12  int_abs_dA=1.552e-11  A_min=0.05987  max_dA_fwd=-1.938e-05
  [shape] epoch   1000  rmse=0.07816  max_abs_dA=0.1603  int_signed_dA=5.471e-12  int_abs_dA=1.649e-11  A_min=0.0739  max_dA_fwd=-1.885e-05
  [shape] epoch   1250  rmse=0.08091  max_abs_dA=0.1388  int_signed_dA=8.445e-12  int_abs_dA=1.761e-11  A_min=0.08543  max_dA_fwd=-1.836e-05
  [shape] epoch   1500  rmse=0.0827  max_abs_dA=0.1104  int_signed_dA=1.144e-11  int_abs_dA=1.817e-11  A_min=0.09373  max_dA_fwd=0.001209
  [shape] epoch   1750  rmse=0.08542  max_abs_dA=0.1014  int_signed_dA=1.267e-11  int_abs_dA=1.881e-11  A_min=0.09769  max_dA_fwd=-2.073e-05
  [shape] epoch   2000  rmse=0.08569  max_abs_dA=0.1022  int_signed_dA=1.354e-11  int_abs_dA=1.884e-11  A_min=0.09885  max_dA_fwd=-2.154e-05
  [shape] epoch   2250  rmse=0.08417  max_abs_dA=0.1009  int_signed_dA=1.358e-11  int_abs_dA=1.849e-11  A_min=0.09711  max_dA_fwd=-2.223e-05
  [shape] epoch   2500  rmse=0.08116  max_abs_dA=0.09837  int_signed_dA=1.37e-11  int_abs_dA=1.777e-11  A_min=0.09304  max_dA_fwd=-2.456e-05
  [shape] epoch   2750  rmse=0.07702  max_abs_dA=0.09379  int_signed_dA=1.312e-11  int_abs_dA=1.686e-11  A_min=0.08714  max_dA_fwd=-2.645e-05
  [shape] epoch   3000  rmse=0.07269  max_abs_dA=0.08904  int_signed_dA=1.249e-11  int_abs_dA=1.59e-11  A_min=0.08085  max_dA_fwd=-2.84e-05
  [shape] epoch   3250  rmse=0.06867  max_abs_dA=0.08452  int_signed_dA=1.18e-11  int_abs_dA=1.504e-11  A_min=0.07507  max_dA_fwd=-2.986e-05
  [shape] epoch   3500  rmse=0.06617  max_abs_dA=0.082  int_signed_dA=1.15e-11  int_abs_dA=1.448e-11  A_min=0.07109  max_dA_fwd=-3.146e-05
  [shape] epoch   3750  rmse=0.06257  max_abs_dA=0.07826  int_signed_dA=1.098e-11  int_abs_dA=1.368e-11  A_min=0.06588  max_dA_fwd=-3.304e-05
  [shape] epoch   4000  rmse=0.06076  max_abs_dA=0.07632  int_signed_dA=1.064e-11  int_abs_dA=1.33e-11  A_min=0.06274  max_dA_fwd=-3.435e-05
  [shape] epoch   4250  rmse=0.05762  max_abs_dA=0.07283  int_signed_dA=1.003e-11  int_abs_dA=1.263e-11  A_min=0.05815  max_dA_fwd=-3.549e-05
  [shape] epoch   4500  rmse=0.05622  max_abs_dA=0.0719  int_signed_dA=1.01e-11  int_abs_dA=1.226e-11  A_min=0.0559  max_dA_fwd=-3.657e-05
  [shape] epoch   4750  rmse=0.05487  max_abs_dA=0.07072  int_signed_dA=1.002e-11  int_abs_dA=1.192e-11  A_min=0.05382  max_dA_fwd=-3.727e-05
  [shape] epoch   5000  rmse=0.05263  max_abs_dA=0.06824  int_signed_dA=9.569e-12  int_abs_dA=1.145e-11  A_min=0.05054  max_dA_fwd=-3.773e-05
  [shape] epoch   5250  rmse=0.05067  max_abs_dA=0.06609  int_signed_dA=9.199e-12  int_abs_dA=1.103e-11  A_min=0.04771  max_dA_fwd=-3.809e-05
  [shape] epoch   5500  rmse=0.04949  max_abs_dA=0.06492  int_signed_dA=9.041e-12  int_abs_dA=1.075e-11  A_min=0.046  max_dA_fwd=2.999e-05
  [shape] epoch   5750  rmse=0.04739  max_abs_dA=0.06277  int_signed_dA=8.678e-12  int_abs_dA=1.03e-11  A_min=0.04275  max_dA_fwd=-3.893e-05
  [shape] epoch   6000  rmse=0.04555  max_abs_dA=0.06078  int_signed_dA=8.322e-12  int_abs_dA=9.898e-12  A_min=0.04011  max_dA_fwd=-3.915e-05
  [shape] epoch   6250  rmse=0.04383  max_abs_dA=0.05886  int_signed_dA=7.917e-12  int_abs_dA=9.551e-12  A_min=0.03743  max_dA_fwd=-3.95e-05
  [shape] epoch   6500  rmse=0.04256  max_abs_dA=0.05787  int_signed_dA=7.882e-12  int_abs_dA=9.203e-12  A_min=0.03561  max_dA_fwd=-3.976e-05
  [shape] epoch   6750  rmse=0.04123  max_abs_dA=0.0565  int_signed_dA=7.617e-12  int_abs_dA=8.915e-12  A_min=0.03348  max_dA_fwd=-4.003e-05
  [shape] epoch   7000  rmse=0.03906  max_abs_dA=0.05359  int_signed_dA=6.912e-12  int_abs_dA=8.519e-12  A_min=0.03065  max_dA_fwd=-3.967e-05
  [shape] epoch   7250  rmse=0.03811  max_abs_dA=0.05266  int_signed_dA=6.766e-12  int_abs_dA=8.3e-12  A_min=0.02928  max_dA_fwd=-3.966e-05
  [shape] epoch   7500  rmse=0.03732  max_abs_dA=0.05246  int_signed_dA=6.895e-12  int_abs_dA=8.037e-12  A_min=0.02778  max_dA_fwd=-4.022e-05
  [shape] epoch   7750  rmse=0.03608  max_abs_dA=0.05117  int_signed_dA=6.652e-12  int_abs_dA=7.763e-12  A_min=0.02592  max_dA_fwd=-4.035e-05
  [shape] epoch   8000  rmse=0.03497  max_abs_dA=0.04985  int_signed_dA=6.418e-12  int_abs_dA=7.516e-12  A_min=0.02464  max_dA_fwd=-3.997e-05
  [shape] epoch   8250  rmse=0.03441  max_abs_dA=0.04951  int_signed_dA=6.433e-12  int_abs_dA=7.345e-12  A_min=0.02366  max_dA_fwd=-4.012e-05
  [shape] epoch   8500  rmse=0.03352  max_abs_dA=0.04853  int_signed_dA=6.23e-12  int_abs_dA=7.157e-12  A_min=0.02231  max_dA_fwd=-4.021e-05
  [shape] epoch   8750  rmse=0.03312  max_abs_dA=0.04823  int_signed_dA=6.258e-12  int_abs_dA=7.021e-12  A_min=0.02176  max_dA_fwd=-2.281e-05
  [shape] epoch   9000  rmse=0.03205  max_abs_dA=0.04682  int_signed_dA=5.913e-12  int_abs_dA=6.837e-12  A_min=0.0204  max_dA_fwd=-3.988e-05
  [shape] epoch   9250  rmse=0.03139  max_abs_dA=0.04584  int_signed_dA=5.689e-12  int_abs_dA=6.724e-12  A_min=0.01975  max_dA_fwd=-3.941e-05
  [shape] epoch   9500  rmse=0.03105  max_abs_dA=0.04579  int_signed_dA=5.795e-12  int_abs_dA=6.578e-12  A_min=0.0191  max_dA_fwd=-3.967e-05
  [shape] epoch   9750  rmse=0.03078  max_abs_dA=0.04553  int_signed_dA=5.8e-12  int_abs_dA=6.493e-12  A_min=0.01879  max_dA_fwd=-3.951e-05
  [shape] epoch  10000  rmse=0.03021  max_abs_dA=0.04477  int_signed_dA=5.635e-12  int_abs_dA=6.388e-12  A_min=0.01814  max_dA_fwd=-3.931e-05
  [shape] epoch  10250  rmse=0.02945  max_abs_dA=0.04395  int_signed_dA=5.497e-12  int_abs_dA=6.211e-12  A_min=0.01708  max_dA_fwd=-3.931e-05
  [shape] epoch  10500  rmse=0.02862  max_abs_dA=0.04269  int_signed_dA=5.179e-12  int_abs_dA=6.084e-12  A_min=0.01619  max_dA_fwd=-3.894e-05
  [shape] epoch  10750  rmse=0.02831  max_abs_dA=0.04257  int_signed_dA=5.241e-12  int_abs_dA=5.965e-12  A_min=0.01566  max_dA_fwd=-3.907e-05
  [shape] epoch  11000  rmse=0.02795  max_abs_dA=0.04214  int_signed_dA=5.184e-12  int_abs_dA=5.877e-12  A_min=0.01525  max_dA_fwd=-3.889e-05
  [shape] epoch  11250  rmse=0.02751  max_abs_dA=0.04164  int_signed_dA=5.111e-12  int_abs_dA=5.77e-12  A_min=0.01469  max_dA_fwd=-3.879e-05
  [shape] epoch  11500  rmse=0.02692  max_abs_dA=0.04105  int_signed_dA=5.053e-12  int_abs_dA=5.605e-12  A_min=0.01388  max_dA_fwd=-3.876e-05
  [shape] epoch  11750  rmse=0.02625  max_abs_dA=0.04009  int_signed_dA=4.825e-12  int_abs_dA=5.494e-12  A_min=0.01315  max_dA_fwd=-3.848e-05
  [shape] epoch  12000  rmse=0.02652  max_abs_dA=0.04063  int_signed_dA=5.041e-12  int_abs_dA=5.484e-12  A_min=0.0133  max_dA_fwd=-4.352e-06
  [shape] epoch  12250  rmse=0.02591  max_abs_dA=0.03986  int_signed_dA=4.887e-12  int_abs_dA=5.358e-12  A_min=0.01261  max_dA_fwd=-3.836e-05
  [shape] epoch  12500  rmse=0.02524  max_abs_dA=0.03899  int_signed_dA=4.686e-12  int_abs_dA=5.236e-12  A_min=0.01175  max_dA_fwd=-3.823e-05
  [shape] epoch  12750  rmse=0.02484  max_abs_dA=0.03854  int_signed_dA=4.626e-12  int_abs_dA=5.135e-12  A_min=0.01124  max_dA_fwd=-3.811e-05
  [shape] epoch  13000  rmse=0.02457  max_abs_dA=0.03823  int_signed_dA=4.59e-12  int_abs_dA=5.062e-12  A_min=0.01087  max_dA_fwd=-3.8e-05
  [shape] epoch  13250  rmse=0.02417  max_abs_dA=0.03774  int_signed_dA=4.5e-12  int_abs_dA=4.974e-12  A_min=0.01034  max_dA_fwd=-3.788e-05
  [shape] epoch  13500  rmse=0.02384  max_abs_dA=0.03736  int_signed_dA=4.442e-12  int_abs_dA=4.892e-12  A_min=0.009888  max_dA_fwd=-3.779e-05
  [shape] epoch  13750  rmse=0.02347  max_abs_dA=0.03693  int_signed_dA=4.37e-12  int_abs_dA=4.803e-12  A_min=0.009356  max_dA_fwd=-3.773e-05
  [shape] epoch  14000  rmse=0.02314  max_abs_dA=0.03645  int_signed_dA=4.263e-12  int_abs_dA=4.75e-12  A_min=0.009026  max_dA_fwd=-3.75e-05
  [shape] epoch  14250  rmse=0.02276  max_abs_dA=0.03609  int_signed_dA=4.222e-12  int_abs_dA=4.636e-12  A_min=0.008349  max_dA_fwd=-3.759e-05
  [shape] epoch  14500  rmse=0.02253  max_abs_dA=0.03584  int_signed_dA=4.192e-12  int_abs_dA=4.57e-12  A_min=0.007978  max_dA_fwd=-3.754e-05
  [shape] epoch  14750  rmse=0.0222  max_abs_dA=0.03546  int_signed_dA=4.12e-12  int_abs_dA=4.493e-12  A_min=0.007479  max_dA_fwd=-3.751e-05
  [shape] epoch  15000  rmse=0.02194  max_abs_dA=0.03518  int_signed_dA=4.078e-12  int_abs_dA=4.42e-12  A_min=0.007021  max_dA_fwd=-3.751e-05
  [shape] epoch  15250  rmse=0.02175  max_abs_dA=0.03495  int_signed_dA=4.033e-12  int_abs_dA=4.377e-12  A_min=0.006725  max_dA_fwd=-3.745e-05
  [shape] epoch  15500  rmse=0.02141  max_abs_dA=0.03458  int_signed_dA=3.969e-12  int_abs_dA=4.284e-12  A_min=0.00613  max_dA_fwd=-3.749e-05
  [shape] epoch  15750  rmse=0.02114  max_abs_dA=0.03427  int_signed_dA=3.908e-12  int_abs_dA=4.218e-12  A_min=0.005682  max_dA_fwd=-3.748e-05
  [shape] epoch  16000  rmse=0.02088  max_abs_dA=0.03399  int_signed_dA=3.853e-12  int_abs_dA=4.151e-12  A_min=0.005224  max_dA_fwd=-3.751e-05
  [shape] epoch  16250  rmse=0.02064  max_abs_dA=0.03374  int_signed_dA=3.817e-12  int_abs_dA=4.073e-12  A_min=0.00471  max_dA_fwd=-3.759e-05
  [shape] epoch  16500  rmse=0.02028  max_abs_dA=0.03329  int_signed_dA=3.703e-12  int_abs_dA=4.005e-12  A_min=0.004198  max_dA_fwd=-3.754e-05
  [shape] epoch  16750  rmse=0.02024  max_abs_dA=0.03328  int_signed_dA=3.716e-12  int_abs_dA=3.975e-12  A_min=0.003978  max_dA_fwd=-3.758e-05
  [shape] epoch  17000  rmse=0.02005  max_abs_dA=0.03309  int_signed_dA=3.677e-12  int_abs_dA=3.921e-12  A_min=0.003593  max_dA_fwd=-3.761e-05
  [shape] epoch  17250  rmse=0.01982  max_abs_dA=0.03283  int_signed_dA=3.623e-12  int_abs_dA=3.858e-12  A_min=0.003152  max_dA_fwd=-3.764e-05
  [shape] epoch  17500  rmse=0.01964  max_abs_dA=0.03263  int_signed_dA=3.579e-12  int_abs_dA=3.812e-12  A_min=0.002796  max_dA_fwd=-3.766e-05
  [shape] epoch  17750  rmse=0.01952  max_abs_dA=0.03251  int_signed_dA=3.557e-12  int_abs_dA=3.77e-12  A_min=0.002488  max_dA_fwd=-3.769e-05
  [shape] epoch  18000  rmse=0.01932  max_abs_dA=0.0323  int_signed_dA=3.514e-12  int_abs_dA=3.709e-12  A_min=0.002054  max_dA_fwd=-3.776e-05
  [shape] epoch  18250  rmse=0.01917  max_abs_dA=0.03213  int_signed_dA=3.473e-12  int_abs_dA=3.67e-12  A_min=0.001753  max_dA_fwd=-3.776e-05
  [shape] epoch  18500  rmse=0.01902  max_abs_dA=0.03197  int_signed_dA=3.439e-12  int_abs_dA=3.626e-12  A_min=0.001426  max_dA_fwd=-3.779e-05
  [shape] epoch  18750  rmse=0.01884  max_abs_dA=0.03176  int_signed_dA=3.388e-12  int_abs_dA=3.579e-12  A_min=0.001069  max_dA_fwd=-3.781e-05
  [shape] epoch  19000  rmse=0.01872  max_abs_dA=0.03164  int_signed_dA=3.363e-12  int_abs_dA=3.54e-12  A_min=0.0007623  max_dA_fwd=-3.785e-05
  [shape] epoch  19250  rmse=0.01857  max_abs_dA=0.03147  int_signed_dA=3.322e-12  int_abs_dA=3.499e-12  A_min=0.0004242  max_dA_fwd=-3.788e-05
  [shape] epoch  19500  rmse=0.01847  max_abs_dA=0.03136  int_signed_dA=3.299e-12  int_abs_dA=3.472e-12  A_min=0.0001885  max_dA_fwd=-3.788e-05
  [shape] epoch  19750  rmse=0.01835  max_abs_dA=0.03123  int_signed_dA=3.269e-12  int_abs_dA=3.438e-12  A_min=-0.0001129  max_dA_fwd=-3.792e-05
  [shape] epoch  19999  rmse=0.01823  max_abs_dA=0.0311  int_signed_dA=3.239e-12  int_abs_dA=3.405e-12  A_min=-0.0004092  max_dA_fwd=-3.795e-05
[spectral-pn] spn-L0.1-s42: loss 3.998e-03 -> 2.314e-07 (x17275 drop)
[spectral-pn] RMSE=0.0182 max|dA|=0.0311 gamma_eff=2.7414e+10 gamma_ratio=0.9112
[spectral-pn] snapshot=final best_epoch=19999 best_loss=2.314e-07 final_loss=2.314e-07
[spectral-pn-shape] cancel=0.951 int_signed_dA=3.2389e-12 int_abs_dA=3.4048e-12 A_min=-4.0921e-04 max_dA_fwd=-3.7952e-05
[spectral-pn] saved: runs/transient/pn_sumrule_adoption/C6_L0.1_duhamel
