[spectral-pn] case: L=0.1 um, Nk=20, L_max=8, run=20260808_135350
[spectral-pn] window t_end=2.335e-10 s (34.9 tau_ref), gamma_dom=2.9978e+10 Hz
[spectral-pn] window mode=n_decay rule=n_decay (t_1% at 0.01*A0: nan s; n_dec=7/gamma_dom: 2.3350e-10 s)
  epoch      0  residual 7.272e-03
  epoch    250  residual 8.518e-04
  epoch    500  residual 5.863e-04
  epoch    750  residual 3.569e-04
  epoch   1000  residual 2.739e-04
  epoch   1250  residual 2.005e-04
  epoch   1500  residual 1.570e-04
  epoch   1750  residual 1.029e-04
  epoch   2000  residual 1.026e-04
  epoch   2250  residual 6.495e-05
  epoch   2500  residual 4.415e-05
  epoch   2750  residual 1.166e-04
  epoch   3000  residual 4.713e-05
  epoch   3250  residual 2.616e-05
  epoch   3500  residual 1.306e-03
  epoch   3750  residual 2.564e-04
  epoch   4000  residual 2.616e-04
  epoch   4250  residual 1.716e-04
  epoch   4500  residual 2.966e-04
  epoch   4750  residual 1.328e-03
  epoch   5000  residual 1.605e-03
  epoch   5250  residual 6.597e-03
  epoch   5500  residual 7.292e-05
  epoch   5750  residual 3.945e-05
  epoch   6000  residual 2.965e-05
  epoch   6250  residual 2.518e-05
  epoch   6500  residual 2.222e-05
  epoch   6750  residual 2.028e-05
  epoch   7000  residual 1.876e-05
  epoch   7250  residual 1.775e-05
  epoch   7500  residual 1.636e-05
  epoch   7750  residual 1.539e-05
  epoch   8000  residual 2.089e-05
  epoch   8250  residual 1.473e-05
  epoch   8500  residual 1.298e-05
  epoch   8750  residual 1.362e-05
  epoch   9000  residual 1.176e-05
  epoch   9250  residual 1.107e-05
  epoch   9500  residual 1.093e-05
  epoch   9750  residual 9.738e-06
  epoch  10000  residual 9.149e-06
  epoch  10250  residual 8.410e-06
  epoch  10500  residual 7.625e-06
  epoch  10750  residual 7.121e-06
  epoch  11000  residual 5.868e-06
  epoch  11250  residual 4.936e-06
  epoch  11500  residual 4.329e-06
  epoch  11750  residual 3.850e-06
  epoch  12000  residual 3.766e-06
  epoch  12250  residual 3.645e-06
  epoch  12500  residual 3.838e-06
  epoch  12750  residual 4.003e-06
  epoch  13000  residual 2.651e-06
  epoch  13250  residual 2.616e-06
  epoch  13500  residual 2.422e-06
  epoch  13750  residual 4.505e-06
  epoch  14000  residual 2.187e-06
  epoch  14250  residual 2.278e-06
  epoch  14500  residual 2.115e-06
  epoch  14750  residual 2.207e-06
  epoch  15000  residual 2.061e-06
  epoch  15250  residual 1.863e-06
  epoch  15500  residual 2.195e-06
  epoch  15750  residual 1.733e-06
  epoch  16000  residual 1.691e-06
  epoch  16250  residual 1.872e-06
  epoch  16500  residual 1.717e-06
  epoch  16750  residual 1.837e-06
  epoch  17000  residual 1.479e-06
  epoch  17250  residual 1.503e-06
  epoch  17500  residual 1.752e-06
  epoch  17750  residual 1.670e-06
  epoch  18000  residual 1.432e-06
  epoch  18250  residual 3.546e-06
  epoch  18500  residual 2.191e-06
  epoch  18750  residual 1.814e-06
  epoch  19000  residual 1.574e-06
  epoch  19250  residual 2.071e-06
  epoch  19500  residual 1.640e-03
  epoch  19750  residual 3.672e-04
  epoch  20000  residual 1.753e-03
  epoch  20250  residual 1.516e-03
  epoch  20500  residual 2.466e-04
  epoch  20750  residual 6.701e-04
  epoch  21000  residual 9.953e-05
  epoch  21250  residual 5.264e-05
  epoch  21500  residual 3.574e-05
  epoch  21750  residual 2.536e-05
  epoch  22000  residual 1.848e-05
  epoch  22250  residual 1.347e-05
  epoch  22500  residual 1.083e-05
  epoch  22750  residual 8.973e-06
  epoch  23000  residual 7.675e-06
  epoch  23250  residual 3.631e-05
  epoch  23500  residual 4.222e-05
  epoch  23750  residual 4.568e-06
  epoch  24000  residual 4.393e-04
  epoch  24250  residual 7.970e-04
  epoch  24500  residual 1.303e-04
  epoch  24750  residual 3.847e-05
  epoch  25000  residual 4.052e-05
  epoch  25250  residual 1.698e-05
  epoch  25500  residual 1.495e-05
  epoch  25750  residual 1.219e-05
  epoch  26000  residual 1.084e-05
  epoch  26250  residual 9.885e-06
  epoch  26500  residual 9.167e-06
  epoch  26750  residual 9.408e-06
  epoch  27000  residual 7.424e-06
  epoch  27250  residual 6.861e-06
  epoch  27500  residual 7.806e-06
  epoch  27750  residual 5.969e-06
  epoch  28000  residual 6.059e-06
  epoch  28250  residual 5.283e-06
  epoch  28500  residual 5.067e-06
  epoch  28750  residual 4.754e-06
  epoch  29000  residual 4.465e-06
  epoch  29250  residual 4.240e-06
  epoch  29500  residual 4.798e-06
  epoch  29750  residual 7.428e-06
  epoch  30000  residual 3.667e-06
  epoch  30250  residual 3.634e-06
  epoch  30500  residual 3.414e-06
  epoch  30750  residual 1.077e-05
  epoch  31000  residual 3.117e-06
  epoch  31250  residual 2.973e-06
  epoch  31500  residual 2.942e-06
  epoch  31750  residual 2.761e-06
  epoch  32000  residual 2.699e-06
  epoch  32250  residual 3.769e-06
  epoch  32500  residual 2.505e-06
  epoch  32750  residual 2.467e-06
  epoch  33000  residual 3.630e-06
  epoch  33250  residual 2.339e-06
  epoch  33500  residual 2.659e-06
  epoch  33750  residual 2.383e-06
  epoch  34000  residual 5.763e-06
  epoch  34250  residual 2.395e-06
  epoch  34500  residual 2.514e-06
  epoch  34750  residual 1.808e-06
  epoch  35000  residual 1.860e-06
  epoch  35250  residual 2.616e-06
  epoch  35500  residual 2.074e-06
  epoch  35750  residual 1.859e-06
  epoch  36000  residual 1.797e-06
  epoch  36250  residual 1.698e-06
  epoch  36500  residual 1.637e-06
  epoch  36750  residual 1.843e-06
  epoch  37000  residual 1.574e-06
  epoch  37250  residual 1.643e-06
  epoch  37500  residual 1.439e-06
  epoch  37750  residual 1.488e-06
  epoch  38000  residual 1.378e-06
  epoch  38250  residual 1.356e-06
  epoch  38500  residual 1.299e-06
  epoch  38750  residual 3.519e-06
  epoch  39000  residual 1.408e-06
  epoch  39250  residual 1.224e-06
  epoch  39500  residual 1.204e-06
  epoch  39750  residual 1.193e-06
  epoch  40000  residual 1.176e-06
  epoch  40250  residual 1.263e-06
  epoch  40500  residual 1.111e-06
  epoch  40750  residual 1.099e-06
  epoch  41000  residual 1.075e-06
  epoch  41250  residual 1.056e-06
  epoch  41500  residual 1.042e-06
  epoch  41750  residual 1.020e-06
  epoch  42000  residual 1.006e-06
  epoch  42250  residual 1.143e-06
  epoch  42500  residual 9.909e-07
  epoch  42750  residual 9.707e-07
  epoch  43000  residual 1.083e-06
  epoch  43250  residual 1.606e-06
  epoch  43500  residual 9.732e-07
  epoch  43750  residual 9.221e-07
  epoch  44000  residual 9.117e-07
  epoch  44250  residual 9.069e-07
  epoch  44500  residual 1.064e-06
  epoch  44750  residual 1.003e-06
  epoch  45000  residual 8.923e-07
  epoch  45250  residual 1.432e-06
  epoch  45500  residual 9.143e-07
  epoch  45750  residual 1.134e-06
  epoch  46000  residual 8.537e-07
  epoch  46250  residual 8.347e-07
  epoch  46500  residual 8.354e-07
  epoch  46750  residual 8.143e-07
  epoch  47000  residual 8.052e-07
  epoch  47250  residual 7.985e-07
  epoch  47500  residual 7.951e-07
  epoch  47750  residual 7.926e-07
  epoch  48000  residual 7.824e-07
  epoch  48250  residual 8.268e-07
  epoch  48500  residual 7.651e-07
  epoch  48750  residual 7.872e-07
  epoch  49000  residual 7.547e-07
  epoch  49250  residual 9.009e-07
  epoch  49500  residual 7.454e-07
  epoch  49750  residual 7.353e-07
  epoch  50000  residual 7.311e-07
  epoch  50250  residual 7.239e-07
  epoch  50500  residual 7.393e-07
  epoch  50750  residual 7.353e-07
  epoch  51000  residual 7.116e-07
  epoch  51250  residual 7.812e-07
  epoch  51500  residual 7.000e-07
  epoch  51750  residual 7.180e-07
  epoch  52000  residual 7.262e-07
  epoch  52250  residual 6.848e-07
  epoch  52500  residual 6.856e-07
  epoch  52750  residual 6.792e-07
  epoch  53000  residual 6.712e-07
  epoch  53250  residual 6.649e-07
  epoch  53500  residual 6.951e-07
  epoch  53750  residual 6.556e-07
  epoch  54000  residual 6.514e-07
  epoch  54250  residual 6.531e-07
  epoch  54500  residual 6.857e-07
  epoch  54750  residual 6.489e-07
  epoch  55000  residual 6.398e-07
  epoch  55250  residual 6.337e-07
  epoch  55500  residual 6.959e-07
  epoch  55750  residual 6.510e-07
  epoch  56000  residual 6.246e-07
  epoch  56250  residual 6.350e-07
  epoch  56500  residual 6.131e-07
  epoch  56750  residual 6.087e-07
  epoch  57000  residual 6.059e-07
  epoch  57250  residual 6.020e-07
  epoch  57500  residual 6.041e-07
  epoch  57750  residual 5.957e-07
  epoch  58000  residual 5.928e-07
  epoch  58250  residual 5.895e-07
  epoch  58500  residual 5.878e-07
  epoch  58750  residual 5.850e-07
  epoch  59000  residual 5.776e-07
  epoch  59250  residual 5.778e-07
  epoch  59500  residual 5.750e-07
  epoch  59750  residual 5.710e-07
  epoch  59999  residual 5.647e-07
  [gamma] epoch      0  gamma_ratio 0.1737  residual 7.272e-03
  [gamma] epoch    250  gamma_ratio 1.7096  residual 8.518e-04
  [gamma] epoch    500  gamma_ratio 0.5156  residual 5.863e-04
  [gamma] epoch    750  gamma_ratio 0.6917  residual 3.569e-04
  [gamma] epoch   1000  gamma_ratio 0.7506  residual 2.739e-04
  [gamma] epoch   1250  gamma_ratio 0.8098  residual 2.005e-04
  [gamma] epoch   1500  gamma_ratio 0.8212  residual 1.570e-04
  [gamma] epoch   1750  gamma_ratio 0.8355  residual 1.029e-04
  [gamma] epoch   2000  gamma_ratio 0.8664  residual 1.026e-04
  [gamma] epoch   2250  gamma_ratio 0.8857  residual 6.495e-05
  [gamma] epoch   2500  gamma_ratio 0.8794  residual 4.415e-05
  [gamma] epoch   2750  gamma_ratio 0.8920  residual 1.166e-04
  [gamma] epoch   3000  gamma_ratio 0.8830  residual 4.713e-05
  [gamma] epoch   3250  gamma_ratio 0.8830  residual 2.616e-05
  [gamma] epoch   3500  gamma_ratio 0.3382  residual 1.306e-03
  [gamma] epoch   3750  gamma_ratio 0.5221  residual 2.564e-04
  [gamma] epoch   4000  gamma_ratio 0.7360  residual 2.616e-04
  [gamma] epoch   4250  gamma_ratio 0.6936  residual 1.716e-04
  [gamma] epoch   4500  gamma_ratio 0.7074  residual 2.966e-04
  [gamma] epoch   4750  gamma_ratio 1.2005  residual 1.328e-03
  [gamma] epoch   5000  gamma_ratio 1.6251  residual 1.605e-03
  [gamma] epoch   5250  gamma_ratio 0.2192  residual 6.597e-03
  [gamma] epoch   5500  gamma_ratio 0.7170  residual 7.292e-05
  [gamma] epoch   5750  gamma_ratio 0.8266  residual 3.945e-05
  [gamma] epoch   6000  gamma_ratio 0.8515  residual 2.965e-05
  [gamma] epoch   6250  gamma_ratio 0.8668  residual 2.518e-05
  [gamma] epoch   6500  gamma_ratio 0.8789  residual 2.222e-05
  [gamma] epoch   6750  gamma_ratio 0.8880  residual 2.028e-05
  [gamma] epoch   7000  gamma_ratio 0.8949  residual 1.876e-05
  [gamma] epoch   7250  gamma_ratio 0.9005  residual 1.775e-05
  [gamma] epoch   7500  gamma_ratio 0.9064  residual 1.636e-05
  [gamma] epoch   7750  gamma_ratio 0.9136  residual 1.539e-05
  [gamma] epoch   8000  gamma_ratio 0.8863  residual 2.089e-05
  [gamma] epoch   8250  gamma_ratio 0.9126  residual 1.473e-05
  [gamma] epoch   8500  gamma_ratio 0.9277  residual 1.298e-05
  [gamma] epoch   8750  gamma_ratio 0.9199  residual 1.362e-05
  [gamma] epoch   9000  gamma_ratio 0.9356  residual 1.176e-05
  [gamma] epoch   9250  gamma_ratio 0.9403  residual 1.107e-05
  [gamma] epoch   9500  gamma_ratio 0.9429  residual 1.093e-05
  [gamma] epoch   9750  gamma_ratio 0.9472  residual 9.738e-06
  [gamma] epoch  10000  gamma_ratio 0.9499  residual 9.149e-06
  [gamma] epoch  10250  gamma_ratio 0.9517  residual 8.410e-06
  [gamma] epoch  10500  gamma_ratio 0.9536  residual 7.625e-06
  [gamma] epoch  10750  gamma_ratio 0.9553  residual 7.121e-06
  [gamma] epoch  11000  gamma_ratio 0.9573  residual 5.868e-06
  [gamma] epoch  11250  gamma_ratio 0.9609  residual 4.936e-06
  [gamma] epoch  11500  gamma_ratio 0.9605  residual 4.329e-06
  [gamma] epoch  11750  gamma_ratio 0.9651  residual 3.850e-06
  [gamma] epoch  12000  gamma_ratio 0.9656  residual 3.766e-06
  [gamma] epoch  12250  gamma_ratio 0.9692  residual 3.645e-06
  [gamma] epoch  12500  gamma_ratio 0.9708  residual 3.838e-06
  [gamma] epoch  12750  gamma_ratio 0.9621  residual 4.003e-06
  [gamma] epoch  13000  gamma_ratio 0.9672  residual 2.651e-06
  [gamma] epoch  13250  gamma_ratio 0.9713  residual 2.616e-06
  [gamma] epoch  13500  gamma_ratio 0.9737  residual 2.422e-06
  [gamma] epoch  13750  gamma_ratio 0.9792  residual 4.505e-06
  [gamma] epoch  14000  gamma_ratio 0.9760  residual 2.187e-06
  [gamma] epoch  14250  gamma_ratio 0.9757  residual 2.278e-06
  [gamma] epoch  14500  gamma_ratio 0.9786  residual 2.115e-06
  [gamma] epoch  14750  gamma_ratio 0.9785  residual 2.207e-06
  [gamma] epoch  15000  gamma_ratio 0.9795  residual 2.061e-06
  [gamma] epoch  15250  gamma_ratio 0.9786  residual 1.863e-06
  [gamma] epoch  15500  gamma_ratio 0.9790  residual 2.195e-06
  [gamma] epoch  15750  gamma_ratio 0.9818  residual 1.733e-06
  [gamma] epoch  16000  gamma_ratio 0.9818  residual 1.691e-06
  [gamma] epoch  16250  gamma_ratio 0.9818  residual 1.872e-06
  [gamma] epoch  16500  gamma_ratio 0.9854  residual 1.717e-06
  [gamma] epoch  16750  gamma_ratio 0.9837  residual 1.837e-06
  [gamma] epoch  17000  gamma_ratio 0.9845  residual 1.479e-06
  [gamma] epoch  17250  gamma_ratio 0.9848  residual 1.503e-06
  [gamma] epoch  17500  gamma_ratio 0.9824  residual 1.752e-06
  [gamma] epoch  17750  gamma_ratio 0.9811  residual 1.670e-06
  [gamma] epoch  18000  gamma_ratio 0.9865  residual 1.432e-06
  [gamma] epoch  18250  gamma_ratio 0.9913  residual 3.546e-06
  [gamma] epoch  18500  gamma_ratio 0.9856  residual 2.191e-06
  [gamma] epoch  18750  gamma_ratio 0.9868  residual 1.814e-06
  [gamma] epoch  19000  gamma_ratio 0.9873  residual 1.574e-06
  [gamma] epoch  19250  gamma_ratio 0.9894  residual 2.071e-06
  [gamma] epoch  19500  gamma_ratio 0.6866  residual 1.640e-03
  [gamma] epoch  19750  gamma_ratio 0.8742  residual 3.672e-04
  [gamma] epoch  20000  gamma_ratio 0.7508  residual 1.753e-03
  [gamma] epoch  20250  gamma_ratio 0.7994  residual 1.516e-03
  [gamma] epoch  20500  gamma_ratio 0.8447  residual 2.466e-04
  [gamma] epoch  20750  gamma_ratio 0.2622  residual 6.701e-04
  [gamma] epoch  21000  gamma_ratio 0.8307  residual 9.953e-05
  [gamma] epoch  21250  gamma_ratio 0.8799  residual 5.264e-05
  [gamma] epoch  21500  gamma_ratio 0.8898  residual 3.574e-05
  [gamma] epoch  21750  gamma_ratio 0.8914  residual 2.536e-05
  [gamma] epoch  22000  gamma_ratio 0.8979  residual 1.848e-05
  [gamma] epoch  22250  gamma_ratio 0.9025  residual 1.347e-05
  [gamma] epoch  22500  gamma_ratio 0.9059  residual 1.083e-05
  [gamma] epoch  22750  gamma_ratio 0.9097  residual 8.973e-06
  [gamma] epoch  23000  gamma_ratio 0.9128  residual 7.675e-06
  [gamma] epoch  23250  gamma_ratio 0.9248  residual 3.631e-05
  [gamma] epoch  23500  gamma_ratio 0.9194  residual 4.222e-05
  [gamma] epoch  23750  gamma_ratio 0.9306  residual 4.568e-06
  [gamma] epoch  24000  gamma_ratio 0.7806  residual 4.393e-04
  [gamma] epoch  24250  gamma_ratio 0.8087  residual 7.970e-04
  [gamma] epoch  24500  gamma_ratio 0.9002  residual 1.303e-04
  [gamma] epoch  24750  gamma_ratio 0.9409  residual 3.847e-05
  [gamma] epoch  25000  gamma_ratio 0.8842  residual 4.052e-05
  [gamma] epoch  25250  gamma_ratio 0.9545  residual 1.698e-05
  [gamma] epoch  25500  gamma_ratio 0.9287  residual 1.495e-05
  [gamma] epoch  25750  gamma_ratio 0.9602  residual 1.219e-05
  [gamma] epoch  26000  gamma_ratio 0.9647  residual 1.084e-05
  [gamma] epoch  26250  gamma_ratio 0.9648  residual 9.885e-06
  [gamma] epoch  26500  gamma_ratio 0.9594  residual 9.167e-06
  [gamma] epoch  26750  gamma_ratio 0.9488  residual 9.408e-06
  [gamma] epoch  27000  gamma_ratio 0.9700  residual 7.424e-06
  [gamma] epoch  27250  gamma_ratio 0.9709  residual 6.861e-06
  [gamma] epoch  27500  gamma_ratio 0.9657  residual 7.806e-06
  [gamma] epoch  27750  gamma_ratio 0.9712  residual 5.969e-06
  [gamma] epoch  28000  gamma_ratio 0.9560  residual 6.059e-06
  [gamma] epoch  28250  gamma_ratio 0.9722  residual 5.283e-06
  [gamma] epoch  28500  gamma_ratio 0.9733  residual 5.067e-06
  [gamma] epoch  28750  gamma_ratio 0.9680  residual 4.754e-06
  [gamma] epoch  29000  gamma_ratio 0.9767  residual 4.465e-06
  [gamma] epoch  29250  gamma_ratio 0.9721  residual 4.240e-06
  [gamma] epoch  29500  gamma_ratio 0.9771  residual 4.798e-06
  [gamma] epoch  29750  gamma_ratio 0.9376  residual 7.428e-06
  [gamma] epoch  30000  gamma_ratio 0.9727  residual 3.667e-06
  [gamma] epoch  30250  gamma_ratio 0.9799  residual 3.634e-06
  [gamma] epoch  30500  gamma_ratio 0.9760  residual 3.414e-06
  [gamma] epoch  30750  gamma_ratio 0.9854  residual 1.077e-05
  [gamma] epoch  31000  gamma_ratio 0.9766  residual 3.117e-06
  [gamma] epoch  31250  gamma_ratio 0.9762  residual 2.973e-06
  [gamma] epoch  31500  gamma_ratio 0.9685  residual 2.942e-06
  [gamma] epoch  31750  gamma_ratio 0.9771  residual 2.761e-06
  [gamma] epoch  32000  gamma_ratio 0.9769  residual 2.699e-06
  [gamma] epoch  32250  gamma_ratio 0.9801  residual 3.769e-06
  [gamma] epoch  32500  gamma_ratio 0.9777  residual 2.505e-06
  [gamma] epoch  32750  gamma_ratio 0.9825  residual 2.467e-06
  [gamma] epoch  33000  gamma_ratio 0.9670  residual 3.630e-06
  [gamma] epoch  33250  gamma_ratio 0.9742  residual 2.339e-06
  [gamma] epoch  33500  gamma_ratio 0.9786  residual 2.659e-06
  [gamma] epoch  33750  gamma_ratio 0.9714  residual 2.383e-06
  [gamma] epoch  34000  gamma_ratio 0.9268  residual 5.763e-06
  [gamma] epoch  34250  gamma_ratio 0.9907  residual 2.395e-06
  [gamma] epoch  34500  gamma_ratio 0.9889  residual 2.514e-06
  [gamma] epoch  34750  gamma_ratio 0.9833  residual 1.808e-06
  [gamma] epoch  35000  gamma_ratio 0.9870  residual 1.860e-06
  [gamma] epoch  35250  gamma_ratio 0.9614  residual 2.616e-06
  [gamma] epoch  35500  gamma_ratio 0.9862  residual 2.074e-06
  [gamma] epoch  35750  gamma_ratio 0.9851  residual 1.859e-06
  [gamma] epoch  36000  gamma_ratio 0.9852  residual 1.797e-06
  [gamma] epoch  36250  gamma_ratio 0.9854  residual 1.698e-06
  [gamma] epoch  36500  gamma_ratio 0.9855  residual 1.637e-06
  [gamma] epoch  36750  gamma_ratio 0.9888  residual 1.843e-06
  [gamma] epoch  37000  gamma_ratio 0.9861  residual 1.574e-06
  [gamma] epoch  37250  gamma_ratio 0.9796  residual 1.643e-06
  [gamma] epoch  37500  gamma_ratio 0.9859  residual 1.439e-06
  [gamma] epoch  37750  gamma_ratio 0.9896  residual 1.488e-06
  [gamma] epoch  38000  gamma_ratio 0.9881  residual 1.378e-06
  [gamma] epoch  38250  gamma_ratio 0.9825  residual 1.356e-06
  [gamma] epoch  38500  gamma_ratio 0.9873  residual 1.299e-06
  [gamma] epoch  38750  gamma_ratio 1.0013  residual 3.519e-06
  [gamma] epoch  39000  gamma_ratio 0.9871  residual 1.408e-06
  [gamma] epoch  39250  gamma_ratio 0.9881  residual 1.224e-06
  [gamma] epoch  39500  gamma_ratio 0.9828  residual 1.204e-06
  [gamma] epoch  39750  gamma_ratio 0.9901  residual 1.193e-06
  [gamma] epoch  40000  gamma_ratio 0.9864  residual 1.176e-06
  [gamma] epoch  40250  gamma_ratio 0.9879  residual 1.263e-06
  [gamma] epoch  40500  gamma_ratio 0.9841  residual 1.111e-06
  [gamma] epoch  40750  gamma_ratio 0.9840  residual 1.099e-06
  [gamma] epoch  41000  gamma_ratio 0.9871  residual 1.075e-06
  [gamma] epoch  41250  gamma_ratio 0.9858  residual 1.056e-06
  [gamma] epoch  41500  gamma_ratio 0.9881  residual 1.042e-06
  [gamma] epoch  41750  gamma_ratio 0.9861  residual 1.020e-06
  [gamma] epoch  42000  gamma_ratio 0.9882  residual 1.006e-06
  [gamma] epoch  42250  gamma_ratio 0.9837  residual 1.143e-06
  [gamma] epoch  42500  gamma_ratio 0.9861  residual 9.909e-07
  [gamma] epoch  42750  gamma_ratio 0.9887  residual 9.707e-07
  [gamma] epoch  43000  gamma_ratio 0.9854  residual 1.083e-06
  [gamma] epoch  43250  gamma_ratio 0.9547  residual 1.606e-06
  [gamma] epoch  43500  gamma_ratio 0.9921  residual 9.732e-07
  [gamma] epoch  43750  gamma_ratio 0.9856  residual 9.221e-07
  [gamma] epoch  44000  gamma_ratio 0.9860  residual 9.117e-07
  [gamma] epoch  44250  gamma_ratio 0.9867  residual 9.069e-07
  [gamma] epoch  44500  gamma_ratio 0.9809  residual 1.064e-06
  [gamma] epoch  44750  gamma_ratio 0.9856  residual 1.003e-06
  [gamma] epoch  45000  gamma_ratio 0.9919  residual 8.923e-07
  [gamma] epoch  45250  gamma_ratio 0.9697  residual 1.432e-06
  [gamma] epoch  45500  gamma_ratio 0.9909  residual 9.143e-07
  [gamma] epoch  45750  gamma_ratio 0.9713  residual 1.134e-06
  [gamma] epoch  46000  gamma_ratio 0.9887  residual 8.537e-07
  [gamma] epoch  46250  gamma_ratio 0.9875  residual 8.347e-07
  [gamma] epoch  46500  gamma_ratio 0.9815  residual 8.354e-07
  [gamma] epoch  46750  gamma_ratio 0.9873  residual 8.143e-07
  [gamma] epoch  47000  gamma_ratio 0.9886  residual 8.052e-07
  [gamma] epoch  47250  gamma_ratio 0.9883  residual 7.985e-07
  [gamma] epoch  47500  gamma_ratio 0.9901  residual 7.951e-07
  [gamma] epoch  47750  gamma_ratio 0.9910  residual 7.926e-07
  [gamma] epoch  48000  gamma_ratio 0.9909  residual 7.824e-07
  [gamma] epoch  48250  gamma_ratio 0.9814  residual 8.268e-07
  [gamma] epoch  48500  gamma_ratio 0.9892  residual 7.651e-07
  [gamma] epoch  48750  gamma_ratio 0.9864  residual 7.872e-07
  [gamma] epoch  49000  gamma_ratio 0.9887  residual 7.547e-07
  [gamma] epoch  49250  gamma_ratio 0.9907  residual 9.009e-07
  [gamma] epoch  49500  gamma_ratio 0.9892  residual 7.454e-07
  [gamma] epoch  49750  gamma_ratio 0.9892  residual 7.353e-07
  [gamma] epoch  50000  gamma_ratio 0.9897  residual 7.311e-07
  [gamma] epoch  50250  gamma_ratio 0.9894  residual 7.239e-07
  [gamma] epoch  50500  gamma_ratio 0.9872  residual 7.393e-07
  [gamma] epoch  50750  gamma_ratio 0.9853  residual 7.353e-07
  [gamma] epoch  51000  gamma_ratio 0.9886  residual 7.116e-07
  [gamma] epoch  51250  gamma_ratio 0.9948  residual 7.812e-07
  [gamma] epoch  51500  gamma_ratio 0.9899  residual 7.000e-07
  [gamma] epoch  51750  gamma_ratio 0.9926  residual 7.180e-07
  [gamma] epoch  52000  gamma_ratio 0.9873  residual 7.262e-07
  [gamma] epoch  52250  gamma_ratio 0.9899  residual 6.848e-07
  [gamma] epoch  52500  gamma_ratio 0.9905  residual 6.856e-07
  [gamma] epoch  52750  gamma_ratio 0.9922  residual 6.792e-07
  [gamma] epoch  53000  gamma_ratio 0.9887  residual 6.712e-07
  [gamma] epoch  53250  gamma_ratio 0.9908  residual 6.649e-07
  [gamma] epoch  53500  gamma_ratio 0.9850  residual 6.951e-07
  [gamma] epoch  53750  gamma_ratio 0.9900  residual 6.556e-07
  [gamma] epoch  54000  gamma_ratio 0.9899  residual 6.514e-07
  [gamma] epoch  54250  gamma_ratio 0.9890  residual 6.531e-07
  [gamma] epoch  54500  gamma_ratio 0.9863  residual 6.857e-07
  [gamma] epoch  54750  gamma_ratio 0.9871  residual 6.489e-07
  [gamma] epoch  55000  gamma_ratio 0.9887  residual 6.398e-07
  [gamma] epoch  55250  gamma_ratio 0.9898  residual 6.337e-07
  [gamma] epoch  55500  gamma_ratio 0.9804  residual 6.959e-07
  [gamma] epoch  55750  gamma_ratio 0.9948  residual 6.510e-07
  [gamma] epoch  56000  gamma_ratio 0.9930  residual 6.246e-07
  [gamma] epoch  56250  gamma_ratio 0.9909  residual 6.350e-07
  [gamma] epoch  56500  gamma_ratio 0.9908  residual 6.131e-07
  [gamma] epoch  56750  gamma_ratio 0.9905  residual 6.087e-07
  [gamma] epoch  57000  gamma_ratio 0.9909  residual 6.059e-07
  [gamma] epoch  57250  gamma_ratio 0.9916  residual 6.020e-07
  [gamma] epoch  57500  gamma_ratio 0.9876  residual 6.041e-07
  [gamma] epoch  57750  gamma_ratio 0.9910  residual 5.957e-07
  [gamma] epoch  58000  gamma_ratio 0.9899  residual 5.928e-07
  [gamma] epoch  58250  gamma_ratio 0.9900  residual 5.895e-07
  [gamma] epoch  58500  gamma_ratio 0.9894  residual 5.878e-07
  [gamma] epoch  58750  gamma_ratio 0.9909  residual 5.850e-07
  [gamma] epoch  59000  gamma_ratio 0.9903  residual 5.776e-07
  [gamma] epoch  59250  gamma_ratio 0.9911  residual 5.778e-07
  [gamma] epoch  59500  gamma_ratio 0.9938  residual 5.750e-07
  [gamma] epoch  59750  gamma_ratio 0.9901  residual 5.710e-07
  [gamma] epoch  59999  gamma_ratio 0.9906  residual 5.647e-07
  [shape] epoch      0  rmse=0.7128  max_abs_dA=0.8141  int_signed_dA=1.584e-10  int_abs_dA=1.586e-10  A_min=0.8142  max_dA_fwd=3.349e-05
  [shape] epoch    250  rmse=0.1833  max_abs_dA=0.8982  int_signed_dA=-3.069e-11  int_abs_dA=3.07e-11  A_min=-0.107  max_dA_fwd=0.02527
  [shape] epoch    500  rmse=0.1463  max_abs_dA=0.2041  int_signed_dA=3.129e-11  int_abs_dA=3.188e-11  A_min=0.08042  max_dA_fwd=0.0005144
  [shape] epoch    750  rmse=0.07306  max_abs_dA=0.1162  int_signed_dA=1.484e-11  int_abs_dA=1.484e-11  A_min=0.005324  max_dA_fwd=0.001347
  [shape] epoch   1000  rmse=0.05704  max_abs_dA=0.09429  int_signed_dA=1.079e-11  int_abs_dA=1.11e-11  A_min=-0.01135  max_dA_fwd=0.001441
  [shape] epoch   1250  rmse=0.04001  max_abs_dA=0.06703  int_signed_dA=4.421e-12  int_abs_dA=8.178e-12  A_min=-0.04574  max_dA_fwd=0.002352
  [shape] epoch   1500  rmse=0.03702  max_abs_dA=0.06159  int_signed_dA=5.425e-12  int_abs_dA=7.477e-12  A_min=-0.03008  max_dA_fwd=0.004692
  [shape] epoch   1750  rmse=0.03355  max_abs_dA=0.05342  int_signed_dA=5.158e-12  int_abs_dA=6.768e-12  A_min=-0.02379  max_dA_fwd=0.006362
  [shape] epoch   2000  rmse=0.02661  max_abs_dA=0.05011  int_signed_dA=3.933e-12  int_abs_dA=5.365e-12  A_min=-0.01971  max_dA_fwd=0.004035
  [shape] epoch   2250  rmse=0.02305  max_abs_dA=0.05259  int_signed_dA=2.76e-12  int_abs_dA=4.62e-12  A_min=-0.02182  max_dA_fwd=0.005413
  [shape] epoch   2500  rmse=0.02451  max_abs_dA=0.0575  int_signed_dA=3.702e-12  int_abs_dA=4.757e-12  A_min=-0.01567  max_dA_fwd=0.005589
  [shape] epoch   2750  rmse=0.0234  max_abs_dA=0.06404  int_signed_dA=1.648e-12  int_abs_dA=4.531e-12  A_min=-0.02896  max_dA_fwd=0.009011
  [shape] epoch   3000  rmse=0.02424  max_abs_dA=0.06548  int_signed_dA=2.942e-12  int_abs_dA=4.698e-12  A_min=-0.02264  max_dA_fwd=0.009732
  [shape] epoch   3250  rmse=0.0232  max_abs_dA=0.05506  int_signed_dA=3.404e-12  int_abs_dA=4.606e-12  A_min=-0.01893  max_dA_fwd=0.01051
  [shape] epoch   3500  rmse=0.4374  max_abs_dA=0.637  int_signed_dA=-9.402e-11  int_abs_dA=9.443e-11  A_min=-0.6367  max_dA_fwd=0.04511
  [shape] epoch   3750  rmse=0.6152  max_abs_dA=2.221  int_signed_dA=-9.187e-11  int_abs_dA=9.189e-11  A_min=-1.249  max_dA_fwd=0.007364
  [shape] epoch   4000  rmse=0.5705  max_abs_dA=2.199  int_signed_dA=-7.413e-11  int_abs_dA=7.414e-11  A_min=-1.222  max_dA_fwd=0.009463
  [shape] epoch   4250  rmse=0.5902  max_abs_dA=2.174  int_signed_dA=-7.686e-11  int_abs_dA=7.688e-11  A_min=-1.194  max_dA_fwd=0.00893
  [shape] epoch   4500  rmse=0.5549  max_abs_dA=2.134  int_signed_dA=-7.549e-11  int_abs_dA=7.557e-11  A_min=-1.158  max_dA_fwd=0.01526
  [shape] epoch   4750  rmse=0.4515  max_abs_dA=2.162  int_signed_dA=-5.539e-11  int_abs_dA=5.546e-11  A_min=-1.193  max_dA_fwd=0.03208
  [shape] epoch   5000  rmse=0.2872  max_abs_dA=1.451  int_signed_dA=-4.183e-11  int_abs_dA=4.183e-11  A_min=-0.5882  max_dA_fwd=0.03023
  [shape] epoch   5250  rmse=0.5576  max_abs_dA=0.6797  int_signed_dA=1.186e-10  int_abs_dA=1.212e-10  A_min=0.555  max_dA_fwd=0.01657
  [shape] epoch   5500  rmse=0.06934  max_abs_dA=0.1117  int_signed_dA=1.314e-11  int_abs_dA=1.367e-11  A_min=-0.0002079  max_dA_fwd=-9.667e-05
  [shape] epoch   5750  rmse=0.03677  max_abs_dA=0.06185  int_signed_dA=6.413e-12  int_abs_dA=7.055e-12  A_min=-0.01736  max_dA_fwd=-9.629e-05
  [shape] epoch   6000  rmse=0.03035  max_abs_dA=0.05061  int_signed_dA=5.443e-12  int_abs_dA=5.859e-12  A_min=-0.01291  max_dA_fwd=-8.455e-05
  [shape] epoch   6250  rmse=0.02682  max_abs_dA=0.04505  int_signed_dA=4.723e-12  int_abs_dA=5.174e-12  A_min=-0.01303  max_dA_fwd=-7.946e-05
  [shape] epoch   6500  rmse=0.02415  max_abs_dA=0.04079  int_signed_dA=4.165e-12  int_abs_dA=4.655e-12  A_min=-0.01322  max_dA_fwd=-7.56e-05
  [shape] epoch   6750  rmse=0.0222  max_abs_dA=0.03764  int_signed_dA=3.748e-12  int_abs_dA=4.274e-12  A_min=-0.01346  max_dA_fwd=-7.294e-05
  [shape] epoch   7000  rmse=0.02071  max_abs_dA=0.03515  int_signed_dA=3.458e-12  int_abs_dA=3.985e-12  A_min=-0.01322  max_dA_fwd=-7.051e-05
  [shape] epoch   7250  rmse=0.01952  max_abs_dA=0.03314  int_signed_dA=3.207e-12  int_abs_dA=3.761e-12  A_min=-0.01342  max_dA_fwd=-6.897e-05
  [shape] epoch   7500  rmse=0.01827  max_abs_dA=0.03101  int_signed_dA=2.943e-12  int_abs_dA=3.525e-12  A_min=-0.01357  max_dA_fwd=-6.742e-05
  [shape] epoch   7750  rmse=0.01678  max_abs_dA=0.02843  int_signed_dA=2.564e-12  int_abs_dA=3.253e-12  A_min=-0.01468  max_dA_fwd=-6.617e-05
  [shape] epoch   8000  rmse=0.02167  max_abs_dA=0.03439  int_signed_dA=4.241e-12  int_abs_dA=4.282e-12  A_min=-0.00315  max_dA_fwd=-6.152e-05
  [shape] epoch   8250  rmse=0.01665  max_abs_dA=0.02742  int_signed_dA=2.894e-12  int_abs_dA=3.249e-12  A_min=-0.009917  max_dA_fwd=-6.104e-05
  [shape] epoch   8500  rmse=0.01371  max_abs_dA=0.02258  int_signed_dA=2.002e-12  int_abs_dA=2.712e-12  A_min=-0.01413  max_dA_fwd=-6.017e-05
  [shape] epoch   8750  rmse=0.01499  max_abs_dA=0.02422  int_signed_dA=2.634e-12  int_abs_dA=2.956e-12  A_min=-0.009044  max_dA_fwd=-5.694e-05
  [shape] epoch   9000  rmse=0.01209  max_abs_dA=0.01947  int_signed_dA=1.684e-12  int_abs_dA=2.418e-12  A_min=-0.01387  max_dA_fwd=-5.657e-05
  [shape] epoch   9250  rmse=0.01114  max_abs_dA=0.01759  int_signed_dA=1.482e-12  int_abs_dA=2.251e-12  A_min=-0.0139  max_dA_fwd=-5.441e-05
  [shape] epoch   9500  rmse=0.01057  max_abs_dA=0.01651  int_signed_dA=1.447e-12  int_abs_dA=2.149e-12  A_min=-0.01292  max_dA_fwd=-5.206e-05
  [shape] epoch   9750  rmse=0.009778  max_abs_dA=0.01497  int_signed_dA=1.247e-12  int_abs_dA=2.004e-12  A_min=-0.01319  max_dA_fwd=-5.047e-05
  [shape] epoch  10000  rmse=0.009264  max_abs_dA=0.01394  int_signed_dA=1.132e-12  int_abs_dA=1.91e-12  A_min=-0.01319  max_dA_fwd=-4.918e-05
  [shape] epoch  10250  rmse=0.008908  max_abs_dA=0.01328  int_signed_dA=1.076e-12  int_abs_dA=1.845e-12  A_min=-0.01296  max_dA_fwd=-4.824e-05
  [shape] epoch  10500  rmse=0.008578  max_abs_dA=0.01339  int_signed_dA=9.912e-13  int_abs_dA=1.785e-12  A_min=-0.01308  max_dA_fwd=-4.774e-05
  [shape] epoch  10750  rmse=0.008286  max_abs_dA=0.0136  int_signed_dA=9.042e-13  int_abs_dA=1.731e-12  A_min=-0.01329  max_dA_fwd=-4.741e-05
  [shape] epoch  11000  rmse=0.007899  max_abs_dA=0.01322  int_signed_dA=8.515e-13  int_abs_dA=1.656e-12  A_min=-0.0129  max_dA_fwd=-4.635e-05
  [shape] epoch  11250  rmse=0.007235  max_abs_dA=0.01196  int_signed_dA=8.101e-13  int_abs_dA=1.515e-12  A_min=-0.01165  max_dA_fwd=-4.401e-05
  [shape] epoch  11500  rmse=0.00715  max_abs_dA=0.0107  int_signed_dA=1.003e-12  int_abs_dA=1.483e-12  A_min=-0.009227  max_dA_fwd=-4.183e-05
  [shape] epoch  11750  rmse=0.006367  max_abs_dA=0.009384  int_signed_dA=8.636e-13  int_abs_dA=1.315e-12  A_min=-0.008731  max_dA_fwd=-4.06e-05
  [shape] epoch  12000  rmse=0.006172  max_abs_dA=0.009195  int_signed_dA=9.315e-13  int_abs_dA=1.273e-12  A_min=-0.007473  max_dA_fwd=-4.022e-05
  [shape] epoch  12250  rmse=0.005581  max_abs_dA=0.008474  int_signed_dA=7.858e-13  int_abs_dA=1.15e-12  A_min=-0.007824  max_dA_fwd=-4.13e-05
  [shape] epoch  12500  rmse=0.00527  max_abs_dA=0.008466  int_signed_dA=7.209e-13  int_abs_dA=1.089e-12  A_min=-0.008152  max_dA_fwd=-4.406e-05
  [shape] epoch  12750  rmse=0.006877  max_abs_dA=0.01416  int_signed_dA=6.671e-13  int_abs_dA=1.47e-12  A_min=-0.01384  max_dA_fwd=-5.548e-05
  [shape] epoch  13000  rmse=0.005892  max_abs_dA=0.01206  int_signed_dA=6.407e-13  int_abs_dA=1.256e-12  A_min=-0.01175  max_dA_fwd=-5.338e-05
  [shape] epoch  13250  rmse=0.005084  max_abs_dA=0.01013  int_signed_dA=6.108e-13  int_abs_dA=1.09e-12  A_min=-0.00982  max_dA_fwd=-4.933e-05
  [shape] epoch  13500  rmse=0.004652  max_abs_dA=0.009254  int_signed_dA=5.758e-13  int_abs_dA=1.001e-12  A_min=-0.00894  max_dA_fwd=-4.701e-05
  [shape] epoch  13750  rmse=0.004133  max_abs_dA=0.01055  int_signed_dA=2.75e-13  int_abs_dA=8.51e-13  A_min=-0.01024  max_dA_fwd=-4.62e-05
  [shape] epoch  14000  rmse=0.004163  max_abs_dA=0.00775  int_signed_dA=5.782e-13  int_abs_dA=9.014e-13  A_min=-0.007437  max_dA_fwd=-4.412e-05
  [shape] epoch  14250  rmse=0.004169  max_abs_dA=0.007164  int_signed_dA=6.22e-13  int_abs_dA=9.008e-13  A_min=-0.00685  max_dA_fwd=-4.373e-05
  [shape] epoch  14500  rmse=0.003773  max_abs_dA=0.007517  int_signed_dA=4.961e-13  int_abs_dA=8.096e-13  A_min=-0.007204  max_dA_fwd=-4.35e-05
  [shape] epoch  14750  rmse=0.00371  max_abs_dA=0.00718  int_signed_dA=5.2e-13  int_abs_dA=8.058e-13  A_min=-0.006867  max_dA_fwd=-4.344e-05
  [shape] epoch  15000  rmse=0.003539  max_abs_dA=0.006917  int_signed_dA=5.018e-13  int_abs_dA=7.687e-13  A_min=-0.006603  max_dA_fwd=-4.326e-05
  [shape] epoch  15250  rmse=0.003619  max_abs_dA=0.006481  int_signed_dA=5.586e-13  int_abs_dA=7.892e-13  A_min=-0.006167  max_dA_fwd=-4.338e-05
  [shape] epoch  15500  rmse=0.003602  max_abs_dA=0.006663  int_signed_dA=5.103e-13  int_abs_dA=7.861e-13  A_min=-0.006349  max_dA_fwd=-1.165e-05
  [shape] epoch  15750  rmse=0.003114  max_abs_dA=0.005148  int_signed_dA=4.617e-13  int_abs_dA=6.826e-13  A_min=-0.004811  max_dA_fwd=5.008e-05
  [shape] epoch  16000  rmse=0.003082  max_abs_dA=0.004343  int_signed_dA=4.979e-13  int_abs_dA=6.77e-13  A_min=-0.00399  max_dA_fwd=6.573e-05
  [shape] epoch  16250  rmse=0.003114  max_abs_dA=0.004417  int_signed_dA=4.947e-13  int_abs_dA=6.793e-13  A_min=-0.003899  max_dA_fwd=6.537e-05
  [shape] epoch  16500  rmse=0.002583  max_abs_dA=0.004135  int_signed_dA=3.734e-13  int_abs_dA=5.607e-13  A_min=-0.003767  max_dA_fwd=6.655e-05
  [shape] epoch  16750  rmse=0.002765  max_abs_dA=0.003983  int_signed_dA=4.748e-13  int_abs_dA=6.018e-13  A_min=-0.002828  max_dA_fwd=5.592e-05
  [shape] epoch  17000  rmse=0.0027  max_abs_dA=0.003964  int_signed_dA=4.207e-13  int_abs_dA=5.854e-13  A_min=-0.003289  max_dA_fwd=7.198e-05
  [shape] epoch  17250  rmse=0.002645  max_abs_dA=0.00406  int_signed_dA=4.332e-13  int_abs_dA=5.708e-13  A_min=-0.002754  max_dA_fwd=5.668e-05
  [shape] epoch  17500  rmse=0.002908  max_abs_dA=0.004306  int_signed_dA=5.655e-13  int_abs_dA=6.243e-13  A_min=-0.001492  max_dA_fwd=5.718e-05
  [shape] epoch  17750  rmse=0.003122  max_abs_dA=0.004735  int_signed_dA=6.214e-13  int_abs_dA=6.643e-13  A_min=-0.001103  max_dA_fwd=5.597e-05
  [shape] epoch  18000  rmse=0.002418  max_abs_dA=0.003857  int_signed_dA=3.82e-13  int_abs_dA=5.157e-13  A_min=-0.002478  max_dA_fwd=7.031e-05
  [shape] epoch  18250  rmse=0.001616  max_abs_dA=0.002323  int_signed_dA=2.438e-13  int_abs_dA=3.413e-13  A_min=-0.00189  max_dA_fwd=5.231e-05
  [shape] epoch  18500  rmse=0.002606  max_abs_dA=0.00426  int_signed_dA=4.246e-13  int_abs_dA=5.462e-13  A_min=-0.002094  max_dA_fwd=8.273e-05
  [shape] epoch  18750  rmse=0.002572  max_abs_dA=0.004091  int_signed_dA=3.589e-13  int_abs_dA=5.324e-13  A_min=-0.002507  max_dA_fwd=6.748e-05
  [shape] epoch  19000  rmse=0.002328  max_abs_dA=0.003725  int_signed_dA=3.896e-13  int_abs_dA=4.82e-13  A_min=-0.001497  max_dA_fwd=6.697e-05
  [shape] epoch  19250  rmse=0.00226  max_abs_dA=0.004262  int_signed_dA=2.812e-13  int_abs_dA=4.524e-13  A_min=-0.00213  max_dA_fwd=0.0001013
  [shape] epoch  19500  rmse=0.4284  max_abs_dA=1.77  int_signed_dA=-7.097e-11  int_abs_dA=7.097e-11  A_min=-0.8899  max_dA_fwd=0.02801
  [shape] epoch  19750  rmse=0.545  max_abs_dA=2.172  int_signed_dA=-6.608e-11  int_abs_dA=6.62e-11  A_min=-1.2  max_dA_fwd=0.01032
  [shape] epoch  20000  rmse=0.5614  max_abs_dA=2.145  int_signed_dA=-7.433e-11  int_abs_dA=7.437e-11  A_min=-1.171  max_dA_fwd=0.01241
  [shape] epoch  20250  rmse=0.5559  max_abs_dA=2.102  int_signed_dA=-7.203e-11  int_abs_dA=7.206e-11  A_min=-1.124  max_dA_fwd=0.01013
  [shape] epoch  20500  rmse=0.5663  max_abs_dA=2.118  int_signed_dA=-6.905e-11  int_abs_dA=6.905e-11  A_min=-1.136  max_dA_fwd=0.008459
  [shape] epoch  20750  rmse=0.4611  max_abs_dA=0.5946  int_signed_dA=9.371e-11  int_abs_dA=9.898e-11  A_min=0.4432  max_dA_fwd=0.007135
  [shape] epoch  21000  rmse=0.02991  max_abs_dA=0.05655  int_signed_dA=6.788e-12  int_abs_dA=6.788e-12  A_min=0.01964  max_dA_fwd=0.009379
  [shape] epoch  21250  rmse=0.02298  max_abs_dA=0.06045  int_signed_dA=4.544e-12  int_abs_dA=4.548e-12  A_min=-0.0004495  max_dA_fwd=0.009417
  [shape] epoch  21500  rmse=0.02246  max_abs_dA=0.06271  int_signed_dA=3.909e-12  int_abs_dA=4.191e-12  A_min=-0.006811  max_dA_fwd=0.009028
  [shape] epoch  21750  rmse=0.02234  max_abs_dA=0.06308  int_signed_dA=3.709e-12  int_abs_dA=4.154e-12  A_min=-0.009  max_dA_fwd=0.009373
  [shape] epoch  22000  rmse=0.02128  max_abs_dA=0.06117  int_signed_dA=3.232e-12  int_abs_dA=3.934e-12  A_min=-0.01164  max_dA_fwd=0.01023
  [shape] epoch  22250  rmse=0.02052  max_abs_dA=0.05886  int_signed_dA=3.045e-12  int_abs_dA=3.751e-12  A_min=-0.01143  max_dA_fwd=0.01067
  [shape] epoch  22500  rmse=0.01998  max_abs_dA=0.05712  int_signed_dA=2.836e-12  int_abs_dA=3.632e-12  A_min=-0.01219  max_dA_fwd=0.01052
  [shape] epoch  22750  rmse=0.01932  max_abs_dA=0.05534  int_signed_dA=2.696e-12  int_abs_dA=3.484e-12  A_min=-0.01192  max_dA_fwd=0.01055
  [shape] epoch  23000  rmse=0.01874  max_abs_dA=0.05325  int_signed_dA=2.556e-12  int_abs_dA=3.37e-12  A_min=-0.01196  max_dA_fwd=0.0103
  [shape] epoch  23250  rmse=0.01651  max_abs_dA=0.04845  int_signed_dA=1.862e-12  int_abs_dA=2.98e-12  A_min=-0.01393  max_dA_fwd=0.01023
  [shape] epoch  23500  rmse=0.0182  max_abs_dA=0.0541  int_signed_dA=2.071e-12  int_abs_dA=3.191e-12  A_min=-0.01412  max_dA_fwd=0.01384
  [shape] epoch  23750  rmse=0.01454  max_abs_dA=0.04068  int_signed_dA=1.98e-12  int_abs_dA=2.65e-12  A_min=-0.01046  max_dA_fwd=0.00913
  [shape] epoch  24000  rmse=0.5481  max_abs_dA=2.156  int_signed_dA=-7.113e-11  int_abs_dA=7.116e-11  A_min=-1.18  max_dA_fwd=0.04133
  [shape] epoch  24250  rmse=0.5645  max_abs_dA=2.128  int_signed_dA=-6.908e-11  int_abs_dA=7.064e-11  A_min=-1.147  max_dA_fwd=0.01713
  [shape] epoch  24500  rmse=0.02719  max_abs_dA=0.06031  int_signed_dA=3.692e-12  int_abs_dA=4.95e-12  A_min=0.02767  max_dA_fwd=0.002801
  [shape] epoch  24750  rmse=0.01212  max_abs_dA=0.02453  int_signed_dA=2.091e-12  int_abs_dA=2.175e-12  A_min=0.006588  max_dA_fwd=0.0007203
  [shape] epoch  25000  rmse=0.02068  max_abs_dA=0.03525  int_signed_dA=4.363e-12  int_abs_dA=4.364e-12  A_min=0.01501  max_dA_fwd=0.0002667
  [shape] epoch  25250  rmse=0.01181  max_abs_dA=0.02461  int_signed_dA=1.513e-12  int_abs_dA=2.038e-12  A_min=-0.001325  max_dA_fwd=6.93e-05
  [shape] epoch  25500  rmse=0.01433  max_abs_dA=0.02817  int_signed_dA=2.555e-12  int_abs_dA=2.555e-12  A_min=0.00411  max_dA_fwd=2.862e-05
  [shape] epoch  25750  rmse=0.01037  max_abs_dA=0.02119  int_signed_dA=1.026e-12  int_abs_dA=1.941e-12  A_min=-0.003673  max_dA_fwd=2.578e-05
  [shape] epoch  26000  rmse=0.009426  max_abs_dA=0.0191  int_signed_dA=8.164e-13  int_abs_dA=1.806e-12  A_min=-0.00399  max_dA_fwd=2.5e-05
  [shape] epoch  26250  rmse=0.009192  max_abs_dA=0.01902  int_signed_dA=1.095e-12  int_abs_dA=1.653e-12  A_min=-0.001736  max_dA_fwd=2.477e-05
  [shape] epoch  26500  rmse=0.009369  max_abs_dA=0.0193  int_signed_dA=1.408e-12  int_abs_dA=1.599e-12  A_min=0.000619  max_dA_fwd=2.453e-05
  [shape] epoch  26750  rmse=0.01015  max_abs_dA=0.02009  int_signed_dA=1.798e-12  int_abs_dA=1.798e-12  A_min=0.003046  max_dA_fwd=2.386e-05
  [shape] epoch  27000  rmse=0.007661  max_abs_dA=0.01607  int_signed_dA=1.028e-12  int_abs_dA=1.333e-12  A_min=-0.0001516  max_dA_fwd=2.272e-05
  [shape] epoch  27250  rmse=0.007363  max_abs_dA=0.01544  int_signed_dA=9.996e-13  int_abs_dA=1.279e-12  A_min=-7.209e-06  max_dA_fwd=2.182e-05
  [shape] epoch  27500  rmse=0.007651  max_abs_dA=0.01581  int_signed_dA=1.181e-12  int_abs_dA=1.307e-12  A_min=0.001084  max_dA_fwd=2.081e-05
  [shape] epoch  27750  rmse=0.007005  max_abs_dA=0.01461  int_signed_dA=9.863e-13  int_abs_dA=1.213e-12  A_min=0.0002676  max_dA_fwd=1.958e-05
  [shape] epoch  28000  rmse=0.008515  max_abs_dA=0.01674  int_signed_dA=1.531e-12  int_abs_dA=1.531e-12  A_min=0.002917  max_dA_fwd=1.858e-05
  [shape] epoch  28250  rmse=0.006713  max_abs_dA=0.01391  int_signed_dA=9.54e-13  int_abs_dA=1.163e-12  A_min=0.0002708  max_dA_fwd=1.702e-05
  [shape] epoch  28500  rmse=0.006611  max_abs_dA=0.01368  int_signed_dA=9.142e-13  int_abs_dA=1.15e-12  A_min=9.24e-07  max_dA_fwd=1.555e-05
  [shape] epoch  28750  rmse=0.006852  max_abs_dA=0.01389  int_signed_dA=1.102e-12  int_abs_dA=1.173e-12  A_min=0.001255  max_dA_fwd=1.467e-05
  [shape] epoch  29000  rmse=0.006051  max_abs_dA=0.01244  int_signed_dA=7.613e-13  int_abs_dA=1.091e-12  A_min=-0.0006588  max_dA_fwd=1.302e-05
  [shape] epoch  29250  rmse=0.006291  max_abs_dA=0.0128  int_signed_dA=9.542e-13  int_abs_dA=1.085e-12  A_min=0.0006086  max_dA_fwd=1.231e-05
  [shape] epoch  29500  rmse=0.005895  max_abs_dA=0.01191  int_signed_dA=6.899e-13  int_abs_dA=1.104e-12  A_min=-0.001281  max_dA_fwd=1.059e-05
  [shape] epoch  29750  rmse=0.01043  max_abs_dA=0.01753  int_signed_dA=2.215e-12  int_abs_dA=2.215e-12  A_min=0.007658  max_dA_fwd=1.183e-05
  [shape] epoch  30000  rmse=0.006086  max_abs_dA=0.01225  int_signed_dA=9.365e-13  int_abs_dA=1.051e-12  A_min=0.0005486  max_dA_fwd=9.564e-06
  [shape] epoch  30250  rmse=0.005327  max_abs_dA=0.01081  int_signed_dA=5.963e-13  int_abs_dA=9.922e-13  A_min=-0.001232  max_dA_fwd=8.567e-06
  [shape] epoch  30500  rmse=0.005731  max_abs_dA=0.01149  int_signed_dA=8.18e-13  int_abs_dA=1.013e-12  A_min=5.579e-05  max_dA_fwd=9.571e-06
  [shape] epoch  30750  rmse=0.004865  max_abs_dA=0.009025  int_signed_dA=1.758e-13  int_abs_dA=9.841e-13  A_min=-0.003394  max_dA_fwd=7.859e-06
  [shape] epoch  31000  rmse=0.00558  max_abs_dA=0.01123  int_signed_dA=7.963e-13  int_abs_dA=9.913e-13  A_min=-6.946e-05  max_dA_fwd=7.981e-06
  [shape] epoch  31250  rmse=0.005528  max_abs_dA=0.01114  int_signed_dA=8.137e-13  int_abs_dA=9.659e-13  A_min=0.0001813  max_dA_fwd=7.535e-06
  [shape] epoch  31500  rmse=0.00625  max_abs_dA=0.01215  int_signed_dA=1.082e-12  int_abs_dA=1.09e-12  A_min=0.001455  max_dA_fwd=7.161e-06
  [shape] epoch  31750  rmse=0.005408  max_abs_dA=0.01086  int_signed_dA=7.808e-13  int_abs_dA=9.568e-13  A_min=-5.496e-05  max_dA_fwd=6.501e-06
  [shape] epoch  32000  rmse=0.005326  max_abs_dA=0.0107  int_signed_dA=7.888e-13  int_abs_dA=9.305e-13  A_min=0.0001327  max_dA_fwd=6.006e-06
  [shape] epoch  32250  rmse=0.005218  max_abs_dA=0.00972  int_signed_dA=4.275e-13  int_abs_dA=1.067e-12  A_min=-0.002988  max_dA_fwd=3.486e-05
  [shape] epoch  32500  rmse=0.005179  max_abs_dA=0.01039  int_signed_dA=7.589e-13  int_abs_dA=9.105e-13  A_min=1.789e-05  max_dA_fwd=5.376e-06
  [shape] epoch  32750  rmse=0.004651  max_abs_dA=0.00939  int_signed_dA=5.16e-13  int_abs_dA=8.623e-13  A_min=-0.001198  max_dA_fwd=4.844e-06
  [shape] epoch  33000  rmse=0.006175  max_abs_dA=0.01174  int_signed_dA=1.138e-12  int_abs_dA=1.149e-12  A_min=0.002769  max_dA_fwd=5.525e-06
  [shape] epoch  33250  rmse=0.005469  max_abs_dA=0.01073  int_signed_dA=8.834e-13  int_abs_dA=9.483e-13  A_min=0.0005582  max_dA_fwd=4.588e-06
  [shape] epoch  33500  rmse=0.005027  max_abs_dA=0.009865  int_signed_dA=6.911e-13  int_abs_dA=9.343e-13  A_min=-0.0006897  max_dA_fwd=2.199e-05
  [shape] epoch  33750  rmse=0.005705  max_abs_dA=0.01103  int_signed_dA=9.821e-13  int_abs_dA=9.887e-13  A_min=0.001171  max_dA_fwd=4.407e-06
  [shape] epoch  34000  rmse=0.01187  max_abs_dA=0.01756  int_signed_dA=2.632e-12  int_abs_dA=2.632e-12  A_min=0.01049  max_dA_fwd=4.17e-05
  [shape] epoch  34250  rmse=0.004072  max_abs_dA=0.006326  int_signed_dA=-7.087e-14  int_abs_dA=8.326e-13  A_min=-0.004188  max_dA_fwd=3.501e-06
  [shape] epoch  34500  rmse=0.003999  max_abs_dA=0.007105  int_signed_dA=1.043e-13  int_abs_dA=8.121e-13  A_min=-0.003208  max_dA_fwd=3.654e-06
  [shape] epoch  34750  rmse=0.004286  max_abs_dA=0.008641  int_signed_dA=5.296e-13  int_abs_dA=7.806e-13  A_min=-0.0006825  max_dA_fwd=4.117e-06
  [shape] epoch  35000  rmse=0.003951  max_abs_dA=0.007565  int_signed_dA=2.814e-13  int_abs_dA=7.861e-13  A_min=-0.002123  max_dA_fwd=3.939e-06
  [shape] epoch  35250  rmse=0.006731  max_abs_dA=0.01195  int_signed_dA=1.338e-12  int_abs_dA=1.338e-12  A_min=0.003041  max_dA_fwd=0.0001976
  [shape] epoch  35500  rmse=0.004246  max_abs_dA=0.008239  int_signed_dA=4.65e-13  int_abs_dA=8.014e-13  A_min=0.0006068  max_dA_fwd=2.016e-05
  [shape] epoch  35750  rmse=0.004588  max_abs_dA=0.009347  int_signed_dA=5.013e-13  int_abs_dA=8.441e-13  A_min=-7.01e-05  max_dA_fwd=1.556e-05
  [shape] epoch  36000  rmse=0.004503  max_abs_dA=0.009229  int_signed_dA=4.982e-13  int_abs_dA=8.24e-13  A_min=-8.584e-05  max_dA_fwd=1.418e-05
  [shape] epoch  36250  rmse=0.004423  max_abs_dA=0.009098  int_signed_dA=4.922e-13  int_abs_dA=8.057e-13  A_min=-0.0001032  max_dA_fwd=1.312e-05
  [shape] epoch  36500  rmse=0.004341  max_abs_dA=0.008944  int_signed_dA=4.881e-13  int_abs_dA=7.891e-13  A_min=-8.648e-05  max_dA_fwd=1.234e-05
  [shape] epoch  36750  rmse=0.004065  max_abs_dA=0.008306  int_signed_dA=3.327e-13  int_abs_dA=7.619e-13  A_min=-0.0007514  max_dA_fwd=1.153e-05
  [shape] epoch  37000  rmse=0.004191  max_abs_dA=0.008646  int_signed_dA=4.654e-13  int_abs_dA=7.622e-13  A_min=-0.0001637  max_dA_fwd=1.098e-05
  [shape] epoch  37250  rmse=0.004625  max_abs_dA=0.009484  int_signed_dA=6.92e-13  int_abs_dA=7.888e-13  A_min=0.001104  max_dA_fwd=1.068e-05
  [shape] epoch  37500  rmse=0.004115  max_abs_dA=0.008497  int_signed_dA=4.724e-13  int_abs_dA=7.444e-13  A_min=-0.0001142  max_dA_fwd=9.819e-06
  [shape] epoch  37750  rmse=0.003806  max_abs_dA=0.007554  int_signed_dA=2.555e-13  int_abs_dA=7.411e-13  A_min=-0.001283  max_dA_fwd=9.062e-06
  [shape] epoch  38000  rmse=0.003833  max_abs_dA=0.007875  int_signed_dA=3.699e-13  int_abs_dA=7.112e-13  A_min=-0.0005474  max_dA_fwd=8.821e-06
  [shape] epoch  38250  rmse=0.004263  max_abs_dA=0.008748  int_signed_dA=5.945e-13  int_abs_dA=7.463e-13  A_min=0.0005048  max_dA_fwd=8.571e-06
  [shape] epoch  38500  rmse=0.003848  max_abs_dA=0.007928  int_signed_dA=4.162e-13  int_abs_dA=7.058e-13  A_min=-0.0003237  max_dA_fwd=8.191e-06
  [shape] epoch  38750  rmse=0.00561  max_abs_dA=0.008996  int_signed_dA=-9.098e-13  int_abs_dA=1.071e-12  A_min=-0.007282  max_dA_fwd=6.727e-06
  [shape] epoch  39000  rmse=0.003842  max_abs_dA=0.007819  int_signed_dA=4.07e-13  int_abs_dA=7.234e-13  A_min=-0.0005399  max_dA_fwd=7.457e-06
  [shape] epoch  39250  rmse=0.003682  max_abs_dA=0.007544  int_signed_dA=3.702e-13  int_abs_dA=6.879e-13  A_min=-0.0005436  max_dA_fwd=7.282e-06
  [shape] epoch  39500  rmse=0.00408  max_abs_dA=0.00838  int_signed_dA=5.843e-13  int_abs_dA=7.061e-13  A_min=0.0005944  max_dA_fwd=7.186e-06
  [shape] epoch  39750  rmse=0.003468  max_abs_dA=0.00697  int_signed_dA=2.582e-13  int_abs_dA=6.674e-13  A_min=-0.001065  max_dA_fwd=6.689e-06
  [shape] epoch  40000  rmse=0.003724  max_abs_dA=0.007718  int_signed_dA=4.577e-13  int_abs_dA=6.624e-13  A_min=3.306e-05  max_dA_fwd=6.625e-06
  [shape] epoch  40250  rmse=0.003588  max_abs_dA=0.007405  int_signed_dA=3.935e-13  int_abs_dA=6.565e-13  A_min=-0.0003183  max_dA_fwd=6.328e-06
  [shape] epoch  40500  rmse=0.003857  max_abs_dA=0.007945  int_signed_dA=5.386e-13  int_abs_dA=6.702e-13  A_min=0.0004451  max_dA_fwd=6.211e-06
  [shape] epoch  40750  rmse=0.003843  max_abs_dA=0.007893  int_signed_dA=5.425e-13  int_abs_dA=6.71e-13  A_min=0.0004424  max_dA_fwd=5.97e-06
  [shape] epoch  41000  rmse=0.003581  max_abs_dA=0.007376  int_signed_dA=4.316e-13  int_abs_dA=6.515e-13  A_min=-0.0001334  max_dA_fwd=5.668e-06
  [shape] epoch  41250  rmse=0.00363  max_abs_dA=0.007499  int_signed_dA=4.783e-13  int_abs_dA=6.411e-13  A_min=0.0001975  max_dA_fwd=5.577e-06
  [shape] epoch  41500  rmse=0.003428  max_abs_dA=0.007068  int_signed_dA=3.876e-13  int_abs_dA=6.293e-13  A_min=-0.0002834  max_dA_fwd=5.297e-06
  [shape] epoch  41750  rmse=0.003555  max_abs_dA=0.00735  int_signed_dA=4.702e-13  int_abs_dA=6.263e-13  A_min=0.0002082  max_dA_fwd=5.212e-06
  [shape] epoch  42000  rmse=0.003377  max_abs_dA=0.006976  int_signed_dA=3.916e-13  int_abs_dA=6.158e-13  A_min=-0.0002069  max_dA_fwd=4.998e-06
  [shape] epoch  42250  rmse=0.003722  max_abs_dA=0.007595  int_signed_dA=5.508e-13  int_abs_dA=6.49e-13  A_min=0.0005491  max_dA_fwd=4.869e-06
  [shape] epoch  42500  rmse=0.003486  max_abs_dA=0.007196  int_signed_dA=4.688e-13  int_abs_dA=6.146e-13  A_min=0.0002276  max_dA_fwd=4.719e-06
  [shape] epoch  42750  rmse=0.003251  max_abs_dA=0.006742  int_signed_dA=3.734e-13  int_abs_dA=5.887e-13  A_min=-0.0001916  max_dA_fwd=4.544e-06
  [shape] epoch  43000  rmse=0.003509  max_abs_dA=0.00723  int_signed_dA=4.926e-13  int_abs_dA=6.1e-13  A_min=0.0003851  max_dA_fwd=4.473e-06
  [shape] epoch  43250  rmse=0.007294  max_abs_dA=0.01173  int_signed_dA=1.581e-12  int_abs_dA=1.581e-12  A_min=0.006263  max_dA_fwd=5.327e-06
  [shape] epoch  43500  rmse=0.002969  max_abs_dA=0.005864  int_signed_dA=1.858e-13  int_abs_dA=5.797e-13  A_min=-0.001225  max_dA_fwd=3.979e-06
  [shape] epoch  43750  rmse=0.003415  max_abs_dA=0.00704  int_signed_dA=4.868e-13  int_abs_dA=5.905e-13  A_min=0.0004562  max_dA_fwd=4.179e-06
  [shape] epoch  44000  rmse=0.003365  max_abs_dA=0.006941  int_signed_dA=4.735e-13  int_abs_dA=5.848e-13  A_min=0.0003949  max_dA_fwd=4.07e-06
  [shape] epoch  44250  rmse=0.003293  max_abs_dA=0.00679  int_signed_dA=4.477e-13  int_abs_dA=5.811e-13  A_min=0.0002405  max_dA_fwd=3.941e-06
  [shape] epoch  44500  rmse=0.003847  max_abs_dA=0.007625  int_signed_dA=6.472e-13  int_abs_dA=6.693e-13  A_min=0.001097  max_dA_fwd=3.893e-06
  [shape] epoch  44750  rmse=0.003331  max_abs_dA=0.006886  int_signed_dA=4.871e-13  int_abs_dA=5.629e-13  A_min=0.0006587  max_dA_fwd=3.946e-06
  [shape] epoch  45000  rmse=0.002833  max_abs_dA=0.005739  int_signed_dA=2.248e-13  int_abs_dA=5.413e-13  A_min=-0.0008262  max_dA_fwd=3.616e-06
  [shape] epoch  45250  rmse=0.005123  max_abs_dA=0.009154  int_signed_dA=1.04e-12  int_abs_dA=1.04e-12  A_min=0.003103  max_dA_fwd=5.553e-05
  [shape] epoch  45500  rmse=0.002887  max_abs_dA=0.005917  int_signed_dA=2.785e-13  int_abs_dA=5.418e-13  A_min=-0.0005461  max_dA_fwd=3.534e-06
  [shape] epoch  45750  rmse=0.004887  max_abs_dA=0.008845  int_signed_dA=9.843e-13  int_abs_dA=9.843e-13  A_min=0.003146  max_dA_fwd=4.025e-06
  [shape] epoch  46000  rmse=0.003034  max_abs_dA=0.006256  int_signed_dA=3.788e-13  int_abs_dA=5.506e-13  A_min=-1.953e-05  max_dA_fwd=3.524e-06
  [shape] epoch  46250  rmse=0.003115  max_abs_dA=0.006404  int_signed_dA=4.22e-13  int_abs_dA=5.559e-13  A_min=0.0002079  max_dA_fwd=3.515e-06
  [shape] epoch  46500  rmse=0.003671  max_abs_dA=0.007271  int_signed_dA=6.29e-13  int_abs_dA=6.381e-13  A_min=0.001252  max_dA_fwd=3.625e-06
  [shape] epoch  46750  rmse=0.003076  max_abs_dA=0.006345  int_signed_dA=4.275e-13  int_abs_dA=5.398e-13  A_min=0.0003551  max_dA_fwd=3.529e-06
  [shape] epoch  47000  rmse=0.002955  max_abs_dA=0.006123  int_signed_dA=3.826e-13  int_abs_dA=5.262e-13  A_min=0.0001648  max_dA_fwd=3.523e-06
  [shape] epoch  47250  rmse=0.00297  max_abs_dA=0.00615  int_signed_dA=3.954e-13  int_abs_dA=5.248e-13  A_min=0.0002528  max_dA_fwd=3.518e-06
  [shape] epoch  47500  rmse=0.002832  max_abs_dA=0.00586  int_signed_dA=3.322e-13  int_abs_dA=5.173e-13  A_min=-8.252e-05  max_dA_fwd=3.46e-06
  [shape] epoch  47750  rmse=0.002735  max_abs_dA=0.005679  int_signed_dA=2.979e-13  int_abs_dA=4.998e-13  A_min=-0.000167  max_dA_fwd=3.486e-06
  [shape] epoch  48000  rmse=0.002738  max_abs_dA=0.005663  int_signed_dA=2.997e-13  int_abs_dA=5.046e-13  A_min=-0.0001863  max_dA_fwd=3.473e-06
  [shape] epoch  48250  rmse=0.003575  max_abs_dA=0.007046  int_signed_dA=6.32e-13  int_abs_dA=6.32e-13  A_min=0.001551  max_dA_fwd=3.728e-06
  [shape] epoch  48500  rmse=0.002833  max_abs_dA=0.00588  int_signed_dA=3.639e-13  int_abs_dA=5.041e-13  A_min=0.0002078  max_dA_fwd=3.56e-06
  [shape] epoch  48750  rmse=0.003069  max_abs_dA=0.006264  int_signed_dA=4.577e-13  int_abs_dA=5.375e-13  A_min=0.000601  max_dA_fwd=3.58e-06
  [shape] epoch  49000  rmse=0.002856  max_abs_dA=0.00591  int_signed_dA=3.817e-13  int_abs_dA=5.065e-13  A_min=0.0003093  max_dA_fwd=3.598e-06
  [shape] epoch  49250  rmse=0.002754  max_abs_dA=0.005553  int_signed_dA=2.96e-13  int_abs_dA=5.31e-13  A_min=-0.0003627  max_dA_fwd=3.413e-06
  [shape] epoch  49500  rmse=0.002788  max_abs_dA=0.005788  int_signed_dA=3.648e-13  int_abs_dA=4.941e-13  A_min=0.0002963  max_dA_fwd=3.658e-06
  [shape] epoch  49750  rmse=0.002774  max_abs_dA=0.005759  int_signed_dA=3.629e-13  int_abs_dA=4.92e-13  A_min=0.0003046  max_dA_fwd=3.691e-06
  [shape] epoch  50000  rmse=0.002723  max_abs_dA=0.005666  int_signed_dA=3.463e-13  int_abs_dA=4.841e-13  A_min=0.0002595  max_dA_fwd=3.724e-06
  [shape] epoch  50250  rmse=0.00274  max_abs_dA=0.005688  int_signed_dA=3.553e-13  int_abs_dA=4.876e-13  A_min=0.000297  max_dA_fwd=3.758e-06
  [shape] epoch  50500  rmse=0.002896  max_abs_dA=0.005986  int_signed_dA=4.319e-13  int_abs_dA=4.933e-13  A_min=0.0008121  max_dA_fwd=3.911e-06
  [shape] epoch  50750  rmse=0.003081  max_abs_dA=0.006246  int_signed_dA=4.96e-13  int_abs_dA=5.31e-13  A_min=0.001038  max_dA_fwd=3.921e-06
  [shape] epoch  51000  rmse=0.002777  max_abs_dA=0.005757  int_signed_dA=3.855e-13  int_abs_dA=4.855e-13  A_min=0.0005305  max_dA_fwd=3.904e-06
  [shape] epoch  51250  rmse=0.00235  max_abs_dA=0.004684  int_signed_dA=1.361e-13  int_abs_dA=4.554e-13  A_min=-0.0007042  max_dA_fwd=3.778e-06
  [shape] epoch  51500  rmse=0.002653  max_abs_dA=0.005521  int_signed_dA=3.4e-13  int_abs_dA=4.717e-13  A_min=0.000341  max_dA_fwd=3.964e-06
  [shape] epoch  51750  rmse=0.002491  max_abs_dA=0.005072  int_signed_dA=2.339e-13  int_abs_dA=4.778e-13  A_min=-0.0003106  max_dA_fwd=3.852e-06
  [shape] epoch  52000  rmse=0.002832  max_abs_dA=0.005861  int_signed_dA=4.299e-13  int_abs_dA=4.795e-13  A_min=0.0009672  max_dA_fwd=4.189e-06
  [shape] epoch  52250  rmse=0.002629  max_abs_dA=0.005471  int_signed_dA=3.396e-13  int_abs_dA=4.669e-13  A_min=0.0003916  max_dA_fwd=4.089e-06
  [shape] epoch  52500  rmse=0.002557  max_abs_dA=0.005356  int_signed_dA=3.179e-13  int_abs_dA=4.514e-13  A_min=0.0003698  max_dA_fwd=4.162e-06
  [shape] epoch  52750  rmse=0.002463  max_abs_dA=0.005113  int_signed_dA=2.629e-13  int_abs_dA=4.546e-13  A_min=2.783e-05  max_dA_fwd=4.123e-06
  [shape] epoch  53000  rmse=0.002693  max_abs_dA=0.005588  int_signed_dA=3.794e-13  int_abs_dA=4.697e-13  A_min=0.000664  max_dA_fwd=4.263e-06
  [shape] epoch  53250  rmse=0.002529  max_abs_dA=0.005279  int_signed_dA=3.092e-13  int_abs_dA=4.524e-13  A_min=0.0003259  max_dA_fwd=4.255e-06
  [shape] epoch  53500  rmse=0.003019  max_abs_dA=0.006099  int_signed_dA=5.088e-13  int_abs_dA=5.185e-13  A_min=0.001445  max_dA_fwd=4.495e-06
  [shape] epoch  53750  rmse=0.002567  max_abs_dA=0.005354  int_signed_dA=3.354e-13  int_abs_dA=4.54e-13  A_min=0.0004977  max_dA_fwd=4.373e-06
  [shape] epoch  54000  rmse=0.002569  max_abs_dA=0.005356  int_signed_dA=3.393e-13  int_abs_dA=4.533e-13  A_min=0.0005343  max_dA_fwd=4.413e-06
  [shape] epoch  54250  rmse=0.002626  max_abs_dA=0.005476  int_signed_dA=3.712e-13  int_abs_dA=4.531e-13  A_min=0.0007722  max_dA_fwd=4.517e-06
  [shape] epoch  54500  rmse=0.002892  max_abs_dA=0.005864  int_signed_dA=4.643e-13  int_abs_dA=5.034e-13  A_min=0.001117  max_dA_fwd=4.538e-06
  [shape] epoch  54750  rmse=0.002798  max_abs_dA=0.005726  int_signed_dA=4.362e-13  int_abs_dA=4.851e-13  A_min=0.001041  max_dA_fwd=4.594e-06
  [shape] epoch  55000  rmse=0.002636  max_abs_dA=0.005478  int_signed_dA=3.812e-13  int_abs_dA=4.557e-13  A_min=0.0008483  max_dA_fwd=4.639e-06
  [shape] epoch  55250  rmse=0.002544  max_abs_dA=0.005304  int_signed_dA=3.43e-13  int_abs_dA=4.475e-13  A_min=0.0006375  max_dA_fwd=4.637e-06
  [shape] epoch  55500  rmse=0.003488  max_abs_dA=0.006652  int_signed_dA=6.663e-13  int_abs_dA=6.663e-13  A_min=0.002373  max_dA_fwd=4.952e-06
  [shape] epoch  55750  rmse=0.002212  max_abs_dA=0.004529  int_signed_dA=1.654e-13  int_abs_dA=4.198e-13  A_min=-0.0002052  max_dA_fwd=4.609e-06
  [shape] epoch  56000  rmse=0.002324  max_abs_dA=0.004811  int_signed_dA=2.336e-13  int_abs_dA=4.34e-13  A_min=7.594e-05  max_dA_fwd=4.651e-06
  [shape] epoch  56250  rmse=0.002429  max_abs_dA=0.0051  int_signed_dA=3.063e-13  int_abs_dA=4.278e-13  A_min=0.0005589  max_dA_fwd=4.799e-06
  [shape] epoch  56500  rmse=0.002439  max_abs_dA=0.005102  int_signed_dA=3.096e-13  int_abs_dA=4.332e-13  A_min=0.0005472  max_dA_fwd=4.816e-06
  [shape] epoch  56750  rmse=0.002454  max_abs_dA=0.005126  int_signed_dA=3.179e-13  int_abs_dA=4.354e-13  A_min=0.0005924  max_dA_fwd=4.852e-06
  [shape] epoch  57000  rmse=0.002424  max_abs_dA=0.005062  int_signed_dA=3.049e-13  int_abs_dA=4.335e-13  A_min=0.0005261  max_dA_fwd=4.872e-06
  [shape] epoch  57250  rmse=0.002365  max_abs_dA=0.004957  int_signed_dA=2.836e-13  int_abs_dA=4.232e-13  A_min=0.0004685  max_dA_fwd=4.916e-06
  [shape] epoch  57500  rmse=0.002676  max_abs_dA=0.005512  int_signed_dA=4.182e-13  int_abs_dA=4.601e-13  A_min=0.001196  max_dA_fwd=5.065e-06
  [shape] epoch  57750  rmse=0.002402  max_abs_dA=0.005019  int_signed_dA=3.028e-13  int_abs_dA=4.29e-13  A_min=0.0005613  max_dA_fwd=4.98e-06
  [shape] epoch  58000  rmse=0.002476  max_abs_dA=0.005165  int_signed_dA=3.402e-13  int_abs_dA=4.352e-13  A_min=0.0007786  max_dA_fwd=5.05e-06
  [shape] epoch  58250  rmse=0.002465  max_abs_dA=0.005143  int_signed_dA=3.371e-13  int_abs_dA=4.337e-13  A_min=0.000773  max_dA_fwd=5.079e-06
  [shape] epoch  58500  rmse=0.00251  max_abs_dA=0.005213  int_signed_dA=3.56e-13  int_abs_dA=4.408e-13  A_min=0.0008618  max_dA_fwd=5.112e-06
  [shape] epoch  58750  rmse=0.002385  max_abs_dA=0.004991  int_signed_dA=3.06e-13  int_abs_dA=4.237e-13  A_min=0.0006422  max_dA_fwd=5.122e-06
  [shape] epoch  59000  rmse=0.002423  max_abs_dA=0.005063  int_signed_dA=3.257e-13  int_abs_dA=4.274e-13  A_min=0.0007561  max_dA_fwd=5.167e-06
  [shape] epoch  59250  rmse=0.002359  max_abs_dA=0.004949  int_signed_dA=3.008e-13  int_abs_dA=4.176e-13  A_min=0.0006621  max_dA_fwd=5.192e-06
  [shape] epoch  59500  rmse=0.00219  max_abs_dA=0.004548  int_signed_dA=2.074e-13  int_abs_dA=4.07e-13  A_min=0.0001715  max_dA_fwd=5.138e-06
  [shape] epoch  59750  rmse=0.002415  max_abs_dA=0.005057  int_signed_dA=3.316e-13  int_abs_dA=4.217e-13  A_min=0.0008592  max_dA_fwd=5.28e-06
  [shape] epoch  59999  rmse=0.00238  max_abs_dA=0.004981  int_signed_dA=3.153e-13  int_abs_dA=4.203e-13  A_min=0.0007557  max_dA_fwd=5.276e-06
[spectral-pn] spn-L0.1-s42: loss 7.272e-03 -> 5.647e-07 (x12877 drop)
[spectral-pn] RMSE=0.0023 max|dA|=0.0049 gamma_eff=2.9760e+10 gamma_ratio=0.9912
[spectral-pn] snapshot=min-loss best_epoch=59999 best_loss=5.647e-07 final_loss=5.647e-07
[spectral-pn-shape] cancel=0.712 int_signed_dA=2.9528e-13 int_abs_dA=4.1484e-13 A_min=6.5922e-04 max_dA_fwd=5.2654e-06
[spectral-pn] saved: runs/transient/pn_joint_weight_2d_budget_probe/budget_L0.1_2d_ep60000_s42
