[spectral-pn] case: L=0.01 um, Nk=20, L_max=8, run=20260813_190439
[spectral-pn] window t_end=1.636e-11 s (2.4 tau_ref), gamma_dom=4.2779e+11 Hz
[spectral-pn] window mode=n_decay rule=n_decay (t_1% at 0.01*A0: nan s; n_dec=7/gamma_dom: 1.6363e-11 s)
  epoch      0  residual 4.016e-03
  epoch    250  residual 9.497e-06
  epoch    500  residual 6.670e-06
  epoch    750  residual 6.091e-06
  epoch   1000  residual 5.726e-06
  epoch   1250  residual 4.617e-06
  epoch   1500  residual 3.891e-06
  epoch   1750  residual 3.235e-06
  epoch   2000  residual 2.704e-06
  epoch   2250  residual 2.427e-06
  epoch   2500  residual 2.133e-06
  epoch   2750  residual 1.896e-06
  epoch   3000  residual 1.701e-06
  epoch   3250  residual 1.522e-06
  epoch   3500  residual 1.388e-06
  epoch   3750  residual 1.275e-06
  epoch   4000  residual 1.368e-06
  epoch   4250  residual 1.063e-06
  epoch   4500  residual 9.452e-07
  epoch   4750  residual 1.254e-06
  epoch   5000  residual 7.521e-07
  epoch   5250  residual 6.930e-07
  epoch   5500  residual 6.033e-07
  epoch   5750  residual 5.468e-07
  epoch   6000  residual 4.798e-07
  epoch   6250  residual 6.710e-07
  epoch   6500  residual 4.073e-07
  epoch   6750  residual 3.771e-07
  epoch   7000  residual 5.855e-07
  epoch   7250  residual 4.310e-07
  epoch   7500  residual 3.031e-07
  epoch   7750  residual 7.182e-07
  epoch   8000  residual 3.349e-07
  epoch   8250  residual 2.602e-07
  epoch   8500  residual 2.468e-07
  epoch   8750  residual 2.591e-07
  epoch   9000  residual 2.583e-07
  epoch   9250  residual 2.161e-07
  epoch   9500  residual 1.355e-06
  epoch   9750  residual 2.035e-07
  epoch  10000  residual 1.956e-07
  epoch  10250  residual 8.459e-07
  epoch  10500  residual 1.866e-07
  epoch  10750  residual 1.854e-07
  epoch  11000  residual 2.890e-07
  epoch  11250  residual 2.464e-07
  epoch  11500  residual 3.467e-07
  epoch  11750  residual 3.129e-07
  epoch  12000  residual 1.660e-07
  epoch  12250  residual 1.645e-07
  epoch  12500  residual 1.666e-07
  epoch  12750  residual 1.578e-07
  epoch  13000  residual 1.945e-07
  epoch  13250  residual 1.829e-07
  epoch  13500  residual 1.743e-07
  epoch  13750  residual 2.083e-07
  epoch  14000  residual 1.489e-07
  epoch  14250  residual 1.526e-07
  epoch  14500  residual 1.852e-07
  epoch  14750  residual 1.609e-07
  epoch  15000  residual 1.689e-07
  epoch  15250  residual 1.400e-07
  epoch  15500  residual 1.358e-07
  epoch  15750  residual 1.310e-07
  epoch  16000  residual 1.589e-07
  epoch  16250  residual 1.958e-07
  epoch  16500  residual 1.458e-07
  epoch  16750  residual 2.940e-07
  epoch  17000  residual 1.363e-07
  epoch  17250  residual 1.224e-07
  epoch  17500  residual 1.582e-07
  epoch  17750  residual 1.219e-07
  epoch  18000  residual 1.459e-07
  epoch  18250  residual 1.267e-07
  epoch  18500  residual 1.231e-07
  epoch  18750  residual 1.401e-07
  epoch  19000  residual 1.444e-07
  epoch  19250  residual 1.479e-07
  epoch  19500  residual 1.351e-07
  epoch  19750  residual 1.225e-07
  epoch  20000  residual 1.364e-07
  epoch  20250  residual 1.170e-07
  epoch  20500  residual 1.630e-07
  epoch  20750  residual 1.107e-07
  epoch  21000  residual 1.883e-07
  epoch  21250  residual 1.133e-07
  epoch  21500  residual 1.069e-07
  epoch  21750  residual 2.103e-07
  epoch  22000  residual 1.081e-07
  epoch  22250  residual 1.028e-07
  epoch  22500  residual 1.288e-07
  epoch  22750  residual 1.192e-07
  epoch  23000  residual 1.038e-07
  epoch  23250  residual 1.456e-07
  epoch  23500  residual 1.888e-07
  epoch  23750  residual 1.104e-07
  epoch  24000  residual 1.509e-07
  epoch  24250  residual 1.241e-07
  epoch  24500  residual 1.010e-07
  epoch  24750  residual 1.483e-07
  epoch  25000  residual 1.297e-07
  epoch  25250  residual 9.381e-08
  epoch  25500  residual 1.072e-07
  epoch  25750  residual 1.205e-07
  epoch  26000  residual 1.055e-07
  epoch  26250  residual 1.155e-07
  epoch  26500  residual 9.237e-08
  epoch  26750  residual 1.107e-07
  epoch  27000  residual 1.060e-07
  epoch  27250  residual 1.074e-07
  epoch  27500  residual 9.872e-08
  epoch  27750  residual 8.952e-08
  epoch  28000  residual 9.271e-08
  epoch  28250  residual 9.023e-08
  epoch  28500  residual 9.527e-08
  epoch  28750  residual 1.191e-07
  epoch  29000  residual 9.785e-08
  epoch  29250  residual 8.509e-08
  epoch  29500  residual 8.652e-08
  epoch  29750  residual 1.129e-07
  epoch  30000  residual 8.777e-08
  epoch  30250  residual 8.434e-08
  epoch  30500  residual 9.423e-08
  epoch  30750  residual 1.056e-07
  epoch  31000  residual 8.796e-08
  epoch  31250  residual 1.307e-07
  epoch  31500  residual 7.830e-08
  epoch  31750  residual 9.043e-08
  epoch  32000  residual 7.996e-08
  epoch  32250  residual 8.237e-08
  epoch  32500  residual 7.698e-08
  epoch  32750  residual 8.045e-08
  epoch  33000  residual 9.982e-08
  epoch  33250  residual 1.019e-07
  epoch  33500  residual 7.706e-08
  epoch  33750  residual 8.073e-08
  epoch  34000  residual 8.243e-08
  epoch  34250  residual 8.013e-08
  epoch  34500  residual 7.948e-08
  epoch  34750  residual 7.966e-08
  epoch  35000  residual 7.230e-08
  epoch  35250  residual 7.410e-08
  epoch  35500  residual 7.140e-08
  epoch  35750  residual 7.281e-08
  epoch  36000  residual 7.189e-08
  epoch  36250  residual 7.058e-08
  epoch  36500  residual 7.158e-08
  epoch  36750  residual 8.358e-08
  epoch  37000  residual 8.386e-08
  epoch  37250  residual 7.288e-08
  epoch  37500  residual 6.883e-08
  epoch  37750  residual 7.475e-08
  epoch  38000  residual 7.330e-08
  epoch  38250  residual 7.017e-08
  epoch  38500  residual 7.167e-08
  epoch  38750  residual 7.299e-08
  epoch  39000  residual 6.752e-08
  epoch  39250  residual 7.007e-08
  epoch  39500  residual 7.415e-08
  epoch  39750  residual 6.646e-08
  epoch  40000  residual 7.172e-08
  epoch  40250  residual 6.645e-08
  epoch  40500  residual 6.815e-08
  epoch  40750  residual 6.785e-08
  epoch  41000  residual 7.683e-08
  epoch  41250  residual 6.413e-08
  epoch  41500  residual 6.976e-08
  epoch  41750  residual 6.672e-08
  epoch  42000  residual 6.276e-08
  epoch  42250  residual 6.305e-08
  epoch  42500  residual 6.269e-08
  epoch  42750  residual 6.804e-08
  epoch  43000  residual 7.876e-08
  epoch  43250  residual 6.460e-08
  epoch  43500  residual 6.246e-08
  epoch  43750  residual 6.286e-08
  epoch  44000  residual 6.046e-08
  epoch  44250  residual 6.037e-08
  epoch  44500  residual 6.025e-08
  epoch  44750  residual 6.057e-08
  epoch  45000  residual 5.944e-08
  epoch  45250  residual 6.243e-08
  epoch  45500  residual 5.998e-08
  epoch  45750  residual 6.055e-08
  epoch  46000  residual 5.888e-08
  epoch  46250  residual 6.211e-08
  epoch  46500  residual 5.802e-08
  epoch  46750  residual 5.767e-08
  epoch  47000  residual 5.837e-08
  epoch  47250  residual 5.905e-08
  epoch  47500  residual 6.079e-08
  epoch  47750  residual 5.695e-08
  epoch  48000  residual 5.780e-08
  epoch  48250  residual 5.567e-08
  epoch  48500  residual 5.777e-08
  epoch  48750  residual 5.536e-08
  epoch  49000  residual 5.491e-08
  epoch  49250  residual 5.528e-08
  epoch  49500  residual 5.526e-08
  epoch  49750  residual 5.412e-08
  epoch  50000  residual 5.547e-08
  epoch  50250  residual 5.369e-08
  epoch  50500  residual 5.340e-08
  epoch  50750  residual 5.319e-08
  epoch  51000  residual 5.302e-08
  epoch  51250  residual 5.285e-08
  epoch  51500  residual 5.275e-08
  epoch  51750  residual 5.238e-08
  epoch  52000  residual 5.262e-08
  epoch  52250  residual 5.228e-08
  epoch  52500  residual 5.181e-08
  epoch  52750  residual 5.273e-08
  epoch  53000  residual 5.127e-08
  epoch  53250  residual 5.110e-08
  epoch  53500  residual 5.184e-08
  epoch  53750  residual 5.089e-08
  epoch  54000  residual 5.048e-08
  epoch  54250  residual 5.023e-08
  epoch  54500  residual 5.043e-08
  epoch  54750  residual 5.078e-08
  epoch  55000  residual 4.969e-08
  epoch  55250  residual 4.974e-08
  epoch  55500  residual 4.930e-08
  epoch  55750  residual 4.908e-08
  epoch  56000  residual 4.919e-08
  epoch  56250  residual 4.903e-08
  epoch  56500  residual 4.858e-08
  epoch  56750  residual 4.839e-08
  epoch  57000  residual 4.831e-08
  epoch  57250  residual 4.812e-08
  epoch  57500  residual 4.788e-08
  epoch  57750  residual 4.818e-08
  epoch  58000  residual 4.760e-08
  epoch  58250  residual 4.742e-08
  epoch  58500  residual 4.744e-08
  epoch  58750  residual 4.769e-08
  epoch  59000  residual 4.691e-08
  epoch  59250  residual 4.740e-08
  epoch  59500  residual 4.665e-08
  epoch  59750  residual 4.704e-08
  epoch  59999  residual 4.652e-08
  [gamma] epoch      0  gamma_ratio 0.6975  residual 4.016e-03
  [gamma] epoch    250  gamma_ratio 1.4365  residual 9.497e-06
  [gamma] epoch    500  gamma_ratio 1.3930  residual 6.670e-06
  [gamma] epoch    750  gamma_ratio 1.2359  residual 6.091e-06
  [gamma] epoch   1000  gamma_ratio 0.9317  residual 5.726e-06
  [gamma] epoch   1250  gamma_ratio 0.9395  residual 4.617e-06
  [gamma] epoch   1500  gamma_ratio 0.9470  residual 3.891e-06
  [gamma] epoch   1750  gamma_ratio 0.9627  residual 3.235e-06
  [gamma] epoch   2000  gamma_ratio 0.9740  residual 2.704e-06
  [gamma] epoch   2250  gamma_ratio 0.9753  residual 2.427e-06
  [gamma] epoch   2500  gamma_ratio 0.9769  residual 2.133e-06
  [gamma] epoch   2750  gamma_ratio 0.9785  residual 1.896e-06
  [gamma] epoch   3000  gamma_ratio 0.9813  residual 1.701e-06
  [gamma] epoch   3250  gamma_ratio 0.9889  residual 1.522e-06
  [gamma] epoch   3500  gamma_ratio 0.9975  residual 1.388e-06
  [gamma] epoch   3750  gamma_ratio 1.0030  residual 1.275e-06
  [gamma] epoch   4000  gamma_ratio 1.0072  residual 1.368e-06
  [gamma] epoch   4250  gamma_ratio 1.0113  residual 1.063e-06
  [gamma] epoch   4500  gamma_ratio 1.0137  residual 9.452e-07
  [gamma] epoch   4750  gamma_ratio 1.0090  residual 1.254e-06
  [gamma] epoch   5000  gamma_ratio 1.0080  residual 7.521e-07
  [gamma] epoch   5250  gamma_ratio 1.0060  residual 6.930e-07
  [gamma] epoch   5500  gamma_ratio 1.0040  residual 6.033e-07
  [gamma] epoch   5750  gamma_ratio 1.0056  residual 5.468e-07
  [gamma] epoch   6000  gamma_ratio 1.0055  residual 4.798e-07
  [gamma] epoch   6250  gamma_ratio 1.0090  residual 6.710e-07
  [gamma] epoch   6500  gamma_ratio 1.0075  residual 4.073e-07
  [gamma] epoch   6750  gamma_ratio 1.0069  residual 3.771e-07
  [gamma] epoch   7000  gamma_ratio 1.0081  residual 5.855e-07
  [gamma] epoch   7250  gamma_ratio 1.0093  residual 4.310e-07
  [gamma] epoch   7500  gamma_ratio 1.0062  residual 3.031e-07
  [gamma] epoch   7750  gamma_ratio 1.0098  residual 7.182e-07
  [gamma] epoch   8000  gamma_ratio 1.0068  residual 3.349e-07
  [gamma] epoch   8250  gamma_ratio 1.0069  residual 2.602e-07
  [gamma] epoch   8500  gamma_ratio 1.0062  residual 2.468e-07
  [gamma] epoch   8750  gamma_ratio 1.0081  residual 2.591e-07
  [gamma] epoch   9000  gamma_ratio 1.0097  residual 2.583e-07
  [gamma] epoch   9250  gamma_ratio 1.0051  residual 2.161e-07
  [gamma] epoch   9500  gamma_ratio 1.0001  residual 1.355e-06
  [gamma] epoch   9750  gamma_ratio 1.0044  residual 2.035e-07
  [gamma] epoch  10000  gamma_ratio 1.0039  residual 1.956e-07
  [gamma] epoch  10250  gamma_ratio 1.0111  residual 8.459e-07
  [gamma] epoch  10500  gamma_ratio 1.0035  residual 1.866e-07
  [gamma] epoch  10750  gamma_ratio 1.0032  residual 1.854e-07
  [gamma] epoch  11000  gamma_ratio 1.0029  residual 2.890e-07
  [gamma] epoch  11250  gamma_ratio 1.0087  residual 2.464e-07
  [gamma] epoch  11500  gamma_ratio 1.0031  residual 3.467e-07
  [gamma] epoch  11750  gamma_ratio 1.0042  residual 3.129e-07
  [gamma] epoch  12000  gamma_ratio 1.0024  residual 1.660e-07
  [gamma] epoch  12250  gamma_ratio 1.0024  residual 1.645e-07
  [gamma] epoch  12500  gamma_ratio 1.0009  residual 1.666e-07
  [gamma] epoch  12750  gamma_ratio 1.0030  residual 1.578e-07
  [gamma] epoch  13000  gamma_ratio 1.0028  residual 1.945e-07
  [gamma] epoch  13250  gamma_ratio 1.0066  residual 1.829e-07
  [gamma] epoch  13500  gamma_ratio 0.9993  residual 1.743e-07
  [gamma] epoch  13750  gamma_ratio 1.0049  residual 2.083e-07
  [gamma] epoch  14000  gamma_ratio 1.0026  residual 1.489e-07
  [gamma] epoch  14250  gamma_ratio 1.0016  residual 1.526e-07
  [gamma] epoch  14500  gamma_ratio 1.0013  residual 1.852e-07
  [gamma] epoch  14750  gamma_ratio 1.0023  residual 1.609e-07
  [gamma] epoch  15000  gamma_ratio 1.0049  residual 1.689e-07
  [gamma] epoch  15250  gamma_ratio 0.9984  residual 1.400e-07
  [gamma] epoch  15500  gamma_ratio 1.0011  residual 1.358e-07
  [gamma] epoch  15750  gamma_ratio 1.0010  residual 1.310e-07
  [gamma] epoch  16000  gamma_ratio 1.0008  residual 1.589e-07
  [gamma] epoch  16250  gamma_ratio 1.0022  residual 1.958e-07
  [gamma] epoch  16500  gamma_ratio 1.0014  residual 1.458e-07
  [gamma] epoch  16750  gamma_ratio 1.0027  residual 2.940e-07
  [gamma] epoch  17000  gamma_ratio 1.0008  residual 1.363e-07
  [gamma] epoch  17250  gamma_ratio 1.0019  residual 1.224e-07
  [gamma] epoch  17500  gamma_ratio 1.0023  residual 1.582e-07
  [gamma] epoch  17750  gamma_ratio 1.0010  residual 1.219e-07
  [gamma] epoch  18000  gamma_ratio 0.9990  residual 1.459e-07
  [gamma] epoch  18250  gamma_ratio 1.0022  residual 1.267e-07
  [gamma] epoch  18500  gamma_ratio 0.9993  residual 1.231e-07
  [gamma] epoch  18750  gamma_ratio 0.9980  residual 1.401e-07
  [gamma] epoch  19000  gamma_ratio 1.0003  residual 1.444e-07
  [gamma] epoch  19250  gamma_ratio 1.0014  residual 1.479e-07
  [gamma] epoch  19500  gamma_ratio 1.0004  residual 1.351e-07
  [gamma] epoch  19750  gamma_ratio 1.0012  residual 1.225e-07
  [gamma] epoch  20000  gamma_ratio 1.0003  residual 1.364e-07
  [gamma] epoch  20250  gamma_ratio 1.0009  residual 1.170e-07
  [gamma] epoch  20500  gamma_ratio 0.9997  residual 1.630e-07
  [gamma] epoch  20750  gamma_ratio 1.0021  residual 1.107e-07
  [gamma] epoch  21000  gamma_ratio 1.0035  residual 1.883e-07
  [gamma] epoch  21250  gamma_ratio 1.0022  residual 1.133e-07
  [gamma] epoch  21500  gamma_ratio 1.0017  residual 1.069e-07
  [gamma] epoch  21750  gamma_ratio 0.9937  residual 2.103e-07
  [gamma] epoch  22000  gamma_ratio 0.9998  residual 1.081e-07
  [gamma] epoch  22250  gamma_ratio 0.9997  residual 1.028e-07
  [gamma] epoch  22500  gamma_ratio 0.9989  residual 1.288e-07
  [gamma] epoch  22750  gamma_ratio 1.0015  residual 1.192e-07
  [gamma] epoch  23000  gamma_ratio 1.0000  residual 1.038e-07
  [gamma] epoch  23250  gamma_ratio 0.9998  residual 1.456e-07
  [gamma] epoch  23500  gamma_ratio 0.9998  residual 1.888e-07
  [gamma] epoch  23750  gamma_ratio 1.0002  residual 1.104e-07
  [gamma] epoch  24000  gamma_ratio 0.9974  residual 1.509e-07
  [gamma] epoch  24250  gamma_ratio 1.0014  residual 1.241e-07
  [gamma] epoch  24500  gamma_ratio 1.0005  residual 1.010e-07
  [gamma] epoch  24750  gamma_ratio 0.9989  residual 1.483e-07
  [gamma] epoch  25000  gamma_ratio 1.0020  residual 1.297e-07
  [gamma] epoch  25250  gamma_ratio 1.0005  residual 9.381e-08
  [gamma] epoch  25500  gamma_ratio 1.0002  residual 1.072e-07
  [gamma] epoch  25750  gamma_ratio 1.0012  residual 1.205e-07
  [gamma] epoch  26000  gamma_ratio 1.0027  residual 1.055e-07
  [gamma] epoch  26250  gamma_ratio 1.0031  residual 1.155e-07
  [gamma] epoch  26500  gamma_ratio 1.0003  residual 9.237e-08
  [gamma] epoch  26750  gamma_ratio 1.0008  residual 1.107e-07
  [gamma] epoch  27000  gamma_ratio 0.9990  residual 1.060e-07
  [gamma] epoch  27250  gamma_ratio 1.0006  residual 1.074e-07
  [gamma] epoch  27500  gamma_ratio 0.9997  residual 9.872e-08
  [gamma] epoch  27750  gamma_ratio 0.9995  residual 8.952e-08
  [gamma] epoch  28000  gamma_ratio 1.0013  residual 9.271e-08
  [gamma] epoch  28250  gamma_ratio 0.9991  residual 9.023e-08
  [gamma] epoch  28500  gamma_ratio 0.9996  residual 9.527e-08
  [gamma] epoch  28750  gamma_ratio 1.0019  residual 1.191e-07
  [gamma] epoch  29000  gamma_ratio 0.9992  residual 9.785e-08
  [gamma] epoch  29250  gamma_ratio 1.0000  residual 8.509e-08
  [gamma] epoch  29500  gamma_ratio 0.9976  residual 8.652e-08
  [gamma] epoch  29750  gamma_ratio 1.0015  residual 1.129e-07
  [gamma] epoch  30000  gamma_ratio 0.9989  residual 8.777e-08
  [gamma] epoch  30250  gamma_ratio 0.9992  residual 8.434e-08
  [gamma] epoch  30500  gamma_ratio 0.9997  residual 9.423e-08
  [gamma] epoch  30750  gamma_ratio 1.0013  residual 1.056e-07
  [gamma] epoch  31000  gamma_ratio 1.0013  residual 8.796e-08
  [gamma] epoch  31250  gamma_ratio 0.9989  residual 1.307e-07
  [gamma] epoch  31500  gamma_ratio 0.9991  residual 7.830e-08
  [gamma] epoch  31750  gamma_ratio 0.9995  residual 9.043e-08
  [gamma] epoch  32000  gamma_ratio 0.9989  residual 7.996e-08
  [gamma] epoch  32250  gamma_ratio 0.9993  residual 8.237e-08
  [gamma] epoch  32500  gamma_ratio 0.9987  residual 7.698e-08
  [gamma] epoch  32750  gamma_ratio 0.9982  residual 8.045e-08
  [gamma] epoch  33000  gamma_ratio 0.9999  residual 9.982e-08
  [gamma] epoch  33250  gamma_ratio 0.9994  residual 1.019e-07
  [gamma] epoch  33500  gamma_ratio 0.9988  residual 7.706e-08
  [gamma] epoch  33750  gamma_ratio 1.0005  residual 8.073e-08
  [gamma] epoch  34000  gamma_ratio 0.9976  residual 8.243e-08
  [gamma] epoch  34250  gamma_ratio 0.9983  residual 8.013e-08
  [gamma] epoch  34500  gamma_ratio 0.9988  residual 7.948e-08
  [gamma] epoch  34750  gamma_ratio 0.9980  residual 7.966e-08
  [gamma] epoch  35000  gamma_ratio 0.9993  residual 7.230e-08
  [gamma] epoch  35250  gamma_ratio 0.9986  residual 7.410e-08
  [gamma] epoch  35500  gamma_ratio 0.9988  residual 7.140e-08
  [gamma] epoch  35750  gamma_ratio 0.9989  residual 7.281e-08
  [gamma] epoch  36000  gamma_ratio 0.9990  residual 7.189e-08
  [gamma] epoch  36250  gamma_ratio 0.9993  residual 7.058e-08
  [gamma] epoch  36500  gamma_ratio 0.9988  residual 7.158e-08
  [gamma] epoch  36750  gamma_ratio 0.9983  residual 8.358e-08
  [gamma] epoch  37000  gamma_ratio 0.9978  residual 8.386e-08
  [gamma] epoch  37250  gamma_ratio 0.9983  residual 7.288e-08
  [gamma] epoch  37500  gamma_ratio 0.9989  residual 6.883e-08
  [gamma] epoch  37750  gamma_ratio 0.9977  residual 7.475e-08
  [gamma] epoch  38000  gamma_ratio 0.9987  residual 7.330e-08
  [gamma] epoch  38250  gamma_ratio 0.9991  residual 7.017e-08
  [gamma] epoch  38500  gamma_ratio 0.9985  residual 7.167e-08
  [gamma] epoch  38750  gamma_ratio 0.9982  residual 7.299e-08
  [gamma] epoch  39000  gamma_ratio 0.9987  residual 6.752e-08
  [gamma] epoch  39250  gamma_ratio 0.9977  residual 7.007e-08
  [gamma] epoch  39500  gamma_ratio 0.9991  residual 7.415e-08
  [gamma] epoch  39750  gamma_ratio 0.9985  residual 6.646e-08
  [gamma] epoch  40000  gamma_ratio 0.9982  residual 7.172e-08
  [gamma] epoch  40250  gamma_ratio 0.9989  residual 6.645e-08
  [gamma] epoch  40500  gamma_ratio 0.9985  residual 6.815e-08
  [gamma] epoch  40750  gamma_ratio 0.9979  residual 6.785e-08
  [gamma] epoch  41000  gamma_ratio 0.9998  residual 7.683e-08
  [gamma] epoch  41250  gamma_ratio 0.9985  residual 6.413e-08
  [gamma] epoch  41500  gamma_ratio 0.9993  residual 6.976e-08
  [gamma] epoch  41750  gamma_ratio 0.9991  residual 6.672e-08
  [gamma] epoch  42000  gamma_ratio 0.9986  residual 6.276e-08
  [gamma] epoch  42250  gamma_ratio 0.9987  residual 6.305e-08
  [gamma] epoch  42500  gamma_ratio 0.9983  residual 6.269e-08
  [gamma] epoch  42750  gamma_ratio 0.9981  residual 6.804e-08
  [gamma] epoch  43000  gamma_ratio 0.9991  residual 7.876e-08
  [gamma] epoch  43250  gamma_ratio 0.9987  residual 6.460e-08
  [gamma] epoch  43500  gamma_ratio 0.9990  residual 6.246e-08
  [gamma] epoch  43750  gamma_ratio 0.9985  residual 6.286e-08
  [gamma] epoch  44000  gamma_ratio 0.9987  residual 6.046e-08
  [gamma] epoch  44250  gamma_ratio 0.9985  residual 6.037e-08
  [gamma] epoch  44500  gamma_ratio 0.9986  residual 6.025e-08
  [gamma] epoch  44750  gamma_ratio 0.9985  residual 6.057e-08
  [gamma] epoch  45000  gamma_ratio 0.9988  residual 5.944e-08
  [gamma] epoch  45250  gamma_ratio 0.9980  residual 6.243e-08
  [gamma] epoch  45500  gamma_ratio 0.9983  residual 5.998e-08
  [gamma] epoch  45750  gamma_ratio 0.9987  residual 6.055e-08
  [gamma] epoch  46000  gamma_ratio 0.9984  residual 5.888e-08
  [gamma] epoch  46250  gamma_ratio 0.9977  residual 6.211e-08
  [gamma] epoch  46500  gamma_ratio 0.9986  residual 5.802e-08
  [gamma] epoch  46750  gamma_ratio 0.9982  residual 5.767e-08
  [gamma] epoch  47000  gamma_ratio 0.9986  residual 5.837e-08
  [gamma] epoch  47250  gamma_ratio 0.9988  residual 5.905e-08
  [gamma] epoch  47500  gamma_ratio 0.9986  residual 6.079e-08
  [gamma] epoch  47750  gamma_ratio 0.9984  residual 5.695e-08
  [gamma] epoch  48000  gamma_ratio 0.9984  residual 5.780e-08
  [gamma] epoch  48250  gamma_ratio 0.9985  residual 5.567e-08
  [gamma] epoch  48500  gamma_ratio 0.9982  residual 5.777e-08
  [gamma] epoch  48750  gamma_ratio 0.9985  residual 5.536e-08
  [gamma] epoch  49000  gamma_ratio 0.9985  residual 5.491e-08
  [gamma] epoch  49250  gamma_ratio 0.9988  residual 5.528e-08
  [gamma] epoch  49500  gamma_ratio 0.9986  residual 5.526e-08
  [gamma] epoch  49750  gamma_ratio 0.9985  residual 5.412e-08
  [gamma] epoch  50000  gamma_ratio 0.9982  residual 5.547e-08
  [gamma] epoch  50250  gamma_ratio 0.9985  residual 5.369e-08
  [gamma] epoch  50500  gamma_ratio 0.9985  residual 5.340e-08
  [gamma] epoch  50750  gamma_ratio 0.9986  residual 5.319e-08
  [gamma] epoch  51000  gamma_ratio 0.9984  residual 5.302e-08
  [gamma] epoch  51250  gamma_ratio 0.9986  residual 5.285e-08
  [gamma] epoch  51500  gamma_ratio 0.9985  residual 5.275e-08
  [gamma] epoch  51750  gamma_ratio 0.9984  residual 5.238e-08
  [gamma] epoch  52000  gamma_ratio 0.9981  residual 5.262e-08
  [gamma] epoch  52250  gamma_ratio 0.9985  residual 5.228e-08
  [gamma] epoch  52500  gamma_ratio 0.9985  residual 5.181e-08
  [gamma] epoch  52750  gamma_ratio 0.9983  residual 5.273e-08
  [gamma] epoch  53000  gamma_ratio 0.9985  residual 5.127e-08
  [gamma] epoch  53250  gamma_ratio 0.9987  residual 5.110e-08
  [gamma] epoch  53500  gamma_ratio 0.9988  residual 5.184e-08
  [gamma] epoch  53750  gamma_ratio 0.9984  residual 5.089e-08
  [gamma] epoch  54000  gamma_ratio 0.9985  residual 5.048e-08
  [gamma] epoch  54250  gamma_ratio 0.9986  residual 5.023e-08
  [gamma] epoch  54500  gamma_ratio 0.9985  residual 5.043e-08
  [gamma] epoch  54750  gamma_ratio 0.9983  residual 5.078e-08
  [gamma] epoch  55000  gamma_ratio 0.9986  residual 4.969e-08
  [gamma] epoch  55250  gamma_ratio 0.9984  residual 4.974e-08
  [gamma] epoch  55500  gamma_ratio 0.9985  residual 4.930e-08
  [gamma] epoch  55750  gamma_ratio 0.9985  residual 4.908e-08
  [gamma] epoch  56000  gamma_ratio 0.9985  residual 4.919e-08
  [gamma] epoch  56250  gamma_ratio 0.9987  residual 4.903e-08
  [gamma] epoch  56500  gamma_ratio 0.9986  residual 4.858e-08
  [gamma] epoch  56750  gamma_ratio 0.9986  residual 4.839e-08
  [gamma] epoch  57000  gamma_ratio 0.9985  residual 4.831e-08
  [gamma] epoch  57250  gamma_ratio 0.9986  residual 4.812e-08
  [gamma] epoch  57500  gamma_ratio 0.9986  residual 4.788e-08
  [gamma] epoch  57750  gamma_ratio 0.9984  residual 4.818e-08
  [gamma] epoch  58000  gamma_ratio 0.9986  residual 4.760e-08
  [gamma] epoch  58250  gamma_ratio 0.9986  residual 4.742e-08
  [gamma] epoch  58500  gamma_ratio 0.9985  residual 4.744e-08
  [gamma] epoch  58750  gamma_ratio 0.9985  residual 4.769e-08
  [gamma] epoch  59000  gamma_ratio 0.9986  residual 4.691e-08
  [gamma] epoch  59250  gamma_ratio 0.9986  residual 4.740e-08
  [gamma] epoch  59500  gamma_ratio 0.9985  residual 4.665e-08
  [gamma] epoch  59750  gamma_ratio 0.9985  residual 4.704e-08
  [gamma] epoch  59999  gamma_ratio 0.9985  residual 4.652e-08
  [shape] epoch      0  rmse=0.1004  max_abs_dA=0.1658  int_signed_dA=1.161e-12  int_abs_dA=1.477e-12  A_min=0.05076  max_dA_fwd=3.319e-05
  [shape] epoch    250  rmse=0.09611  max_abs_dA=0.2592  int_signed_dA=-7.071e-13  int_abs_dA=8.828e-13  A_min=-0.01613  max_dA_fwd=0.0001763
  [shape] epoch    500  rmse=0.09247  max_abs_dA=0.2446  int_signed_dA=-5.309e-13  int_abs_dA=8.73e-13  A_min=-0.003461  max_dA_fwd=0.0001797
  [shape] epoch    750  rmse=0.08728  max_abs_dA=0.2206  int_signed_dA=-3.111e-13  int_abs_dA=9.622e-13  A_min=0.01329  max_dA_fwd=0.0001588
  [shape] epoch   1000  rmse=0.0458  max_abs_dA=0.07292  int_signed_dA=3.114e-13  int_abs_dA=6.817e-13  A_min=0.02532  max_dA_fwd=0.0001002
  [shape] epoch   1250  rmse=0.03783  max_abs_dA=0.06816  int_signed_dA=2.906e-13  int_abs_dA=5.382e-13  A_min=0.01336  max_dA_fwd=6.009e-05
  [shape] epoch   1500  rmse=0.03353  max_abs_dA=0.06251  int_signed_dA=2.707e-13  int_abs_dA=4.689e-13  A_min=0.01083  max_dA_fwd=5.503e-05
  [shape] epoch   1750  rmse=0.0282  max_abs_dA=0.056  int_signed_dA=2.302e-13  int_abs_dA=3.687e-13  A_min=0.004232  max_dA_fwd=6.652e-05
  [shape] epoch   2000  rmse=0.02473  max_abs_dA=0.05126  int_signed_dA=1.94e-13  int_abs_dA=2.941e-13  A_min=-0.003307  max_dA_fwd=3.348e-05
  [shape] epoch   2250  rmse=0.02321  max_abs_dA=0.04835  int_signed_dA=1.684e-13  int_abs_dA=2.821e-13  A_min=-0.006411  max_dA_fwd=0.001783
  [shape] epoch   2500  rmse=0.02213  max_abs_dA=0.0463  int_signed_dA=1.43e-13  int_abs_dA=2.755e-13  A_min=-0.009619  max_dA_fwd=0.002803
  [shape] epoch   2750  rmse=0.02111  max_abs_dA=0.04426  int_signed_dA=1.192e-13  int_abs_dA=2.687e-13  A_min=-0.01022  max_dA_fwd=0.001461
  [shape] epoch   3000  rmse=0.02013  max_abs_dA=0.04242  int_signed_dA=1.097e-13  int_abs_dA=2.562e-13  A_min=-0.009708  max_dA_fwd=0.0004635
  [shape] epoch   3250  rmse=0.01806  max_abs_dA=0.03796  int_signed_dA=9.632e-14  int_abs_dA=2.304e-13  A_min=-0.008486  max_dA_fwd=0.0002408
  [shape] epoch   3500  rmse=0.01622  max_abs_dA=0.0345  int_signed_dA=8.836e-14  int_abs_dA=2.048e-13  A_min=-0.006871  max_dA_fwd=0.0001979
  [shape] epoch   3750  rmse=0.01504  max_abs_dA=0.03241  int_signed_dA=7.997e-14  int_abs_dA=1.887e-13  A_min=-0.006353  max_dA_fwd=0.0002149
  [shape] epoch   4000  rmse=0.01419  max_abs_dA=0.0307  int_signed_dA=7.346e-14  int_abs_dA=1.775e-13  A_min=-0.006141  max_dA_fwd=0.0002312
  [shape] epoch   4250  rmse=0.01295  max_abs_dA=0.02802  int_signed_dA=6.908e-14  int_abs_dA=1.597e-13  A_min=-0.005493  max_dA_fwd=0.0001926
  [shape] epoch   4500  rmse=0.01155  max_abs_dA=0.0251  int_signed_dA=6.13e-14  int_abs_dA=1.427e-13  A_min=-0.005175  max_dA_fwd=5.759e-05
  [shape] epoch   4750  rmse=0.01086  max_abs_dA=0.02372  int_signed_dA=8.274e-14  int_abs_dA=1.306e-13  A_min=-0.00727  max_dA_fwd=0.0001202
  [shape] epoch   5000  rmse=0.009072  max_abs_dA=0.0201  int_signed_dA=5.529e-14  int_abs_dA=1.145e-13  A_min=-0.0116  max_dA_fwd=7.335e-05
  [shape] epoch   5250  rmse=0.008649  max_abs_dA=0.01913  int_signed_dA=5.502e-14  int_abs_dA=1.108e-13  A_min=-0.01287  max_dA_fwd=7.526e-05
  [shape] epoch   5500  rmse=0.008549  max_abs_dA=0.01876  int_signed_dA=5.826e-14  int_abs_dA=1.089e-13  A_min=-0.01296  max_dA_fwd=7.322e-05
  [shape] epoch   5750  rmse=0.008129  max_abs_dA=0.01792  int_signed_dA=5.345e-14  int_abs_dA=1.041e-13  A_min=-0.01315  max_dA_fwd=7.275e-05
  [shape] epoch   6000  rmse=0.007726  max_abs_dA=0.01686  int_signed_dA=5.57e-14  int_abs_dA=9.821e-14  A_min=-0.01329  max_dA_fwd=7.648e-05
  [shape] epoch   6250  rmse=0.007731  max_abs_dA=0.01705  int_signed_dA=5.982e-14  int_abs_dA=9.93e-14  A_min=-0.01225  max_dA_fwd=7.948e-05
  [shape] epoch   6500  rmse=0.006681  max_abs_dA=0.01475  int_signed_dA=4.911e-14  int_abs_dA=8.495e-14  A_min=-0.01417  max_dA_fwd=8.511e-05
  [shape] epoch   6750  rmse=0.006498  max_abs_dA=0.01433  int_signed_dA=5.372e-14  int_abs_dA=8.18e-14  A_min=-0.01417  max_dA_fwd=9.05e-05
  [shape] epoch   7000  rmse=0.005567  max_abs_dA=0.0118  int_signed_dA=3.947e-14  int_abs_dA=7.421e-14  A_min=-0.01623  max_dA_fwd=0.0001027
  [shape] epoch   7250  rmse=0.005655  max_abs_dA=0.01211  int_signed_dA=4.15e-14  int_abs_dA=7.524e-14  A_min=-0.01585  max_dA_fwd=0.0001061
  [shape] epoch   7500  rmse=0.005594  max_abs_dA=0.01221  int_signed_dA=4.942e-14  int_abs_dA=7.063e-14  A_min=-0.01582  max_dA_fwd=0.0001069
  [shape] epoch   7750  rmse=0.005205  max_abs_dA=0.01132  int_signed_dA=4.006e-14  int_abs_dA=6.839e-14  A_min=-0.01637  max_dA_fwd=0.0001156
  [shape] epoch   8000  rmse=0.005392  max_abs_dA=0.0118  int_signed_dA=5.02e-14  int_abs_dA=6.741e-14  A_min=-0.01594  max_dA_fwd=0.0001155
  [shape] epoch   8250  rmse=0.005189  max_abs_dA=0.01142  int_signed_dA=4.82e-14  int_abs_dA=6.473e-14  A_min=-0.01635  max_dA_fwd=0.0001193
  [shape] epoch   8500  rmse=0.005042  max_abs_dA=0.01107  int_signed_dA=4.903e-14  int_abs_dA=6.232e-14  A_min=-0.01664  max_dA_fwd=0.0001236
  [shape] epoch   8750  rmse=0.005017  max_abs_dA=0.01073  int_signed_dA=4.554e-14  int_abs_dA=6.455e-14  A_min=-0.01677  max_dA_fwd=0.0001299
  [shape] epoch   9000  rmse=0.004881  max_abs_dA=0.01089  int_signed_dA=4.192e-14  int_abs_dA=6.164e-14  A_min=-0.01666  max_dA_fwd=0.0001283
  [shape] epoch   9250  rmse=0.004806  max_abs_dA=0.01056  int_signed_dA=5.095e-14  int_abs_dA=5.834e-14  A_min=-0.01707  max_dA_fwd=0.0001333
  [shape] epoch   9500  rmse=0.004898  max_abs_dA=0.01049  int_signed_dA=5.993e-14  int_abs_dA=6.254e-14  A_min=-0.01756  max_dA_fwd=0.0001358
  [shape] epoch   9750  rmse=0.004685  max_abs_dA=0.01019  int_signed_dA=5.201e-14  int_abs_dA=5.701e-14  A_min=-0.01738  max_dA_fwd=0.0001392
  [shape] epoch  10000  rmse=0.004682  max_abs_dA=0.01016  int_signed_dA=5.315e-14  int_abs_dA=5.698e-14  A_min=-0.01741  max_dA_fwd=0.0001401
  [shape] epoch  10250  rmse=0.004584  max_abs_dA=0.009149  int_signed_dA=3.251e-14  int_abs_dA=6.188e-14  A_min=-0.01818  max_dA_fwd=0.0001474
  [shape] epoch  10500  rmse=0.004547  max_abs_dA=0.009847  int_signed_dA=5.24e-14  int_abs_dA=5.619e-14  A_min=-0.01771  max_dA_fwd=0.0001432
  [shape] epoch  10750  rmse=0.004576  max_abs_dA=0.009904  int_signed_dA=5.353e-14  int_abs_dA=5.646e-14  A_min=-0.01764  max_dA_fwd=0.0001435
  [shape] epoch  11000  rmse=0.004408  max_abs_dA=0.009561  int_signed_dA=5.135e-14  int_abs_dA=5.484e-14  A_min=-0.01806  max_dA_fwd=0.0001445
  [shape] epoch  11250  rmse=0.003931  max_abs_dA=0.008277  int_signed_dA=3.122e-14  int_abs_dA=5.207e-14  A_min=-0.01912  max_dA_fwd=0.0001486
  [shape] epoch  11500  rmse=0.00457  max_abs_dA=0.00979  int_signed_dA=5.381e-14  int_abs_dA=5.815e-14  A_min=-0.01773  max_dA_fwd=0.0001466
  [shape] epoch  11750  rmse=0.004606  max_abs_dA=0.009792  int_signed_dA=5.213e-14  int_abs_dA=5.996e-14  A_min=-0.01762  max_dA_fwd=0.0001478
  [shape] epoch  12000  rmse=0.004449  max_abs_dA=0.00955  int_signed_dA=5.422e-14  int_abs_dA=5.669e-14  A_min=-0.01796  max_dA_fwd=0.000148
  [shape] epoch  12250  rmse=0.004608  max_abs_dA=0.009873  int_signed_dA=5.652e-14  int_abs_dA=5.858e-14  A_min=-0.01759  max_dA_fwd=0.0001473
  [shape] epoch  12500  rmse=0.00459  max_abs_dA=0.009694  int_signed_dA=5.873e-14  int_abs_dA=5.939e-14  A_min=-0.0178  max_dA_fwd=0.0001477
  [shape] epoch  12750  rmse=0.004287  max_abs_dA=0.00915  int_signed_dA=5.085e-14  int_abs_dA=5.529e-14  A_min=-0.01827  max_dA_fwd=0.0001497
  [shape] epoch  13000  rmse=0.004429  max_abs_dA=0.009593  int_signed_dA=5.367e-14  int_abs_dA=5.614e-14  A_min=-0.01786  max_dA_fwd=0.0001473
  [shape] epoch  13250  rmse=0.003897  max_abs_dA=0.008264  int_signed_dA=3.649e-14  int_abs_dA=5.241e-14  A_min=-0.01911  max_dA_fwd=0.0001502
  [shape] epoch  13500  rmse=0.004833  max_abs_dA=0.009886  int_signed_dA=6.474e-14  int_abs_dA=6.474e-14  A_min=-0.01752  max_dA_fwd=0.0001493
  [shape] epoch  13750  rmse=0.004339  max_abs_dA=0.008997  int_signed_dA=4.648e-14  int_abs_dA=5.903e-14  A_min=-0.01831  max_dA_fwd=0.0001507
  [shape] epoch  14000  rmse=0.00428  max_abs_dA=0.009029  int_signed_dA=5.177e-14  int_abs_dA=5.579e-14  A_min=-0.01833  max_dA_fwd=0.0001502
  [shape] epoch  14250  rmse=0.004324  max_abs_dA=0.009375  int_signed_dA=5.441e-14  int_abs_dA=5.516e-14  A_min=-0.01811  max_dA_fwd=0.0001464
  [shape] epoch  14500  rmse=0.004825  max_abs_dA=0.01009  int_signed_dA=6.128e-14  int_abs_dA=6.306e-14  A_min=-0.01729  max_dA_fwd=0.0001475
  [shape] epoch  14750  rmse=0.00424  max_abs_dA=0.008963  int_signed_dA=5.173e-14  int_abs_dA=5.545e-14  A_min=-0.01839  max_dA_fwd=0.0001497
  [shape] epoch  15000  rmse=0.004122  max_abs_dA=0.008645  int_signed_dA=4.421e-14  int_abs_dA=5.58e-14  A_min=-0.01865  max_dA_fwd=0.0001508
  [shape] epoch  15250  rmse=0.004592  max_abs_dA=0.009311  int_signed_dA=6.3e-14  int_abs_dA=6.3e-14  A_min=-0.01808  max_dA_fwd=0.0001488
  [shape] epoch  15500  rmse=0.00446  max_abs_dA=0.009322  int_signed_dA=5.724e-14  int_abs_dA=5.866e-14  A_min=-0.018  max_dA_fwd=0.000149
  [shape] epoch  15750  rmse=0.004346  max_abs_dA=0.009014  int_signed_dA=5.575e-14  int_abs_dA=5.756e-14  A_min=-0.0183  max_dA_fwd=0.0001497
  [shape] epoch  16000  rmse=0.004355  max_abs_dA=0.009125  int_signed_dA=5.615e-14  int_abs_dA=5.731e-14  A_min=-0.01822  max_dA_fwd=0.0001475
  [shape] epoch  16250  rmse=0.003976  max_abs_dA=0.008314  int_signed_dA=4.806e-14  int_abs_dA=5.277e-14  A_min=-0.019  max_dA_fwd=0.0001507
  [shape] epoch  16500  rmse=0.004503  max_abs_dA=0.009232  int_signed_dA=5.687e-14  int_abs_dA=5.993e-14  A_min=-0.01803  max_dA_fwd=0.0001504
  [shape] epoch  16750  rmse=0.004527  max_abs_dA=0.009355  int_signed_dA=5.445e-14  int_abs_dA=6.072e-14  A_min=-0.01791  max_dA_fwd=0.0001492
  [shape] epoch  17000  rmse=0.004238  max_abs_dA=0.008751  int_signed_dA=5.474e-14  int_abs_dA=5.638e-14  A_min=-0.01854  max_dA_fwd=0.0001496
  [shape] epoch  17250  rmse=0.004188  max_abs_dA=0.008679  int_signed_dA=5.203e-14  int_abs_dA=5.567e-14  A_min=-0.01858  max_dA_fwd=0.0001503
  [shape] epoch  17500  rmse=0.004188  max_abs_dA=0.008686  int_signed_dA=5.11e-14  int_abs_dA=5.578e-14  A_min=-0.01857  max_dA_fwd=0.0001501
  [shape] epoch  17750  rmse=0.004211  max_abs_dA=0.008644  int_signed_dA=5.393e-14  int_abs_dA=5.622e-14  A_min=-0.01861  max_dA_fwd=0.0001506
  [shape] epoch  18000  rmse=0.004526  max_abs_dA=0.009078  int_signed_dA=6.147e-14  int_abs_dA=6.161e-14  A_min=-0.0182  max_dA_fwd=0.0001496
  [shape] epoch  18250  rmse=0.004052  max_abs_dA=0.00832  int_signed_dA=4.93e-14  int_abs_dA=5.447e-14  A_min=-0.01892  max_dA_fwd=0.0001516
  [shape] epoch  18500  rmse=0.004486  max_abs_dA=0.009122  int_signed_dA=6.057e-14  int_abs_dA=6.067e-14  A_min=-0.01815  max_dA_fwd=0.0001482
  [shape] epoch  18750  rmse=0.004474  max_abs_dA=0.008943  int_signed_dA=6.248e-14  int_abs_dA=6.248e-14  A_min=-0.01835  max_dA_fwd=0.0001486
  [shape] epoch  19000  rmse=0.004499  max_abs_dA=0.009317  int_signed_dA=5.942e-14  int_abs_dA=5.989e-14  A_min=-0.01795  max_dA_fwd=0.0001471
  [shape] epoch  19250  rmse=0.004415  max_abs_dA=0.009001  int_signed_dA=5.562e-14  int_abs_dA=5.916e-14  A_min=-0.01824  max_dA_fwd=0.0001497
  [shape] epoch  19500  rmse=0.00431  max_abs_dA=0.008752  int_signed_dA=5.656e-14  int_abs_dA=5.791e-14  A_min=-0.01849  max_dA_fwd=0.0001507
  [shape] epoch  19750  rmse=0.004128  max_abs_dA=0.00825  int_signed_dA=5.187e-14  int_abs_dA=5.6e-14  A_min=-0.01899  max_dA_fwd=0.0001528
  [shape] epoch  20000  rmse=0.004381  max_abs_dA=0.008774  int_signed_dA=5.734e-14  int_abs_dA=5.92e-14  A_min=-0.01846  max_dA_fwd=0.0001515
  [shape] epoch  20250  rmse=0.004166  max_abs_dA=0.008422  int_signed_dA=5.36e-14  int_abs_dA=5.614e-14  A_min=-0.01882  max_dA_fwd=0.0001517
  [shape] epoch  20500  rmse=0.004361  max_abs_dA=0.008657  int_signed_dA=5.8e-14  int_abs_dA=5.923e-14  A_min=-0.01858  max_dA_fwd=0.0001519
  [shape] epoch  20750  rmse=0.004121  max_abs_dA=0.008172  int_signed_dA=4.952e-14  int_abs_dA=5.65e-14  A_min=-0.01908  max_dA_fwd=0.0001542
  [shape] epoch  21000  rmse=0.003996  max_abs_dA=0.007777  int_signed_dA=4.368e-14  int_abs_dA=5.662e-14  A_min=-0.01948  max_dA_fwd=0.0001551
  [shape] epoch  21250  rmse=0.00408  max_abs_dA=0.008083  int_signed_dA=4.866e-14  int_abs_dA=5.622e-14  A_min=-0.01917  max_dA_fwd=0.000154
  [shape] epoch  21500  rmse=0.004142  max_abs_dA=0.008222  int_signed_dA=5.1e-14  int_abs_dA=5.655e-14  A_min=-0.01903  max_dA_fwd=0.0001539
  [shape] epoch  21750  rmse=0.00505  max_abs_dA=0.009295  int_signed_dA=7.505e-14  int_abs_dA=7.505e-14  A_min=-0.01803  max_dA_fwd=0.0001478
  [shape] epoch  22000  rmse=0.004238  max_abs_dA=0.00836  int_signed_dA=5.627e-14  int_abs_dA=5.775e-14  A_min=-0.01888  max_dA_fwd=0.0001531
  [shape] epoch  22250  rmse=0.004227  max_abs_dA=0.008337  int_signed_dA=5.628e-14  int_abs_dA=5.763e-14  A_min=-0.0189  max_dA_fwd=0.000153
  [shape] epoch  22500  rmse=0.00448  max_abs_dA=0.008852  int_signed_dA=6.137e-14  int_abs_dA=6.145e-14  A_min=-0.01839  max_dA_fwd=0.0001516
  [shape] epoch  22750  rmse=0.004148  max_abs_dA=0.008211  int_signed_dA=5.144e-14  int_abs_dA=5.655e-14  A_min=-0.01905  max_dA_fwd=0.0001544
  [shape] epoch  23000  rmse=0.004314  max_abs_dA=0.008445  int_signed_dA=5.654e-14  int_abs_dA=5.882e-14  A_min=-0.0188  max_dA_fwd=0.0001537
  [shape] epoch  23250  rmse=0.004121  max_abs_dA=0.008128  int_signed_dA=5.48e-14  int_abs_dA=5.616e-14  A_min=-0.01911  max_dA_fwd=0.0001539
  [shape] epoch  23500  rmse=0.003914  max_abs_dA=0.007836  int_signed_dA=5.284e-14  int_abs_dA=5.332e-14  A_min=-0.01941  max_dA_fwd=0.0001537
  [shape] epoch  23750  rmse=0.004192  max_abs_dA=0.008098  int_signed_dA=5.413e-14  int_abs_dA=5.751e-14  A_min=-0.01916  max_dA_fwd=0.0001554
  [shape] epoch  24000  rmse=0.004273  max_abs_dA=0.008122  int_signed_dA=6.057e-14  int_abs_dA=6.057e-14  A_min=-0.01912  max_dA_fwd=0.0001536
  [shape] epoch  24250  rmse=0.004094  max_abs_dA=0.007922  int_signed_dA=5.012e-14  int_abs_dA=5.667e-14  A_min=-0.01935  max_dA_fwd=0.0001562
  [shape] epoch  24500  rmse=0.004146  max_abs_dA=0.008022  int_signed_dA=5.303e-14  int_abs_dA=5.684e-14  A_min=-0.01925  max_dA_fwd=0.0001559
  [shape] epoch  24750  rmse=0.004321  max_abs_dA=0.008442  int_signed_dA=5.924e-14  int_abs_dA=5.945e-14  A_min=-0.0188  max_dA_fwd=0.0001531
  [shape] epoch  25000  rmse=0.003856  max_abs_dA=0.0075  int_signed_dA=4.59e-14  int_abs_dA=5.358e-14  A_min=-0.01978  max_dA_fwd=0.0001566
  [shape] epoch  25250  rmse=0.004121  max_abs_dA=0.008013  int_signed_dA=5.299e-14  int_abs_dA=5.629e-14  A_min=-0.01926  max_dA_fwd=0.000156
  [shape] epoch  25500  rmse=0.004104  max_abs_dA=0.007832  int_signed_dA=5.261e-14  int_abs_dA=5.65e-14  A_min=-0.01945  max_dA_fwd=0.0001571
  [shape] epoch  25750  rmse=0.004227  max_abs_dA=0.008213  int_signed_dA=5.284e-14  int_abs_dA=5.778e-14  A_min=-0.01908  max_dA_fwd=0.0001565
  [shape] epoch  26000  rmse=0.004041  max_abs_dA=0.007716  int_signed_dA=4.595e-14  int_abs_dA=5.686e-14  A_min=-0.01963  max_dA_fwd=0.0001584
  [shape] epoch  26250  rmse=0.003974  max_abs_dA=0.007573  int_signed_dA=4.398e-14  int_abs_dA=5.625e-14  A_min=-0.01977  max_dA_fwd=0.0001583
  [shape] epoch  26500  rmse=0.004168  max_abs_dA=0.008003  int_signed_dA=5.367e-14  int_abs_dA=5.714e-14  A_min=-0.01928  max_dA_fwd=0.000157
  [shape] epoch  26750  rmse=0.004008  max_abs_dA=0.007755  int_signed_dA=5.074e-14  int_abs_dA=5.489e-14  A_min=-0.01953  max_dA_fwd=0.0001569
  [shape] epoch  27000  rmse=0.004135  max_abs_dA=0.007983  int_signed_dA=5.639e-14  int_abs_dA=5.689e-14  A_min=-0.01928  max_dA_fwd=0.0001558
  [shape] epoch  27250  rmse=0.004044  max_abs_dA=0.007727  int_signed_dA=5.118e-14  int_abs_dA=5.558e-14  A_min=-0.01958  max_dA_fwd=0.0001579
  [shape] epoch  27500  rmse=0.004094  max_abs_dA=0.00782  int_signed_dA=5.4e-14  int_abs_dA=5.615e-14  A_min=-0.01947  max_dA_fwd=0.0001574
  [shape] epoch  27750  rmse=0.004197  max_abs_dA=0.007941  int_signed_dA=5.542e-14  int_abs_dA=5.774e-14  A_min=-0.01935  max_dA_fwd=0.0001577
  [shape] epoch  28000  rmse=0.004087  max_abs_dA=0.007726  int_signed_dA=4.949e-14  int_abs_dA=5.674e-14  A_min=-0.01962  max_dA_fwd=0.0001588
  [shape] epoch  28250  rmse=0.004188  max_abs_dA=0.007936  int_signed_dA=5.619e-14  int_abs_dA=5.762e-14  A_min=-0.01935  max_dA_fwd=0.0001574
  [shape] epoch  28500  rmse=0.004256  max_abs_dA=0.008087  int_signed_dA=5.615e-14  int_abs_dA=5.845e-14  A_min=-0.0192  max_dA_fwd=0.0001572
  [shape] epoch  28750  rmse=0.003842  max_abs_dA=0.007302  int_signed_dA=4.544e-14  int_abs_dA=5.36e-14  A_min=-0.02003  max_dA_fwd=0.0001592
  [shape] epoch  29000  rmse=0.00425  max_abs_dA=0.008076  int_signed_dA=5.692e-14  int_abs_dA=5.833e-14  A_min=-0.01921  max_dA_fwd=0.0001573
  [shape] epoch  29250  rmse=0.004104  max_abs_dA=0.007715  int_signed_dA=5.29e-14  int_abs_dA=5.65e-14  A_min=-0.0196  max_dA_fwd=0.0001588
  [shape] epoch  29500  rmse=0.004304  max_abs_dA=0.00804  int_signed_dA=6.065e-14  int_abs_dA=6.066e-14  A_min=-0.01921  max_dA_fwd=0.0001566
  [shape] epoch  29750  rmse=0.004001  max_abs_dA=0.007448  int_signed_dA=4.745e-14  int_abs_dA=5.613e-14  A_min=-0.01992  max_dA_fwd=0.0001602
  [shape] epoch  30000  rmse=0.004136  max_abs_dA=0.007772  int_signed_dA=5.591e-14  int_abs_dA=5.706e-14  A_min=-0.01951  max_dA_fwd=0.0001581
  [shape] epoch  30250  rmse=0.004297  max_abs_dA=0.008076  int_signed_dA=5.722e-14  int_abs_dA=5.909e-14  A_min=-0.01922  max_dA_fwd=0.0001578
  [shape] epoch  30500  rmse=0.004041  max_abs_dA=0.007661  int_signed_dA=5.311e-14  int_abs_dA=5.543e-14  A_min=-0.01963  max_dA_fwd=0.0001582
  [shape] epoch  30750  rmse=0.004311  max_abs_dA=0.007964  int_signed_dA=5.142e-14  int_abs_dA=6.052e-14  A_min=-0.01942  max_dA_fwd=0.00016
  [shape] epoch  31000  rmse=0.004088  max_abs_dA=0.007759  int_signed_dA=4.99e-14  int_abs_dA=5.643e-14  A_min=-0.01957  max_dA_fwd=0.0001588
  [shape] epoch  31250  rmse=0.004087  max_abs_dA=0.007698  int_signed_dA=5.539e-14  int_abs_dA=5.639e-14  A_min=-0.01958  max_dA_fwd=0.0001578
  [shape] epoch  31500  rmse=0.004187  max_abs_dA=0.007803  int_signed_dA=5.571e-14  int_abs_dA=5.762e-14  A_min=-0.0195  max_dA_fwd=0.0001589
  [shape] epoch  31750  rmse=0.00411  max_abs_dA=0.007623  int_signed_dA=5.359e-14  int_abs_dA=5.654e-14  A_min=-0.01971  max_dA_fwd=0.0001597
  [shape] epoch  32000  rmse=0.004215  max_abs_dA=0.007875  int_signed_dA=5.665e-14  int_abs_dA=5.802e-14  A_min=-0.01942  max_dA_fwd=0.0001584
  [shape] epoch  32250  rmse=0.004165  max_abs_dA=0.007785  int_signed_dA=5.521e-14  int_abs_dA=5.726e-14  A_min=-0.01952  max_dA_fwd=0.0001587
  [shape] epoch  32500  rmse=0.004138  max_abs_dA=0.007699  int_signed_dA=5.597e-14  int_abs_dA=5.71e-14  A_min=-0.01959  max_dA_fwd=0.0001587
  [shape] epoch  32750  rmse=0.004173  max_abs_dA=0.007749  int_signed_dA=5.758e-14  int_abs_dA=5.794e-14  A_min=-0.01953  max_dA_fwd=0.0001583
  [shape] epoch  33000  rmse=0.004054  max_abs_dA=0.007569  int_signed_dA=5.22e-14  int_abs_dA=5.56e-14  A_min=-0.01976  max_dA_fwd=0.0001597
  [shape] epoch  33250  rmse=0.004229  max_abs_dA=0.007722  int_signed_dA=5.457e-14  int_abs_dA=5.836e-14  A_min=-0.01963  max_dA_fwd=0.0001604
  [shape] epoch  33500  rmse=0.004171  max_abs_dA=0.007726  int_signed_dA=5.612e-14  int_abs_dA=5.745e-14  A_min=-0.01958  max_dA_fwd=0.0001591
  [shape] epoch  33750  rmse=0.004146  max_abs_dA=0.00761  int_signed_dA=5.105e-14  int_abs_dA=5.771e-14  A_min=-0.01975  max_dA_fwd=0.0001605
  [shape] epoch  34000  rmse=0.004262  max_abs_dA=0.007828  int_signed_dA=5.962e-14  int_abs_dA=5.972e-14  A_min=-0.01944  max_dA_fwd=0.000158
  [shape] epoch  34250  rmse=0.004279  max_abs_dA=0.007933  int_signed_dA=5.853e-14  int_abs_dA=5.915e-14  A_min=-0.01935  max_dA_fwd=0.0001581
  [shape] epoch  34500  rmse=0.004141  max_abs_dA=0.007698  int_signed_dA=5.584e-14  int_abs_dA=5.702e-14  A_min=-0.01959  max_dA_fwd=0.0001589
  [shape] epoch  34750  rmse=0.004305  max_abs_dA=0.007923  int_signed_dA=5.921e-14  int_abs_dA=5.969e-14  A_min=-0.01936  max_dA_fwd=0.0001584
  [shape] epoch  35000  rmse=0.004116  max_abs_dA=0.007624  int_signed_dA=5.417e-14  int_abs_dA=5.65e-14  A_min=-0.01969  max_dA_fwd=0.0001595
  [shape] epoch  35250  rmse=0.004193  max_abs_dA=0.007745  int_signed_dA=5.664e-14  int_abs_dA=5.781e-14  A_min=-0.01955  max_dA_fwd=0.0001589
  [shape] epoch  35500  rmse=0.004135  max_abs_dA=0.007635  int_signed_dA=5.551e-14  int_abs_dA=5.693e-14  A_min=-0.01966  max_dA_fwd=0.0001592
  [shape] epoch  35750  rmse=0.004169  max_abs_dA=0.007696  int_signed_dA=5.555e-14  int_abs_dA=5.729e-14  A_min=-0.01961  max_dA_fwd=0.0001593
  [shape] epoch  36000  rmse=0.00411  max_abs_dA=0.007598  int_signed_dA=5.463e-14  int_abs_dA=5.645e-14  A_min=-0.01971  max_dA_fwd=0.0001594
  [shape] epoch  36250  rmse=0.004116  max_abs_dA=0.007575  int_signed_dA=5.376e-14  int_abs_dA=5.651e-14  A_min=-0.01975  max_dA_fwd=0.0001599
  [shape] epoch  36500  rmse=0.00413  max_abs_dA=0.007611  int_signed_dA=5.54e-14  int_abs_dA=5.682e-14  A_min=-0.01969  max_dA_fwd=0.0001593
  [shape] epoch  36750  rmse=0.004204  max_abs_dA=0.007734  int_signed_dA=5.731e-14  int_abs_dA=5.8e-14  A_min=-0.01956  max_dA_fwd=0.000159
  [shape] epoch  37000  rmse=0.004119  max_abs_dA=0.007605  int_signed_dA=5.766e-14  int_abs_dA=5.766e-14  A_min=-0.01966  max_dA_fwd=0.0001582
  [shape] epoch  37250  rmse=0.004182  max_abs_dA=0.00768  int_signed_dA=5.702e-14  int_abs_dA=5.777e-14  A_min=-0.01961  max_dA_fwd=0.000159
  [shape] epoch  37500  rmse=0.004108  max_abs_dA=0.007549  int_signed_dA=5.463e-14  int_abs_dA=5.643e-14  A_min=-0.01976  max_dA_fwd=0.0001596
  [shape] epoch  37750  rmse=0.004295  max_abs_dA=0.007803  int_signed_dA=5.926e-14  int_abs_dA=5.96e-14  A_min=-0.01949  max_dA_fwd=0.0001591
  [shape] epoch  38000  rmse=0.004131  max_abs_dA=0.007612  int_signed_dA=5.549e-14  int_abs_dA=5.675e-14  A_min=-0.01969  max_dA_fwd=0.0001592
  [shape] epoch  38250  rmse=0.004154  max_abs_dA=0.007588  int_signed_dA=5.436e-14  int_abs_dA=5.701e-14  A_min=-0.01974  max_dA_fwd=0.0001601
  [shape] epoch  38500  rmse=0.004177  max_abs_dA=0.007671  int_signed_dA=5.647e-14  int_abs_dA=5.747e-14  A_min=-0.01962  max_dA_fwd=0.0001592
  [shape] epoch  38750  rmse=0.004195  max_abs_dA=0.007637  int_signed_dA=5.701e-14  int_abs_dA=5.794e-14  A_min=-0.01966  max_dA_fwd=0.0001594
  [shape] epoch  39000  rmse=0.004147  max_abs_dA=0.007572  int_signed_dA=5.528e-14  int_abs_dA=5.698e-14  A_min=-0.01974  max_dA_fwd=0.0001598
  [shape] epoch  39250  rmse=0.004229  max_abs_dA=0.007743  int_signed_dA=5.873e-14  int_abs_dA=5.884e-14  A_min=-0.01953  max_dA_fwd=0.0001585
  [shape] epoch  39500  rmse=0.004134  max_abs_dA=0.007551  int_signed_dA=5.418e-14  int_abs_dA=5.665e-14  A_min=-0.01977  max_dA_fwd=0.00016
  [shape] epoch  39750  rmse=0.004179  max_abs_dA=0.00762  int_signed_dA=5.615e-14  int_abs_dA=5.752e-14  A_min=-0.01968  max_dA_fwd=0.0001594
  [shape] epoch  40000  rmse=0.004229  max_abs_dA=0.007713  int_signed_dA=5.738e-14  int_abs_dA=5.828e-14  A_min=-0.01958  max_dA_fwd=0.0001592
  [shape] epoch  40250  rmse=0.004098  max_abs_dA=0.007485  int_signed_dA=5.42e-14  int_abs_dA=5.625e-14  A_min=-0.01982  max_dA_fwd=0.0001598
  [shape] epoch  40500  rmse=0.004138  max_abs_dA=0.007587  int_signed_dA=5.587e-14  int_abs_dA=5.69e-14  A_min=-0.0197  max_dA_fwd=0.0001592
  [shape] epoch  40750  rmse=0.004181  max_abs_dA=0.007621  int_signed_dA=5.756e-14  int_abs_dA=5.79e-14  A_min=-0.01966  max_dA_fwd=0.000159
  [shape] epoch  41000  rmse=0.004054  max_abs_dA=0.007374  int_signed_dA=5.14e-14  int_abs_dA=5.581e-14  A_min=-0.01996  max_dA_fwd=0.0001605
  [shape] epoch  41250  rmse=0.004141  max_abs_dA=0.007561  int_signed_dA=5.574e-14  int_abs_dA=5.691e-14  A_min=-0.01973  max_dA_fwd=0.0001594
  [shape] epoch  41500  rmse=0.004093  max_abs_dA=0.007448  int_signed_dA=5.309e-14  int_abs_dA=5.616e-14  A_min=-0.01987  max_dA_fwd=0.0001601
  [shape] epoch  41750  rmse=0.004089  max_abs_dA=0.007458  int_signed_dA=5.354e-14  int_abs_dA=5.6e-14  A_min=-0.01985  max_dA_fwd=0.0001599
  [shape] epoch  42000  rmse=0.004143  max_abs_dA=0.007537  int_signed_dA=5.524e-14  int_abs_dA=5.684e-14  A_min=-0.01977  max_dA_fwd=0.0001597
  [shape] epoch  42250  rmse=0.004136  max_abs_dA=0.007532  int_signed_dA=5.514e-14  int_abs_dA=5.673e-14  A_min=-0.01977  max_dA_fwd=0.0001596
  [shape] epoch  42500  rmse=0.004151  max_abs_dA=0.007551  int_signed_dA=5.607e-14  int_abs_dA=5.707e-14  A_min=-0.01974  max_dA_fwd=0.0001594
  [shape] epoch  42750  rmse=0.004166  max_abs_dA=0.007607  int_signed_dA=5.702e-14  int_abs_dA=5.748e-14  A_min=-0.01967  max_dA_fwd=0.0001589
  [shape] epoch  43000  rmse=0.004191  max_abs_dA=0.007527  int_signed_dA=5.413e-14  int_abs_dA=5.762e-14  A_min=-0.0198  max_dA_fwd=0.0001604
  [shape] epoch  43250  rmse=0.00413  max_abs_dA=0.007517  int_signed_dA=5.483e-14  int_abs_dA=5.662e-14  A_min=-0.01978  max_dA_fwd=0.0001595
  [shape] epoch  43500  rmse=0.004099  max_abs_dA=0.007483  int_signed_dA=5.4e-14  int_abs_dA=5.609e-14  A_min=-0.01982  max_dA_fwd=0.0001596
  [shape] epoch  43750  rmse=0.004167  max_abs_dA=0.007563  int_signed_dA=5.568e-14  int_abs_dA=5.719e-14  A_min=-0.01974  max_dA_fwd=0.0001595
  [shape] epoch  44000  rmse=0.004125  max_abs_dA=0.007502  int_signed_dA=5.473e-14  int_abs_dA=5.651e-14  A_min=-0.0198  max_dA_fwd=0.0001595
  [shape] epoch  44250  rmse=0.004141  max_abs_dA=0.007532  int_signed_dA=5.546e-14  int_abs_dA=5.681e-14  A_min=-0.01976  max_dA_fwd=0.0001593
  [shape] epoch  44500  rmse=0.004125  max_abs_dA=0.007492  int_signed_dA=5.486e-14  int_abs_dA=5.652e-14  A_min=-0.01981  max_dA_fwd=0.0001595
  [shape] epoch  44750  rmse=0.004137  max_abs_dA=0.007522  int_signed_dA=5.542e-14  int_abs_dA=5.674e-14  A_min=-0.01977  max_dA_fwd=0.0001592
  [shape] epoch  45000  rmse=0.004121  max_abs_dA=0.007487  int_signed_dA=5.457e-14  int_abs_dA=5.643e-14  A_min=-0.01981  max_dA_fwd=0.0001595
  [shape] epoch  45250  rmse=0.00417  max_abs_dA=0.007584  int_signed_dA=5.707e-14  int_abs_dA=5.754e-14  A_min=-0.01969  max_dA_fwd=0.0001586
  [shape] epoch  45500  rmse=0.004148  max_abs_dA=0.00753  int_signed_dA=5.592e-14  int_abs_dA=5.698e-14  A_min=-0.01976  max_dA_fwd=0.0001591
  [shape] epoch  45750  rmse=0.004133  max_abs_dA=0.007513  int_signed_dA=5.493e-14  int_abs_dA=5.66e-14  A_min=-0.01978  max_dA_fwd=0.0001592
  [shape] epoch  46000  rmse=0.004154  max_abs_dA=0.007532  int_signed_dA=5.57e-14  int_abs_dA=5.699e-14  A_min=-0.01976  max_dA_fwd=0.0001591
  [shape] epoch  46250  rmse=0.004218  max_abs_dA=0.007619  int_signed_dA=5.793e-14  int_abs_dA=5.832e-14  A_min=-0.01966  max_dA_fwd=0.0001587
  [shape] epoch  46500  rmse=0.004121  max_abs_dA=0.007488  int_signed_dA=5.48e-14  int_abs_dA=5.64e-14  A_min=-0.01981  max_dA_fwd=0.0001592
  [shape] epoch  46750  rmse=0.004161  max_abs_dA=0.007538  int_signed_dA=5.61e-14  int_abs_dA=5.715e-14  A_min=-0.01975  max_dA_fwd=0.000159
  [shape] epoch  47000  rmse=0.004139  max_abs_dA=0.007512  int_signed_dA=5.503e-14  int_abs_dA=5.668e-14  A_min=-0.01978  max_dA_fwd=0.0001591
  [shape] epoch  47250  rmse=0.004106  max_abs_dA=0.007458  int_signed_dA=5.415e-14  int_abs_dA=5.613e-14  A_min=-0.01984  max_dA_fwd=0.0001592
  [shape] epoch  47500  rmse=0.004132  max_abs_dA=0.007481  int_signed_dA=5.478e-14  int_abs_dA=5.654e-14  A_min=-0.01982  max_dA_fwd=0.0001593
  [shape] epoch  47750  rmse=0.004139  max_abs_dA=0.007521  int_signed_dA=5.545e-14  int_abs_dA=5.671e-14  A_min=-0.01977  max_dA_fwd=0.0001588
  [shape] epoch  48000  rmse=0.004141  max_abs_dA=0.007529  int_signed_dA=5.551e-14  int_abs_dA=5.673e-14  A_min=-0.01976  max_dA_fwd=0.0001587
  [shape] epoch  48250  rmse=0.004137  max_abs_dA=0.007503  int_signed_dA=5.525e-14  int_abs_dA=5.666e-14  A_min=-0.01979  max_dA_fwd=0.0001589
  [shape] epoch  48500  rmse=0.004157  max_abs_dA=0.00752  int_signed_dA=5.591e-14  int_abs_dA=5.704e-14  A_min=-0.01977  max_dA_fwd=0.0001588
  [shape] epoch  48750  rmse=0.004124  max_abs_dA=0.007487  int_signed_dA=5.494e-14  int_abs_dA=5.643e-14  A_min=-0.01981  max_dA_fwd=0.0001588
  [shape] epoch  49000  rmse=0.004125  max_abs_dA=0.00749  int_signed_dA=5.496e-14  int_abs_dA=5.645e-14  A_min=-0.01981  max_dA_fwd=0.0001588
  [shape] epoch  49250  rmse=0.004109  max_abs_dA=0.007472  int_signed_dA=5.422e-14  int_abs_dA=5.614e-14  A_min=-0.01983  max_dA_fwd=0.0001589
  [shape] epoch  49500  rmse=0.004115  max_abs_dA=0.007486  int_signed_dA=5.479e-14  int_abs_dA=5.628e-14  A_min=-0.01981  max_dA_fwd=0.0001586
  [shape] epoch  49750  rmse=0.004125  max_abs_dA=0.007493  int_signed_dA=5.498e-14  int_abs_dA=5.643e-14  A_min=-0.0198  max_dA_fwd=0.0001587
  [shape] epoch  50000  rmse=0.00415  max_abs_dA=0.007533  int_signed_dA=5.61e-14  int_abs_dA=5.696e-14  A_min=-0.01975  max_dA_fwd=0.0001583
  [shape] epoch  50250  rmse=0.004122  max_abs_dA=0.007492  int_signed_dA=5.497e-14  int_abs_dA=5.638e-14  A_min=-0.0198  max_dA_fwd=0.0001586
  [shape] epoch  50500  rmse=0.004123  max_abs_dA=0.007493  int_signed_dA=5.498e-14  int_abs_dA=5.64e-14  A_min=-0.0198  max_dA_fwd=0.0001585
  [shape] epoch  50750  rmse=0.00412  max_abs_dA=0.007487  int_signed_dA=5.484e-14  int_abs_dA=5.634e-14  A_min=-0.01981  max_dA_fwd=0.0001585
  [shape] epoch  51000  rmse=0.004132  max_abs_dA=0.007507  int_signed_dA=5.522e-14  int_abs_dA=5.654e-14  A_min=-0.01979  max_dA_fwd=0.0001584
  [shape] epoch  51250  rmse=0.004113  max_abs_dA=0.007481  int_signed_dA=5.465e-14  int_abs_dA=5.621e-14  A_min=-0.01982  max_dA_fwd=0.0001585
  [shape] epoch  51500  rmse=0.004119  max_abs_dA=0.007497  int_signed_dA=5.495e-14  int_abs_dA=5.632e-14  A_min=-0.0198  max_dA_fwd=0.0001583
  [shape] epoch  51750  rmse=0.004142  max_abs_dA=0.007517  int_signed_dA=5.547e-14  int_abs_dA=5.67e-14  A_min=-0.01978  max_dA_fwd=0.0001583
  [shape] epoch  52000  rmse=0.004174  max_abs_dA=0.007554  int_signed_dA=5.641e-14  int_abs_dA=5.728e-14  A_min=-0.01974  max_dA_fwd=0.0001582
  [shape] epoch  52250  rmse=0.004126  max_abs_dA=0.007505  int_signed_dA=5.5e-14  int_abs_dA=5.641e-14  A_min=-0.01979  max_dA_fwd=0.0001582
  [shape] epoch  52500  rmse=0.00412  max_abs_dA=0.007498  int_signed_dA=5.503e-14  int_abs_dA=5.633e-14  A_min=-0.0198  max_dA_fwd=0.0001582
  [shape] epoch  52750  rmse=0.004146  max_abs_dA=0.007535  int_signed_dA=5.574e-14  int_abs_dA=5.678e-14  A_min=-0.01976  max_dA_fwd=0.000158
  [shape] epoch  53000  rmse=0.004123  max_abs_dA=0.007502  int_signed_dA=5.494e-14  int_abs_dA=5.634e-14  A_min=-0.0198  max_dA_fwd=0.0001581
  [shape] epoch  53250  rmse=0.004106  max_abs_dA=0.007478  int_signed_dA=5.443e-14  int_abs_dA=5.605e-14  A_min=-0.01982  max_dA_fwd=0.0001582
  [shape] epoch  53500  rmse=0.004085  max_abs_dA=0.007452  int_signed_dA=5.382e-14  int_abs_dA=5.569e-14  A_min=-0.01985  max_dA_fwd=0.0001582
  [shape] epoch  53750  rmse=0.004137  max_abs_dA=0.007519  int_signed_dA=5.539e-14  int_abs_dA=5.658e-14  A_min=-0.01978  max_dA_fwd=0.000158
  [shape] epoch  54000  rmse=0.004123  max_abs_dA=0.007503  int_signed_dA=5.496e-14  int_abs_dA=5.634e-14  A_min=-0.0198  max_dA_fwd=0.000158
  [shape] epoch  54250  rmse=0.004117  max_abs_dA=0.007498  int_signed_dA=5.476e-14  int_abs_dA=5.622e-14  A_min=-0.0198  max_dA_fwd=0.000158
  [shape] epoch  54500  rmse=0.004118  max_abs_dA=0.007509  int_signed_dA=5.492e-14  int_abs_dA=5.624e-14  A_min=-0.01979  max_dA_fwd=0.0001579
  [shape] epoch  54750  rmse=0.00414  max_abs_dA=0.007523  int_signed_dA=5.557e-14  int_abs_dA=5.665e-14  A_min=-0.01977  max_dA_fwd=0.0001578
  [shape] epoch  55000  rmse=0.004112  max_abs_dA=0.007495  int_signed_dA=5.466e-14  int_abs_dA=5.612e-14  A_min=-0.0198  max_dA_fwd=0.0001579
  [shape] epoch  55250  rmse=0.004134  max_abs_dA=0.007522  int_signed_dA=5.523e-14  int_abs_dA=5.649e-14  A_min=-0.01978  max_dA_fwd=0.0001578
  [shape] epoch  55500  rmse=0.004119  max_abs_dA=0.007508  int_signed_dA=5.489e-14  int_abs_dA=5.623e-14  A_min=-0.01979  max_dA_fwd=0.0001578
  [shape] epoch  55750  rmse=0.004124  max_abs_dA=0.00751  int_signed_dA=5.496e-14  int_abs_dA=5.631e-14  A_min=-0.01979  max_dA_fwd=0.0001578
  [shape] epoch  56000  rmse=0.004127  max_abs_dA=0.007517  int_signed_dA=5.495e-14  int_abs_dA=5.633e-14  A_min=-0.01978  max_dA_fwd=0.0001577
  [shape] epoch  56250  rmse=0.004111  max_abs_dA=0.007495  int_signed_dA=5.448e-14  int_abs_dA=5.605e-14  A_min=-0.01981  max_dA_fwd=0.0001578
  [shape] epoch  56500  rmse=0.00412  max_abs_dA=0.00751  int_signed_dA=5.483e-14  int_abs_dA=5.622e-14  A_min=-0.01979  max_dA_fwd=0.0001577
  [shape] epoch  56750  rmse=0.004121  max_abs_dA=0.007512  int_signed_dA=5.486e-14  int_abs_dA=5.623e-14  A_min=-0.01979  max_dA_fwd=0.0001576
  [shape] epoch  57000  rmse=0.004124  max_abs_dA=0.007518  int_signed_dA=5.499e-14  int_abs_dA=5.629e-14  A_min=-0.01978  max_dA_fwd=0.0001576
  [shape] epoch  57250  rmse=0.004116  max_abs_dA=0.007506  int_signed_dA=5.465e-14  int_abs_dA=5.612e-14  A_min=-0.0198  max_dA_fwd=0.0001576
  [shape] epoch  57500  rmse=0.00412  max_abs_dA=0.007514  int_signed_dA=5.479e-14  int_abs_dA=5.618e-14  A_min=-0.01979  max_dA_fwd=0.0001576
  [shape] epoch  57750  rmse=0.004141  max_abs_dA=0.007537  int_signed_dA=5.541e-14  int_abs_dA=5.655e-14  A_min=-0.01976  max_dA_fwd=0.0001575
  [shape] epoch  58000  rmse=0.004123  max_abs_dA=0.007519  int_signed_dA=5.486e-14  int_abs_dA=5.623e-14  A_min=-0.01978  max_dA_fwd=0.0001575
  [shape] epoch  58250  rmse=0.00412  max_abs_dA=0.007516  int_signed_dA=5.474e-14  int_abs_dA=5.615e-14  A_min=-0.01979  max_dA_fwd=0.0001575
  [shape] epoch  58500  rmse=0.004125  max_abs_dA=0.007521  int_signed_dA=5.491e-14  int_abs_dA=5.624e-14  A_min=-0.01978  max_dA_fwd=0.0001575
  [shape] epoch  58750  rmse=0.004126  max_abs_dA=0.00753  int_signed_dA=5.495e-14  int_abs_dA=5.626e-14  A_min=-0.01977  max_dA_fwd=0.0001574
  [shape] epoch  59000  rmse=0.004121  max_abs_dA=0.00752  int_signed_dA=5.476e-14  int_abs_dA=5.615e-14  A_min=-0.01978  max_dA_fwd=0.0001574
  [shape] epoch  59250  rmse=0.00413  max_abs_dA=0.007534  int_signed_dA=5.494e-14  int_abs_dA=5.629e-14  A_min=-0.01977  max_dA_fwd=0.0001574
  [shape] epoch  59500  rmse=0.004128  max_abs_dA=0.007533  int_signed_dA=5.498e-14  int_abs_dA=5.627e-14  A_min=-0.01977  max_dA_fwd=0.0001573
  [shape] epoch  59750  rmse=0.004129  max_abs_dA=0.007534  int_signed_dA=5.503e-14  int_abs_dA=5.629e-14  A_min=-0.01977  max_dA_fwd=0.0001573
  [shape] epoch  59999  rmse=0.004136  max_abs_dA=0.007549  int_signed_dA=5.521e-14  int_abs_dA=5.639e-14  A_min=-0.01975  max_dA_fwd=0.0001572
[spectral-pn] spn-L0.01-s42: loss 4.016e-03 -> 4.652e-08 (x86318 drop)
[spectral-pn] RMSE=0.0041 max|dA|=0.0075 gamma_eff=4.2363e+11 gamma_ratio=0.9985
[spectral-pn] snapshot=final best_epoch=59999 best_loss=4.652e-08 final_loss=4.652e-08
[spectral-pn-shape] cancel=0.979 int_signed_dA=5.5206e-14 int_abs_dA=5.6388e-14 A_min=-1.9753e-02 max_dA_fwd=1.5724e-04
[spectral-pn] saved: runs/transient/pn_corridor_ladder_60k/ladder_L0.01_2d
