PINN-BTE Training Log
Run ID: 20260707_085244
Started: 2026-07-07T08:52:48.972088
======================================================================

                    INFO     Logging to:                                        
                             runs/transient/1d_nongray_large_dt_1.0um_100K/20260
                             707_085244/training_20260707_085244.log            
                    INFO     Logging to:                                        
                             runs/transient/1d_nongray_large_dt_1.0um_100K/20260
                             707_085244/training_20260707_085244.log            
[07/07/26 08:52:49] INFO     Started W&B run: tr_1d_ng_L1.0um_dT100K ·          
                             20260707_085244 (2wrsmobd)                         
[07/07/26 08:52:49] INFO     Started W&B run: tr_1d_ng_L1.0um_dT100K ·          
                             20260707_085244 (2wrsmobd)                         

Phase 1: Pretraining β-network
  Temperature range: [250K, 350K]
  Epochs: 200
     0.2s | Epoch     0 | β Loss = 6.82e-01
  β pretraining complete! Final loss: 9.45e-02
╭───────────────────────────── Starting Training ──────────────────────────────╮
│   Mode      Transient_Nongray_LargeDT                                        │
│   Epochs    15000                                                            │
│   Device    cuda                                                             │
│   Run ID    20260707_085244                                                  │
╰──────────────────────────────────────────────────────────────────────────────╯

Phase 2: BTE Training
  L = 1.0 μm, ΔT = 100.0K
  T range: [250K, 350K]
  Kn_eff = 0.1015
  τ(T) model = holland (full branch-resolved Holland--Callaway)
  Waypoints: 5 (uniform), weight=0.0
  ALL 60 modes × ALL 16 angles (vectorized)
  Epochs: 15000
     0.5s | Epoch     0 | BTE=8.33e+00 | Energy=3.41e-01 | BC=2.31e-03 | 
IC_n=2.31e-03 | IC_T=0.00e+00 | dT=0.00e+00 | WP=1.79e+01 | GE=2.68e-04 | 
Amp=0.00e+00 | Total=2.66e+01
    62.5s | Epoch   200 | BTE=1.15e+00 | Energy=8.77e-01 | BC=1.95e-02 | 
IC_n=3.32e-02 | IC_T=0.00e+00 | dT=0.00e+00 | WP=5.91e+00 | GE=1.16e-05 | 
Amp=0.00e+00 | Total=7.99e+00
   124.1s | Epoch   400 | BTE=9.97e-01 | Energy=5.99e-01 | BC=1.52e-02 | 
IC_n=2.63e-02 | IC_T=0.00e+00 | dT=0.00e+00 | WP=5.67e+00 | GE=3.18e-04 | 
Amp=0.00e+00 | Total=7.31e+00
   188.0s | Epoch   600 | BTE=8.87e-01 | Energy=5.26e-01 | BC=1.80e-02 | 
IC_n=2.16e-02 | IC_T=0.00e+00 | dT=0.00e+00 | WP=5.41e+00 | GE=1.66e-04 | 
Amp=0.00e+00 | Total=6.86e+00
   251.3s | Epoch   800 | BTE=9.01e-01 | Energy=4.67e-01 | BC=1.59e-02 | 
IC_n=1.39e-02 | IC_T=0.00e+00 | dT=0.00e+00 | WP=5.27e+00 | GE=3.25e-05 | 
Amp=0.00e+00 | Total=6.66e+00
   315.2s | Epoch  1000 | BTE=8.09e-01 | Energy=4.39e-01 | BC=1.66e-02 | 
IC_n=1.33e-02 | IC_T=0.00e+00 | dT=0.00e+00 | WP=5.14e+00 | GE=1.20e-04 | 
Amp=0.00e+00 | Total=6.41e+00
   378.4s | Epoch  1200 | BTE=7.53e-01 | Energy=4.14e-01 | BC=1.89e-02 | 
IC_n=1.10e-02 | IC_T=0.00e+00 | dT=0.00e+00 | WP=4.96e+00 | GE=5.07e-04 | 
Amp=0.00e+00 | Total=6.16e+00
   442.2s | Epoch  1400 | BTE=6.55e-01 | Energy=3.80e-01 | BC=1.93e-02 | 
IC_n=1.38e-02 | IC_T=0.00e+00 | dT=0.00e+00 | WP=4.89e+00 | GE=1.35e-04 | 
Amp=0.00e+00 | Total=5.95e+00
   505.5s | Epoch  1600 | BTE=6.48e-01 | Energy=3.71e-01 | BC=1.94e-02 | 
IC_n=8.80e-03 | IC_T=0.00e+00 | dT=0.00e+00 | WP=4.78e+00 | GE=5.64e-05 | 
Amp=0.00e+00 | Total=5.82e+00
   567.7s | Epoch  1800 | BTE=7.04e-01 | Energy=3.25e-01 | BC=1.64e-02 | 
IC_n=4.97e-03 | IC_T=0.00e+00 | dT=0.00e+00 | WP=4.68e+00 | GE=1.59e-04 | 
Amp=0.00e+00 | Total=5.73e+00
   630.6s | Epoch  2000 | BTE=6.10e-01 | Energy=3.04e-01 | BC=1.84e-02 | 
IC_n=6.79e-03 | IC_T=0.00e+00 | dT=0.00e+00 | WP=4.67e+00 | GE=6.29e-05 | 
Amp=0.00e+00 | Total=5.61e+00
   693.0s | Epoch  2200 | BTE=5.81e-01 | Energy=3.07e-01 | BC=2.07e-02 | 
IC_n=4.86e-03 | IC_T=0.00e+00 | dT=0.00e+00 | WP=4.62e+00 | GE=9.88e-05 | 
Amp=0.00e+00 | Total=5.54e+00
   756.4s | Epoch  2400 | BTE=6.27e-01 | Energy=2.70e-01 | BC=1.78e-02 | 
IC_n=6.08e-03 | IC_T=0.00e+00 | dT=0.00e+00 | WP=4.57e+00 | GE=2.98e-05 | 
Amp=0.00e+00 | Total=5.49e+00
   819.0s | Epoch  2600 | BTE=6.62e-01 | Energy=2.59e-01 | BC=1.84e-02 | 
IC_n=3.72e-03 | IC_T=0.00e+00 | dT=0.00e+00 | WP=4.60e+00 | GE=1.75e-05 | 
Amp=0.00e+00 | Total=5.55e+00
   881.5s | Epoch  2800 | BTE=6.60e-01 | Energy=2.39e-01 | BC=1.70e-02 | 
IC_n=2.89e-03 | IC_T=0.00e+00 | dT=0.00e+00 | WP=4.60e+00 | GE=1.78e-04 | 
Amp=0.00e+00 | Total=5.51e+00
   944.1s | Epoch  3000 | BTE=5.99e-01 | Energy=2.30e-01 | BC=1.65e-02 | 
IC_n=2.87e-03 | IC_T=0.00e+00 | dT=0.00e+00 | WP=4.63e+00 | GE=4.69e-06 | 
Amp=0.00e+00 | Total=5.48e+00
  1006.3s | Epoch  3200 | BTE=6.21e-01 | Energy=2.20e-01 | BC=1.72e-02 | 
IC_n=3.57e-03 | IC_T=0.00e+00 | dT=0.00e+00 | WP=4.59e+00 | GE=5.95e-04 | 
Amp=0.00e+00 | Total=5.45e+00
  1069.5s | Epoch  3400 | BTE=5.92e-01 | Energy=2.20e-01 | BC=1.83e-02 | 
IC_n=4.85e-03 | IC_T=0.00e+00 | dT=0.00e+00 | WP=4.48e+00 | GE=1.68e-04 | 
Amp=0.00e+00 | Total=5.32e+00
  1132.5s | Epoch  3600 | BTE=5.71e-01 | Energy=2.19e-01 | BC=1.89e-02 | 
IC_n=5.54e-03 | IC_T=0.00e+00 | dT=0.00e+00 | WP=4.52e+00 | GE=4.37e-04 | 
Amp=0.00e+00 | Total=5.34e+00
  1193.6s | Epoch  3800 | BTE=6.20e-01 | Energy=2.06e-01 | BC=1.66e-02 | 
IC_n=2.72e-03 | IC_T=0.00e+00 | dT=0.00e+00 | WP=4.51e+00 | GE=2.11e-04 | 
Amp=0.00e+00 | Total=5.36e+00
  1258.3s | Epoch  4000 | BTE=5.86e-01 | Energy=2.15e-01 | BC=1.78e-02 | 
IC_n=2.90e-03 | IC_T=0.00e+00 | dT=0.00e+00 | WP=4.52e+00 | GE=2.29e-05 | 
Amp=0.00e+00 | Total=5.35e+00
  1318.9s | Epoch  4200 | BTE=6.19e-01 | Energy=2.03e-01 | BC=1.61e-02 | 
IC_n=3.29e-03 | IC_T=0.00e+00 | dT=0.00e+00 | WP=4.45e+00 | GE=4.70e-05 | 
Amp=0.00e+00 | Total=5.29e+00
  1381.0s | Epoch  4400 | BTE=5.73e-01 | Energy=2.14e-01 | BC=1.63e-02 | 
IC_n=3.94e-03 | IC_T=0.00e+00 | dT=0.00e+00 | WP=4.37e+00 | GE=8.74e-06 | 
Amp=0.00e+00 | Total=5.18e+00
  1444.0s | Epoch  4600 | BTE=5.80e-01 | Energy=1.97e-01 | BC=1.50e-02 | 
IC_n=3.64e-03 | IC_T=0.00e+00 | dT=0.00e+00 | WP=4.02e+00 | GE=2.72e-06 | 
Amp=0.00e+00 | Total=4.81e+00
  1506.3s | Epoch  4800 | BTE=4.86e-01 | Energy=1.71e-01 | BC=1.46e-02 | 
IC_n=4.79e-03 | IC_T=0.00e+00 | dT=0.00e+00 | WP=3.76e+00 | GE=3.49e-05 | 
Amp=0.00e+00 | Total=4.43e+00
  1567.6s | Epoch  5000 | BTE=4.00e-01 | Energy=1.46e-01 | BC=1.27e-02 | 
IC_n=4.84e-03 | IC_T=0.00e+00 | dT=0.00e+00 | WP=3.16e+00 | GE=2.54e-05 | 
Amp=0.00e+00 | Total=3.72e+00
  1629.7s | Epoch  5200 | BTE=3.80e-01 | Energy=1.22e-01 | BC=1.09e-02 | 
IC_n=3.87e-03 | IC_T=0.00e+00 | dT=0.00e+00 | WP=2.69e+00 | GE=7.70e-05 | 
Amp=0.00e+00 | Total=3.21e+00
  1692.4s | Epoch  5400 | BTE=3.85e-01 | Energy=9.84e-02 | BC=8.93e-03 | 
IC_n=2.56e-03 | IC_T=0.00e+00 | dT=0.00e+00 | WP=2.27e+00 | GE=7.54e-05 | 
Amp=0.00e+00 | Total=2.77e+00
  1755.2s | Epoch  5600 | BTE=3.31e-01 | Energy=1.05e-01 | BC=8.53e-03 | 
IC_n=1.78e-03 | IC_T=0.00e+00 | dT=0.00e+00 | WP=1.65e+00 | GE=3.27e-05 | 
Amp=0.00e+00 | Total=2.10e+00
  1817.3s | Epoch  5800 | BTE=2.49e-01 | Energy=7.25e-02 | BC=6.48e-03 | 
IC_n=4.47e-03 | IC_T=0.00e+00 | dT=0.00e+00 | WP=1.45e+00 | GE=4.86e-05 | 
Amp=0.00e+00 | Total=1.78e+00
  1879.8s | Epoch  6000 | BTE=2.36e-01 | Energy=6.73e-02 | BC=5.10e-03 | 
IC_n=4.99e-03 | IC_T=0.00e+00 | dT=0.00e+00 | WP=1.18e+00 | GE=1.65e-05 | 
Amp=0.00e+00 | Total=1.49e+00
  1942.4s | Epoch  6200 | BTE=2.22e-01 | Energy=5.36e-02 | BC=4.57e-03 | 
IC_n=4.78e-03 | IC_T=0.00e+00 | dT=0.00e+00 | WP=9.39e-01 | GE=1.13e-05 | 
Amp=0.00e+00 | Total=1.22e+00
  2005.8s | Epoch  6400 | BTE=1.96e-01 | Energy=3.91e-02 | BC=3.64e-03 | 
IC_n=1.35e-03 | IC_T=0.00e+00 | dT=0.00e+00 | WP=8.06e-01 | GE=1.52e-05 | 
Amp=0.00e+00 | Total=1.05e+00
  2068.8s | Epoch  6600 | BTE=1.65e-01 | Energy=3.56e-02 | BC=3.06e-03 | 
IC_n=1.64e-03 | IC_T=0.00e+00 | dT=0.00e+00 | WP=5.82e-01 | GE=1.20e-05 | 
Amp=0.00e+00 | Total=7.87e-01
  2131.5s | Epoch  6800 | BTE=1.34e-01 | Energy=3.04e-02 | BC=2.73e-03 | 
IC_n=3.10e-03 | IC_T=0.00e+00 | dT=0.00e+00 | WP=5.01e-01 | GE=1.61e-05 | 
Amp=0.00e+00 | Total=6.71e-01
  2194.5s | Epoch  7000 | BTE=1.32e-01 | Energy=3.33e-02 | BC=2.18e-03 | 
IC_n=4.45e-03 | IC_T=0.00e+00 | dT=0.00e+00 | WP=3.94e-01 | GE=2.52e-06 | 
Amp=0.00e+00 | Total=5.66e-01
  2255.6s | Epoch  7200 | BTE=1.34e-01 | Energy=2.28e-02 | BC=2.02e-03 | 
IC_n=2.18e-03 | IC_T=0.00e+00 | dT=0.00e+00 | WP=3.40e-01 | GE=1.79e-05 | 
Amp=0.00e+00 | Total=5.01e-01
  2318.6s | Epoch  7400 | BTE=1.03e-01 | Energy=1.86e-02 | BC=1.89e-03 | 
IC_n=3.93e-03 | IC_T=0.00e+00 | dT=0.00e+00 | WP=3.22e-01 | GE=8.60e-09 | 
Amp=0.00e+00 | Total=4.50e-01
  2382.0s | Epoch  7600 | BTE=1.16e-01 | Energy=6.96e-02 | BC=1.50e-03 | 
IC_n=3.55e-03 | IC_T=0.00e+00 | dT=0.00e+00 | WP=2.76e-01 | GE=2.19e-05 | 
Amp=0.00e+00 | Total=4.67e-01
  2445.7s | Epoch  7800 | BTE=9.93e-02 | Energy=1.66e-02 | BC=1.42e-03 | 
IC_n=2.22e-03 | IC_T=0.00e+00 | dT=0.00e+00 | WP=1.95e-01 | GE=3.73e-06 | 
Amp=0.00e+00 | Total=3.15e-01
  2509.8s | Epoch  8000 | BTE=1.03e-01 | Energy=1.60e-02 | BC=1.15e-03 | 
IC_n=4.49e-03 | IC_T=0.00e+00 | dT=0.00e+00 | WP=1.92e-01 | GE=1.60e-06 | 
Amp=0.00e+00 | Total=3.17e-01
  2572.0s | Epoch  8200 | BTE=7.27e-02 | Energy=1.10e-02 | BC=1.12e-03 | 
IC_n=3.70e-03 | IC_T=0.00e+00 | dT=0.00e+00 | WP=1.53e-01 | GE=1.50e-06 | 
Amp=0.00e+00 | Total=2.41e-01
  2634.2s | Epoch  8400 | BTE=8.98e-02 | Energy=1.48e-02 | BC=1.08e-03 | 
IC_n=3.16e-03 | IC_T=0.00e+00 | dT=0.00e+00 | WP=1.27e-01 | GE=1.97e-05 | 
Amp=0.00e+00 | Total=2.36e-01
  2695.9s | Epoch  8600 | BTE=6.71e-02 | Energy=8.76e-03 | BC=8.98e-04 | 
IC_n=4.41e-03 | IC_T=0.00e+00 | dT=0.00e+00 | WP=1.46e-01 | GE=1.69e-05 | 
Amp=0.00e+00 | Total=2.27e-01
  2760.3s | Epoch  8800 | BTE=8.53e-02 | Energy=1.49e-02 | BC=9.03e-04 | 
IC_n=3.36e-03 | IC_T=0.00e+00 | dT=0.00e+00 | WP=1.18e-01 | GE=7.67e-06 | 
Amp=0.00e+00 | Total=2.22e-01
  2823.3s | Epoch  9000 | BTE=5.34e-02 | Energy=8.19e-03 | BC=7.92e-04 | 
IC_n=4.21e-03 | IC_T=0.00e+00 | dT=0.00e+00 | WP=1.02e-01 | GE=1.16e-06 | 
Amp=0.00e+00 | Total=1.68e-01
  2886.2s | Epoch  9200 | BTE=8.46e-02 | Energy=8.05e-03 | BC=7.27e-04 | 
IC_n=2.91e-03 | IC_T=0.00e+00 | dT=0.00e+00 | WP=9.66e-02 | GE=5.26e-06 | 
Amp=0.00e+00 | Total=1.93e-01
  2948.4s | Epoch  9400 | BTE=5.49e-02 | Energy=8.43e-03 | BC=7.03e-04 | 
IC_n=4.51e-03 | IC_T=0.00e+00 | dT=0.00e+00 | WP=8.05e-02 | GE=9.61e-06 | 
Amp=0.00e+00 | Total=1.49e-01
  3011.5s | Epoch  9600 | BTE=6.16e-02 | Energy=7.03e-03 | BC=6.80e-04 | 
IC_n=3.55e-03 | IC_T=0.00e+00 | dT=0.00e+00 | WP=7.75e-02 | GE=1.45e-07 | 
Amp=0.00e+00 | Total=1.50e-01
  3073.9s | Epoch  9800 | BTE=9.51e-02 | Energy=8.06e-03 | BC=6.22e-04 | 
IC_n=3.68e-03 | IC_T=0.00e+00 | dT=0.00e+00 | WP=7.42e-02 | GE=1.30e-07 | 
Amp=0.00e+00 | Total=1.82e-01
  3137.0s | Epoch 10000 | BTE=5.80e-02 | Energy=6.50e-03 | BC=5.96e-04 | 
IC_n=3.07e-03 | IC_T=0.00e+00 | dT=0.00e+00 | WP=7.01e-02 | GE=6.26e-06 | 
Amp=0.00e+00 | Total=1.38e-01
  3200.8s | Epoch 10200 | BTE=5.81e-02 | Energy=1.38e-02 | BC=5.53e-04 | 
IC_n=3.11e-03 | IC_T=0.00e+00 | dT=0.00e+00 | WP=7.11e-02 | GE=1.76e-05 | 
Amp=0.00e+00 | Total=1.47e-01
  3263.2s | Epoch 10400 | BTE=5.89e-02 | Energy=8.53e-03 | BC=5.40e-04 | 
IC_n=3.58e-03 | IC_T=0.00e+00 | dT=0.00e+00 | WP=6.52e-02 | GE=3.07e-07 | 
Amp=0.00e+00 | Total=1.37e-01
  3325.1s | Epoch 10600 | BTE=5.49e-02 | Energy=6.49e-03 | BC=5.12e-04 | 
IC_n=3.41e-03 | IC_T=0.00e+00 | dT=0.00e+00 | WP=5.46e-02 | GE=4.23e-08 | 
Amp=0.00e+00 | Total=1.20e-01
  3387.9s | Epoch 10800 | BTE=3.99e-02 | Energy=5.96e-03 | BC=4.97e-04 | 
IC_n=4.96e-03 | IC_T=0.00e+00 | dT=0.00e+00 | WP=5.76e-02 | GE=5.58e-07 | 
Amp=0.00e+00 | Total=1.09e-01
  3452.3s | Epoch 11000 | BTE=6.72e-02 | Energy=4.39e-03 | BC=4.69e-04 | 
IC_n=2.79e-03 | IC_T=0.00e+00 | dT=0.00e+00 | WP=5.29e-02 | GE=7.77e-06 | 
Amp=0.00e+00 | Total=1.28e-01
  3515.9s | Epoch 11200 | BTE=3.58e-02 | Energy=5.87e-03 | BC=4.79e-04 | 
IC_n=4.80e-03 | IC_T=0.00e+00 | dT=0.00e+00 | WP=5.30e-02 | GE=3.82e-06 | 
Amp=0.00e+00 | Total=9.99e-02
  3578.7s | Epoch 11400 | BTE=4.37e-02 | Energy=9.90e-03 | BC=4.54e-04 | 
IC_n=4.12e-03 | IC_T=0.00e+00 | dT=0.00e+00 | WP=4.76e-02 | GE=7.64e-09 | 
Amp=0.00e+00 | Total=1.06e-01
  3641.1s | Epoch 11600 | BTE=4.99e-02 | Energy=4.53e-03 | BC=4.49e-04 | 
IC_n=3.18e-03 | IC_T=0.00e+00 | dT=0.00e+00 | WP=4.55e-02 | GE=1.18e-08 | 
Amp=0.00e+00 | Total=1.04e-01
  3703.8s | Epoch 11800 | BTE=3.80e-02 | Energy=3.93e-03 | BC=4.22e-04 | 
IC_n=3.33e-03 | IC_T=0.00e+00 | dT=0.00e+00 | WP=4.45e-02 | GE=3.75e-06 | 
Amp=0.00e+00 | Total=9.02e-02
  3767.4s | Epoch 12000 | BTE=4.72e-02 | Energy=4.65e-03 | BC=4.40e-04 | 
IC_n=3.25e-03 | IC_T=0.00e+00 | dT=0.00e+00 | WP=4.22e-02 | GE=9.29e-06 | 
Amp=0.00e+00 | Total=9.77e-02
  3830.3s | Epoch 12200 | BTE=4.41e-02 | Energy=4.80e-03 | BC=4.30e-04 | 
IC_n=3.57e-03 | IC_T=0.00e+00 | dT=0.00e+00 | WP=4.73e-02 | GE=2.74e-06 | 
Amp=0.00e+00 | Total=1.00e-01
  3893.8s | Epoch 12400 | BTE=4.73e-02 | Energy=1.11e-02 | BC=4.40e-04 | 
IC_n=3.06e-03 | IC_T=0.00e+00 | dT=0.00e+00 | WP=4.47e-02 | GE=4.71e-08 | 
Amp=0.00e+00 | Total=1.07e-01
  3957.9s | Epoch 12600 | BTE=3.08e-02 | Energy=4.78e-03 | BC=4.09e-04 | 
IC_n=3.94e-03 | IC_T=0.00e+00 | dT=0.00e+00 | WP=3.98e-02 | GE=7.11e-07 | 
Amp=0.00e+00 | Total=7.97e-02
  4021.1s | Epoch 12800 | BTE=4.61e-02 | Energy=3.89e-03 | BC=3.96e-04 | 
IC_n=3.02e-03 | IC_T=0.00e+00 | dT=0.00e+00 | WP=4.29e-02 | GE=8.47e-09 | 
Amp=0.00e+00 | Total=9.64e-02
  4082.8s | Epoch 13000 | BTE=4.66e-02 | Energy=3.82e-03 | BC=4.00e-04 | 
IC_n=3.20e-03 | IC_T=0.00e+00 | dT=0.00e+00 | WP=3.90e-02 | GE=1.40e-05 | 
Amp=0.00e+00 | Total=9.31e-02
  4145.7s | Epoch 13200 | BTE=4.16e-02 | Energy=3.97e-03 | BC=3.94e-04 | 
IC_n=3.26e-03 | IC_T=0.00e+00 | dT=0.00e+00 | WP=3.88e-02 | GE=7.34e-06 | 
Amp=0.00e+00 | Total=8.80e-02
  4208.7s | Epoch 13400 | BTE=3.80e-02 | Energy=3.66e-03 | BC=3.89e-04 | 
IC_n=3.48e-03 | IC_T=0.00e+00 | dT=0.00e+00 | WP=3.58e-02 | GE=5.98e-08 | 
Amp=0.00e+00 | Total=8.13e-02
  4271.9s | Epoch 13600 | BTE=3.79e-02 | Energy=4.15e-03 | BC=3.87e-04 | 
IC_n=3.22e-03 | IC_T=0.00e+00 | dT=0.00e+00 | WP=3.78e-02 | GE=1.09e-09 | 
Amp=0.00e+00 | Total=8.34e-02
  4334.1s | Epoch 13800 | BTE=3.44e-02 | Energy=3.92e-03 | BC=3.75e-04 | 
IC_n=3.37e-03 | IC_T=0.00e+00 | dT=0.00e+00 | WP=3.58e-02 | GE=3.08e-06 | 
Amp=0.00e+00 | Total=7.79e-02
  4396.8s | Epoch 14000 | BTE=3.18e-02 | Energy=3.65e-03 | BC=3.83e-04 | 
IC_n=3.53e-03 | IC_T=0.00e+00 | dT=0.00e+00 | WP=3.70e-02 | GE=2.13e-07 | 
Amp=0.00e+00 | Total=7.63e-02
  4458.4s | Epoch 14200 | BTE=3.61e-02 | Energy=3.73e-03 | BC=3.75e-04 | 
IC_n=3.80e-03 | IC_T=0.00e+00 | dT=0.00e+00 | WP=3.66e-02 | GE=1.71e-07 | 
Amp=0.00e+00 | Total=8.05e-02
  4521.4s | Epoch 14400 | BTE=3.84e-02 | Energy=3.58e-03 | BC=3.71e-04 | 
IC_n=3.53e-03 | IC_T=0.00e+00 | dT=0.00e+00 | WP=3.80e-02 | GE=3.69e-06 | 
Amp=0.00e+00 | Total=8.39e-02
  4584.0s | Epoch 14600 | BTE=4.36e-02 | Energy=5.94e-03 | BC=3.77e-04 | 
IC_n=3.32e-03 | IC_T=0.00e+00 | dT=0.00e+00 | WP=3.64e-02 | GE=4.28e-07 | 
Amp=0.00e+00 | Total=8.96e-02
  4647.9s | Epoch 14800 | BTE=3.80e-02 | Energy=3.71e-03 | BC=3.77e-04 | 
IC_n=3.26e-03 | IC_T=0.00e+00 | dT=0.00e+00 | WP=3.74e-02 | GE=4.43e-06 | 
Amp=0.00e+00 | Total=8.28e-02
╭───────────────────────────── Training Complete ──────────────────────────────╮
│   Time      4710.71s                                                         │
│   Output    runs/transient/1d_nongray_large_dt_1.0um_100K/20260707_085244    │
│   Saved     net_T_20260707_085244.pt                                         │
│   Saved     net_n_20260707_085244.pt                                         │
│   Saved     net_beta_20260707_085244.pt                                      │
╰──────────────────────────────────────────────────────────────────────────────╯
Results saved to: 
runs/transient/1d_nongray_large_dt_1.0um_100K/20260707_085244/20260707_085244_re
sults.npz
  Generating visualizations...
  Amplitude: A(0)=50.0000, A(end)=0.9860 (98.0% decay)
  Energy drift: 0.0122
  ⚠ Oscillation at t≈7τ
  Saved: 
runs/transient/1d_nongray_large_dt_1.0um_100K/20260707_085244/amplitude_decay_20
260707_085244.png

Done!
