PINN-BTE Training Log
Run ID: 20260706_231831
Started: 2026-07-06T23:18:36.266996
======================================================================

                    INFO     Logging to:                                        
                             runs/transient/1d_nongray_large_dt_1.0um_100K/20260
                             706_231831/training_20260706_231831.log            
                    INFO     Logging to:                                        
                             runs/transient/1d_nongray_large_dt_1.0um_100K/20260
                             706_231831/training_20260706_231831.log            
[07/06/26 23:18:37] INFO     Started W&B run: tr_1d_ng_L1.0um_dT100K ·          
                             20260706_231831 (rhjmozar)                         
[07/06/26 23:18:37] INFO     Started W&B run: tr_1d_ng_L1.0um_dT100K ·          
                             20260706_231831 (rhjmozar)                         

Phase 1: Pretraining β-network
  Temperature range: [250K, 350K]
  Epochs: 200
     0.1s | Epoch     0 | β Loss = 3.15e+00
  β pretraining complete! Final loss: 6.90e-01
╭───────────────────────────── Starting Training ──────────────────────────────╮
│   Mode      Transient_Nongray_LargeDT                                        │
│   Epochs    15000                                                            │
│   Device    cuda                                                             │
│   Run ID    20260706_231831                                                  │
╰──────────────────────────────────────────────────────────────────────────────╯

Phase 2: BTE Training
  L = 1.0 μm, ΔT = 100.0K
  T range: [250K, 350K]
  Kn_eff = 0.1015
  τ(T) model = holland (full branch-resolved Holland--Callaway)
  Waypoints: 5 (uniform), weight=50.0
  ALL 60 modes × ALL 16 angles (vectorized)
  Epochs: 15000
     0.5s | Epoch     0 | BTE=6.89e+00 | Energy=1.27e+00 | BC=2.99e-04 | 
IC_n=6.59e-04 | IC_T=0.00e+00 | dT=2.05e+01 | WP=1.10e+01 | GE=4.13e-04 | 
Amp=0.00e+00 | Total=3.97e+01
    65.6s | Epoch   200 | BTE=9.95e-01 | Energy=9.13e+00 | BC=1.41e-01 | 
IC_n=1.28e-01 | IC_T=0.00e+00 | dT=1.62e-01 | WP=7.31e-03 | GE=2.63e-05 | 
Amp=0.00e+00 | Total=1.06e+01
   127.9s | Epoch   400 | BTE=1.15e+00 | Energy=7.70e+00 | BC=1.26e-01 | 
IC_n=1.40e-01 | IC_T=0.00e+00 | dT=2.12e-01 | WP=7.44e-03 | GE=5.03e-06 | 
Amp=0.00e+00 | Total=9.33e+00
   191.4s | Epoch   600 | BTE=1.31e+00 | Energy=6.33e+00 | BC=1.45e-01 | 
IC_n=1.37e-01 | IC_T=0.00e+00 | dT=1.59e-01 | WP=6.81e-03 | GE=8.42e-06 | 
Amp=0.00e+00 | Total=8.09e+00
   255.0s | Epoch   800 | BTE=1.38e+00 | Energy=5.68e+00 | BC=9.94e-02 | 
IC_n=1.07e-01 | IC_T=0.00e+00 | dT=1.79e-01 | WP=6.86e-03 | GE=3.39e-06 | 
Amp=0.00e+00 | Total=7.45e+00
   318.5s | Epoch  1000 | BTE=1.66e+00 | Energy=6.09e+00 | BC=1.43e-01 | 
IC_n=8.53e-02 | IC_T=0.00e+00 | dT=1.61e-01 | WP=6.17e-03 | GE=1.26e-05 | 
Amp=0.00e+00 | Total=8.15e+00
   382.1s | Epoch  1200 | BTE=1.66e+00 | Energy=4.99e+00 | BC=1.20e-01 | 
IC_n=6.40e-02 | IC_T=0.00e+00 | dT=1.63e-01 | WP=5.62e-03 | GE=1.20e-06 | 
Amp=0.00e+00 | Total=7.00e+00
   445.8s | Epoch  1400 | BTE=1.86e+00 | Energy=5.08e+00 | BC=8.98e-02 | 
IC_n=8.39e-02 | IC_T=0.00e+00 | dT=1.59e-01 | WP=5.40e-03 | GE=3.22e-06 | 
Amp=0.00e+00 | Total=7.28e+00
   509.9s | Epoch  1600 | BTE=1.56e+00 | Energy=5.22e+00 | BC=1.37e-01 | 
IC_n=5.13e-02 | IC_T=0.00e+00 | dT=1.62e-01 | WP=5.17e-03 | GE=1.68e-06 | 
Amp=0.00e+00 | Total=7.13e+00
   574.2s | Epoch  1800 | BTE=1.82e+00 | Energy=4.59e+00 | BC=1.32e-01 | 
IC_n=7.68e-02 | IC_T=0.00e+00 | dT=1.70e-01 | WP=4.94e-03 | GE=3.76e-05 | 
Amp=0.00e+00 | Total=6.79e+00
   637.7s | Epoch  2000 | BTE=1.84e+00 | Energy=4.76e+00 | BC=1.23e-01 | 
IC_n=6.03e-02 | IC_T=0.00e+00 | dT=1.66e-01 | WP=5.25e-03 | GE=1.67e-07 | 
Amp=0.00e+00 | Total=6.95e+00
   700.5s | Epoch  2200 | BTE=1.80e+00 | Energy=4.97e+00 | BC=1.41e-01 | 
IC_n=4.82e-02 | IC_T=0.00e+00 | dT=1.61e-01 | WP=4.56e-03 | GE=1.89e-06 | 
Amp=0.00e+00 | Total=7.13e+00
   763.0s | Epoch  2400 | BTE=1.91e+00 | Energy=4.93e+00 | BC=1.30e-01 | 
IC_n=4.72e-02 | IC_T=0.00e+00 | dT=1.58e-01 | WP=5.00e-03 | GE=1.63e-05 | 
Amp=0.00e+00 | Total=7.17e+00
   828.3s | Epoch  2600 | BTE=2.06e+00 | Energy=4.38e+00 | BC=1.10e-01 | 
IC_n=6.73e-02 | IC_T=0.00e+00 | dT=1.76e-01 | WP=4.95e-03 | GE=1.68e-05 | 
Amp=0.00e+00 | Total=6.80e+00
   892.5s | Epoch  2800 | BTE=1.72e+00 | Energy=4.19e+00 | BC=1.45e-01 | 
IC_n=5.98e-02 | IC_T=0.00e+00 | dT=1.75e-01 | WP=4.56e-03 | GE=3.07e-06 | 
Amp=0.00e+00 | Total=6.30e+00
   955.0s | Epoch  3000 | BTE=1.92e+00 | Energy=4.79e+00 | BC=1.18e-01 | 
IC_n=7.36e-02 | IC_T=0.00e+00 | dT=1.57e-01 | WP=4.58e-03 | GE=3.75e-06 | 
Amp=0.00e+00 | Total=7.06e+00
  1018.3s | Epoch  3200 | BTE=2.10e+00 | Energy=4.19e+00 | BC=1.49e-01 | 
IC_n=8.76e-02 | IC_T=0.00e+00 | dT=1.58e-01 | WP=5.21e-03 | GE=1.74e-06 | 
Amp=0.00e+00 | Total=6.69e+00
  1081.6s | Epoch  3400 | BTE=2.05e+00 | Energy=4.91e+00 | BC=1.33e-01 | 
IC_n=4.00e-02 | IC_T=0.00e+00 | dT=1.74e-01 | WP=4.89e-03 | GE=3.01e-05 | 
Amp=0.00e+00 | Total=7.32e+00
  1145.2s | Epoch  3600 | BTE=1.97e+00 | Energy=4.53e+00 | BC=1.28e-01 | 
IC_n=5.36e-02 | IC_T=0.00e+00 | dT=1.73e-01 | WP=5.25e-03 | GE=5.45e-05 | 
Amp=0.00e+00 | Total=6.86e+00
  1208.7s | Epoch  3800 | BTE=1.79e+00 | Energy=4.63e+00 | BC=1.35e-01 | 
IC_n=3.67e-02 | IC_T=0.00e+00 | dT=1.57e-01 | WP=5.64e-03 | GE=7.64e-07 | 
Amp=0.00e+00 | Total=6.76e+00
  1273.0s | Epoch  4000 | BTE=1.97e+00 | Energy=4.59e+00 | BC=1.42e-01 | 
IC_n=5.04e-02 | IC_T=0.00e+00 | dT=1.82e-01 | WP=5.62e-03 | GE=3.10e-05 | 
Amp=0.00e+00 | Total=6.95e+00
  1335.3s | Epoch  4200 | BTE=1.86e+00 | Energy=4.00e+00 | BC=1.41e-01 | 
IC_n=5.82e-02 | IC_T=0.00e+00 | dT=1.58e-01 | WP=5.20e-03 | GE=4.65e-06 | 
Amp=0.00e+00 | Total=6.23e+00
  1398.5s | Epoch  4400 | BTE=1.88e+00 | Energy=4.09e+00 | BC=1.16e-01 | 
IC_n=6.61e-02 | IC_T=0.00e+00 | dT=1.59e-01 | WP=5.86e-03 | GE=1.81e-06 | 
Amp=0.00e+00 | Total=6.31e+00
  1462.6s | Epoch  4600 | BTE=2.13e+00 | Energy=4.23e+00 | BC=1.25e-01 | 
IC_n=4.13e-02 | IC_T=0.00e+00 | dT=1.71e-01 | WP=5.68e-03 | GE=3.80e-06 | 
Amp=0.00e+00 | Total=6.70e+00
  1525.7s | Epoch  4800 | BTE=1.92e+00 | Energy=3.66e+00 | BC=1.23e-01 | 
IC_n=5.00e-02 | IC_T=0.00e+00 | dT=1.60e-01 | WP=4.97e-03 | GE=3.25e-05 | 
Amp=0.00e+00 | Total=5.92e+00
  1590.2s | Epoch  5000 | BTE=1.97e+00 | Energy=3.89e+00 | BC=1.63e-01 | 
IC_n=8.54e-02 | IC_T=0.00e+00 | dT=1.61e-01 | WP=4.88e-03 | GE=2.98e-06 | 
Amp=0.00e+00 | Total=6.27e+00
  1653.3s | Epoch  5200 | BTE=1.97e+00 | Energy=4.09e+00 | BC=1.32e-01 | 
IC_n=9.46e-02 | IC_T=0.00e+00 | dT=1.65e-01 | WP=5.44e-03 | GE=7.26e-11 | 
Amp=0.00e+00 | Total=6.46e+00
  1716.8s | Epoch  5400 | BTE=2.05e+00 | Energy=4.38e+00 | BC=1.37e-01 | 
IC_n=6.33e-02 | IC_T=0.00e+00 | dT=1.64e-01 | WP=5.11e-03 | GE=1.18e-05 | 
Amp=0.00e+00 | Total=6.80e+00
  1780.1s | Epoch  5600 | BTE=1.85e+00 | Energy=3.97e+00 | BC=1.30e-01 | 
IC_n=5.79e-02 | IC_T=0.00e+00 | dT=1.59e-01 | WP=5.06e-03 | GE=2.22e-05 | 
Amp=0.00e+00 | Total=6.17e+00
  1843.2s | Epoch  5800 | BTE=1.85e+00 | Energy=4.25e+00 | BC=1.30e-01 | 
IC_n=3.95e-02 | IC_T=0.00e+00 | dT=1.54e-01 | WP=4.99e-03 | GE=2.71e-07 | 
Amp=0.00e+00 | Total=6.42e+00
  1908.1s | Epoch  6000 | BTE=2.10e+00 | Energy=4.54e+00 | BC=1.43e-01 | 
IC_n=3.84e-02 | IC_T=0.00e+00 | dT=1.57e-01 | WP=5.26e-03 | GE=1.32e-05 | 
Amp=0.00e+00 | Total=6.98e+00
  1970.4s | Epoch  6200 | BTE=1.94e+00 | Energy=3.39e+00 | BC=1.22e-01 | 
IC_n=8.94e-02 | IC_T=0.00e+00 | dT=1.60e-01 | WP=4.59e-03 | GE=7.76e-06 | 
Amp=0.00e+00 | Total=5.71e+00
  2034.6s | Epoch  6400 | BTE=2.16e+00 | Energy=4.41e+00 | BC=1.36e-01 | 
IC_n=5.39e-02 | IC_T=0.00e+00 | dT=1.58e-01 | WP=4.80e-03 | GE=2.53e-09 | 
Amp=0.00e+00 | Total=6.92e+00
  2098.4s | Epoch  6600 | BTE=2.08e+00 | Energy=4.26e+00 | BC=1.27e-01 | 
IC_n=5.16e-02 | IC_T=0.00e+00 | dT=1.56e-01 | WP=4.21e-03 | GE=2.79e-06 | 
Amp=0.00e+00 | Total=6.68e+00
  2162.6s | Epoch  6800 | BTE=1.90e+00 | Energy=4.44e+00 | BC=1.40e-01 | 
IC_n=6.46e-02 | IC_T=0.00e+00 | dT=1.56e-01 | WP=5.19e-03 | GE=9.25e-06 | 
Amp=0.00e+00 | Total=6.71e+00
  2225.4s | Epoch  7000 | BTE=1.71e+00 | Energy=4.22e+00 | BC=1.51e-01 | 
IC_n=5.61e-02 | IC_T=0.00e+00 | dT=1.54e-01 | WP=4.59e-03 | GE=6.01e-06 | 
Amp=0.00e+00 | Total=6.30e+00
  2288.9s | Epoch  7200 | BTE=1.84e+00 | Energy=4.18e+00 | BC=1.20e-01 | 
IC_n=6.79e-02 | IC_T=0.00e+00 | dT=1.55e-01 | WP=4.38e-03 | GE=2.62e-05 | 
Amp=0.00e+00 | Total=6.37e+00
  2353.4s | Epoch  7400 | BTE=1.89e+00 | Energy=3.13e+00 | BC=1.26e-01 | 
IC_n=4.22e-02 | IC_T=0.00e+00 | dT=1.59e-01 | WP=4.93e-03 | GE=1.13e-05 | 
Amp=0.00e+00 | Total=5.35e+00
  2417.7s | Epoch  7600 | BTE=2.11e+00 | Energy=3.80e+00 | BC=1.43e-01 | 
IC_n=7.06e-02 | IC_T=0.00e+00 | dT=1.60e-01 | WP=4.55e-03 | GE=8.72e-05 | 
Amp=0.00e+00 | Total=6.29e+00
  2482.0s | Epoch  7800 | BTE=1.83e+00 | Energy=3.40e+00 | BC=1.40e-01 | 
IC_n=5.03e-02 | IC_T=0.00e+00 | dT=1.57e-01 | WP=4.43e-03 | GE=9.25e-05 | 
Amp=0.00e+00 | Total=5.57e+00
  2547.4s | Epoch  8000 | BTE=2.07e+00 | Energy=4.18e+00 | BC=1.22e-01 | 
IC_n=4.48e-02 | IC_T=0.00e+00 | dT=1.53e-01 | WP=4.10e-03 | GE=3.51e-07 | 
Amp=0.00e+00 | Total=6.57e+00
  2612.0s | Epoch  8200 | BTE=2.08e+00 | Energy=3.94e+00 | BC=1.35e-01 | 
IC_n=5.33e-02 | IC_T=0.00e+00 | dT=1.57e-01 | WP=4.60e-03 | GE=3.54e-05 | 
Amp=0.00e+00 | Total=6.37e+00
  2677.0s | Epoch  8400 | BTE=2.08e+00 | Energy=4.17e+00 | BC=1.23e-01 | 
IC_n=3.78e-02 | IC_T=0.00e+00 | dT=1.58e-01 | WP=3.98e-03 | GE=3.88e-05 | 
Amp=0.00e+00 | Total=6.57e+00
  2740.4s | Epoch  8600 | BTE=1.94e+00 | Energy=4.79e+00 | BC=1.27e-01 | 
IC_n=6.79e-02 | IC_T=0.00e+00 | dT=1.58e-01 | WP=4.85e-03 | GE=3.59e-06 | 
Amp=0.00e+00 | Total=7.09e+00
  2804.1s | Epoch  8800 | BTE=1.86e+00 | Energy=4.06e+00 | BC=1.20e-01 | 
IC_n=1.01e-01 | IC_T=0.00e+00 | dT=1.58e-01 | WP=4.77e-03 | GE=1.63e-06 | 
Amp=0.00e+00 | Total=6.30e+00
  2868.6s | Epoch  9000 | BTE=1.90e+00 | Energy=3.62e+00 | BC=1.20e-01 | 
IC_n=6.00e-02 | IC_T=0.00e+00 | dT=1.63e-01 | WP=4.52e-03 | GE=2.29e-05 | 
Amp=0.00e+00 | Total=5.87e+00
  2932.4s | Epoch  9200 | BTE=1.92e+00 | Energy=3.93e+00 | BC=1.35e-01 | 
IC_n=7.29e-02 | IC_T=0.00e+00 | dT=1.56e-01 | WP=5.06e-03 | GE=3.73e-05 | 
Amp=0.00e+00 | Total=6.21e+00
  2996.0s | Epoch  9400 | BTE=1.80e+00 | Energy=3.45e+00 | BC=1.49e-01 | 
IC_n=7.92e-02 | IC_T=0.00e+00 | dT=1.61e-01 | WP=4.89e-03 | GE=3.76e-07 | 
Amp=0.00e+00 | Total=5.64e+00
  3059.8s | Epoch  9600 | BTE=1.75e+00 | Energy=3.85e+00 | BC=1.39e-01 | 
IC_n=3.95e-02 | IC_T=0.00e+00 | dT=1.53e-01 | WP=5.28e-03 | GE=2.64e-05 | 
Amp=0.00e+00 | Total=5.93e+00
  3122.7s | Epoch  9800 | BTE=1.69e+00 | Energy=3.69e+00 | BC=1.38e-01 | 
IC_n=6.87e-02 | IC_T=0.00e+00 | dT=1.60e-01 | WP=5.56e-03 | GE=2.05e-08 | 
Amp=0.00e+00 | Total=5.75e+00
  3187.0s | Epoch 10000 | BTE=2.03e+00 | Energy=4.08e+00 | BC=1.35e-01 | 
IC_n=4.33e-02 | IC_T=0.00e+00 | dT=1.56e-01 | WP=5.87e-03 | GE=1.13e-06 | 
Amp=0.00e+00 | Total=6.45e+00
  3250.4s | Epoch 10200 | BTE=1.90e+00 | Energy=4.39e+00 | BC=1.32e-01 | 
IC_n=4.15e-02 | IC_T=0.00e+00 | dT=1.56e-01 | WP=5.97e-03 | GE=9.61e-06 | 
Amp=0.00e+00 | Total=6.62e+00
  3314.5s | Epoch 10400 | BTE=1.99e+00 | Energy=4.26e+00 | BC=1.44e-01 | 
IC_n=4.79e-02 | IC_T=0.00e+00 | dT=1.56e-01 | WP=6.67e-03 | GE=2.38e-05 | 
Amp=0.00e+00 | Total=6.60e+00
  3377.4s | Epoch 10600 | BTE=1.88e+00 | Energy=3.49e+00 | BC=1.27e-01 | 
IC_n=5.86e-02 | IC_T=0.00e+00 | dT=1.57e-01 | WP=7.17e-03 | GE=3.77e-05 | 
Amp=0.00e+00 | Total=5.72e+00
  3440.0s | Epoch 10800 | BTE=1.83e+00 | Energy=3.08e+00 | BC=1.29e-01 | 
IC_n=4.85e-02 | IC_T=0.00e+00 | dT=1.56e-01 | WP=8.01e-03 | GE=7.47e-07 | 
Amp=0.00e+00 | Total=5.25e+00
  3503.7s | Epoch 11000 | BTE=1.79e+00 | Energy=3.55e+00 | BC=1.34e-01 | 
IC_n=5.92e-02 | IC_T=0.00e+00 | dT=1.59e-01 | WP=8.01e-03 | GE=6.90e-05 | 
Amp=0.00e+00 | Total=5.70e+00
  3566.0s | Epoch 11200 | BTE=1.83e+00 | Energy=4.25e+00 | BC=1.37e-01 | 
IC_n=4.15e-02 | IC_T=0.00e+00 | dT=1.56e-01 | WP=8.92e-03 | GE=1.44e-05 | 
Amp=0.00e+00 | Total=6.42e+00
  3631.0s | Epoch 11400 | BTE=1.78e+00 | Energy=3.47e+00 | BC=1.41e-01 | 
IC_n=5.42e-02 | IC_T=0.00e+00 | dT=1.54e-01 | WP=8.94e-03 | GE=7.43e-07 | 
Amp=0.00e+00 | Total=5.61e+00
  3696.4s | Epoch 11600 | BTE=1.92e+00 | Energy=3.79e+00 | BC=1.30e-01 | 
IC_n=6.60e-02 | IC_T=0.00e+00 | dT=1.54e-01 | WP=1.16e-02 | GE=1.86e-06 | 
Amp=0.00e+00 | Total=6.08e+00
  3759.6s | Epoch 11800 | BTE=1.92e+00 | Energy=3.78e+00 | BC=1.19e-01 | 
IC_n=5.08e-02 | IC_T=0.00e+00 | dT=1.64e-01 | WP=1.34e-02 | GE=1.75e-05 | 
Amp=0.00e+00 | Total=6.05e+00
  3823.6s | Epoch 12000 | BTE=1.85e+00 | Energy=3.74e+00 | BC=1.31e-01 | 
IC_n=6.17e-02 | IC_T=0.00e+00 | dT=1.66e-01 | WP=1.58e-02 | GE=2.70e-06 | 
Amp=0.00e+00 | Total=5.97e+00
  3887.6s | Epoch 12200 | BTE=1.88e+00 | Energy=3.94e+00 | BC=1.30e-01 | 
IC_n=6.50e-02 | IC_T=0.00e+00 | dT=1.57e-01 | WP=1.89e-02 | GE=3.93e-05 | 
Amp=0.00e+00 | Total=6.19e+00
  3950.4s | Epoch 12400 | BTE=1.83e+00 | Energy=3.64e+00 | BC=1.29e-01 | 
IC_n=4.93e-02 | IC_T=0.00e+00 | dT=1.60e-01 | WP=2.36e-02 | GE=1.07e-05 | 
Amp=0.00e+00 | Total=5.83e+00
  4013.6s | Epoch 12600 | BTE=1.64e+00 | Energy=3.37e+00 | BC=1.18e-01 | 
IC_n=5.83e-02 | IC_T=0.00e+00 | dT=1.56e-01 | WP=3.01e-02 | GE=3.31e-05 | 
Amp=0.00e+00 | Total=5.37e+00
  4077.2s | Epoch 12800 | BTE=1.78e+00 | Energy=3.13e+00 | BC=1.15e-01 | 
IC_n=6.71e-02 | IC_T=0.00e+00 | dT=1.60e-01 | WP=3.58e-02 | GE=1.39e-05 | 
Amp=0.00e+00 | Total=5.28e+00
  4141.5s | Epoch 13000 | BTE=1.67e+00 | Energy=3.75e+00 | BC=1.09e-01 | 
IC_n=6.06e-02 | IC_T=0.00e+00 | dT=1.60e-01 | WP=4.81e-02 | GE=5.68e-07 | 
Amp=0.00e+00 | Total=5.80e+00
  4205.7s | Epoch 13200 | BTE=1.61e+00 | Energy=3.02e+00 | BC=1.15e-01 | 
IC_n=5.46e-02 | IC_T=0.00e+00 | dT=1.64e-01 | WP=6.72e-02 | GE=2.57e-05 | 
Amp=0.00e+00 | Total=5.03e+00
  4270.1s | Epoch 13400 | BTE=1.56e+00 | Energy=3.47e+00 | BC=1.09e-01 | 
IC_n=4.57e-02 | IC_T=0.00e+00 | dT=1.68e-01 | WP=8.59e-02 | GE=8.66e-05 | 
Amp=0.00e+00 | Total=5.44e+00
  4335.3s | Epoch 13600 | BTE=1.71e+00 | Energy=3.38e+00 | BC=1.07e-01 | 
IC_n=4.99e-02 | IC_T=0.00e+00 | dT=1.75e-01 | WP=1.22e-01 | GE=9.43e-06 | 
Amp=0.00e+00 | Total=5.54e+00
  4399.1s | Epoch 13800 | BTE=1.59e+00 | Energy=3.71e+00 | BC=1.02e-01 | 
IC_n=4.88e-02 | IC_T=0.00e+00 | dT=1.82e-01 | WP=1.57e-01 | GE=5.49e-06 | 
Amp=0.00e+00 | Total=5.79e+00
  4461.1s | Epoch 14000 | BTE=1.60e+00 | Energy=3.30e+00 | BC=9.96e-02 | 
IC_n=5.20e-02 | IC_T=0.00e+00 | dT=2.10e-01 | WP=2.09e-01 | GE=1.26e-07 | 
Amp=0.00e+00 | Total=5.47e+00
  4525.0s | Epoch 14200 | BTE=1.52e+00 | Energy=2.49e+00 | BC=9.63e-02 | 
IC_n=5.06e-02 | IC_T=0.00e+00 | dT=2.60e-01 | WP=2.78e-01 | GE=6.55e-05 | 
Amp=0.00e+00 | Total=4.69e+00
  4585.7s | Epoch 14400 | BTE=1.53e+00 | Energy=2.84e+00 | BC=9.43e-02 | 
IC_n=4.46e-02 | IC_T=0.00e+00 | dT=3.27e-01 | WP=3.30e-01 | GE=4.30e-05 | 
Amp=0.00e+00 | Total=5.16e+00
  4650.0s | Epoch 14600 | BTE=1.57e+00 | Energy=3.03e+00 | BC=9.01e-02 | 
IC_n=4.44e-02 | IC_T=0.00e+00 | dT=4.18e-01 | WP=3.55e-01 | GE=1.04e-04 | 
Amp=0.00e+00 | Total=5.50e+00
  4714.1s | Epoch 14800 | BTE=1.60e+00 | Energy=3.14e+00 | BC=8.98e-02 | 
IC_n=4.16e-02 | IC_T=0.00e+00 | dT=4.70e-01 | WP=3.85e-01 | GE=1.32e-04 | 
Amp=0.00e+00 | Total=5.73e+00
╭───────────────────────────── Training Complete ──────────────────────────────╮
│   Time      4776.94s                                                         │
│   Output    runs/transient/1d_nongray_large_dt_1.0um_100K/20260706_231831    │
│   Saved     net_T_20260706_231831.pt                                         │
│   Saved     net_n_20260706_231831.pt                                         │
│   Saved     net_beta_20260706_231831.pt                                      │
╰──────────────────────────────────────────────────────────────────────────────╯
Results saved to: 
runs/transient/1d_nongray_large_dt_1.0um_100K/20260706_231831/20260706_231831_re
sults.npz
  Generating visualizations...
  Amplitude: A(0)=50.0000, A(end)=0.1198 (99.8% decay)
  Energy drift: 0.0015
  Saved: 
runs/transient/1d_nongray_large_dt_1.0um_100K/20260706_231831/amplitude_decay_20
260706_231831.png

Done!
