[spectral-pn] case: L=0.5 um, Nk=20, L_max=8, run=20260814_122850
[spectral-pn] window t_end=1.903e-09 s (284.5 tau_ref), gamma_dom=3.6789e+09 Hz
[spectral-pn] window mode=n_decay rule=n_decay (t_1% at 0.01*A0: nan s; n_dec=7/gamma_dom: 1.9028e-09 s)
  epoch      0  residual 2.044e-02
  epoch    250  residual 2.803e-04
  epoch    500  residual 1.388e-04
  epoch    750  residual 7.465e-05
  epoch   1000  residual 9.135e-05
  epoch   1250  residual 3.443e-05
  epoch   1500  residual 2.868e-05
  epoch   1750  residual 2.171e-05
  epoch   2000  residual 1.721e-05
  epoch   2250  residual 1.505e-05
  epoch   2500  residual 1.291e-05
  epoch   2750  residual 1.098e-05
  epoch   3000  residual 9.721e-06
  epoch   3250  residual 4.308e-05
  epoch   3500  residual 8.279e-06
  epoch   3750  residual 5.952e-06
  epoch   4000  residual 5.427e-06
  epoch   4250  residual 4.957e-06
  epoch   4500  residual 2.232e-05
  epoch   4750  residual 1.256e-05
  epoch   5000  residual 9.031e-06
  epoch   5250  residual 3.645e-06
  epoch   5500  residual 3.406e-06
  epoch   5750  residual 3.278e-06
  epoch   6000  residual 3.705e-06
  epoch   6250  residual 2.949e-06
  epoch   6500  residual 3.484e-06
  epoch   6750  residual 3.078e-06
  epoch   7000  residual 2.453e-06
  epoch   7250  residual 3.427e-06
  epoch   7500  residual 2.276e-06
  epoch   7750  residual 2.198e-06
  epoch   8000  residual 2.809e-06
  epoch   8250  residual 3.596e-06
  epoch   8500  residual 1.367e-05
  epoch   8750  residual 2.920e-05
  epoch   9000  residual 1.811e-06
  epoch   9250  residual 3.427e-06
  epoch   9500  residual 1.578e-06
  epoch   9750  residual 4.052e-06
  epoch  10000  residual 1.588e-06
  epoch  10250  residual 1.356e-06
  epoch  10500  residual 2.365e-06
  epoch  10750  residual 1.246e-06
  epoch  11000  residual 1.201e-06
  epoch  11250  residual 1.296e-06
  epoch  11500  residual 1.214e-06
  epoch  11750  residual 2.351e-06
  epoch  12000  residual 5.166e-06
  epoch  12250  residual 1.007e-06
  epoch  12500  residual 1.007e-06
  epoch  12750  residual 1.903e-06
  epoch  13000  residual 8.927e-07
  epoch  13250  residual 8.401e-07
  epoch  13500  residual 8.130e-07
  epoch  13750  residual 7.947e-07
  epoch  14000  residual 1.624e-06
  epoch  14250  residual 4.970e-06
  epoch  14500  residual 1.404e-06
  epoch  14750  residual 7.071e-07
  epoch  15000  residual 1.394e-06
  epoch  15250  residual 6.694e-07
  epoch  15500  residual 9.095e-07
  epoch  15750  residual 9.794e-07
  epoch  16000  residual 9.033e-07
  epoch  16250  residual 1.341e-06
  epoch  16500  residual 5.595e-07
  epoch  16750  residual 5.414e-07
  epoch  17000  residual 5.608e-07
  epoch  17250  residual 6.289e-07
  epoch  17500  residual 5.134e-07
  epoch  17750  residual 6.224e-07
  epoch  18000  residual 7.002e-07
  epoch  18250  residual 2.410e-06
  epoch  18500  residual 8.402e-07
  epoch  18750  residual 4.649e-07
  epoch  19000  residual 4.891e-07
  epoch  19250  residual 4.532e-07
  epoch  19500  residual 5.016e-07
  epoch  19750  residual 5.886e-06
  epoch  20000  residual 5.674e-07
  epoch  20250  residual 8.249e-07
  epoch  20500  residual 5.314e-07
  epoch  20750  residual 3.817e-07
  epoch  21000  residual 3.417e-06
  epoch  21250  residual 3.672e-07
  epoch  21500  residual 5.427e-07
  epoch  21750  residual 3.785e-07
  epoch  22000  residual 3.374e-07
  epoch  22250  residual 3.538e-07
  epoch  22500  residual 4.618e-07
  epoch  22750  residual 3.403e-07
  epoch  23000  residual 1.485e-06
  epoch  23250  residual 6.951e-07
  epoch  23500  residual 3.262e-07
  epoch  23750  residual 3.704e-07
  epoch  24000  residual 3.141e-07
  epoch  24250  residual 2.956e-07
  epoch  24500  residual 2.914e-07
  epoch  24750  residual 2.756e-07
  epoch  25000  residual 5.411e-07
  epoch  25250  residual 4.900e-07
  epoch  25500  residual 4.194e-07
  epoch  25750  residual 2.601e-07
  epoch  26000  residual 1.089e-06
  epoch  26250  residual 2.271e-06
  epoch  26500  residual 3.459e-07
  epoch  26750  residual 2.538e-07
  epoch  27000  residual 2.361e-07
  epoch  27250  residual 2.328e-07
  epoch  27500  residual 5.060e-07
  epoch  27750  residual 4.553e-07
  epoch  28000  residual 4.217e-07
  epoch  28250  residual 4.454e-07
  epoch  28500  residual 3.773e-07
  epoch  28750  residual 2.886e-07
  epoch  29000  residual 5.937e-07
  epoch  29250  residual 1.429e-06
  epoch  29500  residual 2.032e-07
  epoch  29750  residual 2.364e-07
  epoch  30000  residual 1.987e-07
  epoch  30250  residual 1.976e-07
  epoch  30500  residual 2.085e-07
  epoch  30750  residual 2.445e-07
  epoch  31000  residual 2.516e-07
  epoch  31250  residual 2.380e-07
  epoch  31500  residual 8.799e-07
  epoch  31750  residual 1.918e-07
  epoch  32000  residual 3.497e-07
  epoch  32250  residual 3.062e-07
  epoch  32500  residual 1.939e-07
  epoch  32750  residual 1.715e-07
  epoch  33000  residual 1.598e-06
  epoch  33250  residual 1.933e-07
  epoch  33500  residual 1.926e-07
  epoch  33750  residual 2.137e-07
  epoch  34000  residual 5.123e-07
  epoch  34250  residual 2.480e-07
  epoch  34500  residual 1.690e-07
  epoch  34750  residual 1.560e-07
  epoch  35000  residual 2.766e-07
  epoch  35250  residual 1.716e-07
  epoch  35500  residual 2.371e-07
  epoch  35750  residual 3.927e-07
  epoch  36000  residual 1.500e-07
  epoch  36250  residual 3.277e-07
  epoch  36500  residual 1.595e-07
  epoch  36750  residual 1.534e-07
  epoch  37000  residual 6.084e-07
  epoch  37250  residual 1.412e-07
  epoch  37500  residual 4.490e-07
  epoch  37750  residual 1.419e-07
  epoch  38000  residual 2.059e-07
  epoch  38250  residual 1.667e-07
  epoch  38500  residual 1.389e-07
  epoch  38750  residual 1.500e-07
  epoch  39000  residual 2.061e-07
  epoch  39250  residual 1.311e-07
  epoch  39500  residual 1.435e-07
  epoch  39750  residual 1.377e-07
  epoch  40000  residual 1.387e-07
  epoch  40250  residual 1.310e-07
  epoch  40500  residual 1.263e-07
  epoch  40750  residual 1.270e-07
  epoch  41000  residual 3.004e-07
  epoch  41250  residual 1.225e-07
  epoch  41500  residual 1.773e-07
  epoch  41750  residual 1.454e-07
  epoch  42000  residual 1.603e-07
  epoch  42250  residual 1.615e-07
  epoch  42500  residual 1.190e-07
  epoch  42750  residual 1.207e-07
  epoch  43000  residual 1.444e-07
  epoch  43250  residual 1.172e-07
  epoch  43500  residual 1.198e-07
  epoch  43750  residual 5.119e-07
  epoch  44000  residual 5.189e-07
  epoch  44250  residual 1.169e-07
  epoch  44500  residual 1.444e-07
  epoch  44750  residual 1.506e-07
  epoch  45000  residual 1.127e-07
  epoch  45250  residual 1.087e-07
  epoch  45500  residual 1.086e-07
  epoch  45750  residual 1.699e-07
  epoch  46000  residual 1.082e-07
  epoch  46250  residual 1.122e-07
  epoch  46500  residual 1.309e-07
  epoch  46750  residual 1.107e-07
  epoch  47000  residual 1.077e-07
  epoch  47250  residual 1.031e-07
  epoch  47500  residual 1.024e-07
  epoch  47750  residual 1.017e-07
  epoch  48000  residual 1.014e-07
  epoch  48250  residual 1.092e-07
  epoch  48500  residual 1.025e-07
  epoch  48750  residual 1.120e-07
  epoch  49000  residual 1.050e-07
  epoch  49250  residual 9.961e-08
  epoch  49500  residual 9.827e-08
  epoch  49750  residual 9.736e-08
  epoch  50000  residual 1.718e-07
  epoch  50250  residual 1.176e-07
  epoch  50500  residual 9.751e-08
  epoch  50750  residual 9.502e-08
  epoch  51000  residual 9.598e-08
  epoch  51250  residual 1.322e-07
  epoch  51500  residual 9.400e-08
  epoch  51750  residual 9.372e-08
  epoch  52000  residual 9.238e-08
  epoch  52250  residual 9.714e-08
  epoch  52500  residual 9.227e-08
  epoch  52750  residual 9.216e-08
  epoch  53000  residual 9.064e-08
  epoch  53250  residual 1.305e-07
  epoch  53500  residual 1.007e-07
  epoch  53750  residual 8.930e-08
  epoch  54000  residual 8.883e-08
  epoch  54250  residual 9.637e-08
  epoch  54500  residual 8.983e-08
  epoch  54750  residual 8.897e-08
  epoch  55000  residual 8.732e-08
  epoch  55250  residual 8.789e-08
  epoch  55500  residual 8.654e-08
  epoch  55750  residual 8.607e-08
  epoch  56000  residual 8.571e-08
  epoch  56250  residual 8.755e-08
  epoch  56500  residual 8.482e-08
  epoch  56750  residual 3.486e-07
  epoch  57000  residual 8.441e-08
  epoch  57250  residual 8.403e-08
  epoch  57500  residual 8.383e-08
  epoch  57750  residual 8.805e-08
  epoch  58000  residual 8.307e-08
  epoch  58250  residual 8.257e-08
  epoch  58500  residual 8.207e-08
  epoch  58750  residual 8.182e-08
  epoch  59000  residual 8.141e-08
  epoch  59250  residual 8.165e-08
  epoch  59500  residual 8.075e-08
  epoch  59750  residual 8.171e-08
  epoch  59999  residual 8.066e-08
  [gamma] epoch      0  gamma_ratio 2.0528  residual 2.044e-02
  [gamma] epoch    250  gamma_ratio 0.9071  residual 2.803e-04
  [gamma] epoch    500  gamma_ratio 0.9409  residual 1.388e-04
  [gamma] epoch    750  gamma_ratio 0.9410  residual 7.465e-05
  [gamma] epoch   1000  gamma_ratio 0.9705  residual 9.135e-05
  [gamma] epoch   1250  gamma_ratio 0.9534  residual 3.443e-05
  [gamma] epoch   1500  gamma_ratio 0.9468  residual 2.868e-05
  [gamma] epoch   1750  gamma_ratio 0.9528  residual 2.171e-05
  [gamma] epoch   2000  gamma_ratio 0.9647  residual 1.721e-05
  [gamma] epoch   2250  gamma_ratio 0.9521  residual 1.505e-05
  [gamma] epoch   2500  gamma_ratio 0.9616  residual 1.291e-05
  [gamma] epoch   2750  gamma_ratio 0.9593  residual 1.098e-05
  [gamma] epoch   3000  gamma_ratio 0.9651  residual 9.721e-06
  [gamma] epoch   3250  gamma_ratio 0.9604  residual 4.308e-05
  [gamma] epoch   3500  gamma_ratio 0.9649  residual 8.279e-06
  [gamma] epoch   3750  gamma_ratio 0.9594  residual 5.952e-06
  [gamma] epoch   4000  gamma_ratio 0.9611  residual 5.427e-06
  [gamma] epoch   4250  gamma_ratio 0.9640  residual 4.957e-06
  [gamma] epoch   4500  gamma_ratio 0.9854  residual 2.232e-05
  [gamma] epoch   4750  gamma_ratio 0.9745  residual 1.256e-05
  [gamma] epoch   5000  gamma_ratio 0.9801  residual 9.031e-06
  [gamma] epoch   5250  gamma_ratio 0.9706  residual 3.645e-06
  [gamma] epoch   5500  gamma_ratio 0.9723  residual 3.406e-06
  [gamma] epoch   5750  gamma_ratio 0.9736  residual 3.278e-06
  [gamma] epoch   6000  gamma_ratio 0.9748  residual 3.705e-06
  [gamma] epoch   6250  gamma_ratio 0.9750  residual 2.949e-06
  [gamma] epoch   6500  gamma_ratio 0.9767  residual 3.484e-06
  [gamma] epoch   6750  gamma_ratio 0.9734  residual 3.078e-06
  [gamma] epoch   7000  gamma_ratio 0.9788  residual 2.453e-06
  [gamma] epoch   7250  gamma_ratio 0.9778  residual 3.427e-06
  [gamma] epoch   7500  gamma_ratio 0.9795  residual 2.276e-06
  [gamma] epoch   7750  gamma_ratio 0.9822  residual 2.198e-06
  [gamma] epoch   8000  gamma_ratio 0.9815  residual 2.809e-06
  [gamma] epoch   8250  gamma_ratio 0.9720  residual 3.596e-06
  [gamma] epoch   8500  gamma_ratio 1.0052  residual 1.367e-05
  [gamma] epoch   8750  gamma_ratio 1.0184  residual 2.920e-05
  [gamma] epoch   9000  gamma_ratio 0.9848  residual 1.811e-06
  [gamma] epoch   9250  gamma_ratio 0.9832  residual 3.427e-06
  [gamma] epoch   9500  gamma_ratio 0.9854  residual 1.578e-06
  [gamma] epoch   9750  gamma_ratio 0.9896  residual 4.052e-06
  [gamma] epoch  10000  gamma_ratio 0.9880  residual 1.588e-06
  [gamma] epoch  10250  gamma_ratio 0.9873  residual 1.356e-06
  [gamma] epoch  10500  gamma_ratio 0.9822  residual 2.365e-06
  [gamma] epoch  10750  gamma_ratio 0.9877  residual 1.246e-06
  [gamma] epoch  11000  gamma_ratio 0.9894  residual 1.201e-06
  [gamma] epoch  11250  gamma_ratio 0.9856  residual 1.296e-06
  [gamma] epoch  11500  gamma_ratio 0.9885  residual 1.214e-06
  [gamma] epoch  11750  gamma_ratio 0.9888  residual 2.351e-06
  [gamma] epoch  12000  gamma_ratio 0.9801  residual 5.166e-06
  [gamma] epoch  12250  gamma_ratio 0.9893  residual 1.007e-06
  [gamma] epoch  12500  gamma_ratio 0.9903  residual 1.007e-06
  [gamma] epoch  12750  gamma_ratio 0.9874  residual 1.903e-06
  [gamma] epoch  13000  gamma_ratio 0.9888  residual 8.927e-07
  [gamma] epoch  13250  gamma_ratio 0.9905  residual 8.401e-07
  [gamma] epoch  13500  gamma_ratio 0.9903  residual 8.130e-07
  [gamma] epoch  13750  gamma_ratio 0.9898  residual 7.947e-07
  [gamma] epoch  14000  gamma_ratio 0.9867  residual 1.624e-06
  [gamma] epoch  14250  gamma_ratio 0.9882  residual 4.970e-06
  [gamma] epoch  14500  gamma_ratio 0.9924  residual 1.404e-06
  [gamma] epoch  14750  gamma_ratio 0.9893  residual 7.071e-07
  [gamma] epoch  15000  gamma_ratio 0.9876  residual 1.394e-06
  [gamma] epoch  15250  gamma_ratio 0.9902  residual 6.694e-07
  [gamma] epoch  15500  gamma_ratio 0.9913  residual 9.095e-07
  [gamma] epoch  15750  gamma_ratio 0.9922  residual 9.794e-07
  [gamma] epoch  16000  gamma_ratio 0.9903  residual 9.033e-07
  [gamma] epoch  16250  gamma_ratio 0.9898  residual 1.341e-06
  [gamma] epoch  16500  gamma_ratio 0.9911  residual 5.595e-07
  [gamma] epoch  16750  gamma_ratio 0.9909  residual 5.414e-07
  [gamma] epoch  17000  gamma_ratio 0.9916  residual 5.608e-07
  [gamma] epoch  17250  gamma_ratio 0.9908  residual 6.289e-07
  [gamma] epoch  17500  gamma_ratio 0.9903  residual 5.134e-07
  [gamma] epoch  17750  gamma_ratio 0.9903  residual 6.224e-07
  [gamma] epoch  18000  gamma_ratio 0.9899  residual 7.002e-07
  [gamma] epoch  18250  gamma_ratio 0.9820  residual 2.410e-06
  [gamma] epoch  18500  gamma_ratio 0.9918  residual 8.402e-07
  [gamma] epoch  18750  gamma_ratio 0.9919  residual 4.649e-07
  [gamma] epoch  19000  gamma_ratio 0.9921  residual 4.891e-07
  [gamma] epoch  19250  gamma_ratio 0.9923  residual 4.532e-07
  [gamma] epoch  19500  gamma_ratio 0.9919  residual 5.016e-07
  [gamma] epoch  19750  gamma_ratio 0.9896  residual 5.886e-06
  [gamma] epoch  20000  gamma_ratio 0.9906  residual 5.674e-07
  [gamma] epoch  20250  gamma_ratio 0.9913  residual 8.249e-07
  [gamma] epoch  20500  gamma_ratio 0.9920  residual 5.314e-07
  [gamma] epoch  20750  gamma_ratio 0.9910  residual 3.817e-07
  [gamma] epoch  21000  gamma_ratio 0.9930  residual 3.417e-06
  [gamma] epoch  21250  gamma_ratio 0.9928  residual 3.672e-07
  [gamma] epoch  21500  gamma_ratio 0.9925  residual 5.427e-07
  [gamma] epoch  21750  gamma_ratio 0.9913  residual 3.785e-07
  [gamma] epoch  22000  gamma_ratio 0.9928  residual 3.374e-07
  [gamma] epoch  22250  gamma_ratio 0.9929  residual 3.538e-07
  [gamma] epoch  22500  gamma_ratio 0.9896  residual 4.618e-07
  [gamma] epoch  22750  gamma_ratio 0.9922  residual 3.403e-07
  [gamma] epoch  23000  gamma_ratio 0.9947  residual 1.485e-06
  [gamma] epoch  23250  gamma_ratio 0.9930  residual 6.951e-07
  [gamma] epoch  23500  gamma_ratio 0.9933  residual 3.262e-07
  [gamma] epoch  23750  gamma_ratio 0.9936  residual 3.704e-07
  [gamma] epoch  24000  gamma_ratio 0.9925  residual 3.141e-07
  [gamma] epoch  24250  gamma_ratio 0.9935  residual 2.956e-07
  [gamma] epoch  24500  gamma_ratio 0.9934  residual 2.914e-07
  [gamma] epoch  24750  gamma_ratio 0.9926  residual 2.756e-07
  [gamma] epoch  25000  gamma_ratio 0.9925  residual 5.411e-07
  [gamma] epoch  25250  gamma_ratio 0.9933  residual 4.900e-07
  [gamma] epoch  25500  gamma_ratio 0.9935  residual 4.194e-07
  [gamma] epoch  25750  gamma_ratio 0.9925  residual 2.601e-07
  [gamma] epoch  26000  gamma_ratio 0.9925  residual 1.089e-06
  [gamma] epoch  26250  gamma_ratio 0.9921  residual 2.271e-06
  [gamma] epoch  26500  gamma_ratio 0.9940  residual 3.459e-07
  [gamma] epoch  26750  gamma_ratio 0.9940  residual 2.538e-07
  [gamma] epoch  27000  gamma_ratio 0.9931  residual 2.361e-07
  [gamma] epoch  27250  gamma_ratio 0.9933  residual 2.328e-07
  [gamma] epoch  27500  gamma_ratio 0.9942  residual 5.060e-07
  [gamma] epoch  27750  gamma_ratio 0.9930  residual 4.553e-07
  [gamma] epoch  28000  gamma_ratio 0.9941  residual 4.217e-07
  [gamma] epoch  28250  gamma_ratio 0.9938  residual 4.454e-07
  [gamma] epoch  28500  gamma_ratio 0.9939  residual 3.773e-07
  [gamma] epoch  28750  gamma_ratio 0.9938  residual 2.886e-07
  [gamma] epoch  29000  gamma_ratio 0.9931  residual 5.937e-07
  [gamma] epoch  29250  gamma_ratio 0.9952  residual 1.429e-06
  [gamma] epoch  29500  gamma_ratio 0.9932  residual 2.032e-07
  [gamma] epoch  29750  gamma_ratio 0.9937  residual 2.364e-07
  [gamma] epoch  30000  gamma_ratio 0.9938  residual 1.987e-07
  [gamma] epoch  30250  gamma_ratio 0.9942  residual 1.976e-07
  [gamma] epoch  30500  gamma_ratio 0.9942  residual 2.085e-07
  [gamma] epoch  30750  gamma_ratio 0.9941  residual 2.445e-07
  [gamma] epoch  31000  gamma_ratio 0.9941  residual 2.516e-07
  [gamma] epoch  31250  gamma_ratio 0.9942  residual 2.380e-07
  [gamma] epoch  31500  gamma_ratio 0.9948  residual 8.799e-07
  [gamma] epoch  31750  gamma_ratio 0.9940  residual 1.918e-07
  [gamma] epoch  32000  gamma_ratio 0.9941  residual 3.497e-07
  [gamma] epoch  32250  gamma_ratio 0.9946  residual 3.062e-07
  [gamma] epoch  32500  gamma_ratio 0.9944  residual 1.939e-07
  [gamma] epoch  32750  gamma_ratio 0.9935  residual 1.715e-07
  [gamma] epoch  33000  gamma_ratio 0.9952  residual 1.598e-06
  [gamma] epoch  33250  gamma_ratio 0.9939  residual 1.933e-07
  [gamma] epoch  33500  gamma_ratio 0.9945  residual 1.926e-07
  [gamma] epoch  33750  gamma_ratio 0.9947  residual 2.137e-07
  [gamma] epoch  34000  gamma_ratio 0.9944  residual 5.123e-07
  [gamma] epoch  34250  gamma_ratio 0.9941  residual 2.480e-07
  [gamma] epoch  34500  gamma_ratio 0.9933  residual 1.690e-07
  [gamma] epoch  34750  gamma_ratio 0.9941  residual 1.560e-07
  [gamma] epoch  35000  gamma_ratio 0.9940  residual 2.766e-07
  [gamma] epoch  35250  gamma_ratio 0.9946  residual 1.716e-07
  [gamma] epoch  35500  gamma_ratio 0.9942  residual 2.371e-07
  [gamma] epoch  35750  gamma_ratio 0.9942  residual 3.927e-07
  [gamma] epoch  36000  gamma_ratio 0.9936  residual 1.500e-07
  [gamma] epoch  36250  gamma_ratio 0.9945  residual 3.277e-07
  [gamma] epoch  36500  gamma_ratio 0.9943  residual 1.595e-07
  [gamma] epoch  36750  gamma_ratio 0.9945  residual 1.534e-07
  [gamma] epoch  37000  gamma_ratio 0.9951  residual 6.084e-07
  [gamma] epoch  37250  gamma_ratio 0.9938  residual 1.412e-07
  [gamma] epoch  37500  gamma_ratio 0.9935  residual 4.490e-07
  [gamma] epoch  37750  gamma_ratio 0.9943  residual 1.419e-07
  [gamma] epoch  38000  gamma_ratio 0.9942  residual 2.059e-07
  [gamma] epoch  38250  gamma_ratio 0.9944  residual 1.667e-07
  [gamma] epoch  38500  gamma_ratio 0.9934  residual 1.389e-07
  [gamma] epoch  38750  gamma_ratio 0.9939  residual 1.500e-07
  [gamma] epoch  39000  gamma_ratio 0.9944  residual 2.061e-07
  [gamma] epoch  39250  gamma_ratio 0.9944  residual 1.311e-07
  [gamma] epoch  39500  gamma_ratio 0.9946  residual 1.435e-07
  [gamma] epoch  39750  gamma_ratio 0.9944  residual 1.377e-07
  [gamma] epoch  40000  gamma_ratio 0.9946  residual 1.387e-07
  [gamma] epoch  40250  gamma_ratio 0.9946  residual 1.310e-07
  [gamma] epoch  40500  gamma_ratio 0.9939  residual 1.263e-07
  [gamma] epoch  40750  gamma_ratio 0.9942  residual 1.270e-07
  [gamma] epoch  41000  gamma_ratio 0.9946  residual 3.004e-07
  [gamma] epoch  41250  gamma_ratio 0.9945  residual 1.225e-07
  [gamma] epoch  41500  gamma_ratio 0.9948  residual 1.773e-07
  [gamma] epoch  41750  gamma_ratio 0.9941  residual 1.454e-07
  [gamma] epoch  42000  gamma_ratio 0.9941  residual 1.603e-07
  [gamma] epoch  42250  gamma_ratio 0.9945  residual 1.615e-07
  [gamma] epoch  42500  gamma_ratio 0.9942  residual 1.190e-07
  [gamma] epoch  42750  gamma_ratio 0.9944  residual 1.207e-07
  [gamma] epoch  43000  gamma_ratio 0.9944  residual 1.444e-07
  [gamma] epoch  43250  gamma_ratio 0.9945  residual 1.172e-07
  [gamma] epoch  43500  gamma_ratio 0.9946  residual 1.198e-07
  [gamma] epoch  43750  gamma_ratio 0.9958  residual 5.119e-07
  [gamma] epoch  44000  gamma_ratio 0.9941  residual 5.189e-07
  [gamma] epoch  44250  gamma_ratio 0.9945  residual 1.169e-07
  [gamma] epoch  44500  gamma_ratio 0.9943  residual 1.444e-07
  [gamma] epoch  44750  gamma_ratio 0.9950  residual 1.506e-07
  [gamma] epoch  45000  gamma_ratio 0.9939  residual 1.127e-07
  [gamma] epoch  45250  gamma_ratio 0.9943  residual 1.087e-07
  [gamma] epoch  45500  gamma_ratio 0.9944  residual 1.086e-07
  [gamma] epoch  45750  gamma_ratio 0.9941  residual 1.699e-07
  [gamma] epoch  46000  gamma_ratio 0.9947  residual 1.082e-07
  [gamma] epoch  46250  gamma_ratio 0.9947  residual 1.122e-07
  [gamma] epoch  46500  gamma_ratio 0.9950  residual 1.309e-07
  [gamma] epoch  46750  gamma_ratio 0.9947  residual 1.107e-07
  [gamma] epoch  47000  gamma_ratio 0.9939  residual 1.077e-07
  [gamma] epoch  47250  gamma_ratio 0.9944  residual 1.031e-07
  [gamma] epoch  47500  gamma_ratio 0.9945  residual 1.024e-07
  [gamma] epoch  47750  gamma_ratio 0.9946  residual 1.017e-07
  [gamma] epoch  48000  gamma_ratio 0.9947  residual 1.014e-07
  [gamma] epoch  48250  gamma_ratio 0.9939  residual 1.092e-07
  [gamma] epoch  48500  gamma_ratio 0.9944  residual 1.025e-07
  [gamma] epoch  48750  gamma_ratio 0.9946  residual 1.120e-07
  [gamma] epoch  49000  gamma_ratio 0.9946  residual 1.050e-07
  [gamma] epoch  49250  gamma_ratio 0.9946  residual 9.961e-08
  [gamma] epoch  49500  gamma_ratio 0.9941  residual 9.827e-08
  [gamma] epoch  49750  gamma_ratio 0.9944  residual 9.736e-08
  [gamma] epoch  50000  gamma_ratio 0.9947  residual 1.718e-07
  [gamma] epoch  50250  gamma_ratio 0.9947  residual 1.176e-07
  [gamma] epoch  50500  gamma_ratio 0.9947  residual 9.751e-08
  [gamma] epoch  50750  gamma_ratio 0.9946  residual 9.502e-08
  [gamma] epoch  51000  gamma_ratio 0.9947  residual 9.598e-08
  [gamma] epoch  51250  gamma_ratio 0.9949  residual 1.322e-07
  [gamma] epoch  51500  gamma_ratio 0.9945  residual 9.400e-08
  [gamma] epoch  51750  gamma_ratio 0.9947  residual 9.372e-08
  [gamma] epoch  52000  gamma_ratio 0.9947  residual 9.238e-08
  [gamma] epoch  52250  gamma_ratio 0.9946  residual 9.714e-08
  [gamma] epoch  52500  gamma_ratio 0.9946  residual 9.227e-08
  [gamma] epoch  52750  gamma_ratio 0.9944  residual 9.216e-08
  [gamma] epoch  53000  gamma_ratio 0.9946  residual 9.064e-08
  [gamma] epoch  53250  gamma_ratio 0.9947  residual 1.305e-07
  [gamma] epoch  53500  gamma_ratio 0.9940  residual 1.007e-07
  [gamma] epoch  53750  gamma_ratio 0.9945  residual 8.930e-08
  [gamma] epoch  54000  gamma_ratio 0.9946  residual 8.883e-08
  [gamma] epoch  54250  gamma_ratio 0.9947  residual 9.637e-08
  [gamma] epoch  54500  gamma_ratio 0.9947  residual 8.983e-08
  [gamma] epoch  54750  gamma_ratio 0.9946  residual 8.897e-08
  [gamma] epoch  55000  gamma_ratio 0.9947  residual 8.732e-08
  [gamma] epoch  55250  gamma_ratio 0.9941  residual 8.789e-08
  [gamma] epoch  55500  gamma_ratio 0.9944  residual 8.654e-08
  [gamma] epoch  55750  gamma_ratio 0.9946  residual 8.607e-08
  [gamma] epoch  56000  gamma_ratio 0.9946  residual 8.571e-08
  [gamma] epoch  56250  gamma_ratio 0.9947  residual 8.755e-08
  [gamma] epoch  56500  gamma_ratio 0.9947  residual 8.482e-08
  [gamma] epoch  56750  gamma_ratio 0.9963  residual 3.486e-07
  [gamma] epoch  57000  gamma_ratio 0.9944  residual 8.441e-08
  [gamma] epoch  57250  gamma_ratio 0.9945  residual 8.403e-08
  [gamma] epoch  57500  gamma_ratio 0.9946  residual 8.383e-08
  [gamma] epoch  57750  gamma_ratio 0.9947  residual 8.805e-08
  [gamma] epoch  58000  gamma_ratio 0.9947  residual 8.307e-08
  [gamma] epoch  58250  gamma_ratio 0.9947  residual 8.257e-08
  [gamma] epoch  58500  gamma_ratio 0.9946  residual 8.207e-08
  [gamma] epoch  58750  gamma_ratio 0.9947  residual 8.182e-08
  [gamma] epoch  59000  gamma_ratio 0.9946  residual 8.141e-08
  [gamma] epoch  59250  gamma_ratio 0.9947  residual 8.165e-08
  [gamma] epoch  59500  gamma_ratio 0.9946  residual 8.075e-08
  [gamma] epoch  59750  gamma_ratio 0.9946  residual 8.171e-08
  [gamma] epoch  59999  gamma_ratio 0.9947  residual 8.066e-08
  [shape] epoch      0  rmse=0.1237  max_abs_dA=0.3049  int_signed_dA=-1.395e-10  int_abs_dA=1.43e-10  A_min=0.005078  max_dA_fwd=0.005767
  [shape] epoch    250  rmse=0.02369  max_abs_dA=0.0291  int_signed_dA=2.785e-11  int_abs_dA=4.25e-11  A_min=0.02612  max_dA_fwd=-1.091e-05
  [shape] epoch    500  rmse=0.01473  max_abs_dA=0.01928  int_signed_dA=1.707e-11  int_abs_dA=2.561e-11  A_min=0.01892  max_dA_fwd=-8.223e-06
  [shape] epoch    750  rmse=0.01174  max_abs_dA=0.01613  int_signed_dA=1.707e-11  int_abs_dA=1.927e-11  A_min=0.01563  max_dA_fwd=-8.721e-06
  [shape] epoch   1000  rmse=0.01031  max_abs_dA=0.01344  int_signed_dA=8.265e-12  int_abs_dA=1.8e-11  A_min=0.01304  max_dA_fwd=0.0002601
  [shape] epoch   1250  rmse=0.009989  max_abs_dA=0.01416  int_signed_dA=1.329e-11  int_abs_dA=1.635e-11  A_min=0.01362  max_dA_fwd=-9.284e-06
  [shape] epoch   1500  rmse=0.01121  max_abs_dA=0.01593  int_signed_dA=1.527e-11  int_abs_dA=1.818e-11  A_min=0.01534  max_dA_fwd=-9.698e-06
  [shape] epoch   1750  rmse=0.01058  max_abs_dA=0.01511  int_signed_dA=1.347e-11  int_abs_dA=1.738e-11  A_min=0.01453  max_dA_fwd=-9.751e-06
  [shape] epoch   2000  rmse=0.009752  max_abs_dA=0.01359  int_signed_dA=9.947e-12  int_abs_dA=1.664e-11  A_min=0.01296  max_dA_fwd=-9.979e-06
  [shape] epoch   2250  rmse=0.009936  max_abs_dA=0.01432  int_signed_dA=1.369e-11  int_abs_dA=1.584e-11  A_min=0.01361  max_dA_fwd=-1.011e-05
  [shape] epoch   2500  rmse=0.009461  max_abs_dA=0.0135  int_signed_dA=1.085e-11  int_abs_dA=1.579e-11  A_min=0.01283  max_dA_fwd=-1.005e-05
  [shape] epoch   2750  rmse=0.008973  max_abs_dA=0.013  int_signed_dA=1.154e-11  int_abs_dA=1.45e-11  A_min=0.01237  max_dA_fwd=-9.782e-06
  [shape] epoch   3000  rmse=0.008885  max_abs_dA=0.01269  int_signed_dA=9.838e-12  int_abs_dA=1.486e-11  A_min=0.01211  max_dA_fwd=-9.681e-06
  [shape] epoch   3250  rmse=0.008018  max_abs_dA=0.01168  int_signed_dA=1.123e-11  int_abs_dA=1.251e-11  A_min=0.01102  max_dA_fwd=-9.617e-06
  [shape] epoch   3500  rmse=0.007766  max_abs_dA=0.01131  int_signed_dA=9.901e-12  int_abs_dA=1.252e-11  A_min=0.01067  max_dA_fwd=-9.586e-06
  [shape] epoch   3750  rmse=0.007732  max_abs_dA=0.01123  int_signed_dA=1.152e-11  int_abs_dA=1.185e-11  A_min=0.0105  max_dA_fwd=-9.642e-06
  [shape] epoch   4000  rmse=0.007299  max_abs_dA=0.01061  int_signed_dA=1.101e-11  int_abs_dA=1.122e-11  A_min=0.009838  max_dA_fwd=-9.672e-06
  [shape] epoch   4250  rmse=0.006855  max_abs_dA=0.01001  int_signed_dA=1.017e-11  int_abs_dA=1.053e-11  A_min=0.009223  max_dA_fwd=-9.647e-06
  [shape] epoch   4500  rmse=0.00691  max_abs_dA=0.008898  int_signed_dA=4.024e-12  int_abs_dA=1.213e-11  A_min=0.008311  max_dA_fwd=-9.431e-06
  [shape] epoch   4750  rmse=0.005923  max_abs_dA=0.008674  int_signed_dA=7.104e-12  int_abs_dA=9.665e-12  A_min=0.007914  max_dA_fwd=-9.596e-06
  [shape] epoch   5000  rmse=0.006228  max_abs_dA=0.00869  int_signed_dA=5.534e-12  int_abs_dA=1.073e-11  A_min=0.007955  max_dA_fwd=-9.657e-06
  [shape] epoch   5250  rmse=0.005511  max_abs_dA=0.008117  int_signed_dA=8.231e-12  int_abs_dA=8.541e-12  A_min=0.007118  max_dA_fwd=-9.908e-06
  [shape] epoch   5500  rmse=0.005265  max_abs_dA=0.007792  int_signed_dA=7.737e-12  int_abs_dA=8.159e-12  A_min=0.006748  max_dA_fwd=-9.994e-06
  [shape] epoch   5750  rmse=0.004973  max_abs_dA=0.00737  int_signed_dA=7.377e-12  int_abs_dA=7.732e-12  A_min=0.006274  max_dA_fwd=-1.001e-05
  [shape] epoch   6000  rmse=0.004813  max_abs_dA=0.007159  int_signed_dA=7.043e-12  int_abs_dA=7.484e-12  A_min=0.006006  max_dA_fwd=-1.013e-05
  [shape] epoch   6250  rmse=0.004827  max_abs_dA=0.007195  int_signed_dA=6.97e-12  int_abs_dA=7.509e-12  A_min=0.005964  max_dA_fwd=-1.034e-05
  [shape] epoch   6500  rmse=0.005297  max_abs_dA=0.007799  int_signed_dA=6.48e-12  int_abs_dA=8.711e-12  A_min=0.006485  max_dA_fwd=-1.076e-05
  [shape] epoch   6750  rmse=0.005355  max_abs_dA=0.007954  int_signed_dA=7.445e-12  int_abs_dA=8.427e-12  A_min=0.006497  max_dA_fwd=-1.1e-05
  [shape] epoch   7000  rmse=0.004228  max_abs_dA=0.006378  int_signed_dA=5.892e-12  int_abs_dA=6.655e-12  A_min=0.004998  max_dA_fwd=-1.054e-05
  [shape] epoch   7250  rmse=0.005609  max_abs_dA=0.008121  int_signed_dA=6.178e-12  int_abs_dA=9.494e-12  A_min=0.006526  max_dA_fwd=-1.151e-05
  [shape] epoch   7500  rmse=0.004244  max_abs_dA=0.006413  int_signed_dA=5.702e-12  int_abs_dA=6.737e-12  A_min=0.004895  max_dA_fwd=-1.087e-05
  [shape] epoch   7750  rmse=0.00365  max_abs_dA=0.005572  int_signed_dA=4.94e-12  int_abs_dA=5.819e-12  A_min=0.004081  max_dA_fwd=-1.06e-05
  [shape] epoch   8000  rmse=0.003511  max_abs_dA=0.005377  int_signed_dA=5.114e-12  int_abs_dA=5.528e-12  A_min=0.003764  max_dA_fwd=-1.06e-05
  [shape] epoch   8250  rmse=0.005562  max_abs_dA=0.008241  int_signed_dA=7.83e-12  int_abs_dA=8.843e-12  A_min=0.006276  max_dA_fwd=-1.197e-05
  [shape] epoch   8500  rmse=0.006141  max_abs_dA=0.0112  int_signed_dA=-1.411e-12  int_abs_dA=1.024e-11  A_min=0.004231  max_dA_fwd=-1.068e-05
  [shape] epoch   8750  rmse=0.007159  max_abs_dA=0.01419  int_signed_dA=-4.912e-12  int_abs_dA=1.098e-11  A_min=0.003074  max_dA_fwd=-9.933e-06
  [shape] epoch   9000  rmse=0.002958  max_abs_dA=0.004611  int_signed_dA=4.211e-12  int_abs_dA=4.725e-12  A_min=0.002935  max_dA_fwd=-1.048e-05
  [shape] epoch   9250  rmse=0.00303  max_abs_dA=0.004693  int_signed_dA=4.658e-12  int_abs_dA=4.892e-12  A_min=0.002898  max_dA_fwd=-1.068e-05
  [shape] epoch   9500  rmse=0.00326  max_abs_dA=0.005022  int_signed_dA=4.017e-12  int_abs_dA=5.303e-12  A_min=0.003299  max_dA_fwd=-1.094e-05
  [shape] epoch   9750  rmse=0.002487  max_abs_dA=0.003871  int_signed_dA=2.85e-12  int_abs_dA=4.11e-12  A_min=0.002258  max_dA_fwd=-1.017e-05
  [shape] epoch  10000  rmse=0.002441  max_abs_dA=0.003869  int_signed_dA=3.298e-12  int_abs_dA=3.946e-12  A_min=0.002178  max_dA_fwd=-1.018e-05
  [shape] epoch  10250  rmse=0.002737  max_abs_dA=0.004271  int_signed_dA=3.485e-12  int_abs_dA=4.454e-12  A_min=0.002591  max_dA_fwd=-1.04e-05
  [shape] epoch  10500  rmse=0.003528  max_abs_dA=0.005434  int_signed_dA=4.938e-12  int_abs_dA=5.603e-12  A_min=0.003533  max_dA_fwd=-1.104e-05
  [shape] epoch  10750  rmse=0.002756  max_abs_dA=0.004296  int_signed_dA=3.396e-12  int_abs_dA=4.505e-12  A_min=0.002551  max_dA_fwd=-1.056e-05
  [shape] epoch  11000  rmse=0.002176  max_abs_dA=0.003495  int_signed_dA=2.915e-12  int_abs_dA=3.53e-12  A_min=0.001735  max_dA_fwd=-1e-05
  [shape] epoch  11250  rmse=0.00372  max_abs_dA=0.005571  int_signed_dA=3.969e-12  int_abs_dA=6.301e-12  A_min=0.003615  max_dA_fwd=-1.151e-05
  [shape] epoch  11500  rmse=0.002444  max_abs_dA=0.003891  int_signed_dA=3.153e-12  int_abs_dA=3.962e-12  A_min=0.002031  max_dA_fwd=-1.041e-05
  [shape] epoch  11750  rmse=0.002436  max_abs_dA=0.003876  int_signed_dA=3.091e-12  int_abs_dA=3.973e-12  A_min=0.00201  max_dA_fwd=-1.052e-05
  [shape] epoch  12000  rmse=0.005853  max_abs_dA=0.008178  int_signed_dA=5.526e-12  int_abs_dA=1.024e-11  A_min=0.005863  max_dA_fwd=-1.274e-05
  [shape] epoch  12250  rmse=0.002361  max_abs_dA=0.003767  int_signed_dA=2.951e-12  int_abs_dA=3.856e-12  A_min=0.001886  max_dA_fwd=-1.047e-05
  [shape] epoch  12500  rmse=0.002073  max_abs_dA=0.003375  int_signed_dA=2.673e-12  int_abs_dA=3.351e-12  A_min=0.001458  max_dA_fwd=-1.014e-05
  [shape] epoch  12750  rmse=0.002504  max_abs_dA=0.004008  int_signed_dA=3.465e-12  int_abs_dA=4.045e-12  A_min=0.002008  max_dA_fwd=-1.064e-05
  [shape] epoch  13000  rmse=0.00264  max_abs_dA=0.004145  int_signed_dA=3.093e-12  int_abs_dA=4.341e-12  A_min=0.002178  max_dA_fwd=-1.081e-05
  [shape] epoch  13250  rmse=0.001984  max_abs_dA=0.00326  int_signed_dA=2.599e-12  int_abs_dA=3.199e-12  A_min=0.00129  max_dA_fwd=-1.014e-05
  [shape] epoch  13500  rmse=0.002107  max_abs_dA=0.003429  int_signed_dA=2.66e-12  int_abs_dA=3.416e-12  A_min=0.001443  max_dA_fwd=-1.03e-05
  [shape] epoch  13750  rmse=0.002349  max_abs_dA=0.003747  int_signed_dA=2.796e-12  int_abs_dA=3.847e-12  A_min=0.001764  max_dA_fwd=-1.054e-05
  [shape] epoch  14000  rmse=0.003034  max_abs_dA=0.004718  int_signed_dA=3.672e-12  int_abs_dA=5.023e-12  A_min=0.002602  max_dA_fwd=-1.108e-05
  [shape] epoch  14250  rmse=0.003852  max_abs_dA=0.005483  int_signed_dA=3.245e-12  int_abs_dA=6.733e-12  A_min=0.003449  max_dA_fwd=-1.151e-05
  [shape] epoch  14500  rmse=0.002232  max_abs_dA=0.003458  int_signed_dA=2.085e-12  int_abs_dA=3.82e-12  A_min=0.001458  max_dA_fwd=-1.035e-05
  [shape] epoch  14750  rmse=0.002591  max_abs_dA=0.004086  int_signed_dA=2.932e-12  int_abs_dA=4.276e-12  A_min=0.001988  max_dA_fwd=-1.098e-05
  [shape] epoch  15000  rmse=0.002272  max_abs_dA=0.003722  int_signed_dA=3.418e-12  int_abs_dA=3.581e-12  A_min=0.00139  max_dA_fwd=-1.064e-05
  [shape] epoch  15250  rmse=0.002162  max_abs_dA=0.003529  int_signed_dA=2.696e-12  int_abs_dA=3.498e-12  A_min=0.001421  max_dA_fwd=-1.05e-05
  [shape] epoch  15500  rmse=0.001879  max_abs_dA=0.003134  int_signed_dA=2.376e-12  int_abs_dA=3.004e-12  A_min=0.0009999  max_dA_fwd=-1.011e-05
  [shape] epoch  15750  rmse=0.002055  max_abs_dA=0.003301  int_signed_dA=2.13e-12  int_abs_dA=3.416e-12  A_min=0.001255  max_dA_fwd=-1.036e-05
  [shape] epoch  16000  rmse=0.001865  max_abs_dA=0.003138  int_signed_dA=2.658e-12  int_abs_dA=2.921e-12  A_min=0.0009079  max_dA_fwd=-1.015e-05
  [shape] epoch  16250  rmse=0.002013  max_abs_dA=0.003352  int_signed_dA=2.812e-12  int_abs_dA=3.186e-12  A_min=0.001109  max_dA_fwd=-1.035e-05
  [shape] epoch  16500  rmse=0.001894  max_abs_dA=0.003157  int_signed_dA=2.445e-12  int_abs_dA=3.024e-12  A_min=0.001039  max_dA_fwd=-1.012e-05
  [shape] epoch  16750  rmse=0.002048  max_abs_dA=0.003367  int_signed_dA=2.505e-12  int_abs_dA=3.311e-12  A_min=0.00125  max_dA_fwd=-1.037e-05
  [shape] epoch  17000  rmse=0.001735  max_abs_dA=0.002947  int_signed_dA=2.298e-12  int_abs_dA=2.728e-12  A_min=0.0007619  max_dA_fwd=-1e-05
  [shape] epoch  17250  rmse=0.001862  max_abs_dA=0.003137  int_signed_dA=2.533e-12  int_abs_dA=2.927e-12  A_min=0.000913  max_dA_fwd=-1.013e-05
  [shape] epoch  17500  rmse=0.002323  max_abs_dA=0.003755  int_signed_dA=2.652e-12  int_abs_dA=3.8e-12  A_min=0.001505  max_dA_fwd=-1.092e-05
  [shape] epoch  17750  rmse=0.001984  max_abs_dA=0.00334  int_signed_dA=2.665e-12  int_abs_dA=3.12e-12  A_min=0.0009807  max_dA_fwd=-1.047e-05
  [shape] epoch  18000  rmse=0.00186  max_abs_dA=0.003149  int_signed_dA=2.765e-12  int_abs_dA=2.867e-12  A_min=0.0007174  max_dA_fwd=-1.022e-05
  [shape] epoch  18250  rmse=0.003979  max_abs_dA=0.006096  int_signed_dA=4.972e-12  int_abs_dA=6.61e-12  A_min=0.003505  max_dA_fwd=-1.225e-05
  [shape] epoch  18500  rmse=0.001962  max_abs_dA=0.003264  int_signed_dA=2.26e-12  int_abs_dA=3.184e-12  A_min=0.000957  max_dA_fwd=-1.046e-05
  [shape] epoch  18750  rmse=0.001684  max_abs_dA=0.002897  int_signed_dA=2.221e-12  int_abs_dA=2.613e-12  A_min=0.0005882  max_dA_fwd=-1.007e-05
  [shape] epoch  19000  rmse=0.001607  max_abs_dA=0.002785  int_signed_dA=2.156e-12  int_abs_dA=2.457e-12  A_min=0.0004517  max_dA_fwd=-9.89e-06
  [shape] epoch  19250  rmse=0.001595  max_abs_dA=0.002758  int_signed_dA=2.123e-12  int_abs_dA=2.456e-12  A_min=0.0005003  max_dA_fwd=-9.829e-06
  [shape] epoch  19500  rmse=0.001754  max_abs_dA=0.00299  int_signed_dA=2.226e-12  int_abs_dA=2.763e-12  A_min=0.0007239  max_dA_fwd=-1.019e-05
  [shape] epoch  19750  rmse=0.001777  max_abs_dA=0.00295  int_signed_dA=2.852e-12  int_abs_dA=2.859e-12  A_min=0.0004579  max_dA_fwd=-1.005e-05
  [shape] epoch  20000  rmse=0.002394  max_abs_dA=0.003812  int_signed_dA=2.58e-12  int_abs_dA=4.003e-12  A_min=0.001556  max_dA_fwd=-1.077e-05
  [shape] epoch  20250  rmse=0.001738  max_abs_dA=0.002987  int_signed_dA=2.383e-12  int_abs_dA=2.678e-12  A_min=0.0006127  max_dA_fwd=-1.009e-05
  [shape] epoch  20500  rmse=0.001581  max_abs_dA=0.002749  int_signed_dA=2.203e-12  int_abs_dA=2.402e-12  A_min=0.0003612  max_dA_fwd=-9.887e-06
  [shape] epoch  20750  rmse=0.002158  max_abs_dA=0.003532  int_signed_dA=2.462e-12  int_abs_dA=3.511e-12  A_min=0.001241  max_dA_fwd=-1.071e-05
  [shape] epoch  21000  rmse=0.001714  max_abs_dA=0.002906  int_signed_dA=1.92e-12  int_abs_dA=2.746e-12  A_min=0.0005927  max_dA_fwd=-1.016e-05
  [shape] epoch  21250  rmse=0.001531  max_abs_dA=0.002683  int_signed_dA=1.98e-12  int_abs_dA=2.337e-12  A_min=0.0003129  max_dA_fwd=-9.918e-06
  [shape] epoch  21500  rmse=0.001518  max_abs_dA=0.002664  int_signed_dA=2.045e-12  int_abs_dA=2.293e-12  A_min=0.0002518  max_dA_fwd=-9.8e-06
  [shape] epoch  21750  rmse=0.002098  max_abs_dA=0.003437  int_signed_dA=2.387e-12  int_abs_dA=3.421e-12  A_min=0.001164  max_dA_fwd=-1.051e-05
  [shape] epoch  22000  rmse=0.001561  max_abs_dA=0.002718  int_signed_dA=1.98e-12  int_abs_dA=2.403e-12  A_min=0.0004068  max_dA_fwd=-9.846e-06
  [shape] epoch  22250  rmse=0.001484  max_abs_dA=0.002609  int_signed_dA=1.935e-12  int_abs_dA=2.25e-12  A_min=0.0002451  max_dA_fwd=-9.737e-06
  [shape] epoch  22500  rmse=0.00284  max_abs_dA=0.004393  int_signed_dA=2.851e-12  int_abs_dA=4.801e-12  A_min=0.002012  max_dA_fwd=-1.133e-05
  [shape] epoch  22750  rmse=0.001736  max_abs_dA=0.002986  int_signed_dA=2.128e-12  int_abs_dA=2.714e-12  A_min=0.0005781  max_dA_fwd=-1.031e-05
  [shape] epoch  23000  rmse=0.001592  max_abs_dA=0.002663  int_signed_dA=1.445e-12  int_abs_dA=2.594e-12  A_min=0.0003161  max_dA_fwd=-9.947e-06
  [shape] epoch  23250  rmse=0.001538  max_abs_dA=0.002694  int_signed_dA=1.914e-12  int_abs_dA=2.347e-12  A_min=0.0002683  max_dA_fwd=-9.854e-06
  [shape] epoch  23500  rmse=0.001425  max_abs_dA=0.002526  int_signed_dA=1.841e-12  int_abs_dA=2.147e-12  A_min=0.000118  max_dA_fwd=-9.634e-06
  [shape] epoch  23750  rmse=0.001389  max_abs_dA=0.002465  int_signed_dA=1.76e-12  int_abs_dA=2.098e-12  A_min=9.351e-05  max_dA_fwd=-9.496e-06
  [shape] epoch  24000  rmse=0.001592  max_abs_dA=0.002768  int_signed_dA=2.067e-12  int_abs_dA=2.457e-12  A_min=0.0004229  max_dA_fwd=-9.934e-06
  [shape] epoch  24250  rmse=0.001433  max_abs_dA=0.002532  int_signed_dA=1.791e-12  int_abs_dA=2.179e-12  A_min=0.0001863  max_dA_fwd=-9.636e-06
  [shape] epoch  24500  rmse=0.001395  max_abs_dA=0.002475  int_signed_dA=1.815e-12  int_abs_dA=2.106e-12  A_min=0.0001062  max_dA_fwd=-9.506e-06
  [shape] epoch  24750  rmse=0.001711  max_abs_dA=0.00292  int_signed_dA=2.032e-12  int_abs_dA=2.699e-12  A_min=0.0006218  max_dA_fwd=-1.008e-05
  [shape] epoch  25000  rmse=0.001514  max_abs_dA=0.002663  int_signed_dA=2.054e-12  int_abs_dA=2.283e-12  A_min=0.0002325  max_dA_fwd=-9.789e-06
  [shape] epoch  25250  rmse=0.001437  max_abs_dA=0.002544  int_signed_dA=1.842e-12  int_abs_dA=2.167e-12  A_min=0.0001476  max_dA_fwd=-9.575e-06
  [shape] epoch  25500  rmse=0.0014  max_abs_dA=0.002481  int_signed_dA=1.789e-12  int_abs_dA=2.11e-12  A_min=0.00012  max_dA_fwd=-9.42e-06
  [shape] epoch  25750  rmse=0.001762  max_abs_dA=0.002981  int_signed_dA=2.053e-12  int_abs_dA=2.8e-12  A_min=0.0007046  max_dA_fwd=-1.007e-05
  [shape] epoch  26000  rmse=0.001469  max_abs_dA=0.002582  int_signed_dA=2.055e-12  int_abs_dA=2.224e-12  A_min=0.0001675  max_dA_fwd=-9.685e-06
  [shape] epoch  26250  rmse=0.001479  max_abs_dA=0.002582  int_signed_dA=2.153e-12  int_abs_dA=2.223e-12  A_min=0.0001168  max_dA_fwd=-9.531e-06
  [shape] epoch  26500  rmse=0.001305  max_abs_dA=0.002334  int_signed_dA=1.639e-12  int_abs_dA=1.97e-12  A_min=5.143e-06  max_dA_fwd=-9.285e-06
  [shape] epoch  26750  rmse=0.001322  max_abs_dA=0.002355  int_signed_dA=1.63e-12  int_abs_dA=1.995e-12  A_min=4.145e-05  max_dA_fwd=-9.138e-06
  [shape] epoch  27000  rmse=0.001579  max_abs_dA=0.002736  int_signed_dA=1.897e-12  int_abs_dA=2.452e-12  A_min=0.0004312  max_dA_fwd=-9.833e-06
  [shape] epoch  27250  rmse=0.001449  max_abs_dA=0.002559  int_signed_dA=1.832e-12  int_abs_dA=2.203e-12  A_min=0.0002071  max_dA_fwd=-9.59e-06
  [shape] epoch  27500  rmse=0.001373  max_abs_dA=0.002425  int_signed_dA=1.574e-12  int_abs_dA=2.104e-12  A_min=0.0001111  max_dA_fwd=-9.387e-06
  [shape] epoch  27750  rmse=0.001377  max_abs_dA=0.00243  int_signed_dA=1.93e-12  int_abs_dA=2.08e-12  A_min=3.43e-05  max_dA_fwd=-9.308e-06
  [shape] epoch  28000  rmse=0.001303  max_abs_dA=0.002326  int_signed_dA=1.617e-12  int_abs_dA=1.966e-12  A_min=1.003e-05  max_dA_fwd=-9.142e-06
  [shape] epoch  28250  rmse=0.001307  max_abs_dA=0.002332  int_signed_dA=1.684e-12  int_abs_dA=1.955e-12  A_min=2.029e-06  max_dA_fwd=-9.062e-06
  [shape] epoch  28500  rmse=0.001474  max_abs_dA=0.002561  int_signed_dA=1.665e-12  int_abs_dA=2.288e-12  A_min=0.0003164  max_dA_fwd=-9.489e-06
  [shape] epoch  28750  rmse=0.001367  max_abs_dA=0.002424  int_signed_dA=1.693e-12  int_abs_dA=2.069e-12  A_min=0.0001284  max_dA_fwd=-9.269e-06
  [shape] epoch  29000  rmse=0.001343  max_abs_dA=0.002372  int_signed_dA=1.889e-12  int_abs_dA=2.019e-12  A_min=2.309e-05  max_dA_fwd=-9.136e-06
  [shape] epoch  29250  rmse=0.00127  max_abs_dA=0.002234  int_signed_dA=1.308e-12  int_abs_dA=1.984e-12  A_min=3.55e-06  max_dA_fwd=-9.007e-06
  [shape] epoch  29500  rmse=0.001545  max_abs_dA=0.002676  int_signed_dA=1.852e-12  int_abs_dA=2.399e-12  A_min=0.0004275  max_dA_fwd=-9.584e-06
  [shape] epoch  29750  rmse=0.001373  max_abs_dA=0.002435  int_signed_dA=1.731e-12  int_abs_dA=2.081e-12  A_min=0.0001492  max_dA_fwd=-9.273e-06
  [shape] epoch  30000  rmse=0.001334  max_abs_dA=0.002375  int_signed_dA=1.701e-12  int_abs_dA=2.009e-12  A_min=8.116e-05  max_dA_fwd=-9.163e-06
  [shape] epoch  30250  rmse=0.001278  max_abs_dA=0.002284  int_signed_dA=1.595e-12  int_abs_dA=1.926e-12  A_min=3.098e-05  max_dA_fwd=-8.988e-06
  [shape] epoch  30500  rmse=0.001259  max_abs_dA=0.002252  int_signed_dA=1.579e-12  int_abs_dA=1.892e-12  A_min=2.941e-06  max_dA_fwd=-8.869e-06
  [shape] epoch  30750  rmse=0.001256  max_abs_dA=0.002246  int_signed_dA=1.605e-12  int_abs_dA=1.881e-12  A_min=-2.392e-08  max_dA_fwd=-8.818e-06
  [shape] epoch  31000  rmse=0.001387  max_abs_dA=0.002428  int_signed_dA=1.612e-12  int_abs_dA=2.132e-12  A_min=0.0002561  max_dA_fwd=-9.106e-06
  [shape] epoch  31250  rmse=0.001268  max_abs_dA=0.002262  int_signed_dA=1.576e-12  int_abs_dA=1.912e-12  A_min=6.758e-05  max_dA_fwd=-8.877e-06
  [shape] epoch  31500  rmse=0.001245  max_abs_dA=0.002209  int_signed_dA=1.41e-12  int_abs_dA=1.906e-12  A_min=4.944e-05  max_dA_fwd=-8.782e-06
  [shape] epoch  31750  rmse=0.001271  max_abs_dA=0.002265  int_signed_dA=1.634e-12  int_abs_dA=1.905e-12  A_min=5.201e-05  max_dA_fwd=-8.731e-06
  [shape] epoch  32000  rmse=0.001327  max_abs_dA=0.002342  int_signed_dA=1.617e-12  int_abs_dA=2.02e-12  A_min=0.0001872  max_dA_fwd=-8.892e-06
  [shape] epoch  32250  rmse=0.001252  max_abs_dA=0.002223  int_signed_dA=1.466e-12  int_abs_dA=1.905e-12  A_min=8.574e-05  max_dA_fwd=-8.686e-06
  [shape] epoch  32500  rmse=0.001227  max_abs_dA=0.002191  int_signed_dA=1.542e-12  int_abs_dA=1.843e-12  A_min=3.477e-05  max_dA_fwd=-8.608e-06
  [shape] epoch  32750  rmse=0.001456  max_abs_dA=0.002537  int_signed_dA=1.777e-12  int_abs_dA=2.242e-12  A_min=0.0003698  max_dA_fwd=-9.224e-06
  [shape] epoch  33000  rmse=0.001338  max_abs_dA=0.0023  int_signed_dA=1.315e-12  int_abs_dA=2.123e-12  A_min=0.0002161  max_dA_fwd=-8.93e-06
  [shape] epoch  33250  rmse=0.001298  max_abs_dA=0.002308  int_signed_dA=1.677e-12  int_abs_dA=1.95e-12  A_min=0.0001067  max_dA_fwd=-8.872e-06
  [shape] epoch  33500  rmse=0.001238  max_abs_dA=0.002209  int_signed_dA=1.499e-12  int_abs_dA=1.871e-12  A_min=6.173e-05  max_dA_fwd=-8.717e-06
  [shape] epoch  33750  rmse=0.001219  max_abs_dA=0.002174  int_signed_dA=1.438e-12  int_abs_dA=1.844e-12  A_min=3.061e-05  max_dA_fwd=-8.628e-06
  [shape] epoch  34000  rmse=0.001215  max_abs_dA=0.00217  int_signed_dA=1.522e-12  int_abs_dA=1.834e-12  A_min=3.582e-05  max_dA_fwd=-8.535e-06
  [shape] epoch  34250  rmse=0.00123  max_abs_dA=0.002193  int_signed_dA=1.612e-12  int_abs_dA=1.838e-12  A_min=3.469e-05  max_dA_fwd=-8.514e-06
  [shape] epoch  34500  rmse=0.001589  max_abs_dA=0.002688  int_signed_dA=1.829e-12  int_abs_dA=2.519e-12  A_min=0.0006433  max_dA_fwd=-9.162e-06
  [shape] epoch  34750  rmse=0.001301  max_abs_dA=0.002299  int_signed_dA=1.627e-12  int_abs_dA=1.971e-12  A_min=0.0002062  max_dA_fwd=-8.754e-06
  [shape] epoch  35000  rmse=0.00127  max_abs_dA=0.002255  int_signed_dA=1.653e-12  int_abs_dA=1.906e-12  A_min=0.0001304  max_dA_fwd=-8.646e-06
  [shape] epoch  35250  rmse=0.001205  max_abs_dA=0.00215  int_signed_dA=1.472e-12  int_abs_dA=1.817e-12  A_min=7.133e-05  max_dA_fwd=-8.501e-06
  [shape] epoch  35500  rmse=0.001217  max_abs_dA=0.002168  int_signed_dA=1.575e-12  int_abs_dA=1.819e-12  A_min=7.154e-05  max_dA_fwd=-8.383e-06
  [shape] epoch  35750  rmse=0.001227  max_abs_dA=0.00218  int_signed_dA=1.575e-12  int_abs_dA=1.839e-12  A_min=0.0001085  max_dA_fwd=-8.391e-06
  [shape] epoch  36000  rmse=0.001429  max_abs_dA=0.002469  int_signed_dA=1.745e-12  int_abs_dA=2.215e-12  A_min=0.0004605  max_dA_fwd=-8.848e-06
  [shape] epoch  36250  rmse=0.001292  max_abs_dA=0.002266  int_signed_dA=1.499e-12  int_abs_dA=1.981e-12  A_min=0.000221  max_dA_fwd=-8.582e-06
  [shape] epoch  36500  rmse=0.001227  max_abs_dA=0.00218  int_signed_dA=1.566e-12  int_abs_dA=1.843e-12  A_min=0.0001277  max_dA_fwd=-8.448e-06
  [shape] epoch  36750  rmse=0.001188  max_abs_dA=0.002116  int_signed_dA=1.506e-12  int_abs_dA=1.784e-12  A_min=9.228e-05  max_dA_fwd=-8.303e-06
  [shape] epoch  37000  rmse=0.001145  max_abs_dA=0.002039  int_signed_dA=1.352e-12  int_abs_dA=1.741e-12  A_min=6.59e-05  max_dA_fwd=-8.183e-06
  [shape] epoch  37250  rmse=0.00135  max_abs_dA=0.002357  int_signed_dA=1.684e-12  int_abs_dA=2.067e-12  A_min=0.0003596  max_dA_fwd=-8.678e-06
  [shape] epoch  37500  rmse=0.001248  max_abs_dA=0.002194  int_signed_dA=1.772e-12  int_abs_dA=1.903e-12  A_min=0.0001264  max_dA_fwd=-8.479e-06
  [shape] epoch  37750  rmse=0.001202  max_abs_dA=0.002138  int_signed_dA=1.553e-12  int_abs_dA=1.803e-12  A_min=0.0001245  max_dA_fwd=-8.348e-06
  [shape] epoch  38000  rmse=0.001205  max_abs_dA=0.002139  int_signed_dA=1.586e-12  int_abs_dA=1.799e-12  A_min=0.0001161  max_dA_fwd=-8.263e-06
  [shape] epoch  38250  rmse=0.001171  max_abs_dA=0.002084  int_signed_dA=1.528e-12  int_abs_dA=1.754e-12  A_min=9.388e-05  max_dA_fwd=-8.2e-06
  [shape] epoch  38500  rmse=0.001535  max_abs_dA=0.002603  int_signed_dA=1.807e-12  int_abs_dA=2.425e-12  A_min=0.0006423  max_dA_fwd=-8.94e-06
  [shape] epoch  38750  rmse=0.001284  max_abs_dA=0.002265  int_signed_dA=1.661e-12  int_abs_dA=1.941e-12  A_min=0.0002547  max_dA_fwd=-8.552e-06
  [shape] epoch  39000  rmse=0.00124  max_abs_dA=0.002193  int_signed_dA=1.542e-12  int_abs_dA=1.87e-12  A_min=0.0001899  max_dA_fwd=-8.421e-06
  [shape] epoch  39250  rmse=0.00119  max_abs_dA=0.002116  int_signed_dA=1.539e-12  int_abs_dA=1.784e-12  A_min=0.0001311  max_dA_fwd=-8.296e-06
  [shape] epoch  39500  rmse=0.00117  max_abs_dA=0.002081  int_signed_dA=1.483e-12  int_abs_dA=1.755e-12  A_min=0.000122  max_dA_fwd=-8.209e-06
  [shape] epoch  39750  rmse=0.001166  max_abs_dA=0.002073  int_signed_dA=1.538e-12  int_abs_dA=1.743e-12  A_min=0.0001136  max_dA_fwd=-8.12e-06
  [shape] epoch  40000  rmse=0.001146  max_abs_dA=0.002038  int_signed_dA=1.468e-12  int_abs_dA=1.717e-12  A_min=0.0001184  max_dA_fwd=-8.016e-06
  [shape] epoch  40250  rmse=0.001147  max_abs_dA=0.002038  int_signed_dA=1.474e-12  int_abs_dA=1.717e-12  A_min=0.0001248  max_dA_fwd=-8.031e-06
  [shape] epoch  40500  rmse=0.001338  max_abs_dA=0.002332  int_signed_dA=1.681e-12  int_abs_dA=2.048e-12  A_min=0.0003924  max_dA_fwd=-8.57e-06
  [shape] epoch  40750  rmse=0.00123  max_abs_dA=0.002174  int_signed_dA=1.578e-12  int_abs_dA=1.854e-12  A_min=0.0002278  max_dA_fwd=-8.357e-06
  [shape] epoch  41000  rmse=0.001182  max_abs_dA=0.002097  int_signed_dA=1.486e-12  int_abs_dA=1.784e-12  A_min=0.0001722  max_dA_fwd=-8.242e-06
  [shape] epoch  41250  rmse=0.001169  max_abs_dA=0.002076  int_signed_dA=1.518e-12  int_abs_dA=1.75e-12  A_min=0.000151  max_dA_fwd=-8.161e-06
  [shape] epoch  41500  rmse=0.001147  max_abs_dA=0.002038  int_signed_dA=1.425e-12  int_abs_dA=1.724e-12  A_min=0.0001349  max_dA_fwd=-8.093e-06
  [shape] epoch  41750  rmse=0.001173  max_abs_dA=0.002074  int_signed_dA=1.605e-12  int_abs_dA=1.75e-12  A_min=0.0001417  max_dA_fwd=-8.037e-06
  [shape] epoch  42000  rmse=0.001173  max_abs_dA=0.002072  int_signed_dA=1.606e-12  int_abs_dA=1.751e-12  A_min=0.0001553  max_dA_fwd=-7.964e-06
  [shape] epoch  42250  rmse=0.001142  max_abs_dA=0.002024  int_signed_dA=1.502e-12  int_abs_dA=1.707e-12  A_min=0.0001541  max_dA_fwd=-7.945e-06
  [shape] epoch  42500  rmse=0.001244  max_abs_dA=0.002183  int_signed_dA=1.6e-12  int_abs_dA=1.886e-12  A_min=0.0003224  max_dA_fwd=-8.248e-06
  [shape] epoch  42750  rmse=0.001178  max_abs_dA=0.002082  int_signed_dA=1.541e-12  int_abs_dA=1.767e-12  A_min=0.0002154  max_dA_fwd=-8.098e-06
  [shape] epoch  43000  rmse=0.001164  max_abs_dA=0.00206  int_signed_dA=1.528e-12  int_abs_dA=1.741e-12  A_min=0.0001912  max_dA_fwd=-8.03e-06
  [shape] epoch  43250  rmse=0.001139  max_abs_dA=0.002018  int_signed_dA=1.497e-12  int_abs_dA=1.703e-12  A_min=0.0001757  max_dA_fwd=-7.92e-06
  [shape] epoch  43500  rmse=0.001123  max_abs_dA=0.001991  int_signed_dA=1.47e-12  int_abs_dA=1.681e-12  A_min=0.0001707  max_dA_fwd=-7.829e-06
  [shape] epoch  43750  rmse=0.00111  max_abs_dA=0.001917  int_signed_dA=1.137e-12  int_abs_dA=1.736e-12  A_min=0.000269  max_dA_fwd=-7.9e-06
  [shape] epoch  44000  rmse=0.001178  max_abs_dA=0.002075  int_signed_dA=1.602e-12  int_abs_dA=1.761e-12  A_min=0.0002417  max_dA_fwd=-8.009e-06
  [shape] epoch  44250  rmse=0.001138  max_abs_dA=0.002012  int_signed_dA=1.494e-12  int_abs_dA=1.704e-12  A_min=0.0002108  max_dA_fwd=-7.911e-06
  [shape] epoch  44500  rmse=0.00116  max_abs_dA=0.002043  int_signed_dA=1.57e-12  int_abs_dA=1.731e-12  A_min=0.0002201  max_dA_fwd=-7.825e-06
  [shape] epoch  44750  rmse=0.001094  max_abs_dA=0.001937  int_signed_dA=1.364e-12  int_abs_dA=1.648e-12  A_min=0.0001935  max_dA_fwd=-7.769e-06
  [shape] epoch  45000  rmse=0.001343  max_abs_dA=0.00231  int_signed_dA=1.68e-12  int_abs_dA=2.083e-12  A_min=0.0005334  max_dA_fwd=-8.304e-06
  [shape] epoch  45250  rmse=0.001185  max_abs_dA=0.002083  int_signed_dA=1.553e-12  int_abs_dA=1.785e-12  A_min=0.0002959  max_dA_fwd=-8.028e-06
  [shape] epoch  45500  rmse=0.001145  max_abs_dA=0.002021  int_signed_dA=1.519e-12  int_abs_dA=1.715e-12  A_min=0.0002381  max_dA_fwd=-7.924e-06
  [shape] epoch  45750  rmse=0.001152  max_abs_dA=0.002024  int_signed_dA=1.624e-12  int_abs_dA=1.728e-12  A_min=0.000217  max_dA_fwd=-7.885e-06
  [shape] epoch  46000  rmse=0.001114  max_abs_dA=0.001968  int_signed_dA=1.462e-12  int_abs_dA=1.666e-12  A_min=0.0002156  max_dA_fwd=-7.768e-06
  [shape] epoch  46250  rmse=0.001103  max_abs_dA=0.001949  int_signed_dA=1.463e-12  int_abs_dA=1.649e-12  A_min=0.0002099  max_dA_fwd=-7.69e-06
  [shape] epoch  46500  rmse=0.001126  max_abs_dA=0.001978  int_signed_dA=1.372e-12  int_abs_dA=1.709e-12  A_min=0.0002698  max_dA_fwd=-7.829e-06
  [shape] epoch  46750  rmse=0.001109  max_abs_dA=0.001958  int_signed_dA=1.457e-12  int_abs_dA=1.663e-12  A_min=0.0002397  max_dA_fwd=-7.731e-06
  [shape] epoch  47000  rmse=0.001322  max_abs_dA=0.002275  int_signed_dA=1.671e-12  int_abs_dA=2.045e-12  A_min=0.0005314  max_dA_fwd=-8.202e-06
  [shape] epoch  47250  rmse=0.001163  max_abs_dA=0.002043  int_signed_dA=1.535e-12  int_abs_dA=1.75e-12  A_min=0.0003091  max_dA_fwd=-7.919e-06
  [shape] epoch  47500  rmse=0.001127  max_abs_dA=0.001986  int_signed_dA=1.498e-12  int_abs_dA=1.688e-12  A_min=0.000261  max_dA_fwd=-7.824e-06
  [shape] epoch  47750  rmse=0.001111  max_abs_dA=0.001959  int_signed_dA=1.477e-12  int_abs_dA=1.662e-12  A_min=0.0002457  max_dA_fwd=-7.763e-06
  [shape] epoch  48000  rmse=0.001097  max_abs_dA=0.001935  int_signed_dA=1.456e-12  int_abs_dA=1.64e-12  A_min=0.0002395  max_dA_fwd=-7.679e-06
  [shape] epoch  48250  rmse=0.0013  max_abs_dA=0.002242  int_signed_dA=1.678e-12  int_abs_dA=2e-12  A_min=0.0005137  max_dA_fwd=-8.084e-06
  [shape] epoch  48500  rmse=0.001145  max_abs_dA=0.002011  int_signed_dA=1.524e-12  int_abs_dA=1.72e-12  A_min=0.0003079  max_dA_fwd=-7.844e-06
  [shape] epoch  48750  rmse=0.001111  max_abs_dA=0.001958  int_signed_dA=1.484e-12  int_abs_dA=1.663e-12  A_min=0.0002644  max_dA_fwd=-7.756e-06
  [shape] epoch  49000  rmse=0.0011  max_abs_dA=0.001938  int_signed_dA=1.471e-12  int_abs_dA=1.645e-12  A_min=0.0002566  max_dA_fwd=-7.703e-06
  [shape] epoch  49250  rmse=0.001092  max_abs_dA=0.001923  int_signed_dA=1.475e-12  int_abs_dA=1.632e-12  A_min=0.0002529  max_dA_fwd=-7.63e-06
  [shape] epoch  49500  rmse=0.001245  max_abs_dA=0.002163  int_signed_dA=1.612e-12  int_abs_dA=1.9e-12  A_min=0.0004501  max_dA_fwd=-8.081e-06
  [shape] epoch  49750  rmse=0.001165  max_abs_dA=0.002044  int_signed_dA=1.541e-12  int_abs_dA=1.754e-12  A_min=0.0003333  max_dA_fwd=-7.927e-06
  [shape] epoch  50000  rmse=0.001121  max_abs_dA=0.001975  int_signed_dA=1.459e-12  int_abs_dA=1.683e-12  A_min=0.0002852  max_dA_fwd=-7.825e-06
  [shape] epoch  50250  rmse=0.00111  max_abs_dA=0.001956  int_signed_dA=1.462e-12  int_abs_dA=1.663e-12  A_min=0.0002729  max_dA_fwd=-7.772e-06
  [shape] epoch  50500  rmse=0.001096  max_abs_dA=0.001931  int_signed_dA=1.461e-12  int_abs_dA=1.639e-12  A_min=0.0002621  max_dA_fwd=-7.716e-06
  [shape] epoch  50750  rmse=0.001089  max_abs_dA=0.001918  int_signed_dA=1.466e-12  int_abs_dA=1.626e-12  A_min=0.0002587  max_dA_fwd=-7.674e-06
  [shape] epoch  51000  rmse=0.001085  max_abs_dA=0.001909  int_signed_dA=1.463e-12  int_abs_dA=1.62e-12  A_min=0.0002612  max_dA_fwd=-7.638e-06
  [shape] epoch  51250  rmse=0.001066  max_abs_dA=0.001878  int_signed_dA=1.383e-12  int_abs_dA=1.601e-12  A_min=0.0002686  max_dA_fwd=-7.587e-06
  [shape] epoch  51500  rmse=0.001125  max_abs_dA=0.001971  int_signed_dA=1.504e-12  int_abs_dA=1.691e-12  A_min=0.0003391  max_dA_fwd=-7.721e-06
  [shape] epoch  51750  rmse=0.001092  max_abs_dA=0.001919  int_signed_dA=1.463e-12  int_abs_dA=1.635e-12  A_min=0.0002972  max_dA_fwd=-7.639e-06
  [shape] epoch  52000  rmse=0.00108  max_abs_dA=0.001898  int_signed_dA=1.457e-12  int_abs_dA=1.614e-12  A_min=0.0002848  max_dA_fwd=-7.592e-06
  [shape] epoch  52250  rmse=0.001119  max_abs_dA=0.001957  int_signed_dA=1.488e-12  int_abs_dA=1.684e-12  A_min=0.0003528  max_dA_fwd=-7.658e-06
  [shape] epoch  52500  rmse=0.001082  max_abs_dA=0.001898  int_signed_dA=1.468e-12  int_abs_dA=1.618e-12  A_min=0.0003002  max_dA_fwd=-7.574e-06
  [shape] epoch  52750  rmse=0.001138  max_abs_dA=0.001987  int_signed_dA=1.522e-12  int_abs_dA=1.716e-12  A_min=0.0003817  max_dA_fwd=-7.72e-06
  [shape] epoch  53000  rmse=0.001096  max_abs_dA=0.001922  int_signed_dA=1.478e-12  int_abs_dA=1.643e-12  A_min=0.0003248  max_dA_fwd=-7.625e-06
  [shape] epoch  53250  rmse=0.001076  max_abs_dA=0.001889  int_signed_dA=1.436e-12  int_abs_dA=1.613e-12  A_min=0.0003091  max_dA_fwd=-7.569e-06
  [shape] epoch  53500  rmse=0.001259  max_abs_dA=0.002165  int_signed_dA=1.644e-12  int_abs_dA=1.94e-12  A_min=0.0005511  max_dA_fwd=-7.878e-06
  [shape] epoch  53750  rmse=0.001123  max_abs_dA=0.001963  int_signed_dA=1.509e-12  int_abs_dA=1.689e-12  A_min=0.0003663  max_dA_fwd=-7.695e-06
  [shape] epoch  54000  rmse=0.001093  max_abs_dA=0.001917  int_signed_dA=1.481e-12  int_abs_dA=1.638e-12  A_min=0.0003277  max_dA_fwd=-7.622e-06
  [shape] epoch  54250  rmse=0.001078  max_abs_dA=0.00189  int_signed_dA=1.455e-12  int_abs_dA=1.613e-12  A_min=0.0003157  max_dA_fwd=-7.57e-06
  [shape] epoch  54500  rmse=0.001068  max_abs_dA=0.001873  int_signed_dA=1.455e-12  int_abs_dA=1.596e-12  A_min=0.0003062  max_dA_fwd=-7.53e-06
  [shape] epoch  54750  rmse=0.001098  max_abs_dA=0.001921  int_signed_dA=1.484e-12  int_abs_dA=1.649e-12  A_min=0.0003557  max_dA_fwd=-7.6e-06
  [shape] epoch  55000  rmse=0.001073  max_abs_dA=0.00188  int_signed_dA=1.455e-12  int_abs_dA=1.605e-12  A_min=0.0003255  max_dA_fwd=-7.533e-06
  [shape] epoch  55250  rmse=0.001246  max_abs_dA=0.002144  int_signed_dA=1.607e-12  int_abs_dA=1.92e-12  A_min=0.0005482  max_dA_fwd=-7.907e-06
  [shape] epoch  55500  rmse=0.001134  max_abs_dA=0.00198  int_signed_dA=1.523e-12  int_abs_dA=1.71e-12  A_min=0.0003988  max_dA_fwd=-7.714e-06
  [shape] epoch  55750  rmse=0.0011  max_abs_dA=0.001926  int_signed_dA=1.489e-12  int_abs_dA=1.65e-12  A_min=0.0003531  max_dA_fwd=-7.637e-06
  [shape] epoch  56000  rmse=0.001082  max_abs_dA=0.001896  int_signed_dA=1.472e-12  int_abs_dA=1.619e-12  A_min=0.0003327  max_dA_fwd=-7.583e-06
  [shape] epoch  56250  rmse=0.00107  max_abs_dA=0.001876  int_signed_dA=1.457e-12  int_abs_dA=1.601e-12  A_min=0.0003249  max_dA_fwd=-7.54e-06
  [shape] epoch  56500  rmse=0.001061  max_abs_dA=0.00186  int_signed_dA=1.45e-12  int_abs_dA=1.586e-12  A_min=0.0003202  max_dA_fwd=-7.504e-06
  [shape] epoch  56750  rmse=0.001125  max_abs_dA=0.001863  int_signed_dA=1.016e-12  int_abs_dA=1.823e-12  A_min=0.0004617  max_dA_fwd=-7.66e-06
  [shape] epoch  57000  rmse=0.00114  max_abs_dA=0.001986  int_signed_dA=1.528e-12  int_abs_dA=1.722e-12  A_min=0.0004217  max_dA_fwd=-7.71e-06
  [shape] epoch  57250  rmse=0.0011  max_abs_dA=0.001924  int_signed_dA=1.491e-12  int_abs_dA=1.651e-12  A_min=0.0003677  max_dA_fwd=-7.626e-06
  [shape] epoch  57500  rmse=0.001079  max_abs_dA=0.00189  int_signed_dA=1.463e-12  int_abs_dA=1.616e-12  A_min=0.0003453  max_dA_fwd=-7.569e-06
  [shape] epoch  57750  rmse=0.001067  max_abs_dA=0.001869  int_signed_dA=1.448e-12  int_abs_dA=1.597e-12  A_min=0.0003379  max_dA_fwd=-7.526e-06
  [shape] epoch  58000  rmse=0.001059  max_abs_dA=0.001854  int_signed_dA=1.45e-12  int_abs_dA=1.582e-12  A_min=0.00033  max_dA_fwd=-7.492e-06
  [shape] epoch  58250  rmse=0.001053  max_abs_dA=0.001843  int_signed_dA=1.444e-12  int_abs_dA=1.573e-12  A_min=0.0003294  max_dA_fwd=-7.462e-06
  [shape] epoch  58500  rmse=0.001075  max_abs_dA=0.001878  int_signed_dA=1.465e-12  int_abs_dA=1.612e-12  A_min=0.0003681  max_dA_fwd=-7.508e-06
  [shape] epoch  58750  rmse=0.001056  max_abs_dA=0.001847  int_signed_dA=1.449e-12  int_abs_dA=1.58e-12  A_min=0.0003455  max_dA_fwd=-7.455e-06
  [shape] epoch  59000  rmse=0.001074  max_abs_dA=0.001874  int_signed_dA=1.466e-12  int_abs_dA=1.61e-12  A_min=0.0003747  max_dA_fwd=-7.491e-06
  [shape] epoch  59250  rmse=0.001055  max_abs_dA=0.001844  int_signed_dA=1.452e-12  int_abs_dA=1.579e-12  A_min=0.0003523  max_dA_fwd=-7.441e-06
  [shape] epoch  59500  rmse=0.001085  max_abs_dA=0.001893  int_signed_dA=1.48e-12  int_abs_dA=1.63e-12  A_min=0.0003933  max_dA_fwd=-7.521e-06
  [shape] epoch  59750  rmse=0.001065  max_abs_dA=0.001859  int_signed_dA=1.475e-12  int_abs_dA=1.594e-12  A_min=0.0003628  max_dA_fwd=-7.468e-06
  [shape] epoch  59999  rmse=0.001051  max_abs_dA=0.001836  int_signed_dA=1.449e-12  int_abs_dA=1.572e-12  A_min=0.0003541  max_dA_fwd=-7.427e-06
[spectral-pn] spn-L0.5-s42: loss 2.044e-02 -> 8.066e-08 (x253415 drop)
[spectral-pn] RMSE=0.0011 max|dA|=0.0018 gamma_eff=3.6574e+09 gamma_ratio=0.9947
[spectral-pn] snapshot=final best_epoch=59999 best_loss=8.066e-08 final_loss=8.066e-08
[spectral-pn-shape] cancel=0.921 int_signed_dA=1.4486e-12 int_abs_dA=1.5724e-12 A_min=3.5414e-04 max_dA_fwd=-7.4265e-06
[spectral-pn] saved: runs/transient/pn_corridor_ladder_60k/ladder_L0.5_1d
