PINN-BTE Training Log
Run ID: 20260707_061448
Started: 2026-07-07T06:14:52.540314
======================================================================

                    INFO     Logging to:                                        
                             runs/transient/1d_nongray_large_dt_1.0um_100K/20260
                             707_061448/training_20260707_061448.log            
                    INFO     Logging to:                                        
                             runs/transient/1d_nongray_large_dt_1.0um_100K/20260
                             707_061448/training_20260707_061448.log            
[07/07/26 06:14:53] INFO     Started W&B run: tr_1d_ng_L1.0um_dT100K ·          
                             20260707_061448 (glop7tou)                         
[07/07/26 06:14:53] INFO     Started W&B run: tr_1d_ng_L1.0um_dT100K ·          
                             20260707_061448 (glop7tou)                         

Phase 1: Pretraining β-network
  Temperature range: [250K, 350K]
  Epochs: 200
     0.1s | Epoch     0 | β Loss = 2.67e-01
  β pretraining complete! Final loss: 2.37e-02
╭───────────────────────────── Starting Training ──────────────────────────────╮
│   Mode      Transient_Nongray_LargeDT                                        │
│   Epochs    15000                                                            │
│   Device    cuda                                                             │
│   Run ID    20260707_061448                                                  │
╰──────────────────────────────────────────────────────────────────────────────╯

Phase 2: BTE Training
  L = 1.0 μm, ΔT = 100.0K
  T range: [250K, 350K]
  Kn_eff = 0.1015
  τ(T) model = holland (full branch-resolved Holland--Callaway)
  Waypoints: 5 (uniform), weight=0.0
  ALL 60 modes × ALL 16 angles (vectorized)
  Epochs: 15000
     0.6s | Epoch     0 | BTE=1.29e+01 | Energy=7.55e-01 | BC=4.19e-03 | 
IC_n=2.60e-03 | IC_T=0.00e+00 | dT=0.00e+00 | WP=1.70e+01 | GE=7.78e-08 | 
Amp=0.00e+00 | Total=3.07e+01
    63.8s | Epoch   200 | BTE=1.84e+00 | Energy=1.35e+00 | BC=4.55e-02 | 
IC_n=5.23e-02 | IC_T=0.00e+00 | dT=0.00e+00 | WP=4.74e+00 | GE=9.07e-06 | 
Amp=0.00e+00 | Total=8.03e+00
   126.7s | Epoch   400 | BTE=1.43e+00 | Energy=9.36e-01 | BC=2.59e-02 | 
IC_n=3.76e-02 | IC_T=0.00e+00 | dT=0.00e+00 | WP=4.23e+00 | GE=5.86e-05 | 
Amp=0.00e+00 | Total=6.67e+00
   191.6s | Epoch   600 | BTE=1.21e+00 | Energy=7.61e-01 | BC=2.56e-02 | 
IC_n=2.17e-02 | IC_T=0.00e+00 | dT=0.00e+00 | WP=3.72e+00 | GE=1.07e-04 | 
Amp=0.00e+00 | Total=5.73e+00
   253.8s | Epoch   800 | BTE=1.09e+00 | Energy=6.60e-01 | BC=2.72e-02 | 
IC_n=1.24e-02 | IC_T=0.00e+00 | dT=0.00e+00 | WP=3.40e+00 | GE=4.94e-05 | 
Amp=0.00e+00 | Total=5.19e+00
   316.1s | Epoch  1000 | BTE=1.08e+00 | Energy=5.51e-01 | BC=2.87e-02 | 
IC_n=1.21e-02 | IC_T=0.00e+00 | dT=0.00e+00 | WP=3.34e+00 | GE=5.51e-05 | 
Amp=0.00e+00 | Total=5.02e+00
   380.2s | Epoch  1200 | BTE=9.85e-01 | Energy=5.28e-01 | BC=2.91e-02 | 
IC_n=6.33e-03 | IC_T=0.00e+00 | dT=0.00e+00 | WP=3.29e+00 | GE=7.35e-05 | 
Amp=0.00e+00 | Total=4.83e+00
   442.3s | Epoch  1400 | BTE=1.04e+00 | Energy=4.64e-01 | BC=2.85e-02 | 
IC_n=7.97e-03 | IC_T=0.00e+00 | dT=0.00e+00 | WP=3.26e+00 | GE=2.30e-04 | 
Amp=0.00e+00 | Total=4.79e+00
   505.7s | Epoch  1600 | BTE=9.57e-01 | Energy=4.47e-01 | BC=2.94e-02 | 
IC_n=1.05e-02 | IC_T=0.00e+00 | dT=0.00e+00 | WP=3.37e+00 | GE=1.74e-04 | 
Amp=0.00e+00 | Total=4.81e+00
   568.3s | Epoch  1800 | BTE=9.89e-01 | Energy=4.15e-01 | BC=2.47e-02 | 
IC_n=6.37e-03 | IC_T=0.00e+00 | dT=0.00e+00 | WP=3.29e+00 | GE=1.12e-04 | 
Amp=0.00e+00 | Total=4.72e+00
   632.7s | Epoch  2000 | BTE=9.14e-01 | Energy=3.94e-01 | BC=2.65e-02 | 
IC_n=3.15e-03 | IC_T=0.00e+00 | dT=0.00e+00 | WP=3.39e+00 | GE=5.12e-05 | 
Amp=0.00e+00 | Total=4.73e+00
   693.9s | Epoch  2200 | BTE=9.61e-01 | Energy=3.75e-01 | BC=2.76e-02 | 
IC_n=3.38e-03 | IC_T=0.00e+00 | dT=0.00e+00 | WP=3.39e+00 | GE=7.77e-05 | 
Amp=0.00e+00 | Total=4.75e+00
   756.9s | Epoch  2400 | BTE=9.90e-01 | Energy=3.98e-01 | BC=2.84e-02 | 
IC_n=3.16e-03 | IC_T=0.00e+00 | dT=0.00e+00 | WP=3.28e+00 | GE=9.66e-06 | 
Amp=0.00e+00 | Total=4.70e+00
   819.4s | Epoch  2600 | BTE=9.61e-01 | Energy=3.76e-01 | BC=2.74e-02 | 
IC_n=2.47e-03 | IC_T=0.00e+00 | dT=0.00e+00 | WP=3.28e+00 | GE=1.54e-05 | 
Amp=0.00e+00 | Total=4.64e+00
   882.7s | Epoch  2800 | BTE=9.93e-01 | Energy=4.06e-01 | BC=2.45e-02 | 
IC_n=3.39e-03 | IC_T=0.00e+00 | dT=0.00e+00 | WP=3.34e+00 | GE=8.95e-05 | 
Amp=0.00e+00 | Total=4.77e+00
   942.8s | Epoch  3000 | BTE=9.44e-01 | Energy=3.48e-01 | BC=2.49e-02 | 
IC_n=2.51e-03 | IC_T=0.00e+00 | dT=0.00e+00 | WP=3.36e+00 | GE=9.45e-05 | 
Amp=0.00e+00 | Total=4.68e+00
  1006.8s | Epoch  3200 | BTE=9.52e-01 | Energy=3.48e-01 | BC=2.39e-02 | 
IC_n=6.36e-03 | IC_T=0.00e+00 | dT=0.00e+00 | WP=3.38e+00 | GE=1.60e-07 | 
Amp=0.00e+00 | Total=4.71e+00
  1068.4s | Epoch  3400 | BTE=9.08e-01 | Energy=3.25e-01 | BC=2.57e-02 | 
IC_n=6.17e-03 | IC_T=0.00e+00 | dT=0.00e+00 | WP=3.33e+00 | GE=1.79e-04 | 
Amp=0.00e+00 | Total=4.60e+00
  1130.8s | Epoch  3600 | BTE=9.51e-01 | Energy=3.15e-01 | BC=2.49e-02 | 
IC_n=8.31e-03 | IC_T=0.00e+00 | dT=0.00e+00 | WP=3.35e+00 | GE=4.93e-05 | 
Amp=0.00e+00 | Total=4.65e+00
  1194.2s | Epoch  3800 | BTE=8.54e-01 | Energy=3.50e-01 | BC=2.50e-02 | 
IC_n=5.69e-03 | IC_T=0.00e+00 | dT=0.00e+00 | WP=3.24e+00 | GE=2.03e-04 | 
Amp=0.00e+00 | Total=4.48e+00
  1256.9s | Epoch  4000 | BTE=8.39e-01 | Energy=3.22e-01 | BC=2.45e-02 | 
IC_n=2.33e-03 | IC_T=0.00e+00 | dT=0.00e+00 | WP=3.32e+00 | GE=3.22e-05 | 
Amp=0.00e+00 | Total=4.51e+00
  1320.1s | Epoch  4200 | BTE=9.37e-01 | Energy=3.29e-01 | BC=2.69e-02 | 
IC_n=3.81e-03 | IC_T=0.00e+00 | dT=0.00e+00 | WP=3.27e+00 | GE=2.97e-04 | 
Amp=0.00e+00 | Total=4.57e+00
  1382.8s | Epoch  4400 | BTE=9.12e-01 | Energy=3.31e-01 | BC=2.40e-02 | 
IC_n=2.50e-03 | IC_T=0.00e+00 | dT=0.00e+00 | WP=3.24e+00 | GE=3.68e-06 | 
Amp=0.00e+00 | Total=4.51e+00
  1444.0s | Epoch  4600 | BTE=7.68e-01 | Energy=3.13e-01 | BC=2.36e-02 | 
IC_n=6.04e-03 | IC_T=0.00e+00 | dT=0.00e+00 | WP=3.10e+00 | GE=2.17e-04 | 
Amp=0.00e+00 | Total=4.21e+00
  1506.8s | Epoch  4800 | BTE=7.62e-01 | Energy=3.00e-01 | BC=2.20e-02 | 
IC_n=7.98e-03 | IC_T=0.00e+00 | dT=0.00e+00 | WP=2.93e+00 | GE=9.62e-07 | 
Amp=0.00e+00 | Total=4.02e+00
  1570.5s | Epoch  5000 | BTE=7.31e-01 | Energy=2.57e-01 | BC=1.88e-02 | 
IC_n=4.24e-03 | IC_T=0.00e+00 | dT=0.00e+00 | WP=2.61e+00 | GE=8.28e-05 | 
Amp=0.00e+00 | Total=3.62e+00
  1633.6s | Epoch  5200 | BTE=6.79e-01 | Energy=2.07e-01 | BC=1.97e-02 | 
IC_n=3.30e-03 | IC_T=0.00e+00 | dT=0.00e+00 | WP=2.12e+00 | GE=1.66e-05 | 
Amp=0.00e+00 | Total=3.03e+00
  1696.8s | Epoch  5400 | BTE=6.24e-01 | Energy=1.65e-01 | BC=1.21e-02 | 
IC_n=1.79e-03 | IC_T=0.00e+00 | dT=0.00e+00 | WP=1.55e+00 | GE=4.44e-05 | 
Amp=0.00e+00 | Total=2.36e+00
  1759.5s | Epoch  5600 | BTE=3.77e-01 | Energy=1.21e-01 | BC=9.04e-03 | 
IC_n=1.01e-02 | IC_T=0.00e+00 | dT=0.00e+00 | WP=1.06e+00 | GE=7.34e-05 | 
Amp=0.00e+00 | Total=1.58e+00
  1822.5s | Epoch  5800 | BTE=3.68e-01 | Energy=7.48e-02 | BC=6.63e-03 | 
IC_n=1.15e-03 | IC_T=0.00e+00 | dT=0.00e+00 | WP=7.78e-01 | GE=7.15e-06 | 
Amp=0.00e+00 | Total=1.23e+00
  1885.5s | Epoch  6000 | BTE=3.01e-01 | Energy=5.54e-02 | BC=4.80e-03 | 
IC_n=2.74e-03 | IC_T=0.00e+00 | dT=0.00e+00 | WP=4.83e-01 | GE=3.75e-05 | 
Amp=0.00e+00 | Total=8.47e-01
  1949.6s | Epoch  6200 | BTE=2.88e-01 | Energy=3.16e-02 | BC=3.08e-03 | 
IC_n=1.30e-03 | IC_T=0.00e+00 | dT=0.00e+00 | WP=2.93e-01 | GE=2.95e-05 | 
Amp=0.00e+00 | Total=6.18e-01
  2011.6s | Epoch  6400 | BTE=2.07e-01 | Energy=4.18e-02 | BC=2.33e-03 | 
IC_n=6.74e-03 | IC_T=0.00e+00 | dT=0.00e+00 | WP=1.99e-01 | GE=1.16e-07 | 
Amp=0.00e+00 | Total=4.57e-01
  2074.9s | Epoch  6600 | BTE=2.93e-01 | Energy=2.40e-02 | BC=1.79e-03 | 
IC_n=1.37e-03 | IC_T=0.00e+00 | dT=0.00e+00 | WP=1.63e-01 | GE=3.48e-05 | 
Amp=0.00e+00 | Total=4.84e-01
  2138.6s | Epoch  6800 | BTE=2.38e-01 | Energy=1.93e-02 | BC=1.59e-03 | 
IC_n=1.78e-03 | IC_T=0.00e+00 | dT=0.00e+00 | WP=1.24e-01 | GE=2.52e-06 | 
Amp=0.00e+00 | Total=3.85e-01
  2203.0s | Epoch  7000 | BTE=1.98e-01 | Energy=3.76e-02 | BC=1.30e-03 | 
IC_n=7.82e-03 | IC_T=0.00e+00 | dT=0.00e+00 | WP=9.99e-02 | GE=3.73e-06 | 
Amp=0.00e+00 | Total=3.45e-01
  2266.1s | Epoch  7200 | BTE=1.77e-01 | Energy=1.60e-02 | BC=1.26e-03 | 
IC_n=1.92e-03 | IC_T=0.00e+00 | dT=0.00e+00 | WP=7.71e-02 | GE=3.30e-06 | 
Amp=0.00e+00 | Total=2.74e-01
  2329.1s | Epoch  7400 | BTE=2.03e-01 | Energy=1.14e-02 | BC=1.17e-03 | 
IC_n=1.70e-03 | IC_T=0.00e+00 | dT=0.00e+00 | WP=6.13e-02 | GE=5.85e-09 | 
Amp=0.00e+00 | Total=2.78e-01
  2391.2s | Epoch  7600 | BTE=1.45e-01 | Energy=1.33e-02 | BC=1.09e-03 | 
IC_n=8.80e-03 | IC_T=0.00e+00 | dT=0.00e+00 | WP=6.35e-02 | GE=1.33e-06 | 
Amp=0.00e+00 | Total=2.32e-01
  2453.4s | Epoch  7800 | BTE=2.05e-01 | Energy=1.32e-02 | BC=9.96e-04 | 
IC_n=2.63e-03 | IC_T=0.00e+00 | dT=0.00e+00 | WP=5.57e-02 | GE=5.29e-06 | 
Amp=0.00e+00 | Total=2.78e-01
  2514.9s | Epoch  8000 | BTE=1.78e-01 | Energy=1.14e-02 | BC=1.05e-03 | 
IC_n=2.34e-03 | IC_T=0.00e+00 | dT=0.00e+00 | WP=4.72e-02 | GE=1.43e-06 | 
Amp=0.00e+00 | Total=2.40e-01
  2578.7s | Epoch  8200 | BTE=1.61e-01 | Energy=1.08e-02 | BC=9.32e-04 | 
IC_n=3.35e-03 | IC_T=0.00e+00 | dT=0.00e+00 | WP=4.27e-02 | GE=2.37e-07 | 
Amp=0.00e+00 | Total=2.19e-01
  2640.2s | Epoch  8400 | BTE=1.61e-01 | Energy=1.11e-02 | BC=7.82e-04 | 
IC_n=7.02e-03 | IC_T=0.00e+00 | dT=0.00e+00 | WP=3.62e-02 | GE=1.37e-06 | 
Amp=0.00e+00 | Total=2.16e-01
  2704.0s | Epoch  8600 | BTE=1.17e-01 | Energy=7.94e-03 | BC=7.34e-04 | 
IC_n=6.69e-03 | IC_T=0.00e+00 | dT=0.00e+00 | WP=3.55e-02 | GE=4.17e-06 | 
Amp=0.00e+00 | Total=1.68e-01
  2767.4s | Epoch  8800 | BTE=1.87e-01 | Energy=1.23e-02 | BC=7.09e-04 | 
IC_n=3.57e-03 | IC_T=0.00e+00 | dT=0.00e+00 | WP=3.07e-02 | GE=1.91e-06 | 
Amp=0.00e+00 | Total=2.34e-01
  2829.7s | Epoch  9000 | BTE=1.05e-01 | Energy=7.78e-03 | BC=6.72e-04 | 
IC_n=6.30e-03 | IC_T=0.00e+00 | dT=0.00e+00 | WP=3.27e-02 | GE=6.95e-06 | 
Amp=0.00e+00 | Total=1.53e-01
  2892.0s | Epoch  9200 | BTE=1.16e-01 | Energy=8.73e-03 | BC=6.32e-04 | 
IC_n=5.99e-03 | IC_T=0.00e+00 | dT=0.00e+00 | WP=2.96e-02 | GE=2.22e-07 | 
Amp=0.00e+00 | Total=1.61e-01
  2953.9s | Epoch  9400 | BTE=1.75e-01 | Energy=1.21e-02 | BC=6.16e-04 | 
IC_n=3.79e-03 | IC_T=0.00e+00 | dT=0.00e+00 | WP=3.02e-02 | GE=1.49e-06 | 
Amp=0.00e+00 | Total=2.22e-01
  3017.8s | Epoch  9600 | BTE=9.65e-02 | Energy=7.76e-03 | BC=5.66e-04 | 
IC_n=6.81e-03 | IC_T=0.00e+00 | dT=0.00e+00 | WP=2.83e-02 | GE=1.80e-06 | 
Amp=0.00e+00 | Total=1.40e-01
  3079.7s | Epoch  9800 | BTE=9.37e-02 | Energy=7.13e-03 | BC=5.66e-04 | 
IC_n=5.53e-03 | IC_T=0.00e+00 | dT=0.00e+00 | WP=2.33e-02 | GE=4.73e-07 | 
Amp=0.00e+00 | Total=1.30e-01
  3143.7s | Epoch 10000 | BTE=7.35e-02 | Energy=1.01e-02 | BC=5.53e-04 | 
IC_n=4.60e-03 | IC_T=0.00e+00 | dT=0.00e+00 | WP=2.18e-02 | GE=5.03e-06 | 
Amp=0.00e+00 | Total=1.10e-01
  3206.8s | Epoch 10200 | BTE=7.18e-02 | Energy=7.31e-03 | BC=5.35e-04 | 
IC_n=8.28e-03 | IC_T=0.00e+00 | dT=0.00e+00 | WP=2.38e-02 | GE=5.01e-06 | 
Amp=0.00e+00 | Total=1.12e-01
  3269.2s | Epoch 10400 | BTE=9.90e-02 | Energy=7.22e-03 | BC=5.05e-04 | 
IC_n=6.30e-03 | IC_T=0.00e+00 | dT=0.00e+00 | WP=2.01e-02 | GE=1.95e-06 | 
Amp=0.00e+00 | Total=1.33e-01
  3331.6s | Epoch 10600 | BTE=8.51e-02 | Energy=5.44e-03 | BC=5.01e-04 | 
IC_n=4.38e-03 | IC_T=0.00e+00 | dT=0.00e+00 | WP=1.83e-02 | GE=8.61e-07 | 
Amp=0.00e+00 | Total=1.14e-01
  3395.6s | Epoch 10800 | BTE=5.11e-02 | Energy=7.48e-03 | BC=4.87e-04 | 
IC_n=8.94e-03 | IC_T=0.00e+00 | dT=0.00e+00 | WP=1.92e-02 | GE=5.02e-09 | 
Amp=0.00e+00 | Total=8.72e-02
  3459.6s | Epoch 11000 | BTE=8.48e-02 | Energy=1.61e-02 | BC=4.80e-04 | 
IC_n=3.88e-03 | IC_T=0.00e+00 | dT=0.00e+00 | WP=1.69e-02 | GE=2.09e-08 | 
Amp=0.00e+00 | Total=1.22e-01
  3521.0s | Epoch 11200 | BTE=7.66e-02 | Energy=6.56e-03 | BC=4.81e-04 | 
IC_n=5.13e-03 | IC_T=0.00e+00 | dT=0.00e+00 | WP=1.54e-02 | GE=3.35e-06 | 
Amp=0.00e+00 | Total=1.04e-01
  3583.2s | Epoch 11400 | BTE=4.96e-02 | Energy=1.53e-02 | BC=4.68e-04 | 
IC_n=8.33e-03 | IC_T=0.00e+00 | dT=0.00e+00 | WP=1.75e-02 | GE=3.20e-06 | 
Amp=0.00e+00 | Total=9.13e-02
  3646.3s | Epoch 11600 | BTE=8.94e-02 | Energy=5.45e-03 | BC=4.60e-04 | 
IC_n=5.27e-03 | IC_T=0.00e+00 | dT=0.00e+00 | WP=1.58e-02 | GE=6.35e-08 | 
Amp=0.00e+00 | Total=1.16e-01
  3709.0s | Epoch 11800 | BTE=8.07e-02 | Energy=6.02e-03 | BC=4.49e-04 | 
IC_n=5.42e-03 | IC_T=0.00e+00 | dT=0.00e+00 | WP=1.55e-02 | GE=7.11e-06 | 
Amp=0.00e+00 | Total=1.08e-01
  3771.0s | Epoch 12000 | BTE=7.68e-02 | Energy=5.65e-03 | BC=4.44e-04 | 
IC_n=5.53e-03 | IC_T=0.00e+00 | dT=0.00e+00 | WP=1.52e-02 | GE=8.40e-08 | 
Amp=0.00e+00 | Total=1.04e-01
  3834.1s | Epoch 12200 | BTE=6.93e-02 | Energy=3.57e-03 | BC=4.28e-04 | 
IC_n=5.08e-03 | IC_T=0.00e+00 | dT=0.00e+00 | WP=1.47e-02 | GE=5.45e-06 | 
Amp=0.00e+00 | Total=9.31e-02
  3897.8s | Epoch 12400 | BTE=6.03e-02 | Energy=4.93e-03 | BC=4.17e-04 | 
IC_n=6.49e-03 | IC_T=0.00e+00 | dT=0.00e+00 | WP=1.40e-02 | GE=4.98e-07 | 
Amp=0.00e+00 | Total=8.61e-02
  3960.2s | Epoch 12600 | BTE=5.86e-02 | Energy=5.92e-03 | BC=4.21e-04 | 
IC_n=4.62e-03 | IC_T=0.00e+00 | dT=0.00e+00 | WP=1.48e-02 | GE=3.70e-06 | 
Amp=0.00e+00 | Total=8.44e-02
  4021.5s | Epoch 12800 | BTE=5.80e-02 | Energy=4.31e-03 | BC=4.07e-04 | 
IC_n=4.82e-03 | IC_T=0.00e+00 | dT=0.00e+00 | WP=1.32e-02 | GE=1.06e-05 | 
Amp=0.00e+00 | Total=8.08e-02
  4085.6s | Epoch 13000 | BTE=6.02e-02 | Energy=4.20e-03 | BC=4.05e-04 | 
IC_n=5.30e-03 | IC_T=0.00e+00 | dT=0.00e+00 | WP=1.46e-02 | GE=2.01e-06 | 
Amp=0.00e+00 | Total=8.47e-02
  4147.3s | Epoch 13200 | BTE=7.47e-02 | Energy=3.84e-03 | BC=4.06e-04 | 
IC_n=4.67e-03 | IC_T=0.00e+00 | dT=0.00e+00 | WP=1.47e-02 | GE=2.53e-07 | 
Amp=0.00e+00 | Total=9.83e-02
  4210.6s | Epoch 13400 | BTE=5.02e-02 | Energy=3.68e-03 | BC=4.01e-04 | 
IC_n=4.58e-03 | IC_T=0.00e+00 | dT=0.00e+00 | WP=1.53e-02 | GE=6.46e-07 | 
Amp=0.00e+00 | Total=7.42e-02
  4273.6s | Epoch 13600 | BTE=4.89e-02 | Energy=4.13e-03 | BC=4.00e-04 | 
IC_n=4.90e-03 | IC_T=0.00e+00 | dT=0.00e+00 | WP=1.49e-02 | GE=4.58e-06 | 
Amp=0.00e+00 | Total=7.32e-02
  4336.3s | Epoch 13800 | BTE=5.20e-02 | Energy=3.83e-03 | BC=4.05e-04 | 
IC_n=4.80e-03 | IC_T=0.00e+00 | dT=0.00e+00 | WP=1.42e-02 | GE=2.17e-06 | 
Amp=0.00e+00 | Total=7.53e-02
  4398.8s | Epoch 14000 | BTE=5.75e-02 | Energy=3.55e-03 | BC=3.92e-04 | 
IC_n=4.74e-03 | IC_T=0.00e+00 | dT=0.00e+00 | WP=1.26e-02 | GE=2.06e-07 | 
Amp=0.00e+00 | Total=7.87e-02
  4463.5s | Epoch 14200 | BTE=5.65e-02 | Energy=3.44e-03 | BC=4.01e-04 | 
IC_n=4.82e-03 | IC_T=0.00e+00 | dT=0.00e+00 | WP=1.29e-02 | GE=9.78e-07 | 
Amp=0.00e+00 | Total=7.81e-02
  4527.2s | Epoch 14400 | BTE=5.14e-02 | Energy=3.83e-03 | BC=3.96e-04 | 
IC_n=4.72e-03 | IC_T=0.00e+00 | dT=0.00e+00 | WP=1.33e-02 | GE=3.06e-06 | 
Amp=0.00e+00 | Total=7.37e-02
  4590.1s | Epoch 14600 | BTE=5.73e-02 | Energy=3.76e-03 | BC=3.96e-04 | 
IC_n=5.29e-03 | IC_T=0.00e+00 | dT=0.00e+00 | WP=1.27e-02 | GE=1.49e-06 | 
Amp=0.00e+00 | Total=7.94e-02
  4653.2s | Epoch 14800 | BTE=5.16e-02 | Energy=3.52e-03 | BC=3.91e-04 | 
IC_n=4.89e-03 | IC_T=0.00e+00 | dT=0.00e+00 | WP=1.23e-02 | GE=4.65e-06 | 
Amp=0.00e+00 | Total=7.27e-02
╭───────────────────────────── Training Complete ──────────────────────────────╮
│   Time      4716.37s                                                         │
│   Output    runs/transient/1d_nongray_large_dt_1.0um_100K/20260707_061448    │
│   Saved     net_T_20260707_061448.pt                                         │
│   Saved     net_n_20260707_061448.pt                                         │
│   Saved     net_beta_20260707_061448.pt                                      │
╰──────────────────────────────────────────────────────────────────────────────╯
Results saved to: 
runs/transient/1d_nongray_large_dt_1.0um_100K/20260707_061448/20260707_061448_re
sults.npz
  Generating visualizations...
  Amplitude: A(0)=50.0000, A(end)=0.5007 (99.0% decay)
  Energy drift: 0.0062
  ⚠ Oscillation at t≈23τ
  Saved: 
runs/transient/1d_nongray_large_dt_1.0um_100K/20260707_061448/amplitude_decay_20
260707_061448.png

Done!
