[spectral-pn] case: L=0.01 um, Nk=20, L_max=8, run=20260810_134649
[spectral-pn] window t_end=1.636e-11 s (2.4 tau_ref), gamma_dom=4.2778e+11 Hz
[spectral-pn] window mode=n_decay rule=n_decay (t_1% at 0.01*A0: nan s; n_dec=7/gamma_dom: 1.6363e-11 s)
  epoch      0  residual 3.951e-03
  epoch    250  residual 1.175e-05
  epoch    500  residual 7.273e-06
  epoch    750  residual 5.918e-06
  epoch   1000  residual 4.549e-06
  epoch   1250  residual 3.782e-06
  epoch   1500  residual 3.088e-06
  epoch   1750  residual 2.629e-06
  epoch   2000  residual 2.338e-06
  epoch   2250  residual 2.524e-06
  epoch   2500  residual 3.404e-06
  epoch   2750  residual 1.598e-06
  epoch   3000  residual 1.518e-06
  epoch   3250  residual 1.331e-06
  epoch   3500  residual 1.232e-06
  epoch   3750  residual 1.124e-06
  epoch   4000  residual 1.211e-06
  epoch   4250  residual 9.423e-07
  epoch   4500  residual 8.756e-07
  epoch   4750  residual 8.946e-07
  epoch   5000  residual 8.007e-07
  epoch   5250  residual 9.788e-07
  epoch   5500  residual 6.486e-07
  epoch   5750  residual 9.201e-07
  epoch   6000  residual 6.360e-07
  epoch   6250  residual 7.474e-07
  epoch   6500  residual 5.389e-07
  epoch   6750  residual 7.086e-07
  epoch   7000  residual 5.397e-07
  epoch   7250  residual 4.439e-07
  epoch   7500  residual 4.149e-07
  epoch   7750  residual 3.853e-07
  epoch   8000  residual 3.664e-07
  epoch   8250  residual 3.480e-07
  epoch   8500  residual 4.937e-07
  epoch   8750  residual 3.148e-07
  epoch   9000  residual 3.013e-07
  epoch   9250  residual 7.004e-07
  epoch   9500  residual 3.109e-07
  epoch   9750  residual 3.011e-07
  epoch  10000  residual 2.518e-07
  epoch  10250  residual 5.153e-07
  epoch  10500  residual 2.313e-07
  epoch  10750  residual 2.454e-07
  epoch  11000  residual 2.213e-07
  epoch  11250  residual 2.137e-07
  epoch  11500  residual 2.597e-07
  epoch  11750  residual 3.597e-07
  epoch  12000  residual 2.218e-07
  epoch  12250  residual 1.945e-07
  epoch  12500  residual 2.018e-07
  epoch  12750  residual 1.890e-07
  epoch  13000  residual 1.865e-07
  epoch  13250  residual 1.811e-07
  epoch  13500  residual 1.888e-07
  epoch  13750  residual 1.755e-07
  epoch  14000  residual 1.724e-07
  epoch  14250  residual 1.700e-07
  epoch  14500  residual 1.743e-07
  epoch  14750  residual 1.691e-07
  epoch  15000  residual 1.642e-07
  epoch  15250  residual 1.662e-07
  epoch  15500  residual 1.643e-07
  epoch  15750  residual 1.590e-07
  epoch  16000  residual 1.593e-07
  epoch  16250  residual 1.574e-07
  epoch  16500  residual 1.546e-07
  epoch  16750  residual 1.533e-07
  epoch  17000  residual 1.528e-07
  epoch  17250  residual 1.508e-07
  epoch  17500  residual 1.496e-07
  epoch  17750  residual 1.486e-07
  epoch  18000  residual 1.475e-07
  epoch  18250  residual 1.467e-07
  epoch  18500  residual 1.458e-07
  epoch  18750  residual 1.446e-07
  epoch  19000  residual 1.437e-07
  epoch  19250  residual 1.430e-07
  epoch  19500  residual 1.420e-07
  epoch  19750  residual 1.411e-07
  epoch  19999  residual 1.404e-07
  [gamma] epoch      0  gamma_ratio 1.3139  residual 3.951e-03
  [gamma] epoch    250  gamma_ratio 1.1613  residual 1.175e-05
  [gamma] epoch    500  gamma_ratio 0.9909  residual 7.273e-06
  [gamma] epoch    750  gamma_ratio 0.9751  residual 5.918e-06
  [gamma] epoch   1000  gamma_ratio 0.9569  residual 4.549e-06
  [gamma] epoch   1250  gamma_ratio 0.9491  residual 3.782e-06
  [gamma] epoch   1500  gamma_ratio 0.9641  residual 3.088e-06
  [gamma] epoch   1750  gamma_ratio 0.9746  residual 2.629e-06
  [gamma] epoch   2000  gamma_ratio 0.9734  residual 2.338e-06
  [gamma] epoch   2250  gamma_ratio 0.9885  residual 2.524e-06
  [gamma] epoch   2500  gamma_ratio 0.9966  residual 3.404e-06
  [gamma] epoch   2750  gamma_ratio 0.9828  residual 1.598e-06
  [gamma] epoch   3000  gamma_ratio 0.9846  residual 1.518e-06
  [gamma] epoch   3250  gamma_ratio 0.9883  residual 1.331e-06
  [gamma] epoch   3500  gamma_ratio 0.9934  residual 1.232e-06
  [gamma] epoch   3750  gamma_ratio 0.9985  residual 1.124e-06
  [gamma] epoch   4000  gamma_ratio 1.0019  residual 1.211e-06
  [gamma] epoch   4250  gamma_ratio 1.0079  residual 9.423e-07
  [gamma] epoch   4500  gamma_ratio 1.0127  residual 8.756e-07
  [gamma] epoch   4750  gamma_ratio 1.0158  residual 8.946e-07
  [gamma] epoch   5000  gamma_ratio 1.0122  residual 8.007e-07
  [gamma] epoch   5250  gamma_ratio 1.0131  residual 9.788e-07
  [gamma] epoch   5500  gamma_ratio 1.0075  residual 6.486e-07
  [gamma] epoch   5750  gamma_ratio 1.0085  residual 9.201e-07
  [gamma] epoch   6000  gamma_ratio 1.0056  residual 6.360e-07
  [gamma] epoch   6250  gamma_ratio 1.0037  residual 7.474e-07
  [gamma] epoch   6500  gamma_ratio 1.0032  residual 5.389e-07
  [gamma] epoch   6750  gamma_ratio 1.0026  residual 7.086e-07
  [gamma] epoch   7000  gamma_ratio 1.0030  residual 5.397e-07
  [gamma] epoch   7250  gamma_ratio 1.0020  residual 4.439e-07
  [gamma] epoch   7500  gamma_ratio 1.0027  residual 4.149e-07
  [gamma] epoch   7750  gamma_ratio 1.0029  residual 3.853e-07
  [gamma] epoch   8000  gamma_ratio 1.0030  residual 3.664e-07
  [gamma] epoch   8250  gamma_ratio 1.0030  residual 3.480e-07
  [gamma] epoch   8500  gamma_ratio 1.0054  residual 4.937e-07
  [gamma] epoch   8750  gamma_ratio 1.0045  residual 3.148e-07
  [gamma] epoch   9000  gamma_ratio 1.0045  residual 3.013e-07
  [gamma] epoch   9250  gamma_ratio 1.0066  residual 7.004e-07
  [gamma] epoch   9500  gamma_ratio 1.0053  residual 3.109e-07
  [gamma] epoch   9750  gamma_ratio 1.0073  residual 3.011e-07
  [gamma] epoch  10000  gamma_ratio 1.0053  residual 2.518e-07
  [gamma] epoch  10250  gamma_ratio 1.0024  residual 5.153e-07
  [gamma] epoch  10500  gamma_ratio 1.0054  residual 2.313e-07
  [gamma] epoch  10750  gamma_ratio 1.0050  residual 2.454e-07
  [gamma] epoch  11000  gamma_ratio 1.0056  residual 2.213e-07
  [gamma] epoch  11250  gamma_ratio 1.0051  residual 2.137e-07
  [gamma] epoch  11500  gamma_ratio 1.0038  residual 2.597e-07
  [gamma] epoch  11750  gamma_ratio 1.0060  residual 3.597e-07
  [gamma] epoch  12000  gamma_ratio 1.0043  residual 2.218e-07
  [gamma] epoch  12250  gamma_ratio 1.0038  residual 1.945e-07
  [gamma] epoch  12500  gamma_ratio 1.0051  residual 2.018e-07
  [gamma] epoch  12750  gamma_ratio 1.0037  residual 1.890e-07
  [gamma] epoch  13000  gamma_ratio 1.0038  residual 1.865e-07
  [gamma] epoch  13250  gamma_ratio 1.0037  residual 1.811e-07
  [gamma] epoch  13500  gamma_ratio 1.0042  residual 1.888e-07
  [gamma] epoch  13750  gamma_ratio 1.0029  residual 1.755e-07
  [gamma] epoch  14000  gamma_ratio 1.0031  residual 1.724e-07
  [gamma] epoch  14250  gamma_ratio 1.0031  residual 1.700e-07
  [gamma] epoch  14500  gamma_ratio 1.0031  residual 1.743e-07
  [gamma] epoch  14750  gamma_ratio 1.0025  residual 1.691e-07
  [gamma] epoch  15000  gamma_ratio 1.0031  residual 1.642e-07
  [gamma] epoch  15250  gamma_ratio 1.0028  residual 1.662e-07
  [gamma] epoch  15500  gamma_ratio 1.0027  residual 1.643e-07
  [gamma] epoch  15750  gamma_ratio 1.0027  residual 1.590e-07
  [gamma] epoch  16000  gamma_ratio 1.0031  residual 1.593e-07
  [gamma] epoch  16250  gamma_ratio 1.0024  residual 1.574e-07
  [gamma] epoch  16500  gamma_ratio 1.0025  residual 1.546e-07
  [gamma] epoch  16750  gamma_ratio 1.0025  residual 1.533e-07
  [gamma] epoch  17000  gamma_ratio 1.0024  residual 1.528e-07
  [gamma] epoch  17250  gamma_ratio 1.0023  residual 1.508e-07
  [gamma] epoch  17500  gamma_ratio 1.0023  residual 1.496e-07
  [gamma] epoch  17750  gamma_ratio 1.0022  residual 1.486e-07
  [gamma] epoch  18000  gamma_ratio 1.0023  residual 1.475e-07
  [gamma] epoch  18250  gamma_ratio 1.0023  residual 1.467e-07
  [gamma] epoch  18500  gamma_ratio 1.0024  residual 1.458e-07
  [gamma] epoch  18750  gamma_ratio 1.0021  residual 1.446e-07
  [gamma] epoch  19000  gamma_ratio 1.0020  residual 1.437e-07
  [gamma] epoch  19250  gamma_ratio 1.0020  residual 1.430e-07
  [gamma] epoch  19500  gamma_ratio 1.0020  residual 1.420e-07
  [gamma] epoch  19750  gamma_ratio 1.0020  residual 1.411e-07
  [gamma] epoch  19999  gamma_ratio 1.0019  residual 1.404e-07
  [shape] epoch      0  rmse=0.08323  max_abs_dA=0.195  int_signed_dA=-4.508e-13  int_abs_dA=9.487e-13  A_min=-0.01154  max_dA_fwd=0.0002173
  [shape] epoch    250  rmse=0.05309  max_abs_dA=0.1255  int_signed_dA=-1.885e-13  int_abs_dA=6.171e-13  A_min=0.00234  max_dA_fwd=0.0001205
  [shape] epoch    500  rmse=0.05233  max_abs_dA=0.1003  int_signed_dA=1.603e-13  int_abs_dA=7.474e-13  A_min=0.01986  max_dA_fwd=0.0001063
  [shape] epoch    750  rmse=0.04308  max_abs_dA=0.07344  int_signed_dA=1.99e-13  int_abs_dA=6.113e-13  A_min=0.0144  max_dA_fwd=5.584e-05
  [shape] epoch   1000  rmse=0.0353  max_abs_dA=0.0635  int_signed_dA=2.45e-13  int_abs_dA=4.97e-13  A_min=0.01115  max_dA_fwd=4.815e-05
  [shape] epoch   1250  rmse=0.03247  max_abs_dA=0.06033  int_signed_dA=2.653e-13  int_abs_dA=4.531e-13  A_min=0.01052  max_dA_fwd=4.461e-05
  [shape] epoch   1500  rmse=0.02725  max_abs_dA=0.05287  int_signed_dA=2.265e-13  int_abs_dA=3.586e-13  A_min=0.003652  max_dA_fwd=4.37e-05
  [shape] epoch   1750  rmse=0.02467  max_abs_dA=0.04949  int_signed_dA=1.99e-13  int_abs_dA=3.02e-13  A_min=-0.00131  max_dA_fwd=3.911e-05
  [shape] epoch   2000  rmse=0.02391  max_abs_dA=0.04881  int_signed_dA=1.925e-13  int_abs_dA=2.854e-13  A_min=-0.003737  max_dA_fwd=2.678e-05
  [shape] epoch   2250  rmse=0.02079  max_abs_dA=0.04292  int_signed_dA=1.24e-13  int_abs_dA=2.622e-13  A_min=-0.007669  max_dA_fwd=2.005e-05
  [shape] epoch   2500  rmse=0.01899  max_abs_dA=0.03902  int_signed_dA=6.371e-14  int_abs_dA=2.557e-13  A_min=-0.01052  max_dA_fwd=6.107e-06
  [shape] epoch   2750  rmse=0.02015  max_abs_dA=0.04254  int_signed_dA=1.07e-13  int_abs_dA=2.584e-13  A_min=-0.008896  max_dA_fwd=2.047e-06
  [shape] epoch   3000  rmse=0.01919  max_abs_dA=0.04009  int_signed_dA=1.013e-13  int_abs_dA=2.478e-13  A_min=-0.008885  max_dA_fwd=6.649e-06
  [shape] epoch   3250  rmse=0.01758  max_abs_dA=0.03605  int_signed_dA=8.925e-14  int_abs_dA=2.296e-13  A_min=-0.008912  max_dA_fwd=1.873e-05
  [shape] epoch   3500  rmse=0.01654  max_abs_dA=0.03376  int_signed_dA=8.308e-14  int_abs_dA=2.163e-13  A_min=-0.008252  max_dA_fwd=2.818e-05
  [shape] epoch   3750  rmse=0.01521  max_abs_dA=0.03051  int_signed_dA=7.163e-14  int_abs_dA=2.009e-13  A_min=-0.008097  max_dA_fwd=3.98e-05
  [shape] epoch   4000  rmse=0.01461  max_abs_dA=0.02983  int_signed_dA=8.126e-14  int_abs_dA=1.869e-13  A_min=-0.006581  max_dA_fwd=4.698e-05
  [shape] epoch   4250  rmse=0.01272  max_abs_dA=0.02567  int_signed_dA=6.179e-14  int_abs_dA=1.655e-13  A_min=-0.006261  max_dA_fwd=6.243e-05
  [shape] epoch   4500  rmse=0.01147  max_abs_dA=0.02371  int_signed_dA=5.548e-14  int_abs_dA=1.47e-13  A_min=-0.006581  max_dA_fwd=7.16e-05
  [shape] epoch   4750  rmse=0.01044  max_abs_dA=0.02246  int_signed_dA=6.324e-14  int_abs_dA=1.3e-13  A_min=-0.007997  max_dA_fwd=7.974e-05
  [shape] epoch   5000  rmse=0.009657  max_abs_dA=0.02122  int_signed_dA=5.57e-14  int_abs_dA=1.204e-13  A_min=-0.01029  max_dA_fwd=7.959e-05
  [shape] epoch   5250  rmse=0.00897  max_abs_dA=0.01999  int_signed_dA=6.059e-14  int_abs_dA=1.127e-13  A_min=-0.0115  max_dA_fwd=8.846e-05
  [shape] epoch   5500  rmse=0.008297  max_abs_dA=0.01875  int_signed_dA=5.221e-14  int_abs_dA=1.043e-13  A_min=-0.01376  max_dA_fwd=8.643e-05
  [shape] epoch   5750  rmse=0.007732  max_abs_dA=0.01739  int_signed_dA=3.37e-14  int_abs_dA=1.012e-13  A_min=-0.01502  max_dA_fwd=8.298e-05
  [shape] epoch   6000  rmse=0.00793  max_abs_dA=0.01788  int_signed_dA=4.722e-14  int_abs_dA=1.03e-13  A_min=-0.01451  max_dA_fwd=7.851e-05
  [shape] epoch   6250  rmse=0.007245  max_abs_dA=0.01596  int_signed_dA=3.431e-14  int_abs_dA=9.592e-14  A_min=-0.01615  max_dA_fwd=7.851e-05
  [shape] epoch   6500  rmse=0.00729  max_abs_dA=0.01617  int_signed_dA=4.678e-14  int_abs_dA=9.463e-14  A_min=-0.01513  max_dA_fwd=7.743e-05
  [shape] epoch   6750  rmse=0.008004  max_abs_dA=0.01794  int_signed_dA=7.089e-14  int_abs_dA=9.88e-14  A_min=-0.01259  max_dA_fwd=7.567e-05
  [shape] epoch   7000  rmse=0.007229  max_abs_dA=0.01584  int_signed_dA=5.543e-14  int_abs_dA=9.282e-14  A_min=-0.0143  max_dA_fwd=7.772e-05
  [shape] epoch   7250  rmse=0.006459  max_abs_dA=0.01347  int_signed_dA=4.273e-14  int_abs_dA=8.57e-14  A_min=-0.01617  max_dA_fwd=8.25e-05
  [shape] epoch   7500  rmse=0.006426  max_abs_dA=0.01361  int_signed_dA=4.832e-14  int_abs_dA=8.392e-14  A_min=-0.01554  max_dA_fwd=8.431e-05
  [shape] epoch   7750  rmse=0.006321  max_abs_dA=0.01337  int_signed_dA=4.996e-14  int_abs_dA=8.227e-14  A_min=-0.01547  max_dA_fwd=8.697e-05
  [shape] epoch   8000  rmse=0.006199  max_abs_dA=0.01307  int_signed_dA=5.192e-14  int_abs_dA=8.032e-14  A_min=-0.01545  max_dA_fwd=9.022e-05
  [shape] epoch   8250  rmse=0.006112  max_abs_dA=0.01285  int_signed_dA=5.455e-14  int_abs_dA=7.872e-14  A_min=-0.01538  max_dA_fwd=9.393e-05
  [shape] epoch   8500  rmse=0.006152  max_abs_dA=0.01328  int_signed_dA=5.557e-14  int_abs_dA=7.842e-14  A_min=-0.01473  max_dA_fwd=9.603e-05
  [shape] epoch   8750  rmse=0.005603  max_abs_dA=0.01174  int_signed_dA=4.925e-14  int_abs_dA=7.246e-14  A_min=-0.01606  max_dA_fwd=0.0001017
  [shape] epoch   9000  rmse=0.00575  max_abs_dA=0.0122  int_signed_dA=5.479e-14  int_abs_dA=7.321e-14  A_min=-0.0155  max_dA_fwd=0.0001035
  [shape] epoch   9250  rmse=0.004871  max_abs_dA=0.01024  int_signed_dA=3.747e-14  int_abs_dA=6.384e-14  A_min=-0.01731  max_dA_fwd=0.0001092
  [shape] epoch   9500  rmse=0.005718  max_abs_dA=0.01234  int_signed_dA=5.718e-14  int_abs_dA=7.158e-14  A_min=-0.01521  max_dA_fwd=0.0001081
  [shape] epoch   9750  rmse=0.005011  max_abs_dA=0.01073  int_signed_dA=4.391e-14  int_abs_dA=6.454e-14  A_min=-0.01666  max_dA_fwd=0.0001151
  [shape] epoch  10000  rmse=0.00519  max_abs_dA=0.01112  int_signed_dA=5.253e-14  int_abs_dA=6.516e-14  A_min=-0.01626  max_dA_fwd=0.0001171
  [shape] epoch  10250  rmse=0.005851  max_abs_dA=0.01226  int_signed_dA=6.774e-14  int_abs_dA=7.264e-14  A_min=-0.01515  max_dA_fwd=0.0001182
  [shape] epoch  10500  rmse=0.005014  max_abs_dA=0.0108  int_signed_dA=5.167e-14  int_abs_dA=6.258e-14  A_min=-0.01654  max_dA_fwd=0.0001217
  [shape] epoch  10750  rmse=0.004976  max_abs_dA=0.01075  int_signed_dA=5.291e-14  int_abs_dA=6.174e-14  A_min=-0.01658  max_dA_fwd=0.0001235
  [shape] epoch  11000  rmse=0.00487  max_abs_dA=0.01053  int_signed_dA=5.076e-14  int_abs_dA=6.058e-14  A_min=-0.01679  max_dA_fwd=0.0001258
  [shape] epoch  11250  rmse=0.004848  max_abs_dA=0.0105  int_signed_dA=5.158e-14  int_abs_dA=6.008e-14  A_min=-0.01684  max_dA_fwd=0.0001268
  [shape] epoch  11500  rmse=0.005179  max_abs_dA=0.01111  int_signed_dA=5.976e-14  int_abs_dA=6.403e-14  A_min=-0.01621  max_dA_fwd=0.0001283
  [shape] epoch  11750  rmse=0.00433  max_abs_dA=0.009404  int_signed_dA=4.344e-14  int_abs_dA=5.403e-14  A_min=-0.01787  max_dA_fwd=0.0001323
  [shape] epoch  12000  rmse=0.004836  max_abs_dA=0.01034  int_signed_dA=5.412e-14  int_abs_dA=6.054e-14  A_min=-0.01698  max_dA_fwd=0.0001322
  [shape] epoch  12250  rmse=0.004794  max_abs_dA=0.01025  int_signed_dA=5.458e-14  int_abs_dA=6.012e-14  A_min=-0.01708  max_dA_fwd=0.0001332
  [shape] epoch  12500  rmse=0.004628  max_abs_dA=0.009891  int_signed_dA=4.969e-14  int_abs_dA=5.868e-14  A_min=-0.01741  max_dA_fwd=0.0001347
  [shape] epoch  12750  rmse=0.004676  max_abs_dA=0.009995  int_signed_dA=5.343e-14  int_abs_dA=5.923e-14  A_min=-0.01734  max_dA_fwd=0.0001352
  [shape] epoch  13000  rmse=0.004689  max_abs_dA=0.00996  int_signed_dA=5.348e-14  int_abs_dA=6.019e-14  A_min=-0.01736  max_dA_fwd=0.0001365
  [shape] epoch  13250  rmse=0.004628  max_abs_dA=0.009877  int_signed_dA=5.303e-14  int_abs_dA=5.932e-14  A_min=-0.01745  max_dA_fwd=0.000137
  [shape] epoch  13500  rmse=0.004638  max_abs_dA=0.009934  int_signed_dA=5.246e-14  int_abs_dA=5.961e-14  A_min=-0.0174  max_dA_fwd=0.0001375
  [shape] epoch  13750  rmse=0.004706  max_abs_dA=0.009982  int_signed_dA=5.574e-14  int_abs_dA=6.094e-14  A_min=-0.01737  max_dA_fwd=0.000138
  [shape] epoch  14000  rmse=0.004649  max_abs_dA=0.009857  int_signed_dA=5.46e-14  int_abs_dA=6.046e-14  A_min=-0.01749  max_dA_fwd=0.0001387
  [shape] epoch  14250  rmse=0.004629  max_abs_dA=0.009808  int_signed_dA=5.434e-14  int_abs_dA=6.037e-14  A_min=-0.01754  max_dA_fwd=0.0001392
  [shape] epoch  14500  rmse=0.004565  max_abs_dA=0.009704  int_signed_dA=5.337e-14  int_abs_dA=5.953e-14  A_min=-0.01765  max_dA_fwd=0.0001395
  [shape] epoch  14750  rmse=0.004691  max_abs_dA=0.009926  int_signed_dA=5.633e-14  int_abs_dA=6.136e-14  A_min=-0.01744  max_dA_fwd=0.0001395
  [shape] epoch  15000  rmse=0.004579  max_abs_dA=0.009702  int_signed_dA=5.368e-14  int_abs_dA=6.013e-14  A_min=-0.01765  max_dA_fwd=0.0001403
  [shape] epoch  15250  rmse=0.004621  max_abs_dA=0.009725  int_signed_dA=5.47e-14  int_abs_dA=6.109e-14  A_min=-0.01763  max_dA_fwd=0.0001407
  [shape] epoch  15500  rmse=0.004548  max_abs_dA=0.009592  int_signed_dA=5.386e-14  int_abs_dA=6.01e-14  A_min=-0.01777  max_dA_fwd=0.000141
  [shape] epoch  15750  rmse=0.004607  max_abs_dA=0.009713  int_signed_dA=5.486e-14  int_abs_dA=6.095e-14  A_min=-0.01765  max_dA_fwd=0.000141
  [shape] epoch  16000  rmse=0.004496  max_abs_dA=0.0095  int_signed_dA=5.25e-14  int_abs_dA=5.956e-14  A_min=-0.01785  max_dA_fwd=0.0001415
  [shape] epoch  16250  rmse=0.004637  max_abs_dA=0.009785  int_signed_dA=5.587e-14  int_abs_dA=6.133e-14  A_min=-0.01758  max_dA_fwd=0.0001411
  [shape] epoch  16500  rmse=0.004579  max_abs_dA=0.009642  int_signed_dA=5.472e-14  int_abs_dA=6.081e-14  A_min=-0.01772  max_dA_fwd=0.0001415
  [shape] epoch  16750  rmse=0.004569  max_abs_dA=0.009609  int_signed_dA=5.461e-14  int_abs_dA=6.079e-14  A_min=-0.01775  max_dA_fwd=0.0001417
  [shape] epoch  17000  rmse=0.004604  max_abs_dA=0.009661  int_signed_dA=5.538e-14  int_abs_dA=6.136e-14  A_min=-0.01769  max_dA_fwd=0.0001418
  [shape] epoch  17250  rmse=0.004578  max_abs_dA=0.009612  int_signed_dA=5.513e-14  int_abs_dA=6.104e-14  A_min=-0.01774  max_dA_fwd=0.0001419
  [shape] epoch  17500  rmse=0.004572  max_abs_dA=0.009596  int_signed_dA=5.508e-14  int_abs_dA=6.101e-14  A_min=-0.01776  max_dA_fwd=0.000142
  [shape] epoch  17750  rmse=0.004585  max_abs_dA=0.009612  int_signed_dA=5.55e-14  int_abs_dA=6.124e-14  A_min=-0.01774  max_dA_fwd=0.000142
  [shape] epoch  18000  rmse=0.004549  max_abs_dA=0.009542  int_signed_dA=5.482e-14  int_abs_dA=6.081e-14  A_min=-0.01781  max_dA_fwd=0.0001422
  [shape] epoch  18250  rmse=0.004529  max_abs_dA=0.00949  int_signed_dA=5.448e-14  int_abs_dA=6.065e-14  A_min=-0.01786  max_dA_fwd=0.0001423
  [shape] epoch  18500  rmse=0.004511  max_abs_dA=0.009466  int_signed_dA=5.41e-14  int_abs_dA=6.039e-14  A_min=-0.01788  max_dA_fwd=0.0001424
  [shape] epoch  18750  rmse=0.004553  max_abs_dA=0.009531  int_signed_dA=5.527e-14  int_abs_dA=6.101e-14  A_min=-0.01781  max_dA_fwd=0.0001423
  [shape] epoch  19000  rmse=0.004559  max_abs_dA=0.009535  int_signed_dA=5.555e-14  int_abs_dA=6.114e-14  A_min=-0.01781  max_dA_fwd=0.0001423
  [shape] epoch  19250  rmse=0.004563  max_abs_dA=0.009534  int_signed_dA=5.566e-14  int_abs_dA=6.123e-14  A_min=-0.01781  max_dA_fwd=0.0001424
  [shape] epoch  19500  rmse=0.004546  max_abs_dA=0.009498  int_signed_dA=5.536e-14  int_abs_dA=6.104e-14  A_min=-0.01784  max_dA_fwd=0.0001424
  [shape] epoch  19750  rmse=0.004536  max_abs_dA=0.009477  int_signed_dA=5.525e-14  int_abs_dA=6.094e-14  A_min=-0.01786  max_dA_fwd=0.0001425
  [shape] epoch  19999  rmse=0.004537  max_abs_dA=0.009472  int_signed_dA=5.539e-14  int_abs_dA=6.099e-14  A_min=-0.01786  max_dA_fwd=0.0001425
[spectral-pn] spn-L0.01-s42: loss 3.951e-03 -> 1.404e-07 (x28147 drop)
[spectral-pn] RMSE=0.0045 max|dA|=0.0095 gamma_eff=4.2515e+11 gamma_ratio=1.0019
[spectral-pn] snapshot=final best_epoch=19999 best_loss=1.404e-07 final_loss=1.404e-07
[spectral-pn-shape] cancel=0.908 int_signed_dA=5.5388e-14 int_abs_dA=6.0995e-14 A_min=-1.7861e-02 max_dA_fwd=1.4251e-04
[spectral-pn] saved: runs/transient/p118_joint_repin/abl_L0.01_duhamel
