PINN-BTE Training Log
Run ID: 20260708_114602
Started: 2026-07-08T11:46:10.121810
======================================================================

                    INFO     Logging to:                                        
                             runs/transient/1d_nongray_large_dt_10.0um_100K/2026
                             0708_114602/training_20260708_114602.log           
                    INFO     Logging to:                                        
                             runs/transient/1d_nongray_large_dt_10.0um_100K/2026
                             0708_114602/training_20260708_114602.log           
[07/08/26 11:46:10] INFO     Started W&B run: tr_1d_ng_L10.0um_dT100K ·         
                             20260708_114602 (rbfoe79x)                         
                    INFO     Started W&B run: tr_1d_ng_L10.0um_dT100K ·         
                             20260708_114602 (rbfoe79x)                         

Phase 1: Pretraining β-network
  Temperature range: [250K, 350K]
  Epochs: 200
     0.2s | Epoch     0 | β Loss = 3.15e+00
  β pretraining complete! Final loss: 6.90e-01
╭───────────────────────────── Starting Training ──────────────────────────────╮
│   Mode      Transient_Nongray_LargeDT                                        │
│   Epochs    15000                                                            │
│   Device    cuda                                                             │
│   Run ID    20260708_114602                                                  │
╰──────────────────────────────────────────────────────────────────────────────╯

Phase 2: BTE Training
  L = 10.0 μm, ΔT = 100.0K
  T range: [250K, 350K]
  Kn_eff = 0.0102
  τ(T) model = holland (full branch-resolved Holland--Callaway)
  Waypoints: 24 (random-log), weight=50.0
  ALL 60 modes × ALL 16 angles (vectorized)
  Epochs: 15000
     0.8s | Epoch     0 | BTE=4.73e+00 | Energy=6.81e-02 | BC=1.98e-04 | 
IC_n=4.42e-04 | IC_T=0.00e+00 | dT=1.27e+00 | WP=4.57e+00 | GE=4.13e-04 | 
Amp=0.00e+00 | Total=1.06e+01
    77.2s | Epoch   200 | BTE=6.54e-01 | Energy=6.07e-01 | BC=1.98e-03 | 
IC_n=9.88e-03 | IC_T=0.00e+00 | dT=7.06e-02 | WP=1.02e+00 | GE=3.59e-05 | 
Amp=0.00e+00 | Total=2.37e+00
   154.0s | Epoch   400 | BTE=3.88e-01 | Energy=8.09e-01 | BC=3.15e-03 | 
IC_n=6.47e-03 | IC_T=0.00e+00 | dT=5.49e-02 | WP=5.44e-01 | GE=8.17e-06 | 
Amp=0.00e+00 | Total=1.80e+00
   229.7s | Epoch   600 | BTE=3.08e-01 | Energy=7.34e-01 | BC=2.70e-03 | 
IC_n=6.57e-03 | IC_T=0.00e+00 | dT=7.29e-02 | WP=3.56e-01 | GE=7.08e-06 | 
Amp=0.00e+00 | Total=1.48e+00
   305.4s | Epoch   800 | BTE=2.61e-01 | Energy=7.63e-01 | BC=3.00e-03 | 
IC_n=5.26e-03 | IC_T=0.00e+00 | dT=8.11e-03 | WP=2.84e-01 | GE=2.34e-06 | 
Amp=0.00e+00 | Total=1.32e+00
   379.8s | Epoch  1000 | BTE=2.88e-01 | Energy=7.24e-01 | BC=3.85e-03 | 
IC_n=2.81e-03 | IC_T=0.00e+00 | dT=9.74e-03 | WP=2.00e-01 | GE=1.37e-05 | 
Amp=0.00e+00 | Total=1.23e+00
   455.0s | Epoch  1200 | BTE=2.23e-01 | Energy=6.78e-01 | BC=2.77e-03 | 
IC_n=1.44e-02 | IC_T=0.00e+00 | dT=1.34e-02 | WP=6.82e-02 | GE=1.43e-06 | 
Amp=0.00e+00 | Total=9.99e-01
   529.8s | Epoch  1400 | BTE=2.84e-01 | Energy=7.40e-01 | BC=2.60e-03 | 
IC_n=1.50e-03 | IC_T=0.00e+00 | dT=7.70e-03 | WP=6.09e-02 | GE=3.72e-06 | 
Amp=0.00e+00 | Total=1.10e+00
   607.2s | Epoch  1600 | BTE=2.23e-01 | Energy=6.47e-01 | BC=2.74e-03 | 
IC_n=2.36e-03 | IC_T=0.00e+00 | dT=5.01e-02 | WP=4.77e-02 | GE=1.98e-06 | 
Amp=0.00e+00 | Total=9.73e-01
   682.9s | Epoch  1800 | BTE=1.72e-01 | Energy=6.58e-01 | BC=2.39e-03 | 
IC_n=4.74e-03 | IC_T=0.00e+00 | dT=1.73e-02 | WP=5.04e-02 | GE=3.32e-05 | 
Amp=0.00e+00 | Total=9.05e-01
   760.7s | Epoch  2000 | BTE=2.34e-01 | Energy=7.27e-01 | BC=2.14e-03 | 
IC_n=1.62e-03 | IC_T=0.00e+00 | dT=4.05e-02 | WP=3.48e-02 | GE=2.32e-08 | 
Amp=0.00e+00 | Total=1.04e+00
   837.2s | Epoch  2200 | BTE=1.82e-01 | Energy=7.68e-01 | BC=2.01e-03 | 
IC_n=5.04e-03 | IC_T=0.00e+00 | dT=1.30e-02 | WP=1.35e-02 | GE=1.94e-06 | 
Amp=0.00e+00 | Total=9.83e-01
   913.3s | Epoch  2400 | BTE=1.90e-01 | Energy=8.06e-01 | BC=1.92e-03 | 
IC_n=9.95e-04 | IC_T=0.00e+00 | dT=1.24e-02 | WP=1.50e-02 | GE=1.65e-05 | 
Amp=0.00e+00 | Total=1.03e+00
   988.4s | Epoch  2600 | BTE=1.75e-01 | Energy=7.22e-01 | BC=2.18e-03 | 
IC_n=9.97e-04 | IC_T=0.00e+00 | dT=1.28e-03 | WP=1.40e-02 | GE=1.31e-05 | 
Amp=0.00e+00 | Total=9.16e-01
  1063.5s | Epoch  2800 | BTE=1.57e-01 | Energy=7.12e-01 | BC=1.79e-03 | 
IC_n=1.22e-03 | IC_T=0.00e+00 | dT=6.83e-02 | WP=1.30e-02 | GE=2.71e-06 | 
Amp=0.00e+00 | Total=9.54e-01
  1138.9s | Epoch  3000 | BTE=2.08e-01 | Energy=8.46e-01 | BC=2.08e-03 | 
IC_n=9.41e-04 | IC_T=0.00e+00 | dT=2.05e-03 | WP=1.52e-02 | GE=5.35e-06 | 
Amp=0.00e+00 | Total=1.07e+00
  1212.9s | Epoch  3200 | BTE=1.64e-01 | Energy=7.71e-01 | BC=2.03e-03 | 
IC_n=1.55e-03 | IC_T=0.00e+00 | dT=1.32e-03 | WP=1.52e-02 | GE=2.38e-06 | 
Amp=0.00e+00 | Total=9.55e-01
  1288.9s | Epoch  3400 | BTE=1.78e-01 | Energy=7.54e-01 | BC=1.43e-03 | 
IC_n=8.70e-04 | IC_T=0.00e+00 | dT=1.34e-02 | WP=6.92e-03 | GE=2.40e-05 | 
Amp=0.00e+00 | Total=9.55e-01
  1363.3s | Epoch  3600 | BTE=1.70e-01 | Energy=7.59e-01 | BC=1.23e-03 | 
IC_n=8.00e-04 | IC_T=0.00e+00 | dT=2.18e-02 | WP=7.57e-03 | GE=4.95e-05 | 
Amp=0.00e+00 | Total=9.60e-01
  1438.0s | Epoch  3800 | BTE=1.32e-01 | Energy=7.76e-01 | BC=1.14e-03 | 
IC_n=8.68e-04 | IC_T=0.00e+00 | dT=4.06e-03 | WP=1.21e-02 | GE=5.79e-07 | 
Amp=0.00e+00 | Total=9.27e-01
  1515.4s | Epoch  4000 | BTE=1.79e-01 | Energy=7.19e-01 | BC=1.32e-03 | 
IC_n=8.64e-04 | IC_T=0.00e+00 | dT=9.55e-03 | WP=1.12e-02 | GE=2.65e-05 | 
Amp=0.00e+00 | Total=9.21e-01
  1591.3s | Epoch  4200 | BTE=1.75e-01 | Energy=7.19e-01 | BC=1.02e-03 | 
IC_n=8.58e-04 | IC_T=0.00e+00 | dT=6.42e-04 | WP=4.59e-03 | GE=3.64e-06 | 
Amp=0.00e+00 | Total=9.01e-01
  1668.1s | Epoch  4400 | BTE=1.19e-01 | Energy=7.55e-01 | BC=9.30e-04 | 
IC_n=6.51e-04 | IC_T=0.00e+00 | dT=5.28e-03 | WP=6.11e-03 | GE=9.33e-07 | 
Amp=0.00e+00 | Total=8.87e-01
  1743.3s | Epoch  4600 | BTE=1.76e-01 | Energy=7.90e-01 | BC=8.63e-04 | 
IC_n=7.23e-04 | IC_T=0.00e+00 | dT=3.26e-03 | WP=4.13e-03 | GE=3.11e-06 | 
Amp=0.00e+00 | Total=9.75e-01
  1818.8s | Epoch  4800 | BTE=1.05e-01 | Energy=7.91e-01 | BC=9.81e-04 | 
IC_n=7.92e-04 | IC_T=0.00e+00 | dT=3.47e-03 | WP=3.95e-03 | GE=2.75e-05 | 
Amp=0.00e+00 | Total=9.04e-01
  1895.5s | Epoch  5000 | BTE=1.31e-01 | Energy=7.20e-01 | BC=7.86e-04 | 
IC_n=7.91e-04 | IC_T=0.00e+00 | dT=1.28e-02 | WP=3.46e-03 | GE=1.73e-06 | 
Amp=0.00e+00 | Total=8.69e-01
  1971.3s | Epoch  5200 | BTE=1.47e-01 | Energy=7.89e-01 | BC=8.53e-04 | 
IC_n=7.87e-04 | IC_T=0.00e+00 | dT=2.83e-03 | WP=4.04e-03 | GE=2.37e-08 | 
Amp=0.00e+00 | Total=9.45e-01
  2048.1s | Epoch  5400 | BTE=1.35e-01 | Energy=7.73e-01 | BC=6.53e-04 | 
IC_n=6.58e-04 | IC_T=0.00e+00 | dT=1.97e-02 | WP=8.32e-03 | GE=1.09e-05 | 
Amp=0.00e+00 | Total=9.38e-01
  2124.1s | Epoch  5600 | BTE=1.56e-01 | Energy=7.60e-01 | BC=5.93e-04 | 
IC_n=6.78e-04 | IC_T=0.00e+00 | dT=1.33e-02 | WP=5.11e-03 | GE=2.45e-05 | 
Amp=0.00e+00 | Total=9.35e-01
  2201.3s | Epoch  5800 | BTE=1.62e-01 | Energy=7.48e-01 | BC=5.54e-04 | 
IC_n=7.34e-04 | IC_T=0.00e+00 | dT=3.52e-03 | WP=4.95e-03 | GE=1.98e-07 | 
Amp=0.00e+00 | Total=9.20e-01
  2278.1s | Epoch  6000 | BTE=1.57e-01 | Energy=8.33e-01 | BC=5.51e-04 | 
IC_n=5.02e-04 | IC_T=0.00e+00 | dT=1.07e-02 | WP=3.65e-03 | GE=1.13e-05 | 
Amp=0.00e+00 | Total=1.01e+00
  2354.1s | Epoch  6200 | BTE=1.09e-01 | Energy=7.68e-01 | BC=5.20e-04 | 
IC_n=7.00e-04 | IC_T=0.00e+00 | dT=2.76e-03 | WP=2.00e-03 | GE=9.51e-06 | 
Amp=0.00e+00 | Total=8.83e-01
  2430.4s | Epoch  6400 | BTE=1.70e-01 | Energy=7.85e-01 | BC=5.17e-04 | 
IC_n=5.47e-04 | IC_T=0.00e+00 | dT=7.79e-03 | WP=2.51e-03 | GE=6.17e-08 | 
Amp=0.00e+00 | Total=9.67e-01
  2506.6s | Epoch  6600 | BTE=1.77e-01 | Energy=7.21e-01 | BC=4.86e-04 | 
IC_n=6.86e-04 | IC_T=0.00e+00 | dT=1.26e-02 | WP=2.04e-03 | GE=2.64e-06 | 
Amp=0.00e+00 | Total=9.14e-01
  2581.7s | Epoch  6800 | BTE=1.47e-01 | Energy=7.76e-01 | BC=3.90e-04 | 
IC_n=5.87e-04 | IC_T=0.00e+00 | dT=1.17e-02 | WP=1.39e-03 | GE=1.10e-05 | 
Amp=0.00e+00 | Total=9.37e-01
  2658.2s | Epoch  7000 | BTE=1.70e-01 | Energy=7.32e-01 | BC=3.83e-04 | 
IC_n=6.05e-04 | IC_T=0.00e+00 | dT=2.27e-03 | WP=1.41e-03 | GE=6.92e-06 | 
Amp=0.00e+00 | Total=9.07e-01
  2731.8s | Epoch  7200 | BTE=1.03e-01 | Energy=6.94e-01 | BC=3.42e-04 | 
IC_n=6.81e-04 | IC_T=0.00e+00 | dT=8.57e-03 | WP=1.59e-03 | GE=2.35e-05 | 
Amp=0.00e+00 | Total=8.08e-01
  2807.9s | Epoch  7400 | BTE=1.26e-01 | Energy=6.80e-01 | BC=4.27e-04 | 
IC_n=8.03e-04 | IC_T=0.00e+00 | dT=1.92e-02 | WP=1.63e-03 | GE=1.06e-05 | 
Amp=0.00e+00 | Total=8.28e-01
  2883.0s | Epoch  7600 | BTE=1.48e-01 | Energy=7.84e-01 | BC=3.12e-04 | 
IC_n=7.92e-04 | IC_T=0.00e+00 | dT=1.41e-03 | WP=1.59e-03 | GE=9.23e-05 | 
Amp=0.00e+00 | Total=9.35e-01
  2959.2s | Epoch  7800 | BTE=1.53e-01 | Energy=6.87e-01 | BC=3.65e-04 | 
IC_n=7.00e-04 | IC_T=0.00e+00 | dT=8.12e-03 | WP=8.27e-04 | GE=9.20e-05 | 
Amp=0.00e+00 | Total=8.50e-01
  3034.8s | Epoch  8000 | BTE=1.45e-01 | Energy=7.48e-01 | BC=2.69e-04 | 
IC_n=6.04e-04 | IC_T=0.00e+00 | dT=4.13e-03 | WP=2.34e-03 | GE=3.35e-07 | 
Amp=0.00e+00 | Total=9.00e-01
  3110.7s | Epoch  8200 | BTE=1.25e-01 | Energy=7.66e-01 | BC=2.51e-04 | 
IC_n=5.51e-04 | IC_T=0.00e+00 | dT=1.33e-03 | WP=1.40e-03 | GE=3.76e-05 | 
Amp=0.00e+00 | Total=8.95e-01
  3184.6s | Epoch  8400 | BTE=1.48e-01 | Energy=7.12e-01 | BC=3.03e-04 | 
IC_n=7.94e-04 | IC_T=0.00e+00 | dT=4.31e-03 | WP=1.76e-03 | GE=3.42e-05 | 
Amp=0.00e+00 | Total=8.68e-01
  3261.1s | Epoch  8600 | BTE=1.38e-01 | Energy=7.13e-01 | BC=2.19e-04 | 
IC_n=6.26e-04 | IC_T=0.00e+00 | dT=3.31e-03 | WP=1.21e-03 | GE=4.65e-06 | 
Amp=0.00e+00 | Total=8.56e-01
  3337.1s | Epoch  8800 | BTE=1.32e-01 | Energy=7.78e-01 | BC=2.95e-04 | 
IC_n=6.63e-04 | IC_T=0.00e+00 | dT=1.71e-02 | WP=1.42e-03 | GE=2.41e-06 | 
Amp=0.00e+00 | Total=9.30e-01
  3412.7s | Epoch  9000 | BTE=1.42e-01 | Energy=6.80e-01 | BC=2.41e-04 | 
IC_n=7.07e-04 | IC_T=0.00e+00 | dT=4.87e-03 | WP=1.76e-03 | GE=2.34e-05 | 
Amp=0.00e+00 | Total=8.30e-01
  3489.7s | Epoch  9200 | BTE=1.40e-01 | Energy=7.15e-01 | BC=2.12e-04 | 
IC_n=6.67e-04 | IC_T=0.00e+00 | dT=1.25e-02 | WP=1.27e-03 | GE=3.51e-05 | 
Amp=0.00e+00 | Total=8.69e-01
  3565.6s | Epoch  9400 | BTE=1.21e-01 | Energy=7.68e-01 | BC=2.29e-04 | 
IC_n=5.05e-04 | IC_T=0.00e+00 | dT=6.02e-04 | WP=1.20e-03 | GE=4.57e-07 | 
Amp=0.00e+00 | Total=8.92e-01
  3641.7s | Epoch  9600 | BTE=1.17e-01 | Energy=7.33e-01 | BC=1.87e-04 | 
IC_n=5.36e-04 | IC_T=0.00e+00 | dT=3.62e-03 | WP=7.65e-04 | GE=2.14e-05 | 
Amp=0.00e+00 | Total=8.56e-01
  3716.4s | Epoch  9800 | BTE=1.40e-01 | Energy=7.41e-01 | BC=1.92e-04 | 
IC_n=7.06e-04 | IC_T=0.00e+00 | dT=1.05e-02 | WP=8.57e-04 | GE=2.12e-07 | 
Amp=0.00e+00 | Total=8.93e-01
  3792.1s | Epoch 10000 | BTE=1.31e-01 | Energy=7.96e-01 | BC=2.28e-04 | 
IC_n=7.43e-04 | IC_T=0.00e+00 | dT=9.00e-05 | WP=9.55e-04 | GE=4.18e-07 | 
Amp=0.00e+00 | Total=9.29e-01
  3866.9s | Epoch 10200 | BTE=1.42e-01 | Energy=7.22e-01 | BC=2.08e-04 | 
IC_n=6.25e-04 | IC_T=0.00e+00 | dT=5.56e-03 | WP=5.39e-04 | GE=9.88e-06 | 
Amp=0.00e+00 | Total=8.71e-01
  3944.3s | Epoch 10400 | BTE=1.69e-01 | Energy=7.19e-01 | BC=2.08e-04 | 
IC_n=7.53e-04 | IC_T=0.00e+00 | dT=1.73e-03 | WP=5.90e-04 | GE=2.49e-05 | 
Amp=0.00e+00 | Total=8.91e-01
  4019.2s | Epoch 10600 | BTE=1.35e-01 | Energy=7.04e-01 | BC=1.90e-04 | 
IC_n=6.94e-04 | IC_T=0.00e+00 | dT=2.12e-03 | WP=6.87e-04 | GE=3.65e-05 | 
Amp=0.00e+00 | Total=8.43e-01
  4095.5s | Epoch 10800 | BTE=9.54e-02 | Energy=7.14e-01 | BC=1.85e-04 | 
IC_n=6.14e-04 | IC_T=0.00e+00 | dT=2.85e-03 | WP=7.98e-04 | GE=4.75e-07 | 
Amp=0.00e+00 | Total=8.14e-01
  4171.7s | Epoch 11000 | BTE=1.05e-01 | Energy=7.30e-01 | BC=1.85e-04 | 
IC_n=5.53e-04 | IC_T=0.00e+00 | dT=1.09e-03 | WP=7.63e-04 | GE=6.74e-05 | 
Amp=0.00e+00 | Total=8.37e-01
  4247.9s | Epoch 11200 | BTE=1.23e-01 | Energy=7.89e-01 | BC=1.60e-04 | 
IC_n=6.60e-04 | IC_T=0.00e+00 | dT=8.51e-03 | WP=1.04e-03 | GE=9.94e-06 | 
Amp=0.00e+00 | Total=9.23e-01
  4324.1s | Epoch 11400 | BTE=1.31e-01 | Energy=7.40e-01 | BC=1.81e-04 | 
IC_n=6.67e-04 | IC_T=0.00e+00 | dT=2.96e-03 | WP=5.10e-04 | GE=6.23e-07 | 
Amp=0.00e+00 | Total=8.75e-01
  4398.7s | Epoch 11600 | BTE=8.78e-02 | Energy=7.62e-01 | BC=1.86e-04 | 
IC_n=7.16e-04 | IC_T=0.00e+00 | dT=3.52e-03 | WP=5.37e-04 | GE=1.25e-06 | 
Amp=0.00e+00 | Total=8.55e-01
  4474.0s | Epoch 11800 | BTE=1.41e-01 | Energy=7.65e-01 | BC=1.85e-04 | 
IC_n=6.56e-04 | IC_T=0.00e+00 | dT=1.05e-03 | WP=5.77e-04 | GE=1.77e-05 | 
Amp=0.00e+00 | Total=9.09e-01
  4550.4s | Epoch 12000 | BTE=1.07e-01 | Energy=7.07e-01 | BC=2.14e-04 | 
IC_n=6.93e-04 | IC_T=0.00e+00 | dT=4.05e-03 | WP=7.89e-04 | GE=2.63e-06 | 
Amp=0.00e+00 | Total=8.20e-01
  4627.3s | Epoch 12200 | BTE=1.48e-01 | Energy=7.44e-01 | BC=1.72e-04 | 
IC_n=6.95e-04 | IC_T=0.00e+00 | dT=1.87e-03 | WP=3.74e-04 | GE=3.69e-05 | 
Amp=0.00e+00 | Total=8.95e-01
  4703.6s | Epoch 12400 | BTE=1.29e-01 | Energy=7.69e-01 | BC=1.76e-04 | 
IC_n=7.46e-04 | IC_T=0.00e+00 | dT=6.86e-04 | WP=8.27e-04 | GE=9.85e-06 | 
Amp=0.00e+00 | Total=9.01e-01
  4780.5s | Epoch 12600 | BTE=1.00e-01 | Energy=7.38e-01 | BC=2.04e-04 | 
IC_n=6.74e-04 | IC_T=0.00e+00 | dT=9.19e-04 | WP=5.17e-04 | GE=3.27e-05 | 
Amp=0.00e+00 | Total=8.40e-01
  4855.4s | Epoch 12800 | BTE=1.31e-01 | Energy=6.83e-01 | BC=1.78e-04 | 
IC_n=7.13e-04 | IC_T=0.00e+00 | dT=1.48e-02 | WP=6.13e-04 | GE=1.21e-05 | 
Amp=0.00e+00 | Total=8.31e-01
  4931.9s | Epoch 13000 | BTE=1.55e-01 | Energy=7.07e-01 | BC=1.70e-04 | 
IC_n=5.86e-04 | IC_T=0.00e+00 | dT=8.62e-05 | WP=4.57e-04 | GE=2.51e-07 | 
Amp=0.00e+00 | Total=8.63e-01
  5006.6s | Epoch 13200 | BTE=1.59e-01 | Energy=6.91e-01 | BC=1.60e-04 | 
IC_n=6.73e-04 | IC_T=0.00e+00 | dT=9.78e-05 | WP=6.76e-04 | GE=1.91e-05 | 
Amp=0.00e+00 | Total=8.51e-01
  5083.5s | Epoch 13400 | BTE=1.47e-01 | Energy=6.81e-01 | BC=1.46e-04 | 
IC_n=6.72e-04 | IC_T=0.00e+00 | dT=1.47e-03 | WP=7.07e-04 | GE=6.36e-05 | 
Amp=0.00e+00 | Total=8.31e-01
  5159.1s | Epoch 13600 | BTE=1.52e-01 | Energy=7.67e-01 | BC=1.59e-04 | 
IC_n=7.31e-04 | IC_T=0.00e+00 | dT=5.70e-04 | WP=5.14e-04 | GE=6.75e-06 | 
Amp=0.00e+00 | Total=9.21e-01
  5234.7s | Epoch 13800 | BTE=1.62e-01 | Energy=7.46e-01 | BC=1.56e-04 | 
IC_n=6.63e-04 | IC_T=0.00e+00 | dT=6.05e-04 | WP=4.21e-04 | GE=5.88e-06 | 
Amp=0.00e+00 | Total=9.10e-01
  5310.6s | Epoch 14000 | BTE=1.52e-01 | Energy=7.07e-01 | BC=1.47e-04 | 
IC_n=6.94e-04 | IC_T=0.00e+00 | dT=8.55e-04 | WP=5.79e-04 | GE=1.34e-07 | 
Amp=0.00e+00 | Total=8.61e-01
  5385.9s | Epoch 14200 | BTE=1.43e-01 | Energy=6.69e-01 | BC=1.54e-04 | 
IC_n=5.96e-04 | IC_T=0.00e+00 | dT=7.02e-04 | WP=5.52e-04 | GE=3.27e-05 | 
Amp=0.00e+00 | Total=8.15e-01
  5461.1s | Epoch 14400 | BTE=1.18e-01 | Energy=7.13e-01 | BC=1.60e-04 | 
IC_n=6.69e-04 | IC_T=0.00e+00 | dT=4.81e-04 | WP=6.71e-04 | GE=3.17e-05 | 
Amp=0.00e+00 | Total=8.33e-01
  5539.0s | Epoch 14600 | BTE=1.83e-01 | Energy=7.44e-01 | BC=1.53e-04 | 
IC_n=6.47e-04 | IC_T=0.00e+00 | dT=4.17e-04 | WP=4.83e-04 | GE=3.27e-05 | 
Amp=0.00e+00 | Total=9.29e-01
  5616.4s | Epoch 14800 | BTE=1.20e-01 | Energy=7.51e-01 | BC=1.61e-04 | 
IC_n=6.73e-04 | IC_T=0.00e+00 | dT=1.02e-04 | WP=4.79e-04 | GE=7.49e-05 | 
Amp=0.00e+00 | Total=8.73e-01
╭───────────────────────────── Training Complete ──────────────────────────────╮
│   Time      5691.14s                                                         │
│   Output    runs/transient/1d_nongray_large_dt_10.0um_100K/20260708_114602   │
│   Saved     net_T_20260708_114602.pt                                         │
│   Saved     net_n_20260708_114602.pt                                         │
│   Saved     net_beta_20260708_114602.pt                                      │
╰──────────────────────────────────────────────────────────────────────────────╯
Results saved to: 
runs/transient/1d_nongray_large_dt_10.0um_100K/20260708_114602/20260708_114602_r
esults.npz
  Generating visualizations...
  Amplitude: A(0)=50.0000, A(end)=0.0442 (99.9% decay)
  Energy drift: 0.0005
  ⚠ Oscillation at t≈2894τ
  Saved: 
runs/transient/1d_nongray_large_dt_10.0um_100K/20260708_114602/amplitude_decay_2
0260708_114602.png

Done!
