PINN-BTE Training Log
Run ID: gray1d_20260816_183934
Started: 2026-08-16T18:39:34.627240
======================================================================

[08/16/26 18:39:34] INFO     Logging to:                                        
                             runs/transient/p136_gray_ttg_control/A1_primary_ret
                             ry_k8/training_gray1d_20260816_183934.log          
                    INFO     Logging to:                                        
                             runs/transient/p136_gray_ttg_control/A1_primary_ret
                             ry_k8/training_gray1d_20260816_183934.log          
[08/16/26 18:39:36] INFO     Started W&B run: tr_1d_gray_Kn0.095_eta0.6 ·       
                             gray1d_20260816_183934 (zoq3y0yl)                  
[08/16/26 18:39:36] INFO     Started W&B run: tr_1d_gray_Kn0.095_eta0.6 ·       
                             gray1d_20260816_183934 (zoq3y0yl)                  
╭───────────────────────────── Starting Training ──────────────────────────────╮
│   Mode      Transient1D_Gray                                                 │
│   Epochs    20000                                                            │
│   Device    cuda                                                             │
│   Run ID    gray1d_20260816_183934                                           │
╰──────────────────────────────────────────────────────────────────────────────╯

Transient 1D Gray BTE Training
  η = 0.6, L = 10.472, Lt = 56.91869887603965
  Kn = 0.095
  Mesh: Nx=60, Nt=1140, Ns=16

      0.3s | Epoch     0 | BTE=7.99e-03 | Flux=7.62e-04 | BC=1.22e+00 | 
IC_n=9.06e-05 | IC_T=8.85e-01 | Total=2.11e+00
     26.7s | Epoch   200 | BTE=1.50e-02 | Flux=1.12e-03 | BC=1.43e-03 | 
IC_n=2.57e-03 | IC_T=5.09e-03 | Total=2.52e-02
     53.1s | Epoch   400 | BTE=1.77e-03 | Flux=1.24e-03 | BC=2.28e-04 | 
IC_n=1.43e-04 | IC_T=3.11e-04 | Total=3.69e-03
     79.4s | Epoch   600 | BTE=6.17e-04 | Flux=4.23e-04 | BC=5.46e-05 | 
IC_n=6.70e-05 | IC_T=1.87e-04 | Total=1.35e-03
    105.6s | Epoch   800 | BTE=2.69e-04 | Flux=2.62e-04 | BC=1.96e-05 | 
IC_n=5.56e-05 | IC_T=8.14e-05 | Total=6.87e-04
    131.9s | Epoch  1000 | BTE=1.54e-04 | Flux=2.10e-04 | BC=1.32e-05 | 
IC_n=2.96e-05 | IC_T=2.93e-05 | Total=4.37e-04
    158.1s | Epoch  1200 | BTE=1.15e-04 | Flux=1.88e-04 | BC=1.07e-05 | 
IC_n=4.21e-05 | IC_T=1.98e-05 | Total=3.76e-04
    184.4s | Epoch  1400 | BTE=1.06e-04 | Flux=1.70e-04 | BC=1.42e-05 | 
IC_n=8.73e-05 | IC_T=3.40e-05 | Total=4.11e-04
    210.6s | Epoch  1600 | BTE=9.23e-05 | Flux=1.83e-04 | BC=8.26e-06 | 
IC_n=2.97e-05 | IC_T=1.20e-05 | Total=3.25e-04
    236.8s | Epoch  1800 | BTE=8.27e-05 | Flux=1.68e-04 | BC=1.32e-05 | 
IC_n=1.47e-05 | IC_T=2.68e-05 | Total=3.05e-04
    263.0s | Epoch  2000 | BTE=7.69e-05 | Flux=1.58e-04 | BC=1.70e-05 | 
IC_n=3.05e-05 | IC_T=2.97e-05 | Total=3.12e-04
    289.2s | Epoch  2200 | BTE=8.14e-05 | Flux=1.79e-04 | BC=1.81e-05 | 
IC_n=1.45e-04 | IC_T=1.87e-05 | Total=4.43e-04
    315.5s | Epoch  2400 | BTE=7.19e-05 | Flux=1.57e-04 | BC=9.21e-06 | 
IC_n=9.65e-06 | IC_T=1.52e-05 | Total=2.63e-04
    341.7s | Epoch  2600 | BTE=6.53e-05 | Flux=1.55e-04 | BC=5.62e-06 | 
IC_n=1.10e-05 | IC_T=2.13e-05 | Total=2.58e-04
    367.9s | Epoch  2800 | BTE=6.18e-05 | Flux=1.45e-04 | BC=6.78e-06 | 
IC_n=9.29e-06 | IC_T=1.51e-05 | Total=2.38e-04
    394.1s | Epoch  3000 | BTE=5.92e-05 | Flux=1.42e-04 | BC=7.48e-06 | 
IC_n=6.92e-06 | IC_T=1.13e-05 | Total=2.27e-04
    420.3s | Epoch  3200 | BTE=5.77e-05 | Flux=1.37e-04 | BC=2.85e-05 | 
IC_n=7.06e-06 | IC_T=3.55e-05 | Total=2.66e-04
    446.6s | Epoch  3400 | BTE=5.50e-05 | Flux=1.31e-04 | BC=9.53e-06 | 
IC_n=6.41e-06 | IC_T=7.98e-06 | Total=2.10e-04
    472.8s | Epoch  3600 | BTE=5.05e-05 | Flux=1.23e-04 | BC=4.45e-06 | 
IC_n=1.58e-05 | IC_T=7.47e-06 | Total=2.01e-04
    499.0s | Epoch  3800 | BTE=4.93e-05 | Flux=1.25e-04 | BC=1.63e-05 | 
IC_n=1.08e-05 | IC_T=6.45e-05 | Total=2.66e-04
    525.2s | Epoch  4000 | BTE=5.04e-05 | Flux=1.25e-04 | BC=8.24e-06 | 
IC_n=7.38e-05 | IC_T=1.51e-05 | Total=2.72e-04
    551.4s | Epoch  4200 | BTE=5.79e-05 | Flux=1.04e-04 | BC=4.66e-05 | 
IC_n=2.60e-05 | IC_T=4.53e-05 | Total=2.80e-04
    577.6s | Epoch  4400 | BTE=4.45e-05 | Flux=1.02e-04 | BC=1.20e-05 | 
IC_n=5.15e-06 | IC_T=2.29e-05 | Total=1.87e-04
    603.9s | Epoch  4600 | BTE=3.97e-05 | Flux=9.53e-05 | BC=3.39e-06 | 
IC_n=5.57e-06 | IC_T=9.39e-06 | Total=1.53e-04
    630.1s | Epoch  4800 | BTE=3.82e-05 | Flux=8.67e-05 | BC=4.98e-06 | 
IC_n=6.10e-06 | IC_T=6.32e-06 | Total=1.42e-04
    656.3s | Epoch  5000 | BTE=3.32e-05 | Flux=7.37e-05 | BC=4.62e-06 | 
IC_n=1.07e-05 | IC_T=6.33e-06 | Total=1.29e-04
    682.5s | Epoch  5200 | BTE=4.02e-05 | Flux=6.67e-05 | BC=8.76e-06 | 
IC_n=5.64e-06 | IC_T=1.09e-05 | Total=1.32e-04
    708.8s | Epoch  5400 | BTE=2.86e-05 | Flux=5.72e-05 | BC=5.10e-06 | 
IC_n=2.54e-06 | IC_T=5.96e-06 | Total=9.94e-05
    735.0s | Epoch  5600 | BTE=2.66e-05 | Flux=4.98e-05 | BC=3.18e-06 | 
IC_n=7.53e-06 | IC_T=1.20e-05 | Total=9.91e-05
    761.2s | Epoch  5800 | BTE=2.28e-05 | Flux=4.06e-05 | BC=3.99e-06 | 
IC_n=1.84e-06 | IC_T=9.93e-06 | Total=7.91e-05
    787.4s | Epoch  6000 | BTE=2.06e-05 | Flux=3.38e-05 | BC=2.85e-06 | 
IC_n=1.76e-06 | IC_T=5.88e-06 | Total=6.49e-05
    813.6s | Epoch  6200 | BTE=1.89e-05 | Flux=2.80e-05 | BC=2.18e-06 | 
IC_n=2.26e-06 | IC_T=5.55e-06 | Total=5.69e-05
    839.9s | Epoch  6400 | BTE=1.66e-05 | Flux=2.26e-05 | BC=2.81e-06 | 
IC_n=9.64e-06 | IC_T=4.99e-06 | Total=5.66e-05
    866.1s | Epoch  6600 | BTE=1.79e-05 | Flux=1.84e-05 | BC=3.34e-05 | 
IC_n=9.17e-05 | IC_T=3.07e-05 | Total=1.92e-04
    892.3s | Epoch  6800 | BTE=2.45e-05 | Flux=1.65e-05 | BC=3.26e-05 | 
IC_n=3.39e-06 | IC_T=4.23e-05 | Total=1.19e-04
    918.5s | Epoch  7000 | BTE=1.24e-05 | Flux=1.30e-05 | BC=3.74e-06 | 
IC_n=4.08e-06 | IC_T=6.64e-06 | Total=3.99e-05
    944.8s | Epoch  7200 | BTE=2.73e-05 | Flux=1.06e-05 | BC=2.95e-05 | 
IC_n=1.68e-05 | IC_T=6.35e-05 | Total=1.48e-04
    971.0s | Epoch  7400 | BTE=2.01e-05 | Flux=1.09e-05 | BC=4.18e-05 | 
IC_n=5.21e-06 | IC_T=5.64e-05 | Total=1.34e-04
    997.2s | Epoch  7600 | BTE=1.09e-05 | Flux=7.59e-06 | BC=1.11e-05 | 
IC_n=1.53e-05 | IC_T=7.11e-06 | Total=5.20e-05
   1023.4s | Epoch  7800 | BTE=9.82e-06 | Flux=6.55e-06 | BC=2.40e-06 | 
IC_n=5.97e-06 | IC_T=3.43e-06 | Total=2.82e-05
   1049.6s | Epoch  8000 | BTE=1.07e-05 | Flux=6.34e-06 | BC=7.36e-06 | 
IC_n=4.05e-06 | IC_T=1.77e-05 | Total=4.61e-05
   1075.9s | Epoch  8200 | BTE=1.23e-05 | Flux=7.06e-06 | BC=1.18e-05 | 
IC_n=1.17e-06 | IC_T=1.04e-04 | Total=1.36e-04
   1102.1s | Epoch  8400 | BTE=9.44e-06 | Flux=4.91e-06 | BC=2.84e-06 | 
IC_n=1.22e-05 | IC_T=4.59e-06 | Total=3.40e-05
   1128.3s | Epoch  8600 | BTE=9.06e-06 | Flux=4.42e-06 | BC=6.77e-06 | 
IC_n=2.58e-06 | IC_T=2.80e-06 | Total=2.56e-05
   1154.5s | Epoch  8800 | BTE=7.71e-06 | Flux=4.02e-06 | BC=7.25e-07 | 
IC_n=6.99e-06 | IC_T=3.39e-06 | Total=2.28e-05
   1180.7s | Epoch  9000 | BTE=1.03e-05 | Flux=4.53e-06 | BC=1.59e-05 | 
IC_n=1.13e-05 | IC_T=6.83e-05 | Total=1.10e-04
   1206.9s | Epoch  9200 | BTE=9.32e-06 | Flux=3.90e-06 | BC=6.69e-06 | 
IC_n=8.74e-06 | IC_T=5.48e-06 | Total=3.41e-05
   1233.1s | Epoch  9400 | BTE=1.29e-05 | Flux=3.48e-06 | BC=2.75e-05 | 
IC_n=4.72e-06 | IC_T=4.05e-06 | Total=5.27e-05
   1259.3s | Epoch  9600 | BTE=6.76e-06 | Flux=3.28e-06 | BC=2.90e-06 | 
IC_n=7.21e-07 | IC_T=7.45e-06 | Total=2.11e-05
   1285.6s | Epoch  9800 | BTE=8.04e-06 | Flux=4.36e-06 | BC=8.50e-06 | 
IC_n=4.53e-07 | IC_T=1.03e-04 | Total=1.24e-04
   1311.8s | Epoch 10000 | BTE=1.02e-05 | Flux=3.35e-06 | BC=9.99e-06 | 
IC_n=1.31e-05 | IC_T=2.40e-05 | Total=6.05e-05
   1338.0s | Epoch 10200 | BTE=8.20e-06 | Flux=3.73e-06 | BC=1.36e-06 | 
IC_n=1.08e-04 | IC_T=1.62e-06 | Total=1.22e-04
   1364.2s | Epoch 10400 | BTE=6.70e-06 | Flux=3.25e-06 | BC=4.24e-06 | 
IC_n=1.79e-06 | IC_T=3.94e-05 | Total=5.54e-05
   1390.4s | Epoch 10600 | BTE=6.54e-06 | Flux=3.08e-06 | BC=1.05e-06 | 
IC_n=3.13e-05 | IC_T=1.65e-05 | Total=5.85e-05
   1416.6s | Epoch 10800 | BTE=5.95e-06 | Flux=2.45e-06 | BC=5.50e-06 | 
IC_n=3.93e-07 | IC_T=2.74e-06 | Total=1.70e-05
   1442.8s | Epoch 11000 | BTE=1.24e-05 | Flux=2.80e-06 | BC=2.17e-05 | 
IC_n=3.11e-06 | IC_T=8.86e-06 | Total=4.88e-05
   1469.1s | Epoch 11200 | BTE=7.14e-06 | Flux=2.50e-06 | BC=4.03e-06 | 
IC_n=5.46e-06 | IC_T=8.19e-06 | Total=2.73e-05
   1495.3s | Epoch 11400 | BTE=6.62e-06 | Flux=2.28e-06 | BC=4.92e-06 | 
IC_n=1.12e-05 | IC_T=3.13e-06 | Total=2.82e-05
   1521.5s | Epoch 11600 | BTE=5.61e-06 | Flux=2.14e-06 | BC=2.24e-06 | 
IC_n=3.08e-06 | IC_T=7.57e-07 | Total=1.38e-05
   1547.7s | Epoch 11800 | BTE=5.93e-06 | Flux=2.47e-06 | BC=1.07e-06 | 
IC_n=1.94e-06 | IC_T=3.67e-05 | Total=4.82e-05
   1573.9s | Epoch 12000 | BTE=6.28e-06 | Flux=2.22e-06 | BC=3.85e-06 | 
IC_n=2.22e-05 | IC_T=1.50e-06 | Total=3.61e-05
   1600.1s | Epoch 12200 | BTE=5.42e-06 | Flux=2.10e-06 | BC=4.92e-07 | 
IC_n=1.19e-06 | IC_T=9.60e-06 | Total=1.88e-05
   1626.3s | Epoch 12400 | BTE=4.93e-06 | Flux=1.90e-06 | BC=8.45e-07 | 
IC_n=9.45e-07 | IC_T=3.80e-07 | Total=9.00e-06
   1652.6s | Epoch 12600 | BTE=7.29e-06 | Flux=2.03e-06 | BC=1.74e-06 | 
IC_n=2.45e-05 | IC_T=1.77e-06 | Total=3.73e-05
   1678.8s | Epoch 12800 | BTE=4.92e-06 | Flux=1.85e-06 | BC=8.09e-07 | 
IC_n=1.25e-06 | IC_T=3.40e-06 | Total=1.22e-05
   1705.0s | Epoch 13000 | BTE=4.97e-06 | Flux=1.87e-06 | BC=3.02e-06 | 
IC_n=6.21e-06 | IC_T=8.88e-06 | Total=2.50e-05
   1731.2s | Epoch 13200 | BTE=4.87e-06 | Flux=1.75e-06 | BC=1.19e-06 | 
IC_n=8.14e-07 | IC_T=9.30e-07 | Total=9.55e-06
   1757.4s | Epoch 13400 | BTE=5.21e-06 | Flux=1.71e-06 | BC=8.49e-07 | 
IC_n=7.01e-07 | IC_T=5.68e-06 | Total=1.42e-05
   1783.6s | Epoch 13600 | BTE=6.12e-06 | Flux=3.02e-06 | BC=2.55e-06 | 
IC_n=2.09e-06 | IC_T=8.67e-05 | Total=1.01e-04
   1809.8s | Epoch 13800 | BTE=4.43e-06 | Flux=1.55e-06 | BC=5.66e-07 | 
IC_n=2.76e-07 | IC_T=2.02e-06 | Total=8.84e-06
   1836.0s | Epoch 14000 | BTE=1.30e-05 | Flux=3.06e-06 | BC=4.47e-05 | 
IC_n=1.96e-06 | IC_T=4.37e-05 | Total=1.06e-04
   1862.3s | Epoch 14200 | BTE=5.43e-06 | Flux=1.60e-06 | BC=4.22e-06 | 
IC_n=1.33e-06 | IC_T=1.65e-05 | Total=2.90e-05
   1888.5s | Epoch 14400 | BTE=4.44e-06 | Flux=1.44e-06 | BC=4.41e-07 | 
IC_n=4.63e-07 | IC_T=1.30e-06 | Total=8.09e-06
   1914.7s | Epoch 14600 | BTE=4.33e-06 | Flux=1.56e-06 | BC=4.31e-07 | 
IC_n=5.39e-06 | IC_T=6.49e-06 | Total=1.82e-05
   1940.9s | Epoch 14800 | BTE=7.20e-06 | Flux=1.52e-06 | BC=2.59e-06 | 
IC_n=9.98e-07 | IC_T=1.46e-06 | Total=1.38e-05
   1967.1s | Epoch 15000 | BTE=4.66e-06 | Flux=1.39e-06 | BC=1.72e-06 | 
IC_n=2.48e-06 | IC_T=6.71e-07 | Total=1.09e-05
   1993.3s | Epoch 15200 | BTE=4.93e-06 | Flux=1.40e-06 | BC=1.33e-06 | 
IC_n=8.21e-07 | IC_T=5.28e-06 | Total=1.38e-05
   2019.5s | Epoch 15400 | BTE=4.13e-06 | Flux=1.34e-06 | BC=8.38e-07 | 
IC_n=3.83e-07 | IC_T=1.94e-06 | Total=8.63e-06
   2045.8s | Epoch 15600 | BTE=4.77e-06 | Flux=1.59e-06 | BC=6.88e-06 | 
IC_n=3.50e-07 | IC_T=6.90e-06 | Total=2.05e-05
   2072.0s | Epoch 15800 | BTE=4.52e-06 | Flux=1.63e-06 | BC=1.15e-05 | 
IC_n=1.58e-06 | IC_T=1.66e-05 | Total=3.58e-05
   2098.2s | Epoch 16000 | BTE=5.49e-06 | Flux=1.68e-06 | BC=4.48e-06 | 
IC_n=5.09e-07 | IC_T=9.34e-06 | Total=2.15e-05
   2124.4s | Epoch 16200 | BTE=9.56e-06 | Flux=1.58e-06 | BC=7.35e-06 | 
IC_n=3.02e-05 | IC_T=6.55e-06 | Total=5.53e-05
   2150.6s | Epoch 16400 | BTE=4.30e-06 | Flux=1.16e-06 | BC=1.26e-06 | 
IC_n=4.21e-06 | IC_T=4.32e-07 | Total=1.14e-05
   2176.8s | Epoch 16600 | BTE=5.09e-06 | Flux=1.26e-06 | BC=4.88e-06 | 
IC_n=3.46e-06 | IC_T=1.08e-06 | Total=1.58e-05
   2203.0s | Epoch 16800 | BTE=5.27e-06 | Flux=1.61e-06 | BC=7.89e-06 | 
IC_n=9.59e-06 | IC_T=9.46e-06 | Total=3.38e-05
   2229.2s | Epoch 17000 | BTE=5.57e-06 | Flux=1.30e-06 | BC=3.42e-06 | 
IC_n=1.40e-05 | IC_T=6.48e-06 | Total=3.07e-05
   2255.5s | Epoch 17200 | BTE=5.45e-06 | Flux=1.13e-06 | BC=1.31e-06 | 
IC_n=2.49e-06 | IC_T=9.58e-07 | Total=1.13e-05
   2281.7s | Epoch 17400 | BTE=3.84e-06 | Flux=1.24e-06 | BC=1.23e-06 | 
IC_n=9.62e-06 | IC_T=1.46e-07 | Total=1.61e-05
   2307.9s | Epoch 17600 | BTE=3.92e-06 | Flux=1.28e-06 | BC=4.29e-07 | 
IC_n=2.68e-07 | IC_T=1.99e-05 | Total=2.58e-05
   2334.1s | Epoch 17800 | BTE=3.75e-06 | Flux=1.33e-06 | BC=2.49e-06 | 
IC_n=4.09e-06 | IC_T=9.01e-06 | Total=2.07e-05
   2360.3s | Epoch 18000 | BTE=3.93e-06 | Flux=1.26e-06 | BC=1.04e-05 | 
IC_n=3.68e-07 | IC_T=1.87e-06 | Total=1.79e-05
   2386.5s | Epoch 18200 | BTE=5.40e-06 | Flux=1.10e-06 | BC=2.63e-06 | 
IC_n=1.29e-06 | IC_T=1.84e-06 | Total=1.22e-05
   2412.7s | Epoch 18400 | BTE=7.23e-06 | Flux=1.62e-06 | BC=1.18e-05 | 
IC_n=6.92e-06 | IC_T=1.02e-05 | Total=3.77e-05
   2439.0s | Epoch 18600 | BTE=3.35e-06 | Flux=1.00e-06 | BC=3.56e-07 | 
IC_n=2.63e-06 | IC_T=3.12e-06 | Total=1.05e-05
   2465.2s | Epoch 18800 | BTE=3.33e-06 | Flux=1.06e-06 | BC=7.10e-07 | 
IC_n=5.57e-07 | IC_T=5.45e-06 | Total=1.11e-05
   2491.4s | Epoch 19000 | BTE=6.76e-06 | Flux=1.84e-06 | BC=1.68e-05 | 
IC_n=4.32e-06 | IC_T=2.14e-05 | Total=5.11e-05
   2517.6s | Epoch 19200 | BTE=3.85e-06 | Flux=1.25e-06 | BC=5.14e-06 | 
IC_n=2.12e-07 | IC_T=1.27e-05 | Total=2.31e-05
   2543.8s | Epoch 19400 | BTE=3.88e-06 | Flux=1.21e-06 | BC=2.77e-06 | 
IC_n=2.58e-07 | IC_T=8.94e-06 | Total=1.71e-05
   2570.0s | Epoch 19600 | BTE=3.55e-06 | Flux=9.30e-07 | BC=1.50e-06 | 
IC_n=1.40e-06 | IC_T=9.75e-07 | Total=8.36e-06
   2596.2s | Epoch 19800 | BTE=3.31e-06 | Flux=9.39e-07 | BC=7.92e-07 | 
IC_n=4.68e-06 | IC_T=1.02e-06 | Total=1.07e-05
╭───────────────────────────── Training Complete ──────────────────────────────╮
│   Time      2622.33s                                                         │
│   Output    runs/transient/p136_gray_ttg_control/A1_primary_retry_k8         │
│   Saved     model0_gray1d_20260816_183934.pt                                 │
│   Saved     model1_gray1d_20260816_183934.pt                                 │
╰──────────────────────────────────────────────────────────────────────────────╯
