PINN-BTE Training Log
Run ID: 20260805_133143
Started: 2026-08-05T13:31:47.346481
======================================================================

                    INFO     Logging to:                                        
                             runs/transient/1d_nongray_large_dt_0.01um_100K/2026
                             0805_133143/training_20260805_133143.log           
                    INFO     Logging to:                                        
                             runs/transient/1d_nongray_large_dt_0.01um_100K/2026
                             0805_133143/training_20260805_133143.log           
[08/05/26 13:31:47] INFO     Started W&B run: tr_1d_ng_L0.01um_dT100K ·         
                             20260805_133143 (a9v7heal)                         
                    INFO     Started W&B run: tr_1d_ng_L0.01um_dT100K ·         
                             20260805_133143 (a9v7heal)                         

Phase 1: Pretraining β-network
  Temperature range: [250K, 350K]
  Epochs: 200
     0.1s | Epoch     0 | β Loss = 2.67e-01
  β pretraining complete! Final loss: 2.37e-02
╭───────────────────────────── Starting Training ──────────────────────────────╮
│   Mode      Transient_Nongray_LargeDT                                        │
│   Epochs    15000                                                            │
│   Device    cuda                                                             │
│   Run ID    20260805_133143                                                  │
╰──────────────────────────────────────────────────────────────────────────────╯

Phase 2: BTE Training
  L = 0.0 μm, ΔT = 100.0K
  T range: [250K, 350K]
  Kn_eff = 10.1522
  τ(T) model = holland (full branch-resolved Holland--Callaway)
  Waypoints: 5 (uniform), weight=0.0
  ALL 60 modes × ALL 16 angles (vectorized)
  Epochs: 15000
     0.3s | Epoch     0 | BTE=1.54e+01 | Energy=1.64e+02 | BC=4.19e-03 | 
IC_n=2.60e-03 | IC_T=0.00e+00 | dT=0.00e+00 | WP=1.59e+01 | GE=7.78e-08 | 
Amp=0.00e+00 | Total=1.95e+02
    31.5s | Epoch   200 | BTE=8.57e+00 | Energy=1.60e+00 | BC=8.97e-04 | 
IC_n=7.91e-04 | IC_T=0.00e+00 | dT=0.00e+00 | WP=1.80e+01 | GE=2.57e-05 | 
Amp=0.00e+00 | Total=2.82e+01
    62.7s | Epoch   400 | BTE=6.08e+00 | Energy=1.24e+00 | BC=7.05e-04 | 
IC_n=1.23e-03 | IC_T=0.00e+00 | dT=0.00e+00 | WP=1.87e+01 | GE=1.25e-04 | 
Amp=0.00e+00 | Total=2.60e+01
    93.1s | Epoch   600 | BTE=5.25e+00 | Energy=8.25e-01 | BC=4.64e-04 | 
IC_n=1.37e-03 | IC_T=0.00e+00 | dT=0.00e+00 | WP=1.94e+01 | GE=3.06e-04 | 
Amp=0.00e+00 | Total=2.55e+01
   124.2s | Epoch   800 | BTE=4.36e+00 | Energy=7.17e-01 | BC=1.37e-04 | 
IC_n=1.78e-03 | IC_T=0.00e+00 | dT=0.00e+00 | WP=1.98e+01 | GE=8.05e-05 | 
Amp=0.00e+00 | Total=2.49e+01
   155.5s | Epoch  1000 | BTE=3.50e+00 | Energy=6.85e-01 | BC=2.00e-04 | 
IC_n=2.62e-03 | IC_T=0.00e+00 | dT=0.00e+00 | WP=2.03e+01 | GE=7.95e-05 | 
Amp=0.00e+00 | Total=2.45e+01
   186.8s | Epoch  1200 | BTE=2.78e+00 | Energy=4.13e-01 | BC=2.92e-04 | 
IC_n=4.46e-03 | IC_T=0.00e+00 | dT=0.00e+00 | WP=2.10e+01 | GE=3.55e-04 | 
Amp=0.00e+00 | Total=2.42e+01
   218.1s | Epoch  1400 | BTE=2.42e+00 | Energy=3.65e-01 | BC=2.42e-04 | 
IC_n=4.91e-03 | IC_T=0.00e+00 | dT=0.00e+00 | WP=2.14e+01 | GE=1.16e-03 | 
Amp=0.00e+00 | Total=2.42e+01
   249.3s | Epoch  1600 | BTE=2.18e+00 | Energy=2.46e-01 | BC=2.36e-04 | 
IC_n=6.00e-03 | IC_T=0.00e+00 | dT=0.00e+00 | WP=2.16e+01 | GE=6.46e-04 | 
Amp=0.00e+00 | Total=2.40e+01
   280.5s | Epoch  1800 | BTE=2.04e+00 | Energy=2.16e-01 | BC=2.22e-04 | 
IC_n=5.41e-03 | IC_T=0.00e+00 | dT=0.00e+00 | WP=2.16e+01 | GE=3.77e-04 | 
Amp=0.00e+00 | Total=2.39e+01
   311.7s | Epoch  2000 | BTE=2.08e+00 | Energy=2.32e-01 | BC=2.18e-04 | 
IC_n=7.08e-03 | IC_T=0.00e+00 | dT=0.00e+00 | WP=2.17e+01 | GE=2.48e-04 | 
Amp=0.00e+00 | Total=2.40e+01
   342.8s | Epoch  2200 | BTE=1.97e+00 | Energy=2.55e-01 | BC=2.18e-04 | 
IC_n=5.59e-03 | IC_T=0.00e+00 | dT=0.00e+00 | WP=2.18e+01 | GE=4.92e-04 | 
Amp=0.00e+00 | Total=2.40e+01
   374.2s | Epoch  2400 | BTE=1.82e+00 | Energy=2.18e-01 | BC=2.09e-04 | 
IC_n=5.92e-03 | IC_T=0.00e+00 | dT=0.00e+00 | WP=2.18e+01 | GE=2.45e-05 | 
Amp=0.00e+00 | Total=2.38e+01
   405.1s | Epoch  2600 | BTE=1.78e+00 | Energy=2.10e-01 | BC=1.92e-04 | 
IC_n=5.66e-03 | IC_T=0.00e+00 | dT=0.00e+00 | WP=2.16e+01 | GE=1.10e-04 | 
Amp=0.00e+00 | Total=2.36e+01
   436.4s | Epoch  2800 | BTE=1.76e+00 | Energy=1.98e-01 | BC=1.74e-04 | 
IC_n=5.67e-03 | IC_T=0.00e+00 | dT=0.00e+00 | WP=2.16e+01 | GE=4.92e-04 | 
Amp=0.00e+00 | Total=2.36e+01
   467.7s | Epoch  3000 | BTE=1.70e+00 | Energy=2.37e-01 | BC=1.83e-04 | 
IC_n=6.94e-03 | IC_T=0.00e+00 | dT=0.00e+00 | WP=2.16e+01 | GE=2.34e-04 | 
Amp=0.00e+00 | Total=2.35e+01
   498.9s | Epoch  3200 | BTE=1.74e+00 | Energy=1.83e-01 | BC=1.61e-04 | 
IC_n=5.25e-03 | IC_T=0.00e+00 | dT=0.00e+00 | WP=2.15e+01 | GE=6.40e-05 | 
Amp=0.00e+00 | Total=2.35e+01
   530.2s | Epoch  3400 | BTE=1.62e+00 | Energy=1.87e-01 | BC=2.01e-04 | 
IC_n=7.16e-03 | IC_T=0.00e+00 | dT=0.00e+00 | WP=2.15e+01 | GE=4.16e-04 | 
Amp=0.00e+00 | Total=2.33e+01
   561.4s | Epoch  3600 | BTE=1.55e+00 | Energy=1.93e-01 | BC=2.59e-04 | 
IC_n=7.36e-03 | IC_T=0.00e+00 | dT=0.00e+00 | WP=2.13e+01 | GE=7.90e-05 | 
Amp=0.00e+00 | Total=2.31e+01
   592.8s | Epoch  3800 | BTE=1.42e+00 | Energy=2.07e-01 | BC=3.26e-04 | 
IC_n=7.15e-03 | IC_T=0.00e+00 | dT=0.00e+00 | WP=2.12e+01 | GE=8.83e-04 | 
Amp=0.00e+00 | Total=2.29e+01
   624.0s | Epoch  4000 | BTE=1.34e+00 | Energy=1.92e-01 | BC=3.99e-04 | 
IC_n=7.10e-03 | IC_T=0.00e+00 | dT=0.00e+00 | WP=2.11e+01 | GE=2.19e-04 | 
Amp=0.00e+00 | Total=2.27e+01
   655.2s | Epoch  4200 | BTE=1.39e+00 | Energy=1.76e-01 | BC=4.15e-04 | 
IC_n=5.83e-03 | IC_T=0.00e+00 | dT=0.00e+00 | WP=2.11e+01 | GE=1.05e-03 | 
Amp=0.00e+00 | Total=2.27e+01
   686.3s | Epoch  4400 | BTE=1.28e+00 | Energy=1.83e-01 | BC=5.12e-04 | 
IC_n=6.21e-03 | IC_T=0.00e+00 | dT=0.00e+00 | WP=2.10e+01 | GE=9.26e-05 | 
Amp=0.00e+00 | Total=2.24e+01
   717.6s | Epoch  4600 | BTE=1.29e+00 | Energy=1.76e-01 | BC=5.33e-04 | 
IC_n=5.80e-03 | IC_T=0.00e+00 | dT=0.00e+00 | WP=2.10e+01 | GE=6.33e-04 | 
Amp=0.00e+00 | Total=2.25e+01
   748.9s | Epoch  4800 | BTE=1.30e+00 | Energy=2.29e-01 | BC=7.12e-04 | 
IC_n=8.49e-03 | IC_T=0.00e+00 | dT=0.00e+00 | WP=2.09e+01 | GE=9.33e-10 | 
Amp=0.00e+00 | Total=2.25e+01
   779.9s | Epoch  5000 | BTE=1.32e+00 | Energy=1.88e-01 | BC=6.09e-04 | 
IC_n=5.24e-03 | IC_T=0.00e+00 | dT=0.00e+00 | WP=2.08e+01 | GE=6.35e-04 | 
Amp=0.00e+00 | Total=2.23e+01
   810.9s | Epoch  5200 | BTE=1.15e+00 | Energy=1.87e-01 | BC=8.05e-04 | 
IC_n=7.60e-03 | IC_T=0.00e+00 | dT=0.00e+00 | WP=2.08e+01 | GE=2.31e-05 | 
Amp=0.00e+00 | Total=2.22e+01
   842.2s | Epoch  5400 | BTE=1.09e+00 | Energy=2.73e-01 | BC=8.46e-04 | 
IC_n=6.52e-03 | IC_T=0.00e+00 | dT=0.00e+00 | WP=2.08e+01 | GE=4.44e-05 | 
Amp=0.00e+00 | Total=2.21e+01
   873.5s | Epoch  5600 | BTE=1.04e+00 | Energy=1.88e-01 | BC=1.06e-03 | 
IC_n=6.39e-03 | IC_T=0.00e+00 | dT=0.00e+00 | WP=2.05e+01 | GE=3.46e-04 | 
Amp=0.00e+00 | Total=2.18e+01
   904.9s | Epoch  5800 | BTE=9.76e-01 | Energy=1.59e-01 | BC=1.30e-03 | 
IC_n=6.63e-03 | IC_T=0.00e+00 | dT=0.00e+00 | WP=2.04e+01 | GE=3.34e-04 | 
Amp=0.00e+00 | Total=2.16e+01
   935.7s | Epoch  6000 | BTE=9.02e-01 | Energy=1.73e-01 | BC=1.53e-03 | 
IC_n=7.66e-03 | IC_T=0.00e+00 | dT=0.00e+00 | WP=2.03e+01 | GE=3.55e-04 | 
Amp=0.00e+00 | Total=2.14e+01
   966.4s | Epoch  6200 | BTE=8.68e-01 | Energy=1.52e-01 | BC=1.64e-03 | 
IC_n=6.82e-03 | IC_T=0.00e+00 | dT=0.00e+00 | WP=2.03e+01 | GE=5.96e-04 | 
Amp=0.00e+00 | Total=2.13e+01
   997.4s | Epoch  6400 | BTE=8.35e-01 | Energy=1.46e-01 | BC=1.82e-03 | 
IC_n=6.70e-03 | IC_T=0.00e+00 | dT=0.00e+00 | WP=2.00e+01 | GE=6.54e-05 | 
Amp=0.00e+00 | Total=2.10e+01
  1028.6s | Epoch  6600 | BTE=8.01e-01 | Energy=1.44e-01 | BC=1.95e-03 | 
IC_n=6.73e-03 | IC_T=0.00e+00 | dT=0.00e+00 | WP=1.98e+01 | GE=7.83e-04 | 
Amp=0.00e+00 | Total=2.08e+01
  1059.6s | Epoch  6800 | BTE=7.38e-01 | Energy=1.52e-01 | BC=2.32e-03 | 
IC_n=7.34e-03 | IC_T=0.00e+00 | dT=0.00e+00 | WP=1.96e+01 | GE=2.66e-04 | 
Amp=0.00e+00 | Total=2.05e+01
  1090.9s | Epoch  7000 | BTE=7.26e-01 | Energy=1.37e-01 | BC=2.23e-03 | 
IC_n=6.61e-03 | IC_T=0.00e+00 | dT=0.00e+00 | WP=1.93e+01 | GE=3.47e-04 | 
Amp=0.00e+00 | Total=2.02e+01
  1122.1s | Epoch  7200 | BTE=6.74e-01 | Energy=1.32e-01 | BC=2.46e-03 | 
IC_n=6.80e-03 | IC_T=0.00e+00 | dT=0.00e+00 | WP=1.91e+01 | GE=2.18e-04 | 
Amp=0.00e+00 | Total=1.99e+01
  1153.1s | Epoch  7400 | BTE=6.47e-01 | Energy=1.28e-01 | BC=2.79e-03 | 
IC_n=7.31e-03 | IC_T=0.00e+00 | dT=0.00e+00 | WP=1.88e+01 | GE=1.71e-04 | 
Amp=0.00e+00 | Total=1.96e+01
  1184.3s | Epoch  7600 | BTE=6.25e-01 | Energy=1.63e-01 | BC=2.98e-03 | 
IC_n=7.23e-03 | IC_T=0.00e+00 | dT=0.00e+00 | WP=1.86e+01 | GE=2.75e-04 | 
Amp=0.00e+00 | Total=1.94e+01
  1215.6s | Epoch  7800 | BTE=6.16e-01 | Energy=1.25e-01 | BC=3.14e-03 | 
IC_n=7.29e-03 | IC_T=0.00e+00 | dT=0.00e+00 | WP=1.84e+01 | GE=3.37e-04 | 
Amp=0.00e+00 | Total=1.91e+01
  1246.9s | Epoch  8000 | BTE=5.99e-01 | Energy=1.22e-01 | BC=3.16e-03 | 
IC_n=6.67e-03 | IC_T=0.00e+00 | dT=0.00e+00 | WP=1.82e+01 | GE=7.25e-04 | 
Amp=0.00e+00 | Total=1.90e+01
  1278.2s | Epoch  8200 | BTE=5.73e-01 | Energy=1.30e-01 | BC=3.59e-03 | 
IC_n=7.35e-03 | IC_T=0.00e+00 | dT=0.00e+00 | WP=1.80e+01 | GE=8.86e-04 | 
Amp=0.00e+00 | Total=1.87e+01
  1309.5s | Epoch  8400 | BTE=5.64e-01 | Energy=1.17e-01 | BC=3.65e-03 | 
IC_n=7.02e-03 | IC_T=0.00e+00 | dT=0.00e+00 | WP=1.78e+01 | GE=8.85e-04 | 
Amp=0.00e+00 | Total=1.85e+01
  1340.7s | Epoch  8600 | BTE=5.49e-01 | Energy=1.14e-01 | BC=3.89e-03 | 
IC_n=7.01e-03 | IC_T=0.00e+00 | dT=0.00e+00 | WP=1.77e+01 | GE=2.40e-04 | 
Amp=0.00e+00 | Total=1.84e+01
  1371.9s | Epoch  8800 | BTE=5.33e-01 | Energy=1.14e-01 | BC=4.03e-03 | 
IC_n=7.00e-03 | IC_T=0.00e+00 | dT=0.00e+00 | WP=1.75e+01 | GE=8.12e-05 | 
Amp=0.00e+00 | Total=1.81e+01
  1402.9s | Epoch  9000 | BTE=5.26e-01 | Energy=1.11e-01 | BC=4.29e-03 | 
IC_n=7.01e-03 | IC_T=0.00e+00 | dT=0.00e+00 | WP=1.73e+01 | GE=1.61e-04 | 
Amp=0.00e+00 | Total=1.80e+01
  1433.5s | Epoch  9200 | BTE=5.11e-01 | Energy=1.15e-01 | BC=4.36e-03 | 
IC_n=7.08e-03 | IC_T=0.00e+00 | dT=0.00e+00 | WP=1.71e+01 | GE=1.66e-04 | 
Amp=0.00e+00 | Total=1.78e+01
  1463.9s | Epoch  9400 | BTE=5.05e-01 | Energy=1.14e-01 | BC=4.46e-03 | 
IC_n=6.91e-03 | IC_T=0.00e+00 | dT=0.00e+00 | WP=1.69e+01 | GE=3.11e-04 | 
Amp=0.00e+00 | Total=1.76e+01
  1495.0s | Epoch  9600 | BTE=4.98e-01 | Energy=1.20e-01 | BC=4.74e-03 | 
IC_n=7.17e-03 | IC_T=0.00e+00 | dT=0.00e+00 | WP=1.68e+01 | GE=4.37e-05 | 
Amp=0.00e+00 | Total=1.74e+01
  1526.1s | Epoch  9800 | BTE=4.90e-01 | Energy=1.10e-01 | BC=4.61e-03 | 
IC_n=6.87e-03 | IC_T=0.00e+00 | dT=0.00e+00 | WP=1.67e+01 | GE=1.07e-04 | 
Amp=0.00e+00 | Total=1.73e+01
  1557.2s | Epoch 10000 | BTE=4.73e-01 | Energy=1.06e-01 | BC=4.91e-03 | 
IC_n=6.85e-03 | IC_T=0.00e+00 | dT=0.00e+00 | WP=1.65e+01 | GE=7.14e-04 | 
Amp=0.00e+00 | Total=1.70e+01
  1588.3s | Epoch 10200 | BTE=4.70e-01 | Energy=1.07e-01 | BC=4.95e-03 | 
IC_n=6.90e-03 | IC_T=0.00e+00 | dT=0.00e+00 | WP=1.63e+01 | GE=4.89e-04 | 
Amp=0.00e+00 | Total=1.69e+01
  1619.5s | Epoch 10400 | BTE=4.58e-01 | Energy=1.01e-01 | BC=5.05e-03 | 
IC_n=6.87e-03 | IC_T=0.00e+00 | dT=0.00e+00 | WP=1.62e+01 | GE=1.43e-05 | 
Amp=0.00e+00 | Total=1.67e+01
  1650.4s | Epoch 10600 | BTE=4.51e-01 | Energy=1.03e-01 | BC=5.14e-03 | 
IC_n=6.84e-03 | IC_T=0.00e+00 | dT=0.00e+00 | WP=1.60e+01 | GE=8.56e-06 | 
Amp=0.00e+00 | Total=1.66e+01
  1681.7s | Epoch 10800 | BTE=4.44e-01 | Energy=9.97e-02 | BC=5.19e-03 | 
IC_n=6.97e-03 | IC_T=0.00e+00 | dT=0.00e+00 | WP=1.59e+01 | GE=8.76e-05 | 
Amp=0.00e+00 | Total=1.65e+01
  1712.7s | Epoch 11000 | BTE=4.43e-01 | Energy=1.02e-01 | BC=5.15e-03 | 
IC_n=6.77e-03 | IC_T=0.00e+00 | dT=0.00e+00 | WP=1.57e+01 | GE=8.21e-06 | 
Amp=0.00e+00 | Total=1.63e+01
  1743.3s | Epoch 11200 | BTE=4.30e-01 | Energy=9.33e-02 | BC=5.33e-03 | 
IC_n=6.94e-03 | IC_T=0.00e+00 | dT=0.00e+00 | WP=1.56e+01 | GE=2.77e-06 | 
Amp=0.00e+00 | Total=1.62e+01
  1774.5s | Epoch 11400 | BTE=4.26e-01 | Energy=9.43e-02 | BC=5.35e-03 | 
IC_n=6.81e-03 | IC_T=0.00e+00 | dT=0.00e+00 | WP=1.55e+01 | GE=1.96e-04 | 
Amp=0.00e+00 | Total=1.61e+01
  1805.9s | Epoch 11600 | BTE=4.25e-01 | Energy=9.14e-02 | BC=5.45e-03 | 
IC_n=6.93e-03 | IC_T=0.00e+00 | dT=0.00e+00 | WP=1.54e+01 | GE=1.21e-04 | 
Amp=0.00e+00 | Total=1.60e+01
  1836.9s | Epoch 11800 | BTE=4.21e-01 | Energy=9.34e-02 | BC=5.46e-03 | 
IC_n=6.88e-03 | IC_T=0.00e+00 | dT=0.00e+00 | WP=1.53e+01 | GE=3.57e-04 | 
Amp=0.00e+00 | Total=1.59e+01
  1868.2s | Epoch 12000 | BTE=4.25e-01 | Energy=9.32e-02 | BC=5.44e-03 | 
IC_n=6.86e-03 | IC_T=0.00e+00 | dT=0.00e+00 | WP=1.53e+01 | GE=6.77e-04 | 
Amp=0.00e+00 | Total=1.58e+01
  1899.4s | Epoch 12200 | BTE=4.17e-01 | Energy=8.78e-02 | BC=5.58e-03 | 
IC_n=6.90e-03 | IC_T=0.00e+00 | dT=0.00e+00 | WP=1.52e+01 | GE=2.77e-04 | 
Amp=0.00e+00 | Total=1.57e+01
  1930.7s | Epoch 12400 | BTE=4.13e-01 | Energy=8.82e-02 | BC=5.56e-03 | 
IC_n=6.89e-03 | IC_T=0.00e+00 | dT=0.00e+00 | WP=1.51e+01 | GE=1.31e-04 | 
Amp=0.00e+00 | Total=1.56e+01
  1962.0s | Epoch 12600 | BTE=4.07e-01 | Energy=8.99e-02 | BC=5.55e-03 | 
IC_n=6.91e-03 | IC_T=0.00e+00 | dT=0.00e+00 | WP=1.50e+01 | GE=5.07e-04 | 
Amp=0.00e+00 | Total=1.56e+01
  1992.6s | Epoch 12800 | BTE=4.07e-01 | Energy=9.04e-02 | BC=5.58e-03 | 
IC_n=6.97e-03 | IC_T=0.00e+00 | dT=0.00e+00 | WP=1.50e+01 | GE=3.78e-04 | 
Amp=0.00e+00 | Total=1.55e+01
  2023.7s | Epoch 13000 | BTE=4.04e-01 | Energy=9.00e-02 | BC=5.58e-03 | 
IC_n=6.93e-03 | IC_T=0.00e+00 | dT=0.00e+00 | WP=1.50e+01 | GE=3.20e-04 | 
Amp=0.00e+00 | Total=1.55e+01
  2054.7s | Epoch 13200 | BTE=4.07e-01 | Energy=8.64e-02 | BC=5.69e-03 | 
IC_n=6.99e-03 | IC_T=0.00e+00 | dT=0.00e+00 | WP=1.49e+01 | GE=4.10e-04 | 
Amp=0.00e+00 | Total=1.54e+01
  2085.5s | Epoch 13400 | BTE=4.02e-01 | Energy=8.62e-02 | BC=5.58e-03 | 
IC_n=6.96e-03 | IC_T=0.00e+00 | dT=0.00e+00 | WP=1.49e+01 | GE=5.40e-04 | 
Amp=0.00e+00 | Total=1.54e+01
  2116.0s | Epoch 13600 | BTE=4.00e-01 | Energy=8.35e-02 | BC=5.66e-03 | 
IC_n=6.94e-03 | IC_T=0.00e+00 | dT=0.00e+00 | WP=1.49e+01 | GE=2.32e-04 | 
Amp=0.00e+00 | Total=1.54e+01
  2146.2s | Epoch 13800 | BTE=3.97e-01 | Energy=8.85e-02 | BC=5.74e-03 | 
IC_n=7.01e-03 | IC_T=0.00e+00 | dT=0.00e+00 | WP=1.49e+01 | GE=5.51e-04 | 
Amp=0.00e+00 | Total=1.53e+01
  2176.4s | Epoch 14000 | BTE=3.96e-01 | Energy=8.34e-02 | BC=5.62e-03 | 
IC_n=6.97e-03 | IC_T=0.00e+00 | dT=0.00e+00 | WP=1.48e+01 | GE=7.35e-05 | 
Amp=0.00e+00 | Total=1.53e+01
  2206.7s | Epoch 14200 | BTE=3.98e-01 | Energy=8.34e-02 | BC=5.69e-03 | 
IC_n=6.99e-03 | IC_T=0.00e+00 | dT=0.00e+00 | WP=1.48e+01 | GE=1.83e-04 | 
Amp=0.00e+00 | Total=1.53e+01
  2237.2s | Epoch 14400 | BTE=3.96e-01 | Energy=8.19e-02 | BC=5.65e-03 | 
IC_n=6.95e-03 | IC_T=0.00e+00 | dT=0.00e+00 | WP=1.48e+01 | GE=5.72e-05 | 
Amp=0.00e+00 | Total=1.53e+01
  2268.1s | Epoch 14600 | BTE=3.98e-01 | Energy=8.25e-02 | BC=5.66e-03 | 
IC_n=6.96e-03 | IC_T=0.00e+00 | dT=0.00e+00 | WP=1.48e+01 | GE=1.62e-04 | 
Amp=0.00e+00 | Total=1.53e+01
  2298.5s | Epoch 14800 | BTE=3.95e-01 | Energy=8.18e-02 | BC=5.69e-03 | 
IC_n=6.93e-03 | IC_T=0.00e+00 | dT=0.00e+00 | WP=1.48e+01 | GE=2.31e-04 | 
Amp=0.00e+00 | Total=1.53e+01
╭───────────────────────────── Training Complete ──────────────────────────────╮
│   Time      2329.42s                                                         │
│   Output    runs/transient/1d_nongray_large_dt_0.01um_100K/20260805_133143   │
│   Saved     net_T_20260805_133143.pt                                         │
│   Saved     net_n_20260805_133143.pt                                         │
│   Saved     net_beta_20260805_133143.pt                                      │
╰──────────────────────────────────────────────────────────────────────────────╯
[08/05/26 14:10:37] INFO     DOM shape curve: 12001 pts over 1.535e-11s, min    
                             A/A0 = +0.0173 (non-monotone at ballistic L)       
[08/05/26 14:10:37] INFO     DOM shape curve: 12001 pts over 1.535e-11s, min    
                             A/A0 = +0.0173 (non-monotone at ballistic L)       
Results saved to: 
runs/transient/1d_nongray_large_dt_0.01um_100K/20260805_133143/20260805_133143_r
esults.npz
  Generating visualizations...
  Amplitude: A(0)=50.0000, A(end)=30.1409 (39.7% decay)
  Energy drift: 0.3837
  ⚠ Drift: mean(T)=0.384
  Saved: 
runs/transient/1d_nongray_large_dt_0.01um_100K/20260805_133143/amplitude_decay_2
0260805_133143.png

Done!
