[spectral-pn] case: L=0.3 um, Nk=20, L_max=8, run=20260814_064101
[spectral-pn] window t_end=9.303e-10 s (139.1 tau_ref), gamma_dom=7.5243e+09 Hz
[spectral-pn] window mode=n_decay rule=n_decay (t_1% at 0.01*A0: nan s; n_dec=7/gamma_dom: 9.3032e-10 s)
  epoch      0  residual 9.278e-03
  epoch    250  residual 1.121e-04
  epoch    500  residual 4.024e-05
  epoch    750  residual 2.188e-05
  epoch   1000  residual 1.452e-05
  epoch   1250  residual 1.084e-05
  epoch   1500  residual 8.599e-06
  epoch   1750  residual 7.121e-06
  epoch   2000  residual 6.008e-06
  epoch   2250  residual 5.106e-06
  epoch   2500  residual 7.775e-06
  epoch   2750  residual 3.787e-06
  epoch   3000  residual 3.618e-06
  epoch   3250  residual 3.937e-06
  epoch   3500  residual 3.621e-06
  epoch   3750  residual 2.551e-06
  epoch   4000  residual 2.421e-06
  epoch   4250  residual 2.166e-06
  epoch   4500  residual 2.029e-06
  epoch   4750  residual 2.963e-06
  epoch   5000  residual 1.857e-06
  epoch   5250  residual 1.678e-06
  epoch   5500  residual 1.634e-06
  epoch   5750  residual 1.484e-06
  epoch   6000  residual 1.560e-06
  epoch   6250  residual 1.293e-06
  epoch   6500  residual 1.827e-06
  epoch   6750  residual 1.143e-06
  epoch   7000  residual 1.325e-06
  epoch   7250  residual 1.048e-06
  epoch   7500  residual 1.366e-06
  epoch   7750  residual 1.315e-06
  epoch   8000  residual 9.297e-07
  epoch   8250  residual 1.521e-06
  epoch   8500  residual 9.105e-07
  epoch   8750  residual 8.016e-07
  epoch   9000  residual 8.240e-07
  epoch   9250  residual 7.628e-07
  epoch   9500  residual 7.734e-07
  epoch   9750  residual 9.658e-07
  epoch  10000  residual 6.741e-07
  epoch  10250  residual 1.707e-06
  epoch  10500  residual 2.007e-06
  epoch  10750  residual 5.912e-07
  epoch  11000  residual 6.134e-07
  epoch  11250  residual 1.208e-06
  epoch  11500  residual 6.371e-07
  epoch  11750  residual 9.915e-07
  epoch  12000  residual 1.791e-06
  epoch  12250  residual 5.912e-07
  epoch  12500  residual 5.342e-07
  epoch  12750  residual 7.735e-07
  epoch  13000  residual 6.473e-07
  epoch  13250  residual 5.490e-07
  epoch  13500  residual 5.356e-07
  epoch  13750  residual 4.333e-07
  epoch  14000  residual 4.239e-07
  epoch  14250  residual 5.024e-07
  epoch  14500  residual 3.980e-07
  epoch  14750  residual 1.486e-06
  epoch  15000  residual 7.094e-07
  epoch  15250  residual 5.025e-07
  epoch  15500  residual 2.380e-06
  epoch  15750  residual 4.128e-07
  epoch  16000  residual 4.772e-07
  epoch  16250  residual 3.901e-07
  epoch  16500  residual 4.133e-07
  epoch  16750  residual 5.270e-07
  epoch  17000  residual 4.655e-07
  epoch  17250  residual 4.068e-07
  epoch  17500  residual 1.848e-06
  epoch  17750  residual 3.328e-07
  epoch  18000  residual 3.841e-07
  epoch  18250  residual 4.882e-07
  epoch  18500  residual 3.067e-07
  epoch  18750  residual 6.845e-07
  epoch  19000  residual 2.764e-07
  epoch  19250  residual 2.662e-07
  epoch  19500  residual 2.633e-07
  epoch  19750  residual 4.417e-07
  epoch  20000  residual 2.417e-07
  epoch  20250  residual 3.157e-07
  epoch  20500  residual 8.141e-07
  epoch  20750  residual 2.736e-07
  epoch  21000  residual 3.656e-07
  epoch  21250  residual 4.055e-07
  epoch  21500  residual 5.351e-07
  epoch  21750  residual 5.489e-07
  epoch  22000  residual 6.245e-07
  epoch  22250  residual 2.468e-07
  epoch  22500  residual 2.130e-07
  epoch  22750  residual 1.112e-06
  epoch  23000  residual 2.789e-07
  epoch  23250  residual 3.016e-07
  epoch  23500  residual 1.972e-07
  epoch  23750  residual 2.154e-07
  epoch  24000  residual 4.686e-07
  epoch  24250  residual 3.017e-07
  epoch  24500  residual 2.194e-07
  epoch  24750  residual 1.969e-07
  epoch  25000  residual 2.133e-07
  epoch  25250  residual 3.867e-07
  epoch  25500  residual 5.091e-07
  epoch  25750  residual 2.062e-07
  epoch  26000  residual 5.355e-07
  epoch  26250  residual 2.191e-07
  epoch  26500  residual 2.853e-07
  epoch  26750  residual 1.943e-07
  epoch  27000  residual 2.430e-07
  epoch  27250  residual 2.094e-07
  epoch  27500  residual 1.644e-07
  epoch  27750  residual 2.607e-07
  epoch  28000  residual 1.943e-07
  epoch  28250  residual 1.772e-07
  epoch  28500  residual 1.554e-07
  epoch  28750  residual 1.669e-07
  epoch  29000  residual 2.202e-07
  epoch  29250  residual 5.457e-07
  epoch  29500  residual 1.498e-07
  epoch  29750  residual 1.378e-07
  epoch  30000  residual 2.541e-07
  epoch  30250  residual 1.517e-07
  epoch  30500  residual 1.360e-07
  epoch  30750  residual 1.805e-07
  epoch  31000  residual 1.867e-07
  epoch  31250  residual 4.428e-07
  epoch  31500  residual 3.960e-07
  epoch  31750  residual 1.425e-07
  epoch  32000  residual 1.324e-07
  epoch  32250  residual 1.330e-07
  epoch  32500  residual 1.399e-07
  epoch  32750  residual 1.851e-07
  epoch  33000  residual 1.396e-07
  epoch  33250  residual 3.456e-07
  epoch  33500  residual 1.715e-07
  epoch  33750  residual 1.701e-07
  epoch  34000  residual 2.477e-07
  epoch  34250  residual 1.150e-07
  epoch  34500  residual 1.311e-07
  epoch  34750  residual 1.157e-07
  epoch  35000  residual 1.091e-07
  epoch  35250  residual 1.254e-07
  epoch  35500  residual 1.066e-07
  epoch  35750  residual 1.117e-07
  epoch  36000  residual 1.118e-07
  epoch  36250  residual 1.045e-07
  epoch  36500  residual 1.524e-07
  epoch  36750  residual 1.281e-07
  epoch  37000  residual 1.768e-07
  epoch  37250  residual 1.059e-07
  epoch  37500  residual 1.448e-07
  epoch  37750  residual 1.067e-07
  epoch  38000  residual 1.175e-07
  epoch  38250  residual 1.366e-07
  epoch  38500  residual 1.086e-07
  epoch  38750  residual 1.350e-07
  epoch  39000  residual 1.472e-07
  epoch  39250  residual 1.052e-07
  epoch  39500  residual 1.046e-07
  epoch  39750  residual 1.254e-07
  epoch  40000  residual 1.030e-07
  epoch  40250  residual 9.215e-08
  epoch  40500  residual 9.455e-08
  epoch  40750  residual 9.228e-08
  epoch  41000  residual 9.362e-08
  epoch  41250  residual 9.986e-08
  epoch  41500  residual 1.211e-07
  epoch  41750  residual 8.956e-08
  epoch  42000  residual 9.631e-08
  epoch  42250  residual 1.151e-07
  epoch  42500  residual 8.500e-08
  epoch  42750  residual 1.715e-07
  epoch  43000  residual 1.041e-07
  epoch  43250  residual 8.705e-08
  epoch  43500  residual 1.016e-07
  epoch  43750  residual 8.406e-08
  epoch  44000  residual 8.582e-08
  epoch  44250  residual 8.163e-08
  epoch  44500  residual 9.171e-08
  epoch  44750  residual 9.379e-08
  epoch  45000  residual 7.977e-08
  epoch  45250  residual 8.910e-08
  epoch  45500  residual 8.081e-08
  epoch  45750  residual 8.426e-08
  epoch  46000  residual 1.269e-07
  epoch  46250  residual 7.794e-08
  epoch  46500  residual 8.448e-08
  epoch  46750  residual 7.621e-08
  epoch  47000  residual 7.675e-08
  epoch  47250  residual 7.565e-08
  epoch  47500  residual 8.899e-08
  epoch  47750  residual 7.504e-08
  epoch  48000  residual 8.115e-08
  epoch  48250  residual 7.786e-08
  epoch  48500  residual 8.072e-08
  epoch  48750  residual 8.092e-08
  epoch  49000  residual 7.700e-08
  epoch  49250  residual 1.044e-07
  epoch  49500  residual 7.245e-08
  epoch  49750  residual 7.229e-08
  epoch  50000  residual 7.325e-08
  epoch  50250  residual 7.136e-08
  epoch  50500  residual 7.205e-08
  epoch  50750  residual 7.129e-08
  epoch  51000  residual 7.894e-08
  epoch  51250  residual 7.107e-08
  epoch  51500  residual 7.025e-08
  epoch  51750  residual 6.999e-08
  epoch  52000  residual 7.016e-08
  epoch  52250  residual 6.810e-08
  epoch  52500  residual 6.780e-08
  epoch  52750  residual 7.268e-08
  epoch  53000  residual 6.782e-08
  epoch  53250  residual 6.766e-08
  epoch  53500  residual 6.693e-08
  epoch  53750  residual 6.663e-08
  epoch  54000  residual 6.601e-08
  epoch  54250  residual 6.626e-08
  epoch  54500  residual 6.699e-08
  epoch  54750  residual 6.621e-08
  epoch  55000  residual 7.001e-08
  epoch  55250  residual 6.572e-08
  epoch  55500  residual 6.624e-08
  epoch  55750  residual 6.418e-08
  epoch  56000  residual 6.415e-08
  epoch  56250  residual 6.448e-08
  epoch  56500  residual 6.389e-08
  epoch  56750  residual 6.321e-08
  epoch  57000  residual 6.304e-08
  epoch  57250  residual 6.376e-08
  epoch  57500  residual 6.253e-08
  epoch  57750  residual 6.422e-08
  epoch  58000  residual 6.213e-08
  epoch  58250  residual 6.264e-08
  epoch  58500  residual 6.330e-08
  epoch  58750  residual 6.371e-08
  epoch  59000  residual 6.129e-08
  epoch  59250  residual 6.118e-08
  epoch  59500  residual 6.090e-08
  epoch  59750  residual 6.085e-08
  epoch  59999  residual 6.065e-08
  [gamma] epoch      0  gamma_ratio 1.8312  residual 9.278e-03
  [gamma] epoch    250  gamma_ratio 0.8499  residual 1.121e-04
  [gamma] epoch    500  gamma_ratio 0.8794  residual 4.024e-05
  [gamma] epoch    750  gamma_ratio 0.9213  residual 2.188e-05
  [gamma] epoch   1000  gamma_ratio 0.9513  residual 1.452e-05
  [gamma] epoch   1250  gamma_ratio 0.9675  residual 1.084e-05
  [gamma] epoch   1500  gamma_ratio 0.9756  residual 8.599e-06
  [gamma] epoch   1750  gamma_ratio 0.9805  residual 7.121e-06
  [gamma] epoch   2000  gamma_ratio 0.9842  residual 6.008e-06
  [gamma] epoch   2250  gamma_ratio 0.9872  residual 5.106e-06
  [gamma] epoch   2500  gamma_ratio 0.9923  residual 7.775e-06
  [gamma] epoch   2750  gamma_ratio 0.9925  residual 3.787e-06
  [gamma] epoch   3000  gamma_ratio 0.9950  residual 3.618e-06
  [gamma] epoch   3250  gamma_ratio 0.9981  residual 3.937e-06
  [gamma] epoch   3500  gamma_ratio 0.9947  residual 3.621e-06
  [gamma] epoch   3750  gamma_ratio 0.9972  residual 2.551e-06
  [gamma] epoch   4000  gamma_ratio 0.9991  residual 2.421e-06
  [gamma] epoch   4250  gamma_ratio 0.9972  residual 2.166e-06
  [gamma] epoch   4500  gamma_ratio 0.9969  residual 2.029e-06
  [gamma] epoch   4750  gamma_ratio 0.9977  residual 2.963e-06
  [gamma] epoch   5000  gamma_ratio 0.9958  residual 1.857e-06
  [gamma] epoch   5250  gamma_ratio 0.9964  residual 1.678e-06
  [gamma] epoch   5500  gamma_ratio 0.9961  residual 1.634e-06
  [gamma] epoch   5750  gamma_ratio 0.9957  residual 1.484e-06
  [gamma] epoch   6000  gamma_ratio 0.9940  residual 1.560e-06
  [gamma] epoch   6250  gamma_ratio 0.9951  residual 1.293e-06
  [gamma] epoch   6500  gamma_ratio 0.9958  residual 1.827e-06
  [gamma] epoch   6750  gamma_ratio 0.9949  residual 1.143e-06
  [gamma] epoch   7000  gamma_ratio 0.9949  residual 1.325e-06
  [gamma] epoch   7250  gamma_ratio 0.9949  residual 1.048e-06
  [gamma] epoch   7500  gamma_ratio 0.9968  residual 1.366e-06
  [gamma] epoch   7750  gamma_ratio 0.9947  residual 1.315e-06
  [gamma] epoch   8000  gamma_ratio 0.9950  residual 9.297e-07
  [gamma] epoch   8250  gamma_ratio 0.9943  residual 1.521e-06
  [gamma] epoch   8500  gamma_ratio 0.9950  residual 9.105e-07
  [gamma] epoch   8750  gamma_ratio 0.9947  residual 8.016e-07
  [gamma] epoch   9000  gamma_ratio 0.9951  residual 8.240e-07
  [gamma] epoch   9250  gamma_ratio 0.9943  residual 7.628e-07
  [gamma] epoch   9500  gamma_ratio 0.9945  residual 7.734e-07
  [gamma] epoch   9750  gamma_ratio 0.9964  residual 9.658e-07
  [gamma] epoch  10000  gamma_ratio 0.9951  residual 6.741e-07
  [gamma] epoch  10250  gamma_ratio 0.9948  residual 1.707e-06
  [gamma] epoch  10500  gamma_ratio 0.9958  residual 2.007e-06
  [gamma] epoch  10750  gamma_ratio 0.9950  residual 5.912e-07
  [gamma] epoch  11000  gamma_ratio 0.9953  residual 6.134e-07
  [gamma] epoch  11250  gamma_ratio 0.9953  residual 1.208e-06
  [gamma] epoch  11500  gamma_ratio 0.9950  residual 6.371e-07
  [gamma] epoch  11750  gamma_ratio 0.9929  residual 9.915e-07
  [gamma] epoch  12000  gamma_ratio 0.9990  residual 1.791e-06
  [gamma] epoch  12250  gamma_ratio 0.9945  residual 5.912e-07
  [gamma] epoch  12500  gamma_ratio 0.9951  residual 5.342e-07
  [gamma] epoch  12750  gamma_ratio 0.9935  residual 7.735e-07
  [gamma] epoch  13000  gamma_ratio 0.9964  residual 6.473e-07
  [gamma] epoch  13250  gamma_ratio 0.9958  residual 5.490e-07
  [gamma] epoch  13500  gamma_ratio 0.9943  residual 5.356e-07
  [gamma] epoch  13750  gamma_ratio 0.9952  residual 4.333e-07
  [gamma] epoch  14000  gamma_ratio 0.9954  residual 4.239e-07
  [gamma] epoch  14250  gamma_ratio 0.9946  residual 5.024e-07
  [gamma] epoch  14500  gamma_ratio 0.9955  residual 3.980e-07
  [gamma] epoch  14750  gamma_ratio 0.9971  residual 1.486e-06
  [gamma] epoch  15000  gamma_ratio 0.9946  residual 7.094e-07
  [gamma] epoch  15250  gamma_ratio 0.9951  residual 5.025e-07
  [gamma] epoch  15500  gamma_ratio 0.9921  residual 2.380e-06
  [gamma] epoch  15750  gamma_ratio 0.9951  residual 4.128e-07
  [gamma] epoch  16000  gamma_ratio 0.9960  residual 4.772e-07
  [gamma] epoch  16250  gamma_ratio 0.9958  residual 3.901e-07
  [gamma] epoch  16500  gamma_ratio 0.9948  residual 4.133e-07
  [gamma] epoch  16750  gamma_ratio 0.9957  residual 5.270e-07
  [gamma] epoch  17000  gamma_ratio 0.9948  residual 4.655e-07
  [gamma] epoch  17250  gamma_ratio 0.9951  residual 4.068e-07
  [gamma] epoch  17500  gamma_ratio 0.9988  residual 1.848e-06
  [gamma] epoch  17750  gamma_ratio 0.9950  residual 3.328e-07
  [gamma] epoch  18000  gamma_ratio 0.9952  residual 3.841e-07
  [gamma] epoch  18250  gamma_ratio 0.9949  residual 4.882e-07
  [gamma] epoch  18500  gamma_ratio 0.9949  residual 3.067e-07
  [gamma] epoch  18750  gamma_ratio 0.9958  residual 6.845e-07
  [gamma] epoch  19000  gamma_ratio 0.9950  residual 2.764e-07
  [gamma] epoch  19250  gamma_ratio 0.9950  residual 2.662e-07
  [gamma] epoch  19500  gamma_ratio 0.9946  residual 2.633e-07
  [gamma] epoch  19750  gamma_ratio 0.9938  residual 4.417e-07
  [gamma] epoch  20000  gamma_ratio 0.9951  residual 2.417e-07
  [gamma] epoch  20250  gamma_ratio 0.9954  residual 3.157e-07
  [gamma] epoch  20500  gamma_ratio 0.9965  residual 8.141e-07
  [gamma] epoch  20750  gamma_ratio 0.9955  residual 2.736e-07
  [gamma] epoch  21000  gamma_ratio 0.9960  residual 3.656e-07
  [gamma] epoch  21250  gamma_ratio 0.9940  residual 4.055e-07
  [gamma] epoch  21500  gamma_ratio 0.9942  residual 5.351e-07
  [gamma] epoch  21750  gamma_ratio 0.9959  residual 5.489e-07
  [gamma] epoch  22000  gamma_ratio 0.9935  residual 6.245e-07
  [gamma] epoch  22250  gamma_ratio 0.9952  residual 2.468e-07
  [gamma] epoch  22500  gamma_ratio 0.9948  residual 2.130e-07
  [gamma] epoch  22750  gamma_ratio 0.9961  residual 1.112e-06
  [gamma] epoch  23000  gamma_ratio 0.9953  residual 2.789e-07
  [gamma] epoch  23250  gamma_ratio 0.9955  residual 3.016e-07
  [gamma] epoch  23500  gamma_ratio 0.9950  residual 1.972e-07
  [gamma] epoch  23750  gamma_ratio 0.9948  residual 2.154e-07
  [gamma] epoch  24000  gamma_ratio 0.9934  residual 4.686e-07
  [gamma] epoch  24250  gamma_ratio 0.9949  residual 3.017e-07
  [gamma] epoch  24500  gamma_ratio 0.9952  residual 2.194e-07
  [gamma] epoch  24750  gamma_ratio 0.9954  residual 1.969e-07
  [gamma] epoch  25000  gamma_ratio 0.9952  residual 2.133e-07
  [gamma] epoch  25250  gamma_ratio 0.9943  residual 3.867e-07
  [gamma] epoch  25500  gamma_ratio 0.9966  residual 5.091e-07
  [gamma] epoch  25750  gamma_ratio 0.9953  residual 2.062e-07
  [gamma] epoch  26000  gamma_ratio 0.9937  residual 5.355e-07
  [gamma] epoch  26250  gamma_ratio 0.9944  residual 2.191e-07
  [gamma] epoch  26500  gamma_ratio 0.9950  residual 2.853e-07
  [gamma] epoch  26750  gamma_ratio 0.9949  residual 1.943e-07
  [gamma] epoch  27000  gamma_ratio 0.9942  residual 2.430e-07
  [gamma] epoch  27250  gamma_ratio 0.9948  residual 2.094e-07
  [gamma] epoch  27500  gamma_ratio 0.9948  residual 1.644e-07
  [gamma] epoch  27750  gamma_ratio 0.9941  residual 2.607e-07
  [gamma] epoch  28000  gamma_ratio 0.9954  residual 1.943e-07
  [gamma] epoch  28250  gamma_ratio 0.9949  residual 1.772e-07
  [gamma] epoch  28500  gamma_ratio 0.9947  residual 1.554e-07
  [gamma] epoch  28750  gamma_ratio 0.9949  residual 1.669e-07
  [gamma] epoch  29000  gamma_ratio 0.9949  residual 2.202e-07
  [gamma] epoch  29250  gamma_ratio 0.9943  residual 5.457e-07
  [gamma] epoch  29500  gamma_ratio 0.9950  residual 1.498e-07
  [gamma] epoch  29750  gamma_ratio 0.9948  residual 1.378e-07
  [gamma] epoch  30000  gamma_ratio 0.9939  residual 2.541e-07
  [gamma] epoch  30250  gamma_ratio 0.9950  residual 1.517e-07
  [gamma] epoch  30500  gamma_ratio 0.9947  residual 1.360e-07
  [gamma] epoch  30750  gamma_ratio 0.9948  residual 1.805e-07
  [gamma] epoch  31000  gamma_ratio 0.9949  residual 1.867e-07
  [gamma] epoch  31250  gamma_ratio 0.9960  residual 4.428e-07
  [gamma] epoch  31500  gamma_ratio 0.9938  residual 3.960e-07
  [gamma] epoch  31750  gamma_ratio 0.9946  residual 1.425e-07
  [gamma] epoch  32000  gamma_ratio 0.9947  residual 1.324e-07
  [gamma] epoch  32250  gamma_ratio 0.9947  residual 1.330e-07
  [gamma] epoch  32500  gamma_ratio 0.9950  residual 1.399e-07
  [gamma] epoch  32750  gamma_ratio 0.9954  residual 1.851e-07
  [gamma] epoch  33000  gamma_ratio 0.9947  residual 1.396e-07
  [gamma] epoch  33250  gamma_ratio 0.9960  residual 3.456e-07
  [gamma] epoch  33500  gamma_ratio 0.9944  residual 1.715e-07
  [gamma] epoch  33750  gamma_ratio 0.9944  residual 1.701e-07
  [gamma] epoch  34000  gamma_ratio 0.9948  residual 2.477e-07
  [gamma] epoch  34250  gamma_ratio 0.9947  residual 1.150e-07
  [gamma] epoch  34500  gamma_ratio 0.9948  residual 1.311e-07
  [gamma] epoch  34750  gamma_ratio 0.9948  residual 1.157e-07
  [gamma] epoch  35000  gamma_ratio 0.9948  residual 1.091e-07
  [gamma] epoch  35250  gamma_ratio 0.9945  residual 1.254e-07
  [gamma] epoch  35500  gamma_ratio 0.9947  residual 1.066e-07
  [gamma] epoch  35750  gamma_ratio 0.9946  residual 1.117e-07
  [gamma] epoch  36000  gamma_ratio 0.9949  residual 1.118e-07
  [gamma] epoch  36250  gamma_ratio 0.9947  residual 1.045e-07
  [gamma] epoch  36500  gamma_ratio 0.9949  residual 1.524e-07
  [gamma] epoch  36750  gamma_ratio 0.9942  residual 1.281e-07
  [gamma] epoch  37000  gamma_ratio 0.9950  residual 1.768e-07
  [gamma] epoch  37250  gamma_ratio 0.9948  residual 1.059e-07
  [gamma] epoch  37500  gamma_ratio 0.9941  residual 1.448e-07
  [gamma] epoch  37750  gamma_ratio 0.9947  residual 1.067e-07
  [gamma] epoch  38000  gamma_ratio 0.9947  residual 1.175e-07
  [gamma] epoch  38250  gamma_ratio 0.9951  residual 1.366e-07
  [gamma] epoch  38500  gamma_ratio 0.9944  residual 1.086e-07
  [gamma] epoch  38750  gamma_ratio 0.9949  residual 1.350e-07
  [gamma] epoch  39000  gamma_ratio 0.9944  residual 1.472e-07
  [gamma] epoch  39250  gamma_ratio 0.9948  residual 1.052e-07
  [gamma] epoch  39500  gamma_ratio 0.9948  residual 1.046e-07
  [gamma] epoch  39750  gamma_ratio 0.9943  residual 1.254e-07
  [gamma] epoch  40000  gamma_ratio 0.9947  residual 1.030e-07
  [gamma] epoch  40250  gamma_ratio 0.9947  residual 9.215e-08
  [gamma] epoch  40500  gamma_ratio 0.9947  residual 9.455e-08
  [gamma] epoch  40750  gamma_ratio 0.9947  residual 9.228e-08
  [gamma] epoch  41000  gamma_ratio 0.9947  residual 9.362e-08
  [gamma] epoch  41250  gamma_ratio 0.9947  residual 9.986e-08
  [gamma] epoch  41500  gamma_ratio 0.9948  residual 1.211e-07
  [gamma] epoch  41750  gamma_ratio 0.9946  residual 8.956e-08
  [gamma] epoch  42000  gamma_ratio 0.9947  residual 9.631e-08
  [gamma] epoch  42250  gamma_ratio 0.9949  residual 1.151e-07
  [gamma] epoch  42500  gamma_ratio 0.9946  residual 8.500e-08
  [gamma] epoch  42750  gamma_ratio 0.9942  residual 1.715e-07
  [gamma] epoch  43000  gamma_ratio 0.9947  residual 1.041e-07
  [gamma] epoch  43250  gamma_ratio 0.9947  residual 8.705e-08
  [gamma] epoch  43500  gamma_ratio 0.9948  residual 1.016e-07
  [gamma] epoch  43750  gamma_ratio 0.9947  residual 8.406e-08
  [gamma] epoch  44000  gamma_ratio 0.9947  residual 8.582e-08
  [gamma] epoch  44250  gamma_ratio 0.9946  residual 8.163e-08
  [gamma] epoch  44500  gamma_ratio 0.9945  residual 9.171e-08
  [gamma] epoch  44750  gamma_ratio 0.9946  residual 9.379e-08
  [gamma] epoch  45000  gamma_ratio 0.9946  residual 7.977e-08
  [gamma] epoch  45250  gamma_ratio 0.9945  residual 8.910e-08
  [gamma] epoch  45500  gamma_ratio 0.9946  residual 8.081e-08
  [gamma] epoch  45750  gamma_ratio 0.9945  residual 8.426e-08
  [gamma] epoch  46000  gamma_ratio 0.9941  residual 1.269e-07
  [gamma] epoch  46250  gamma_ratio 0.9946  residual 7.794e-08
  [gamma] epoch  46500  gamma_ratio 0.9949  residual 8.448e-08
  [gamma] epoch  46750  gamma_ratio 0.9946  residual 7.621e-08
  [gamma] epoch  47000  gamma_ratio 0.9946  residual 7.675e-08
  [gamma] epoch  47250  gamma_ratio 0.9946  residual 7.565e-08
  [gamma] epoch  47500  gamma_ratio 0.9948  residual 8.899e-08
  [gamma] epoch  47750  gamma_ratio 0.9947  residual 7.504e-08
  [gamma] epoch  48000  gamma_ratio 0.9947  residual 8.115e-08
  [gamma] epoch  48250  gamma_ratio 0.9946  residual 7.786e-08
  [gamma] epoch  48500  gamma_ratio 0.9945  residual 8.072e-08
  [gamma] epoch  48750  gamma_ratio 0.9944  residual 8.092e-08
  [gamma] epoch  49000  gamma_ratio 0.9946  residual 7.700e-08
  [gamma] epoch  49250  gamma_ratio 0.9949  residual 1.044e-07
  [gamma] epoch  49500  gamma_ratio 0.9946  residual 7.245e-08
  [gamma] epoch  49750  gamma_ratio 0.9947  residual 7.229e-08
  [gamma] epoch  50000  gamma_ratio 0.9946  residual 7.325e-08
  [gamma] epoch  50250  gamma_ratio 0.9946  residual 7.136e-08
  [gamma] epoch  50500  gamma_ratio 0.9946  residual 7.205e-08
  [gamma] epoch  50750  gamma_ratio 0.9947  residual 7.129e-08
  [gamma] epoch  51000  gamma_ratio 0.9946  residual 7.894e-08
  [gamma] epoch  51250  gamma_ratio 0.9946  residual 7.107e-08
  [gamma] epoch  51500  gamma_ratio 0.9946  residual 7.025e-08
  [gamma] epoch  51750  gamma_ratio 0.9946  residual 6.999e-08
  [gamma] epoch  52000  gamma_ratio 0.9946  residual 7.016e-08
  [gamma] epoch  52250  gamma_ratio 0.9947  residual 6.810e-08
  [gamma] epoch  52500  gamma_ratio 0.9947  residual 6.780e-08
  [gamma] epoch  52750  gamma_ratio 0.9946  residual 7.268e-08
  [gamma] epoch  53000  gamma_ratio 0.9947  residual 6.782e-08
  [gamma] epoch  53250  gamma_ratio 0.9947  residual 6.766e-08
  [gamma] epoch  53500  gamma_ratio 0.9947  residual 6.693e-08
  [gamma] epoch  53750  gamma_ratio 0.9946  residual 6.663e-08
  [gamma] epoch  54000  gamma_ratio 0.9947  residual 6.601e-08
  [gamma] epoch  54250  gamma_ratio 0.9946  residual 6.626e-08
  [gamma] epoch  54500  gamma_ratio 0.9947  residual 6.699e-08
  [gamma] epoch  54750  gamma_ratio 0.9947  residual 6.621e-08
  [gamma] epoch  55000  gamma_ratio 0.9946  residual 7.001e-08
  [gamma] epoch  55250  gamma_ratio 0.9946  residual 6.572e-08
  [gamma] epoch  55500  gamma_ratio 0.9946  residual 6.624e-08
  [gamma] epoch  55750  gamma_ratio 0.9947  residual 6.418e-08
  [gamma] epoch  56000  gamma_ratio 0.9947  residual 6.415e-08
  [gamma] epoch  56250  gamma_ratio 0.9947  residual 6.448e-08
  [gamma] epoch  56500  gamma_ratio 0.9947  residual 6.389e-08
  [gamma] epoch  56750  gamma_ratio 0.9947  residual 6.321e-08
  [gamma] epoch  57000  gamma_ratio 0.9947  residual 6.304e-08
  [gamma] epoch  57250  gamma_ratio 0.9946  residual 6.376e-08
  [gamma] epoch  57500  gamma_ratio 0.9947  residual 6.253e-08
  [gamma] epoch  57750  gamma_ratio 0.9946  residual 6.422e-08
  [gamma] epoch  58000  gamma_ratio 0.9947  residual 6.213e-08
  [gamma] epoch  58250  gamma_ratio 0.9946  residual 6.264e-08
  [gamma] epoch  58500  gamma_ratio 0.9946  residual 6.330e-08
  [gamma] epoch  58750  gamma_ratio 0.9947  residual 6.371e-08
  [gamma] epoch  59000  gamma_ratio 0.9947  residual 6.129e-08
  [gamma] epoch  59250  gamma_ratio 0.9947  residual 6.118e-08
  [gamma] epoch  59500  gamma_ratio 0.9947  residual 6.090e-08
  [gamma] epoch  59750  gamma_ratio 0.9946  residual 6.085e-08
  [gamma] epoch  59999  gamma_ratio 0.9947  residual 6.065e-08
  [shape] epoch      0  rmse=0.1046  max_abs_dA=0.2472  int_signed_dA=-6.032e-11  int_abs_dA=6.091e-11  A_min=0.002528  max_dA_fwd=0.006281
  [shape] epoch    250  rmse=0.02919  max_abs_dA=0.04706  int_signed_dA=2.346e-11  int_abs_dA=2.351e-11  A_min=0.004788  max_dA_fwd=-2.063e-05
  [shape] epoch    500  rmse=0.02383  max_abs_dA=0.04057  int_signed_dA=1.821e-11  int_abs_dA=1.824e-11  A_min=-0.0001915  max_dA_fwd=-2.418e-05
  [shape] epoch    750  rmse=0.0156  max_abs_dA=0.02815  int_signed_dA=1.133e-11  int_abs_dA=1.14e-11  A_min=-0.0006269  max_dA_fwd=-1.377e-05
  [shape] epoch   1000  rmse=0.009877  max_abs_dA=0.01915  int_signed_dA=6.782e-12  int_abs_dA=6.878e-12  A_min=-0.0004573  max_dA_fwd=-7.936e-06
  [shape] epoch   1250  rmse=0.007061  max_abs_dA=0.01509  int_signed_dA=4.448e-12  int_abs_dA=4.61e-12  A_min=-0.0004409  max_dA_fwd=-5.885e-06
  [shape] epoch   1500  rmse=0.005662  max_abs_dA=0.01292  int_signed_dA=3.306e-12  int_abs_dA=3.494e-12  A_min=-0.0003136  max_dA_fwd=-4.949e-06
  [shape] epoch   1750  rmse=0.004862  max_abs_dA=0.01159  int_signed_dA=2.634e-12  int_abs_dA=2.879e-12  A_min=-0.0002375  max_dA_fwd=-4.431e-06
  [shape] epoch   2000  rmse=0.004266  max_abs_dA=0.01053  int_signed_dA=2.122e-12  int_abs_dA=2.473e-12  A_min=-0.0001912  max_dA_fwd=-4.16e-06
  [shape] epoch   2250  rmse=0.003779  max_abs_dA=0.009607  int_signed_dA=1.713e-12  int_abs_dA=2.181e-12  A_min=-0.0001271  max_dA_fwd=-4.019e-06
  [shape] epoch   2500  rmse=0.002962  max_abs_dA=0.007811  int_signed_dA=1.028e-12  int_abs_dA=1.801e-12  A_min=-6.27e-05  max_dA_fwd=-3.857e-06
  [shape] epoch   2750  rmse=0.002922  max_abs_dA=0.007768  int_signed_dA=1.011e-12  int_abs_dA=1.749e-12  A_min=8.395e-06  max_dA_fwd=-3.91e-06
  [shape] epoch   3000  rmse=0.002527  max_abs_dA=0.006792  int_signed_dA=6.727e-13  int_abs_dA=1.587e-12  A_min=6.169e-05  max_dA_fwd=-3.851e-06
  [shape] epoch   3250  rmse=0.002078  max_abs_dA=0.005491  int_signed_dA=2.551e-13  int_abs_dA=1.403e-12  A_min=0.0001552  max_dA_fwd=-3.774e-06
  [shape] epoch   3500  rmse=0.002434  max_abs_dA=0.006627  int_signed_dA=7.027e-13  int_abs_dA=1.464e-12  A_min=0.0002342  max_dA_fwd=-3.847e-06
  [shape] epoch   3750  rmse=0.002155  max_abs_dA=0.0058  int_signed_dA=3.692e-13  int_abs_dA=1.392e-12  A_min=0.0002898  max_dA_fwd=-3.753e-06
  [shape] epoch   4000  rmse=0.001939  max_abs_dA=0.005037  int_signed_dA=1.263e-13  int_abs_dA=1.318e-12  A_min=0.0002935  max_dA_fwd=-3.796e-06
  [shape] epoch   4250  rmse=0.001914  max_abs_dA=0.005242  int_signed_dA=3.686e-13  int_abs_dA=1.213e-12  A_min=0.0004588  max_dA_fwd=-3.88e-06
  [shape] epoch   4500  rmse=0.001869  max_abs_dA=0.005174  int_signed_dA=4.154e-13  int_abs_dA=1.174e-12  A_min=0.0005393  max_dA_fwd=-3.936e-06
  [shape] epoch   4750  rmse=0.001555  max_abs_dA=0.004313  int_signed_dA=3.015e-13  int_abs_dA=1.02e-12  A_min=0.0006132  max_dA_fwd=-4.068e-06
  [shape] epoch   5000  rmse=0.001703  max_abs_dA=0.004837  int_signed_dA=5.625e-13  int_abs_dA=1.056e-12  A_min=0.0007135  max_dA_fwd=-4.236e-06
  [shape] epoch   5250  rmse=0.001573  max_abs_dA=0.004445  int_signed_dA=4.864e-13  int_abs_dA=1.018e-12  A_min=0.0007847  max_dA_fwd=-4.327e-06
  [shape] epoch   5500  rmse=0.001398  max_abs_dA=0.003987  int_signed_dA=5.18e-13  int_abs_dA=9.318e-13  A_min=0.0008728  max_dA_fwd=-4.484e-06
  [shape] epoch   5750  rmse=0.001397  max_abs_dA=0.003987  int_signed_dA=5.785e-13  int_abs_dA=9.33e-13  A_min=0.0009101  max_dA_fwd=-4.631e-06
  [shape] epoch   6000  rmse=0.001579  max_abs_dA=0.004523  int_signed_dA=7.964e-13  int_abs_dA=9.868e-13  A_min=0.0008923  max_dA_fwd=-4.784e-06
  [shape] epoch   6250  rmse=0.001399  max_abs_dA=0.003989  int_signed_dA=6.592e-13  int_abs_dA=9.378e-13  A_min=0.000974  max_dA_fwd=-4.791e-06
  [shape] epoch   6500  rmse=0.00122  max_abs_dA=0.003341  int_signed_dA=5.605e-13  int_abs_dA=8.975e-13  A_min=0.001136  max_dA_fwd=-4.75e-06
  [shape] epoch   6750  rmse=0.001314  max_abs_dA=0.003696  int_signed_dA=6.745e-13  int_abs_dA=9.162e-13  A_min=0.001067  max_dA_fwd=-4.888e-06
  [shape] epoch   7000  rmse=0.001289  max_abs_dA=0.003584  int_signed_dA=6.852e-13  int_abs_dA=9.131e-13  A_min=0.001104  max_dA_fwd=-4.939e-06
  [shape] epoch   7250  rmse=0.001259  max_abs_dA=0.003526  int_signed_dA=6.821e-13  int_abs_dA=8.917e-13  A_min=0.00108  max_dA_fwd=-4.97e-06
  [shape] epoch   7500  rmse=0.001021  max_abs_dA=0.002516  int_signed_dA=4.26e-13  int_abs_dA=8.198e-13  A_min=0.001159  max_dA_fwd=-4.967e-06
  [shape] epoch   7750  rmse=0.001205  max_abs_dA=0.003298  int_signed_dA=7.054e-13  int_abs_dA=8.755e-13  A_min=0.001147  max_dA_fwd=-5.048e-06
  [shape] epoch   8000  rmse=0.001181  max_abs_dA=0.003172  int_signed_dA=6.656e-13  int_abs_dA=8.793e-13  A_min=0.001169  max_dA_fwd=-5.063e-06
  [shape] epoch   8250  rmse=0.00119  max_abs_dA=0.003329  int_signed_dA=7.611e-13  int_abs_dA=8.298e-13  A_min=0.001036  max_dA_fwd=-5.126e-06
  [shape] epoch   8500  rmse=0.001151  max_abs_dA=0.003127  int_signed_dA=6.742e-13  int_abs_dA=8.48e-13  A_min=0.001118  max_dA_fwd=-5.107e-06
  [shape] epoch   8750  rmse=0.001148  max_abs_dA=0.00304  int_signed_dA=7.114e-13  int_abs_dA=8.605e-13  A_min=0.001194  max_dA_fwd=-5.104e-06
  [shape] epoch   9000  rmse=0.001117  max_abs_dA=0.003014  int_signed_dA=6.536e-13  int_abs_dA=8.305e-13  A_min=0.001124  max_dA_fwd=-5.079e-06
  [shape] epoch   9250  rmse=0.001184  max_abs_dA=0.00318  int_signed_dA=7.667e-13  int_abs_dA=8.655e-13  A_min=0.001152  max_dA_fwd=-5.117e-06
  [shape] epoch   9500  rmse=0.001102  max_abs_dA=0.002908  int_signed_dA=7.325e-13  int_abs_dA=8.186e-13  A_min=0.001164  max_dA_fwd=-5.143e-06
  [shape] epoch   9750  rmse=0.0009551  max_abs_dA=0.002346  int_signed_dA=4.755e-13  int_abs_dA=7.657e-13  A_min=0.001137  max_dA_fwd=-5.06e-06
  [shape] epoch  10000  rmse=0.001052  max_abs_dA=0.002771  int_signed_dA=6.523e-13  int_abs_dA=7.975e-13  A_min=0.001139  max_dA_fwd=-5.112e-06
  [shape] epoch  10250  rmse=0.001044  max_abs_dA=0.00268  int_signed_dA=6.882e-13  int_abs_dA=7.935e-13  A_min=0.001173  max_dA_fwd=-5.131e-06
  [shape] epoch  10500  rmse=0.000882  max_abs_dA=0.002271  int_signed_dA=5.61e-13  int_abs_dA=6.725e-13  A_min=0.001047  max_dA_fwd=-5.15e-06
  [shape] epoch  10750  rmse=0.001005  max_abs_dA=0.002574  int_signed_dA=6.623e-13  int_abs_dA=7.681e-13  A_min=0.001136  max_dA_fwd=-5.145e-06
  [shape] epoch  11000  rmse=0.0009871  max_abs_dA=0.002503  int_signed_dA=6.246e-13  int_abs_dA=7.64e-13  A_min=0.00115  max_dA_fwd=-5.103e-06
  [shape] epoch  11250  rmse=0.0009763  max_abs_dA=0.002432  int_signed_dA=6.224e-13  int_abs_dA=7.586e-13  A_min=0.00117  max_dA_fwd=-5.084e-06
  [shape] epoch  11500  rmse=0.0009986  max_abs_dA=0.002524  int_signed_dA=6.665e-13  int_abs_dA=7.641e-13  A_min=0.001162  max_dA_fwd=-5.103e-06
  [shape] epoch  11750  rmse=0.00126  max_abs_dA=0.00319  int_signed_dA=9.567e-13  int_abs_dA=9.598e-13  A_min=0.00118  max_dA_fwd=-5.163e-06
  [shape] epoch  12000  rmse=0.0008646  max_abs_dA=0.001447  int_signed_dA=1.297e-13  int_abs_dA=7.207e-13  A_min=0.001217  max_dA_fwd=-4.985e-06
  [shape] epoch  12250  rmse=0.00105  max_abs_dA=0.00272  int_signed_dA=7.316e-13  int_abs_dA=7.866e-13  A_min=0.001103  max_dA_fwd=-5.132e-06
  [shape] epoch  12500  rmse=0.0009657  max_abs_dA=0.002443  int_signed_dA=6.542e-13  int_abs_dA=7.387e-13  A_min=0.001114  max_dA_fwd=-5.094e-06
  [shape] epoch  12750  rmse=0.001146  max_abs_dA=0.002892  int_signed_dA=8.651e-13  int_abs_dA=8.657e-13  A_min=0.001125  max_dA_fwd=-5.179e-06
  [shape] epoch  13000  rmse=0.0008455  max_abs_dA=0.001807  int_signed_dA=4.789e-13  int_abs_dA=6.875e-13  A_min=0.001185  max_dA_fwd=-5.025e-06
  [shape] epoch  13250  rmse=0.000873  max_abs_dA=0.001987  int_signed_dA=5.649e-13  int_abs_dA=6.965e-13  A_min=0.001158  max_dA_fwd=-5.075e-06
  [shape] epoch  13500  rmse=0.00103  max_abs_dA=0.002486  int_signed_dA=7.591e-13  int_abs_dA=7.922e-13  A_min=0.001196  max_dA_fwd=-5.09e-06
  [shape] epoch  13750  rmse=0.0009055  max_abs_dA=0.002056  int_signed_dA=6.413e-13  int_abs_dA=7.137e-13  A_min=0.001172  max_dA_fwd=-5.094e-06
  [shape] epoch  14000  rmse=0.0008817  max_abs_dA=0.001956  int_signed_dA=6.085e-13  int_abs_dA=7.002e-13  A_min=0.00118  max_dA_fwd=-5.063e-06
  [shape] epoch  14250  rmse=0.0009647  max_abs_dA=0.002268  int_signed_dA=7.191e-13  int_abs_dA=7.5e-13  A_min=0.001164  max_dA_fwd=-5.089e-06
  [shape] epoch  14500  rmse=0.0008729  max_abs_dA=0.001922  int_signed_dA=6.015e-13  int_abs_dA=6.948e-13  A_min=0.001176  max_dA_fwd=-5.05e-06
  [shape] epoch  14750  rmse=0.0007882  max_abs_dA=0.001168  int_signed_dA=3.899e-13  int_abs_dA=6.619e-13  A_min=0.001208  max_dA_fwd=-4.983e-06
  [shape] epoch  15000  rmse=0.0009491  max_abs_dA=0.002034  int_signed_dA=7.204e-13  int_abs_dA=7.48e-13  A_min=0.00125  max_dA_fwd=-5.05e-06
  [shape] epoch  15250  rmse=0.0008982  max_abs_dA=0.001869  int_signed_dA=6.598e-13  int_abs_dA=7.164e-13  A_min=0.001227  max_dA_fwd=-5.043e-06
  [shape] epoch  15500  rmse=0.001312  max_abs_dA=0.003084  int_signed_dA=1.059e-12  int_abs_dA=1.063e-12  A_min=0.001201  max_dA_fwd=-5.142e-06
  [shape] epoch  15750  rmse=0.0008854  max_abs_dA=0.001893  int_signed_dA=6.561e-13  int_abs_dA=6.998e-13  A_min=0.001185  max_dA_fwd=-5.045e-06
  [shape] epoch  16000  rmse=0.0008191  max_abs_dA=0.001405  int_signed_dA=5.365e-13  int_abs_dA=6.597e-13  A_min=0.001254  max_dA_fwd=-4.985e-06
  [shape] epoch  16250  rmse=0.0008291  max_abs_dA=0.001457  int_signed_dA=5.61e-13  int_abs_dA=6.667e-13  A_min=0.001253  max_dA_fwd=-4.99e-06
  [shape] epoch  16500  rmse=0.0009209  max_abs_dA=0.001888  int_signed_dA=6.921e-13  int_abs_dA=7.369e-13  A_min=0.001253  max_dA_fwd=-4.999e-06
  [shape] epoch  16750  rmse=0.0008158  max_abs_dA=0.00147  int_signed_dA=5.715e-13  int_abs_dA=6.44e-13  A_min=0.001225  max_dA_fwd=-4.962e-06
  [shape] epoch  17000  rmse=0.0009086  max_abs_dA=0.001771  int_signed_dA=6.912e-13  int_abs_dA=7.224e-13  A_min=0.001266  max_dA_fwd=-5.007e-06
  [shape] epoch  17250  rmse=0.0008825  max_abs_dA=0.001638  int_signed_dA=6.551e-13  int_abs_dA=7.084e-13  A_min=0.001275  max_dA_fwd=-4.97e-06
  [shape] epoch  17500  rmse=0.0008713  max_abs_dA=0.001225  int_signed_dA=1.591e-13  int_abs_dA=7.291e-13  A_min=0.001292  max_dA_fwd=-4.842e-06
  [shape] epoch  17750  rmse=0.0008805  max_abs_dA=0.001711  int_signed_dA=6.712e-13  int_abs_dA=7.026e-13  A_min=0.001232  max_dA_fwd=-4.974e-06
  [shape] epoch  18000  rmse=0.0008508  max_abs_dA=0.001627  int_signed_dA=6.443e-13  int_abs_dA=6.782e-13  A_min=0.001214  max_dA_fwd=-4.942e-06
  [shape] epoch  18250  rmse=0.0008771  max_abs_dA=0.001531  int_signed_dA=6.788e-13  int_abs_dA=7.009e-13  A_min=0.001274  max_dA_fwd=-4.95e-06
  [shape] epoch  18500  rmse=0.0008831  max_abs_dA=0.001586  int_signed_dA=6.753e-13  int_abs_dA=7.04e-13  A_min=0.001276  max_dA_fwd=-4.948e-06
  [shape] epoch  18750  rmse=0.0008066  max_abs_dA=0.001207  int_signed_dA=5.638e-13  int_abs_dA=6.348e-13  A_min=0.001263  max_dA_fwd=-4.948e-06
  [shape] epoch  19000  rmse=0.0008729  max_abs_dA=0.00145  int_signed_dA=6.612e-13  int_abs_dA=6.952e-13  A_min=0.0013  max_dA_fwd=-4.922e-06
  [shape] epoch  19250  rmse=0.0008742  max_abs_dA=0.001471  int_signed_dA=6.709e-13  int_abs_dA=6.981e-13  A_min=0.001287  max_dA_fwd=-4.922e-06
  [shape] epoch  19500  rmse=0.0009032  max_abs_dA=0.001646  int_signed_dA=7.214e-13  int_abs_dA=7.267e-13  A_min=0.001258  max_dA_fwd=-4.936e-06
  [shape] epoch  19750  rmse=0.0009967  max_abs_dA=0.001844  int_signed_dA=8.238e-13  int_abs_dA=8.247e-13  A_min=0.001326  max_dA_fwd=-4.915e-06
  [shape] epoch  20000  rmse=0.0008585  max_abs_dA=0.001376  int_signed_dA=6.55e-13  int_abs_dA=6.847e-13  A_min=0.001284  max_dA_fwd=-4.892e-06
  [shape] epoch  20250  rmse=0.0008455  max_abs_dA=0.001234  int_signed_dA=6.187e-13  int_abs_dA=6.726e-13  A_min=0.001308  max_dA_fwd=-4.873e-06
  [shape] epoch  20500  rmse=0.000798  max_abs_dA=0.001222  int_signed_dA=4.689e-13  int_abs_dA=6.364e-13  A_min=0.001305  max_dA_fwd=-4.848e-06
  [shape] epoch  20750  rmse=0.0008325  max_abs_dA=0.001221  int_signed_dA=6.072e-13  int_abs_dA=6.616e-13  A_min=0.001293  max_dA_fwd=-4.867e-06
  [shape] epoch  21000  rmse=0.0008124  max_abs_dA=0.001227  int_signed_dA=5.337e-13  int_abs_dA=6.455e-13  A_min=0.001317  max_dA_fwd=-4.821e-06
  [shape] epoch  21250  rmse=0.0009682  max_abs_dA=0.001646  int_signed_dA=8.087e-13  int_abs_dA=8.087e-13  A_min=0.001316  max_dA_fwd=-4.9e-06
  [shape] epoch  21500  rmse=0.0009331  max_abs_dA=0.001537  int_signed_dA=7.705e-13  int_abs_dA=7.705e-13  A_min=0.0013  max_dA_fwd=-4.879e-06
  [shape] epoch  21750  rmse=0.0008194  max_abs_dA=0.001247  int_signed_dA=5.478e-13  int_abs_dA=6.415e-13  A_min=0.001326  max_dA_fwd=-4.814e-06
  [shape] epoch  22000  rmse=0.001025  max_abs_dA=0.001851  int_signed_dA=8.718e-13  int_abs_dA=8.727e-13  A_min=0.001303  max_dA_fwd=-4.889e-06
  [shape] epoch  22250  rmse=0.0008673  max_abs_dA=0.001292  int_signed_dA=6.377e-13  int_abs_dA=6.775e-13  A_min=0.001371  max_dA_fwd=-4.798e-06
  [shape] epoch  22500  rmse=0.0008814  max_abs_dA=0.001259  int_signed_dA=6.969e-13  int_abs_dA=7.034e-13  A_min=0.001315  max_dA_fwd=-4.837e-06
  [shape] epoch  22750  rmse=0.0008417  max_abs_dA=0.001288  int_signed_dA=5.194e-13  int_abs_dA=6.623e-13  A_min=0.001378  max_dA_fwd=-4.773e-06
  [shape] epoch  23000  rmse=0.0008431  max_abs_dA=0.00124  int_signed_dA=6.326e-13  int_abs_dA=6.635e-13  A_min=0.001313  max_dA_fwd=-4.795e-06
  [shape] epoch  23250  rmse=0.0008294  max_abs_dA=0.001236  int_signed_dA=6.053e-13  int_abs_dA=6.499e-13  A_min=0.00131  max_dA_fwd=-4.792e-06
  [shape] epoch  23500  rmse=0.0008659  max_abs_dA=0.001262  int_signed_dA=6.669e-13  int_abs_dA=6.838e-13  A_min=0.001329  max_dA_fwd=-4.793e-06
  [shape] epoch  23750  rmse=0.0008843  max_abs_dA=0.001276  int_signed_dA=6.916e-13  int_abs_dA=7.024e-13  A_min=0.001343  max_dA_fwd=-4.787e-06
  [shape] epoch  24000  rmse=0.001028  max_abs_dA=0.001629  int_signed_dA=8.772e-13  int_abs_dA=8.776e-13  A_min=0.001387  max_dA_fwd=-4.828e-06
  [shape] epoch  24250  rmse=0.0008764  max_abs_dA=0.001272  int_signed_dA=6.844e-13  int_abs_dA=6.983e-13  A_min=0.001338  max_dA_fwd=-4.785e-06
  [shape] epoch  24500  rmse=0.0008603  max_abs_dA=0.001278  int_signed_dA=6.436e-13  int_abs_dA=6.703e-13  A_min=0.001352  max_dA_fwd=-4.757e-06
  [shape] epoch  24750  rmse=0.0008276  max_abs_dA=0.00123  int_signed_dA=6.119e-13  int_abs_dA=6.491e-13  A_min=0.001306  max_dA_fwd=-4.753e-06
  [shape] epoch  25000  rmse=0.000859  max_abs_dA=0.001274  int_signed_dA=6.454e-13  int_abs_dA=6.709e-13  A_min=0.001347  max_dA_fwd=-4.755e-06
  [shape] epoch  25250  rmse=0.0009286  max_abs_dA=0.001318  int_signed_dA=7.627e-13  int_abs_dA=7.644e-13  A_min=0.001339  max_dA_fwd=-4.784e-06
  [shape] epoch  25500  rmse=0.0008234  max_abs_dA=0.00125  int_signed_dA=4.554e-13  int_abs_dA=6.553e-13  A_min=0.001349  max_dA_fwd=-4.705e-06
  [shape] epoch  25750  rmse=0.000848  max_abs_dA=0.001268  int_signed_dA=6.245e-13  int_abs_dA=6.574e-13  A_min=0.001339  max_dA_fwd=-4.748e-06
  [shape] epoch  26000  rmse=0.000985  max_abs_dA=0.001495  int_signed_dA=8.358e-13  int_abs_dA=8.373e-13  A_min=0.001348  max_dA_fwd=-4.789e-06
  [shape] epoch  26250  rmse=0.0009172  max_abs_dA=0.001287  int_signed_dA=7.539e-13  int_abs_dA=7.539e-13  A_min=0.001334  max_dA_fwd=-4.767e-06
  [shape] epoch  26500  rmse=0.0008912  max_abs_dA=0.001325  int_signed_dA=6.659e-13  int_abs_dA=6.89e-13  A_min=0.001402  max_dA_fwd=-4.722e-06
  [shape] epoch  26750  rmse=0.0008876  max_abs_dA=0.001312  int_signed_dA=6.769e-13  int_abs_dA=6.892e-13  A_min=0.001381  max_dA_fwd=-4.731e-06
  [shape] epoch  27000  rmse=0.0009303  max_abs_dA=0.001294  int_signed_dA=7.716e-13  int_abs_dA=7.716e-13  A_min=0.00134  max_dA_fwd=-4.757e-06
  [shape] epoch  27250  rmse=0.0008842  max_abs_dA=0.001277  int_signed_dA=7.002e-13  int_abs_dA=7.012e-13  A_min=0.001339  max_dA_fwd=-4.737e-06
  [shape] epoch  27500  rmse=0.0008831  max_abs_dA=0.001285  int_signed_dA=6.949e-13  int_abs_dA=6.97e-13  A_min=0.001345  max_dA_fwd=-4.74e-06
  [shape] epoch  27750  rmse=0.0009411  max_abs_dA=0.001301  int_signed_dA=7.852e-13  int_abs_dA=7.853e-13  A_min=0.001346  max_dA_fwd=-4.751e-06
  [shape] epoch  28000  rmse=0.000851  max_abs_dA=0.001276  int_signed_dA=6.205e-13  int_abs_dA=6.57e-13  A_min=0.001352  max_dA_fwd=-4.706e-06
  [shape] epoch  28250  rmse=0.0008818  max_abs_dA=0.0013  int_signed_dA=6.771e-13  int_abs_dA=6.893e-13  A_min=0.001371  max_dA_fwd=-4.714e-06
  [shape] epoch  28500  rmse=0.0008887  max_abs_dA=0.001286  int_signed_dA=7.072e-13  int_abs_dA=7.072e-13  A_min=0.001343  max_dA_fwd=-4.731e-06
  [shape] epoch  28750  rmse=0.0008927  max_abs_dA=0.001315  int_signed_dA=6.869e-13  int_abs_dA=6.93e-13  A_min=0.001378  max_dA_fwd=-4.721e-06
  [shape] epoch  29000  rmse=0.0008963  max_abs_dA=0.001325  int_signed_dA=6.848e-13  int_abs_dA=6.966e-13  A_min=0.001397  max_dA_fwd=-4.702e-06
  [shape] epoch  29250  rmse=0.0009436  max_abs_dA=0.001351  int_signed_dA=7.594e-13  int_abs_dA=7.61e-13  A_min=0.001417  max_dA_fwd=-4.703e-06
  [shape] epoch  29500  rmse=0.0008786  max_abs_dA=0.001301  int_signed_dA=6.683e-13  int_abs_dA=6.799e-13  A_min=0.001367  max_dA_fwd=-4.705e-06
  [shape] epoch  29750  rmse=0.0008904  max_abs_dA=0.001304  int_signed_dA=6.952e-13  int_abs_dA=6.972e-13  A_min=0.001366  max_dA_fwd=-4.71e-06
  [shape] epoch  30000  rmse=0.0009713  max_abs_dA=0.001334  int_signed_dA=8.192e-13  int_abs_dA=8.193e-13  A_min=0.00137  max_dA_fwd=-4.737e-06
  [shape] epoch  30250  rmse=0.0008774  max_abs_dA=0.001298  int_signed_dA=6.682e-13  int_abs_dA=6.801e-13  A_min=0.001369  max_dA_fwd=-4.691e-06
  [shape] epoch  30500  rmse=0.0008936  max_abs_dA=0.001303  int_signed_dA=7.03e-13  int_abs_dA=7.033e-13  A_min=0.001366  max_dA_fwd=-4.698e-06
  [shape] epoch  30750  rmse=0.0009007  max_abs_dA=0.001326  int_signed_dA=6.914e-13  int_abs_dA=6.97e-13  A_min=0.001393  max_dA_fwd=-4.69e-06
  [shape] epoch  31000  rmse=0.0008995  max_abs_dA=0.001329  int_signed_dA=6.878e-13  int_abs_dA=6.952e-13  A_min=0.001393  max_dA_fwd=-4.693e-06
  [shape] epoch  31250  rmse=0.0008623  max_abs_dA=0.001302  int_signed_dA=5.319e-13  int_abs_dA=6.744e-13  A_min=0.001394  max_dA_fwd=-4.649e-06
  [shape] epoch  31500  rmse=0.0009712  max_abs_dA=0.001328  int_signed_dA=8.244e-13  int_abs_dA=8.25e-13  A_min=0.001366  max_dA_fwd=-4.728e-06
  [shape] epoch  31750  rmse=0.000909  max_abs_dA=0.001319  int_signed_dA=7.225e-13  int_abs_dA=7.225e-13  A_min=0.00138  max_dA_fwd=-4.692e-06
  [shape] epoch  32000  rmse=0.0009084  max_abs_dA=0.001327  int_signed_dA=7.13e-13  int_abs_dA=7.132e-13  A_min=0.001388  max_dA_fwd=-4.693e-06
  [shape] epoch  32250  rmse=0.0009035  max_abs_dA=0.001321  int_signed_dA=7.058e-13  int_abs_dA=7.064e-13  A_min=0.001387  max_dA_fwd=-4.682e-06
  [shape] epoch  32500  rmse=0.0008849  max_abs_dA=0.001314  int_signed_dA=6.655e-13  int_abs_dA=6.82e-13  A_min=0.001387  max_dA_fwd=-4.668e-06
  [shape] epoch  32750  rmse=0.0008735  max_abs_dA=0.001314  int_signed_dA=6.094e-13  int_abs_dA=6.692e-13  A_min=0.001392  max_dA_fwd=-4.66e-06
  [shape] epoch  33000  rmse=0.0009004  max_abs_dA=0.001319  int_signed_dA=7.036e-13  int_abs_dA=7.04e-13  A_min=0.001381  max_dA_fwd=-4.685e-06
  [shape] epoch  33250  rmse=0.0008863  max_abs_dA=0.001337  int_signed_dA=5.37e-13  int_abs_dA=6.9e-13  A_min=0.001441  max_dA_fwd=-4.614e-06
  [shape] epoch  33500  rmse=0.0009264  max_abs_dA=0.001335  int_signed_dA=7.448e-13  int_abs_dA=7.45e-13  A_min=0.001387  max_dA_fwd=-4.688e-06
  [shape] epoch  33750  rmse=0.0009199  max_abs_dA=0.001317  int_signed_dA=7.462e-13  int_abs_dA=7.462e-13  A_min=0.001361  max_dA_fwd=-4.698e-06
  [shape] epoch  34000  rmse=0.000893  max_abs_dA=0.001314  int_signed_dA=6.917e-13  int_abs_dA=6.974e-13  A_min=0.001381  max_dA_fwd=-4.668e-06
  [shape] epoch  34250  rmse=0.0009079  max_abs_dA=0.001326  int_signed_dA=7.125e-13  int_abs_dA=7.135e-13  A_min=0.001384  max_dA_fwd=-4.679e-06
  [shape] epoch  34500  rmse=0.0009045  max_abs_dA=0.001328  int_signed_dA=6.985e-13  int_abs_dA=7.022e-13  A_min=0.001388  max_dA_fwd=-4.673e-06
  [shape] epoch  34750  rmse=0.0008987  max_abs_dA=0.001321  int_signed_dA=6.94e-13  int_abs_dA=6.963e-13  A_min=0.001383  max_dA_fwd=-4.67e-06
  [shape] epoch  35000  rmse=0.0009019  max_abs_dA=0.001323  int_signed_dA=7e-13  int_abs_dA=7.017e-13  A_min=0.001384  max_dA_fwd=-4.67e-06
  [shape] epoch  35250  rmse=0.0009245  max_abs_dA=0.001345  int_signed_dA=7.308e-13  int_abs_dA=7.315e-13  A_min=0.001401  max_dA_fwd=-4.676e-06
  [shape] epoch  35500  rmse=0.0009065  max_abs_dA=0.001325  int_signed_dA=7.097e-13  int_abs_dA=7.109e-13  A_min=0.001384  max_dA_fwd=-4.668e-06
  [shape] epoch  35750  rmse=0.0009132  max_abs_dA=0.001332  int_signed_dA=7.174e-13  int_abs_dA=7.186e-13  A_min=0.001389  max_dA_fwd=-4.668e-06
  [shape] epoch  36000  rmse=0.0009021  max_abs_dA=0.001331  int_signed_dA=6.876e-13  int_abs_dA=6.936e-13  A_min=0.001392  max_dA_fwd=-4.663e-06
  [shape] epoch  36250  rmse=0.0009096  max_abs_dA=0.001333  int_signed_dA=7.058e-13  int_abs_dA=7.082e-13  A_min=0.001393  max_dA_fwd=-4.664e-06
  [shape] epoch  36500  rmse=0.0008907  max_abs_dA=0.001313  int_signed_dA=6.826e-13  int_abs_dA=6.863e-13  A_min=0.001374  max_dA_fwd=-4.662e-06
  [shape] epoch  36750  rmse=0.000944  max_abs_dA=0.001347  int_signed_dA=7.729e-13  int_abs_dA=7.729e-13  A_min=0.00139  max_dA_fwd=-4.681e-06
  [shape] epoch  37000  rmse=0.0009029  max_abs_dA=0.001338  int_signed_dA=6.721e-13  int_abs_dA=6.902e-13  A_min=0.001402  max_dA_fwd=-4.65e-06
  [shape] epoch  37250  rmse=0.0009077  max_abs_dA=0.001334  int_signed_dA=6.978e-13  int_abs_dA=7.02e-13  A_min=0.001393  max_dA_fwd=-4.658e-06
  [shape] epoch  37500  rmse=0.0009502  max_abs_dA=0.00135  int_signed_dA=7.841e-13  int_abs_dA=7.841e-13  A_min=0.00139  max_dA_fwd=-4.68e-06
  [shape] epoch  37750  rmse=0.0009176  max_abs_dA=0.001343  int_signed_dA=7.131e-13  int_abs_dA=7.157e-13  A_min=0.001402  max_dA_fwd=-4.657e-06
  [shape] epoch  38000  rmse=0.0009113  max_abs_dA=0.001332  int_signed_dA=7.127e-13  int_abs_dA=7.144e-13  A_min=0.001387  max_dA_fwd=-4.66e-06
  [shape] epoch  38250  rmse=0.0008943  max_abs_dA=0.001329  int_signed_dA=6.561e-13  int_abs_dA=6.819e-13  A_min=0.001396  max_dA_fwd=-4.644e-06
  [shape] epoch  38500  rmse=0.0009334  max_abs_dA=0.001348  int_signed_dA=7.475e-13  int_abs_dA=7.479e-13  A_min=0.001396  max_dA_fwd=-4.667e-06
  [shape] epoch  38750  rmse=0.0009071  max_abs_dA=0.001338  int_signed_dA=6.859e-13  int_abs_dA=6.956e-13  A_min=0.001399  max_dA_fwd=-4.65e-06
  [shape] epoch  39000  rmse=0.0009332  max_abs_dA=0.001342  int_signed_dA=7.544e-13  int_abs_dA=7.544e-13  A_min=0.001385  max_dA_fwd=-4.67e-06
  [shape] epoch  39250  rmse=0.0009044  max_abs_dA=0.001327  int_signed_dA=6.967e-13  int_abs_dA=7.019e-13  A_min=0.00138  max_dA_fwd=-4.658e-06
  [shape] epoch  39500  rmse=0.0009113  max_abs_dA=0.001338  int_signed_dA=7.008e-13  int_abs_dA=7.041e-13  A_min=0.001398  max_dA_fwd=-4.647e-06
  [shape] epoch  39750  rmse=0.0009388  max_abs_dA=0.001345  int_signed_dA=7.655e-13  int_abs_dA=7.655e-13  A_min=0.00139  max_dA_fwd=-4.666e-06
  [shape] epoch  40000  rmse=0.0009062  max_abs_dA=0.001322  int_signed_dA=7.102e-13  int_abs_dA=7.128e-13  A_min=0.001373  max_dA_fwd=-4.654e-06
  [shape] epoch  40250  rmse=0.0009151  max_abs_dA=0.001338  int_signed_dA=7.119e-13  int_abs_dA=7.151e-13  A_min=0.001391  max_dA_fwd=-4.652e-06
  [shape] epoch  40500  rmse=0.0009064  max_abs_dA=0.001324  int_signed_dA=7.081e-13  int_abs_dA=7.107e-13  A_min=0.001375  max_dA_fwd=-4.656e-06
  [shape] epoch  40750  rmse=0.000914  max_abs_dA=0.001335  int_signed_dA=7.126e-13  int_abs_dA=7.15e-13  A_min=0.001389  max_dA_fwd=-4.651e-06
  [shape] epoch  41000  rmse=0.0009094  max_abs_dA=0.001327  int_signed_dA=7.118e-13  int_abs_dA=7.142e-13  A_min=0.001378  max_dA_fwd=-4.653e-06
  [shape] epoch  41250  rmse=0.0009048  max_abs_dA=0.001324  int_signed_dA=7.016e-13  int_abs_dA=7.049e-13  A_min=0.001378  max_dA_fwd=-4.649e-06
  [shape] epoch  41500  rmse=0.0009001  max_abs_dA=0.001324  int_signed_dA=6.882e-13  int_abs_dA=6.926e-13  A_min=0.001382  max_dA_fwd=-4.643e-06
  [shape] epoch  41750  rmse=0.0009127  max_abs_dA=0.00133  int_signed_dA=7.162e-13  int_abs_dA=7.189e-13  A_min=0.001379  max_dA_fwd=-4.653e-06
  [shape] epoch  42000  rmse=0.0009111  max_abs_dA=0.00133  int_signed_dA=7.116e-13  int_abs_dA=7.145e-13  A_min=0.00138  max_dA_fwd=-4.65e-06
  [shape] epoch  42250  rmse=0.0009051  max_abs_dA=0.001337  int_signed_dA=6.753e-13  int_abs_dA=6.906e-13  A_min=0.001398  max_dA_fwd=-4.635e-06
  [shape] epoch  42500  rmse=0.0009142  max_abs_dA=0.001329  int_signed_dA=7.206e-13  int_abs_dA=7.23e-13  A_min=0.001376  max_dA_fwd=-4.653e-06
  [shape] epoch  42750  rmse=0.0009407  max_abs_dA=0.001334  int_signed_dA=7.782e-13  int_abs_dA=7.783e-13  A_min=0.001368  max_dA_fwd=-4.666e-06
  [shape] epoch  43000  rmse=0.0009118  max_abs_dA=0.001331  int_signed_dA=7.086e-13  int_abs_dA=7.138e-13  A_min=0.001379  max_dA_fwd=-4.649e-06
  [shape] epoch  43250  rmse=0.0009078  max_abs_dA=0.001325  int_signed_dA=7.083e-13  int_abs_dA=7.111e-13  A_min=0.001376  max_dA_fwd=-4.646e-06
  [shape] epoch  43500  rmse=0.0009079  max_abs_dA=0.001332  int_signed_dA=6.944e-13  int_abs_dA=7.01e-13  A_min=0.001386  max_dA_fwd=-4.642e-06
  [shape] epoch  43750  rmse=0.0009041  max_abs_dA=0.001318  int_signed_dA=7.082e-13  int_abs_dA=7.117e-13  A_min=0.001364  max_dA_fwd=-4.651e-06
  [shape] epoch  44000  rmse=0.00091  max_abs_dA=0.001326  int_signed_dA=7.118e-13  int_abs_dA=7.157e-13  A_min=0.001373  max_dA_fwd=-4.646e-06
  [shape] epoch  44250  rmse=0.0009126  max_abs_dA=0.001325  int_signed_dA=7.212e-13  int_abs_dA=7.234e-13  A_min=0.00137  max_dA_fwd=-4.652e-06
  [shape] epoch  44500  rmse=0.0009189  max_abs_dA=0.001325  int_signed_dA=7.374e-13  int_abs_dA=7.384e-13  A_min=0.001365  max_dA_fwd=-4.656e-06
  [shape] epoch  44750  rmse=0.0009193  max_abs_dA=0.001332  int_signed_dA=7.279e-13  int_abs_dA=7.31e-13  A_min=0.001375  max_dA_fwd=-4.652e-06
  [shape] epoch  45000  rmse=0.0009125  max_abs_dA=0.001325  int_signed_dA=7.202e-13  int_abs_dA=7.229e-13  A_min=0.00137  max_dA_fwd=-4.649e-06
  [shape] epoch  45250  rmse=0.000921  max_abs_dA=0.001333  int_signed_dA=7.336e-13  int_abs_dA=7.353e-13  A_min=0.001376  max_dA_fwd=-4.649e-06
  [shape] epoch  45500  rmse=0.0009117  max_abs_dA=0.001324  int_signed_dA=7.207e-13  int_abs_dA=7.227e-13  A_min=0.001369  max_dA_fwd=-4.648e-06
  [shape] epoch  45750  rmse=0.0009181  max_abs_dA=0.001325  int_signed_dA=7.353e-13  int_abs_dA=7.367e-13  A_min=0.001365  max_dA_fwd=-4.654e-06
  [shape] epoch  46000  rmse=0.0009476  max_abs_dA=0.001334  int_signed_dA=7.918e-13  int_abs_dA=7.918e-13  A_min=0.001357  max_dA_fwd=-4.671e-06
  [shape] epoch  46250  rmse=0.0009157  max_abs_dA=0.001327  int_signed_dA=7.264e-13  int_abs_dA=7.287e-13  A_min=0.00137  max_dA_fwd=-4.649e-06
  [shape] epoch  46500  rmse=0.0008975  max_abs_dA=0.001316  int_signed_dA=6.855e-13  int_abs_dA=6.929e-13  A_min=0.001369  max_dA_fwd=-4.638e-06
  [shape] epoch  46750  rmse=0.0009084  max_abs_dA=0.00132  int_signed_dA=7.152e-13  int_abs_dA=7.182e-13  A_min=0.001366  max_dA_fwd=-4.646e-06
  [shape] epoch  47000  rmse=0.0009089  max_abs_dA=0.001318  int_signed_dA=7.198e-13  int_abs_dA=7.221e-13  A_min=0.001362  max_dA_fwd=-4.647e-06
  [shape] epoch  47250  rmse=0.0009111  max_abs_dA=0.001321  int_signed_dA=7.216e-13  int_abs_dA=7.24e-13  A_min=0.001365  max_dA_fwd=-4.647e-06
  [shape] epoch  47500  rmse=0.0009056  max_abs_dA=0.001322  int_signed_dA=7.012e-13  int_abs_dA=7.072e-13  A_min=0.001371  max_dA_fwd=-4.64e-06
  [shape] epoch  47750  rmse=0.0009049  max_abs_dA=0.001318  int_signed_dA=7.081e-13  int_abs_dA=7.118e-13  A_min=0.001365  max_dA_fwd=-4.643e-06
  [shape] epoch  48000  rmse=0.000907  max_abs_dA=0.00132  int_signed_dA=7.113e-13  int_abs_dA=7.149e-13  A_min=0.001367  max_dA_fwd=-4.643e-06
  [shape] epoch  48250  rmse=0.0009101  max_abs_dA=0.001318  int_signed_dA=7.235e-13  int_abs_dA=7.255e-13  A_min=0.001361  max_dA_fwd=-4.647e-06
  [shape] epoch  48500  rmse=0.0009148  max_abs_dA=0.001318  int_signed_dA=7.36e-13  int_abs_dA=7.369e-13  A_min=0.001357  max_dA_fwd=-4.651e-06
  [shape] epoch  48750  rmse=0.0009206  max_abs_dA=0.001324  int_signed_dA=7.417e-13  int_abs_dA=7.43e-13  A_min=0.001361  max_dA_fwd=-4.652e-06
  [shape] epoch  49000  rmse=0.0009091  max_abs_dA=0.001319  int_signed_dA=7.174e-13  int_abs_dA=7.208e-13  A_min=0.001364  max_dA_fwd=-4.644e-06
  [shape] epoch  49250  rmse=0.0008995  max_abs_dA=0.001318  int_signed_dA=6.862e-13  int_abs_dA=6.947e-13  A_min=0.001372  max_dA_fwd=-4.633e-06
  [shape] epoch  49500  rmse=0.000909  max_abs_dA=0.001316  int_signed_dA=7.216e-13  int_abs_dA=7.239e-13  A_min=0.00136  max_dA_fwd=-4.645e-06
  [shape] epoch  49750  rmse=0.0009085  max_abs_dA=0.00132  int_signed_dA=7.138e-13  int_abs_dA=7.172e-13  A_min=0.001368  max_dA_fwd=-4.64e-06
  [shape] epoch  50000  rmse=0.0009086  max_abs_dA=0.001314  int_signed_dA=7.226e-13  int_abs_dA=7.25e-13  A_min=0.001357  max_dA_fwd=-4.646e-06
  [shape] epoch  50250  rmse=0.0009072  max_abs_dA=0.001316  int_signed_dA=7.165e-13  int_abs_dA=7.194e-13  A_min=0.001362  max_dA_fwd=-4.643e-06
  [shape] epoch  50500  rmse=0.0009091  max_abs_dA=0.001315  int_signed_dA=7.229e-13  int_abs_dA=7.25e-13  A_min=0.00136  max_dA_fwd=-4.644e-06
  [shape] epoch  50750  rmse=0.0009007  max_abs_dA=0.001311  int_signed_dA=7.039e-13  int_abs_dA=7.079e-13  A_min=0.001361  max_dA_fwd=-4.637e-06
  [shape] epoch  51000  rmse=0.0009091  max_abs_dA=0.001314  int_signed_dA=7.252e-13  int_abs_dA=7.267e-13  A_min=0.001359  max_dA_fwd=-4.643e-06
  [shape] epoch  51250  rmse=0.0009077  max_abs_dA=0.001315  int_signed_dA=7.193e-13  int_abs_dA=7.215e-13  A_min=0.001362  max_dA_fwd=-4.64e-06
  [shape] epoch  51500  rmse=0.0009099  max_abs_dA=0.001314  int_signed_dA=7.265e-13  int_abs_dA=7.284e-13  A_min=0.001357  max_dA_fwd=-4.645e-06
  [shape] epoch  51750  rmse=0.0009067  max_abs_dA=0.001314  int_signed_dA=7.165e-13  int_abs_dA=7.194e-13  A_min=0.001362  max_dA_fwd=-4.64e-06
  [shape] epoch  52000  rmse=0.0009075  max_abs_dA=0.001313  int_signed_dA=7.207e-13  int_abs_dA=7.231e-13  A_min=0.001359  max_dA_fwd=-4.642e-06
  [shape] epoch  52250  rmse=0.0009046  max_abs_dA=0.001313  int_signed_dA=7.128e-13  int_abs_dA=7.16e-13  A_min=0.001362  max_dA_fwd=-4.638e-06
  [shape] epoch  52500  rmse=0.0009037  max_abs_dA=0.001312  int_signed_dA=7.116e-13  int_abs_dA=7.149e-13  A_min=0.001361  max_dA_fwd=-4.638e-06
  [shape] epoch  52750  rmse=0.000908  max_abs_dA=0.001314  int_signed_dA=7.214e-13  int_abs_dA=7.237e-13  A_min=0.001361  max_dA_fwd=-4.64e-06
  [shape] epoch  53000  rmse=0.0009008  max_abs_dA=0.00131  int_signed_dA=7.051e-13  int_abs_dA=7.094e-13  A_min=0.001361  max_dA_fwd=-4.635e-06
  [shape] epoch  53250  rmse=0.0009017  max_abs_dA=0.001309  int_signed_dA=7.096e-13  int_abs_dA=7.129e-13  A_min=0.00136  max_dA_fwd=-4.636e-06
  [shape] epoch  53500  rmse=0.0009027  max_abs_dA=0.001311  int_signed_dA=7.095e-13  int_abs_dA=7.13e-13  A_min=0.001362  max_dA_fwd=-4.635e-06
  [shape] epoch  53750  rmse=0.0009044  max_abs_dA=0.00131  int_signed_dA=7.15e-13  int_abs_dA=7.179e-13  A_min=0.00136  max_dA_fwd=-4.637e-06
  [shape] epoch  54000  rmse=0.0009042  max_abs_dA=0.00131  int_signed_dA=7.147e-13  int_abs_dA=7.176e-13  A_min=0.00136  max_dA_fwd=-4.636e-06
  [shape] epoch  54250  rmse=0.0009069  max_abs_dA=0.001311  int_signed_dA=7.219e-13  int_abs_dA=7.239e-13  A_min=0.00136  max_dA_fwd=-4.638e-06
  [shape] epoch  54500  rmse=0.0009024  max_abs_dA=0.001311  int_signed_dA=7.088e-13  int_abs_dA=7.125e-13  A_min=0.001363  max_dA_fwd=-4.633e-06
  [shape] epoch  54750  rmse=0.0009042  max_abs_dA=0.00131  int_signed_dA=7.143e-13  int_abs_dA=7.174e-13  A_min=0.001361  max_dA_fwd=-4.635e-06
  [shape] epoch  55000  rmse=0.0009056  max_abs_dA=0.001307  int_signed_dA=7.224e-13  int_abs_dA=7.248e-13  A_min=0.001354  max_dA_fwd=-4.64e-06
  [shape] epoch  55250  rmse=0.0009087  max_abs_dA=0.001312  int_signed_dA=7.247e-13  int_abs_dA=7.267e-13  A_min=0.001361  max_dA_fwd=-4.637e-06
  [shape] epoch  55500  rmse=0.0009081  max_abs_dA=0.001312  int_signed_dA=7.238e-13  int_abs_dA=7.256e-13  A_min=0.001362  max_dA_fwd=-4.635e-06
  [shape] epoch  55750  rmse=0.0009028  max_abs_dA=0.001309  int_signed_dA=7.125e-13  int_abs_dA=7.156e-13  A_min=0.001361  max_dA_fwd=-4.632e-06
  [shape] epoch  56000  rmse=0.0009023  max_abs_dA=0.001308  int_signed_dA=7.117e-13  int_abs_dA=7.149e-13  A_min=0.001361  max_dA_fwd=-4.632e-06
  [shape] epoch  56250  rmse=0.0009032  max_abs_dA=0.001309  int_signed_dA=7.124e-13  int_abs_dA=7.156e-13  A_min=0.001363  max_dA_fwd=-4.631e-06
  [shape] epoch  56500  rmse=0.0009035  max_abs_dA=0.001309  int_signed_dA=7.141e-13  int_abs_dA=7.171e-13  A_min=0.001362  max_dA_fwd=-4.631e-06
  [shape] epoch  56750  rmse=0.0009022  max_abs_dA=0.001307  int_signed_dA=7.126e-13  int_abs_dA=7.156e-13  A_min=0.001361  max_dA_fwd=-4.631e-06
  [shape] epoch  57000  rmse=0.0009014  max_abs_dA=0.001306  int_signed_dA=7.113e-13  int_abs_dA=7.144e-13  A_min=0.001361  max_dA_fwd=-4.63e-06
  [shape] epoch  57250  rmse=0.000905  max_abs_dA=0.001307  int_signed_dA=7.201e-13  int_abs_dA=7.223e-13  A_min=0.00136  max_dA_fwd=-4.632e-06
  [shape] epoch  57500  rmse=0.0009013  max_abs_dA=0.001306  int_signed_dA=7.114e-13  int_abs_dA=7.145e-13  A_min=0.001361  max_dA_fwd=-4.629e-06
  [shape] epoch  57750  rmse=0.0009029  max_abs_dA=0.001304  int_signed_dA=7.181e-13  int_abs_dA=7.206e-13  A_min=0.001357  max_dA_fwd=-4.632e-06
  [shape] epoch  58000  rmse=0.0009009  max_abs_dA=0.001305  int_signed_dA=7.119e-13  int_abs_dA=7.149e-13  A_min=0.00136  max_dA_fwd=-4.628e-06
  [shape] epoch  58250  rmse=0.0009025  max_abs_dA=0.001305  int_signed_dA=7.159e-13  int_abs_dA=7.185e-13  A_min=0.00136  max_dA_fwd=-4.629e-06
  [shape] epoch  58500  rmse=0.0009062  max_abs_dA=0.001306  int_signed_dA=7.247e-13  int_abs_dA=7.263e-13  A_min=0.001359  max_dA_fwd=-4.631e-06
  [shape] epoch  58750  rmse=0.0008977  max_abs_dA=0.001304  int_signed_dA=7.026e-13  int_abs_dA=7.069e-13  A_min=0.001363  max_dA_fwd=-4.623e-06
  [shape] epoch  59000  rmse=0.0009002  max_abs_dA=0.001303  int_signed_dA=7.115e-13  int_abs_dA=7.145e-13  A_min=0.00136  max_dA_fwd=-4.626e-06
  [shape] epoch  59250  rmse=0.000901  max_abs_dA=0.001303  int_signed_dA=7.143e-13  int_abs_dA=7.17e-13  A_min=0.001359  max_dA_fwd=-4.627e-06
  [shape] epoch  59500  rmse=0.0008994  max_abs_dA=0.001303  int_signed_dA=7.094e-13  int_abs_dA=7.127e-13  A_min=0.001361  max_dA_fwd=-4.624e-06
  [shape] epoch  59750  rmse=0.0009012  max_abs_dA=0.001303  int_signed_dA=7.15e-13  int_abs_dA=7.176e-13  A_min=0.00136  max_dA_fwd=-4.626e-06
  [shape] epoch  59999  rmse=0.0009005  max_abs_dA=0.001302  int_signed_dA=7.136e-13  int_abs_dA=7.163e-13  A_min=0.00136  max_dA_fwd=-4.625e-06
[spectral-pn] spn-L0.3-s42: loss 9.278e-03 -> 6.065e-08 (x152971 drop)
[spectral-pn] RMSE=0.0009 max|dA|=0.0013 gamma_eff=7.4853e+09 gamma_ratio=0.9947
[spectral-pn] snapshot=final best_epoch=59999 best_loss=6.065e-08 final_loss=6.065e-08
[spectral-pn-shape] cancel=0.996 int_signed_dA=7.1358e-13 int_abs_dA=7.1628e-13 A_min=1.3600e-03 max_dA_fwd=-4.6247e-06
[spectral-pn] saved: runs/transient/pn_corridor_ladder_60k/ladder_L0.3_1d
