PINN-BTE Training Log
Run ID: 20260707_124826
Started: 2026-07-07T12:48:31.439905
======================================================================

                    INFO     Logging to:                                        
                             runs/transient/1d_nongray_large_dt_0.01um_100K/2026
                             0707_124826/training_20260707_124826.log           
                    INFO     Logging to:                                        
                             runs/transient/1d_nongray_large_dt_0.01um_100K/2026
                             0707_124826/training_20260707_124826.log           
[07/07/26 12:48:32] INFO     Started W&B run: tr_1d_ng_L0.01um_dT100K ·         
                             20260707_124826 (kz2cye94)                         
[07/07/26 12:48:32] INFO     Started W&B run: tr_1d_ng_L0.01um_dT100K ·         
                             20260707_124826 (kz2cye94)                         

Phase 1: Pretraining β-network
  Temperature range: [250K, 350K]
  Epochs: 200
     0.2s | Epoch     0 | β Loss = 6.82e-01
  β pretraining complete! Final loss: 9.45e-02
╭───────────────────────────── Starting Training ──────────────────────────────╮
│   Mode      Transient_Nongray_LargeDT                                        │
│   Epochs    15000                                                            │
│   Device    cuda                                                             │
│   Run ID    20260707_124826                                                  │
╰──────────────────────────────────────────────────────────────────────────────╯

Phase 2: BTE Training
  L = 0.0 μm, ΔT = 100.0K
  T range: [250K, 350K]
  Kn_eff = 10.1522
  τ(T) model = holland (full branch-resolved Holland--Callaway)
  Waypoints: 5 (uniform), weight=0.0
  ALL 60 modes × ALL 16 angles (vectorized)
  Epochs: 15000
     0.6s | Epoch     0 | BTE=1.18e+01 | Energy=1.24e+02 | BC=2.31e-03 | 
IC_n=2.31e-03 | IC_T=0.00e+00 | dT=0.00e+00 | WP=1.78e+01 | GE=2.68e-04 | 
Amp=0.00e+00 | Total=1.53e+02
    62.9s | Epoch   200 | BTE=7.10e+00 | Energy=8.62e-01 | BC=3.96e-04 | 
IC_n=1.19e-03 | IC_T=0.00e+00 | dT=0.00e+00 | WP=2.03e+01 | GE=4.59e-05 | 
Amp=0.00e+00 | Total=2.82e+01
   123.7s | Epoch   400 | BTE=5.48e+00 | Energy=6.27e-01 | BC=5.24e-04 | 
IC_n=2.08e-03 | IC_T=0.00e+00 | dT=0.00e+00 | WP=2.08e+01 | GE=1.08e-03 | 
Amp=0.00e+00 | Total=2.69e+01
   187.2s | Epoch   600 | BTE=3.51e+00 | Energy=5.48e-01 | BC=5.85e-05 | 
IC_n=1.32e-03 | IC_T=0.00e+00 | dT=0.00e+00 | WP=2.12e+01 | GE=4.67e-04 | 
Amp=0.00e+00 | Total=2.53e+01
   250.9s | Epoch   800 | BTE=2.80e+00 | Energy=2.82e-01 | BC=2.49e-05 | 
IC_n=2.06e-03 | IC_T=0.00e+00 | dT=0.00e+00 | WP=2.22e+01 | GE=3.41e-05 | 
Amp=0.00e+00 | Total=2.53e+01
   314.4s | Epoch  1000 | BTE=2.39e+00 | Energy=1.59e-01 | BC=1.54e-05 | 
IC_n=3.00e-03 | IC_T=0.00e+00 | dT=0.00e+00 | WP=2.27e+01 | GE=2.64e-04 | 
Amp=0.00e+00 | Total=2.53e+01
   375.3s | Epoch  1200 | BTE=2.02e+00 | Energy=1.79e-01 | BC=2.94e-05 | 
IC_n=4.36e-03 | IC_T=0.00e+00 | dT=0.00e+00 | WP=2.29e+01 | GE=1.75e-03 | 
Amp=0.00e+00 | Total=2.51e+01
   438.3s | Epoch  1400 | BTE=1.78e+00 | Energy=1.18e-01 | BC=3.98e-05 | 
IC_n=4.35e-03 | IC_T=0.00e+00 | dT=0.00e+00 | WP=2.30e+01 | GE=3.06e-04 | 
Amp=0.00e+00 | Total=2.49e+01
   500.9s | Epoch  1600 | BTE=1.66e+00 | Energy=1.24e-01 | BC=5.42e-05 | 
IC_n=4.69e-03 | IC_T=0.00e+00 | dT=0.00e+00 | WP=2.29e+01 | GE=1.47e-04 | 
Amp=0.00e+00 | Total=2.47e+01
   564.0s | Epoch  1800 | BTE=1.58e+00 | Energy=2.61e-01 | BC=6.95e-05 | 
IC_n=5.17e-03 | IC_T=0.00e+00 | dT=0.00e+00 | WP=2.29e+01 | GE=4.77e-04 | 
Amp=0.00e+00 | Total=2.48e+01
   625.4s | Epoch  2000 | BTE=1.51e+00 | Energy=1.16e-01 | BC=7.29e-05 | 
IC_n=5.44e-03 | IC_T=0.00e+00 | dT=0.00e+00 | WP=2.28e+01 | GE=7.54e-05 | 
Amp=0.00e+00 | Total=2.44e+01
   687.2s | Epoch  2200 | BTE=1.49e+00 | Energy=1.07e-01 | BC=8.13e-05 | 
IC_n=5.35e-03 | IC_T=0.00e+00 | dT=0.00e+00 | WP=2.29e+01 | GE=9.98e-05 | 
Amp=0.00e+00 | Total=2.45e+01
   750.0s | Epoch  2400 | BTE=1.48e+00 | Energy=1.08e-01 | BC=7.74e-05 | 
IC_n=4.70e-03 | IC_T=0.00e+00 | dT=0.00e+00 | WP=2.28e+01 | GE=1.38e-04 | 
Amp=0.00e+00 | Total=2.44e+01
   813.6s | Epoch  2600 | BTE=1.42e+00 | Energy=1.09e-01 | BC=9.58e-05 | 
IC_n=4.94e-03 | IC_T=0.00e+00 | dT=0.00e+00 | WP=2.28e+01 | GE=1.03e-04 | 
Amp=0.00e+00 | Total=2.43e+01
   876.2s | Epoch  2800 | BTE=1.44e+00 | Energy=9.78e-02 | BC=1.04e-04 | 
IC_n=4.27e-03 | IC_T=0.00e+00 | dT=0.00e+00 | WP=2.29e+01 | GE=1.14e-03 | 
Amp=0.00e+00 | Total=2.44e+01
   939.5s | Epoch  3000 | BTE=1.39e+00 | Energy=1.98e-01 | BC=1.07e-04 | 
IC_n=4.67e-03 | IC_T=0.00e+00 | dT=0.00e+00 | WP=2.28e+01 | GE=1.90e-04 | 
Amp=0.00e+00 | Total=2.44e+01
  1002.4s | Epoch  3200 | BTE=1.37e+00 | Energy=1.03e-01 | BC=1.21e-04 | 
IC_n=4.65e-03 | IC_T=0.00e+00 | dT=0.00e+00 | WP=2.28e+01 | GE=1.32e-03 | 
Amp=0.00e+00 | Total=2.43e+01
  1064.8s | Epoch  3400 | BTE=1.36e+00 | Energy=1.07e-01 | BC=1.21e-04 | 
IC_n=3.91e-03 | IC_T=0.00e+00 | dT=0.00e+00 | WP=2.28e+01 | GE=3.92e-04 | 
Amp=0.00e+00 | Total=2.43e+01
  1126.9s | Epoch  3600 | BTE=1.29e+00 | Energy=1.03e-01 | BC=1.55e-04 | 
IC_n=4.50e-03 | IC_T=0.00e+00 | dT=0.00e+00 | WP=2.28e+01 | GE=1.11e-03 | 
Amp=0.00e+00 | Total=2.42e+01
  1190.9s | Epoch  3800 | BTE=1.29e+00 | Energy=1.00e-01 | BC=1.76e-04 | 
IC_n=4.88e-03 | IC_T=0.00e+00 | dT=0.00e+00 | WP=2.28e+01 | GE=1.12e-03 | 
Amp=0.00e+00 | Total=2.42e+01
  1253.0s | Epoch  4000 | BTE=1.24e+00 | Energy=9.34e-02 | BC=2.04e-04 | 
IC_n=4.16e-03 | IC_T=0.00e+00 | dT=0.00e+00 | WP=2.28e+01 | GE=1.58e-04 | 
Amp=0.00e+00 | Total=2.42e+01
  1314.6s | Epoch  4200 | BTE=1.20e+00 | Energy=9.24e-02 | BC=2.42e-04 | 
IC_n=5.04e-03 | IC_T=0.00e+00 | dT=0.00e+00 | WP=2.28e+01 | GE=2.01e-04 | 
Amp=0.00e+00 | Total=2.41e+01
  1378.2s | Epoch  4400 | BTE=1.14e+00 | Energy=8.71e-02 | BC=2.75e-04 | 
IC_n=4.23e-03 | IC_T=0.00e+00 | dT=0.00e+00 | WP=2.28e+01 | GE=2.12e-04 | 
Amp=0.00e+00 | Total=2.40e+01
  1441.5s | Epoch  4600 | BTE=1.10e+00 | Energy=1.09e-01 | BC=3.18e-04 | 
IC_n=4.92e-03 | IC_T=0.00e+00 | dT=0.00e+00 | WP=2.27e+01 | GE=3.55e-05 | 
Amp=0.00e+00 | Total=2.39e+01
  1504.7s | Epoch  4800 | BTE=1.08e+00 | Energy=1.03e-01 | BC=4.36e-04 | 
IC_n=5.59e-03 | IC_T=0.00e+00 | dT=0.00e+00 | WP=2.26e+01 | GE=1.97e-04 | 
Amp=0.00e+00 | Total=2.38e+01
  1565.6s | Epoch  5000 | BTE=1.01e+00 | Energy=1.01e-01 | BC=4.73e-04 | 
IC_n=5.41e-03 | IC_T=0.00e+00 | dT=0.00e+00 | WP=2.25e+01 | GE=5.40e-05 | 
Amp=0.00e+00 | Total=2.36e+01
  1626.9s | Epoch  5200 | BTE=9.75e-01 | Energy=1.03e-01 | BC=5.55e-04 | 
IC_n=5.33e-03 | IC_T=0.00e+00 | dT=0.00e+00 | WP=2.24e+01 | GE=1.63e-04 | 
Amp=0.00e+00 | Total=2.35e+01
  1689.2s | Epoch  5400 | BTE=9.39e-01 | Energy=1.07e-01 | BC=6.49e-04 | 
IC_n=5.41e-03 | IC_T=0.00e+00 | dT=0.00e+00 | WP=2.24e+01 | GE=6.73e-04 | 
Amp=0.00e+00 | Total=2.34e+01
  1749.9s | Epoch  5600 | BTE=9.05e-01 | Energy=1.03e-01 | BC=7.40e-04 | 
IC_n=5.58e-03 | IC_T=0.00e+00 | dT=0.00e+00 | WP=2.23e+01 | GE=5.33e-05 | 
Amp=0.00e+00 | Total=2.34e+01
  1811.3s | Epoch  5800 | BTE=8.65e-01 | Energy=1.07e-01 | BC=8.34e-04 | 
IC_n=5.52e-03 | IC_T=0.00e+00 | dT=0.00e+00 | WP=2.23e+01 | GE=2.54e-04 | 
Amp=0.00e+00 | Total=2.33e+01
  1872.2s | Epoch  6000 | BTE=8.32e-01 | Energy=1.00e-01 | BC=8.87e-04 | 
IC_n=5.33e-03 | IC_T=0.00e+00 | dT=0.00e+00 | WP=2.23e+01 | GE=2.83e-04 | 
Amp=0.00e+00 | Total=2.32e+01
  1932.7s | Epoch  6200 | BTE=8.37e-01 | Energy=9.66e-02 | BC=9.26e-04 | 
IC_n=4.64e-03 | IC_T=0.00e+00 | dT=0.00e+00 | WP=2.22e+01 | GE=1.59e-04 | 
Amp=0.00e+00 | Total=2.31e+01
  1994.7s | Epoch  6400 | BTE=8.03e-01 | Energy=9.57e-02 | BC=1.01e-03 | 
IC_n=4.77e-03 | IC_T=0.00e+00 | dT=0.00e+00 | WP=2.22e+01 | GE=5.40e-04 | 
Amp=0.00e+00 | Total=2.31e+01
  2055.2s | Epoch  6600 | BTE=7.59e-01 | Energy=9.55e-02 | BC=1.20e-03 | 
IC_n=5.53e-03 | IC_T=0.00e+00 | dT=0.00e+00 | WP=2.21e+01 | GE=1.97e-04 | 
Amp=0.00e+00 | Total=2.30e+01
  2117.9s | Epoch  6800 | BTE=7.49e-01 | Energy=9.80e-02 | BC=1.31e-03 | 
IC_n=5.67e-03 | IC_T=0.00e+00 | dT=0.00e+00 | WP=2.21e+01 | GE=1.89e-04 | 
Amp=0.00e+00 | Total=2.29e+01
  2178.4s | Epoch  7000 | BTE=7.24e-01 | Energy=9.91e-02 | BC=1.42e-03 | 
IC_n=5.67e-03 | IC_T=0.00e+00 | dT=0.00e+00 | WP=2.20e+01 | GE=4.51e-04 | 
Amp=0.00e+00 | Total=2.28e+01
  2239.5s | Epoch  7200 | BTE=7.19e-01 | Energy=9.36e-02 | BC=1.41e-03 | 
IC_n=5.12e-03 | IC_T=0.00e+00 | dT=0.00e+00 | WP=2.20e+01 | GE=3.57e-04 | 
Amp=0.00e+00 | Total=2.28e+01
  2301.8s | Epoch  7400 | BTE=6.99e-01 | Energy=9.97e-02 | BC=1.46e-03 | 
IC_n=4.96e-03 | IC_T=0.00e+00 | dT=0.00e+00 | WP=2.19e+01 | GE=1.26e-05 | 
Amp=0.00e+00 | Total=2.27e+01
  2364.0s | Epoch  7600 | BTE=6.85e-01 | Energy=9.48e-02 | BC=1.58e-03 | 
IC_n=5.10e-03 | IC_T=0.00e+00 | dT=0.00e+00 | WP=2.19e+01 | GE=4.83e-04 | 
Amp=0.00e+00 | Total=2.27e+01
  2425.1s | Epoch  7800 | BTE=6.56e-01 | Energy=9.42e-02 | BC=1.80e-03 | 
IC_n=5.79e-03 | IC_T=0.00e+00 | dT=0.00e+00 | WP=2.17e+01 | GE=8.93e-07 | 
Amp=0.00e+00 | Total=2.25e+01
  2486.5s | Epoch  8000 | BTE=6.37e-01 | Energy=9.86e-02 | BC=1.89e-03 | 
IC_n=5.86e-03 | IC_T=0.00e+00 | dT=0.00e+00 | WP=2.17e+01 | GE=6.55e-05 | 
Amp=0.00e+00 | Total=2.24e+01
  2548.6s | Epoch  8200 | BTE=6.22e-01 | Energy=8.90e-02 | BC=1.96e-03 | 
IC_n=5.55e-03 | IC_T=0.00e+00 | dT=0.00e+00 | WP=2.15e+01 | GE=1.80e-05 | 
Amp=0.00e+00 | Total=2.22e+01
  2609.4s | Epoch  8400 | BTE=6.03e-01 | Energy=8.84e-02 | BC=1.95e-03 | 
IC_n=5.15e-03 | IC_T=0.00e+00 | dT=0.00e+00 | WP=2.14e+01 | GE=9.80e-04 | 
Amp=0.00e+00 | Total=2.21e+01
  2669.3s | Epoch  8600 | BTE=5.79e-01 | Energy=9.18e-02 | BC=2.05e-03 | 
IC_n=5.19e-03 | IC_T=0.00e+00 | dT=0.00e+00 | WP=2.13e+01 | GE=6.67e-04 | 
Amp=0.00e+00 | Total=2.19e+01
  2731.2s | Epoch  8800 | BTE=5.67e-01 | Energy=1.02e-01 | BC=2.16e-03 | 
IC_n=5.11e-03 | IC_T=0.00e+00 | dT=0.00e+00 | WP=2.12e+01 | GE=4.04e-04 | 
Amp=0.00e+00 | Total=2.18e+01
  2793.2s | Epoch  9000 | BTE=5.34e-01 | Energy=8.59e-02 | BC=2.27e-03 | 
IC_n=5.34e-03 | IC_T=0.00e+00 | dT=0.00e+00 | WP=2.10e+01 | GE=5.88e-04 | 
Amp=0.00e+00 | Total=2.16e+01
  2854.5s | Epoch  9200 | BTE=5.43e-01 | Energy=9.92e-02 | BC=2.18e-03 | 
IC_n=4.86e-03 | IC_T=0.00e+00 | dT=0.00e+00 | WP=2.08e+01 | GE=5.19e-04 | 
Amp=0.00e+00 | Total=2.14e+01
  2915.0s | Epoch  9400 | BTE=5.02e-01 | Energy=8.35e-02 | BC=2.44e-03 | 
IC_n=5.40e-03 | IC_T=0.00e+00 | dT=0.00e+00 | WP=2.06e+01 | GE=1.67e-04 | 
Amp=0.00e+00 | Total=2.12e+01
  2976.8s | Epoch  9600 | BTE=4.85e-01 | Energy=8.57e-02 | BC=2.45e-03 | 
IC_n=5.22e-03 | IC_T=0.00e+00 | dT=0.00e+00 | WP=2.05e+01 | GE=6.64e-04 | 
Amp=0.00e+00 | Total=2.11e+01
  3038.8s | Epoch  9800 | BTE=4.78e-01 | Energy=8.75e-02 | BC=2.46e-03 | 
IC_n=5.16e-03 | IC_T=0.00e+00 | dT=0.00e+00 | WP=2.03e+01 | GE=1.09e-03 | 
Amp=0.00e+00 | Total=2.09e+01
  3099.8s | Epoch 10000 | BTE=4.57e-01 | Energy=8.34e-02 | BC=2.65e-03 | 
IC_n=5.50e-03 | IC_T=0.00e+00 | dT=0.00e+00 | WP=2.02e+01 | GE=4.50e-04 | 
Amp=0.00e+00 | Total=2.07e+01
  3160.7s | Epoch 10200 | BTE=4.50e-01 | Energy=8.14e-02 | BC=2.63e-03 | 
IC_n=5.13e-03 | IC_T=0.00e+00 | dT=0.00e+00 | WP=2.00e+01 | GE=1.33e-03 | 
Amp=0.00e+00 | Total=2.06e+01
  3221.3s | Epoch 10400 | BTE=4.44e-01 | Energy=8.58e-02 | BC=2.62e-03 | 
IC_n=5.01e-03 | IC_T=0.00e+00 | dT=0.00e+00 | WP=1.99e+01 | GE=6.83e-05 | 
Amp=0.00e+00 | Total=2.04e+01
  3282.7s | Epoch 10600 | BTE=4.28e-01 | Energy=7.90e-02 | BC=2.75e-03 | 
IC_n=5.22e-03 | IC_T=0.00e+00 | dT=0.00e+00 | WP=1.98e+01 | GE=2.73e-04 | 
Amp=0.00e+00 | Total=2.03e+01
  3344.0s | Epoch 10800 | BTE=4.21e-01 | Energy=8.01e-02 | BC=2.81e-03 | 
IC_n=5.26e-03 | IC_T=0.00e+00 | dT=0.00e+00 | WP=1.96e+01 | GE=2.64e-04 | 
Amp=0.00e+00 | Total=2.01e+01
  3405.2s | Epoch 11000 | BTE=4.07e-01 | Energy=7.64e-02 | BC=2.92e-03 | 
IC_n=5.48e-03 | IC_T=0.00e+00 | dT=0.00e+00 | WP=1.95e+01 | GE=6.92e-04 | 
Amp=0.00e+00 | Total=2.00e+01
  3467.9s | Epoch 11200 | BTE=4.05e-01 | Energy=7.81e-02 | BC=2.97e-03 | 
IC_n=5.30e-03 | IC_T=0.00e+00 | dT=0.00e+00 | WP=1.94e+01 | GE=4.80e-05 | 
Amp=0.00e+00 | Total=1.99e+01
  3530.0s | Epoch 11400 | BTE=3.94e-01 | Energy=7.28e-02 | BC=3.07e-03 | 
IC_n=5.30e-03 | IC_T=0.00e+00 | dT=0.00e+00 | WP=1.92e+01 | GE=2.88e-04 | 
Amp=0.00e+00 | Total=1.97e+01
  3591.7s | Epoch 11600 | BTE=3.88e-01 | Energy=7.21e-02 | BC=3.09e-03 | 
IC_n=5.37e-03 | IC_T=0.00e+00 | dT=0.00e+00 | WP=1.91e+01 | GE=1.38e-05 | 
Amp=0.00e+00 | Total=1.96e+01
  3653.4s | Epoch 11800 | BTE=3.78e-01 | Energy=7.33e-02 | BC=3.17e-03 | 
IC_n=5.43e-03 | IC_T=0.00e+00 | dT=0.00e+00 | WP=1.90e+01 | GE=9.30e-04 | 
Amp=0.00e+00 | Total=1.94e+01
  3715.4s | Epoch 12000 | BTE=3.78e-01 | Energy=7.03e-02 | BC=3.17e-03 | 
IC_n=5.39e-03 | IC_T=0.00e+00 | dT=0.00e+00 | WP=1.88e+01 | GE=4.11e-07 | 
Amp=0.00e+00 | Total=1.93e+01
  3776.7s | Epoch 12200 | BTE=3.72e-01 | Energy=7.00e-02 | BC=3.29e-03 | 
IC_n=5.56e-03 | IC_T=0.00e+00 | dT=0.00e+00 | WP=1.87e+01 | GE=3.71e-04 | 
Amp=0.00e+00 | Total=1.92e+01
  3837.6s | Epoch 12400 | BTE=3.68e-01 | Energy=6.60e-02 | BC=3.28e-03 | 
IC_n=5.39e-03 | IC_T=0.00e+00 | dT=0.00e+00 | WP=1.86e+01 | GE=2.01e-08 | 
Amp=0.00e+00 | Total=1.91e+01
  3898.8s | Epoch 12600 | BTE=3.56e-01 | Energy=6.58e-02 | BC=3.35e-03 | 
IC_n=5.47e-03 | IC_T=0.00e+00 | dT=0.00e+00 | WP=1.85e+01 | GE=1.32e-04 | 
Amp=0.00e+00 | Total=1.90e+01
  3961.5s | Epoch 12800 | BTE=3.51e-01 | Energy=6.66e-02 | BC=3.38e-03 | 
IC_n=5.43e-03 | IC_T=0.00e+00 | dT=0.00e+00 | WP=1.84e+01 | GE=5.40e-04 | 
Amp=0.00e+00 | Total=1.88e+01
  4025.3s | Epoch 13000 | BTE=3.50e-01 | Energy=6.52e-02 | BC=3.42e-03 | 
IC_n=5.47e-03 | IC_T=0.00e+00 | dT=0.00e+00 | WP=1.83e+01 | GE=6.72e-04 | 
Amp=0.00e+00 | Total=1.87e+01
  4086.4s | Epoch 13200 | BTE=3.49e-01 | Energy=6.40e-02 | BC=3.44e-03 | 
IC_n=5.40e-03 | IC_T=0.00e+00 | dT=0.00e+00 | WP=1.83e+01 | GE=2.95e-04 | 
Amp=0.00e+00 | Total=1.87e+01
  4148.1s | Epoch 13400 | BTE=3.46e-01 | Energy=6.50e-02 | BC=3.47e-03 | 
IC_n=5.47e-03 | IC_T=0.00e+00 | dT=0.00e+00 | WP=1.82e+01 | GE=1.95e-04 | 
Amp=0.00e+00 | Total=1.86e+01
  4210.5s | Epoch 13600 | BTE=3.49e-01 | Energy=6.22e-02 | BC=3.50e-03 | 
IC_n=5.50e-03 | IC_T=0.00e+00 | dT=0.00e+00 | WP=1.81e+01 | GE=1.24e-04 | 
Amp=0.00e+00 | Total=1.85e+01
  4272.4s | Epoch 13800 | BTE=3.41e-01 | Energy=6.30e-02 | BC=3.50e-03 | 
IC_n=5.51e-03 | IC_T=0.00e+00 | dT=0.00e+00 | WP=1.81e+01 | GE=1.26e-04 | 
Amp=0.00e+00 | Total=1.85e+01
  4333.5s | Epoch 14000 | BTE=3.39e-01 | Energy=6.07e-02 | BC=3.50e-03 | 
IC_n=5.53e-03 | IC_T=0.00e+00 | dT=0.00e+00 | WP=1.81e+01 | GE=1.60e-05 | 
Amp=0.00e+00 | Total=1.85e+01
  4395.5s | Epoch 14200 | BTE=3.45e-01 | Energy=6.37e-02 | BC=3.52e-03 | 
IC_n=5.60e-03 | IC_T=0.00e+00 | dT=0.00e+00 | WP=1.80e+01 | GE=4.67e-04 | 
Amp=0.00e+00 | Total=1.85e+01
  4456.6s | Epoch 14400 | BTE=3.37e-01 | Energy=6.20e-02 | BC=3.49e-03 | 
IC_n=5.52e-03 | IC_T=0.00e+00 | dT=0.00e+00 | WP=1.80e+01 | GE=3.98e-04 | 
Amp=0.00e+00 | Total=1.84e+01
  4518.0s | Epoch 14600 | BTE=3.42e-01 | Energy=6.28e-02 | BC=3.52e-03 | 
IC_n=5.56e-03 | IC_T=0.00e+00 | dT=0.00e+00 | WP=1.80e+01 | GE=2.34e-04 | 
Amp=0.00e+00 | Total=1.84e+01
  4580.5s | Epoch 14800 | BTE=3.40e-01 | Energy=6.11e-02 | BC=3.51e-03 | 
IC_n=5.51e-03 | IC_T=0.00e+00 | dT=0.00e+00 | WP=1.80e+01 | GE=2.32e-04 | 
Amp=0.00e+00 | Total=1.84e+01
╭───────────────────────────── Training Complete ──────────────────────────────╮
│   Time      4641.78s                                                         │
│   Output    runs/transient/1d_nongray_large_dt_0.01um_100K/20260707_124826   │
│   Saved     net_T_20260707_124826.pt                                         │
│   Saved     net_n_20260707_124826.pt                                         │
│   Saved     net_beta_20260707_124826.pt                                      │
╰──────────────────────────────────────────────────────────────────────────────╯
Results saved to: 
runs/transient/1d_nongray_large_dt_0.01um_100K/20260707_124826/20260707_124826_r
esults.npz
  Generating visualizations...
  Amplitude: A(0)=50.0000, A(end)=36.4601 (27.1% decay)
  Energy drift: 0.4565
  ⚠ Drift: mean(T)=0.457
  Saved: 
runs/transient/1d_nongray_large_dt_0.01um_100K/20260707_124826/amplitude_decay_2
0260707_124826.png

Done!
