[spectral-pn] case: L=0.1 um, Nk=20, L_max=16, run=20260910_182138
[spectral-pn] window t_end=2.330e-10 s (34.6 tau_ref), gamma_dom=3.0045e+10 Hz
[spectral-pn] window mode=n_decay rule=n_decay (t_1% at 0.01*A0: nan s; n_dec=7/gamma_dom: 2.3298e-10 s)
  epoch      0  residual 2.014e-02
  epoch    250  residual 3.905e-04
  epoch    500  residual 1.960e-04
  epoch    750  residual 1.474e-04
  epoch   1000  residual 1.273e-04
  epoch   1250  residual 1.098e-04
  epoch   1500  residual 9.910e-05
  epoch   1750  residual 9.206e-05
  epoch   2000  residual 8.264e-05
  epoch   2250  residual 7.715e-05
  epoch   2500  residual 7.318e-05
  epoch   2750  residual 7.150e-05
  epoch   3000  residual 6.577e-05
  epoch   3250  residual 6.135e-05
  epoch   3500  residual 5.837e-05
  epoch   3750  residual 5.547e-05
  epoch   4000  residual 5.338e-05
  epoch   4250  residual 5.284e-05
  epoch   4500  residual 4.995e-05
  epoch   4750  residual 5.029e-05
  epoch   5000  residual 5.258e-05
  epoch   5250  residual 4.677e-05
  epoch   5500  residual 4.514e-05
  epoch   5750  residual 4.452e-05
  epoch   6000  residual 4.284e-05
  epoch   6250  residual 4.175e-05
  epoch   6500  residual 4.067e-05
  epoch   6750  residual 3.972e-05
  epoch   7000  residual 4.025e-05
  epoch   7250  residual 3.829e-05
  epoch   7500  residual 3.725e-05
  epoch   7750  residual 3.636e-05
  epoch   8000  residual 3.751e-05
  epoch   8250  residual 3.474e-05
  epoch   8500  residual 4.108e-05
  epoch   8750  residual 3.407e-05
  epoch   9000  residual 3.284e-05
  epoch   9250  residual 3.296e-05
  epoch   9500  residual 3.229e-05
  epoch   9750  residual 3.129e-05
  epoch  10000  residual 3.422e-05
  epoch  10250  residual 3.006e-05
  epoch  10500  residual 2.984e-05
  epoch  10750  residual 3.025e-05
  epoch  11000  residual 3.016e-05
  epoch  11250  residual 3.033e-05
  epoch  11500  residual 2.787e-05
  epoch  11750  residual 2.836e-05
  epoch  12000  residual 2.743e-05
  epoch  12250  residual 2.698e-05
  epoch  12500  residual 2.641e-05
  epoch  12750  residual 2.907e-05
  epoch  13000  residual 2.572e-05
  epoch  13250  residual 2.537e-05
  epoch  13500  residual 2.684e-05
  epoch  13750  residual 2.473e-05
  epoch  14000  residual 2.970e-05
  epoch  14250  residual 2.730e-05
  epoch  14500  residual 2.428e-05
  epoch  14750  residual 2.361e-05
  epoch  15000  residual 2.337e-05
  epoch  15250  residual 2.347e-05
  epoch  15500  residual 2.318e-05
  epoch  15750  residual 2.310e-05
  epoch  16000  residual 2.248e-05
  epoch  16250  residual 2.227e-05
  epoch  16500  residual 2.208e-05
  epoch  16750  residual 2.189e-05
  epoch  17000  residual 2.170e-05
  epoch  17250  residual 2.153e-05
  epoch  17500  residual 2.144e-05
  epoch  17750  residual 2.121e-05
  epoch  18000  residual 2.105e-05
  epoch  18250  residual 2.091e-05
  epoch  18500  residual 2.078e-05
  epoch  18750  residual 2.063e-05
  epoch  19000  residual 2.050e-05
  epoch  19250  residual 2.037e-05
  epoch  19500  residual 2.025e-05
  epoch  19750  residual 2.014e-05
  epoch  19999  residual 2.002e-05
  [gamma] epoch      0  gamma_ratio 0.1593  residual 2.014e-02
  [gamma] epoch    250  gamma_ratio 0.3205  residual 3.905e-04
  [gamma] epoch    500  gamma_ratio 0.2608  residual 1.960e-04
  [gamma] epoch    750  gamma_ratio 0.2125  residual 1.474e-04
  [gamma] epoch   1000  gamma_ratio 0.1946  residual 1.273e-04
  [gamma] epoch   1250  gamma_ratio 0.1896  residual 1.098e-04
  [gamma] epoch   1500  gamma_ratio 0.1873  residual 9.910e-05
  [gamma] epoch   1750  gamma_ratio 0.1859  residual 9.206e-05
  [gamma] epoch   2000  gamma_ratio 0.1862  residual 8.264e-05
  [gamma] epoch   2250  gamma_ratio 0.1868  residual 7.715e-05
  [gamma] epoch   2500  gamma_ratio 0.1878  residual 7.318e-05
  [gamma] epoch   2750  gamma_ratio 0.1894  residual 7.150e-05
  [gamma] epoch   3000  gamma_ratio 0.1928  residual 6.577e-05
  [gamma] epoch   3250  gamma_ratio 0.1969  residual 6.135e-05
  [gamma] epoch   3500  gamma_ratio 0.2012  residual 5.837e-05
  [gamma] epoch   3750  gamma_ratio 0.2055  residual 5.547e-05
  [gamma] epoch   4000  gamma_ratio 0.2109  residual 5.338e-05
  [gamma] epoch   4250  gamma_ratio 0.2171  residual 5.284e-05
  [gamma] epoch   4500  gamma_ratio 0.2240  residual 4.995e-05
  [gamma] epoch   4750  gamma_ratio 0.2326  residual 5.029e-05
  [gamma] epoch   5000  gamma_ratio 0.2429  residual 5.258e-05
  [gamma] epoch   5250  gamma_ratio 0.2525  residual 4.677e-05
  [gamma] epoch   5500  gamma_ratio 0.2626  residual 4.514e-05
  [gamma] epoch   5750  gamma_ratio 0.2744  residual 4.452e-05
  [gamma] epoch   6000  gamma_ratio 0.2852  residual 4.284e-05
  [gamma] epoch   6250  gamma_ratio 0.2966  residual 4.175e-05
  [gamma] epoch   6500  gamma_ratio 0.3079  residual 4.067e-05
  [gamma] epoch   6750  gamma_ratio 0.3189  residual 3.972e-05
  [gamma] epoch   7000  gamma_ratio 0.3310  residual 4.025e-05
  [gamma] epoch   7250  gamma_ratio 0.3413  residual 3.829e-05
  [gamma] epoch   7500  gamma_ratio 0.3540  residual 3.725e-05
  [gamma] epoch   7750  gamma_ratio 0.3660  residual 3.636e-05
  [gamma] epoch   8000  gamma_ratio 0.3765  residual 3.751e-05
  [gamma] epoch   8250  gamma_ratio 0.3884  residual 3.474e-05
  [gamma] epoch   8500  gamma_ratio 0.3989  residual 4.108e-05
  [gamma] epoch   8750  gamma_ratio 0.4115  residual 3.407e-05
  [gamma] epoch   9000  gamma_ratio 0.4223  residual 3.284e-05
  [gamma] epoch   9250  gamma_ratio 0.4324  residual 3.296e-05
  [gamma] epoch   9500  gamma_ratio 0.4446  residual 3.229e-05
  [gamma] epoch   9750  gamma_ratio 0.4526  residual 3.129e-05
  [gamma] epoch  10000  gamma_ratio 0.4633  residual 3.422e-05
  [gamma] epoch  10250  gamma_ratio 0.4703  residual 3.006e-05
  [gamma] epoch  10500  gamma_ratio 0.4783  residual 2.984e-05
  [gamma] epoch  10750  gamma_ratio 0.4872  residual 3.025e-05
  [gamma] epoch  11000  gamma_ratio 0.4944  residual 3.016e-05
  [gamma] epoch  11250  gamma_ratio 0.4993  residual 3.033e-05
  [gamma] epoch  11500  gamma_ratio 0.5070  residual 2.787e-05
  [gamma] epoch  11750  gamma_ratio 0.5140  residual 2.836e-05
  [gamma] epoch  12000  gamma_ratio 0.5203  residual 2.743e-05
  [gamma] epoch  12250  gamma_ratio 0.5259  residual 2.698e-05
  [gamma] epoch  12500  gamma_ratio 0.5306  residual 2.641e-05
  [gamma] epoch  12750  gamma_ratio 0.5369  residual 2.907e-05
  [gamma] epoch  13000  gamma_ratio 0.5433  residual 2.572e-05
  [gamma] epoch  13250  gamma_ratio 0.5478  residual 2.537e-05
  [gamma] epoch  13500  gamma_ratio 0.5522  residual 2.684e-05
  [gamma] epoch  13750  gamma_ratio 0.5583  residual 2.473e-05
  [gamma] epoch  14000  gamma_ratio 0.5612  residual 2.970e-05
  [gamma] epoch  14250  gamma_ratio 0.5666  residual 2.730e-05
  [gamma] epoch  14500  gamma_ratio 0.5713  residual 2.428e-05
  [gamma] epoch  14750  gamma_ratio 0.5751  residual 2.361e-05
  [gamma] epoch  15000  gamma_ratio 0.5790  residual 2.337e-05
  [gamma] epoch  15250  gamma_ratio 0.5826  residual 2.347e-05
  [gamma] epoch  15500  gamma_ratio 0.5858  residual 2.318e-05
  [gamma] epoch  15750  gamma_ratio 0.5890  residual 2.310e-05
  [gamma] epoch  16000  gamma_ratio 0.5921  residual 2.248e-05
  [gamma] epoch  16250  gamma_ratio 0.5951  residual 2.227e-05
  [gamma] epoch  16500  gamma_ratio 0.5978  residual 2.208e-05
  [gamma] epoch  16750  gamma_ratio 0.6005  residual 2.189e-05
  [gamma] epoch  17000  gamma_ratio 0.6029  residual 2.170e-05
  [gamma] epoch  17250  gamma_ratio 0.6056  residual 2.153e-05
  [gamma] epoch  17500  gamma_ratio 0.6081  residual 2.144e-05
  [gamma] epoch  17750  gamma_ratio 0.6101  residual 2.121e-05
  [gamma] epoch  18000  gamma_ratio 0.6124  residual 2.105e-05
  [gamma] epoch  18250  gamma_ratio 0.6146  residual 2.091e-05
  [gamma] epoch  18500  gamma_ratio 0.6166  residual 2.078e-05
  [gamma] epoch  18750  gamma_ratio 0.6186  residual 2.063e-05
  [gamma] epoch  19000  gamma_ratio 0.6206  residual 2.050e-05
  [gamma] epoch  19250  gamma_ratio 0.6224  residual 2.037e-05
  [gamma] epoch  19500  gamma_ratio 0.6243  residual 2.025e-05
  [gamma] epoch  19750  gamma_ratio 0.6261  residual 2.014e-05
  [gamma] epoch  19999  gamma_ratio 0.6278  residual 2.002e-05
  [shape] epoch      0  rmse=0.7851  max_abs_dA=0.8831  int_signed_dA=1.754e-10  int_abs_dA=1.756e-10  A_min=0.8845  max_dA_fwd=-9.255e-06
  [shape] epoch    250  rmse=0.3437  max_abs_dA=0.4206  int_signed_dA=7.045e-11  int_abs_dA=7.524e-11  A_min=0.4101  max_dA_fwd=3.532e-05
  [shape] epoch    500  rmse=0.4457  max_abs_dA=0.5453  int_signed_dA=9.423e-11  int_abs_dA=9.701e-11  A_min=0.5205  max_dA_fwd=4.271e-05
  [shape] epoch    750  rmse=0.5652  max_abs_dA=0.674  int_signed_dA=1.232e-10  int_abs_dA=1.239e-10  A_min=0.6494  max_dA_fwd=3.913e-05
  [shape] epoch   1000  rmse=0.6244  max_abs_dA=0.7284  int_signed_dA=1.376e-10  int_abs_dA=1.378e-10  A_min=0.7183  max_dA_fwd=2.329e-05
  [shape] epoch   1250  rmse=0.6436  max_abs_dA=0.7471  int_signed_dA=1.421e-10  int_abs_dA=1.423e-10  A_min=0.7396  max_dA_fwd=1.834e-05
  [shape] epoch   1500  rmse=0.6534  max_abs_dA=0.7592  int_signed_dA=1.443e-10  int_abs_dA=1.444e-10  A_min=0.7485  max_dA_fwd=1.796e-05
  [shape] epoch   1750  rmse=0.6592  max_abs_dA=0.7647  int_signed_dA=1.456e-10  int_abs_dA=1.457e-10  A_min=0.7543  max_dA_fwd=1.507e-05
  [shape] epoch   2000  rmse=0.658  max_abs_dA=0.7627  int_signed_dA=1.453e-10  int_abs_dA=1.454e-10  A_min=0.7533  max_dA_fwd=1.308e-05
  [shape] epoch   2250  rmse=0.6553  max_abs_dA=0.7584  int_signed_dA=1.447e-10  int_abs_dA=1.448e-10  A_min=0.7515  max_dA_fwd=1.084e-05
  [shape] epoch   2500  rmse=0.6508  max_abs_dA=0.7516  int_signed_dA=1.437e-10  int_abs_dA=1.439e-10  A_min=0.748  max_dA_fwd=7.264e-06
  [shape] epoch   2750  rmse=0.6443  max_abs_dA=0.7424  int_signed_dA=1.422e-10  int_abs_dA=1.424e-10  A_min=0.7426  max_dA_fwd=2.748e-06
  [shape] epoch   3000  rmse=0.6308  max_abs_dA=0.7249  int_signed_dA=1.392e-10  int_abs_dA=1.394e-10  A_min=0.7263  max_dA_fwd=-3.229e-06
  [shape] epoch   3250  rmse=0.6149  max_abs_dA=0.7052  int_signed_dA=1.356e-10  int_abs_dA=1.358e-10  A_min=0.7067  max_dA_fwd=-6.86e-06
  [shape] epoch   3500  rmse=0.599  max_abs_dA=0.686  int_signed_dA=1.32e-10  int_abs_dA=1.322e-10  A_min=0.6874  max_dA_fwd=-9.861e-06
  [shape] epoch   3750  rmse=0.5836  max_abs_dA=0.6679  int_signed_dA=1.285e-10  int_abs_dA=1.287e-10  A_min=0.6689  max_dA_fwd=-1.225e-05
  [shape] epoch   4000  rmse=0.5651  max_abs_dA=0.6466  int_signed_dA=1.244e-10  int_abs_dA=1.246e-10  A_min=0.6471  max_dA_fwd=-1.451e-05
  [shape] epoch   4250  rmse=0.5453  max_abs_dA=0.624  int_signed_dA=1.199e-10  int_abs_dA=1.201e-10  A_min=0.6239  max_dA_fwd=-1.687e-05
  [shape] epoch   4500  rmse=0.5241  max_abs_dA=0.5996  int_signed_dA=1.151e-10  int_abs_dA=1.154e-10  A_min=0.5987  max_dA_fwd=-1.926e-05
  [shape] epoch   4750  rmse=0.4996  max_abs_dA=0.5715  int_signed_dA=1.096e-10  int_abs_dA=1.099e-10  A_min=0.5694  max_dA_fwd=-2.252e-05
  [shape] epoch   5000  rmse=0.4729  max_abs_dA=0.5411  int_signed_dA=1.036e-10  int_abs_dA=1.04e-10  A_min=0.5374  max_dA_fwd=-2.614e-05
  [shape] epoch   5250  rmse=0.4495  max_abs_dA=0.5144  int_signed_dA=9.841e-11  int_abs_dA=9.875e-11  A_min=0.5091  max_dA_fwd=-2.911e-05
  [shape] epoch   5500  rmse=0.4265  max_abs_dA=0.488  int_signed_dA=9.335e-11  int_abs_dA=9.368e-11  A_min=0.4805  max_dA_fwd=-3.302e-05
  [shape] epoch   5750  rmse=0.4019  max_abs_dA=0.4602  int_signed_dA=8.789e-11  int_abs_dA=8.826e-11  A_min=0.4501  max_dA_fwd=-3.722e-05
  [shape] epoch   6000  rmse=0.3808  max_abs_dA=0.4362  int_signed_dA=8.329e-11  int_abs_dA=8.361e-11  A_min=0.4232  max_dA_fwd=-4.115e-05
  [shape] epoch   6250  rmse=0.3604  max_abs_dA=0.4133  int_signed_dA=7.883e-11  int_abs_dA=7.914e-11  A_min=0.3971  max_dA_fwd=-4.514e-05
  [shape] epoch   6500  rmse=0.3414  max_abs_dA=0.3921  int_signed_dA=7.471e-11  int_abs_dA=7.5e-11  A_min=0.3724  max_dA_fwd=-4.908e-05
  [shape] epoch   6750  rmse=0.3242  max_abs_dA=0.3731  int_signed_dA=7.099e-11  int_abs_dA=7.127e-11  A_min=0.3498  max_dA_fwd=-5.286e-05
  [shape] epoch   7000  rmse=0.3066  max_abs_dA=0.3539  int_signed_dA=6.718e-11  int_abs_dA=6.747e-11  A_min=0.3261  max_dA_fwd=-5.734e-05
  [shape] epoch   7250  rmse=0.2923  max_abs_dA=0.3384  int_signed_dA=6.414e-11  int_abs_dA=6.437e-11  A_min=0.3066  max_dA_fwd=-6.076e-05
  [shape] epoch   7500  rmse=0.2763  max_abs_dA=0.3213  int_signed_dA=6.066e-11  int_abs_dA=6.088e-11  A_min=0.2849  max_dA_fwd=-6.457e-05
  [shape] epoch   7750  rmse=0.262  max_abs_dA=0.3064  int_signed_dA=5.758e-11  int_abs_dA=5.779e-11  A_min=0.2649  max_dA_fwd=-6.875e-05
  [shape] epoch   8000  rmse=0.25  max_abs_dA=0.2942  int_signed_dA=5.505e-11  int_abs_dA=5.521e-11  A_min=0.2474  max_dA_fwd=-7.278e-05
  [shape] epoch   8250  rmse=0.2375  max_abs_dA=0.2817  int_signed_dA=5.233e-11  int_abs_dA=5.249e-11  A_min=0.2297  max_dA_fwd=-7.651e-05
  [shape] epoch   8500  rmse=0.227  max_abs_dA=0.2715  int_signed_dA=5.008e-11  int_abs_dA=5.022e-11  A_min=0.2138  max_dA_fwd=-8.046e-05
  [shape] epoch   8750  rmse=0.2154  max_abs_dA=0.2603  int_signed_dA=4.754e-11  int_abs_dA=4.767e-11  A_min=0.1972  max_dA_fwd=-8.385e-05
  [shape] epoch   9000  rmse=0.2059  max_abs_dA=0.2514  int_signed_dA=4.548e-11  int_abs_dA=4.559e-11  A_min=0.1829  max_dA_fwd=-8.714e-05
  [shape] epoch   9250  rmse=0.1975  max_abs_dA=0.2438  int_signed_dA=4.363e-11  int_abs_dA=4.373e-11  A_min=0.1697  max_dA_fwd=-9.037e-05
  [shape] epoch   9500  rmse=0.1881  max_abs_dA=0.235  int_signed_dA=4.151e-11  int_abs_dA=4.162e-11  A_min=0.1564  max_dA_fwd=-9.278e-05
  [shape] epoch   9750  rmse=0.1821  max_abs_dA=0.23  int_signed_dA=4.021e-11  int_abs_dA=4.029e-11  A_min=0.1463  max_dA_fwd=-9.544e-05
  [shape] epoch  10000  rmse=0.1746  max_abs_dA=0.2235  int_signed_dA=3.851e-11  int_abs_dA=3.861e-11  A_min=0.1348  max_dA_fwd=-9.823e-05
  [shape] epoch  10250  rmse=0.1698  max_abs_dA=0.2195  int_signed_dA=3.744e-11  int_abs_dA=3.751e-11  A_min=0.1266  max_dA_fwd=-0.0001001
  [shape] epoch  10500  rmse=0.1645  max_abs_dA=0.2151  int_signed_dA=3.625e-11  int_abs_dA=3.63e-11  A_min=0.1181  max_dA_fwd=-0.000102
  [shape] epoch  10750  rmse=0.1592  max_abs_dA=0.2103  int_signed_dA=3.499e-11  int_abs_dA=3.507e-11  A_min=0.11  max_dA_fwd=-0.0001035
  [shape] epoch  11000  rmse=0.1549  max_abs_dA=0.2069  int_signed_dA=3.399e-11  int_abs_dA=3.405e-11  A_min=0.1026  max_dA_fwd=-0.0001054
  [shape] epoch  11250  rmse=0.152  max_abs_dA=0.2048  int_signed_dA=3.333e-11  int_abs_dA=3.338e-11  A_min=0.0975  max_dA_fwd=-0.0001066
  [shape] epoch  11500  rmse=0.1477  max_abs_dA=0.201  int_signed_dA=3.232e-11  int_abs_dA=3.237e-11  A_min=0.09103  max_dA_fwd=-0.0001075
  [shape] epoch  11750  rmse=0.1441  max_abs_dA=0.1979  int_signed_dA=3.143e-11  int_abs_dA=3.149e-11  A_min=0.08512  max_dA_fwd=-0.0001087
  [shape] epoch  12000  rmse=0.1407  max_abs_dA=0.1948  int_signed_dA=3.065e-11  int_abs_dA=3.069e-11  A_min=0.08013  max_dA_fwd=-0.0001091
  [shape] epoch  12250  rmse=0.1379  max_abs_dA=0.1925  int_signed_dA=2.997e-11  int_abs_dA=3.002e-11  A_min=0.07574  max_dA_fwd=-0.0001098
  [shape] epoch  12500  rmse=0.1356  max_abs_dA=0.1905  int_signed_dA=2.94e-11  int_abs_dA=2.945e-11  A_min=0.07186  max_dA_fwd=-0.0001104
  [shape] epoch  12750  rmse=0.1326  max_abs_dA=0.1878  int_signed_dA=2.867e-11  int_abs_dA=2.872e-11  A_min=0.06764  max_dA_fwd=-0.0001106
  [shape] epoch  13000  rmse=0.1296  max_abs_dA=0.1849  int_signed_dA=2.794e-11  int_abs_dA=2.798e-11  A_min=0.06319  max_dA_fwd=-0.000111
  [shape] epoch  13250  rmse=0.1275  max_abs_dA=0.1831  int_signed_dA=2.744e-11  int_abs_dA=2.748e-11  A_min=0.0601  max_dA_fwd=-0.0001112
  [shape] epoch  13500  rmse=0.1256  max_abs_dA=0.1814  int_signed_dA=2.696e-11  int_abs_dA=2.699e-11  A_min=0.05693  max_dA_fwd=-0.0001116
  [shape] epoch  13750  rmse=0.1229  max_abs_dA=0.1786  int_signed_dA=2.63e-11  int_abs_dA=2.634e-11  A_min=0.05349  max_dA_fwd=-0.0001114
  [shape] epoch  14000  rmse=0.1216  max_abs_dA=0.1777  int_signed_dA=2.598e-11  int_abs_dA=2.601e-11  A_min=0.05084  max_dA_fwd=-0.0001046
  [shape] epoch  14250  rmse=0.1194  max_abs_dA=0.1754  int_signed_dA=2.543e-11  int_abs_dA=2.546e-11  A_min=0.04808  max_dA_fwd=-0.0001117
  [shape] epoch  14500  rmse=0.1174  max_abs_dA=0.1735  int_signed_dA=2.494e-11  int_abs_dA=2.498e-11  A_min=0.04541  max_dA_fwd=-0.0001115
  [shape] epoch  14750  rmse=0.1159  max_abs_dA=0.1719  int_signed_dA=2.456e-11  int_abs_dA=2.46e-11  A_min=0.04331  max_dA_fwd=-0.0001113
  [shape] epoch  15000  rmse=0.1143  max_abs_dA=0.1704  int_signed_dA=2.416e-11  int_abs_dA=2.42e-11  A_min=0.04105  max_dA_fwd=-0.0001112
  [shape] epoch  15250  rmse=0.1129  max_abs_dA=0.169  int_signed_dA=2.381e-11  int_abs_dA=2.385e-11  A_min=0.03912  max_dA_fwd=-0.000111
  [shape] epoch  15500  rmse=0.1116  max_abs_dA=0.1678  int_signed_dA=2.35e-11  int_abs_dA=2.353e-11  A_min=0.03726  max_dA_fwd=-0.000111
  [shape] epoch  15750  rmse=0.1104  max_abs_dA=0.1665  int_signed_dA=2.319e-11  int_abs_dA=2.322e-11  A_min=0.0355  max_dA_fwd=-0.0001108
  [shape] epoch  16000  rmse=0.1093  max_abs_dA=0.1654  int_signed_dA=2.29e-11  int_abs_dA=2.293e-11  A_min=0.03401  max_dA_fwd=-0.0001106
  [shape] epoch  16250  rmse=0.1081  max_abs_dA=0.1643  int_signed_dA=2.262e-11  int_abs_dA=2.265e-11  A_min=0.03243  max_dA_fwd=-0.0001104
  [shape] epoch  16500  rmse=0.1071  max_abs_dA=0.1633  int_signed_dA=2.236e-11  int_abs_dA=2.239e-11  A_min=0.03101  max_dA_fwd=-0.0001103
  [shape] epoch  16750  rmse=0.1062  max_abs_dA=0.1623  int_signed_dA=2.211e-11  int_abs_dA=2.214e-11  A_min=0.02963  max_dA_fwd=-0.0001101
  [shape] epoch  17000  rmse=0.1053  max_abs_dA=0.1614  int_signed_dA=2.189e-11  int_abs_dA=2.192e-11  A_min=0.02839  max_dA_fwd=-0.00011
  [shape] epoch  17250  rmse=0.1044  max_abs_dA=0.1605  int_signed_dA=2.165e-11  int_abs_dA=2.168e-11  A_min=0.02709  max_dA_fwd=-0.0001098
  [shape] epoch  17500  rmse=0.1035  max_abs_dA=0.1596  int_signed_dA=2.142e-11  int_abs_dA=2.145e-11  A_min=0.02588  max_dA_fwd=-0.0001096
  [shape] epoch  17750  rmse=0.1028  max_abs_dA=0.1589  int_signed_dA=2.124e-11  int_abs_dA=2.127e-11  A_min=0.02485  max_dA_fwd=-0.0001095
  [shape] epoch  18000  rmse=0.102  max_abs_dA=0.1581  int_signed_dA=2.104e-11  int_abs_dA=2.106e-11  A_min=0.02375  max_dA_fwd=-0.0001093
  [shape] epoch  18250  rmse=0.1013  max_abs_dA=0.1574  int_signed_dA=2.085e-11  int_abs_dA=2.087e-11  A_min=0.02273  max_dA_fwd=-0.0001092
  [shape] epoch  18500  rmse=0.1006  max_abs_dA=0.1567  int_signed_dA=2.066e-11  int_abs_dA=2.069e-11  A_min=0.02174  max_dA_fwd=-0.000109
  [shape] epoch  18750  rmse=0.09992  max_abs_dA=0.156  int_signed_dA=2.049e-11  int_abs_dA=2.052e-11  A_min=0.02087  max_dA_fwd=-0.0001088
  [shape] epoch  19000  rmse=0.09927  max_abs_dA=0.1553  int_signed_dA=2.032e-11  int_abs_dA=2.035e-11  A_min=0.01996  max_dA_fwd=-0.0001087
  [shape] epoch  19250  rmse=0.09865  max_abs_dA=0.1546  int_signed_dA=2.016e-11  int_abs_dA=2.019e-11  A_min=0.01912  max_dA_fwd=-0.0001085
  [shape] epoch  19500  rmse=0.09803  max_abs_dA=0.154  int_signed_dA=2e-11  int_abs_dA=2.002e-11  A_min=0.0183  max_dA_fwd=-0.0001083
  [shape] epoch  19750  rmse=0.09744  max_abs_dA=0.1534  int_signed_dA=1.985e-11  int_abs_dA=1.987e-11  A_min=0.01751  max_dA_fwd=-0.0001081
  [shape] epoch  19999  rmse=0.0969  max_abs_dA=0.1528  int_signed_dA=1.971e-11  int_abs_dA=1.973e-11  A_min=0.01681  max_dA_fwd=-0.000108
[spectral-pn] spn-L0.1-s42: loss 2.014e-02 -> 2.002e-05 (x1006 drop)
[spectral-pn] RMSE=0.0969 max|dA|=0.1528 gamma_eff=1.8888e+10 gamma_ratio=0.6278
[spectral-pn] snapshot=final best_epoch=19999 best_loss=2.002e-05 final_loss=2.002e-05
[spectral-pn-shape] cancel=0.999 int_signed_dA=1.9706e-11 int_abs_dA=1.9728e-11 A_min=1.6806e-02 max_dA_fwd=-1.0795e-04
[spectral-pn] saved: runs/transient/pn_sumrule_adoption/C5_L0.1_plain_lmax16
